PASS rel_l2=2.772e-16 rel_max=4.126e-16 (tol 1e-12) L=1024 B=512
PASS map-chain m=2000: rel_l2=7.811e-13 (anchor 0.000e+00, tol 1.0e-10)
PASS rel_l2=2.772e-16 rel_max=4.126e-16 (tol 1e-12) L=1024 B=512
PASS map-2-step: rel_l2=8.656e-16 (tol 3.0e-14)
PASS rel_l2=2.772e-16 rel_max=4.126e-16 (tol 1e-12) L=1024 B=512
PASS map-chain m=2000: rel_l2=8.291e-13 (anchor 0.000e+00, tol 1.0e-10)
PASS rel_l2=2.772e-16 rel_max=4.126e-16 (tol 1e-12) L=1024 B=512
PASS map-2-step: rel_l2=8.657e-16 (tol 3.0e-14)
PASS rel_l2=2.791e-16 rel_max=3.941e-16 (tol 1e-12) L=1024 B=512
PASS map-chain m=2000: rel_l2=7.493e-13 (anchor 0.000e+00, tol 1.0e-10)
PASS rel_l2=2.791e-16 rel_max=3.941e-16 (tol 1e-12) L=1024 B=512
PASS map-2-step: rel_l2=8.692e-16 (tol 3.0e-14)
PASS rel_l2=2.791e-16 rel_max=3.941e-16 (tol 1e-12) L=1024 B=512
PASS map-chain m=2000: rel_l2=8.291e-13 (anchor 0.000e+00, tol 1.0e-10)
PASS rel_l2=2.791e-16 rel_max=3.941e-16 (tol 1e-12) L=1024 B=512
PASS map-2-step: rel_l2=8.657e-16 (tol 3.0e-14)
PASS rel_l2=2.626e-16 rel_max=3.719e-16 (tol 1e-12) L=1024 B=512
PASS map-chain m=2000: rel_l2=6.209e-13 (anchor 0.000e+00, tol 1.0e-10)
PASS rel_l2=2.626e-16 rel_max=3.719e-16 (tol 1e-12) L=1024 B=512
PASS map-2-step: rel_l2=8.521e-16 (tol 3.0e-14)
PASS rel_l2=2.843e-16 rel_max=4.850e-16 (tol 1e-12) L=1024 B=512
PASS map-chain m=2000: rel_l2=8.039e-13 (anchor 0.000e+00, tol 1.0e-10)
PASS rel_l2=2.843e-16 rel_max=4.850e-16 (tol 1e-12) L=1024 B=512
PASS map-2-step: rel_l2=8.885e-16 (tol 3.0e-14)
PASS rel_l2=2.672e-16 rel_max=4.625e-16 (tol 1e-12) L=1024 B=512
PASS map-chain m=2000: rel_l2=7.802e-13 (anchor 0.000e+00, tol 1.0e-10)
PASS rel_l2=2.672e-16 rel_max=4.625e-16 (tol 1e-12) L=1024 B=512
PASS map-2-step: rel_l2=8.486e-16 (tol 3.0e-14)
PASS rel_l2=2.739e-16 rel_max=4.648e-16 (tol 1e-12) L=1024 B=512
PASS map-chain m=2000: rel_l2=9.406e-13 (anchor 0.000e+00, tol 1.0e-10)
PASS rel_l2=2.702e-16 rel_max=4.625e-16 (tol 1e-12) L=1024 B=512
PASS map-2-step: rel_l2=8.588e-16 (tol 3.0e-14)
PASS rel_l2=2.755e-16 rel_max=4.618e-16 (tol 1e-12) L=1024 B=512
PASS map-chain m=2000: rel_l2=7.830e-13 (anchor 0.000e+00, tol 1.0e-10)
PASS rel_l2=2.755e-16 rel_max=4.618e-16 (tol 1e-12) L=1024 B=512
PASS map-2-step: rel_l2=8.659e-16 (tol 3.0e-14)
PASS rel_l2=1.034e-15 rel_max=1.193e-15 (tol 1e-12) L=100003 B=8
PASS rel_l2=1.004e-15 rel_max=1.122e-15 (tol 1e-12) L=100003 B=8
PASS rel_l2=1.034e-15 rel_max=1.193e-15 (tol 1e-12) L=100003 B=8
PASS rel_l2=9.124e-16 rel_max=9.169e-16 (tol 1e-12) L=100003 B=8
PASS rel_l2=9.044e-16 rel_max=9.076e-16 (tol 1e-12) L=100003 B=8
PASS rel_l2=9.033e-16 rel_max=1.023e-15 (tol 1e-12) L=100003 B=8
PASS rel_l2=8.816e-16 rel_max=9.587e-16 (tol 1e-12) L=100003 B=8
PASS rel_l2=1.088e-15 rel_max=1.322e-15 (tol 1e-12) L=65537 B=16
PASS rel_l2=1.238e-15 rel_max=1.596e-15 (tol 1e-12) L=65537 B=16
PASS rel_l2=1.369e-15 rel_max=1.456e-15 (tol 1e-12) L=65537 B=16
PASS rel_l2=1.369e-15 rel_max=1.456e-15 (tol 1e-12) L=65537 B=16
PASS rel_l2=1.203e-15 rel_max=1.408e-15 (tol 1e-12) L=65537 B=16
PASS rel_l2=1.213e-15 rel_max=1.506e-15 (tol 1e-12) L=65537 B=16
PASS rel_l2=1.204e-15 rel_max=1.574e-15 (tol 1e-12) L=65537 B=16
PASS rel_l2=1.020e-15 rel_max=1.364e-15 (tol 1e-12) L=65537 B=16
PASS rel_l2=3.353e-16 rel_max=3.671e-16 (tol 1e-12) L=16384 B=64
PASS map-chain m=150: rel_l2=2.152e-14 (anchor 0.000e+00, tol 1.0e-10)
PASS rel_l2=3.353e-16 rel_max=3.671e-16 (tol 1e-12) L=16384 B=64
PASS map-2-step: rel_l2=1.449e-15 (tol 3.0e-14)
PASS rel_l2=3.372e-16 rel_max=4.125e-16 (tol 1e-12) L=16384 B=64
PASS map-chain m=150: rel_l2=2.111e-14 (anchor 0.000e+00, tol 1.0e-10)
PASS rel_l2=3.372e-16 rel_max=4.125e-16 (tol 1e-12) L=16384 B=64
PASS map-2-step: rel_l2=1.414e-15 (tol 3.0e-14)
PASS rel_l2=3.410e-16 rel_max=4.104e-16 (tol 1e-12) L=16384 B=64
PASS map-chain m=150: rel_l2=2.295e-14 (anchor 0.000e+00, tol 1.0e-10)
PASS rel_l2=3.410e-16 rel_max=4.104e-16 (tol 1e-12) L=16384 B=64
PASS map-2-step: rel_l2=1.479e-15 (tol 3.0e-14)
PASS rel_l2=3.364e-16 rel_max=3.694e-16 (tol 1e-12) L=16384 B=64
PASS map-chain m=150: rel_l2=2.295e-14 (anchor 0.000e+00, tol 1.0e-10)
PASS rel_l2=3.364e-16 rel_max=3.694e-16 (tol 1e-12) L=16384 B=64
PASS map-2-step: rel_l2=1.479e-15 (tol 3.0e-14)
PASS rel_l2=3.364e-16 rel_max=3.694e-16 (tol 1e-12) L=16384 B=64
PASS map-chain m=150: rel_l2=2.284e-14 (anchor 0.000e+00, tol 1.0e-10)
PASS rel_l2=3.364e-16 rel_max=3.694e-16 (tol 1e-12) L=16384 B=64
PASS map-2-step: rel_l2=1.466e-15 (tol 3.0e-14)
PASS rel_l2=3.504e-16 rel_max=4.125e-16 (tol 1e-12) L=16384 B=64
PASS map-chain m=150: rel_l2=2.435e-14 (anchor 0.000e+00, tol 1.0e-10)
PASS rel_l2=3.504e-16 rel_max=4.125e-16 (tol 1e-12) L=16384 B=64
PASS map-2-step: rel_l2=1.500e-15 (tol 3.0e-14)
PASS rel_l2=3.400e-16 rel_max=4.296e-16 (tol 1e-12) L=16384 B=64
PASS map-chain m=150: rel_l2=2.308e-14 (anchor 0.000e+00, tol 1.0e-10)
PASS rel_l2=3.476e-16 rel_max=3.872e-16 (tol 1e-12) L=16384 B=64
PASS map-2-step: rel_l2=1.480e-15 (tol 3.0e-14)
PASS rel_l2=3.487e-16 rel_max=4.231e-16 (tol 1e-12) L=16384 B=64
PASS map-chain m=150: rel_l2=2.285e-14 (anchor 0.000e+00, tol 1.0e-10)
PASS rel_l2=3.483e-16 rel_max=3.872e-16 (tol 1e-12) L=16384 B=64
PASS map-2-step: rel_l2=1.481e-15 (tol 3.0e-14)
PASS rel_l2=3.360e-16 rel_max=3.671e-16 (tol 1e-12) L=16384 B=64
PASS map-chain m=150: rel_l2=2.163e-14 (anchor 0.000e+00, tol 1.0e-10)
PASS rel_l2=3.360e-16 rel_max=3.671e-16 (tol 1e-12) L=16384 B=64
PASS map-2-step: rel_l2=1.417e-15 (tol 3.0e-14)
PASS rel_l2=7.127e-16 rel_max=7.823e-16 (tol 1e-12) L=10007 B=64
PASS map-chain m=80: rel_l2=3.493e-14 (anchor 3.194e-14, tol 1.0e-10)
PASS rel_l2=7.127e-16 rel_max=7.823e-16 (tol 1e-12) L=10007 B=64
PASS map-2-step: rel_l2=2.930e-15 (tol 3.0e-14)
PASS rel_l2=7.127e-16 rel_max=7.823e-16 (tol 1e-12) L=10007 B=64
PASS map-chain m=80: rel_l2=3.461e-14 (anchor 3.194e-14, tol 1.0e-10)
PASS rel_l2=7.127e-16 rel_max=7.823e-16 (tol 1e-12) L=10007 B=64
PASS map-2-step: rel_l2=2.923e-15 (tol 3.0e-14)
PASS rel_l2=7.127e-16 rel_max=7.823e-16 (tol 1e-12) L=10007 B=64
PASS map-chain m=80: rel_l2=3.461e-14 (anchor 3.194e-14, tol 1.0e-10)
PASS rel_l2=7.127e-16 rel_max=7.823e-16 (tol 1e-12) L=10007 B=64
PASS map-2-step: rel_l2=2.923e-15 (tol 3.0e-14)
PASS rel_l2=8.493e-16 rel_max=9.192e-16 (tol 1e-12) L=10007 B=64
PASS map-chain m=80: rel_l2=4.344e-14 (anchor 3.194e-14, tol 1.0e-10)
PASS rel_l2=8.493e-16 rel_max=9.192e-16 (tol 1e-12) L=10007 B=64
PASS map-2-step: rel_l2=3.195e-15 (tol 3.0e-14)
PASS rel_l2=8.013e-16 rel_max=8.383e-16 (tol 1e-12) L=10007 B=64
PASS map-chain m=80: rel_l2=3.698e-14 (anchor 3.194e-14, tol 1.0e-10)
PASS rel_l2=8.013e-16 rel_max=8.383e-16 (tol 1e-12) L=10007 B=64
PASS map-2-step: rel_l2=3.050e-15 (tol 3.0e-14)
PASS rel_l2=8.013e-16 rel_max=8.383e-16 (tol 1e-12) L=10007 B=64
PASS map-chain m=80: rel_l2=3.698e-14 (anchor 3.194e-14, tol 1.0e-10)
PASS rel_l2=8.166e-16 rel_max=8.987e-16 (tol 1e-12) L=10007 B=64
PASS map-2-step: rel_l2=3.089e-15 (tol 3.0e-14)
PASS rel_l2=6.755e-16 rel_max=7.137e-16 (tol 1e-12) L=10007 B=64
PASS map-chain m=80: rel_l2=3.314e-14 (anchor 3.194e-14, tol 1.0e-10)
PASS rel_l2=6.755e-16 rel_max=7.137e-16 (tol 1e-12) L=10007 B=64
PASS map-2-step: rel_l2=2.725e-15 (tol 3.0e-14)
PASS rel_l2=1.034e-15 rel_max=1.193e-15 (tol 1e-12) L=100003 B=8
PASS map-chain m=15: rel_l2=1.464e-14 (anchor 1.292e-14, tol 1.0e-10)
PASS rel_l2=1.034e-15 rel_max=1.193e-15 (tol 1e-12) L=100003 B=8
PASS map-2-step: rel_l2=4.304e-15 (tol 3.0e-14)
PASS rel_l2=1.004e-15 rel_max=1.122e-15 (tol 1e-12) L=100003 B=8
PASS map-chain m=15: rel_l2=1.814e-14 (anchor 1.292e-14, tol 1.0e-10)
PASS rel_l2=1.004e-15 rel_max=1.122e-15 (tol 1e-12) L=100003 B=8
PASS map-2-step: rel_l2=4.665e-15 (tol 3.0e-14)
PASS rel_l2=1.034e-15 rel_max=1.193e-15 (tol 1e-12) L=100003 B=8
PASS map-chain m=15: rel_l2=1.478e-14 (anchor 1.292e-14, tol 1.0e-10)
PASS rel_l2=1.034e-15 rel_max=1.193e-15 (tol 1e-12) L=100003 B=8
PASS map-2-step: rel_l2=4.304e-15 (tol 3.0e-14)
PASS rel_l2=9.124e-16 rel_max=9.169e-16 (tol 1e-12) L=100003 B=8
PASS map-chain m=15: rel_l2=1.620e-14 (anchor 1.292e-14, tol 1.0e-10)
PASS rel_l2=9.124e-16 rel_max=9.169e-16 (tol 1e-12) L=100003 B=8
PASS map-2-step: rel_l2=4.737e-15 (tol 3.0e-14)
PASS rel_l2=9.072e-16 rel_max=9.045e-16 (tol 1e-12) L=100003 B=8
PASS map-chain m=15: rel_l2=1.787e-14 (anchor 1.292e-14, tol 1.0e-10)
PASS rel_l2=9.089e-16 rel_max=9.534e-16 (tol 1e-12) L=100003 B=8
PASS map-2-step: rel_l2=4.876e-15 (tol 3.0e-14)
PASS rel_l2=9.040e-16 rel_max=1.146e-15 (tol 1e-12) L=100003 B=8
PASS map-chain m=15: rel_l2=1.595e-14 (anchor 1.292e-14, tol 1.0e-10)
PASS rel_l2=9.033e-16 rel_max=1.023e-15 (tol 1e-12) L=100003 B=8
PASS map-2-step: rel_l2=4.603e-15 (tol 3.0e-14)
PASS rel_l2=8.816e-16 rel_max=9.587e-16 (tol 1e-12) L=100003 B=8
PASS map-chain m=15: rel_l2=1.469e-14 (anchor 1.292e-14, tol 1.0e-10)
PASS rel_l2=8.816e-16 rel_max=9.587e-16 (tol 1e-12) L=100003 B=8
PASS map-2-step: rel_l2=4.414e-15 (tol 3.0e-14)
Traceback (most recent call last):
  File "/home/lqcd/wdetmold/fft/bench/d1/check.py", line 27, in <module>
    x = np.fromfile(a.input, dtype=np.complex128).reshape(shape)
        ^^^^^^^^^^^^^^^^^^^^^^^^^^^^^^^^^^^^^^^^^
FileNotFoundError: [Errno 2] No such file or directory: 'results/d1_r6/in_L1024_B1.bin'
PASS rel_l2=7.127e-16 rel_max=7.823e-16 (tol 1e-12) L=10007 B=64
PASS rel_l2=7.127e-16 rel_max=7.823e-16 (tol 1e-12) L=10007 B=64
PASS rel_l2=7.127e-16 rel_max=7.823e-16 (tol 1e-12) L=10007 B=64
PASS rel_l2=8.493e-16 rel_max=9.192e-16 (tol 1e-12) L=10007 B=64
PASS rel_l2=7.992e-16 rel_max=1.076e-15 (tol 1e-12) L=10007 B=64
PASS rel_l2=8.013e-16 rel_max=8.383e-16 (tol 1e-12) L=10007 B=64
PASS rel_l2=6.755e-16 rel_max=7.137e-16 (tol 1e-12) L=10007 B=64
PASS rel_l2=1.206e-15 rel_max=2.525e-15 (tol 1e-12) L=1021 B=1
PASS map-chain m=2000: rel_l2=1.102e-12 (anchor 7.761e-13, tol 3.0e-10)
PASS rel_l2=1.206e-15 rel_max=2.525e-15 (tol 1e-12) L=1021 B=1
PASS map-2-step: rel_l2=2.739e-15 (tol 3.0e-14)
PASS rel_l2=5.600e-16 rel_max=6.126e-16 (tol 1e-12) L=1021 B=1
PASS map-chain m=2000: rel_l2=6.074e-13 (anchor 7.761e-13, tol 3.0e-10)
PASS rel_l2=5.600e-16 rel_max=6.126e-16 (tol 1e-12) L=1021 B=1
PASS map-2-step: rel_l2=1.680e-15 (tol 3.0e-14)
PASS rel_l2=6.199e-16 rel_max=6.850e-16 (tol 1e-12) L=1021 B=1
PASS map-chain m=2000: rel_l2=8.522e-13 (anchor 7.761e-13, tol 3.0e-10)
PASS rel_l2=6.199e-16 rel_max=6.850e-16 (tol 1e-12) L=1021 B=1
PASS map-2-step: rel_l2=2.042e-15 (tol 3.0e-14)
PASS rel_l2=1.010e-15 rel_max=1.356e-15 (tol 1e-12) L=1021 B=1
PASS map-chain m=2000: rel_l2=8.522e-13 (anchor 7.761e-13, tol 3.0e-10)
PASS rel_l2=1.010e-15 rel_max=1.356e-15 (tol 1e-12) L=1021 B=1
PASS map-2-step: rel_l2=2.042e-15 (tol 3.0e-14)
PASS rel_l2=1.010e-15 rel_max=1.356e-15 (tol 1e-12) L=1021 B=1
PASS map-chain m=2000: rel_l2=1.266e-12 (anchor 7.761e-13, tol 3.0e-10)
PASS rel_l2=1.010e-15 rel_max=1.356e-15 (tol 1e-12) L=1021 B=1
PASS map-2-step: rel_l2=2.806e-15 (tol 3.0e-14)
PASS rel_l2=5.762e-16 rel_max=6.099e-16 (tol 1e-12) L=1021 B=1
PASS map-chain m=2000: rel_l2=9.780e-13 (anchor 7.761e-13, tol 3.0e-10)
PASS rel_l2=5.762e-16 rel_max=6.099e-16 (tol 1e-12) L=1021 B=1
PASS map-2-step: rel_l2=1.988e-15 (tol 3.0e-14)
PASS rel_l2=5.675e-16 rel_max=6.269e-16 (tol 1e-12) L=1021 B=1
PASS map-chain m=2000: rel_l2=1.040e-12 (anchor 7.761e-13, tol 3.0e-10)
PASS rel_l2=5.675e-16 rel_max=6.269e-16 (tol 1e-12) L=1021 B=1
PASS map-2-step: rel_l2=1.991e-15 (tol 3.0e-14)
PASS rel_l2=5.675e-16 rel_max=6.269e-16 (tol 1e-12) L=1021 B=1
PASS map-chain m=2000: rel_l2=1.040e-12 (anchor 7.761e-13, tol 3.0e-10)
PASS rel_l2=5.675e-16 rel_max=6.269e-16 (tol 1e-12) L=1021 B=1
PASS map-2-step: rel_l2=1.991e-15 (tol 3.0e-14)
PASS rel_l2=5.732e-16 rel_max=6.777e-16 (tol 1e-12) L=1021 B=1
PASS map-chain m=2000: rel_l2=1.088e-12 (anchor 7.761e-13, tol 3.0e-10)
PASS rel_l2=5.732e-16 rel_max=6.777e-16 (tol 1e-12) L=1021 B=1
PASS map-2-step: rel_l2=1.678e-15 (tol 3.0e-14)
PASS rel_l2=2.772e-16 rel_max=4.126e-16 (tol 1e-12) L=1024 B=512
PASS rel_l2=2.772e-16 rel_max=4.126e-16 (tol 1e-12) L=1024 B=512
PASS rel_l2=2.791e-16 rel_max=3.941e-16 (tol 1e-12) L=1024 B=512
PASS rel_l2=2.791e-16 rel_max=3.941e-16 (tol 1e-12) L=1024 B=512
PASS rel_l2=2.626e-16 rel_max=3.719e-16 (tol 1e-12) L=1024 B=512
PASS rel_l2=2.843e-16 rel_max=4.850e-16 (tol 1e-12) L=1024 B=512
PASS rel_l2=2.739e-16 rel_max=4.648e-16 (tol 1e-12) L=1024 B=512
PASS rel_l2=2.739e-16 rel_max=4.648e-16 (tol 1e-12) L=1024 B=512
PASS rel_l2=2.755e-16 rel_max=4.618e-16 (tol 1e-12) L=1024 B=512
PASS rel_l2=4.020e-16 rel_max=6.437e-16 (tol 1e-12) L=64 B=512
PASS map-chain m=500: rel_l2=7.404e-13 (anchor 0.000e+00, tol 1.0e-10)
PASS rel_l2=4.020e-16 rel_max=6.437e-16 (tol 1e-12) L=64 B=512
PASS map-2-step: rel_l2=7.541e-16 (tol 3.0e-14)
PASS rel_l2=1.763e-16 rel_max=2.552e-16 (tol 1e-12) L=64 B=512
PASS map-chain m=500: rel_l2=2.699e-13 (anchor 0.000e+00, tol 1.0e-10)
PASS rel_l2=1.763e-16 rel_max=2.552e-16 (tol 1e-12) L=64 B=512
PASS map-2-step: rel_l2=4.062e-16 (tol 3.0e-14)
PASS rel_l2=1.757e-16 rel_max=2.801e-16 (tol 1e-12) L=64 B=512
PASS map-chain m=500: rel_l2=2.079e-13 (anchor 0.000e+00, tol 1.0e-10)
PASS rel_l2=1.757e-16 rel_max=2.801e-16 (tol 1e-12) L=64 B=512
PASS map-2-step: rel_l2=4.180e-16 (tol 3.0e-14)
PASS rel_l2=1.763e-16 rel_max=2.552e-16 (tol 1e-12) L=64 B=512
PASS map-chain m=500: rel_l2=2.782e-13 (anchor 0.000e+00, tol 1.0e-10)
PASS rel_l2=1.763e-16 rel_max=2.552e-16 (tol 1e-12) L=64 B=512
PASS map-2-step: rel_l2=4.421e-16 (tol 3.0e-14)
PASS rel_l2=1.763e-16 rel_max=2.552e-16 (tol 1e-12) L=64 B=512
PASS map-chain m=500: rel_l2=1.874e-13 (anchor 0.000e+00, tol 1.0e-10)
PASS rel_l2=1.763e-16 rel_max=2.552e-16 (tol 1e-12) L=64 B=512
PASS map-2-step: rel_l2=4.436e-16 (tol 3.0e-14)
PASS rel_l2=1.763e-16 rel_max=2.552e-16 (tol 1e-12) L=64 B=512
PASS map-chain m=500: rel_l2=2.699e-13 (anchor 0.000e+00, tol 1.0e-10)
PASS rel_l2=1.763e-16 rel_max=2.552e-16 (tol 1e-12) L=64 B=512
PASS map-2-step: rel_l2=4.062e-16 (tol 3.0e-14)
PASS rel_l2=1.816e-16 rel_max=3.379e-16 (tol 1e-12) L=64 B=512
PASS map-chain m=500: rel_l2=5.027e-13 (anchor 0.000e+00, tol 1.0e-10)
PASS rel_l2=1.816e-16 rel_max=3.379e-16 (tol 1e-12) L=64 B=512
PASS map-2-step: rel_l2=4.524e-16 (tol 3.0e-14)
PASS rel_l2=1.755e-16 rel_max=3.063e-16 (tol 1e-12) L=64 B=512
PASS map-chain m=500: rel_l2=2.726e-13 (anchor 0.000e+00, tol 1.0e-10)
PASS rel_l2=1.755e-16 rel_max=3.063e-16 (tol 1e-12) L=64 B=512
PASS map-2-step: rel_l2=4.167e-16 (tol 3.0e-14)
PASS rel_l2=1.755e-16 rel_max=3.063e-16 (tol 1e-12) L=64 B=512
PASS map-chain m=500: rel_l2=2.726e-13 (anchor 0.000e+00, tol 1.0e-10)
PASS rel_l2=1.755e-16 rel_max=3.063e-16 (tol 1e-12) L=64 B=512
PASS map-2-step: rel_l2=4.167e-16 (tol 3.0e-14)
PASS rel_l2=1.837e-16 rel_max=2.486e-16 (tol 1e-12) L=64 B=512
PASS map-chain m=500: rel_l2=3.235e-13 (anchor 0.000e+00, tol 1.0e-10)
PASS rel_l2=1.837e-16 rel_max=2.486e-16 (tol 1e-12) L=64 B=512
PASS map-2-step: rel_l2=4.338e-16 (tol 3.0e-14)
PASS rel_l2=1.654e-16 rel_max=2.215e-16 (tol 1e-12) L=64 B=512
PASS map-chain m=500: rel_l2=2.748e-13 (anchor 0.000e+00, tol 1.0e-10)
PASS rel_l2=1.837e-16 rel_max=2.486e-16 (tol 1e-12) L=64 B=512
PASS map-2-step: rel_l2=4.338e-16 (tol 3.0e-14)
PASS rel_l2=1.837e-16 rel_max=2.486e-16 (tol 1e-12) L=64 B=512
PASS map-chain m=500: rel_l2=3.235e-13 (anchor 0.000e+00, tol 1.0e-10)
PASS rel_l2=1.837e-16 rel_max=2.486e-16 (tol 1e-12) L=64 B=512
PASS map-2-step: rel_l2=4.338e-16 (tol 3.0e-14)
PASS rel_l2=1.730e-16 rel_max=3.012e-16 (tol 1e-12) L=64 B=512
PASS map-chain m=500: rel_l2=2.447e-13 (anchor 0.000e+00, tol 1.0e-10)
PASS rel_l2=1.730e-16 rel_max=3.012e-16 (tol 1e-12) L=64 B=512
PASS map-2-step: rel_l2=4.161e-16 (tol 3.0e-14)
PASS rel_l2=4.203e-16 rel_max=5.718e-16 (tol 1e-12) L=31 B=512
PASS map-chain m=1200: rel_l2=1.083e-12 (anchor 7.757e-14, tol 1.0e-10)
PASS rel_l2=4.203e-16 rel_max=5.718e-16 (tol 1e-12) L=31 B=512
PASS map-2-step: rel_l2=8.116e-16 (tol 3.0e-14)
PASS rel_l2=2.090e-16 rel_max=3.096e-16 (tol 1e-12) L=31 B=512
PASS map-chain m=1200: rel_l2=2.198e-12 (anchor 7.757e-14, tol 1.0e-10)
PASS rel_l2=2.090e-16 rel_max=3.096e-16 (tol 1e-12) L=31 B=512
PASS map-2-step: rel_l2=4.435e-16 (tol 3.0e-14)
PASS rel_l2=3.248e-16 rel_max=4.643e-16 (tol 1e-12) L=31 B=512
PASS map-chain m=1200: rel_l2=1.219e-12 (anchor 7.757e-14, tol 1.0e-10)
PASS rel_l2=3.248e-16 rel_max=4.643e-16 (tol 1e-12) L=31 B=512
PASS map-2-step: rel_l2=6.687e-16 (tol 3.0e-14)
PASS rel_l2=2.090e-16 rel_max=3.096e-16 (tol 1e-12) L=31 B=512
PASS map-chain m=1200: rel_l2=3.102e-12 (anchor 7.757e-14, tol 1.0e-10)
PASS rel_l2=2.090e-16 rel_max=3.096e-16 (tol 1e-12) L=31 B=512
PASS map-2-step: rel_l2=4.497e-16 (tol 3.0e-14)
PASS rel_l2=2.892e-16 rel_max=3.688e-16 (tol 1e-12) L=31 B=512
PASS map-chain m=1200: rel_l2=1.083e-11 (anchor 7.757e-14, tol 1.0e-10)
PASS rel_l2=2.892e-16 rel_max=3.688e-16 (tol 1e-12) L=31 B=512
PASS map-2-step: rel_l2=6.727e-16 (tol 3.0e-14)
PASS rel_l2=2.892e-16 rel_max=3.688e-16 (tol 1e-12) L=31 B=512
PASS map-chain m=1200: rel_l2=1.083e-11 (anchor 7.757e-14, tol 1.0e-10)
PASS rel_l2=2.892e-16 rel_max=3.688e-16 (tol 1e-12) L=31 B=512
PASS map-2-step: rel_l2=6.727e-16 (tol 3.0e-14)
PASS rel_l2=2.892e-16 rel_max=3.688e-16 (tol 1e-12) L=31 B=512
PASS map-chain m=1200: rel_l2=4.032e-12 (anchor 7.757e-14, tol 1.0e-10)
PASS rel_l2=2.892e-16 rel_max=3.688e-16 (tol 1e-12) L=31 B=512
PASS map-2-step: rel_l2=7.488e-16 (tol 3.0e-14)
PASS rel_l2=2.589e-16 rel_max=3.207e-16 (tol 1e-12) L=31 B=512
PASS map-chain m=1200: rel_l2=1.334e-12 (anchor 7.757e-14, tol 1.0e-10)
PASS rel_l2=2.589e-16 rel_max=3.207e-16 (tol 1e-12) L=31 B=512
PASS map-2-step: rel_l2=5.238e-16 (tol 3.0e-14)
PASS rel_l2=2.589e-16 rel_max=3.207e-16 (tol 1e-12) L=31 B=512
PASS map-chain m=1200: rel_l2=1.334e-12 (anchor 7.757e-14, tol 1.0e-10)
PASS rel_l2=2.589e-16 rel_max=3.207e-16 (tol 1e-12) L=31 B=512
PASS map-2-step: rel_l2=5.238e-16 (tol 3.0e-14)
PASS rel_l2=2.080e-16 rel_max=3.207e-16 (tol 1e-12) L=31 B=512
PASS map-chain m=1200: rel_l2=1.408e-12 (anchor 7.757e-14, tol 1.0e-10)
PASS rel_l2=2.080e-16 rel_max=3.207e-16 (tol 1e-12) L=31 B=512
PASS map-2-step: rel_l2=4.113e-16 (tol 3.0e-14)
PASS rel_l2=2.080e-16 rel_max=3.207e-16 (tol 1e-12) L=31 B=512
PASS map-chain m=1200: rel_l2=1.408e-12 (anchor 7.757e-14, tol 1.0e-10)
PASS rel_l2=2.080e-16 rel_max=3.207e-16 (tol 1e-12) L=31 B=512
PASS map-2-step: rel_l2=4.113e-16 (tol 3.0e-14)
PASS rel_l2=2.080e-16 rel_max=3.207e-16 (tol 1e-12) L=31 B=512
PASS map-chain m=1200: rel_l2=1.408e-12 (anchor 7.757e-14, tol 1.0e-10)
PASS rel_l2=2.080e-16 rel_max=3.207e-16 (tol 1e-12) L=31 B=512
PASS map-2-step: rel_l2=4.113e-16 (tol 3.0e-14)
PASS rel_l2=2.293e-16 rel_max=3.096e-16 (tol 1e-12) L=31 B=512
PASS map-chain m=1200: rel_l2=5.940e-12 (anchor 7.757e-14, tol 1.0e-10)
PASS rel_l2=2.293e-16 rel_max=3.096e-16 (tol 1e-12) L=31 B=512
PASS map-2-step: rel_l2=4.757e-16 (tol 3.0e-14)
PASS rel_l2=3.375e-16 rel_max=4.901e-16 (tol 1e-12) L=32 B=512
PASS map-chain m=1000: rel_l2=1.484e-12 (anchor 0.000e+00, tol 1.0e-10)
PASS rel_l2=3.375e-16 rel_max=4.901e-16 (tol 1e-12) L=32 B=512
PASS map-2-step: rel_l2=6.123e-16 (tol 3.0e-14)
PASS rel_l2=1.423e-16 rel_max=2.066e-16 (tol 1e-12) L=32 B=512
PASS map-chain m=1000: rel_l2=1.802e-13 (anchor 0.000e+00, tol 1.0e-10)
PASS rel_l2=1.423e-16 rel_max=2.066e-16 (tol 1e-12) L=32 B=512
PASS map-2-step: rel_l2=3.344e-16 (tol 3.0e-14)
PASS rel_l2=1.429e-16 rel_max=2.310e-16 (tol 1e-12) L=32 B=512
PASS map-chain m=1000: rel_l2=1.279e-13 (anchor 0.000e+00, tol 1.0e-10)
PASS rel_l2=1.429e-16 rel_max=2.310e-16 (tol 1e-12) L=32 B=512
PASS map-2-step: rel_l2=3.326e-16 (tol 3.0e-14)
PASS rel_l2=1.423e-16 rel_max=2.066e-16 (tol 1e-12) L=32 B=512
PASS map-chain m=1000: rel_l2=1.263e-13 (anchor 0.000e+00, tol 1.0e-10)
PASS rel_l2=1.423e-16 rel_max=2.066e-16 (tol 1e-12) L=32 B=512
PASS map-2-step: rel_l2=3.335e-16 (tol 3.0e-14)
PASS rel_l2=1.423e-16 rel_max=2.066e-16 (tol 1e-12) L=32 B=512
PASS map-chain m=1000: rel_l2=1.633e-13 (anchor 0.000e+00, tol 1.0e-10)
PASS rel_l2=1.423e-16 rel_max=2.066e-16 (tol 1e-12) L=32 B=512
PASS map-2-step: rel_l2=3.504e-16 (tol 3.0e-14)
PASS rel_l2=1.423e-16 rel_max=2.066e-16 (tol 1e-12) L=32 B=512
PASS map-chain m=1000: rel_l2=1.802e-13 (anchor 0.000e+00, tol 1.0e-10)
PASS rel_l2=1.423e-16 rel_max=2.066e-16 (tol 1e-12) L=32 B=512
PASS map-2-step: rel_l2=3.344e-16 (tol 3.0e-14)
PASS rel_l2=1.433e-16 rel_max=2.991e-16 (tol 1e-12) L=32 B=512
PASS map-chain m=1000: rel_l2=2.604e-13 (anchor 0.000e+00, tol 1.0e-10)
PASS rel_l2=1.433e-16 rel_max=2.991e-16 (tol 1e-12) L=32 B=512
PASS map-2-step: rel_l2=3.591e-16 (tol 3.0e-14)
PASS rel_l2=1.375e-16 rel_max=2.924e-16 (tol 1e-12) L=32 B=512
PASS map-chain m=1000: rel_l2=2.261e-13 (anchor 0.000e+00, tol 1.0e-10)
PASS rel_l2=1.375e-16 rel_max=2.924e-16 (tol 1e-12) L=32 B=512
PASS map-2-step: rel_l2=3.256e-16 (tol 3.0e-14)
PASS rel_l2=1.375e-16 rel_max=2.924e-16 (tol 1e-12) L=32 B=512
PASS map-chain m=1000: rel_l2=2.261e-13 (anchor 0.000e+00, tol 1.0e-10)
PASS rel_l2=1.375e-16 rel_max=2.924e-16 (tol 1e-12) L=32 B=512
PASS map-2-step: rel_l2=3.256e-16 (tol 3.0e-14)
PASS rel_l2=1.545e-16 rel_max=2.310e-16 (tol 1e-12) L=32 B=512
PASS map-chain m=1000: rel_l2=2.792e-13 (anchor 0.000e+00, tol 1.0e-10)
PASS rel_l2=1.545e-16 rel_max=2.310e-16 (tol 1e-12) L=32 B=512
PASS map-2-step: rel_l2=3.416e-16 (tol 3.0e-14)
PASS rel_l2=1.545e-16 rel_max=2.310e-16 (tol 1e-12) L=32 B=512
PASS map-chain m=1000: rel_l2=2.792e-13 (anchor 0.000e+00, tol 1.0e-10)
PASS rel_l2=1.624e-16 rel_max=2.310e-16 (tol 1e-12) L=32 B=512
PASS map-2-step: rel_l2=3.574e-16 (tol 3.0e-14)
PASS rel_l2=1.624e-16 rel_max=2.310e-16 (tol 1e-12) L=32 B=512
PASS map-chain m=1000: rel_l2=2.666e-13 (anchor 0.000e+00, tol 1.0e-10)
PASS rel_l2=1.545e-16 rel_max=2.310e-16 (tol 1e-12) L=32 B=512
PASS map-2-step: rel_l2=3.416e-16 (tol 3.0e-14)
PASS rel_l2=1.355e-16 rel_max=2.374e-16 (tol 1e-12) L=32 B=512
PASS map-chain m=1000: rel_l2=1.559e-13 (anchor 0.000e+00, tol 1.0e-10)
PASS rel_l2=1.355e-16 rel_max=2.374e-16 (tol 1e-12) L=32 B=512
PASS map-2-step: rel_l2=3.208e-16 (tol 3.0e-14)
PASS rel_l2=5.667e-16 rel_max=5.886e-16 (tol 1e-12) L=1021 B=256
PASS rel_l2=6.333e-16 rel_max=7.072e-16 (tol 1e-12) L=1021 B=256
PASS rel_l2=9.918e-16 rel_max=1.094e-15 (tol 1e-12) L=1021 B=256
PASS rel_l2=9.918e-16 rel_max=1.094e-15 (tol 1e-12) L=1021 B=256
PASS rel_l2=5.791e-16 rel_max=6.420e-16 (tol 1e-12) L=1021 B=256
PASS rel_l2=5.732e-16 rel_max=6.339e-16 (tol 1e-12) L=1021 B=256
PASS rel_l2=5.732e-16 rel_max=6.339e-16 (tol 1e-12) L=1021 B=256
PASS rel_l2=5.723e-16 rel_max=6.530e-16 (tol 1e-12) L=1021 B=256
PASS rel_l2=3.004e-16 rel_max=3.466e-16 (tol 1e-12) L=4096 B=1
PASS rel_l2=3.004e-16 rel_max=3.466e-16 (tol 1e-12) L=4096 B=1
PASS rel_l2=3.042e-16 rel_max=3.466e-16 (tol 1e-12) L=4096 B=1
PASS rel_l2=3.052e-16 rel_max=3.373e-16 (tol 1e-12) L=4096 B=1
PASS rel_l2=3.052e-16 rel_max=3.373e-16 (tol 1e-12) L=4096 B=1
PASS rel_l2=3.103e-16 rel_max=3.466e-16 (tol 1e-12) L=4096 B=1
PASS rel_l2=2.994e-16 rel_max=3.373e-16 (tol 1e-12) L=4096 B=1
PASS rel_l2=3.063e-16 rel_max=3.333e-16 (tol 1e-12) L=4096 B=1
PASS rel_l2=3.089e-16 rel_max=3.733e-16 (tol 1e-12) L=4096 B=1
PASS rel_l2=2.104e-16 rel_max=3.076e-16 (tol 1e-12) L=128 B=512
PASS rel_l2=2.166e-16 rel_max=3.186e-16 (tol 1e-12) L=128 B=512
PASS rel_l2=2.166e-16 rel_max=3.186e-16 (tol 1e-12) L=128 B=512
PASS rel_l2=2.184e-16 rel_max=3.043e-16 (tol 1e-12) L=128 B=512
PASS rel_l2=2.104e-16 rel_max=3.076e-16 (tol 1e-12) L=128 B=512
PASS rel_l2=2.079e-16 rel_max=3.147e-16 (tol 1e-12) L=128 B=512
PASS rel_l2=2.132e-16 rel_max=3.284e-16 (tol 1e-12) L=128 B=512
PASS rel_l2=2.132e-16 rel_max=3.284e-16 (tol 1e-12) L=128 B=512
PASS rel_l2=2.147e-16 rel_max=3.043e-16 (tol 1e-12) L=128 B=512
PASS rel_l2=2.195e-16 rel_max=3.186e-16 (tol 1e-12) L=128 B=512
PASS rel_l2=2.244e-16 rel_max=3.186e-16 (tol 1e-12) L=128 B=512
PASS rel_l2=2.122e-16 rel_max=3.186e-16 (tol 1e-12) L=128 B=512
PASS rel_l2=4.120e-16 rel_max=5.121e-16 (tol 1e-12) L=13 B=512
PASS map-chain m=2000: rel_l2=9.278e-13 (anchor 9.870e-15, tol 1.0e-10)
PASS rel_l2=4.120e-16 rel_max=5.121e-16 (tol 1e-12) L=13 B=512
PASS map-2-step: rel_l2=7.440e-16 (tol 3.0e-14)
PASS rel_l2=1.401e-16 rel_max=2.732e-16 (tol 1e-12) L=13 B=512
PASS map-chain m=2000: rel_l2=3.282e-14 (anchor 9.870e-15, tol 1.0e-10)
PASS rel_l2=1.401e-16 rel_max=2.732e-16 (tol 1e-12) L=13 B=512
PASS map-2-step: rel_l2=3.151e-16 (tol 3.0e-14)
PASS rel_l2=1.838e-16 rel_max=2.519e-16 (tol 1e-12) L=13 B=512
PASS map-chain m=2000: rel_l2=5.481e-14 (anchor 9.870e-15, tol 1.0e-10)
PASS rel_l2=1.838e-16 rel_max=2.519e-16 (tol 1e-12) L=13 B=512
PASS map-2-step: rel_l2=3.241e-16 (tol 3.0e-14)
PASS rel_l2=1.401e-16 rel_max=2.732e-16 (tol 1e-12) L=13 B=512
PASS map-chain m=2000: rel_l2=2.606e-14 (anchor 9.870e-15, tol 1.0e-10)
PASS rel_l2=1.401e-16 rel_max=2.732e-16 (tol 1e-12) L=13 B=512
PASS map-2-step: rel_l2=3.231e-16 (tol 3.0e-14)
PASS rel_l2=1.748e-16 rel_max=2.732e-16 (tol 1e-12) L=13 B=512
PASS map-chain m=2000: rel_l2=4.293e-14 (anchor 9.870e-15, tol 1.0e-10)
PASS rel_l2=1.748e-16 rel_max=2.732e-16 (tol 1e-12) L=13 B=512
PASS map-2-step: rel_l2=3.796e-16 (tol 3.0e-14)
PASS rel_l2=1.401e-16 rel_max=2.732e-16 (tol 1e-12) L=13 B=512
PASS map-chain m=2000: rel_l2=3.282e-14 (anchor 9.870e-15, tol 1.0e-10)
PASS rel_l2=1.401e-16 rel_max=2.732e-16 (tol 1e-12) L=13 B=512
PASS map-2-step: rel_l2=3.151e-16 (tol 3.0e-14)
PASS rel_l2=1.748e-16 rel_max=2.732e-16 (tol 1e-12) L=13 B=512
PASS map-chain m=2000: rel_l2=5.807e-13 (anchor 9.870e-15, tol 1.0e-10)
PASS rel_l2=1.748e-16 rel_max=2.732e-16 (tol 1e-12) L=13 B=512
PASS map-2-step: rel_l2=5.248e-16 (tol 3.0e-14)
PASS rel_l2=1.811e-16 rel_max=2.732e-16 (tol 1e-12) L=13 B=512
PASS map-chain m=2000: rel_l2=6.236e-14 (anchor 9.870e-15, tol 1.0e-10)
PASS rel_l2=1.811e-16 rel_max=2.732e-16 (tol 1e-12) L=13 B=512
PASS map-2-step: rel_l2=3.395e-16 (tol 3.0e-14)
PASS rel_l2=1.811e-16 rel_max=2.732e-16 (tol 1e-12) L=13 B=512
PASS map-chain m=2000: rel_l2=6.236e-14 (anchor 9.870e-15, tol 1.0e-10)
PASS rel_l2=1.811e-16 rel_max=2.732e-16 (tol 1e-12) L=13 B=512
PASS map-2-step: rel_l2=3.395e-16 (tol 3.0e-14)
PASS rel_l2=1.838e-16 rel_max=3.115e-16 (tol 1e-12) L=13 B=512
PASS map-chain m=2000: rel_l2=8.193e-14 (anchor 9.870e-15, tol 1.0e-10)
PASS rel_l2=1.838e-16 rel_max=3.115e-16 (tol 1e-12) L=13 B=512
PASS map-2-step: rel_l2=3.403e-16 (tol 3.0e-14)
PASS rel_l2=1.838e-16 rel_max=3.115e-16 (tol 1e-12) L=13 B=512
PASS map-chain m=2000: rel_l2=8.193e-14 (anchor 9.870e-15, tol 1.0e-10)
PASS rel_l2=1.838e-16 rel_max=3.115e-16 (tol 1e-12) L=13 B=512
PASS map-2-step: rel_l2=3.403e-16 (tol 3.0e-14)
PASS rel_l2=1.838e-16 rel_max=3.115e-16 (tol 1e-12) L=13 B=512
PASS map-chain m=2000: rel_l2=8.193e-14 (anchor 9.870e-15, tol 1.0e-10)
PASS rel_l2=1.838e-16 rel_max=3.115e-16 (tol 1e-12) L=13 B=512
PASS map-2-step: rel_l2=3.403e-16 (tol 3.0e-14)
PASS rel_l2=1.746e-16 rel_max=2.519e-16 (tol 1e-12) L=13 B=512
PASS map-chain m=2000: rel_l2=1.185e-13 (anchor 9.870e-15, tol 1.0e-10)
PASS rel_l2=1.746e-16 rel_max=2.519e-16 (tol 1e-12) L=13 B=512
PASS map-2-step: rel_l2=3.486e-16 (tol 3.0e-14)
PASS rel_l2=4.203e-16 rel_max=5.718e-16 (tol 1e-12) L=31 B=512
PASS rel_l2=2.090e-16 rel_max=3.096e-16 (tol 1e-12) L=31 B=512
PASS rel_l2=3.248e-16 rel_max=4.643e-16 (tol 1e-12) L=31 B=512
PASS rel_l2=2.090e-16 rel_max=3.096e-16 (tol 1e-12) L=31 B=512
PASS rel_l2=2.892e-16 rel_max=3.688e-16 (tol 1e-12) L=31 B=512
PASS rel_l2=2.892e-16 rel_max=3.688e-16 (tol 1e-12) L=31 B=512
PASS rel_l2=2.892e-16 rel_max=3.688e-16 (tol 1e-12) L=31 B=512
PASS rel_l2=2.589e-16 rel_max=3.207e-16 (tol 1e-12) L=31 B=512
PASS rel_l2=2.589e-16 rel_max=3.207e-16 (tol 1e-12) L=31 B=512
PASS rel_l2=2.080e-16 rel_max=3.207e-16 (tol 1e-12) L=31 B=512
PASS rel_l2=2.080e-16 rel_max=3.207e-16 (tol 1e-12) L=31 B=512
PASS rel_l2=2.080e-16 rel_max=3.207e-16 (tol 1e-12) L=31 B=512
PASS rel_l2=2.293e-16 rel_max=3.096e-16 (tol 1e-12) L=31 B=512
PASS rel_l2=3.375e-16 rel_max=4.901e-16 (tol 1e-12) L=32 B=512
PASS rel_l2=1.423e-16 rel_max=2.066e-16 (tol 1e-12) L=32 B=512
PASS rel_l2=1.429e-16 rel_max=2.310e-16 (tol 1e-12) L=32 B=512
PASS rel_l2=1.423e-16 rel_max=2.066e-16 (tol 1e-12) L=32 B=512
PASS rel_l2=1.423e-16 rel_max=2.066e-16 (tol 1e-12) L=32 B=512
PASS rel_l2=1.423e-16 rel_max=2.066e-16 (tol 1e-12) L=32 B=512
PASS rel_l2=1.433e-16 rel_max=2.991e-16 (tol 1e-12) L=32 B=512
PASS rel_l2=1.375e-16 rel_max=2.924e-16 (tol 1e-12) L=32 B=512
PASS rel_l2=1.375e-16 rel_max=2.924e-16 (tol 1e-12) L=32 B=512
PASS rel_l2=1.545e-16 rel_max=2.310e-16 (tol 1e-12) L=32 B=512
PASS rel_l2=1.624e-16 rel_max=2.310e-16 (tol 1e-12) L=32 B=512
PASS rel_l2=1.624e-16 rel_max=2.310e-16 (tol 1e-12) L=32 B=512
PASS rel_l2=1.355e-16 rel_max=2.374e-16 (tol 1e-12) L=32 B=512
PASS rel_l2=3.360e-16 rel_max=3.582e-16 (tol 1e-12) L=16384 B=1
PASS map-chain m=250: rel_l2=3.309e-14 (anchor 0.000e+00, tol 1.0e-10)
PASS rel_l2=3.360e-16 rel_max=3.582e-16 (tol 1e-12) L=16384 B=1
PASS map-2-step: rel_l2=1.715e-15 (tol 3.0e-14)
PASS rel_l2=3.389e-16 rel_max=4.373e-16 (tol 1e-12) L=16384 B=1
PASS map-chain m=250: rel_l2=2.706e-14 (anchor 0.000e+00, tol 1.0e-10)
PASS rel_l2=3.389e-16 rel_max=4.373e-16 (tol 1e-12) L=16384 B=1
PASS map-2-step: rel_l2=1.595e-15 (tol 3.0e-14)
PASS rel_l2=3.425e-16 rel_max=4.102e-16 (tol 1e-12) L=16384 B=1
PASS map-chain m=250: rel_l2=3.353e-14 (anchor 0.000e+00, tol 1.0e-10)
PASS rel_l2=3.425e-16 rel_max=4.102e-16 (tol 1e-12) L=16384 B=1
PASS map-2-step: rel_l2=1.891e-15 (tol 3.0e-14)
PASS rel_l2=3.425e-16 rel_max=4.102e-16 (tol 1e-12) L=16384 B=1
PASS map-chain m=250: rel_l2=3.353e-14 (anchor 0.000e+00, tol 1.0e-10)
PASS rel_l2=3.425e-16 rel_max=4.102e-16 (tol 1e-12) L=16384 B=1
PASS map-2-step: rel_l2=1.891e-15 (tol 3.0e-14)
PASS rel_l2=3.363e-16 rel_max=4.126e-16 (tol 1e-12) L=16384 B=1
PASS map-chain m=250: rel_l2=2.584e-14 (anchor 0.000e+00, tol 1.0e-10)
PASS rel_l2=3.363e-16 rel_max=4.126e-16 (tol 1e-12) L=16384 B=1
PASS map-2-step: rel_l2=1.520e-15 (tol 3.0e-14)
PASS rel_l2=3.497e-16 rel_max=4.126e-16 (tol 1e-12) L=16384 B=1
PASS map-chain m=250: rel_l2=3.101e-14 (anchor 0.000e+00, tol 1.0e-10)
PASS rel_l2=3.497e-16 rel_max=4.126e-16 (tol 1e-12) L=16384 B=1
PASS map-2-step: rel_l2=2.034e-15 (tol 3.0e-14)
PASS rel_l2=3.456e-16 rel_max=4.096e-16 (tol 1e-12) L=16384 B=1
PASS map-chain m=250: rel_l2=3.361e-14 (anchor 0.000e+00, tol 1.0e-10)
PASS rel_l2=3.456e-16 rel_max=4.096e-16 (tol 1e-12) L=16384 B=1
PASS map-2-step: rel_l2=1.832e-15 (tol 3.0e-14)
PASS rel_l2=3.384e-16 rel_max=4.126e-16 (tol 1e-12) L=16384 B=1
PASS map-chain m=250: rel_l2=2.897e-14 (anchor 0.000e+00, tol 1.0e-10)
PASS rel_l2=3.492e-16 rel_max=4.126e-16 (tol 1e-12) L=16384 B=1
PASS map-2-step: rel_l2=1.644e-15 (tol 3.0e-14)
PASS rel_l2=3.347e-16 rel_max=4.220e-16 (tol 1e-12) L=16384 B=1
PASS map-chain m=250: rel_l2=3.001e-14 (anchor 0.000e+00, tol 1.0e-10)
PASS rel_l2=3.347e-16 rel_max=4.220e-16 (tol 1e-12) L=16384 B=1
PASS map-2-step: rel_l2=1.784e-15 (tol 3.0e-14)
PASS rel_l2=4.798e-16 rel_max=4.955e-16 (tol 1e-12) L=128 B=1
PASS rel_l2=2.330e-16 rel_max=3.491e-16 (tol 1e-12) L=128 B=1
PASS rel_l2=2.326e-16 rel_max=2.993e-16 (tol 1e-12) L=128 B=1
PASS rel_l2=2.326e-16 rel_max=2.993e-16 (tol 1e-12) L=128 B=1
PASS rel_l2=2.412e-16 rel_max=2.963e-16 (tol 1e-12) L=128 B=1
PASS rel_l2=2.330e-16 rel_max=3.491e-16 (tol 1e-12) L=128 B=1
PASS rel_l2=2.086e-16 rel_max=2.159e-16 (tol 1e-12) L=128 B=1
PASS rel_l2=2.145e-16 rel_max=3.082e-16 (tol 1e-12) L=128 B=1
PASS rel_l2=2.300e-16 rel_max=3.082e-16 (tol 1e-12) L=128 B=1
PASS rel_l2=2.354e-16 rel_max=2.993e-16 (tol 1e-12) L=128 B=1
PASS rel_l2=2.350e-16 rel_max=2.963e-16 (tol 1e-12) L=128 B=1
PASS rel_l2=2.483e-16 rel_max=2.963e-16 (tol 1e-12) L=128 B=1
PASS rel_l2=2.104e-16 rel_max=3.076e-16 (tol 1e-12) L=128 B=512
PASS map-chain m=250: rel_l2=2.013e-14 (anchor 0.000e+00, tol 1.0e-10)
PASS rel_l2=2.104e-16 rel_max=3.076e-16 (tol 1e-12) L=128 B=512
PASS map-2-step: rel_l2=5.551e-16 (tol 3.0e-14)
PASS rel_l2=2.166e-16 rel_max=3.186e-16 (tol 1e-12) L=128 B=512
PASS map-chain m=250: rel_l2=2.139e-14 (anchor 0.000e+00, tol 1.0e-10)
PASS rel_l2=2.166e-16 rel_max=3.186e-16 (tol 1e-12) L=128 B=512
PASS map-2-step: rel_l2=5.293e-16 (tol 3.0e-14)
PASS rel_l2=2.166e-16 rel_max=3.186e-16 (tol 1e-12) L=128 B=512
PASS map-chain m=250: rel_l2=2.099e-14 (anchor 0.000e+00, tol 1.0e-10)
PASS rel_l2=2.166e-16 rel_max=3.186e-16 (tol 1e-12) L=128 B=512
PASS map-2-step: rel_l2=5.278e-16 (tol 3.0e-14)
PASS rel_l2=2.184e-16 rel_max=3.043e-16 (tol 1e-12) L=128 B=512
PASS map-chain m=250: rel_l2=2.044e-14 (anchor 0.000e+00, tol 1.0e-10)
PASS rel_l2=2.184e-16 rel_max=3.043e-16 (tol 1e-12) L=128 B=512
PASS map-2-step: rel_l2=5.418e-16 (tol 3.0e-14)
PASS rel_l2=2.104e-16 rel_max=3.076e-16 (tol 1e-12) L=128 B=512
PASS map-chain m=250: rel_l2=1.933e-14 (anchor 0.000e+00, tol 1.0e-10)
PASS rel_l2=2.104e-16 rel_max=3.076e-16 (tol 1e-12) L=128 B=512
PASS map-2-step: rel_l2=5.380e-16 (tol 3.0e-14)
PASS rel_l2=2.079e-16 rel_max=3.147e-16 (tol 1e-12) L=128 B=512
PASS map-chain m=250: rel_l2=1.933e-14 (anchor 0.000e+00, tol 1.0e-10)
PASS rel_l2=2.079e-16 rel_max=3.147e-16 (tol 1e-12) L=128 B=512
PASS map-2-step: rel_l2=5.380e-16 (tol 3.0e-14)
PASS rel_l2=2.132e-16 rel_max=3.284e-16 (tol 1e-12) L=128 B=512
PASS map-chain m=250: rel_l2=2.632e-14 (anchor 0.000e+00, tol 1.0e-10)
PASS rel_l2=2.132e-16 rel_max=3.284e-16 (tol 1e-12) L=128 B=512
PASS map-2-step: rel_l2=5.273e-16 (tol 3.0e-14)
PASS rel_l2=2.132e-16 rel_max=3.284e-16 (tol 1e-12) L=128 B=512
PASS map-chain m=250: rel_l2=2.632e-14 (anchor 0.000e+00, tol 1.0e-10)
PASS rel_l2=2.132e-16 rel_max=3.284e-16 (tol 1e-12) L=128 B=512
PASS map-2-step: rel_l2=5.273e-16 (tol 3.0e-14)
PASS rel_l2=2.147e-16 rel_max=3.043e-16 (tol 1e-12) L=128 B=512
PASS map-chain m=250: rel_l2=2.415e-14 (anchor 0.000e+00, tol 1.0e-10)
PASS rel_l2=2.147e-16 rel_max=3.043e-16 (tol 1e-12) L=128 B=512
PASS map-2-step: rel_l2=5.265e-16 (tol 3.0e-14)
PASS rel_l2=2.195e-16 rel_max=3.186e-16 (tol 1e-12) L=128 B=512
PASS map-chain m=250: rel_l2=2.044e-14 (anchor 0.000e+00, tol 1.0e-10)
PASS rel_l2=2.195e-16 rel_max=3.186e-16 (tol 1e-12) L=128 B=512
PASS map-2-step: rel_l2=5.432e-16 (tol 3.0e-14)
PASS rel_l2=2.195e-16 rel_max=3.186e-16 (tol 1e-12) L=128 B=512
PASS map-chain m=250: rel_l2=2.044e-14 (anchor 0.000e+00, tol 1.0e-10)
PASS rel_l2=2.195e-16 rel_max=3.186e-16 (tol 1e-12) L=128 B=512
PASS map-2-step: rel_l2=5.432e-16 (tol 3.0e-14)
PASS rel_l2=2.122e-16 rel_max=3.186e-16 (tol 1e-12) L=128 B=512
PASS map-chain m=250: rel_l2=1.926e-14 (anchor 0.000e+00, tol 1.0e-10)
PASS rel_l2=2.122e-16 rel_max=3.186e-16 (tol 1e-12) L=128 B=512
PASS map-2-step: rel_l2=5.238e-16 (tol 3.0e-14)
PASS rel_l2=3.218e-16 rel_max=3.231e-16 (tol 1e-12) L=32 B=1
PASS rel_l2=1.891e-16 rel_max=2.223e-16 (tol 1e-12) L=32 B=1
PASS rel_l2=1.667e-16 rel_max=2.223e-16 (tol 1e-12) L=32 B=1
PASS rel_l2=1.891e-16 rel_max=2.223e-16 (tol 1e-12) L=32 B=1
PASS rel_l2=1.891e-16 rel_max=2.223e-16 (tol 1e-12) L=32 B=1
PASS rel_l2=1.891e-16 rel_max=2.223e-16 (tol 1e-12) L=32 B=1
PASS rel_l2=2.010e-16 rel_max=2.223e-16 (tol 1e-12) L=32 B=1
PASS rel_l2=1.458e-16 rel_max=2.223e-16 (tol 1e-12) L=32 B=1
PASS rel_l2=1.581e-16 rel_max=2.050e-16 (tol 1e-12) L=32 B=1
PASS rel_l2=1.581e-16 rel_max=2.050e-16 (tol 1e-12) L=32 B=1
PASS rel_l2=1.600e-16 rel_max=2.050e-16 (tol 1e-12) L=32 B=1
PASS rel_l2=1.600e-16 rel_max=2.004e-16 (tol 1e-12) L=32 B=1
PASS rel_l2=4.091e-16 rel_max=2.953e-16 (tol 1e-12) L=60 B=1
PASS map-chain m=60000: rel_l2=1.391e-14 (anchor 3.115e-16, tol 1.0e-10)
PASS rel_l2=4.091e-16 rel_max=2.953e-16 (tol 1e-12) L=60 B=1
PASS map-2-step: rel_l2=6.989e-16 (tol 3.0e-14)
PASS rel_l2=2.358e-16 rel_max=2.029e-16 (tol 1e-12) L=60 B=1
PASS map-chain m=60000: rel_l2=1.910e-15 (anchor 3.115e-16, tol 1.0e-10)
PASS rel_l2=2.358e-16 rel_max=2.029e-16 (tol 1e-12) L=60 B=1
PASS map-2-step: rel_l2=5.784e-16 (tol 3.0e-14)
PASS rel_l2=1.819e-16 rel_max=2.201e-16 (tol 1e-12) L=60 B=1
PASS map-chain m=60000: rel_l2=1.452e-15 (anchor 3.115e-16, tol 1.0e-10)
PASS rel_l2=1.819e-16 rel_max=2.201e-16 (tol 1e-12) L=60 B=1
PASS map-2-step: rel_l2=3.829e-16 (tol 3.0e-14)
PASS rel_l2=2.358e-16 rel_max=2.029e-16 (tol 1e-12) L=60 B=1
PASS map-chain m=60000: rel_l2=1.803e-15 (anchor 3.115e-16, tol 1.0e-10)
PASS rel_l2=2.358e-16 rel_max=2.029e-16 (tol 1e-12) L=60 B=1
PASS map-2-step: rel_l2=5.389e-16 (tol 3.0e-14)
PASS rel_l2=2.358e-16 rel_max=2.029e-16 (tol 1e-12) L=60 B=1
PASS map-chain m=60000: rel_l2=1.774e-15 (anchor 3.115e-16, tol 1.0e-10)
PASS rel_l2=2.358e-16 rel_max=2.029e-16 (tol 1e-12) L=60 B=1
PASS map-2-step: rel_l2=5.541e-16 (tol 3.0e-14)
PASS rel_l2=2.358e-16 rel_max=2.029e-16 (tol 1e-12) L=60 B=1
PASS map-chain m=60000: rel_l2=1.803e-15 (anchor 3.115e-16, tol 1.0e-10)
PASS rel_l2=2.358e-16 rel_max=2.029e-16 (tol 1e-12) L=60 B=1
PASS map-2-step: rel_l2=5.389e-16 (tol 3.0e-14)
PASS rel_l2=1.910e-16 rel_max=1.984e-16 (tol 1e-12) L=60 B=1
PASS map-chain m=60000: rel_l2=2.885e-15 (anchor 3.115e-16, tol 1.0e-10)
PASS rel_l2=1.910e-16 rel_max=1.984e-16 (tol 1e-12) L=60 B=1
PASS map-2-step: rel_l2=4.665e-16 (tol 3.0e-14)
PASS rel_l2=2.379e-16 rel_max=2.102e-16 (tol 1e-12) L=60 B=1
PASS map-chain m=60000: rel_l2=2.345e-15 (anchor 3.115e-16, tol 1.0e-10)
PASS rel_l2=2.379e-16 rel_max=2.102e-16 (tol 1e-12) L=60 B=1
PASS map-2-step: rel_l2=4.676e-16 (tol 3.0e-14)
PASS rel_l2=2.164e-16 rel_max=1.969e-16 (tol 1e-12) L=60 B=1
PASS map-chain m=60000: rel_l2=4.694e-15 (anchor 3.115e-16, tol 1.0e-10)
PASS rel_l2=2.164e-16 rel_max=1.969e-16 (tol 1e-12) L=60 B=1
PASS map-2-step: rel_l2=4.505e-16 (tol 3.0e-14)
PASS rel_l2=2.411e-16 rel_max=2.215e-16 (tol 1e-12) L=60 B=1
PASS map-chain m=60000: rel_l2=1.418e-15 (anchor 3.115e-16, tol 1.0e-10)
PASS rel_l2=2.241e-16 rel_max=2.029e-16 (tol 1e-12) L=60 B=1
PASS map-2-step: rel_l2=5.237e-16 (tol 3.0e-14)
PASS rel_l2=2.241e-16 rel_max=2.029e-16 (tol 1e-12) L=60 B=1
PASS map-chain m=60000: rel_l2=6.276e-15 (anchor 3.115e-16, tol 1.0e-10)
PASS rel_l2=2.241e-16 rel_max=2.029e-16 (tol 1e-12) L=60 B=1
PASS map-2-step: rel_l2=5.237e-16 (tol 3.0e-14)
PASS rel_l2=2.787e-16 rel_max=2.569e-16 (tol 1e-12) L=60 B=1
PASS map-chain m=60000: rel_l2=1.557e-15 (anchor 3.115e-16, tol 1.0e-10)
PASS rel_l2=2.787e-16 rel_max=2.569e-16 (tol 1e-12) L=60 B=1
PASS map-2-step: rel_l2=5.343e-16 (tol 3.0e-14)
PASS rel_l2=3.218e-16 rel_max=3.231e-16 (tol 1e-12) L=32 B=1
PASS map-chain m=100000: rel_l2=2.839e-14 (anchor 0.000e+00, tol 1.0e-10)
PASS rel_l2=3.218e-16 rel_max=3.231e-16 (tol 1e-12) L=32 B=1
PASS map-2-step: rel_l2=5.733e-16 (tol 3.0e-14)
PASS rel_l2=1.891e-16 rel_max=2.223e-16 (tol 1e-12) L=32 B=1
PASS map-chain m=100000: rel_l2=2.512e-15 (anchor 0.000e+00, tol 1.0e-10)
PASS rel_l2=1.891e-16 rel_max=2.223e-16 (tol 1e-12) L=32 B=1
PASS map-2-step: rel_l2=3.239e-16 (tol 3.0e-14)
PASS rel_l2=1.667e-16 rel_max=2.223e-16 (tol 1e-12) L=32 B=1
PASS map-chain m=100000: rel_l2=2.495e-15 (anchor 0.000e+00, tol 1.0e-10)
PASS rel_l2=1.667e-16 rel_max=2.223e-16 (tol 1e-12) L=32 B=1
PASS map-2-step: rel_l2=2.941e-16 (tol 3.0e-14)
PASS rel_l2=1.891e-16 rel_max=2.223e-16 (tol 1e-12) L=32 B=1
PASS map-chain m=100000: rel_l2=1.918e-15 (anchor 0.000e+00, tol 1.0e-10)
PASS rel_l2=1.891e-16 rel_max=2.223e-16 (tol 1e-12) L=32 B=1
PASS map-2-step: rel_l2=3.525e-16 (tol 3.0e-14)
PASS rel_l2=1.891e-16 rel_max=2.223e-16 (tol 1e-12) L=32 B=1
PASS map-chain m=100000: rel_l2=2.398e-15 (anchor 0.000e+00, tol 1.0e-10)
PASS rel_l2=1.891e-16 rel_max=2.223e-16 (tol 1e-12) L=32 B=1
PASS map-2-step: rel_l2=3.264e-16 (tol 3.0e-14)
PASS rel_l2=1.891e-16 rel_max=2.223e-16 (tol 1e-12) L=32 B=1
PASS map-chain m=100000: rel_l2=2.512e-15 (anchor 0.000e+00, tol 1.0e-10)
PASS rel_l2=1.891e-16 rel_max=2.223e-16 (tol 1e-12) L=32 B=1
PASS map-2-step: rel_l2=3.239e-16 (tol 3.0e-14)
PASS rel_l2=2.010e-16 rel_max=2.223e-16 (tol 1e-12) L=32 B=1
PASS map-chain m=100000: rel_l2=1.081e-15 (anchor 0.000e+00, tol 1.0e-10)
PASS rel_l2=2.010e-16 rel_max=2.223e-16 (tol 1e-12) L=32 B=1
PASS map-2-step: rel_l2=3.584e-16 (tol 3.0e-14)
PASS rel_l2=1.458e-16 rel_max=2.223e-16 (tol 1e-12) L=32 B=1
PASS map-chain m=100000: rel_l2=2.371e-15 (anchor 0.000e+00, tol 1.0e-10)
PASS rel_l2=1.458e-16 rel_max=2.223e-16 (tol 1e-12) L=32 B=1
PASS map-2-step: rel_l2=2.511e-16 (tol 3.0e-14)
PASS rel_l2=1.581e-16 rel_max=2.050e-16 (tol 1e-12) L=32 B=1
PASS map-chain m=100000: rel_l2=4.312e-15 (anchor 0.000e+00, tol 1.0e-10)
PASS rel_l2=1.581e-16 rel_max=2.050e-16 (tol 1e-12) L=32 B=1
PASS map-2-step: rel_l2=2.997e-16 (tol 3.0e-14)
PASS rel_l2=1.632e-16 rel_max=2.050e-16 (tol 1e-12) L=32 B=1
PASS map-chain m=100000: rel_l2=4.731e-15 (anchor 0.000e+00, tol 1.0e-10)
PASS rel_l2=1.641e-16 rel_max=2.004e-16 (tol 1e-12) L=32 B=1
PASS map-2-step: rel_l2=2.983e-16 (tol 3.0e-14)
PASS rel_l2=1.550e-16 rel_max=2.050e-16 (tol 1e-12) L=32 B=1
PASS map-chain m=100000: rel_l2=3.036e-15 (anchor 0.000e+00, tol 1.0e-10)
PASS rel_l2=1.632e-16 rel_max=2.050e-16 (tol 1e-12) L=32 B=1
PASS map-2-step: rel_l2=2.739e-16 (tol 3.0e-14)
PASS rel_l2=1.600e-16 rel_max=2.004e-16 (tol 1e-12) L=32 B=1
PASS map-chain m=100000: rel_l2=2.175e-15 (anchor 0.000e+00, tol 1.0e-10)
PASS rel_l2=1.600e-16 rel_max=2.004e-16 (tol 1e-12) L=32 B=1
PASS map-2-step: rel_l2=3.270e-16 (tol 3.0e-14)
