baseline_matrix          L=10  B=64    m=1000  inner=1      min=    54.652 us/xform  median=    54.655  sd=  0.01%      0.91 GF/s  setup=0.000 s
baseline_matrix          L=10  B=64    m=1000  inner=1      min=    54.687 us/xform  median=    54.687  sd=  0.00%      0.91 GF/s  setup=0.000 s
baseline_matrix          L=10  B=64    m=1000  inner=1      min=    54.685 us/xform  median=    54.688  sd=  0.00%      0.91 GF/s  setup=0.000 s
baseline_matrix          L=10  B=64    m=2     inner=1      min=    66.613 us/xform  median=    66.613  sd=  0.00%      0.75 GF/s  setup=0.000 s
ducc0_c2c                L=10  B=64    m=1000  inner=1      min=     9.714 us/xform  median=     9.717  sd=  0.04%      5.13 GF/s  setup=0.000 s
ducc0_c2c                L=10  B=64    m=1000  inner=1      min=     9.730 us/xform  median=     9.736  sd=  0.04%      5.12 GF/s  setup=0.000 s
ducc0_c2c                L=10  B=64    m=1000  inner=1      min=     9.611 us/xform  median=     9.619  sd=  0.04%      5.18 GF/s  setup=0.000 s
ducc0_c2c                L=10  B=64    m=2     inner=1      min=    12.003 us/xform  median=    12.003  sd=  0.00%      4.15 GF/s  setup=0.000 s
fftw3_estimate           L=10  B=64    m=1000  inner=1      min=     7.321 us/xform  median=     7.322  sd=  0.00%      6.81 GF/s  setup=0.001 s
fftw3_estimate           L=10  B=64    m=1000  inner=1      min=     7.324 us/xform  median=     7.325  sd=  0.00%      6.80 GF/s  setup=0.001 s
fftw3_estimate           L=10  B=64    m=1000  inner=1      min=     7.335 us/xform  median=     7.336  sd=  0.01%      6.79 GF/s  setup=0.001 s
fftw3_estimate           L=10  B=64    m=2     inner=1      min=     8.811 us/xform  median=     8.811  sd=  0.00%      5.66 GF/s  setup=0.001 s
fftw3_guru               L=10  B=64    m=1000  inner=1      min=     6.368 us/xform  median=     6.368  sd=  0.01%      7.82 GF/s  setup=0.010 s
fftw3_guru               L=10  B=64    m=1000  inner=1      min=     6.367 us/xform  median=     6.367  sd=  0.00%      7.83 GF/s  setup=0.010 s
fftw3_guru               L=10  B=64    m=1000  inner=1      min=     6.397 us/xform  median=     6.397  sd=  0.01%      7.79 GF/s  setup=0.010 s
fftw3_guru               L=10  B=64    m=2     inner=1      min=     8.788 us/xform  median=     8.788  sd=  0.00%      5.67 GF/s  setup=0.011 s
fftw3_measure            L=10  B=64    m=1000  inner=1      min=     5.181 us/xform  median=     5.182  sd=  0.01%      9.62 GF/s  setup=0.013 s
fftw3_measure            L=10  B=64    m=1000  inner=1      min=     5.195 us/xform  median=     5.195  sd=  0.01%      9.59 GF/s  setup=0.013 s
fftw3_measure            L=10  B=64    m=1000  inner=1      min=     5.410 us/xform  median=     5.410  sd=  0.13%      9.21 GF/s  setup=0.013 s
fftw3_measure            L=10  B=64    m=2     inner=2      min=     6.722 us/xform  median=     6.722  sd=  0.00%      7.41 GF/s  setup=0.013 s
fftw3_patient            L=10  B=64    m=1000  inner=1      min=     5.365 us/xform  median=     5.365  sd=  0.01%      9.29 GF/s  setup=0.022 s
fftw3_patient            L=10  B=64    m=1000  inner=1      min=     5.028 us/xform  median=     5.036  sd=  0.11%      9.91 GF/s  setup=0.022 s
fftw3_patient            L=10  B=64    m=1000  inner=1      min=     5.222 us/xform  median=     5.223  sd=  0.01%      9.54 GF/s  setup=0.022 s
fftw3_patient            L=10  B=64    m=2     inner=2      min=     6.505 us/xform  median=     6.505  sd=  0.00%      7.66 GF/s  setup=0.022 s
gen_batchlane            L=10  B=64    m=1000  inner=1      min=     1.158 us/xform  median=     1.159  sd=  0.23%     43.03 GF/s  setup=0.000 s
gen_batchlane            L=10  B=64    m=1000  inner=1      min=     1.195 us/xform  median=     1.316  sd=  2.67%     41.69 GF/s  setup=0.000 s
gen_batchlane            L=10  B=64    m=1000  inner=1      min=     1.291 us/xform  median=     1.317  sd=  0.58%     38.61 GF/s  setup=0.000 s
gen_batchlane            L=10  B=64    m=2     inner=6      min=     2.300 us/xform  median=     2.300  sd=  0.00%     21.66 GF/s  setup=0.000 s
gen_bluestein            L=10  B=64    m=1000  inner=1      min=    13.676 us/xform  median=    13.678  sd=  0.02%      3.64 GF/s  setup=0.000 s
gen_bluestein            L=10  B=64    m=1000  inner=1      min=    13.298 us/xform  median=    13.299  sd=  0.00%      3.75 GF/s  setup=0.000 s
gen_bluestein            L=10  B=64    m=1000  inner=1      min=    13.275 us/xform  median=    13.280  sd=  0.01%      3.75 GF/s  setup=0.000 s
gen_bluestein            L=10  B=64    m=2     inner=1      min=    15.431 us/xform  median=    15.431  sd=  0.00%      3.23 GF/s  setup=0.000 s
gen_dense_prime          L=10  B=64    m=1000  inner=1      min=     5.583 us/xform  median=     5.584  sd=  0.01%      8.92 GF/s  setup=0.000 s
gen_dense_prime          L=10  B=64    m=1000  inner=1      min=     5.712 us/xform  median=     5.715  sd=  0.03%      8.72 GF/s  setup=0.000 s
gen_dense_prime          L=10  B=64    m=1000  inner=1      min=     5.707 us/xform  median=     5.709  sd=  0.04%      8.73 GF/s  setup=0.000 s
gen_dense_prime          L=10  B=64    m=2     inner=1      min=     7.971 us/xform  median=     7.971  sd=  0.00%      6.25 GF/s  setup=0.000 s
gen_layout               L=10  B=64    m=1000  inner=1      min=     5.259 us/xform  median=     5.262  sd=  0.04%      9.47 GF/s  setup=0.000 s
gen_layout               L=10  B=64    m=1000  inner=1      min=     5.302 us/xform  median=     5.310  sd=  0.05%      9.40 GF/s  setup=0.000 s
gen_layout               L=10  B=64    m=1000  inner=1      min=     5.382 us/xform  median=     5.384  sd=  0.02%      9.26 GF/s  setup=0.000 s
gen_layout               L=10  B=64    m=2     inner=2      min=     6.109 us/xform  median=     6.109  sd=  0.00%      8.16 GF/s  setup=0.000 s
gen_pfa_small            L=10  B=64    m=1000  inner=1      min=     1.153 us/xform  median=     1.157  sd=  6.31%     43.20 GF/s  setup=0.000 s
gen_pfa_small            L=10  B=64    m=1000  inner=1      min=     1.311 us/xform  median=     1.315  sd=  0.10%     38.00 GF/s  setup=0.000 s
gen_pfa_small            L=10  B=64    m=1000  inner=1      min=     1.152 us/xform  median=     1.154  sd=  0.07%     43.25 GF/s  setup=0.000 s
gen_pfa_small            L=10  B=64    m=2     inner=6      min=     2.258 us/xform  median=     2.258  sd=  0.00%     22.07 GF/s  setup=0.000 s
gen_planner              L=10  B=64    m=1000  inner=1      min=     1.408 us/xform  median=     1.410  sd=  5.77%     35.38 GF/s  setup=0.004 s
gen_planner              L=10  B=64    m=1000  inner=1      min=     1.408 us/xform  median=     1.409  sd=  0.03%     35.40 GF/s  setup=0.002 s
gen_planner              L=10  B=64    m=1000  inner=1      min=     1.418 us/xform  median=     1.421  sd=  0.13%     35.14 GF/s  setup=0.002 s
gen_planner              L=10  B=64    m=2     inner=2      min=     4.853 us/xform  median=     4.853  sd=  0.00%     10.27 GF/s  setup=0.002 s
gen_race                 L=10  B=64    m=1000  inner=1      min=     1.408 us/xform  median=     1.409  sd=  0.03%     35.39 GF/s  setup=0.024 s
gen_race                 L=10  B=64    m=1000  inner=1      min=     1.419 us/xform  median=     1.420  sd=  0.04%     35.11 GF/s  setup=0.003 s
gen_race                 L=10  B=64    m=1000  inner=1      min=     1.416 us/xform  median=     1.612  sd=  5.90%     35.19 GF/s  setup=0.003 s
gen_race                 L=10  B=64    m=2     inner=2      min=     4.911 us/xform  median=     4.911  sd=  0.00%     10.15 GF/s  setup=0.003 s
gen_twiddle              L=10  B=64    m=1000  inner=1      min=    10.494 us/xform  median=    10.497  sd=  0.02%      4.75 GF/s  setup=0.003 s
gen_twiddle              L=10  B=64    m=1000  inner=1      min=    10.422 us/xform  median=    10.435  sd=  0.05%      4.78 GF/s  setup=0.002 s
gen_twiddle              L=10  B=64    m=1000  inner=1      min=    10.359 us/xform  median=    10.365  sd=  0.04%      4.81 GF/s  setup=0.002 s
gen_twiddle              L=10  B=64    m=2     inner=1      min=    12.573 us/xform  median=    12.573  sd=  0.00%      3.96 GF/s  setup=0.003 s
mkl2026_dfti             L=10  B=64    m=1000  inner=1      min=     4.674 us/xform  median=     4.675  sd=  0.01%     10.66 GF/s  setup=0.003 s
mkl2026_dfti             L=10  B=64    m=1000  inner=1      min=     4.676 us/xform  median=     4.676  sd=  0.00%     10.66 GF/s  setup=0.001 s
mkl2026_dfti             L=10  B=64    m=1000  inner=1      min=     4.668 us/xform  median=     4.669  sd=  0.01%     10.67 GF/s  setup=0.002 s
mkl2026_dfti             L=10  B=64    m=2     inner=2      min=     5.708 us/xform  median=     5.708  sd=  0.00%      8.73 GF/s  setup=0.002 s
mkl_dfti                 L=10  B=64    m=1000  inner=1      min=     4.601 us/xform  median=     4.605  sd=  0.03%     10.83 GF/s  setup=0.002 s
mkl_dfti                 L=10  B=64    m=1000  inner=1      min=     4.593 us/xform  median=     4.596  sd=  0.06%     10.85 GF/s  setup=0.001 s
mkl_dfti                 L=10  B=64    m=1000  inner=1      min=     4.570 us/xform  median=     4.571  sd=  0.02%     10.90 GF/s  setup=0.002 s
mkl_dfti                 L=10  B=64    m=2     inner=2      min=     5.672 us/xform  median=     5.672  sd=  0.00%      8.78 GF/s  setup=0.002 s
baseline_matrix          L=12  B=64    m=600   inner=1      min=   112.134 us/xform  median=   112.137  sd=  0.00%      0.83 GF/s  setup=0.000 s
baseline_matrix          L=12  B=64    m=600   inner=1      min=   112.260 us/xform  median=   112.263  sd=  0.00%      0.83 GF/s  setup=0.000 s
baseline_matrix          L=12  B=64    m=600   inner=1      min=   112.259 us/xform  median=   112.262  sd=  0.00%      0.83 GF/s  setup=0.000 s
baseline_matrix          L=12  B=64    m=2     inner=1      min=   138.426 us/xform  median=   138.426  sd=  0.00%      0.67 GF/s  setup=0.000 s
ducc0_c2c                L=12  B=64    m=600   inner=1      min=    16.009 us/xform  median=    16.020  sd=  0.06%      5.80 GF/s  setup=0.000 s
ducc0_c2c                L=12  B=64    m=600   inner=1      min=    16.401 us/xform  median=    16.439  sd=  0.14%      5.67 GF/s  setup=0.000 s
ducc0_c2c                L=12  B=64    m=600   inner=1      min=    16.202 us/xform  median=    16.212  sd=  0.05%      5.74 GF/s  setup=0.000 s
ducc0_c2c                L=12  B=64    m=2     inner=1      min=    21.488 us/xform  median=    21.488  sd=  0.00%      4.32 GF/s  setup=0.000 s
fftw3_estimate           L=12  B=64    m=600   inner=1      min=    19.301 us/xform  median=    19.303  sd=  0.00%      4.81 GF/s  setup=0.001 s
fftw3_estimate           L=12  B=64    m=600   inner=1      min=    19.316 us/xform  median=    19.317  sd=  0.00%      4.81 GF/s  setup=0.001 s
fftw3_estimate           L=12  B=64    m=600   inner=1      min=    19.315 us/xform  median=    19.316  sd=  0.00%      4.81 GF/s  setup=0.001 s
fftw3_estimate           L=12  B=64    m=2     inner=1      min=    23.743 us/xform  median=    23.743  sd=  0.00%      3.91 GF/s  setup=0.001 s
fftw3_guru               L=12  B=64    m=600   inner=1      min=    10.233 us/xform  median=    10.234  sd=  0.01%      9.08 GF/s  setup=0.012 s
fftw3_guru               L=12  B=64    m=600   inner=1      min=    10.328 us/xform  median=    10.329  sd=  0.01%      9.00 GF/s  setup=0.010 s
fftw3_guru               L=12  B=64    m=600   inner=1      min=    10.173 us/xform  median=    10.173  sd=  0.00%      9.13 GF/s  setup=0.011 s
fftw3_guru               L=12  B=64    m=2     inner=1      min=    14.275 us/xform  median=    14.275  sd=  0.00%      6.51 GF/s  setup=0.011 s
fftw3_measure            L=12  B=64    m=600   inner=1      min=     8.888 us/xform  median=     8.891  sd=  0.02%     10.45 GF/s  setup=0.014 s
fftw3_measure            L=12  B=64    m=600   inner=1      min=     8.944 us/xform  median=     8.945  sd=  0.01%     10.39 GF/s  setup=0.015 s
fftw3_measure            L=12  B=64    m=600   inner=1      min=     8.905 us/xform  median=     8.907  sd=  0.01%     10.44 GF/s  setup=0.014 s
fftw3_measure            L=12  B=64    m=2     inner=1      min=    12.297 us/xform  median=    12.297  sd=  0.00%      7.56 GF/s  setup=0.014 s
fftw3_patient            L=12  B=64    m=600   inner=1      min=     9.017 us/xform  median=     9.018  sd=  0.01%     10.30 GF/s  setup=0.023 s
fftw3_patient            L=12  B=64    m=600   inner=1      min=     9.341 us/xform  median=     9.342  sd=  0.01%      9.95 GF/s  setup=0.023 s
fftw3_patient            L=12  B=64    m=600   inner=1      min=     8.993 us/xform  median=     8.994  sd=  0.01%     10.33 GF/s  setup=0.024 s
fftw3_patient            L=12  B=64    m=2     inner=1      min=    12.124 us/xform  median=    12.124  sd=  0.00%      7.66 GF/s  setup=0.024 s
gen_batchlane            L=12  B=64    m=600   inner=1      min=     1.915 us/xform  median=     1.915  sd=  0.02%     48.53 GF/s  setup=0.000 s
gen_batchlane            L=12  B=64    m=600   inner=1      min=     1.929 us/xform  median=     1.929  sd=  0.02%     48.18 GF/s  setup=0.000 s
gen_batchlane            L=12  B=64    m=600   inner=1      min=     1.917 us/xform  median=     2.181  sd=  4.29%     48.48 GF/s  setup=0.000 s
gen_batchlane            L=12  B=64    m=2     inner=4      min=     3.709 us/xform  median=     3.709  sd=  0.00%     25.06 GF/s  setup=0.000 s
gen_bluestein            L=12  B=64    m=600   inner=1      min=    19.294 us/xform  median=    19.296  sd=  0.01%      4.82 GF/s  setup=0.000 s
gen_bluestein            L=12  B=64    m=600   inner=1      min=    19.383 us/xform  median=    19.385  sd=  0.01%      4.79 GF/s  setup=0.000 s
gen_bluestein            L=12  B=64    m=600   inner=1      min=    19.311 us/xform  median=    19.312  sd=  0.00%      4.81 GF/s  setup=0.000 s
gen_bluestein            L=12  B=64    m=2     inner=1      min=    22.377 us/xform  median=    22.377  sd=  0.00%      4.15 GF/s  setup=0.000 s
gen_dense_prime          L=12  B=64    m=600   inner=1      min=     8.123 us/xform  median=     8.124  sd=  0.01%     11.44 GF/s  setup=0.000 s
gen_dense_prime          L=12  B=64    m=600   inner=1      min=     8.091 us/xform  median=     8.092  sd=  0.01%     11.48 GF/s  setup=0.000 s
gen_dense_prime          L=12  B=64    m=600   inner=1      min=     8.621 us/xform  median=     8.621  sd=  0.01%     10.78 GF/s  setup=0.000 s
gen_dense_prime          L=12  B=64    m=2     inner=1      min=    10.049 us/xform  median=    10.049  sd=  0.00%      9.25 GF/s  setup=0.000 s
gen_layout               L=12  B=64    m=600   inner=1      min=     8.758 us/xform  median=     8.760  sd=  0.03%     10.61 GF/s  setup=0.000 s
gen_layout               L=12  B=64    m=600   inner=1      min=     8.857 us/xform  median=     8.861  sd=  0.03%     10.49 GF/s  setup=0.000 s
gen_layout               L=12  B=64    m=600   inner=1      min=     8.410 us/xform  median=     8.413  sd=  0.03%     11.05 GF/s  setup=0.000 s
gen_layout               L=12  B=64    m=2     inner=1      min=     9.774 us/xform  median=     9.774  sd=  0.00%      9.51 GF/s  setup=0.000 s
gen_pfa_small            L=12  B=64    m=600   inner=1      min=     1.916 us/xform  median=     2.180  sd=  6.52%     48.51 GF/s  setup=0.000 s
gen_pfa_small            L=12  B=64    m=600   inner=1      min=     2.179 us/xform  median=     2.179  sd=  0.02%     42.65 GF/s  setup=0.000 s
gen_pfa_small            L=12  B=64    m=600   inner=1      min=     1.914 us/xform  median=     1.915  sd=  0.02%     48.54 GF/s  setup=0.000 s
gen_pfa_small            L=12  B=64    m=2     inner=4      min=     3.841 us/xform  median=     3.841  sd=  0.00%     24.19 GF/s  setup=0.000 s
gen_planner              L=12  B=64    m=600   inner=1      min=     2.474 us/xform  median=     2.475  sd=  5.65%     37.56 GF/s  setup=0.005 s
gen_planner              L=12  B=64    m=600   inner=1      min=     2.474 us/xform  median=     2.476  sd=  0.05%     37.56 GF/s  setup=0.002 s
gen_planner              L=12  B=64    m=600   inner=1      min=     2.463 us/xform  median=     2.465  sd=  0.04%     37.72 GF/s  setup=0.002 s
gen_planner              L=12  B=64    m=2     inner=1      min=     8.517 us/xform  median=     8.517  sd=  0.00%     10.91 GF/s  setup=0.002 s
gen_race                 L=12  B=64    m=600   inner=1      min=     2.508 us/xform  median=     2.511  sd=  5.00%     37.05 GF/s  setup=0.034 s
gen_race                 L=12  B=64    m=600   inner=1      min=     2.474 us/xform  median=     2.817  sd=  6.20%     37.55 GF/s  setup=0.003 s
gen_race                 L=12  B=64    m=600   inner=1      min=     2.532 us/xform  median=     2.535  sd=  0.06%     36.70 GF/s  setup=0.003 s
gen_race                 L=12  B=64    m=2     inner=1      min=     8.465 us/xform  median=     8.465  sd=  0.00%     10.98 GF/s  setup=0.002 s
gen_twiddle              L=12  B=64    m=600   inner=1      min=    13.979 us/xform  median=    13.980  sd=  0.04%      6.65 GF/s  setup=0.003 s
gen_twiddle              L=12  B=64    m=600   inner=1      min=    14.415 us/xform  median=    14.426  sd=  0.06%      6.45 GF/s  setup=0.003 s
gen_twiddle              L=12  B=64    m=600   inner=1      min=    14.557 us/xform  median=    14.568  sd=  0.15%      6.38 GF/s  setup=0.003 s
gen_twiddle              L=12  B=64    m=2     inner=1      min=    17.064 us/xform  median=    17.064  sd=  0.00%      5.45 GF/s  setup=0.003 s
mkl2026_dfti             L=12  B=64    m=600   inner=1      min=     7.825 us/xform  median=     7.826  sd=  0.01%     11.88 GF/s  setup=0.002 s
mkl2026_dfti             L=12  B=64    m=600   inner=1      min=     7.826 us/xform  median=     7.827  sd=  0.04%     11.87 GF/s  setup=0.002 s
mkl2026_dfti             L=12  B=64    m=600   inner=1      min=     7.800 us/xform  median=     7.801  sd=  0.01%     11.91 GF/s  setup=0.002 s
mkl2026_dfti             L=12  B=64    m=2     inner=1      min=    10.964 us/xform  median=    10.964  sd=  0.00%      8.48 GF/s  setup=0.002 s
mkl_dfti                 L=12  B=64    m=600   inner=1      min=     7.761 us/xform  median=     7.762  sd=  0.01%     11.97 GF/s  setup=0.002 s
mkl_dfti                 L=12  B=64    m=600   inner=1      min=     7.805 us/xform  median=     7.806  sd=  0.01%     11.91 GF/s  setup=0.002 s
mkl_dfti                 L=12  B=64    m=600   inner=1      min=     7.802 us/xform  median=     7.802  sd=  0.00%     11.91 GF/s  setup=0.001 s
mkl_dfti                 L=12  B=64    m=2     inner=1      min=    10.322 us/xform  median=    10.322  sd=  0.00%      9.00 GF/s  setup=0.002 s
baseline_matrix          L=15  B=32    m=600   inner=1      min=   272.395 us/xform  median=   272.402  sd=  0.00%      0.73 GF/s  setup=0.000 s
baseline_matrix          L=15  B=32    m=600   inner=1      min=   272.564 us/xform  median=   272.570  sd=  0.00%      0.73 GF/s  setup=0.000 s
baseline_matrix          L=15  B=32    m=600   inner=1      min=   272.399 us/xform  median=   272.409  sd=  0.00%      0.73 GF/s  setup=0.000 s
baseline_matrix          L=15  B=32    m=2     inner=1      min=   333.280 us/xform  median=   333.280  sd=  0.00%      0.59 GF/s  setup=0.000 s
ducc0_c2c                L=15  B=32    m=600   inner=1      min=    32.779 us/xform  median=    32.870  sd=  0.18%      6.03 GF/s  setup=0.000 s
ducc0_c2c                L=15  B=32    m=600   inner=1      min=    32.448 us/xform  median=    32.482  sd=  0.07%      6.10 GF/s  setup=0.000 s
ducc0_c2c                L=15  B=32    m=600   inner=1      min=    32.898 us/xform  median=    32.940  sd=  0.09%      6.01 GF/s  setup=0.000 s
ducc0_c2c                L=15  B=32    m=2     inner=1      min=    40.862 us/xform  median=    40.862  sd=  0.00%      4.84 GF/s  setup=0.000 s
fftw3_estimate           L=15  B=32    m=600   inner=1      min=    20.637 us/xform  median=    20.642  sd=  0.01%      9.58 GF/s  setup=0.001 s
fftw3_estimate           L=15  B=32    m=600   inner=1      min=    20.661 us/xform  median=    20.676  sd=  0.03%      9.57 GF/s  setup=0.001 s
fftw3_estimate           L=15  B=32    m=600   inner=1      min=    21.513 us/xform  median=    21.517  sd=  0.01%      9.19 GF/s  setup=0.001 s
fftw3_estimate           L=15  B=32    m=2     inner=1      min=    25.602 us/xform  median=    25.602  sd=  0.00%      7.73 GF/s  setup=0.001 s
fftw3_guru               L=15  B=32    m=600   inner=1      min=    26.618 us/xform  median=    26.644  sd=  0.10%      7.43 GF/s  setup=0.011 s
fftw3_guru               L=15  B=32    m=600   inner=1      min=    26.792 us/xform  median=    26.864  sd=  0.15%      7.38 GF/s  setup=0.012 s
fftw3_guru               L=15  B=32    m=600   inner=1      min=    26.156 us/xform  median=    26.162  sd=  0.04%      7.56 GF/s  setup=0.012 s
fftw3_guru               L=15  B=32    m=2     inner=1      min=    35.967 us/xform  median=    35.967  sd=  0.00%      5.50 GF/s  setup=0.011 s
fftw3_measure            L=15  B=32    m=600   inner=1      min=    19.908 us/xform  median=    19.923  sd=  0.04%      9.93 GF/s  setup=0.011 s
fftw3_measure            L=15  B=32    m=600   inner=1      min=    20.012 us/xform  median=    20.035  sd=  0.06%      9.88 GF/s  setup=0.010 s
fftw3_measure            L=15  B=32    m=600   inner=1      min=    20.010 us/xform  median=    20.013  sd=  0.01%      9.88 GF/s  setup=0.010 s
fftw3_measure            L=15  B=32    m=2     inner=1      min=    27.547 us/xform  median=    27.547  sd=  0.00%      7.18 GF/s  setup=0.011 s
fftw3_patient            L=15  B=32    m=600   inner=1      min=    19.700 us/xform  median=    19.723  sd=  0.05%     10.04 GF/s  setup=0.020 s
fftw3_patient            L=15  B=32    m=600   inner=1      min=    19.742 us/xform  median=    19.744  sd=  0.00%     10.02 GF/s  setup=0.021 s
fftw3_patient            L=15  B=32    m=600   inner=1      min=    19.781 us/xform  median=    19.802  sd=  0.06%     10.00 GF/s  setup=0.021 s
fftw3_patient            L=15  B=32    m=2     inner=1      min=    26.571 us/xform  median=    26.571  sd=  0.00%      7.44 GF/s  setup=0.020 s
gen_batchlane            L=15  B=32    m=600   inner=1      min=     4.412 us/xform  median=     4.427  sd=  6.84%     44.83 GF/s  setup=0.000 s
gen_batchlane            L=15  B=32    m=600   inner=1      min=     4.415 us/xform  median=     5.036  sd=  6.23%     44.80 GF/s  setup=0.000 s
gen_batchlane            L=15  B=32    m=600   inner=1      min=     4.411 us/xform  median=     4.413  sd=  0.03%     44.84 GF/s  setup=0.000 s
gen_batchlane            L=15  B=32    m=2     inner=2      min=     9.672 us/xform  median=     9.672  sd=  0.00%     20.45 GF/s  setup=0.000 s
gen_bluestein            L=15  B=32    m=600   inner=1      min=    34.059 us/xform  median=    34.068  sd=  0.02%      5.81 GF/s  setup=0.000 s
gen_bluestein            L=15  B=32    m=600   inner=1      min=    34.029 us/xform  median=    34.041  sd=  0.02%      5.81 GF/s  setup=0.000 s
gen_bluestein            L=15  B=32    m=600   inner=1      min=    33.949 us/xform  median=    33.954  sd=  0.03%      5.83 GF/s  setup=0.000 s
gen_bluestein            L=15  B=32    m=2     inner=1      min=    39.002 us/xform  median=    39.002  sd=  0.00%      5.07 GF/s  setup=0.000 s
gen_dense_prime          L=15  B=32    m=600   inner=1      min=    15.196 us/xform  median=    15.198  sd=  0.02%     13.02 GF/s  setup=0.000 s
gen_dense_prime          L=15  B=32    m=600   inner=1      min=    15.120 us/xform  median=    15.123  sd=  0.04%     13.08 GF/s  setup=0.000 s
gen_dense_prime          L=15  B=32    m=600   inner=1      min=    14.875 us/xform  median=    14.895  sd=  0.05%     13.30 GF/s  setup=0.000 s
gen_dense_prime          L=15  B=32    m=2     inner=1      min=    21.101 us/xform  median=    21.101  sd=  0.00%      9.37 GF/s  setup=0.000 s
gen_layout               L=15  B=32    m=600   inner=1      min=    19.086 us/xform  median=    19.099  sd=  0.04%     10.36 GF/s  setup=0.000 s
gen_layout               L=15  B=32    m=600   inner=1      min=    18.925 us/xform  median=    18.936  sd=  0.05%     10.45 GF/s  setup=0.000 s
gen_layout               L=15  B=32    m=600   inner=1      min=    18.710 us/xform  median=    18.732  sd=  0.06%     10.57 GF/s  setup=0.000 s
gen_layout               L=15  B=32    m=2     inner=1      min=    21.485 us/xform  median=    21.485  sd=  0.00%      9.21 GF/s  setup=0.000 s
gen_pfa_small            L=15  B=32    m=600   inner=1      min=     4.406 us/xform  median=     4.413  sd=  6.42%     44.89 GF/s  setup=0.000 s
gen_pfa_small            L=15  B=32    m=600   inner=1      min=     4.411 us/xform  median=     4.414  sd=  0.06%     44.84 GF/s  setup=0.000 s
gen_pfa_small            L=15  B=32    m=600   inner=1      min=     4.412 us/xform  median=     4.418  sd=  0.06%     44.83 GF/s  setup=0.000 s
gen_pfa_small            L=15  B=32    m=2     inner=2      min=     9.662 us/xform  median=     9.662  sd=  0.00%     20.47 GF/s  setup=0.000 s
gen_planner              L=15  B=32    m=600   inner=1      min=     5.648 us/xform  median=     5.651  sd=  0.05%     35.02 GF/s  setup=0.007 s
gen_planner              L=15  B=32    m=600   inner=1      min=     5.796 us/xform  median=     5.798  sd=  0.10%     34.13 GF/s  setup=0.004 s
gen_planner              L=15  B=32    m=600   inner=1      min=     5.650 us/xform  median=     5.654  sd=  0.18%     35.01 GF/s  setup=0.004 s
gen_planner              L=15  B=32    m=2     inner=1      min=    18.023 us/xform  median=    18.023  sd=  0.00%     10.97 GF/s  setup=0.003 s
gen_race                 L=15  B=32    m=600   inner=1      min=     5.740 us/xform  median=     5.742  sd=  0.03%     34.46 GF/s  setup=0.030 s
gen_race                 L=15  B=32    m=600   inner=1      min=     5.734 us/xform  median=     5.735  sd=  0.08%     34.49 GF/s  setup=0.003 s
gen_race                 L=15  B=32    m=600   inner=1      min=     5.746 us/xform  median=     6.698  sd=  7.55%     34.42 GF/s  setup=0.003 s
gen_race                 L=15  B=32    m=2     inner=1      min=    17.495 us/xform  median=    17.495  sd=  0.00%     11.31 GF/s  setup=0.002 s
gen_twiddle              L=15  B=32    m=600   inner=1      min=    28.795 us/xform  median=    28.806  sd=  0.02%      6.87 GF/s  setup=0.003 s
gen_twiddle              L=15  B=32    m=600   inner=1      min=    28.992 us/xform  median=    28.999  sd=  0.02%      6.82 GF/s  setup=0.004 s
gen_twiddle              L=15  B=32    m=600   inner=1      min=    28.146 us/xform  median=    28.174  sd=  0.04%      7.03 GF/s  setup=0.004 s
gen_twiddle              L=15  B=32    m=2     inner=1      min=    33.922 us/xform  median=    33.922  sd=  0.00%      5.83 GF/s  setup=0.003 s
mkl2026_dfti             L=15  B=32    m=600   inner=1      min=    16.900 us/xform  median=    16.902  sd=  0.01%     11.70 GF/s  setup=0.003 s
mkl2026_dfti             L=15  B=32    m=600   inner=1      min=    16.638 us/xform  median=    16.641  sd=  0.01%     11.89 GF/s  setup=0.002 s
mkl2026_dfti             L=15  B=32    m=600   inner=1      min=    16.651 us/xform  median=    16.652  sd=  0.04%     11.88 GF/s  setup=0.001 s
mkl2026_dfti             L=15  B=32    m=2     inner=1      min=    23.037 us/xform  median=    23.037  sd=  0.00%      8.59 GF/s  setup=0.002 s
mkl_dfti                 L=15  B=32    m=600   inner=1      min=    16.456 us/xform  median=    16.458  sd=  0.01%     12.02 GF/s  setup=0.003 s
mkl_dfti                 L=15  B=32    m=600   inner=1      min=    16.494 us/xform  median=    16.496  sd=  0.01%     11.99 GF/s  setup=0.002 s
mkl_dfti                 L=15  B=32    m=600   inner=1      min=    16.553 us/xform  median=    16.554  sd=  0.01%     11.95 GF/s  setup=0.002 s
mkl_dfti                 L=15  B=32    m=2     inner=1      min=    22.762 us/xform  median=    22.762  sd=  0.00%      8.69 GF/s  setup=0.002 s
baseline_matrix          L=20  B=32    m=256   inner=1      min=   850.280 us/xform  median=   850.292  sd=  0.01%      0.61 GF/s  setup=0.000 s
baseline_matrix          L=20  B=32    m=256   inner=1      min=   850.324 us/xform  median=   850.334  sd=  0.01%      0.61 GF/s  setup=0.000 s
baseline_matrix          L=20  B=32    m=256   inner=1      min=   850.365 us/xform  median=   850.383  sd=  0.00%      0.61 GF/s  setup=0.000 s
baseline_matrix          L=20  B=32    m=2     inner=1      min=   927.144 us/xform  median=   927.144  sd=  0.00%      0.56 GF/s  setup=0.000 s
ducc0_c2c                L=20  B=32    m=256   inner=1      min=    73.858 us/xform  median=    73.995  sd=  0.16%      7.02 GF/s  setup=0.000 s
ducc0_c2c                L=20  B=32    m=256   inner=1      min=    73.749 us/xform  median=    73.826  sd=  0.15%      7.03 GF/s  setup=0.000 s
ducc0_c2c                L=20  B=32    m=256   inner=1      min=    73.819 us/xform  median=    73.868  sd=  0.14%      7.03 GF/s  setup=0.000 s
ducc0_c2c                L=20  B=32    m=2     inner=1      min=    94.598 us/xform  median=    94.598  sd=  0.00%      5.48 GF/s  setup=0.000 s
fftw3_estimate           L=20  B=32    m=256   inner=1      min=    91.995 us/xform  median=    92.092  sd=  0.05%      5.64 GF/s  setup=0.001 s
fftw3_estimate           L=20  B=32    m=256   inner=1      min=    92.150 us/xform  median=    92.212  sd=  0.04%      5.63 GF/s  setup=0.001 s
fftw3_estimate           L=20  B=32    m=256   inner=1      min=    91.992 us/xform  median=    92.084  sd=  0.07%      5.64 GF/s  setup=0.001 s
fftw3_estimate           L=20  B=32    m=2     inner=1      min=   112.714 us/xform  median=   112.714  sd=  0.00%      4.60 GF/s  setup=0.001 s
fftw3_guru               L=20  B=32    m=256   inner=1      min=    60.522 us/xform  median=    60.543  sd=  0.02%      8.57 GF/s  setup=0.077 s
fftw3_guru               L=20  B=32    m=256   inner=1      min=    61.082 us/xform  median=    61.109  sd=  0.03%      8.49 GF/s  setup=0.078 s
fftw3_guru               L=20  B=32    m=256   inner=1      min=    60.334 us/xform  median=    60.353  sd=  0.02%      8.60 GF/s  setup=0.075 s
fftw3_guru               L=20  B=32    m=2     inner=1      min=    87.633 us/xform  median=    87.633  sd=  0.00%      5.92 GF/s  setup=0.077 s
fftw3_measure            L=20  B=32    m=256   inner=1      min=    45.697 us/xform  median=    45.705  sd=  0.03%     11.35 GF/s  setup=0.085 s
fftw3_measure            L=20  B=32    m=256   inner=1      min=    45.550 us/xform  median=    45.564  sd=  0.02%     11.39 GF/s  setup=0.083 s
fftw3_measure            L=20  B=32    m=256   inner=1      min=    44.944 us/xform  median=    44.956  sd=  0.02%     11.54 GF/s  setup=0.082 s
fftw3_measure            L=20  B=32    m=2     inner=1      min=    63.332 us/xform  median=    63.332  sd=  0.00%      8.19 GF/s  setup=0.084 s
fftw3_patient            L=20  B=32    m=256   inner=1      min=    45.771 us/xform  median=    45.786  sd=  0.03%     11.33 GF/s  setup=0.298 s
fftw3_patient            L=20  B=32    m=256   inner=1      min=    45.265 us/xform  median=    45.276  sd=  0.05%     11.46 GF/s  setup=0.297 s
fftw3_patient            L=20  B=32    m=256   inner=1      min=    45.391 us/xform  median=    45.402  sd=  0.02%     11.43 GF/s  setup=0.316 s
fftw3_patient            L=20  B=32    m=2     inner=1      min=    54.809 us/xform  median=    54.809  sd=  0.00%      9.46 GF/s  setup=0.304 s
gen_batchlane            L=20  B=32    m=256   inner=1      min=    13.268 us/xform  median=    13.288  sd=  5.28%     39.09 GF/s  setup=0.001 s
gen_batchlane            L=20  B=32    m=256   inner=1      min=    13.299 us/xform  median=    13.316  sd=  0.13%     39.00 GF/s  setup=0.001 s
gen_batchlane            L=20  B=32    m=256   inner=1      min=    13.280 us/xform  median=    13.306  sd=  0.09%     39.05 GF/s  setup=0.001 s
gen_batchlane            L=20  B=32    m=2     inner=1      min=    27.572 us/xform  median=    27.572  sd=  0.00%     18.81 GF/s  setup=0.001 s
gen_bluestein            L=20  B=32    m=256   inner=1      min=   103.410 us/xform  median=   103.428  sd=  0.02%      5.02 GF/s  setup=0.000 s
gen_bluestein            L=20  B=32    m=256   inner=1      min=   104.302 us/xform  median=   104.319  sd=  0.01%      4.97 GF/s  setup=0.000 s
gen_bluestein            L=20  B=32    m=256   inner=1      min=   104.004 us/xform  median=   104.011  sd=  0.01%      4.99 GF/s  setup=0.000 s
gen_bluestein            L=20  B=32    m=2     inner=1      min=   126.884 us/xform  median=   126.884  sd=  0.00%      4.09 GF/s  setup=0.000 s
gen_dense_prime          L=20  B=32    m=256   inner=1      min=    39.690 us/xform  median=    39.698  sd=  0.01%     13.07 GF/s  setup=0.000 s
gen_dense_prime          L=20  B=32    m=256   inner=1      min=    40.056 us/xform  median=    40.061  sd=  0.02%     12.95 GF/s  setup=0.000 s
gen_dense_prime          L=20  B=32    m=256   inner=1      min=    38.949 us/xform  median=    38.952  sd=  0.01%     13.32 GF/s  setup=0.000 s
gen_dense_prime          L=20  B=32    m=2     inner=1      min=    50.875 us/xform  median=    50.875  sd=  0.00%     10.19 GF/s  setup=0.000 s
gen_layout               L=20  B=32    m=256   inner=1      min=    41.413 us/xform  median=    41.429  sd=  0.02%     12.52 GF/s  setup=0.000 s
gen_layout               L=20  B=32    m=256   inner=1      min=    41.215 us/xform  median=    41.230  sd=  0.02%     12.58 GF/s  setup=0.000 s
gen_layout               L=20  B=32    m=256   inner=1      min=    42.765 us/xform  median=    42.776  sd=  0.03%     12.13 GF/s  setup=0.000 s
gen_layout               L=20  B=32    m=2     inner=1      min=    49.861 us/xform  median=    49.861  sd=  0.00%     10.40 GF/s  setup=0.000 s
gen_pfa_small            L=20  B=32    m=256   inner=1      min=    13.072 us/xform  median=    13.078  sd=  3.33%     39.67 GF/s  setup=0.001 s
gen_pfa_small            L=20  B=32    m=256   inner=1      min=    13.086 us/xform  median=    13.090  sd=  0.03%     39.63 GF/s  setup=0.001 s
gen_pfa_small            L=20  B=32    m=256   inner=1      min=    13.076 us/xform  median=    13.082  sd=  0.03%     39.66 GF/s  setup=0.001 s
gen_pfa_small            L=20  B=32    m=2     inner=1      min=    27.960 us/xform  median=    27.960  sd=  0.00%     18.55 GF/s  setup=0.001 s
gen_planner              L=20  B=32    m=256   inner=1      min=    19.655 us/xform  median=    19.656  sd=  0.02%     26.39 GF/s  setup=0.013 s
gen_planner              L=20  B=32    m=256   inner=1      min=    18.349 us/xform  median=    18.356  sd=  5.86%     28.26 GF/s  setup=0.007 s
gen_planner              L=20  B=32    m=256   inner=1      min=    19.524 us/xform  median=    19.529  sd=  0.03%     26.56 GF/s  setup=0.007 s
gen_planner              L=20  B=32    m=2     inner=1      min=    57.909 us/xform  median=    57.909  sd=  0.00%      8.96 GF/s  setup=0.006 s
gen_race                 L=20  B=32    m=256   inner=1      min=    19.873 us/xform  median=    19.878  sd=  0.03%     26.10 GF/s  setup=0.044 s
gen_race                 L=20  B=32    m=256   inner=1      min=    18.405 us/xform  median=    18.409  sd=  0.03%     28.18 GF/s  setup=0.003 s
gen_race                 L=20  B=32    m=256   inner=1      min=    19.617 us/xform  median=    19.622  sd=  0.06%     26.44 GF/s  setup=0.002 s
gen_race                 L=20  B=32    m=2     inner=1      min=    57.640 us/xform  median=    57.640  sd=  0.00%      9.00 GF/s  setup=0.003 s
gen_twiddle              L=20  B=32    m=256   inner=1      min=    55.357 us/xform  median=    55.413  sd=  0.07%      9.37 GF/s  setup=0.003 s
gen_twiddle              L=20  B=32    m=256   inner=1      min=    55.482 us/xform  median=    55.521  sd=  0.03%      9.35 GF/s  setup=0.003 s
gen_twiddle              L=20  B=32    m=256   inner=1      min=    55.638 us/xform  median=    55.722  sd=  0.08%      9.32 GF/s  setup=0.004 s
gen_twiddle              L=20  B=32    m=2     inner=1      min=    70.528 us/xform  median=    70.528  sd=  0.00%      7.35 GF/s  setup=0.003 s
mkl2026_dfti             L=20  B=32    m=256   inner=1      min=    57.862 us/xform  median=    58.018  sd=  0.20%      8.96 GF/s  setup=0.049 s
mkl2026_dfti             L=20  B=32    m=256   inner=1      min=    58.653 us/xform  median=    59.436  sd=  0.43%      8.84 GF/s  setup=0.049 s
mkl2026_dfti             L=20  B=32    m=256   inner=1      min=    59.790 us/xform  median=    59.888  sd=  0.06%      8.67 GF/s  setup=0.049 s
mkl2026_dfti             L=20  B=32    m=2     inner=1      min=   121.979 us/xform  median=   121.979  sd=  0.00%      4.25 GF/s  setup=0.052 s
mkl_dfti                 L=20  B=32    m=256   inner=1      min=    58.330 us/xform  median=    58.495  sd=  0.13%      8.89 GF/s  setup=0.032 s
mkl_dfti                 L=20  B=32    m=256   inner=1      min=    58.890 us/xform  median=    59.148  sd=  0.29%      8.81 GF/s  setup=0.050 s
mkl_dfti                 L=20  B=32    m=256   inner=1      min=    58.878 us/xform  median=    59.095  sd=  0.19%      8.81 GF/s  setup=0.049 s
mkl_dfti                 L=20  B=32    m=2     inner=1      min=    75.910 us/xform  median=    75.910  sd=  0.00%      6.83 GF/s  setup=0.052 s
baseline_matrix          L=25  B=16    m=256   inner=1      min=  2061.336 us/xform  median=  2061.388  sd=  0.01%      0.53 GF/s  setup=0.000 s
baseline_matrix          L=25  B=16    m=256   inner=1      min=  2061.453 us/xform  median=  2061.493  sd=  0.00%      0.53 GF/s  setup=0.000 s
baseline_matrix          L=25  B=16    m=256   inner=1      min=  2061.305 us/xform  median=  2061.346  sd=  0.00%      0.53 GF/s  setup=0.000 s
baseline_matrix          L=25  B=16    m=2     inner=1      min=  2078.055 us/xform  median=  2078.055  sd=  0.00%      0.52 GF/s  setup=0.000 s
ducc0_c2c                L=25  B=16    m=256   inner=1      min=   148.759 us/xform  median=   148.936  sd=  0.16%      7.32 GF/s  setup=0.000 s
ducc0_c2c                L=25  B=16    m=256   inner=1      min=   146.677 us/xform  median=   146.800  sd=  0.13%      7.42 GF/s  setup=0.000 s
ducc0_c2c                L=25  B=16    m=256   inner=1      min=   145.979 us/xform  median=   146.091  sd=  0.14%      7.46 GF/s  setup=0.000 s
ducc0_c2c                L=25  B=16    m=2     inner=1      min=   185.975 us/xform  median=   185.975  sd=  0.00%      5.85 GF/s  setup=0.000 s
fftw3_estimate           L=25  B=16    m=256   inner=1      min=   132.094 us/xform  median=   132.307  sd=  0.16%      8.24 GF/s  setup=0.001 s
fftw3_estimate           L=25  B=16    m=256   inner=1      min=   135.458 us/xform  median=   135.731  sd=  0.13%      8.03 GF/s  setup=0.001 s
fftw3_estimate           L=25  B=16    m=256   inner=1      min=   134.190 us/xform  median=   134.279  sd=  0.06%      8.11 GF/s  setup=0.001 s
fftw3_estimate           L=25  B=16    m=2     inner=1      min=   175.984 us/xform  median=   175.984  sd=  0.00%      6.18 GF/s  setup=0.001 s
fftw3_guru               L=25  B=16    m=256   inner=1      min=   186.694 us/xform  median=   186.727  sd=  0.01%      5.83 GF/s  setup=0.032 s
fftw3_guru               L=25  B=16    m=256   inner=1      min=   192.199 us/xform  median=   192.236  sd=  0.01%      5.66 GF/s  setup=0.032 s
fftw3_guru               L=25  B=16    m=256   inner=1      min=   189.442 us/xform  median=   189.539  sd=  0.02%      5.75 GF/s  setup=0.033 s
fftw3_guru               L=25  B=16    m=2     inner=1      min=   240.703 us/xform  median=   240.703  sd=  0.00%      4.52 GF/s  setup=0.032 s
fftw3_measure            L=25  B=16    m=256   inner=1      min=   111.420 us/xform  median=   111.457  sd=  0.02%      9.77 GF/s  setup=0.029 s
fftw3_measure            L=25  B=16    m=256   inner=1      min=   109.191 us/xform  median=   109.207  sd=  0.02%      9.97 GF/s  setup=0.029 s
fftw3_measure            L=25  B=16    m=256   inner=1      min=   119.244 us/xform  median=   119.259  sd=  0.02%      9.13 GF/s  setup=0.028 s
fftw3_measure            L=25  B=16    m=2     inner=1      min=   148.363 us/xform  median=   148.363  sd=  0.00%      7.34 GF/s  setup=0.028 s
fftw3_patient            L=25  B=16    m=256   inner=1      min=   111.398 us/xform  median=   111.425  sd=  0.02%      9.77 GF/s  setup=0.104 s
fftw3_patient            L=25  B=16    m=256   inner=1      min=   109.226 us/xform  median=   109.252  sd=  0.05%      9.96 GF/s  setup=0.113 s
fftw3_patient            L=25  B=16    m=256   inner=1      min=   109.510 us/xform  median=   109.541  sd=  0.03%      9.94 GF/s  setup=0.112 s
fftw3_patient            L=25  B=16    m=2     inner=1      min=   140.542 us/xform  median=   140.542  sd=  0.00%      7.74 GF/s  setup=0.111 s
gen_bluestein            L=25  B=16    m=256   inner=1      min=   180.646 us/xform  median=   180.835  sd=  0.05%      6.03 GF/s  setup=0.000 s
gen_bluestein            L=25  B=16    m=256   inner=1      min=   179.949 us/xform  median=   180.058  sd=  0.04%      6.05 GF/s  setup=0.000 s
gen_bluestein            L=25  B=16    m=256   inner=1      min=   181.314 us/xform  median=   181.364  sd=  0.03%      6.00 GF/s  setup=0.000 s
gen_bluestein            L=25  B=16    m=2     inner=1      min=   210.157 us/xform  median=   210.157  sd=  0.00%      5.18 GF/s  setup=0.000 s
gen_layout               L=25  B=16    m=256   inner=1      min=    97.149 us/xform  median=    97.168  sd=  0.01%     11.20 GF/s  setup=0.000 s
gen_layout               L=25  B=16    m=256   inner=1      min=    95.488 us/xform  median=    95.512  sd=  0.06%     11.40 GF/s  setup=0.000 s
gen_layout               L=25  B=16    m=256   inner=1      min=    95.572 us/xform  median=    95.636  sd=  0.08%     11.39 GF/s  setup=0.000 s
gen_layout               L=25  B=16    m=2     inner=1      min=   113.266 us/xform  median=   113.266  sd=  0.00%      9.61 GF/s  setup=0.000 s
gen_planner              L=25  B=16    m=256   inner=1      min=    40.398 us/xform  median=    40.414  sd=  0.05%     26.94 GF/s  setup=0.025 s
gen_planner              L=25  B=16    m=256   inner=1      min=    43.510 us/xform  median=    43.515  sd=  3.66%     25.01 GF/s  setup=0.016 s
gen_planner              L=25  B=16    m=256   inner=1      min=    40.574 us/xform  median=    40.583  sd=  0.06%     26.83 GF/s  setup=0.013 s
gen_planner              L=25  B=16    m=2     inner=1      min=   158.690 us/xform  median=   158.690  sd=  0.00%      6.86 GF/s  setup=0.012 s
gen_powp                 L=25  B=16    m=256   inner=1      min=    31.352 us/xform  median=    31.359  sd=  0.02%     34.72 GF/s  setup=0.298 s
gen_powp                 L=25  B=16    m=256   inner=1      min=    31.892 us/xform  median=    31.903  sd=  0.03%     34.13 GF/s  setup=0.003 s
gen_powp                 L=25  B=16    m=256   inner=1      min=    32.216 us/xform  median=    35.048  sd=  4.90%     33.78 GF/s  setup=0.005 s
gen_powp                 L=25  B=16    m=2     inner=1      min=    70.590 us/xform  median=    70.590  sd=  0.00%     15.42 GF/s  setup=0.003 s
gen_race                 L=25  B=16    m=256   inner=1      min=    42.431 us/xform  median=    42.451  sd=  0.03%     25.65 GF/s  setup=0.040 s
gen_race                 L=25  B=16    m=256   inner=1      min=    41.984 us/xform  median=    41.994  sd=  0.03%     25.92 GF/s  setup=0.003 s
gen_race                 L=25  B=16    m=256   inner=1      min=    40.223 us/xform  median=    40.227  sd=  0.02%     27.06 GF/s  setup=0.002 s
gen_race                 L=25  B=16    m=2     inner=1      min=   156.371 us/xform  median=   156.371  sd=  0.00%      6.96 GF/s  setup=0.004 s
gen_twiddle              L=25  B=16    m=256   inner=1      min=   117.497 us/xform  median=   117.529  sd=  0.03%      9.26 GF/s  setup=0.003 s
gen_twiddle              L=25  B=16    m=256   inner=1      min=   118.563 us/xform  median=   118.599  sd=  0.02%      9.18 GF/s  setup=0.003 s
gen_twiddle              L=25  B=16    m=256   inner=1      min=   115.600 us/xform  median=   115.648  sd=  0.03%      9.42 GF/s  setup=0.003 s
gen_twiddle              L=25  B=16    m=2     inner=1      min=   146.404 us/xform  median=   146.404  sd=  0.00%      7.43 GF/s  setup=0.004 s
mkl2026_dfti             L=25  B=16    m=256   inner=1      min=   123.815 us/xform  median=   124.097  sd=  0.18%      8.79 GF/s  setup=0.044 s
mkl2026_dfti             L=25  B=16    m=256   inner=1      min=   123.559 us/xform  median=   124.183  sd=  0.21%      8.81 GF/s  setup=0.047 s
mkl2026_dfti             L=25  B=16    m=256   inner=1      min=   123.621 us/xform  median=   123.827  sd=  0.12%      8.80 GF/s  setup=0.049 s
mkl2026_dfti             L=25  B=16    m=2     inner=1      min=   239.896 us/xform  median=   239.896  sd=  0.00%      4.54 GF/s  setup=0.047 s
mkl_dfti                 L=25  B=16    m=256   inner=1      min=   120.816 us/xform  median=   121.343  sd=  0.19%      9.01 GF/s  setup=0.030 s
mkl_dfti                 L=25  B=16    m=256   inner=1      min=   121.031 us/xform  median=   121.121  sd=  0.10%      8.99 GF/s  setup=0.050 s
mkl_dfti                 L=25  B=16    m=256   inner=1      min=   120.558 us/xform  median=   120.898  sd=  0.18%      9.03 GF/s  setup=0.048 s
mkl_dfti                 L=25  B=16    m=2     inner=1      min=   227.697 us/xform  median=   227.697  sd=  0.00%      4.78 GF/s  setup=0.045 s
baseline_matrix          L=27  B=16    m=200   inner=1      min=  2799.104 us/xform  median=  2799.298  sd=  0.01%      0.50 GF/s  setup=0.000 s
baseline_matrix          L=27  B=16    m=200   inner=1      min=  2799.313 us/xform  median=  2799.446  sd=  0.01%      0.50 GF/s  setup=0.000 s
baseline_matrix          L=27  B=16    m=200   inner=1      min=  2799.054 us/xform  median=  2799.824  sd=  0.03%      0.50 GF/s  setup=0.000 s
baseline_matrix          L=27  B=16    m=2     inner=1      min=  2818.689 us/xform  median=  2818.689  sd=  0.00%      0.50 GF/s  setup=0.000 s
ducc0_c2c                L=27  B=16    m=200   inner=1      min=   188.698 us/xform  median=   188.844  sd=  0.15%      7.44 GF/s  setup=0.000 s
ducc0_c2c                L=27  B=16    m=200   inner=1      min=   190.304 us/xform  median=   190.715  sd=  0.20%      7.38 GF/s  setup=0.000 s
ducc0_c2c                L=27  B=16    m=200   inner=1      min=   189.607 us/xform  median=   189.967  sd=  0.19%      7.40 GF/s  setup=0.000 s
ducc0_c2c                L=27  B=16    m=2     inner=1      min=   240.450 us/xform  median=   240.450  sd=  0.00%      5.84 GF/s  setup=0.000 s
fftw3_estimate           L=27  B=16    m=200   inner=1      min=   258.655 us/xform  median=   259.406  sd=  0.16%      5.43 GF/s  setup=0.003 s
fftw3_estimate           L=27  B=16    m=200   inner=1      min=   257.257 us/xform  median=   258.436  sd=  0.19%      5.46 GF/s  setup=0.002 s
fftw3_estimate           L=27  B=16    m=200   inner=1      min=   253.690 us/xform  median=   254.209  sd=  0.12%      5.53 GF/s  setup=0.003 s
fftw3_estimate           L=27  B=16    m=2     inner=1      min=   285.755 us/xform  median=   285.755  sd=  0.00%      4.91 GF/s  setup=0.002 s
fftw3_guru               L=27  B=16    m=200   inner=1      min=   259.747 us/xform  median=   260.086  sd=  0.08%      5.40 GF/s  setup=0.042 s
fftw3_guru               L=27  B=16    m=200   inner=1      min=   259.707 us/xform  median=   259.859  sd=  0.04%      5.41 GF/s  setup=0.043 s
fftw3_guru               L=27  B=16    m=200   inner=1      min=   262.827 us/xform  median=   263.028  sd=  0.06%      5.34 GF/s  setup=0.044 s
fftw3_guru               L=27  B=16    m=2     inner=1      min=   294.757 us/xform  median=   294.757  sd=  0.00%      4.76 GF/s  setup=0.042 s
fftw3_measure            L=27  B=16    m=200   inner=1      min=   225.599 us/xform  median=   226.029  sd=  0.09%      6.22 GF/s  setup=0.033 s
fftw3_measure            L=27  B=16    m=200   inner=1      min=   230.664 us/xform  median=   230.985  sd=  0.08%      6.09 GF/s  setup=0.033 s
fftw3_measure            L=27  B=16    m=200   inner=1      min=   228.840 us/xform  median=   228.912  sd=  0.01%      6.13 GF/s  setup=0.033 s
fftw3_measure            L=27  B=16    m=2     inner=1      min=   293.047 us/xform  median=   293.047  sd=  0.00%      4.79 GF/s  setup=0.034 s
fftw3_patient            L=27  B=16    m=200   inner=1      min=   203.375 us/xform  median=   203.436  sd=  0.01%      6.90 GF/s  setup=0.140 s
fftw3_patient            L=27  B=16    m=200   inner=1      min=   202.751 us/xform  median=   202.819  sd=  0.02%      6.92 GF/s  setup=0.151 s
fftw3_patient            L=27  B=16    m=200   inner=1      min=   207.452 us/xform  median=   207.486  sd=  0.01%      6.77 GF/s  setup=0.138 s
fftw3_patient            L=27  B=16    m=2     inner=1      min=   229.290 us/xform  median=   229.290  sd=  0.00%      6.12 GF/s  setup=0.146 s
gen_bluestein            L=27  B=16    m=200   inner=1      min=   216.728 us/xform  median=   216.822  sd=  0.02%      6.48 GF/s  setup=0.000 s
gen_bluestein            L=27  B=16    m=200   inner=1      min=   214.355 us/xform  median=   214.413  sd=  0.02%      6.55 GF/s  setup=0.000 s
gen_bluestein            L=27  B=16    m=200   inner=1      min=   214.250 us/xform  median=   214.414  sd=  0.04%      6.55 GF/s  setup=0.000 s
gen_bluestein            L=27  B=16    m=2     inner=1      min=   232.411 us/xform  median=   232.411  sd=  0.00%      6.04 GF/s  setup=0.000 s
gen_layout               L=27  B=16    m=200   inner=1      min=   125.236 us/xform  median=   125.325  sd=  0.10%     11.21 GF/s  setup=0.000 s
gen_layout               L=27  B=16    m=200   inner=1      min=   125.073 us/xform  median=   125.165  sd=  0.06%     11.22 GF/s  setup=0.000 s
gen_layout               L=27  B=16    m=200   inner=1      min=   122.481 us/xform  median=   122.597  sd=  0.09%     11.46 GF/s  setup=0.001 s
gen_layout               L=27  B=16    m=2     inner=1      min=   148.080 us/xform  median=   148.080  sd=  0.00%      9.48 GF/s  setup=0.001 s
gen_planner              L=27  B=16    m=200   inner=1      min=    81.888 us/xform  median=    81.910  sd=  0.04%     17.14 GF/s  setup=0.031 s
gen_planner              L=27  B=16    m=200   inner=1      min=    79.697 us/xform  median=    79.719  sd=  0.03%     17.61 GF/s  setup=0.018 s
gen_planner              L=27  B=16    m=200   inner=1      min=    78.446 us/xform  median=    78.464  sd=  0.03%     17.90 GF/s  setup=0.020 s
gen_planner              L=27  B=16    m=2     inner=1      min=   251.018 us/xform  median=   251.018  sd=  0.00%      5.59 GF/s  setup=0.017 s
gen_powp                 L=27  B=16    m=200   inner=1      min=    51.444 us/xform  median=    51.461  sd=  0.04%     27.29 GF/s  setup=0.483 s
gen_powp                 L=27  B=16    m=200   inner=1      min=    51.471 us/xform  median=    51.483  sd=  5.35%     27.27 GF/s  setup=0.005 s
gen_powp                 L=27  B=16    m=200   inner=1      min=    51.466 us/xform  median=    51.477  sd=  0.03%     27.28 GF/s  setup=0.003 s
gen_powp                 L=27  B=16    m=2     inner=1      min=    69.833 us/xform  median=    69.833  sd=  0.00%     20.10 GF/s  setup=0.002 s
gen_race                 L=27  B=16    m=200   inner=1      min=    80.145 us/xform  median=    80.169  sd=  0.04%     17.52 GF/s  setup=0.055 s
gen_race                 L=27  B=16    m=200   inner=1      min=    80.579 us/xform  median=    80.604  sd=  0.03%     17.42 GF/s  setup=0.003 s
gen_race                 L=27  B=16    m=200   inner=1      min=    80.420 us/xform  median=    80.448  sd=  0.04%     17.46 GF/s  setup=0.005 s
gen_race                 L=27  B=16    m=2     inner=1      min=   239.598 us/xform  median=   239.598  sd=  0.00%      5.86 GF/s  setup=0.003 s
gen_twiddle              L=27  B=16    m=200   inner=1      min=   222.191 us/xform  median=   222.457  sd=  0.06%      6.32 GF/s  setup=0.004 s
gen_twiddle              L=27  B=16    m=200   inner=1      min=   222.915 us/xform  median=   223.039  sd=  0.03%      6.30 GF/s  setup=0.004 s
gen_twiddle              L=27  B=16    m=200   inner=1      min=   218.155 us/xform  median=   218.315  sd=  0.05%      6.44 GF/s  setup=0.004 s
gen_twiddle              L=27  B=16    m=2     inner=1      min=   266.011 us/xform  median=   266.011  sd=  0.00%      5.28 GF/s  setup=0.004 s
mkl2026_dfti             L=27  B=16    m=200   inner=1      min=   148.550 us/xform  median=   148.652  sd=  0.05%      9.45 GF/s  setup=0.046 s
mkl2026_dfti             L=27  B=16    m=200   inner=1      min=   148.636 us/xform  median=   148.734  sd=  0.08%      9.44 GF/s  setup=0.048 s
mkl2026_dfti             L=27  B=16    m=200   inner=1      min=   148.165 us/xform  median=   148.289  sd=  0.06%      9.47 GF/s  setup=0.050 s
mkl2026_dfti             L=27  B=16    m=2     inner=1      min=   286.451 us/xform  median=   286.451  sd=  0.00%      4.90 GF/s  setup=0.048 s
mkl_dfti                 L=27  B=16    m=200   inner=1      min=   144.668 us/xform  median=   144.740  sd=  0.03%      9.70 GF/s  setup=0.036 s
mkl_dfti                 L=27  B=16    m=200   inner=1      min=   144.726 us/xform  median=   144.786  sd=  0.03%      9.70 GF/s  setup=0.049 s
mkl_dfti                 L=27  B=16    m=200   inner=1      min=   144.359 us/xform  median=   144.471  sd=  0.04%      9.72 GF/s  setup=0.050 s
mkl_dfti                 L=27  B=16    m=2     inner=1      min=   277.051 us/xform  median=   277.051  sd=  0.00%      5.07 GF/s  setup=0.047 s
baseline_matrix          L=31  B=16    m=140   inner=1      min=  4852.190 us/xform  median=  4852.388  sd=  0.00%      0.46 GF/s  setup=0.000 s
baseline_matrix          L=31  B=16    m=140   inner=1      min=  4854.662 us/xform  median=  4854.940  sd=  0.00%      0.46 GF/s  setup=0.000 s
baseline_matrix          L=31  B=16    m=140   inner=1      min=  4852.271 us/xform  median=  4852.537  sd=  0.00%      0.46 GF/s  setup=0.000 s
baseline_matrix          L=31  B=16    m=2     inner=1      min=  4894.727 us/xform  median=  4894.727  sd=  0.00%      0.45 GF/s  setup=0.000 s
ducc0_c2c                L=31  B=16    m=140   inner=1      min=   718.150 us/xform  median=   719.094  sd=  0.09%      3.08 GF/s  setup=0.000 s
ducc0_c2c                L=31  B=16    m=140   inner=1      min=   735.808 us/xform  median=   737.324  sd=  0.10%      3.01 GF/s  setup=0.000 s
ducc0_c2c                L=31  B=16    m=140   inner=1      min=   716.947 us/xform  median=   717.787  sd=  0.10%      3.09 GF/s  setup=0.000 s
ducc0_c2c                L=31  B=16    m=2     inner=1      min=   899.214 us/xform  median=   899.214  sd=  0.00%      2.46 GF/s  setup=0.000 s
fftw3_estimate           L=31  B=16    m=140   inner=1      min=   860.000 us/xform  median=   860.110  sd=  0.01%      2.57 GF/s  setup=0.002 s
fftw3_estimate           L=31  B=16    m=140   inner=1      min=   859.739 us/xform  median=   859.820  sd=  0.01%      2.58 GF/s  setup=0.002 s
fftw3_estimate           L=31  B=16    m=140   inner=1      min=   859.840 us/xform  median=   859.913  sd=  0.01%      2.57 GF/s  setup=0.003 s
fftw3_estimate           L=31  B=16    m=2     inner=1      min=   887.125 us/xform  median=   887.125  sd=  0.00%      2.50 GF/s  setup=0.003 s
fftw3_guru               L=31  B=16    m=140   inner=1      min=   832.937 us/xform  median=   833.041  sd=  0.01%      2.66 GF/s  setup=0.089 s
fftw3_guru               L=31  B=16    m=140   inner=1      min=   837.451 us/xform  median=   837.656  sd=  0.02%      2.64 GF/s  setup=0.088 s
fftw3_guru               L=31  B=16    m=140   inner=1      min=   836.791 us/xform  median=   836.900  sd=  0.01%      2.65 GF/s  setup=0.089 s
fftw3_guru               L=31  B=16    m=2     inner=1      min=   886.886 us/xform  median=   886.886  sd=  0.00%      2.50 GF/s  setup=0.088 s
fftw3_measure            L=31  B=16    m=140   inner=1      min=   860.380 us/xform  median=   860.494  sd=  0.01%      2.57 GF/s  setup=0.089 s
fftw3_measure            L=31  B=16    m=140   inner=1      min=   863.287 us/xform  median=   863.420  sd=  0.03%      2.56 GF/s  setup=0.089 s
fftw3_measure            L=31  B=16    m=140   inner=1      min=   860.641 us/xform  median=   860.742  sd=  0.01%      2.57 GF/s  setup=0.086 s
fftw3_measure            L=31  B=16    m=2     inner=1      min=   883.412 us/xform  median=   883.412  sd=  0.00%      2.51 GF/s  setup=0.085 s
fftw3_patient            L=31  B=16    m=140   inner=1      min=   863.571 us/xform  median=   863.708  sd=  0.01%      2.56 GF/s  setup=0.226 s
fftw3_patient            L=31  B=16    m=140   inner=1      min=   860.584 us/xform  median=   860.667  sd=  0.04%      2.57 GF/s  setup=0.225 s
fftw3_patient            L=31  B=16    m=140   inner=1      min=   860.404 us/xform  median=   860.481  sd=  0.00%      2.57 GF/s  setup=0.226 s
fftw3_patient            L=31  B=16    m=2     inner=1      min=   887.831 us/xform  median=   887.831  sd=  0.00%      2.49 GF/s  setup=0.225 s
gen_bluestein            L=31  B=16    m=140   inner=1      min=   292.823 us/xform  median=   293.153  sd=  0.05%      7.56 GF/s  setup=0.000 s
gen_bluestein            L=31  B=16    m=140   inner=1      min=   289.292 us/xform  median=   289.444  sd=  0.05%      7.65 GF/s  setup=0.000 s
gen_bluestein            L=31  B=16    m=140   inner=1      min=   289.311 us/xform  median=   289.456  sd=  0.03%      7.65 GF/s  setup=0.000 s
gen_bluestein            L=31  B=16    m=2     inner=1      min=   370.510 us/xform  median=   370.510  sd=  0.00%      5.98 GF/s  setup=0.000 s
gen_dense_prime          L=31  B=16    m=140   inner=1      min=   121.841 us/xform  median=   121.899  sd=  0.04%     18.17 GF/s  setup=0.001 s
gen_dense_prime          L=31  B=16    m=140   inner=1      min=   120.287 us/xform  median=   120.306  sd=  0.03%     18.40 GF/s  setup=0.000 s
gen_dense_prime          L=31  B=16    m=140   inner=1      min=   121.024 us/xform  median=   121.043  sd=  0.04%     18.29 GF/s  setup=0.001 s
gen_dense_prime          L=31  B=16    m=2     inner=1      min=   196.453 us/xform  median=   196.453  sd=  0.00%     11.27 GF/s  setup=0.001 s
gen_layout               L=31  B=16    m=140   inner=1      min=   195.931 us/xform  median=   196.059  sd=  0.03%     11.30 GF/s  setup=0.000 s
gen_layout               L=31  B=16    m=140   inner=1      min=   200.258 us/xform  median=   200.349  sd=  0.03%     11.06 GF/s  setup=0.001 s
gen_layout               L=31  B=16    m=140   inner=1      min=   198.961 us/xform  median=   199.047  sd=  0.02%     11.13 GF/s  setup=0.001 s
gen_layout               L=31  B=16    m=2     inner=1      min=   222.605 us/xform  median=   222.605  sd=  0.00%      9.95 GF/s  setup=0.001 s
gen_planner              L=31  B=16    m=140   inner=1      min=   140.014 us/xform  median=   140.041  sd=  0.04%     15.81 GF/s  setup=0.036 s
gen_planner              L=31  B=16    m=140   inner=1      min=   139.998 us/xform  median=   140.036  sd=  0.04%     15.81 GF/s  setup=0.027 s
gen_planner              L=31  B=16    m=140   inner=1      min=   145.323 us/xform  median=   145.349  sd=  0.04%     15.23 GF/s  setup=0.029 s
gen_planner              L=31  B=16    m=2     inner=1      min=   367.095 us/xform  median=   367.095  sd=  0.00%      6.03 GF/s  setup=0.023 s
gen_race                 L=31  B=16    m=140   inner=1      min=   140.229 us/xform  median=   140.275  sd=  0.04%     15.79 GF/s  setup=0.096 s
gen_race                 L=31  B=16    m=140   inner=1      min=   141.698 us/xform  median=   141.760  sd=  0.05%     15.62 GF/s  setup=0.003 s
gen_race                 L=31  B=16    m=140   inner=1      min=   139.795 us/xform  median=   139.818  sd=  0.04%     15.84 GF/s  setup=0.003 s
gen_race                 L=31  B=16    m=2     inner=1      min=   356.205 us/xform  median=   356.205  sd=  0.00%      6.22 GF/s  setup=0.002 s
gen_rader                L=31  B=16    m=140   inner=1      min=    85.568 us/xform  median=    85.622  sd=  0.08%     25.87 GF/s  setup=0.008 s
gen_rader                L=31  B=16    m=140   inner=1      min=    84.668 us/xform  median=    84.831  sd=  2.94%     26.15 GF/s  setup=0.009 s
gen_rader                L=31  B=16    m=140   inner=1      min=    85.273 us/xform  median=    85.439  sd=  0.12%     25.96 GF/s  setup=0.009 s
gen_rader                L=31  B=16    m=2     inner=1      min=   142.922 us/xform  median=   142.922  sd=  0.00%     15.49 GF/s  setup=0.007 s
gen_twiddle              L=31  B=16    m=140   inner=1      min=   267.265 us/xform  median=   267.391  sd=  0.03%      8.28 GF/s  setup=0.005 s
gen_twiddle              L=31  B=16    m=140   inner=1      min=   272.344 us/xform  median=   272.477  sd=  0.03%      8.13 GF/s  setup=0.006 s
gen_twiddle              L=31  B=16    m=140   inner=1      min=   268.504 us/xform  median=   268.677  sd=  0.03%      8.25 GF/s  setup=0.006 s
gen_twiddle              L=31  B=16    m=2     inner=1      min=   307.409 us/xform  median=   307.409  sd=  0.00%      7.20 GF/s  setup=0.005 s
mkl2026_dfti             L=31  B=16    m=140   inner=1      min=   882.914 us/xform  median=   883.038  sd=  0.01%      2.51 GF/s  setup=0.048 s
mkl2026_dfti             L=31  B=16    m=140   inner=1      min=   883.239 us/xform  median=   883.344  sd=  0.01%      2.51 GF/s  setup=0.051 s
mkl2026_dfti             L=31  B=16    m=140   inner=1      min=   883.210 us/xform  median=   883.272  sd=  0.00%      2.51 GF/s  setup=0.048 s
mkl2026_dfti             L=31  B=16    m=2     inner=1      min=   944.653 us/xform  median=   944.653  sd=  0.00%      2.34 GF/s  setup=0.053 s
mkl_dfti                 L=31  B=16    m=140   inner=1      min=   848.862 us/xform  median=   849.124  sd=  0.01%      2.61 GF/s  setup=0.037 s
mkl_dfti                 L=31  B=16    m=140   inner=1      min=   849.119 us/xform  median=   849.197  sd=  0.01%      2.61 GF/s  setup=0.050 s
mkl_dfti                 L=31  B=16    m=140   inner=1      min=   849.068 us/xform  median=   849.151  sd=  0.01%      2.61 GF/s  setup=0.051 s
mkl_dfti                 L=31  B=16    m=2     inner=1      min=   910.069 us/xform  median=   910.069  sd=  0.00%      2.43 GF/s  setup=0.044 s
baseline_matrix          L=32  B=8     m=250   inner=1      min=  5752.735 us/xform  median=  5752.854  sd=  0.00%      0.43 GF/s  setup=0.000 s
baseline_matrix          L=32  B=8     m=250   inner=1      min=  5755.610 us/xform  median=  5755.820  sd=  0.01%      0.43 GF/s  setup=0.000 s
baseline_matrix          L=32  B=8     m=250   inner=1      min=  5756.139 us/xform  median=  5756.563  sd=  0.12%      0.43 GF/s  setup=0.000 s
baseline_matrix          L=32  B=8     m=2     inner=1      min=  5827.020 us/xform  median=  5827.020  sd=  0.00%      0.42 GF/s  setup=0.000 s
ducc0_c2c                L=32  B=8     m=250   inner=1      min=   317.089 us/xform  median=   317.978  sd=  0.15%      7.75 GF/s  setup=0.000 s
ducc0_c2c                L=32  B=8     m=250   inner=1      min=   308.586 us/xform  median=   309.068  sd=  0.15%      7.96 GF/s  setup=0.000 s
ducc0_c2c                L=32  B=8     m=250   inner=1      min=   310.619 us/xform  median=   311.118  sd=  0.13%      7.91 GF/s  setup=0.000 s
ducc0_c2c                L=32  B=8     m=2     inner=1      min=   406.158 us/xform  median=   406.158  sd=  0.00%      6.05 GF/s  setup=0.000 s
fftw3_estimate           L=32  B=8     m=250   inner=1      min=   409.391 us/xform  median=   409.730  sd=  0.03%      6.00 GF/s  setup=0.001 s
fftw3_estimate           L=32  B=8     m=250   inner=1      min=   409.093 us/xform  median=   409.262  sd=  0.04%      6.01 GF/s  setup=0.001 s
fftw3_estimate           L=32  B=8     m=250   inner=1      min=   409.118 us/xform  median=   409.448  sd=  0.04%      6.01 GF/s  setup=0.001 s
fftw3_estimate           L=32  B=8     m=2     inner=1      min=   504.359 us/xform  median=   504.359  sd=  0.00%      4.87 GF/s  setup=0.001 s
fftw3_guru               L=32  B=8     m=250   inner=1      min=   277.591 us/xform  median=   277.723  sd=  0.03%      8.85 GF/s  setup=0.073 s
fftw3_guru               L=32  B=8     m=250   inner=1      min=   296.101 us/xform  median=   297.736  sd=  0.36%      8.30 GF/s  setup=0.071 s
fftw3_guru               L=32  B=8     m=250   inner=1      min=   321.609 us/xform  median=   321.811  sd=  0.08%      7.64 GF/s  setup=0.071 s
fftw3_guru               L=32  B=8     m=2     inner=1      min=   377.393 us/xform  median=   377.393  sd=  0.00%      6.51 GF/s  setup=0.073 s
fftw3_measure            L=32  B=8     m=250   inner=1      min=   211.236 us/xform  median=   211.307  sd=  0.03%     11.63 GF/s  setup=0.082 s
fftw3_measure            L=32  B=8     m=250   inner=1      min=   209.880 us/xform  median=   209.935  sd=  0.02%     11.71 GF/s  setup=0.087 s
fftw3_measure            L=32  B=8     m=250   inner=1      min=   210.233 us/xform  median=   210.293  sd=  0.02%     11.69 GF/s  setup=0.083 s
fftw3_measure            L=32  B=8     m=2     inner=1      min=   293.211 us/xform  median=   293.211  sd=  0.00%      8.38 GF/s  setup=0.086 s
fftw3_patient            L=32  B=8     m=250   inner=1      min=   211.002 us/xform  median=   211.067  sd=  0.03%     11.65 GF/s  setup=0.542 s
fftw3_patient            L=32  B=8     m=250   inner=1      min=   210.607 us/xform  median=   210.652  sd=  0.02%     11.67 GF/s  setup=0.488 s
fftw3_patient            L=32  B=8     m=250   inner=1      min=   209.515 us/xform  median=   209.592  sd=  0.02%     11.73 GF/s  setup=0.542 s
fftw3_patient            L=32  B=8     m=2     inner=1      min=   246.411 us/xform  median=   246.411  sd=  0.00%      9.97 GF/s  setup=0.503 s
gen_bluestein            L=32  B=8     m=250   inner=1      min=   316.623 us/xform  median=   316.668  sd=  0.01%      7.76 GF/s  setup=0.000 s
gen_bluestein            L=32  B=8     m=250   inner=1      min=   317.399 us/xform  median=   317.466  sd=  0.01%      7.74 GF/s  setup=0.000 s
gen_bluestein            L=32  B=8     m=250   inner=1      min=   319.362 us/xform  median=   319.395  sd=  0.01%      7.70 GF/s  setup=0.000 s
gen_bluestein            L=32  B=8     m=2     inner=1      min=   363.996 us/xform  median=   363.996  sd=  0.00%      6.75 GF/s  setup=0.000 s
gen_layout               L=32  B=8     m=250   inner=1      min=   201.949 us/xform  median=   201.971  sd=  0.01%     12.17 GF/s  setup=0.001 s
gen_layout               L=32  B=8     m=250   inner=1      min=   199.953 us/xform  median=   200.160  sd=  0.04%     12.29 GF/s  setup=0.000 s
gen_layout               L=32  B=8     m=250   inner=1      min=   202.382 us/xform  median=   202.420  sd=  0.02%     12.14 GF/s  setup=0.000 s
gen_layout               L=32  B=8     m=2     inner=1      min=   231.466 us/xform  median=   231.466  sd=  0.00%     10.62 GF/s  setup=0.001 s
gen_planner              L=32  B=8     m=250   inner=1      min=   128.479 us/xform  median=   128.491  sd=  0.02%     19.13 GF/s  setup=0.051 s
gen_planner              L=32  B=8     m=250   inner=1      min=   133.232 us/xform  median=   133.271  sd=  0.02%     18.45 GF/s  setup=0.004 s
gen_planner              L=32  B=8     m=250   inner=1      min=   132.729 us/xform  median=   132.778  sd=  0.02%     18.52 GF/s  setup=0.003 s
gen_planner              L=32  B=8     m=2     inner=1      min=   173.261 us/xform  median=   173.261  sd=  0.00%     14.18 GF/s  setup=0.003 s
gen_pow2                 L=32  B=8     m=250   inner=1      min=    56.472 us/xform  median=    56.497  sd=  3.77%     43.52 GF/s  setup=0.000 s
gen_pow2                 L=32  B=8     m=250   inner=1      min=    56.593 us/xform  median=    64.448  sd=  6.50%     43.43 GF/s  setup=0.000 s
gen_pow2                 L=32  B=8     m=250   inner=1      min=    57.411 us/xform  median=    65.383  sd=  6.24%     42.81 GF/s  setup=0.000 s
gen_pow2                 L=32  B=8     m=2     inner=1      min=   115.496 us/xform  median=   115.496  sd=  0.00%     21.28 GF/s  setup=0.000 s
gen_race                 L=32  B=8     m=250   inner=1      min=   132.522 us/xform  median=   132.549  sd=  0.02%     18.54 GF/s  setup=0.125 s
gen_race                 L=32  B=8     m=250   inner=1      min=   130.728 us/xform  median=   130.766  sd=  0.02%     18.80 GF/s  setup=0.003 s
gen_race                 L=32  B=8     m=250   inner=1      min=   131.404 us/xform  median=   131.447  sd=  0.40%     18.70 GF/s  setup=0.003 s
gen_race                 L=32  B=8     m=2     inner=1      min=   163.549 us/xform  median=   163.549  sd=  0.00%     15.03 GF/s  setup=0.002 s
gen_twiddle              L=32  B=8     m=250   inner=1      min=   340.203 us/xform  median=   340.337  sd=  0.01%      7.22 GF/s  setup=0.006 s
gen_twiddle              L=32  B=8     m=250   inner=1      min=   337.387 us/xform  median=   337.548  sd=  0.04%      7.28 GF/s  setup=0.007 s
gen_twiddle              L=32  B=8     m=250   inner=1      min=   339.622 us/xform  median=   339.710  sd=  0.02%      7.24 GF/s  setup=0.005 s
gen_twiddle              L=32  B=8     m=2     inner=1      min=   422.372 us/xform  median=   422.372  sd=  0.00%      5.82 GF/s  setup=0.007 s
mkl2026_dfti             L=32  B=8     m=250   inner=1      min=   188.015 us/xform  median=   188.533  sd=  0.25%     13.07 GF/s  setup=0.002 s
mkl2026_dfti             L=32  B=8     m=250   inner=1      min=   190.530 us/xform  median=   190.940  sd=  0.14%     12.90 GF/s  setup=0.002 s
mkl2026_dfti             L=32  B=8     m=250   inner=1      min=   189.107 us/xform  median=   189.480  sd=  0.13%     13.00 GF/s  setup=0.002 s
mkl2026_dfti             L=32  B=8     m=2     inner=1      min=   252.697 us/xform  median=   252.697  sd=  0.00%      9.73 GF/s  setup=0.002 s
mkl_dfti                 L=32  B=8     m=250   inner=1      min=   173.243 us/xform  median=   173.726  sd=  0.13%     14.19 GF/s  setup=0.002 s
mkl_dfti                 L=32  B=8     m=250   inner=1      min=   172.480 us/xform  median=   172.751  sd=  0.09%     14.25 GF/s  setup=0.002 s
mkl_dfti                 L=32  B=8     m=250   inner=1      min=   174.105 us/xform  median=   174.389  sd=  0.12%     14.12 GF/s  setup=0.002 s
mkl_dfti                 L=32  B=8     m=2     inner=1      min=   237.545 us/xform  median=   237.545  sd=  0.00%     10.35 GF/s  setup=0.002 s
baseline_matrix          L=40  B=8     m=128   inner=1      min= 13454.469 us/xform  median= 13454.679  sd=  0.00%      0.38 GF/s  setup=0.000 s
baseline_matrix          L=40  B=8     m=128   inner=1      min= 13484.016 us/xform  median= 13484.524  sd=  0.00%      0.38 GF/s  setup=0.000 s
baseline_matrix          L=40  B=8     m=128   inner=1      min= 13498.199 us/xform  median= 13498.861  sd=  0.00%      0.38 GF/s  setup=0.000 s
baseline_matrix          L=40  B=8     m=2     inner=1      min= 13551.645 us/xform  median= 13551.645  sd=  0.00%      0.38 GF/s  setup=0.000 s
ducc0_c2c                L=40  B=8     m=128   inner=1      min=   605.535 us/xform  median=   607.298  sd=  0.26%      8.44 GF/s  setup=0.000 s
ducc0_c2c                L=40  B=8     m=128   inner=1      min=   593.594 us/xform  median=   595.588  sd=  0.29%      8.61 GF/s  setup=0.000 s
ducc0_c2c                L=40  B=8     m=128   inner=1      min=   602.739 us/xform  median=   604.712  sd=  0.26%      8.48 GF/s  setup=0.000 s
ducc0_c2c                L=40  B=8     m=2     inner=1      min=   786.547 us/xform  median=   786.547  sd=  0.00%      6.50 GF/s  setup=0.000 s
fftw3_estimate           L=40  B=8     m=128   inner=1      min=  1614.904 us/xform  median=  1618.738  sd=  0.14%      3.16 GF/s  setup=0.002 s
fftw3_estimate           L=40  B=8     m=128   inner=1      min=  1605.907 us/xform  median=  1608.429  sd=  0.11%      3.18 GF/s  setup=0.003 s
fftw3_estimate           L=40  B=8     m=128   inner=1      min=  1604.176 us/xform  median=  1606.764  sd=  0.11%      3.18 GF/s  setup=0.002 s
fftw3_estimate           L=40  B=8     m=2     inner=1      min=  1755.493 us/xform  median=  1755.493  sd=  0.00%      2.91 GF/s  setup=0.002 s
fftw3_guru               L=40  B=8     m=128   inner=1      min=   696.844 us/xform  median=   698.300  sd=  0.12%      7.33 GF/s  setup=0.153 s
fftw3_guru               L=40  B=8     m=128   inner=1      min=   678.810 us/xform  median=   681.062  sd=  0.31%      7.53 GF/s  setup=0.159 s
fftw3_guru               L=40  B=8     m=128   inner=1      min=   695.351 us/xform  median=   700.964  sd=  0.55%      7.35 GF/s  setup=0.153 s
fftw3_guru               L=40  B=8     m=2     inner=1      min=   800.066 us/xform  median=   800.066  sd=  0.00%      6.39 GF/s  setup=0.154 s
fftw3_measure            L=40  B=8     m=128   inner=1      min=   551.636 us/xform  median=   552.171  sd=  0.06%      9.26 GF/s  setup=0.148 s
fftw3_measure            L=40  B=8     m=128   inner=1      min=   548.939 us/xform  median=   549.177  sd=  0.04%      9.31 GF/s  setup=0.149 s
fftw3_measure            L=40  B=8     m=128   inner=1      min=   569.258 us/xform  median=   569.805  sd=  0.05%      8.97 GF/s  setup=0.147 s
fftw3_measure            L=40  B=8     m=2     inner=1      min=   618.184 us/xform  median=   618.184  sd=  0.00%      8.26 GF/s  setup=0.148 s
fftw3_patient            L=40  B=8     m=128   inner=1      min=   540.127 us/xform  median=   540.629  sd=  0.04%      9.46 GF/s  setup=1.295 s
fftw3_patient            L=40  B=8     m=128   inner=1      min=   517.111 us/xform  median=   517.441  sd=  0.03%      9.88 GF/s  setup=1.293 s
fftw3_patient            L=40  B=8     m=128   inner=1      min=   523.806 us/xform  median=   524.424  sd=  0.07%      9.75 GF/s  setup=1.287 s
fftw3_patient            L=40  B=8     m=2     inner=1      min=   592.942 us/xform  median=   592.942  sd=  0.00%      8.62 GF/s  setup=1.317 s
gen_bluestein            L=40  B=8     m=128   inner=1      min=  1077.059 us/xform  median=  1077.276  sd=  0.01%      4.74 GF/s  setup=0.000 s
gen_bluestein            L=40  B=8     m=128   inner=1      min=  1062.958 us/xform  median=  1063.185  sd=  0.01%      4.81 GF/s  setup=0.000 s
gen_bluestein            L=40  B=8     m=128   inner=1      min=  1070.835 us/xform  median=  1071.040  sd=  0.03%      4.77 GF/s  setup=0.000 s
gen_bluestein            L=40  B=8     m=2     inner=1      min=  1391.775 us/xform  median=  1391.775  sd=  0.00%      3.67 GF/s  setup=0.000 s
gen_layout               L=40  B=8     m=128   inner=1      min=   467.639 us/xform  median=   467.719  sd=  0.02%     10.93 GF/s  setup=0.001 s
gen_layout               L=40  B=8     m=128   inner=1      min=   467.499 us/xform  median=   467.647  sd=  0.02%     10.93 GF/s  setup=0.000 s
gen_layout               L=40  B=8     m=128   inner=1      min=   456.698 us/xform  median=   456.801  sd=  0.02%     11.19 GF/s  setup=0.001 s
gen_layout               L=40  B=8     m=2     inner=1      min=   525.449 us/xform  median=   525.449  sd=  0.00%      9.72 GF/s  setup=0.001 s
gen_pfa_large            L=40  B=8     m=128   inner=1      min=   160.240 us/xform  median=   160.292  sd=  0.07%     31.88 GF/s  setup=1.140 s
gen_pfa_large            L=40  B=8     m=128   inner=1      min=   162.557 us/xform  median=   162.673  sd=  0.10%     31.43 GF/s  setup=0.002 s
gen_pfa_large            L=40  B=8     m=128   inner=1      min=   162.095 us/xform  median=   162.182  sd=  0.09%     31.52 GF/s  setup=0.004 s
gen_pfa_large            L=40  B=8     m=2     inner=1      min=   246.978 us/xform  median=   246.978  sd=  0.00%     20.69 GF/s  setup=0.001 s
gen_planner              L=40  B=8     m=128   inner=1      min=   282.009 us/xform  median=   282.084  sd=  0.04%     18.12 GF/s  setup=0.099 s
gen_planner              L=40  B=8     m=128   inner=1      min=   282.755 us/xform  median=   282.838  sd=  0.05%     18.07 GF/s  setup=0.007 s
gen_planner              L=40  B=8     m=128   inner=1      min=   284.842 us/xform  median=   284.895  sd=  0.03%     17.94 GF/s  setup=0.007 s
gen_planner              L=40  B=8     m=2     inner=1      min=   383.474 us/xform  median=   383.474  sd=  0.00%     13.32 GF/s  setup=0.006 s
gen_race                 L=40  B=8     m=128   inner=1      min=   281.470 us/xform  median=   281.538  sd=  0.04%     18.15 GF/s  setup=0.354 s
gen_race                 L=40  B=8     m=128   inner=1      min=   284.221 us/xform  median=   284.248  sd=  0.03%     17.98 GF/s  setup=0.006 s
gen_race                 L=40  B=8     m=128   inner=1      min=   285.728 us/xform  median=   285.801  sd=  0.04%     17.88 GF/s  setup=0.002 s
gen_race                 L=40  B=8     m=2     inner=1      min=   380.061 us/xform  median=   380.061  sd=  0.00%     13.44 GF/s  setup=0.003 s
gen_twiddle              L=40  B=8     m=128   inner=1      min=   619.067 us/xform  median=   620.109  sd=  0.10%      8.25 GF/s  setup=0.008 s
gen_twiddle              L=40  B=8     m=128   inner=1      min=   611.968 us/xform  median=   612.939  sd=  0.08%      8.35 GF/s  setup=0.009 s
gen_twiddle              L=40  B=8     m=128   inner=1      min=   639.594 us/xform  median=   639.993  sd=  0.03%      7.99 GF/s  setup=0.007 s
gen_twiddle              L=40  B=8     m=2     inner=1      min=   793.468 us/xform  median=   793.468  sd=  0.00%      6.44 GF/s  setup=0.008 s
mkl2026_dfti             L=40  B=8     m=128   inner=1      min=   407.147 us/xform  median=   407.621  sd=  0.07%     12.55 GF/s  setup=0.002 s
mkl2026_dfti             L=40  B=8     m=128   inner=1      min=   406.502 us/xform  median=   407.852  sd=  0.16%     12.57 GF/s  setup=0.002 s
mkl2026_dfti             L=40  B=8     m=128   inner=1      min=   405.524 us/xform  median=   406.134  sd=  0.12%     12.60 GF/s  setup=0.002 s
mkl2026_dfti             L=40  B=8     m=2     inner=1      min=   745.221 us/xform  median=   745.221  sd=  0.00%      6.86 GF/s  setup=0.002 s
mkl_dfti                 L=40  B=8     m=128   inner=1      min=   406.419 us/xform  median=   407.054  sd=  0.10%     12.57 GF/s  setup=0.003 s
mkl_dfti                 L=40  B=8     m=128   inner=1      min=   407.779 us/xform  median=   408.076  sd=  0.12%     12.53 GF/s  setup=0.002 s
mkl_dfti                 L=40  B=8     m=128   inner=1      min=   407.371 us/xform  median=   408.369  sd=  0.25%     12.54 GF/s  setup=0.002 s
mkl_dfti                 L=40  B=8     m=2     inner=1      min=   724.684 us/xform  median=   724.684  sd=  0.00%      7.05 GF/s  setup=0.002 s
baseline_matrix          L=50  B=4     m=128   inner=1      min= 34154.186 us/xform  median= 34166.787  sd=  0.01%      0.31 GF/s  setup=0.000 s
baseline_matrix          L=50  B=4     m=128   inner=1      min= 34127.675 us/xform  median= 34148.987  sd=  0.04%      0.31 GF/s  setup=0.000 s
baseline_matrix          L=50  B=4     m=128   inner=1      min= 34068.812 us/xform  median= 34113.220  sd=  0.08%      0.31 GF/s  setup=0.000 s
baseline_matrix          L=50  B=4     m=2     inner=1      min= 34051.640 us/xform  median= 34051.640  sd=  0.00%      0.31 GF/s  setup=0.000 s
ducc0_c2c                L=50  B=4     m=128   inner=1      min=  1300.004 us/xform  median=  1301.837  sd=  0.28%      8.14 GF/s  setup=0.000 s
ducc0_c2c                L=50  B=4     m=128   inner=1      min=  1286.929 us/xform  median=  1291.824  sd=  0.27%      8.22 GF/s  setup=0.000 s
ducc0_c2c                L=50  B=4     m=128   inner=1      min=  1269.370 us/xform  median=  1273.627  sd=  0.27%      8.34 GF/s  setup=0.000 s
ducc0_c2c                L=50  B=4     m=2     inner=1      min=  1650.685 us/xform  median=  1650.685  sd=  0.00%      6.41 GF/s  setup=0.000 s
fftw3_estimate           L=50  B=4     m=128   inner=1      min=  1622.867 us/xform  median=  1625.318  sd=  0.08%      6.52 GF/s  setup=0.003 s
fftw3_estimate           L=50  B=4     m=128   inner=1      min=  1640.071 us/xform  median=  1643.248  sd=  0.11%      6.45 GF/s  setup=0.003 s
fftw3_estimate           L=50  B=4     m=128   inner=1      min=  1626.510 us/xform  median=  1629.042  sd=  0.07%      6.51 GF/s  setup=0.003 s
fftw3_estimate           L=50  B=4     m=2     inner=1      min=  2009.645 us/xform  median=  2009.645  sd=  0.00%      5.27 GF/s  setup=0.003 s
fftw3_guru               L=50  B=4     m=128   inner=1      min=  1658.668 us/xform  median=  1660.473  sd=  0.05%      6.38 GF/s  setup=0.106 s
fftw3_guru               L=50  B=4     m=128   inner=1      min=  1662.306 us/xform  median=  1663.523  sd=  0.07%      6.37 GF/s  setup=0.117 s
fftw3_guru               L=50  B=4     m=128   inner=1      min=  1660.056 us/xform  median=  1661.490  sd=  0.06%      6.37 GF/s  setup=0.108 s
fftw3_guru               L=50  B=4     m=2     inner=1      min=  2021.138 us/xform  median=  2021.138  sd=  0.00%      5.24 GF/s  setup=0.106 s
fftw3_measure            L=50  B=4     m=128   inner=1      min=  1188.189 us/xform  median=  1190.558  sd=  0.11%      8.91 GF/s  setup=0.088 s
fftw3_measure            L=50  B=4     m=128   inner=1      min=  1213.504 us/xform  median=  1216.598  sd=  0.11%      8.72 GF/s  setup=0.088 s
fftw3_measure            L=50  B=4     m=128   inner=1      min=  1250.983 us/xform  median=  1251.612  sd=  0.03%      8.46 GF/s  setup=0.088 s
fftw3_measure            L=50  B=4     m=2     inner=1      min=  1403.065 us/xform  median=  1403.065  sd=  0.00%      7.54 GF/s  setup=0.091 s
fftw3_patient            L=50  B=4     m=128   inner=1      min=  1170.738 us/xform  median=  1171.534  sd=  0.03%      9.04 GF/s  setup=1.112 s
fftw3_patient            L=50  B=4     m=128   inner=1      min=  1162.510 us/xform  median=  1163.382  sd=  0.03%      9.10 GF/s  setup=1.316 s
fftw3_patient            L=50  B=4     m=128   inner=1      min=  1157.616 us/xform  median=  1158.308  sd=  0.03%      9.14 GF/s  setup=1.267 s
fftw3_patient            L=50  B=4     m=2     inner=1      min=  1299.824 us/xform  median=  1299.824  sd=  0.00%      8.14 GF/s  setup=1.108 s
gen_bluestein            L=50  B=4     m=128   inner=1      min=  1787.801 us/xform  median=  1788.206  sd=  0.01%      5.92 GF/s  setup=0.000 s
gen_bluestein            L=50  B=4     m=128   inner=1      min=  1769.485 us/xform  median=  1770.462  sd=  0.02%      5.98 GF/s  setup=0.000 s
gen_bluestein            L=50  B=4     m=128   inner=1      min=  1767.065 us/xform  median=  1767.621  sd=  0.02%      5.99 GF/s  setup=0.000 s
gen_bluestein            L=50  B=4     m=2     inner=1      min=  2413.398 us/xform  median=  2413.398  sd=  0.00%      4.38 GF/s  setup=0.000 s
gen_layout               L=50  B=4     m=128   inner=1      min=  1116.541 us/xform  median=  1117.010  sd=  0.02%      9.48 GF/s  setup=0.001 s
gen_layout               L=50  B=4     m=128   inner=1      min=  1108.631 us/xform  median=  1108.779  sd=  0.04%      9.55 GF/s  setup=0.001 s
gen_layout               L=50  B=4     m=128   inner=1      min=  1104.910 us/xform  median=  1105.198  sd=  0.02%      9.58 GF/s  setup=0.001 s
gen_layout               L=50  B=4     m=2     inner=1      min=  1395.456 us/xform  median=  1395.456  sd=  0.00%      7.58 GF/s  setup=0.001 s
gen_pfa_large            L=50  B=4     m=128   inner=1      min=   422.701 us/xform  median=   422.764  sd=  0.05%     25.03 GF/s  setup=1.583 s
gen_pfa_large            L=50  B=4     m=128   inner=1      min=   421.220 us/xform  median=   421.322  sd=  0.05%     25.12 GF/s  setup=0.004 s
gen_pfa_large            L=50  B=4     m=128   inner=1      min=   420.957 us/xform  median=   421.032  sd=  0.04%     25.14 GF/s  setup=0.001 s
gen_pfa_large            L=50  B=4     m=2     inner=1      min=   559.375 us/xform  median=   559.375  sd=  0.00%     18.92 GF/s  setup=0.001 s
gen_planner              L=50  B=4     m=128   inner=1      min=   645.036 us/xform  median=   645.126  sd=  0.04%     16.41 GF/s  setup=0.037 s
gen_planner              L=50  B=4     m=128   inner=1      min=   641.679 us/xform  median=   641.770  sd=  0.03%     16.49 GF/s  setup=0.012 s
gen_planner              L=50  B=4     m=128   inner=1      min=   645.824 us/xform  median=   645.898  sd=  0.03%     16.39 GF/s  setup=0.011 s
gen_planner              L=50  B=4     m=2     inner=1      min=   898.844 us/xform  median=   898.844  sd=  0.00%     11.77 GF/s  setup=0.011 s
gen_powp                 L=50  B=4     m=128   inner=1      min=   415.637 us/xform  median=   415.815  sd=  0.05%     25.46 GF/s  setup=1.512 s
gen_powp                 L=50  B=4     m=128   inner=1      min=   421.359 us/xform  median=   421.666  sd=  0.06%     25.11 GF/s  setup=0.002 s
gen_powp                 L=50  B=4     m=128   inner=1      min=   423.498 us/xform  median=   423.565  sd=  0.04%     24.99 GF/s  setup=0.001 s
gen_powp                 L=50  B=4     m=2     inner=1      min=   519.868 us/xform  median=   519.868  sd=  0.00%     20.36 GF/s  setup=0.001 s
gen_race                 L=50  B=4     m=128   inner=1      min=   644.310 us/xform  median=   644.364  sd=  0.03%     16.42 GF/s  setup=0.072 s
gen_race                 L=50  B=4     m=128   inner=1      min=   644.668 us/xform  median=   644.802  sd=  0.02%     16.42 GF/s  setup=0.004 s
gen_race                 L=50  B=4     m=128   inner=1      min=   652.450 us/xform  median=   652.559  sd=  0.02%     16.22 GF/s  setup=0.003 s
gen_race                 L=50  B=4     m=2     inner=1      min=   889.686 us/xform  median=   889.686  sd=  0.00%     11.89 GF/s  setup=0.003 s
gen_twiddle              L=50  B=4     m=128   inner=1      min=  1272.112 us/xform  median=  1272.778  sd=  0.02%      8.32 GF/s  setup=0.014 s
gen_twiddle              L=50  B=4     m=128   inner=1      min=  1295.370 us/xform  median=  1295.730  sd=  0.03%      8.17 GF/s  setup=0.015 s
gen_twiddle              L=50  B=4     m=128   inner=1      min=  1290.404 us/xform  median=  1291.215  sd=  0.09%      8.20 GF/s  setup=0.015 s
gen_twiddle              L=50  B=4     m=2     inner=1      min=  1662.245 us/xform  median=  1662.245  sd=  0.00%      6.37 GF/s  setup=0.014 s
mkl2026_dfti             L=50  B=4     m=128   inner=1      min=   965.056 us/xform  median=   965.546  sd=  0.04%     10.97 GF/s  setup=0.045 s
mkl2026_dfti             L=50  B=4     m=128   inner=1      min=   962.413 us/xform  median=   962.903  sd=  0.04%     11.00 GF/s  setup=0.051 s
mkl2026_dfti             L=50  B=4     m=128   inner=1      min=   963.092 us/xform  median=   963.574  sd=  0.04%     10.99 GF/s  setup=0.048 s
mkl2026_dfti             L=50  B=4     m=2     inner=1      min=  1268.877 us/xform  median=  1268.877  sd=  0.00%      8.34 GF/s  setup=0.056 s
mkl_dfti                 L=50  B=4     m=128   inner=1      min=   949.689 us/xform  median=   950.906  sd=  0.13%     11.14 GF/s  setup=0.035 s
mkl_dfti                 L=50  B=4     m=128   inner=1      min=   949.416 us/xform  median=   950.845  sd=  0.08%     11.15 GF/s  setup=0.047 s
mkl_dfti                 L=50  B=4     m=128   inner=1      min=   947.620 us/xform  median=   949.279  sd=  0.09%     11.17 GF/s  setup=0.051 s
mkl_dfti                 L=50  B=4     m=2     inner=1      min=  1602.818 us/xform  median=  1602.818  sd=  0.00%      6.60 GF/s  setup=0.052 s
baseline_matrix          L=100 B=1     m=2     inner=1      min=604624.406 us/xform  median=604624.406  sd=  0.00%      0.16 GF/s  setup=0.000 s
ducc0_c2c                L=100 B=1     m=64    inner=1      min= 11972.771 us/xform  median= 12015.451  sd=  0.50%      8.32 GF/s  setup=0.000 s
ducc0_c2c                L=100 B=1     m=64    inner=1      min= 11908.427 us/xform  median= 11968.527  sd=  0.50%      8.37 GF/s  setup=0.000 s
ducc0_c2c                L=100 B=1     m=64    inner=1      min= 11767.334 us/xform  median= 11811.673  sd=  0.45%      8.47 GF/s  setup=0.000 s
ducc0_c2c                L=100 B=1     m=2     inner=1      min= 12504.315 us/xform  median= 12504.315  sd=  0.00%      7.97 GF/s  setup=0.000 s
fftw3_estimate           L=100 B=1     m=64    inner=1      min= 20656.116 us/xform  median= 20665.786  sd=  0.02%      4.82 GF/s  setup=0.002 s
fftw3_estimate           L=100 B=1     m=64    inner=1      min= 20728.990 us/xform  median= 20739.301  sd=  0.04%      4.81 GF/s  setup=0.002 s
fftw3_estimate           L=100 B=1     m=64    inner=1      min= 20614.873 us/xform  median= 20625.114  sd=  0.04%      4.83 GF/s  setup=0.002 s
fftw3_estimate           L=100 B=1     m=2     inner=1      min= 25153.206 us/xform  median= 25153.206  sd=  0.00%      3.96 GF/s  setup=0.002 s
fftw3_guru               L=100 B=1     m=64    inner=1      min= 14493.558 us/xform  median= 14501.717  sd=  0.06%      6.88 GF/s  setup=0.334 s
fftw3_guru               L=100 B=1     m=64    inner=1      min= 15673.691 us/xform  median= 15680.642  sd=  0.02%      6.36 GF/s  setup=0.383 s
fftw3_guru               L=100 B=1     m=64    inner=1      min= 14324.155 us/xform  median= 14362.233  sd=  0.12%      6.96 GF/s  setup=0.359 s
fftw3_guru               L=100 B=1     m=2     inner=1      min= 16412.411 us/xform  median= 16412.411  sd=  0.00%      6.07 GF/s  setup=0.335 s
fftw3_measure            L=100 B=1     m=64    inner=1      min= 12047.833 us/xform  median= 12059.532  sd=  0.08%      8.27 GF/s  setup=0.314 s
fftw3_measure            L=100 B=1     m=64    inner=1      min= 11019.135 us/xform  median= 11030.167  sd=  0.05%      9.04 GF/s  setup=0.312 s
fftw3_measure            L=100 B=1     m=64    inner=1      min= 10938.892 us/xform  median= 10954.162  sd=  0.07%      9.11 GF/s  setup=0.277 s
fftw3_measure            L=100 B=1     m=2     inner=1      min= 11689.172 us/xform  median= 11689.172  sd=  0.00%      8.53 GF/s  setup=0.276 s
fftw3_patient            L=100 B=1     m=64    inner=1      min= 10052.119 us/xform  median= 10057.087  sd=  0.05%      9.91 GF/s  setup=17.408 s
fftw3_patient            L=100 B=1     m=64    inner=1      min= 10020.183 us/xform  median= 10026.881  sd=  0.04%      9.95 GF/s  setup=17.207 s
fftw3_patient            L=100 B=1     m=64    inner=1      min=  9932.734 us/xform  median=  9939.585  sd=  0.03%     10.03 GF/s  setup=17.454 s
fftw3_patient            L=100 B=1     m=2     inner=1      min= 10569.343 us/xform  median= 10569.343  sd=  0.00%      9.43 GF/s  setup=16.919 s
gen_bluestein            L=100 B=1     m=64    inner=1      min= 15518.928 us/xform  median= 15527.535  sd=  0.02%      6.42 GF/s  setup=0.000 s
gen_bluestein            L=100 B=1     m=64    inner=1      min= 15806.979 us/xform  median= 15812.698  sd=  0.03%      6.30 GF/s  setup=0.000 s
gen_bluestein            L=100 B=1     m=64    inner=1      min= 15824.957 us/xform  median= 15829.754  sd=  0.02%      6.30 GF/s  setup=0.000 s
gen_bluestein            L=100 B=1     m=2     inner=1      min= 19098.144 us/xform  median= 19098.144  sd=  0.00%      5.22 GF/s  setup=0.000 s
gen_layout               L=100 B=1     m=64    inner=1      min= 14547.767 us/xform  median= 14552.500  sd=  0.02%      6.85 GF/s  setup=0.004 s
gen_layout               L=100 B=1     m=64    inner=1      min= 14529.744 us/xform  median= 14533.516  sd=  0.03%      6.86 GF/s  setup=0.004 s
gen_layout               L=100 B=1     m=64    inner=1      min= 14606.818 us/xform  median= 14610.792  sd=  0.03%      6.82 GF/s  setup=0.004 s
gen_layout               L=100 B=1     m=2     inner=1      min= 14714.986 us/xform  median= 14714.986  sd=  0.00%      6.77 GF/s  setup=0.005 s
gen_pfa_large            L=100 B=1     m=64    inner=1      min=  4577.807 us/xform  median=  4582.155  sd=  0.13%     21.77 GF/s  setup=3.813 s
gen_pfa_large            L=100 B=1     m=64    inner=1      min=  4624.903 us/xform  median=  4633.064  sd=  0.09%     21.55 GF/s  setup=0.004 s
gen_pfa_large            L=100 B=1     m=64    inner=1      min=  4531.445 us/xform  median=  4535.942  sd=  0.08%     21.99 GF/s  setup=0.003 s
gen_pfa_large            L=100 B=1     m=2     inner=1      min=  6149.023 us/xform  median=  6149.023  sd=  0.00%     16.21 GF/s  setup=0.002 s
gen_planner              L=100 B=1     m=64    inner=1      min=  5560.128 us/xform  median=  5565.478  sd=  0.15%     17.92 GF/s  setup=0.329 s
gen_planner              L=100 B=1     m=64    inner=1      min=  5519.543 us/xform  median=  5523.563  sd=  0.08%     18.06 GF/s  setup=0.083 s
gen_planner              L=100 B=1     m=64    inner=1      min=  5534.096 us/xform  median=  5539.768  sd=  0.09%     18.01 GF/s  setup=0.084 s
gen_planner              L=100 B=1     m=2     inner=1      min=  6765.884 us/xform  median=  6765.884  sd=  0.00%     14.73 GF/s  setup=0.078 s
gen_powp                 L=100 B=1     m=64    inner=1      min=  5047.325 us/xform  median=  5052.609  sd=  0.08%     19.74 GF/s  setup=3.240 s
gen_powp                 L=100 B=1     m=64    inner=1      min=  4618.710 us/xform  median=  4625.666  sd=  0.10%     21.58 GF/s  setup=0.004 s
gen_powp                 L=100 B=1     m=64    inner=1      min=  4725.728 us/xform  median=  4734.381  sd=  0.12%     21.09 GF/s  setup=0.002 s
gen_powp                 L=100 B=1     m=2     inner=1      min=  6169.608 us/xform  median=  6169.608  sd=  0.00%     16.15 GF/s  setup=0.001 s
gen_race                 L=100 B=1     m=64    inner=1      min=  5491.319 us/xform  median=  5496.026  sd=  0.09%     18.15 GF/s  setup=0.837 s
gen_race                 L=100 B=1     m=64    inner=1      min=  5635.814 us/xform  median=  5640.091  sd=  0.10%     17.68 GF/s  setup=0.006 s
gen_race                 L=100 B=1     m=64    inner=1      min=  5773.017 us/xform  median=  5781.769  sd=  0.08%     17.26 GF/s  setup=0.003 s
gen_race                 L=100 B=1     m=2     inner=1      min=  7119.491 us/xform  median=  7119.491  sd=  0.00%     14.00 GF/s  setup=0.003 s
gen_twiddle              L=100 B=1     m=64    inner=1      min= 10792.829 us/xform  median= 10801.414  sd=  0.06%      9.23 GF/s  setup=0.103 s
gen_twiddle              L=100 B=1     m=64    inner=1      min= 10793.128 us/xform  median= 10800.994  sd=  0.05%      9.23 GF/s  setup=0.102 s
gen_twiddle              L=100 B=1     m=64    inner=1      min= 10725.350 us/xform  median= 10735.272  sd=  0.05%      9.29 GF/s  setup=0.101 s
gen_twiddle              L=100 B=1     m=2     inner=1      min= 12442.532 us/xform  median= 12442.532  sd=  0.00%      8.01 GF/s  setup=0.101 s
mkl2026_dfti             L=100 B=1     m=64    inner=1      min=  7839.184 us/xform  median=  7852.934  sd=  0.08%     12.71 GF/s  setup=0.052 s
mkl2026_dfti             L=100 B=1     m=64    inner=1      min=  7819.960 us/xform  median=  7829.184  sd=  0.06%     12.74 GF/s  setup=0.050 s
mkl2026_dfti             L=100 B=1     m=64    inner=1      min=  7863.854 us/xform  median=  7875.546  sd=  0.08%     12.67 GF/s  setup=0.050 s
mkl2026_dfti             L=100 B=1     m=2     inner=1      min= 10594.245 us/xform  median= 10594.245  sd=  0.00%      9.41 GF/s  setup=0.048 s
mkl_dfti                 L=100 B=1     m=64    inner=1      min=  7833.636 us/xform  median=  7841.354  sd=  0.06%     12.72 GF/s  setup=0.031 s
mkl_dfti                 L=100 B=1     m=64    inner=1      min=  7790.545 us/xform  median=  7796.172  sd=  0.04%     12.79 GF/s  setup=0.049 s
mkl_dfti                 L=100 B=1     m=64    inner=1      min=  7821.251 us/xform  median=  7828.947  sd=  0.06%     12.74 GF/s  setup=0.049 s
mkl_dfti                 L=100 B=1     m=2     inner=1      min= 10509.953 us/xform  median= 10509.953  sd=  0.00%      9.48 GF/s  setup=0.047 s
