PASS rel_l2=4.499e-16 rel_max=5.548e-16 (tol 1e-12) L=10 B=64
PASS map-chain m=1000: rel_l2=3.356e-13 (anchor 7.923e-14, tol 1.0e-10)
PASS rel_l2=4.499e-16 rel_max=5.548e-16 (tol 1e-12) L=10 B=64
PASS map-2-step: rel_l2=1.186e-15 (tol 3.0e-14)
PASS rel_l2=2.266e-16 rel_max=3.138e-16 (tol 1e-12) L=10 B=64
PASS map-chain m=1000: rel_l2=7.328e-14 (anchor 7.923e-14, tol 1.0e-10)
PASS rel_l2=2.266e-16 rel_max=3.138e-16 (tol 1e-12) L=10 B=64
PASS map-2-step: rel_l2=7.336e-16 (tol 3.0e-14)
PASS rel_l2=2.592e-16 rel_max=4.064e-16 (tol 1e-12) L=10 B=64
PASS map-chain m=1000: rel_l2=1.003e-13 (anchor 7.923e-14, tol 1.0e-10)
PASS rel_l2=2.592e-16 rel_max=4.064e-16 (tol 1e-12) L=10 B=64
PASS map-2-step: rel_l2=8.197e-16 (tol 3.0e-14)
PASS rel_l2=2.592e-16 rel_max=4.064e-16 (tol 1e-12) L=10 B=64
PASS map-chain m=1000: rel_l2=1.003e-13 (anchor 7.923e-14, tol 1.0e-10)
PASS rel_l2=2.592e-16 rel_max=4.064e-16 (tol 1e-12) L=10 B=64
PASS map-2-step: rel_l2=8.197e-16 (tol 3.0e-14)
PASS rel_l2=2.665e-16 rel_max=4.039e-16 (tol 1e-12) L=10 B=64
PASS map-chain m=1000: rel_l2=1.035e-13 (anchor 7.923e-14, tol 1.0e-10)
PASS rel_l2=2.665e-16 rel_max=4.039e-16 (tol 1e-12) L=10 B=64
PASS map-2-step: rel_l2=8.353e-16 (tol 3.0e-14)
PASS rel_l2=2.722e-16 rel_max=3.987e-16 (tol 1e-12) L=10 B=64
PASS map-chain m=1000: rel_l2=1.200e-13 (anchor 7.923e-14, tol 1.0e-10)
PASS rel_l2=2.722e-16 rel_max=3.987e-16 (tol 1e-12) L=10 B=64
PASS map-2-step: rel_l2=8.583e-16 (tol 3.0e-14)
PASS rel_l2=2.686e-16 rel_max=3.987e-16 (tol 1e-12) L=10 B=64
PASS map-chain m=1000: rel_l2=1.077e-13 (anchor 7.923e-14, tol 1.0e-10)
PASS rel_l2=2.665e-16 rel_max=4.039e-16 (tol 1e-12) L=10 B=64
PASS map-2-step: rel_l2=8.353e-16 (tol 3.0e-14)
PASS rel_l2=2.690e-16 rel_max=4.039e-16 (tol 1e-12) L=10 B=64
PASS map-chain m=1000: rel_l2=1.137e-13 (anchor 7.923e-14, tol 1.0e-10)
PASS rel_l2=2.684e-16 rel_max=4.039e-16 (tol 1e-12) L=10 B=64
PASS map-2-step: rel_l2=8.338e-16 (tol 3.0e-14)
PASS rel_l2=2.924e-16 rel_max=4.124e-16 (tol 1e-12) L=10 B=64
PASS map-chain m=1000: rel_l2=1.079e-13 (anchor 7.923e-14, tol 1.0e-10)
PASS rel_l2=2.924e-16 rel_max=4.124e-16 (tol 1e-12) L=10 B=64
PASS map-2-step: rel_l2=9.121e-16 (tol 3.0e-14)
PASS rel_l2=3.955e-16 rel_max=4.466e-16 (tol 1e-12) L=10 B=64
PASS map-chain m=1000: rel_l2=1.923e-13 (anchor 7.923e-14, tol 1.0e-10)
PASS rel_l2=3.955e-16 rel_max=4.466e-16 (tol 1e-12) L=10 B=64
PASS map-2-step: rel_l2=1.182e-15 (tol 3.0e-14)
PASS rel_l2=2.823e-16 rel_max=3.613e-16 (tol 1e-12) L=10 B=64
PASS map-chain m=1000: rel_l2=1.080e-13 (anchor 7.923e-14, tol 1.0e-10)
PASS rel_l2=2.823e-16 rel_max=3.613e-16 (tol 1e-12) L=10 B=64
PASS map-2-step: rel_l2=8.937e-16 (tol 3.0e-14)
PASS rel_l2=2.806e-16 rel_max=3.177e-16 (tol 1e-12) L=10 B=64
PASS map-chain m=1000: rel_l2=1.063e-13 (anchor 7.923e-14, tol 1.0e-10)
PASS rel_l2=2.806e-16 rel_max=3.177e-16 (tol 1e-12) L=10 B=64
PASS map-2-step: rel_l2=8.884e-16 (tol 3.0e-14)
PASS rel_l2=2.924e-16 rel_max=4.124e-16 (tol 1e-12) L=10 B=64
PASS map-chain m=1000: rel_l2=1.079e-13 (anchor 7.923e-14, tol 1.0e-10)
PASS rel_l2=2.924e-16 rel_max=4.124e-16 (tol 1e-12) L=10 B=64
PASS map-2-step: rel_l2=9.121e-16 (tol 3.0e-14)
PASS rel_l2=3.106e-16 rel_max=4.064e-16 (tol 1e-12) L=10 B=64
PASS map-chain m=1000: rel_l2=1.068e-13 (anchor 7.923e-14, tol 1.0e-10)
PASS rel_l2=3.106e-16 rel_max=4.064e-16 (tol 1e-12) L=10 B=64
PASS map-2-step: rel_l2=9.521e-16 (tol 3.0e-14)
PASS rel_l2=2.924e-16 rel_max=4.124e-16 (tol 1e-12) L=10 B=64
PASS map-chain m=1000: rel_l2=1.079e-13 (anchor 7.923e-14, tol 1.0e-10)
PASS rel_l2=2.924e-16 rel_max=4.124e-16 (tol 1e-12) L=10 B=64
PASS map-2-step: rel_l2=9.121e-16 (tol 3.0e-14)
PASS rel_l2=2.923e-16 rel_max=3.329e-16 (tol 1e-12) L=10 B=64
PASS map-chain m=1000: rel_l2=9.452e-14 (anchor 7.923e-14, tol 1.0e-10)
PASS rel_l2=2.923e-16 rel_max=3.329e-16 (tol 1e-12) L=10 B=64
PASS map-2-step: rel_l2=8.928e-16 (tol 3.0e-14)
PASS rel_l2=3.172e-16 rel_max=3.970e-16 (tol 1e-12) L=10 B=64
PASS map-chain m=1000: rel_l2=1.328e-13 (anchor 7.923e-14, tol 1.0e-10)
PASS rel_l2=3.172e-16 rel_max=3.970e-16 (tol 1e-12) L=10 B=64
PASS map-2-step: rel_l2=9.646e-16 (tol 3.0e-14)
PASS rel_l2=3.146e-16 rel_max=4.092e-16 (tol 1e-12) L=10 B=64
PASS map-chain m=1000: rel_l2=1.181e-13 (anchor 7.923e-14, tol 1.0e-10)
PASS rel_l2=3.146e-16 rel_max=4.092e-16 (tol 1e-12) L=10 B=64
PASS map-2-step: rel_l2=9.535e-16 (tol 3.0e-14)
PASS rel_l2=6.240e-16 rel_max=7.835e-16 (tol 1e-12) L=12 B=64
PASS map-chain m=600: rel_l2=2.883e-13 (anchor 4.287e-14, tol 1.0e-10)
PASS rel_l2=6.240e-16 rel_max=7.835e-16 (tol 1e-12) L=12 B=64
PASS map-2-step: rel_l2=1.694e-15 (tol 3.0e-14)
PASS rel_l2=1.981e-16 rel_max=3.239e-16 (tol 1e-12) L=12 B=64
PASS map-chain m=600: rel_l2=5.768e-14 (anchor 4.287e-14, tol 1.0e-10)
PASS rel_l2=1.981e-16 rel_max=3.239e-16 (tol 1e-12) L=12 B=64
PASS map-2-step: rel_l2=7.138e-16 (tol 3.0e-14)
PASS rel_l2=2.891e-16 rel_max=3.417e-16 (tol 1e-12) L=12 B=64
PASS map-chain m=600: rel_l2=8.463e-14 (anchor 4.287e-14, tol 1.0e-10)
PASS rel_l2=2.891e-16 rel_max=3.417e-16 (tol 1e-12) L=12 B=64
PASS map-2-step: rel_l2=9.140e-16 (tol 3.0e-14)
PASS rel_l2=2.891e-16 rel_max=3.417e-16 (tol 1e-12) L=12 B=64
PASS map-chain m=600: rel_l2=8.463e-14 (anchor 4.287e-14, tol 1.0e-10)
PASS rel_l2=2.891e-16 rel_max=3.417e-16 (tol 1e-12) L=12 B=64
PASS map-2-step: rel_l2=9.140e-16 (tol 3.0e-14)
PASS rel_l2=2.901e-16 rel_max=3.567e-16 (tol 1e-12) L=12 B=64
PASS map-chain m=600: rel_l2=6.147e-14 (anchor 4.287e-14, tol 1.0e-10)
PASS rel_l2=2.901e-16 rel_max=3.567e-16 (tol 1e-12) L=12 B=64
PASS map-2-step: rel_l2=9.244e-16 (tol 3.0e-14)
PASS rel_l2=2.942e-16 rel_max=3.516e-16 (tol 1e-12) L=12 B=64
PASS map-chain m=600: rel_l2=8.070e-14 (anchor 4.287e-14, tol 1.0e-10)
PASS rel_l2=2.942e-16 rel_max=3.516e-16 (tol 1e-12) L=12 B=64
PASS map-2-step: rel_l2=9.253e-16 (tol 3.0e-14)
PASS rel_l2=2.913e-16 rel_max=4.480e-16 (tol 1e-12) L=12 B=64
PASS map-chain m=600: rel_l2=6.576e-14 (anchor 4.287e-14, tol 1.0e-10)
PASS rel_l2=2.913e-16 rel_max=4.480e-16 (tol 1e-12) L=12 B=64
PASS map-2-step: rel_l2=9.310e-16 (tol 3.0e-14)
PASS rel_l2=2.901e-16 rel_max=3.567e-16 (tol 1e-12) L=12 B=64
PASS map-chain m=600: rel_l2=6.147e-14 (anchor 4.287e-14, tol 1.0e-10)
PASS rel_l2=2.923e-16 rel_max=3.567e-16 (tol 1e-12) L=12 B=64
PASS map-2-step: rel_l2=9.191e-16 (tol 3.0e-14)
PASS rel_l2=2.891e-16 rel_max=3.417e-16 (tol 1e-12) L=12 B=64
PASS map-chain m=600: rel_l2=6.401e-14 (anchor 4.287e-14, tol 1.0e-10)
PASS rel_l2=2.891e-16 rel_max=3.417e-16 (tol 1e-12) L=12 B=64
PASS map-2-step: rel_l2=9.238e-16 (tol 3.0e-14)
PASS rel_l2=4.790e-16 rel_max=6.045e-16 (tol 1e-12) L=12 B=64
PASS map-chain m=600: rel_l2=1.907e-13 (anchor 4.287e-14, tol 1.0e-10)
PASS rel_l2=4.790e-16 rel_max=6.045e-16 (tol 1e-12) L=12 B=64
PASS map-2-step: rel_l2=1.408e-15 (tol 3.0e-14)
PASS rel_l2=2.966e-16 rel_max=3.677e-16 (tol 1e-12) L=12 B=64
PASS map-chain m=600: rel_l2=5.653e-14 (anchor 4.287e-14, tol 1.0e-10)
PASS rel_l2=2.966e-16 rel_max=3.677e-16 (tol 1e-12) L=12 B=64
PASS map-2-step: rel_l2=9.609e-16 (tol 3.0e-14)
PASS rel_l2=2.969e-16 rel_max=4.459e-16 (tol 1e-12) L=12 B=64
PASS map-chain m=600: rel_l2=5.396e-14 (anchor 4.287e-14, tol 1.0e-10)
PASS rel_l2=2.969e-16 rel_max=4.459e-16 (tol 1e-12) L=12 B=64
PASS map-2-step: rel_l2=9.373e-16 (tol 3.0e-14)
PASS rel_l2=2.891e-16 rel_max=3.417e-16 (tol 1e-12) L=12 B=64
PASS map-chain m=600: rel_l2=6.401e-14 (anchor 4.287e-14, tol 1.0e-10)
PASS rel_l2=2.891e-16 rel_max=3.417e-16 (tol 1e-12) L=12 B=64
PASS map-2-step: rel_l2=9.238e-16 (tol 3.0e-14)
PASS rel_l2=2.946e-16 rel_max=4.406e-16 (tol 1e-12) L=12 B=64
PASS map-chain m=600: rel_l2=6.230e-14 (anchor 4.287e-14, tol 1.0e-10)
PASS rel_l2=2.946e-16 rel_max=4.406e-16 (tol 1e-12) L=12 B=64
PASS map-2-step: rel_l2=9.357e-16 (tol 3.0e-14)
PASS rel_l2=2.891e-16 rel_max=3.417e-16 (tol 1e-12) L=12 B=64
PASS map-chain m=600: rel_l2=6.401e-14 (anchor 4.287e-14, tol 1.0e-10)
PASS rel_l2=2.891e-16 rel_max=3.417e-16 (tol 1e-12) L=12 B=64
PASS map-2-step: rel_l2=9.238e-16 (tol 3.0e-14)
PASS rel_l2=2.966e-16 rel_max=3.640e-16 (tol 1e-12) L=12 B=64
PASS map-chain m=600: rel_l2=6.260e-14 (anchor 4.287e-14, tol 1.0e-10)
PASS rel_l2=2.966e-16 rel_max=3.640e-16 (tol 1e-12) L=12 B=64
PASS map-2-step: rel_l2=9.646e-16 (tol 3.0e-14)
PASS rel_l2=2.942e-16 rel_max=3.516e-16 (tol 1e-12) L=12 B=64
PASS map-chain m=600: rel_l2=8.070e-14 (anchor 4.287e-14, tol 1.0e-10)
PASS rel_l2=2.942e-16 rel_max=3.516e-16 (tol 1e-12) L=12 B=64
PASS map-2-step: rel_l2=9.253e-16 (tol 3.0e-14)
PASS rel_l2=2.891e-16 rel_max=3.417e-16 (tol 1e-12) L=12 B=64
PASS map-chain m=600: rel_l2=8.463e-14 (anchor 4.287e-14, tol 1.0e-10)
PASS rel_l2=2.891e-16 rel_max=3.417e-16 (tol 1e-12) L=12 B=64
PASS map-2-step: rel_l2=9.140e-16 (tol 3.0e-14)
PASS rel_l2=6.591e-16 rel_max=7.277e-16 (tol 1e-12) L=15 B=32
PASS map-chain m=600: rel_l2=2.714e-13 (anchor 3.761e-14, tol 1.0e-10)
PASS rel_l2=6.591e-16 rel_max=7.277e-16 (tol 1e-12) L=15 B=32
PASS map-2-step: rel_l2=2.075e-15 (tol 3.0e-14)
PASS rel_l2=2.702e-16 rel_max=2.834e-16 (tol 1e-12) L=15 B=32
PASS map-chain m=600: rel_l2=4.851e-14 (anchor 3.761e-14, tol 1.0e-10)
PASS rel_l2=2.702e-16 rel_max=2.834e-16 (tol 1e-12) L=15 B=32
PASS map-2-step: rel_l2=1.016e-15 (tol 3.0e-14)
PASS rel_l2=3.143e-16 rel_max=3.953e-16 (tol 1e-12) L=15 B=32
PASS map-chain m=600: rel_l2=4.752e-14 (anchor 3.761e-14, tol 1.0e-10)
PASS rel_l2=3.143e-16 rel_max=3.953e-16 (tol 1e-12) L=15 B=32
PASS map-2-step: rel_l2=1.109e-15 (tol 3.0e-14)
PASS rel_l2=3.143e-16 rel_max=3.953e-16 (tol 1e-12) L=15 B=32
PASS map-chain m=600: rel_l2=4.752e-14 (anchor 3.761e-14, tol 1.0e-10)
PASS rel_l2=3.143e-16 rel_max=3.953e-16 (tol 1e-12) L=15 B=32
PASS map-2-step: rel_l2=1.109e-15 (tol 3.0e-14)
PASS rel_l2=3.335e-16 rel_max=3.953e-16 (tol 1e-12) L=15 B=32
PASS map-chain m=600: rel_l2=5.007e-14 (anchor 3.761e-14, tol 1.0e-10)
PASS rel_l2=3.335e-16 rel_max=3.953e-16 (tol 1e-12) L=15 B=32
PASS map-2-step: rel_l2=1.145e-15 (tol 3.0e-14)
PASS rel_l2=3.256e-16 rel_max=3.764e-16 (tol 1e-12) L=15 B=32
PASS map-chain m=600: rel_l2=5.485e-14 (anchor 3.761e-14, tol 1.0e-10)
PASS rel_l2=3.256e-16 rel_max=3.764e-16 (tol 1e-12) L=15 B=32
PASS map-2-step: rel_l2=1.127e-15 (tol 3.0e-14)
PASS rel_l2=3.372e-16 rel_max=3.981e-16 (tol 1e-12) L=15 B=32
PASS map-chain m=600: rel_l2=5.195e-14 (anchor 3.761e-14, tol 1.0e-10)
PASS rel_l2=3.335e-16 rel_max=3.953e-16 (tol 1e-12) L=15 B=32
PASS map-2-step: rel_l2=1.145e-15 (tol 3.0e-14)
PASS rel_l2=3.335e-16 rel_max=3.953e-16 (tol 1e-12) L=15 B=32
PASS map-chain m=600: rel_l2=5.007e-14 (anchor 3.761e-14, tol 1.0e-10)
PASS rel_l2=3.335e-16 rel_max=3.953e-16 (tol 1e-12) L=15 B=32
PASS map-2-step: rel_l2=1.145e-15 (tol 3.0e-14)
PASS rel_l2=3.475e-16 rel_max=3.981e-16 (tol 1e-12) L=15 B=32
PASS map-chain m=600: rel_l2=6.245e-14 (anchor 3.761e-14, tol 1.0e-10)
PASS rel_l2=3.475e-16 rel_max=3.981e-16 (tol 1e-12) L=15 B=32
PASS map-2-step: rel_l2=1.205e-15 (tol 3.0e-14)
PASS rel_l2=5.722e-16 rel_max=5.966e-16 (tol 1e-12) L=15 B=32
PASS map-chain m=600: rel_l2=9.149e-14 (anchor 3.761e-14, tol 1.0e-10)
PASS rel_l2=5.722e-16 rel_max=5.966e-16 (tol 1e-12) L=15 B=32
PASS map-2-step: rel_l2=1.726e-15 (tol 3.0e-14)
PASS rel_l2=3.302e-16 rel_max=3.828e-16 (tol 1e-12) L=15 B=32
PASS map-chain m=600: rel_l2=5.015e-14 (anchor 3.761e-14, tol 1.0e-10)
PASS rel_l2=3.302e-16 rel_max=3.828e-16 (tol 1e-12) L=15 B=32
PASS map-2-step: rel_l2=1.162e-15 (tol 3.0e-14)
PASS rel_l2=3.326e-16 rel_max=3.792e-16 (tol 1e-12) L=15 B=32
PASS map-chain m=600: rel_l2=4.664e-14 (anchor 3.761e-14, tol 1.0e-10)
PASS rel_l2=3.326e-16 rel_max=3.792e-16 (tol 1e-12) L=15 B=32
PASS map-2-step: rel_l2=1.161e-15 (tol 3.0e-14)
PASS rel_l2=3.475e-16 rel_max=3.981e-16 (tol 1e-12) L=15 B=32
PASS map-chain m=600: rel_l2=6.245e-14 (anchor 3.761e-14, tol 1.0e-10)
PASS rel_l2=3.475e-16 rel_max=3.981e-16 (tol 1e-12) L=15 B=32
PASS map-2-step: rel_l2=1.205e-15 (tol 3.0e-14)
PASS rel_l2=3.269e-16 rel_max=3.125e-16 (tol 1e-12) L=15 B=32
PASS map-chain m=600: rel_l2=4.964e-14 (anchor 3.761e-14, tol 1.0e-10)
PASS rel_l2=3.269e-16 rel_max=3.125e-16 (tol 1e-12) L=15 B=32
PASS map-2-step: rel_l2=1.146e-15 (tol 3.0e-14)
PASS rel_l2=3.475e-16 rel_max=3.981e-16 (tol 1e-12) L=15 B=32
PASS map-chain m=600: rel_l2=6.245e-14 (anchor 3.761e-14, tol 1.0e-10)
PASS rel_l2=3.475e-16 rel_max=3.981e-16 (tol 1e-12) L=15 B=32
PASS map-2-step: rel_l2=1.205e-15 (tol 3.0e-14)
PASS rel_l2=3.363e-16 rel_max=3.734e-16 (tol 1e-12) L=15 B=32
PASS map-chain m=600: rel_l2=5.403e-14 (anchor 3.761e-14, tol 1.0e-10)
PASS rel_l2=3.363e-16 rel_max=3.734e-16 (tol 1e-12) L=15 B=32
PASS map-2-step: rel_l2=1.214e-15 (tol 3.0e-14)
PASS rel_l2=3.557e-16 rel_max=3.981e-16 (tol 1e-12) L=15 B=32
PASS map-chain m=600: rel_l2=6.114e-14 (anchor 3.761e-14, tol 1.0e-10)
PASS rel_l2=3.557e-16 rel_max=3.981e-16 (tol 1e-12) L=15 B=32
PASS map-2-step: rel_l2=1.245e-15 (tol 3.0e-14)
PASS rel_l2=3.496e-16 rel_max=3.463e-16 (tol 1e-12) L=15 B=32
PASS map-chain m=600: rel_l2=5.936e-14 (anchor 3.761e-14, tol 1.0e-10)
PASS rel_l2=3.496e-16 rel_max=3.463e-16 (tol 1e-12) L=15 B=32
PASS map-2-step: rel_l2=1.226e-15 (tol 3.0e-14)
PASS rel_l2=5.423e-16 rel_max=6.005e-16 (tol 1e-12) L=20 B=32
PASS map-chain m=256: rel_l2=1.004e-13 (anchor 5.203e-14, tol 1.0e-10)
PASS rel_l2=5.423e-16 rel_max=6.005e-16 (tol 1e-12) L=20 B=32
PASS map-2-step: rel_l2=1.745e-15 (tol 3.0e-14)
PASS rel_l2=2.779e-16 rel_max=3.703e-16 (tol 1e-12) L=20 B=32
PASS map-chain m=256: rel_l2=2.294e-14 (anchor 5.203e-14, tol 1.0e-10)
PASS rel_l2=2.779e-16 rel_max=3.703e-16 (tol 1e-12) L=20 B=32
PASS map-2-step: rel_l2=1.088e-15 (tol 3.0e-14)
PASS rel_l2=2.965e-16 rel_max=3.093e-16 (tol 1e-12) L=20 B=32
PASS map-chain m=256: rel_l2=2.974e-14 (anchor 5.203e-14, tol 1.0e-10)
PASS rel_l2=2.965e-16 rel_max=3.093e-16 (tol 1e-12) L=20 B=32
PASS map-2-step: rel_l2=1.172e-15 (tol 3.0e-14)
PASS rel_l2=2.965e-16 rel_max=3.093e-16 (tol 1e-12) L=20 B=32
PASS map-chain m=256: rel_l2=2.974e-14 (anchor 5.203e-14, tol 1.0e-10)
PASS rel_l2=2.965e-16 rel_max=3.093e-16 (tol 1e-12) L=20 B=32
PASS map-2-step: rel_l2=1.172e-15 (tol 3.0e-14)
PASS rel_l2=3.031e-16 rel_max=3.267e-16 (tol 1e-12) L=20 B=32
PASS map-chain m=256: rel_l2=2.477e-14 (anchor 5.203e-14, tol 1.0e-10)
PASS rel_l2=3.031e-16 rel_max=3.267e-16 (tol 1e-12) L=20 B=32
PASS map-2-step: rel_l2=1.189e-15 (tol 3.0e-14)
PASS rel_l2=3.060e-16 rel_max=3.752e-16 (tol 1e-12) L=20 B=32
PASS map-chain m=256: rel_l2=2.770e-14 (anchor 5.203e-14, tol 1.0e-10)
PASS rel_l2=3.060e-16 rel_max=3.752e-16 (tol 1e-12) L=20 B=32
PASS map-2-step: rel_l2=1.225e-15 (tol 3.0e-14)
PASS rel_l2=3.058e-16 rel_max=3.224e-16 (tol 1e-12) L=20 B=32
PASS map-chain m=256: rel_l2=2.592e-14 (anchor 5.203e-14, tol 1.0e-10)
PASS rel_l2=3.031e-16 rel_max=3.267e-16 (tol 1e-12) L=20 B=32
PASS map-2-step: rel_l2=1.189e-15 (tol 3.0e-14)
PASS rel_l2=3.057e-16 rel_max=3.652e-16 (tol 1e-12) L=20 B=32
PASS map-chain m=256: rel_l2=2.644e-14 (anchor 5.203e-14, tol 1.0e-10)
PASS rel_l2=3.113e-16 rel_max=3.690e-16 (tol 1e-12) L=20 B=32
PASS map-2-step: rel_l2=1.215e-15 (tol 3.0e-14)
PASS rel_l2=3.123e-16 rel_max=3.652e-16 (tol 1e-12) L=20 B=32
PASS map-chain m=256: rel_l2=2.789e-14 (anchor 5.203e-14, tol 1.0e-10)
PASS rel_l2=3.123e-16 rel_max=3.652e-16 (tol 1e-12) L=20 B=32
PASS map-2-step: rel_l2=1.241e-15 (tol 3.0e-14)
PASS rel_l2=5.013e-16 rel_max=6.253e-16 (tol 1e-12) L=20 B=32
PASS map-chain m=256: rel_l2=5.146e-14 (anchor 5.203e-14, tol 1.0e-10)
PASS rel_l2=5.013e-16 rel_max=6.253e-16 (tol 1e-12) L=20 B=32
PASS map-2-step: rel_l2=1.939e-15 (tol 3.0e-14)
PASS rel_l2=3.333e-16 rel_max=3.752e-16 (tol 1e-12) L=20 B=32
PASS map-chain m=256: rel_l2=3.290e-14 (anchor 5.203e-14, tol 1.0e-10)
PASS rel_l2=3.333e-16 rel_max=3.752e-16 (tol 1e-12) L=20 B=32
PASS map-2-step: rel_l2=1.312e-15 (tol 3.0e-14)
PASS rel_l2=3.233e-16 rel_max=3.652e-16 (tol 1e-12) L=20 B=32
PASS map-chain m=256: rel_l2=2.686e-14 (anchor 5.203e-14, tol 1.0e-10)
PASS rel_l2=3.233e-16 rel_max=3.652e-16 (tol 1e-12) L=20 B=32
PASS map-2-step: rel_l2=1.264e-15 (tol 3.0e-14)
PASS rel_l2=3.123e-16 rel_max=3.652e-16 (tol 1e-12) L=20 B=32
PASS map-chain m=256: rel_l2=2.789e-14 (anchor 5.203e-14, tol 1.0e-10)
PASS rel_l2=3.123e-16 rel_max=3.652e-16 (tol 1e-12) L=20 B=32
PASS map-2-step: rel_l2=1.241e-15 (tol 3.0e-14)
PASS rel_l2=3.194e-16 rel_max=3.660e-16 (tol 1e-12) L=20 B=32
PASS map-chain m=256: rel_l2=3.216e-14 (anchor 5.203e-14, tol 1.0e-10)
PASS rel_l2=3.194e-16 rel_max=3.660e-16 (tol 1e-12) L=20 B=32
PASS map-2-step: rel_l2=1.262e-15 (tol 3.0e-14)
PASS rel_l2=3.123e-16 rel_max=3.652e-16 (tol 1e-12) L=20 B=32
PASS map-chain m=256: rel_l2=2.789e-14 (anchor 5.203e-14, tol 1.0e-10)
PASS rel_l2=3.123e-16 rel_max=3.652e-16 (tol 1e-12) L=20 B=32
PASS map-2-step: rel_l2=1.241e-15 (tol 3.0e-14)
PASS rel_l2=3.339e-16 rel_max=3.690e-16 (tol 1e-12) L=20 B=32
PASS map-chain m=256: rel_l2=3.768e-14 (anchor 5.203e-14, tol 1.0e-10)
PASS rel_l2=3.339e-16 rel_max=3.690e-16 (tol 1e-12) L=20 B=32
PASS map-2-step: rel_l2=1.278e-15 (tol 3.0e-14)
PASS rel_l2=3.656e-16 rel_max=3.837e-16 (tol 1e-12) L=20 B=32
PASS map-chain m=256: rel_l2=4.341e-14 (anchor 5.203e-14, tol 1.0e-10)
PASS rel_l2=3.656e-16 rel_max=3.837e-16 (tol 1e-12) L=20 B=32
PASS map-2-step: rel_l2=1.418e-15 (tol 3.0e-14)
PASS rel_l2=3.649e-16 rel_max=3.837e-16 (tol 1e-12) L=20 B=32
PASS map-chain m=256: rel_l2=6.885e-14 (anchor 5.203e-14, tol 1.0e-10)
PASS rel_l2=3.649e-16 rel_max=3.837e-16 (tol 1e-12) L=20 B=32
PASS map-2-step: rel_l2=1.433e-15 (tol 3.0e-14)
PASS rel_l2=7.735e-16 rel_max=8.087e-16 (tol 1e-12) L=25 B=16
PASS map-chain m=256: rel_l2=1.303e-13 (anchor 3.114e-14, tol 1.0e-10)
PASS rel_l2=7.735e-16 rel_max=8.087e-16 (tol 1e-12) L=25 B=16
PASS map-2-step: rel_l2=2.936e-15 (tol 3.0e-14)
PASS rel_l2=3.096e-16 rel_max=3.730e-16 (tol 1e-12) L=25 B=16
PASS map-chain m=256: rel_l2=3.051e-14 (anchor 3.114e-14, tol 1.0e-10)
PASS rel_l2=3.096e-16 rel_max=3.730e-16 (tol 1e-12) L=25 B=16
PASS map-2-step: rel_l2=1.360e-15 (tol 3.0e-14)
PASS rel_l2=3.529e-16 rel_max=3.935e-16 (tol 1e-12) L=25 B=16
PASS map-chain m=256: rel_l2=3.593e-14 (anchor 3.114e-14, tol 1.0e-10)
PASS rel_l2=3.529e-16 rel_max=3.935e-16 (tol 1e-12) L=25 B=16
PASS map-2-step: rel_l2=1.544e-15 (tol 3.0e-14)
PASS rel_l2=3.529e-16 rel_max=3.935e-16 (tol 1e-12) L=25 B=16
PASS map-chain m=256: rel_l2=3.593e-14 (anchor 3.114e-14, tol 1.0e-10)
PASS rel_l2=3.529e-16 rel_max=3.935e-16 (tol 1e-12) L=25 B=16
PASS map-2-step: rel_l2=1.544e-15 (tol 3.0e-14)
PASS rel_l2=3.692e-16 rel_max=4.335e-16 (tol 1e-12) L=25 B=16
PASS map-chain m=256: rel_l2=3.856e-14 (anchor 3.114e-14, tol 1.0e-10)
PASS rel_l2=3.692e-16 rel_max=4.335e-16 (tol 1e-12) L=25 B=16
PASS map-2-step: rel_l2=1.622e-15 (tol 3.0e-14)
PASS rel_l2=3.827e-16 rel_max=4.697e-16 (tol 1e-12) L=25 B=16
PASS map-chain m=256: rel_l2=3.762e-14 (anchor 3.114e-14, tol 1.0e-10)
PASS rel_l2=3.907e-16 rel_max=4.658e-16 (tol 1e-12) L=25 B=16
PASS map-2-step: rel_l2=1.692e-15 (tol 3.0e-14)
PASS rel_l2=3.692e-16 rel_max=4.335e-16 (tol 1e-12) L=25 B=16
PASS map-chain m=256: rel_l2=3.856e-14 (anchor 3.114e-14, tol 1.0e-10)
PASS rel_l2=3.770e-16 rel_max=4.228e-16 (tol 1e-12) L=25 B=16
PASS map-2-step: rel_l2=1.658e-15 (tol 3.0e-14)
PASS rel_l2=3.692e-16 rel_max=4.335e-16 (tol 1e-12) L=25 B=16
PASS map-chain m=256: rel_l2=3.856e-14 (anchor 3.114e-14, tol 1.0e-10)
PASS rel_l2=3.692e-16 rel_max=4.335e-16 (tol 1e-12) L=25 B=16
PASS map-2-step: rel_l2=1.622e-15 (tol 3.0e-14)
PASS rel_l2=6.474e-16 rel_max=7.756e-16 (tol 1e-12) L=25 B=16
PASS map-chain m=256: rel_l2=5.493e-14 (anchor 3.114e-14, tol 1.0e-10)
PASS rel_l2=6.474e-16 rel_max=7.756e-16 (tol 1e-12) L=25 B=16
PASS map-2-step: rel_l2=2.113e-15 (tol 3.0e-14)
PASS rel_l2=3.863e-16 rel_max=4.120e-16 (tol 1e-12) L=25 B=16
PASS map-chain m=256: rel_l2=3.752e-14 (anchor 3.114e-14, tol 1.0e-10)
PASS rel_l2=3.863e-16 rel_max=4.120e-16 (tol 1e-12) L=25 B=16
PASS map-2-step: rel_l2=1.572e-15 (tol 3.0e-14)
PASS rel_l2=3.706e-16 rel_max=4.370e-16 (tol 1e-12) L=25 B=16
PASS map-chain m=256: rel_l2=3.893e-14 (anchor 3.114e-14, tol 1.0e-10)
PASS rel_l2=3.706e-16 rel_max=4.370e-16 (tol 1e-12) L=25 B=16
PASS map-2-step: rel_l2=1.592e-15 (tol 3.0e-14)
PASS rel_l2=3.600e-16 rel_max=4.697e-16 (tol 1e-12) L=25 B=16
PASS map-chain m=256: rel_l2=3.547e-14 (anchor 3.114e-14, tol 1.0e-10)
PASS rel_l2=3.600e-16 rel_max=4.697e-16 (tol 1e-12) L=25 B=16
PASS map-2-step: rel_l2=1.589e-15 (tol 3.0e-14)
PASS rel_l2=3.600e-16 rel_max=4.697e-16 (tol 1e-12) L=25 B=16
PASS map-chain m=256: rel_l2=3.547e-14 (anchor 3.114e-14, tol 1.0e-10)
PASS rel_l2=3.600e-16 rel_max=4.697e-16 (tol 1e-12) L=25 B=16
PASS map-2-step: rel_l2=1.589e-15 (tol 3.0e-14)
PASS rel_l2=3.700e-16 rel_max=4.612e-16 (tol 1e-12) L=25 B=16
PASS map-chain m=256: rel_l2=3.674e-14 (anchor 3.114e-14, tol 1.0e-10)
PASS rel_l2=3.700e-16 rel_max=4.612e-16 (tol 1e-12) L=25 B=16
PASS map-2-step: rel_l2=1.525e-15 (tol 3.0e-14)
PASS rel_l2=4.129e-16 rel_max=4.676e-16 (tol 1e-12) L=25 B=16
PASS map-chain m=256: rel_l2=4.085e-14 (anchor 3.114e-14, tol 1.0e-10)
PASS rel_l2=4.129e-16 rel_max=4.676e-16 (tol 1e-12) L=25 B=16
PASS map-2-step: rel_l2=1.861e-15 (tol 3.0e-14)
PASS rel_l2=4.123e-16 rel_max=4.923e-16 (tol 1e-12) L=25 B=16
PASS map-chain m=256: rel_l2=4.144e-14 (anchor 3.114e-14, tol 1.0e-10)
PASS rel_l2=4.123e-16 rel_max=4.923e-16 (tol 1e-12) L=25 B=16
PASS map-2-step: rel_l2=1.793e-15 (tol 3.0e-14)
PASS rel_l2=7.882e-16 rel_max=8.795e-16 (tol 1e-12) L=27 B=16
PASS map-chain m=200: rel_l2=1.083e-13 (anchor 2.612e-14, tol 1.0e-10)
PASS rel_l2=7.882e-16 rel_max=8.795e-16 (tol 1e-12) L=27 B=16
PASS map-2-step: rel_l2=2.905e-15 (tol 3.0e-14)
PASS rel_l2=3.212e-16 rel_max=3.496e-16 (tol 1e-12) L=27 B=16
PASS map-chain m=200: rel_l2=2.950e-14 (anchor 2.612e-14, tol 1.0e-10)
PASS rel_l2=3.212e-16 rel_max=3.496e-16 (tol 1e-12) L=27 B=16
PASS map-2-step: rel_l2=1.422e-15 (tol 3.0e-14)
PASS rel_l2=3.762e-16 rel_max=4.559e-16 (tol 1e-12) L=27 B=16
PASS map-chain m=200: rel_l2=2.986e-14 (anchor 2.612e-14, tol 1.0e-10)
PASS rel_l2=3.762e-16 rel_max=4.559e-16 (tol 1e-12) L=27 B=16
PASS map-2-step: rel_l2=1.670e-15 (tol 3.0e-14)
PASS rel_l2=3.762e-16 rel_max=4.559e-16 (tol 1e-12) L=27 B=16
PASS map-chain m=200: rel_l2=2.986e-14 (anchor 2.612e-14, tol 1.0e-10)
PASS rel_l2=3.762e-16 rel_max=4.559e-16 (tol 1e-12) L=27 B=16
PASS map-2-step: rel_l2=1.670e-15 (tol 3.0e-14)
PASS rel_l2=3.606e-16 rel_max=4.029e-16 (tol 1e-12) L=27 B=16
PASS map-chain m=200: rel_l2=2.889e-14 (anchor 2.612e-14, tol 1.0e-10)
PASS rel_l2=3.606e-16 rel_max=4.029e-16 (tol 1e-12) L=27 B=16
PASS map-2-step: rel_l2=1.548e-15 (tol 3.0e-14)
PASS rel_l2=3.637e-16 rel_max=4.210e-16 (tol 1e-12) L=27 B=16
PASS map-chain m=200: rel_l2=3.294e-14 (anchor 2.612e-14, tol 1.0e-10)
PASS rel_l2=3.637e-16 rel_max=4.210e-16 (tol 1e-12) L=27 B=16
PASS map-2-step: rel_l2=1.593e-15 (tol 3.0e-14)
PASS rel_l2=3.666e-16 rel_max=4.692e-16 (tol 1e-12) L=27 B=16
PASS map-chain m=200: rel_l2=2.756e-14 (anchor 2.612e-14, tol 1.0e-10)
PASS rel_l2=3.637e-16 rel_max=4.210e-16 (tol 1e-12) L=27 B=16
PASS map-2-step: rel_l2=1.591e-15 (tol 3.0e-14)
PASS rel_l2=3.741e-16 rel_max=4.695e-16 (tol 1e-12) L=27 B=16
PASS map-chain m=200: rel_l2=2.918e-14 (anchor 2.612e-14, tol 1.0e-10)
PASS rel_l2=3.741e-16 rel_max=4.695e-16 (tol 1e-12) L=27 B=16
PASS map-2-step: rel_l2=1.629e-15 (tol 3.0e-14)
PASS rel_l2=5.573e-16 rel_max=6.303e-16 (tol 1e-12) L=27 B=16
PASS map-chain m=200: rel_l2=4.638e-14 (anchor 2.612e-14, tol 1.0e-10)
PASS rel_l2=5.573e-16 rel_max=6.303e-16 (tol 1e-12) L=27 B=16
PASS map-2-step: rel_l2=2.299e-15 (tol 3.0e-14)
PASS rel_l2=4.127e-16 rel_max=5.597e-16 (tol 1e-12) L=27 B=16
PASS map-chain m=200: rel_l2=4.008e-14 (anchor 2.612e-14, tol 1.0e-10)
PASS rel_l2=4.127e-16 rel_max=5.597e-16 (tol 1e-12) L=27 B=16
PASS map-2-step: rel_l2=1.742e-15 (tol 3.0e-14)
PASS rel_l2=4.001e-16 rel_max=4.559e-16 (tol 1e-12) L=27 B=16
PASS map-chain m=200: rel_l2=3.105e-14 (anchor 2.612e-14, tol 1.0e-10)
PASS rel_l2=4.001e-16 rel_max=4.559e-16 (tol 1e-12) L=27 B=16
PASS map-2-step: rel_l2=1.670e-15 (tol 3.0e-14)
PASS rel_l2=3.735e-16 rel_max=4.944e-16 (tol 1e-12) L=27 B=16
PASS map-chain m=200: rel_l2=2.895e-14 (anchor 2.612e-14, tol 1.0e-10)
PASS rel_l2=3.735e-16 rel_max=4.944e-16 (tol 1e-12) L=27 B=16
PASS map-2-step: rel_l2=1.660e-15 (tol 3.0e-14)
PASS rel_l2=3.735e-16 rel_max=4.944e-16 (tol 1e-12) L=27 B=16
PASS map-chain m=200: rel_l2=2.895e-14 (anchor 2.612e-14, tol 1.0e-10)
PASS rel_l2=3.735e-16 rel_max=4.944e-16 (tol 1e-12) L=27 B=16
PASS map-2-step: rel_l2=1.660e-15 (tol 3.0e-14)
PASS rel_l2=3.893e-16 rel_max=5.006e-16 (tol 1e-12) L=27 B=16
PASS map-chain m=200: rel_l2=3.097e-14 (anchor 2.612e-14, tol 1.0e-10)
PASS rel_l2=3.893e-16 rel_max=5.006e-16 (tol 1e-12) L=27 B=16
PASS map-2-step: rel_l2=1.671e-15 (tol 3.0e-14)
PASS rel_l2=3.716e-16 rel_max=4.695e-16 (tol 1e-12) L=27 B=16
PASS map-chain m=200: rel_l2=2.985e-14 (anchor 2.612e-14, tol 1.0e-10)
PASS rel_l2=3.716e-16 rel_max=4.695e-16 (tol 1e-12) L=27 B=16
PASS map-2-step: rel_l2=1.597e-15 (tol 3.0e-14)
PASS rel_l2=3.716e-16 rel_max=4.695e-16 (tol 1e-12) L=27 B=16
PASS map-chain m=200: rel_l2=2.985e-14 (anchor 2.612e-14, tol 1.0e-10)
PASS rel_l2=3.716e-16 rel_max=4.695e-16 (tol 1e-12) L=27 B=16
PASS map-2-step: rel_l2=1.597e-15 (tol 3.0e-14)
PASS rel_l2=8.121e-16 rel_max=9.017e-16 (tol 1e-12) L=31 B=16
PASS map-chain m=140: rel_l2=8.012e-14 (anchor 2.062e-14, tol 1.0e-10)
PASS rel_l2=8.121e-16 rel_max=9.017e-16 (tol 1e-12) L=31 B=16
PASS map-2-step: rel_l2=3.231e-15 (tol 3.0e-14)
PASS rel_l2=3.204e-16 rel_max=3.803e-16 (tol 1e-12) L=31 B=16
PASS map-chain m=140: rel_l2=2.348e-14 (anchor 2.062e-14, tol 1.0e-10)
PASS rel_l2=3.204e-16 rel_max=3.803e-16 (tol 1e-12) L=31 B=16
PASS map-2-step: rel_l2=1.491e-15 (tol 3.0e-14)
PASS rel_l2=4.491e-16 rel_max=4.446e-16 (tol 1e-12) L=31 B=16
PASS map-chain m=140: rel_l2=3.514e-14 (anchor 2.062e-14, tol 1.0e-10)
PASS rel_l2=4.491e-16 rel_max=4.446e-16 (tol 1e-12) L=31 B=16
PASS map-2-step: rel_l2=2.042e-15 (tol 3.0e-14)
PASS rel_l2=4.491e-16 rel_max=4.446e-16 (tol 1e-12) L=31 B=16
PASS map-chain m=140: rel_l2=3.514e-14 (anchor 2.062e-14, tol 1.0e-10)
PASS rel_l2=4.491e-16 rel_max=4.446e-16 (tol 1e-12) L=31 B=16
PASS map-2-step: rel_l2=2.042e-15 (tol 3.0e-14)
PASS rel_l2=3.916e-16 rel_max=5.002e-16 (tol 1e-12) L=31 B=16
PASS map-chain m=140: rel_l2=2.923e-14 (anchor 2.062e-14, tol 1.0e-10)
PASS rel_l2=3.916e-16 rel_max=5.002e-16 (tol 1e-12) L=31 B=16
PASS map-2-step: rel_l2=1.731e-15 (tol 3.0e-14)
PASS rel_l2=3.916e-16 rel_max=5.002e-16 (tol 1e-12) L=31 B=16
PASS map-chain m=140: rel_l2=2.923e-14 (anchor 2.062e-14, tol 1.0e-10)
PASS rel_l2=3.916e-16 rel_max=5.002e-16 (tol 1e-12) L=31 B=16
PASS map-2-step: rel_l2=1.731e-15 (tol 3.0e-14)
PASS rel_l2=3.916e-16 rel_max=5.002e-16 (tol 1e-12) L=31 B=16
PASS map-chain m=140: rel_l2=2.923e-14 (anchor 2.062e-14, tol 1.0e-10)
PASS rel_l2=3.916e-16 rel_max=5.002e-16 (tol 1e-12) L=31 B=16
PASS map-2-step: rel_l2=1.731e-15 (tol 3.0e-14)
PASS rel_l2=3.916e-16 rel_max=5.002e-16 (tol 1e-12) L=31 B=16
PASS map-chain m=140: rel_l2=2.923e-14 (anchor 2.062e-14, tol 1.0e-10)
PASS rel_l2=3.916e-16 rel_max=5.002e-16 (tol 1e-12) L=31 B=16
PASS map-2-step: rel_l2=1.731e-15 (tol 3.0e-14)
PASS rel_l2=5.641e-16 rel_max=6.299e-16 (tol 1e-12) L=31 B=16
PASS map-chain m=140: rel_l2=4.520e-14 (anchor 2.062e-14, tol 1.0e-10)
PASS rel_l2=5.641e-16 rel_max=6.299e-16 (tol 1e-12) L=31 B=16
PASS map-2-step: rel_l2=2.579e-15 (tol 3.0e-14)
PASS rel_l2=3.912e-16 rel_max=5.041e-16 (tol 1e-12) L=31 B=16
PASS map-chain m=140: rel_l2=3.114e-14 (anchor 2.062e-14, tol 1.0e-10)
PASS rel_l2=3.912e-16 rel_max=5.041e-16 (tol 1e-12) L=31 B=16
PASS map-2-step: rel_l2=1.797e-15 (tol 3.0e-14)
PASS rel_l2=4.020e-16 rel_max=4.401e-16 (tol 1e-12) L=31 B=16
PASS map-chain m=140: rel_l2=2.919e-14 (anchor 2.062e-14, tol 1.0e-10)
PASS rel_l2=4.020e-16 rel_max=4.401e-16 (tol 1e-12) L=31 B=16
PASS map-2-step: rel_l2=1.806e-15 (tol 3.0e-14)
PASS rel_l2=4.022e-16 rel_max=4.552e-16 (tol 1e-12) L=31 B=16
PASS map-chain m=140: rel_l2=3.091e-14 (anchor 2.062e-14, tol 1.0e-10)
PASS rel_l2=4.022e-16 rel_max=4.552e-16 (tol 1e-12) L=31 B=16
PASS map-2-step: rel_l2=1.825e-15 (tol 3.0e-14)
PASS rel_l2=4.059e-16 rel_max=3.954e-16 (tol 1e-12) L=31 B=16
PASS map-chain m=140: rel_l2=3.459e-14 (anchor 2.062e-14, tol 1.0e-10)
PASS rel_l2=4.059e-16 rel_max=3.954e-16 (tol 1e-12) L=31 B=16
PASS map-2-step: rel_l2=1.857e-15 (tol 3.0e-14)
PASS rel_l2=4.059e-16 rel_max=3.954e-16 (tol 1e-12) L=31 B=16
PASS map-chain m=140: rel_l2=3.459e-14 (anchor 2.062e-14, tol 1.0e-10)
PASS rel_l2=4.059e-16 rel_max=3.954e-16 (tol 1e-12) L=31 B=16
PASS map-2-step: rel_l2=1.857e-15 (tol 3.0e-14)
PASS rel_l2=4.022e-16 rel_max=4.552e-16 (tol 1e-12) L=31 B=16
PASS map-chain m=140: rel_l2=3.000e-14 (anchor 2.062e-14, tol 1.0e-10)
PASS rel_l2=4.022e-16 rel_max=4.552e-16 (tol 1e-12) L=31 B=16
PASS map-2-step: rel_l2=1.827e-15 (tol 3.0e-14)
PASS rel_l2=4.230e-16 rel_max=5.041e-16 (tol 1e-12) L=31 B=16
PASS map-chain m=140: rel_l2=3.464e-14 (anchor 2.062e-14, tol 1.0e-10)
PASS rel_l2=4.230e-16 rel_max=5.041e-16 (tol 1e-12) L=31 B=16
PASS map-2-step: rel_l2=1.956e-15 (tol 3.0e-14)
PASS rel_l2=4.230e-16 rel_max=5.041e-16 (tol 1e-12) L=31 B=16
PASS map-chain m=140: rel_l2=3.464e-14 (anchor 2.062e-14, tol 1.0e-10)
PASS rel_l2=4.230e-16 rel_max=5.041e-16 (tol 1e-12) L=31 B=16
PASS map-2-step: rel_l2=1.956e-15 (tol 3.0e-14)
PASS rel_l2=6.749e-16 rel_max=6.885e-16 (tol 1e-12) L=32 B=8
PASS map-chain m=250: rel_l2=1.158e-13 (anchor 0.000e+00, tol 1.0e-10)
PASS rel_l2=6.749e-16 rel_max=6.885e-16 (tol 1e-12) L=32 B=8
PASS map-2-step: rel_l2=2.509e-15 (tol 3.0e-14)
PASS rel_l2=2.480e-16 rel_max=3.016e-16 (tol 1e-12) L=32 B=8
PASS map-chain m=250: rel_l2=2.284e-14 (anchor 0.000e+00, tol 1.0e-10)
PASS rel_l2=2.480e-16 rel_max=3.016e-16 (tol 1e-12) L=32 B=8
PASS map-2-step: rel_l2=1.135e-15 (tol 3.0e-14)
PASS rel_l2=2.903e-16 rel_max=3.720e-16 (tol 1e-12) L=32 B=8
PASS map-chain m=250: rel_l2=2.797e-14 (anchor 0.000e+00, tol 1.0e-10)
PASS rel_l2=2.903e-16 rel_max=3.720e-16 (tol 1e-12) L=32 B=8
PASS map-2-step: rel_l2=1.267e-15 (tol 3.0e-14)
PASS rel_l2=2.903e-16 rel_max=3.720e-16 (tol 1e-12) L=32 B=8
PASS map-chain m=250: rel_l2=2.797e-14 (anchor 0.000e+00, tol 1.0e-10)
PASS rel_l2=2.903e-16 rel_max=3.720e-16 (tol 1e-12) L=32 B=8
PASS map-2-step: rel_l2=1.267e-15 (tol 3.0e-14)
PASS rel_l2=3.004e-16 rel_max=3.100e-16 (tol 1e-12) L=32 B=8
PASS map-chain m=250: rel_l2=2.788e-14 (anchor 0.000e+00, tol 1.0e-10)
PASS rel_l2=3.004e-16 rel_max=3.100e-16 (tol 1e-12) L=32 B=8
PASS map-2-step: rel_l2=1.302e-15 (tol 3.0e-14)
PASS rel_l2=2.867e-16 rel_max=3.239e-16 (tol 1e-12) L=32 B=8
PASS map-chain m=250: rel_l2=2.945e-14 (anchor 0.000e+00, tol 1.0e-10)
PASS rel_l2=2.980e-16 rel_max=3.402e-16 (tol 1e-12) L=32 B=8
PASS map-2-step: rel_l2=1.345e-15 (tol 3.0e-14)
PASS rel_l2=3.049e-16 rel_max=3.100e-16 (tol 1e-12) L=32 B=8
PASS map-chain m=250: rel_l2=2.899e-14 (anchor 0.000e+00, tol 1.0e-10)
PASS rel_l2=3.049e-16 rel_max=3.100e-16 (tol 1e-12) L=32 B=8
PASS map-2-step: rel_l2=1.326e-15 (tol 3.0e-14)
PASS rel_l2=3.146e-16 rel_max=3.658e-16 (tol 1e-12) L=32 B=8
PASS map-chain m=250: rel_l2=2.901e-14 (anchor 0.000e+00, tol 1.0e-10)
PASS rel_l2=3.099e-16 rel_max=3.851e-16 (tol 1e-12) L=32 B=8
PASS map-2-step: rel_l2=1.363e-15 (tol 3.0e-14)
PASS rel_l2=4.693e-16 rel_max=4.959e-16 (tol 1e-12) L=32 B=8
PASS map-chain m=250: rel_l2=5.096e-14 (anchor 0.000e+00, tol 1.0e-10)
PASS rel_l2=4.693e-16 rel_max=4.959e-16 (tol 1e-12) L=32 B=8
PASS map-2-step: rel_l2=2.088e-15 (tol 3.0e-14)
PASS rel_l2=3.279e-16 rel_max=3.739e-16 (tol 1e-12) L=32 B=8
PASS map-chain m=250: rel_l2=2.908e-14 (anchor 0.000e+00, tol 1.0e-10)
PASS rel_l2=3.279e-16 rel_max=3.739e-16 (tol 1e-12) L=32 B=8
PASS map-2-step: rel_l2=1.443e-15 (tol 3.0e-14)
PASS rel_l2=3.244e-16 rel_max=3.851e-16 (tol 1e-12) L=32 B=8
PASS map-chain m=250: rel_l2=2.831e-14 (anchor 0.000e+00, tol 1.0e-10)
PASS rel_l2=3.244e-16 rel_max=3.851e-16 (tol 1e-12) L=32 B=8
PASS map-2-step: rel_l2=1.466e-15 (tol 3.0e-14)
PASS rel_l2=2.900e-16 rel_max=3.955e-16 (tol 1e-12) L=32 B=8
PASS map-chain m=250: rel_l2=2.704e-14 (anchor 0.000e+00, tol 1.0e-10)
PASS rel_l2=2.900e-16 rel_max=3.955e-16 (tol 1e-12) L=32 B=8
PASS map-2-step: rel_l2=1.304e-15 (tol 3.0e-14)
PASS rel_l2=2.900e-16 rel_max=3.955e-16 (tol 1e-12) L=32 B=8
PASS map-chain m=250: rel_l2=2.704e-14 (anchor 0.000e+00, tol 1.0e-10)
PASS rel_l2=2.900e-16 rel_max=3.955e-16 (tol 1e-12) L=32 B=8
PASS map-2-step: rel_l2=1.304e-15 (tol 3.0e-14)
PASS rel_l2=3.294e-16 rel_max=3.661e-16 (tol 1e-12) L=32 B=8
PASS map-chain m=250: rel_l2=2.991e-14 (anchor 0.000e+00, tol 1.0e-10)
PASS rel_l2=3.294e-16 rel_max=3.661e-16 (tol 1e-12) L=32 B=8
PASS map-2-step: rel_l2=1.438e-15 (tol 3.0e-14)
PASS rel_l2=2.912e-16 rel_max=3.609e-16 (tol 1e-12) L=32 B=8
PASS map-chain m=250: rel_l2=2.707e-14 (anchor 0.000e+00, tol 1.0e-10)
PASS rel_l2=2.912e-16 rel_max=3.609e-16 (tol 1e-12) L=32 B=8
PASS map-2-step: rel_l2=1.301e-15 (tol 3.0e-14)
PASS rel_l2=2.896e-16 rel_max=3.658e-16 (tol 1e-12) L=32 B=8
PASS map-chain m=250: rel_l2=2.812e-14 (anchor 0.000e+00, tol 1.0e-10)
PASS rel_l2=2.896e-16 rel_max=3.658e-16 (tol 1e-12) L=32 B=8
PASS map-2-step: rel_l2=1.299e-15 (tol 3.0e-14)
PASS rel_l2=6.392e-16 rel_max=8.365e-16 (tol 1e-12) L=40 B=8
PASS map-chain m=128: rel_l2=5.875e-14 (anchor 2.014e-14, tol 1.0e-10)
PASS rel_l2=6.392e-16 rel_max=8.365e-16 (tol 1e-12) L=40 B=8
PASS map-2-step: rel_l2=2.517e-15 (tol 3.0e-14)
PASS rel_l2=3.112e-16 rel_max=3.767e-16 (tol 1e-12) L=40 B=8
PASS map-chain m=128: rel_l2=2.055e-14 (anchor 2.014e-14, tol 1.0e-10)
PASS rel_l2=3.112e-16 rel_max=3.767e-16 (tol 1e-12) L=40 B=8
PASS map-2-step: rel_l2=1.511e-15 (tol 3.0e-14)
PASS rel_l2=3.606e-16 rel_max=3.974e-16 (tol 1e-12) L=40 B=8
PASS map-chain m=128: rel_l2=2.361e-14 (anchor 2.014e-14, tol 1.0e-10)
PASS rel_l2=3.606e-16 rel_max=3.974e-16 (tol 1e-12) L=40 B=8
PASS map-2-step: rel_l2=1.783e-15 (tol 3.0e-14)
PASS rel_l2=3.606e-16 rel_max=3.974e-16 (tol 1e-12) L=40 B=8
PASS map-chain m=128: rel_l2=2.361e-14 (anchor 2.014e-14, tol 1.0e-10)
PASS rel_l2=3.606e-16 rel_max=3.974e-16 (tol 1e-12) L=40 B=8
PASS map-2-step: rel_l2=1.783e-15 (tol 3.0e-14)
PASS rel_l2=3.595e-16 rel_max=4.496e-16 (tol 1e-12) L=40 B=8
PASS map-chain m=128: rel_l2=2.379e-14 (anchor 2.014e-14, tol 1.0e-10)
PASS rel_l2=3.595e-16 rel_max=4.496e-16 (tol 1e-12) L=40 B=8
PASS map-2-step: rel_l2=1.760e-15 (tol 3.0e-14)
PASS rel_l2=3.732e-16 rel_max=5.141e-16 (tol 1e-12) L=40 B=8
PASS map-chain m=128: rel_l2=2.561e-14 (anchor 2.014e-14, tol 1.0e-10)
PASS rel_l2=3.693e-16 rel_max=4.496e-16 (tol 1e-12) L=40 B=8
PASS map-2-step: rel_l2=1.772e-15 (tol 3.0e-14)
PASS rel_l2=3.587e-16 rel_max=4.572e-16 (tol 1e-12) L=40 B=8
PASS map-chain m=128: rel_l2=2.266e-14 (anchor 2.014e-14, tol 1.0e-10)
PASS rel_l2=3.545e-16 rel_max=4.410e-16 (tol 1e-12) L=40 B=8
PASS map-2-step: rel_l2=1.706e-15 (tol 3.0e-14)
PASS rel_l2=3.545e-16 rel_max=4.496e-16 (tol 1e-12) L=40 B=8
PASS map-chain m=128: rel_l2=2.416e-14 (anchor 2.014e-14, tol 1.0e-10)
PASS rel_l2=3.513e-16 rel_max=4.709e-16 (tol 1e-12) L=40 B=8
PASS map-2-step: rel_l2=1.737e-15 (tol 3.0e-14)
PASS rel_l2=5.558e-16 rel_max=5.997e-16 (tol 1e-12) L=40 B=8
PASS map-chain m=128: rel_l2=3.739e-14 (anchor 2.014e-14, tol 1.0e-10)
PASS rel_l2=5.558e-16 rel_max=5.997e-16 (tol 1e-12) L=40 B=8
PASS map-2-step: rel_l2=2.714e-15 (tol 3.0e-14)
PASS rel_l2=3.622e-16 rel_max=4.047e-16 (tol 1e-12) L=40 B=8
PASS map-chain m=128: rel_l2=2.475e-14 (anchor 2.014e-14, tol 1.0e-10)
PASS rel_l2=3.622e-16 rel_max=4.047e-16 (tol 1e-12) L=40 B=8
PASS map-2-step: rel_l2=1.827e-15 (tol 3.0e-14)
PASS rel_l2=3.586e-16 rel_max=4.458e-16 (tol 1e-12) L=40 B=8
PASS map-chain m=128: rel_l2=2.659e-14 (anchor 2.014e-14, tol 1.0e-10)
PASS rel_l2=3.586e-16 rel_max=4.458e-16 (tol 1e-12) L=40 B=8
PASS map-2-step: rel_l2=1.821e-15 (tol 3.0e-14)
PASS rel_l2=3.665e-16 rel_max=3.943e-16 (tol 1e-12) L=40 B=8
PASS map-chain m=128: rel_l2=2.686e-14 (anchor 2.014e-14, tol 1.0e-10)
PASS rel_l2=3.665e-16 rel_max=3.943e-16 (tol 1e-12) L=40 B=8
PASS map-2-step: rel_l2=1.839e-15 (tol 3.0e-14)
PASS rel_l2=3.586e-16 rel_max=4.458e-16 (tol 1e-12) L=40 B=8
PASS map-chain m=128: rel_l2=2.659e-14 (anchor 2.014e-14, tol 1.0e-10)
PASS rel_l2=3.586e-16 rel_max=4.458e-16 (tol 1e-12) L=40 B=8
PASS map-2-step: rel_l2=1.821e-15 (tol 3.0e-14)
PASS rel_l2=3.758e-16 rel_max=4.603e-16 (tol 1e-12) L=40 B=8
PASS map-chain m=128: rel_l2=2.471e-14 (anchor 2.014e-14, tol 1.0e-10)
PASS rel_l2=3.758e-16 rel_max=4.603e-16 (tol 1e-12) L=40 B=8
PASS map-2-step: rel_l2=1.827e-15 (tol 3.0e-14)
PASS rel_l2=5.049e-16 rel_max=7.177e-16 (tol 1e-12) L=40 B=8
PASS map-chain m=128: rel_l2=4.067e-14 (anchor 2.014e-14, tol 1.0e-10)
PASS rel_l2=5.049e-16 rel_max=7.177e-16 (tol 1e-12) L=40 B=8
PASS map-2-step: rel_l2=2.256e-15 (tol 3.0e-14)
PASS rel_l2=4.199e-16 rel_max=4.523e-16 (tol 1e-12) L=40 B=8
PASS map-chain m=128: rel_l2=2.689e-14 (anchor 2.014e-14, tol 1.0e-10)
PASS rel_l2=4.199e-16 rel_max=4.523e-16 (tol 1e-12) L=40 B=8
PASS map-2-step: rel_l2=2.047e-15 (tol 3.0e-14)
PASS rel_l2=8.630e-16 rel_max=1.049e-15 (tol 1e-12) L=50 B=4
PASS map-chain m=128: rel_l2=8.613e-14 (anchor 5.133e-14, tol 1.0e-10)
PASS rel_l2=8.630e-16 rel_max=1.049e-15 (tol 1e-12) L=50 B=4
PASS map-2-step: rel_l2=3.934e-15 (tol 3.0e-14)
PASS rel_l2=3.527e-16 rel_max=3.930e-16 (tol 1e-12) L=50 B=4
PASS map-chain m=128: rel_l2=2.765e-14 (anchor 5.133e-14, tol 1.0e-10)
PASS rel_l2=3.527e-16 rel_max=3.930e-16 (tol 1e-12) L=50 B=4
PASS map-2-step: rel_l2=1.860e-15 (tol 3.0e-14)
PASS rel_l2=4.312e-16 rel_max=5.244e-16 (tol 1e-12) L=50 B=4
PASS map-chain m=128: rel_l2=4.775e-14 (anchor 5.133e-14, tol 1.0e-10)
PASS rel_l2=4.312e-16 rel_max=5.244e-16 (tol 1e-12) L=50 B=4
PASS map-2-step: rel_l2=2.245e-15 (tol 3.0e-14)
PASS rel_l2=4.495e-16 rel_max=6.046e-16 (tol 1e-12) L=50 B=4
PASS map-chain m=128: rel_l2=5.130e-14 (anchor 5.133e-14, tol 1.0e-10)
PASS rel_l2=4.495e-16 rel_max=6.046e-16 (tol 1e-12) L=50 B=4
PASS map-2-step: rel_l2=2.323e-15 (tol 3.0e-14)
PASS rel_l2=4.321e-16 rel_max=4.913e-16 (tol 1e-12) L=50 B=4
PASS map-chain m=128: rel_l2=3.404e-14 (anchor 5.133e-14, tol 1.0e-10)
PASS rel_l2=4.321e-16 rel_max=4.913e-16 (tol 1e-12) L=50 B=4
PASS map-2-step: rel_l2=2.304e-15 (tol 3.0e-14)
PASS rel_l2=4.367e-16 rel_max=4.995e-16 (tol 1e-12) L=50 B=4
PASS map-chain m=128: rel_l2=3.475e-14 (anchor 5.133e-14, tol 1.0e-10)
PASS rel_l2=4.367e-16 rel_max=4.995e-16 (tol 1e-12) L=50 B=4
PASS map-2-step: rel_l2=2.292e-15 (tol 3.0e-14)
PASS rel_l2=4.367e-16 rel_max=4.995e-16 (tol 1e-12) L=50 B=4
PASS map-chain m=128: rel_l2=3.475e-14 (anchor 5.133e-14, tol 1.0e-10)
PASS rel_l2=4.367e-16 rel_max=4.995e-16 (tol 1e-12) L=50 B=4
PASS map-2-step: rel_l2=2.292e-15 (tol 3.0e-14)
PASS rel_l2=6.142e-16 rel_max=6.137e-16 (tol 1e-12) L=50 B=4
PASS map-chain m=128: rel_l2=5.537e-14 (anchor 5.133e-14, tol 1.0e-10)
PASS rel_l2=6.142e-16 rel_max=6.137e-16 (tol 1e-12) L=50 B=4
PASS map-2-step: rel_l2=3.065e-15 (tol 3.0e-14)
PASS rel_l2=4.416e-16 rel_max=5.359e-16 (tol 1e-12) L=50 B=4
PASS map-chain m=128: rel_l2=4.198e-14 (anchor 5.133e-14, tol 1.0e-10)
PASS rel_l2=4.416e-16 rel_max=5.359e-16 (tol 1e-12) L=50 B=4
PASS map-2-step: rel_l2=2.220e-15 (tol 3.0e-14)
PASS rel_l2=4.343e-16 rel_max=4.533e-16 (tol 1e-12) L=50 B=4
PASS map-chain m=128: rel_l2=4.374e-14 (anchor 5.133e-14, tol 1.0e-10)
PASS rel_l2=4.343e-16 rel_max=4.533e-16 (tol 1e-12) L=50 B=4
PASS map-2-step: rel_l2=2.178e-15 (tol 3.0e-14)
PASS rel_l2=4.623e-16 rel_max=5.144e-16 (tol 1e-12) L=50 B=4
PASS map-chain m=128: rel_l2=3.684e-14 (anchor 5.133e-14, tol 1.0e-10)
PASS rel_l2=4.623e-16 rel_max=5.144e-16 (tol 1e-12) L=50 B=4
PASS map-2-step: rel_l2=2.357e-15 (tol 3.0e-14)
PASS rel_l2=4.343e-16 rel_max=4.533e-16 (tol 1e-12) L=50 B=4
PASS map-chain m=128: rel_l2=4.374e-14 (anchor 5.133e-14, tol 1.0e-10)
PASS rel_l2=4.343e-16 rel_max=4.533e-16 (tol 1e-12) L=50 B=4
PASS map-2-step: rel_l2=2.178e-15 (tol 3.0e-14)
PASS rel_l2=4.343e-16 rel_max=4.533e-16 (tol 1e-12) L=50 B=4
PASS map-chain m=128: rel_l2=4.374e-14 (anchor 5.133e-14, tol 1.0e-10)
PASS rel_l2=4.343e-16 rel_max=4.533e-16 (tol 1e-12) L=50 B=4
PASS map-2-step: rel_l2=2.178e-15 (tol 3.0e-14)
PASS rel_l2=4.527e-16 rel_max=5.107e-16 (tol 1e-12) L=50 B=4
PASS map-chain m=128: rel_l2=3.639e-14 (anchor 5.133e-14, tol 1.0e-10)
PASS rel_l2=4.527e-16 rel_max=5.107e-16 (tol 1e-12) L=50 B=4
PASS map-2-step: rel_l2=2.209e-15 (tol 3.0e-14)
PASS rel_l2=4.618e-16 rel_max=5.489e-16 (tol 1e-12) L=50 B=4
PASS map-chain m=128: rel_l2=7.502e-14 (anchor 5.133e-14, tol 1.0e-10)
PASS rel_l2=4.618e-16 rel_max=5.489e-16 (tol 1e-12) L=50 B=4
PASS map-2-step: rel_l2=2.472e-15 (tol 3.0e-14)
PASS rel_l2=4.610e-16 rel_max=4.948e-16 (tol 1e-12) L=50 B=4
PASS map-chain m=128: rel_l2=7.464e-14 (anchor 5.133e-14, tol 1.0e-10)
PASS rel_l2=4.610e-16 rel_max=4.948e-16 (tol 1e-12) L=50 B=4
PASS map-2-step: rel_l2=2.523e-15 (tol 3.0e-14)
PASS rel_l2=9.391e-16 rel_max=1.231e-15 (tol 1e-12) L=100 B=1
PASS map-2-step: rel_l2=4.950e-15 (tol 3.0e-14)
PASS rel_l2=3.877e-16 rel_max=4.915e-16 (tol 1e-12) L=100 B=1
PASS map-chain m=64: rel_l2=2.540e-14 (anchor 1.850e-14, tol 1.0e-10)
PASS rel_l2=3.877e-16 rel_max=4.915e-16 (tol 1e-12) L=100 B=1
PASS map-2-step: rel_l2=2.514e-15 (tol 3.0e-14)
PASS rel_l2=4.664e-16 rel_max=5.348e-16 (tol 1e-12) L=100 B=1
PASS map-chain m=64: rel_l2=2.494e-14 (anchor 1.850e-14, tol 1.0e-10)
PASS rel_l2=4.664e-16 rel_max=5.348e-16 (tol 1e-12) L=100 B=1
PASS map-2-step: rel_l2=2.948e-15 (tol 3.0e-14)
PASS rel_l2=4.693e-16 rel_max=5.348e-16 (tol 1e-12) L=100 B=1
PASS map-chain m=64: rel_l2=4.308e-14 (anchor 1.850e-14, tol 1.0e-10)
PASS rel_l2=4.693e-16 rel_max=5.348e-16 (tol 1e-12) L=100 B=1
PASS map-2-step: rel_l2=2.905e-15 (tol 3.0e-14)
PASS rel_l2=4.683e-16 rel_max=5.294e-16 (tol 1e-12) L=100 B=1
PASS map-chain m=64: rel_l2=2.588e-14 (anchor 1.850e-14, tol 1.0e-10)
PASS rel_l2=4.672e-16 rel_max=5.438e-16 (tol 1e-12) L=100 B=1
PASS map-2-step: rel_l2=2.854e-15 (tol 3.0e-14)
PASS rel_l2=4.653e-16 rel_max=5.275e-16 (tol 1e-12) L=100 B=1
PASS map-chain m=64: rel_l2=2.840e-14 (anchor 1.850e-14, tol 1.0e-10)
PASS rel_l2=4.673e-16 rel_max=5.316e-16 (tol 1e-12) L=100 B=1
PASS map-2-step: rel_l2=2.754e-15 (tol 3.0e-14)
PASS rel_l2=6.766e-16 rel_max=7.250e-16 (tol 1e-12) L=100 B=1
PASS map-chain m=64: rel_l2=4.234e-14 (anchor 1.850e-14, tol 1.0e-10)
PASS rel_l2=6.766e-16 rel_max=7.250e-16 (tol 1e-12) L=100 B=1
PASS map-2-step: rel_l2=4.111e-15 (tol 3.0e-14)
PASS rel_l2=4.658e-16 rel_max=5.438e-16 (tol 1e-12) L=100 B=1
PASS map-chain m=64: rel_l2=2.780e-14 (anchor 1.850e-14, tol 1.0e-10)
PASS rel_l2=4.658e-16 rel_max=5.438e-16 (tol 1e-12) L=100 B=1
PASS map-2-step: rel_l2=3.045e-15 (tol 3.0e-14)
PASS rel_l2=4.523e-16 rel_max=5.438e-16 (tol 1e-12) L=100 B=1
PASS map-chain m=64: rel_l2=2.532e-14 (anchor 1.850e-14, tol 1.0e-10)
PASS rel_l2=4.523e-16 rel_max=5.438e-16 (tol 1e-12) L=100 B=1
PASS map-2-step: rel_l2=2.700e-15 (tol 3.0e-14)
PASS rel_l2=4.558e-16 rel_max=5.353e-16 (tol 1e-12) L=100 B=1
PASS map-chain m=64: rel_l2=2.600e-14 (anchor 1.850e-14, tol 1.0e-10)
PASS rel_l2=4.558e-16 rel_max=5.353e-16 (tol 1e-12) L=100 B=1
PASS map-2-step: rel_l2=2.803e-15 (tol 3.0e-14)
PASS rel_l2=4.523e-16 rel_max=5.438e-16 (tol 1e-12) L=100 B=1
PASS map-chain m=64: rel_l2=2.532e-14 (anchor 1.850e-14, tol 1.0e-10)
PASS rel_l2=4.523e-16 rel_max=5.438e-16 (tol 1e-12) L=100 B=1
PASS map-2-step: rel_l2=2.700e-15 (tol 3.0e-14)
PASS rel_l2=4.523e-16 rel_max=5.438e-16 (tol 1e-12) L=100 B=1
PASS map-chain m=64: rel_l2=2.532e-14 (anchor 1.850e-14, tol 1.0e-10)
PASS rel_l2=4.523e-16 rel_max=5.438e-16 (tol 1e-12) L=100 B=1
PASS map-2-step: rel_l2=2.700e-15 (tol 3.0e-14)
PASS rel_l2=4.813e-16 rel_max=5.596e-16 (tol 1e-12) L=100 B=1
PASS map-chain m=64: rel_l2=3.028e-14 (anchor 1.850e-14, tol 1.0e-10)
PASS rel_l2=4.813e-16 rel_max=5.596e-16 (tol 1e-12) L=100 B=1
PASS map-2-step: rel_l2=2.894e-15 (tol 3.0e-14)
PASS rel_l2=5.092e-16 rel_max=5.634e-16 (tol 1e-12) L=100 B=1
PASS map-chain m=64: rel_l2=2.520e-14 (anchor 1.850e-14, tol 1.0e-10)
PASS rel_l2=5.092e-16 rel_max=5.634e-16 (tol 1e-12) L=100 B=1
PASS map-2-step: rel_l2=3.094e-15 (tol 3.0e-14)
PASS rel_l2=5.104e-16 rel_max=5.561e-16 (tol 1e-12) L=100 B=1
PASS map-chain m=64: rel_l2=2.554e-14 (anchor 1.850e-14, tol 1.0e-10)
PASS rel_l2=5.104e-16 rel_max=5.561e-16 (tol 1e-12) L=100 B=1
PASS map-2-step: rel_l2=3.063e-15 (tol 3.0e-14)
