baseline_matrix          L=10  B=64    m=1000  inner=1      min=    69.051 us/xform  median=    69.274  sd=  0.14%      0.72 GF/s  setup=0.000 s
baseline_matrix          L=10  B=64    m=2     inner=1      min=    79.923 us/xform  median=    79.923  sd=  0.00%      0.62 GF/s  setup=0.000 s
ducc0_c2c                L=10  B=64    m=1000  inner=1      min=    13.822 us/xform  median=    13.830  sd=  0.11%      3.61 GF/s  setup=0.000 s
ducc0_c2c                L=10  B=64    m=2     inner=1      min=    27.850 us/xform  median=    27.850  sd=  0.00%      1.79 GF/s  setup=0.000 s
fftw3_estimate           L=10  B=64    m=1000  inner=1      min=     9.331 us/xform  median=     9.340  sd=  0.05%      5.34 GF/s  setup=0.091 s
fftw3_estimate           L=10  B=64    m=2     inner=1      min=    17.992 us/xform  median=    17.992  sd=  0.00%      2.77 GF/s  setup=0.002 s
fftw3_guru               L=10  B=64    m=1000  inner=1      min=    10.180 us/xform  median=    10.211  sd=  0.18%      4.89 GF/s  setup=0.017 s
fftw3_guru               L=10  B=64    m=2     inner=1      min=    11.268 us/xform  median=    11.268  sd=  0.00%      4.42 GF/s  setup=0.016 s
fftw3_measure            L=10  B=64    m=1000  inner=1      min=     6.531 us/xform  median=     6.538  sd=  0.11%      7.63 GF/s  setup=0.020 s
fftw3_measure            L=10  B=64    m=2     inner=1      min=     9.693 us/xform  median=     9.693  sd=  0.00%      5.14 GF/s  setup=0.020 s
fftw3_patient            L=10  B=64    m=1000  inner=1      min=     6.690 us/xform  median=     6.698  sd=  0.11%      7.45 GF/s  setup=0.030 s
fftw3_patient            L=10  B=64    m=2     inner=1      min=     8.471 us/xform  median=     8.471  sd=  0.00%      5.88 GF/s  setup=0.031 s
gen_batchlane            L=10  B=64    m=1000  inner=1      min=     2.152 us/xform  median=     2.158  sd=  0.11%     23.15 GF/s  setup=0.001 s
gen_batchlane            L=10  B=64    m=2     inner=2      min=     6.721 us/xform  median=     6.721  sd=  0.00%      7.41 GF/s  setup=0.001 s
gen_bluestein            L=10  B=64    m=1000  inner=1      min=    20.614 us/xform  median=    20.648  sd=  0.15%      2.42 GF/s  setup=0.000 s
gen_bluestein            L=10  B=64    m=2     inner=1      min=    27.532 us/xform  median=    27.532  sd=  0.00%      1.81 GF/s  setup=0.000 s
gen_dense_prime          L=10  B=64    m=1000  inner=1      min=     6.625 us/xform  median=     6.629  sd=  0.11%      7.52 GF/s  setup=0.000 s
gen_dense_prime          L=10  B=64    m=2     inner=1      min=    15.410 us/xform  median=    15.410  sd=  0.00%      3.23 GF/s  setup=0.000 s
gen_layout               L=10  B=64    m=1000  inner=1      min=     8.358 us/xform  median=     8.373  sd=  0.10%      5.96 GF/s  setup=0.001 s
gen_layout               L=10  B=64    m=2     inner=1      min=    19.599 us/xform  median=    19.599  sd=  0.00%      2.54 GF/s  setup=0.001 s
gen_pfa_small            L=10  B=64    m=1000  inner=1      min=     2.121 us/xform  median=     2.123  sd=  0.20%     23.50 GF/s  setup=0.001 s
gen_pfa_small            L=10  B=64    m=2     inner=1      min=     8.539 us/xform  median=     8.539  sd=  0.00%      5.84 GF/s  setup=0.001 s
gen_planner              L=10  B=64    m=1000  inner=1      min=     2.532 us/xform  median=     2.573  sd=  0.78%     19.68 GF/s  setup=0.008 s
gen_planner              L=10  B=64    m=2     inner=1      min=    11.876 us/xform  median=    11.876  sd=  0.00%      4.20 GF/s  setup=0.003 s
gen_race                 L=10  B=64    m=1000  inner=1      min=     2.543 us/xform  median=     2.578  sd=  0.55%     19.59 GF/s  setup=0.034 s
gen_race                 L=10  B=64    m=2     inner=1      min=    14.244 us/xform  median=    14.244  sd=  0.00%      3.50 GF/s  setup=0.005 s
gen_twiddle              L=10  B=64    m=1000  inner=1      min=     8.025 us/xform  median=     8.036  sd=  0.33%      6.21 GF/s  setup=0.008 s
gen_twiddle              L=10  B=64    m=2     inner=1      min=    16.792 us/xform  median=    16.792  sd=  0.00%      2.97 GF/s  setup=0.009 s
mkl2026_dfti             L=10  B=64    m=1000  inner=1      min=     5.954 us/xform  median=     5.956  sd=  0.03%      8.37 GF/s  setup=0.493 s
mkl2026_dfti             L=10  B=64    m=2     inner=1      min=    14.795 us/xform  median=    14.795  sd=  0.00%      3.37 GF/s  setup=0.004 s
mkl_dfti                 L=10  B=64    m=1000  inner=1      min=     5.816 us/xform  median=     5.820  sd=  0.10%      8.57 GF/s  setup=0.208 s
mkl_dfti                 L=10  B=64    m=2     inner=1      min=     9.440 us/xform  median=     9.440  sd=  0.00%      5.28 GF/s  setup=0.005 s
baseline_matrix          L=12  B=64    m=600   inner=1      min=   141.666 us/xform  median=   141.800  sd=  0.05%      0.66 GF/s  setup=0.000 s
baseline_matrix          L=12  B=64    m=2     inner=1      min=   158.860 us/xform  median=   158.860  sd=  0.00%      0.58 GF/s  setup=0.000 s
ducc0_c2c                L=12  B=64    m=600   inner=1      min=    23.037 us/xform  median=    23.049  sd=  0.05%      4.03 GF/s  setup=0.000 s
ducc0_c2c                L=12  B=64    m=2     inner=1      min=    27.826 us/xform  median=    27.826  sd=  0.00%      3.34 GF/s  setup=0.000 s
fftw3_estimate           L=12  B=64    m=600   inner=1      min=    23.889 us/xform  median=    23.903  sd=  0.06%      3.89 GF/s  setup=0.001 s
fftw3_estimate           L=12  B=64    m=2     inner=1      min=    33.510 us/xform  median=    33.510  sd=  0.00%      2.77 GF/s  setup=0.002 s
fftw3_guru               L=12  B=64    m=600   inner=1      min=    14.414 us/xform  median=    14.471  sd=  0.23%      6.45 GF/s  setup=0.014 s
fftw3_guru               L=12  B=64    m=2     inner=1      min=    17.960 us/xform  median=    17.960  sd=  0.00%      5.17 GF/s  setup=0.016 s
fftw3_measure            L=12  B=64    m=600   inner=1      min=    11.180 us/xform  median=    11.187  sd=  0.05%      8.31 GF/s  setup=0.020 s
fftw3_measure            L=12  B=64    m=2     inner=1      min=    14.459 us/xform  median=    14.459  sd=  0.00%      6.43 GF/s  setup=0.021 s
fftw3_patient            L=12  B=64    m=600   inner=1      min=    11.559 us/xform  median=    11.566  sd=  0.10%      8.04 GF/s  setup=0.033 s
fftw3_patient            L=12  B=64    m=2     inner=1      min=    16.082 us/xform  median=    16.082  sd=  0.00%      5.78 GF/s  setup=0.031 s
gen_batchlane            L=12  B=64    m=600   inner=1      min=     3.483 us/xform  median=     3.497  sd=  0.23%     26.68 GF/s  setup=0.001 s
gen_batchlane            L=12  B=64    m=2     inner=1      min=     6.279 us/xform  median=     6.279  sd=  0.00%     14.80 GF/s  setup=0.001 s
gen_bluestein            L=12  B=64    m=600   inner=1      min=    31.303 us/xform  median=    31.318  sd=  0.05%      2.97 GF/s  setup=0.000 s
gen_bluestein            L=12  B=64    m=2     inner=1      min=    35.287 us/xform  median=    35.287  sd=  0.00%      2.63 GF/s  setup=0.000 s
gen_dense_prime          L=12  B=64    m=600   inner=1      min=    10.174 us/xform  median=    10.187  sd=  0.12%      9.13 GF/s  setup=0.000 s
gen_dense_prime          L=12  B=64    m=2     inner=1      min=    22.600 us/xform  median=    22.600  sd=  0.00%      4.11 GF/s  setup=0.000 s
gen_layout               L=12  B=64    m=600   inner=1      min=    12.690 us/xform  median=    12.710  sd=  0.13%      7.32 GF/s  setup=0.001 s
gen_layout               L=12  B=64    m=2     inner=1      min=    24.677 us/xform  median=    24.677  sd=  0.00%      3.77 GF/s  setup=0.001 s
gen_pfa_small            L=12  B=64    m=600   inner=1      min=     3.488 us/xform  median=     3.493  sd=  0.16%     26.64 GF/s  setup=0.001 s
gen_pfa_small            L=12  B=64    m=2     inner=1      min=    10.512 us/xform  median=    10.512  sd=  0.00%      8.84 GF/s  setup=0.001 s
gen_planner              L=12  B=64    m=600   inner=1      min=     4.290 us/xform  median=     4.336  sd=  0.89%     21.66 GF/s  setup=0.010 s
gen_planner              L=12  B=64    m=2     inner=1      min=    10.670 us/xform  median=    10.670  sd=  0.00%      8.71 GF/s  setup=0.003 s
gen_race                 L=12  B=64    m=600   inner=1      min=     4.370 us/xform  median=     4.375  sd=  0.14%     21.26 GF/s  setup=0.039 s
gen_race                 L=12  B=64    m=2     inner=1      min=    19.654 us/xform  median=    19.654  sd=  0.00%      4.73 GF/s  setup=0.004 s
gen_twiddle              L=12  B=64    m=600   inner=1      min=    12.094 us/xform  median=    12.108  sd=  0.07%      7.68 GF/s  setup=0.008 s
gen_twiddle              L=12  B=64    m=2     inner=1      min=    17.538 us/xform  median=    17.538  sd=  0.00%      5.30 GF/s  setup=0.006 s
mkl2026_dfti             L=12  B=64    m=600   inner=1      min=     9.817 us/xform  median=     9.822  sd=  0.07%      9.47 GF/s  setup=0.003 s
mkl2026_dfti             L=12  B=64    m=2     inner=1      min=    14.088 us/xform  median=    14.088  sd=  0.00%      6.60 GF/s  setup=0.003 s
mkl_dfti                 L=12  B=64    m=600   inner=1      min=     9.650 us/xform  median=     9.660  sd=  0.09%      9.63 GF/s  setup=0.003 s
mkl_dfti                 L=12  B=64    m=2     inner=1      min=    15.351 us/xform  median=    15.351  sd=  0.00%      6.05 GF/s  setup=0.003 s
baseline_matrix          L=15  B=32    m=600   inner=1      min=   342.143 us/xform  median=   342.263  sd=  0.02%      0.58 GF/s  setup=0.000 s
baseline_matrix          L=15  B=32    m=2     inner=1      min=   381.941 us/xform  median=   381.941  sd=  0.00%      0.52 GF/s  setup=0.000 s
ducc0_c2c                L=15  B=32    m=600   inner=1      min=    44.367 us/xform  median=    44.385  sd=  0.07%      4.46 GF/s  setup=0.000 s
ducc0_c2c                L=15  B=32    m=2     inner=1      min=    54.505 us/xform  median=    54.505  sd=  0.00%      3.63 GF/s  setup=0.000 s
fftw3_estimate           L=15  B=32    m=600   inner=1      min=    25.386 us/xform  median=    25.826  sd=  1.14%      7.79 GF/s  setup=0.001 s
fftw3_estimate           L=15  B=32    m=2     inner=1      min=    36.734 us/xform  median=    36.734  sd=  0.00%      5.38 GF/s  setup=0.002 s
fftw3_guru               L=15  B=32    m=600   inner=1      min=    36.216 us/xform  median=    39.444  sd=  3.57%      5.46 GF/s  setup=0.017 s
fftw3_guru               L=15  B=32    m=2     inner=1      min=    41.377 us/xform  median=    41.377  sd=  0.00%      4.78 GF/s  setup=0.017 s
fftw3_measure            L=15  B=32    m=600   inner=1      min=    24.282 us/xform  median=    24.345  sd=  0.14%      8.15 GF/s  setup=0.015 s
fftw3_measure            L=15  B=32    m=2     inner=1      min=    31.956 us/xform  median=    31.956  sd=  0.00%      6.19 GF/s  setup=0.017 s
fftw3_patient            L=15  B=32    m=600   inner=1      min=    24.566 us/xform  median=    24.611  sd=  0.10%      8.05 GF/s  setup=0.026 s
fftw3_patient            L=15  B=32    m=2     inner=1      min=    29.103 us/xform  median=    29.103  sd=  0.00%      6.80 GF/s  setup=0.027 s
gen_batchlane            L=15  B=32    m=600   inner=1      min=     7.955 us/xform  median=     7.967  sd=  0.09%     24.86 GF/s  setup=0.001 s
gen_batchlane            L=15  B=32    m=2     inner=1      min=    18.061 us/xform  median=    18.061  sd=  0.00%     10.95 GF/s  setup=0.001 s
gen_bluestein            L=15  B=32    m=600   inner=1      min=    52.391 us/xform  median=    52.446  sd=  0.06%      3.78 GF/s  setup=0.000 s
gen_bluestein            L=15  B=32    m=2     inner=1      min=    61.948 us/xform  median=    61.948  sd=  0.00%      3.19 GF/s  setup=0.000 s
gen_dense_prime          L=15  B=32    m=600   inner=1      min=    19.291 us/xform  median=    19.298  sd=  0.11%     10.25 GF/s  setup=0.000 s
gen_dense_prime          L=15  B=32    m=2     inner=1      min=    37.510 us/xform  median=    37.510  sd=  0.00%      5.27 GF/s  setup=0.000 s
gen_layout               L=15  B=32    m=600   inner=1      min=    25.413 us/xform  median=    25.462  sd=  0.14%      7.78 GF/s  setup=0.001 s
gen_layout               L=15  B=32    m=2     inner=1      min=    33.016 us/xform  median=    33.016  sd=  0.00%      5.99 GF/s  setup=0.001 s
gen_pfa_small            L=15  B=32    m=600   inner=1      min=     7.952 us/xform  median=     7.966  sd=  0.12%     24.87 GF/s  setup=0.001 s
gen_pfa_small            L=15  B=32    m=2     inner=1      min=    28.057 us/xform  median=    28.057  sd=  0.00%      7.05 GF/s  setup=0.001 s
gen_planner              L=15  B=32    m=600   inner=1      min=     9.900 us/xform  median=     9.906  sd=  0.07%     19.98 GF/s  setup=0.014 s
gen_planner              L=15  B=32    m=2     inner=1      min=    23.223 us/xform  median=    23.223  sd=  0.00%      8.52 GF/s  setup=0.005 s
gen_race                 L=15  B=32    m=600   inner=1      min=     9.982 us/xform  median=    10.018  sd=  0.26%     19.81 GF/s  setup=0.039 s
gen_race                 L=15  B=32    m=2     inner=1      min=    37.469 us/xform  median=    37.469  sd=  0.00%      5.28 GF/s  setup=0.003 s
gen_twiddle              L=15  B=32    m=600   inner=1      min=    25.788 us/xform  median=    25.844  sd=  0.18%      7.67 GF/s  setup=0.009 s
gen_twiddle              L=15  B=32    m=2     inner=1      min=    36.891 us/xform  median=    36.891  sd=  0.00%      5.36 GF/s  setup=0.007 s
mkl2026_dfti             L=15  B=32    m=600   inner=1      min=    21.427 us/xform  median=    21.445  sd=  0.06%      9.23 GF/s  setup=0.004 s
mkl2026_dfti             L=15  B=32    m=2     inner=1      min=    34.757 us/xform  median=    34.757  sd=  0.00%      5.69 GF/s  setup=0.003 s
mkl_dfti                 L=15  B=32    m=600   inner=1      min=    20.847 us/xform  median=    20.868  sd=  0.14%      9.49 GF/s  setup=0.004 s
mkl_dfti                 L=15  B=32    m=2     inner=1      min=    32.094 us/xform  median=    32.094  sd=  0.00%      6.16 GF/s  setup=0.002 s
baseline_matrix          L=20  B=32    m=256   inner=1      min=  1063.637 us/xform  median=  1063.853  sd=  0.01%      0.49 GF/s  setup=0.000 s
baseline_matrix          L=20  B=32    m=2     inner=1      min=  1071.628 us/xform  median=  1071.628  sd=  0.00%      0.48 GF/s  setup=0.000 s
ducc0_c2c                L=20  B=32    m=256   inner=1      min=    96.972 us/xform  median=    97.065  sd=  0.17%      5.35 GF/s  setup=0.000 s
ducc0_c2c                L=20  B=32    m=2     inner=1      min=   116.840 us/xform  median=   116.840  sd=  0.00%      4.44 GF/s  setup=0.000 s
fftw3_estimate           L=20  B=32    m=256   inner=1      min=   110.431 us/xform  median=   110.534  sd=  0.07%      4.70 GF/s  setup=0.001 s
fftw3_estimate           L=20  B=32    m=2     inner=1      min=   130.900 us/xform  median=   130.900  sd=  0.00%      3.96 GF/s  setup=0.001 s
fftw3_guru               L=20  B=32    m=256   inner=1      min=    72.736 us/xform  median=    72.828  sd=  0.09%      7.13 GF/s  setup=0.096 s
fftw3_guru               L=20  B=32    m=2     inner=1      min=    88.108 us/xform  median=    88.108  sd=  0.00%      5.89 GF/s  setup=0.095 s
fftw3_measure            L=20  B=32    m=256   inner=1      min=    55.405 us/xform  median=    55.509  sd=  0.11%      9.36 GF/s  setup=0.106 s
fftw3_measure            L=20  B=32    m=2     inner=1      min=    66.952 us/xform  median=    66.952  sd=  0.00%      7.75 GF/s  setup=0.108 s
fftw3_patient            L=20  B=32    m=256   inner=1      min=    55.485 us/xform  median=    55.555  sd=  0.09%      9.35 GF/s  setup=0.384 s
fftw3_patient            L=20  B=32    m=2     inner=1      min=    66.793 us/xform  median=    66.793  sd=  0.00%      7.76 GF/s  setup=0.388 s
gen_batchlane            L=20  B=32    m=256   inner=1      min=    22.355 us/xform  median=    22.435  sd=  0.24%     23.20 GF/s  setup=0.001 s
gen_batchlane            L=20  B=32    m=2     inner=1      min=    46.536 us/xform  median=    46.536  sd=  0.00%     11.14 GF/s  setup=0.002 s
gen_bluestein            L=20  B=32    m=256   inner=1      min=   148.745 us/xform  median=   148.924  sd=  0.06%      3.49 GF/s  setup=0.000 s
gen_bluestein            L=20  B=32    m=2     inner=1      min=   158.874 us/xform  median=   158.874  sd=  0.00%      3.26 GF/s  setup=0.000 s
gen_dense_prime          L=20  B=32    m=256   inner=1      min=    52.045 us/xform  median=    52.160  sd=  0.15%      9.97 GF/s  setup=0.000 s
gen_dense_prime          L=20  B=32    m=2     inner=1      min=    61.402 us/xform  median=    61.402  sd=  0.00%      8.45 GF/s  setup=0.000 s
gen_layout               L=20  B=32    m=256   inner=1      min=    54.266 us/xform  median=    54.415  sd=  0.15%      9.56 GF/s  setup=0.001 s
gen_layout               L=20  B=32    m=2     inner=1      min=    66.851 us/xform  median=    66.851  sd=  0.00%      7.76 GF/s  setup=0.001 s
gen_pfa_small            L=20  B=32    m=256   inner=1      min=    22.416 us/xform  median=    22.463  sd=  0.26%     23.14 GF/s  setup=0.001 s
gen_pfa_small            L=20  B=32    m=2     inner=1      min=    47.866 us/xform  median=    47.866  sd=  0.00%     10.84 GF/s  setup=0.001 s
gen_planner              L=20  B=32    m=256   inner=1      min=    28.564 us/xform  median=    28.602  sd=  0.18%     18.16 GF/s  setup=0.021 s
gen_planner              L=20  B=32    m=2     inner=1      min=    87.131 us/xform  median=    87.131  sd=  0.00%      5.95 GF/s  setup=0.009 s
gen_race                 L=20  B=32    m=256   inner=1      min=    29.778 us/xform  median=    29.798  sd=  0.04%     17.42 GF/s  setup=0.062 s
gen_race                 L=20  B=32    m=2     inner=1      min=    51.428 us/xform  median=    51.428  sd=  0.00%     10.08 GF/s  setup=0.003 s
gen_twiddle              L=20  B=32    m=256   inner=1      min=    46.717 us/xform  median=    46.903  sd=  0.20%     11.10 GF/s  setup=0.007 s
gen_twiddle              L=20  B=32    m=2     inner=1      min=    58.983 us/xform  median=    58.983  sd=  0.00%      8.79 GF/s  setup=0.004 s
mkl2026_dfti             L=20  B=32    m=256   inner=1      min=    73.237 us/xform  median=    73.315  sd=  0.13%      7.08 GF/s  setup=0.128 s
mkl2026_dfti             L=20  B=32    m=2     inner=1      min=   115.308 us/xform  median=   115.308  sd=  0.00%      4.50 GF/s  setup=0.061 s
mkl_dfti                 L=20  B=32    m=256   inner=1      min=    72.765 us/xform  median=    72.820  sd=  0.11%      7.13 GF/s  setup=0.142 s
mkl_dfti                 L=20  B=32    m=2     inner=1      min=   114.293 us/xform  median=   114.293  sd=  0.00%      4.54 GF/s  setup=0.054 s
baseline_matrix          L=25  B=16    m=256   inner=1      min=  2578.612 us/xform  median=  2579.743  sd=  0.02%      0.42 GF/s  setup=0.000 s
baseline_matrix          L=25  B=16    m=2     inner=1      min=  2603.111 us/xform  median=  2603.111  sd=  0.00%      0.42 GF/s  setup=0.000 s
ducc0_c2c                L=25  B=16    m=256   inner=1      min=   190.916 us/xform  median=   191.139  sd=  0.16%      5.70 GF/s  setup=0.000 s
ducc0_c2c                L=25  B=16    m=2     inner=1      min=   232.221 us/xform  median=   232.221  sd=  0.00%      4.69 GF/s  setup=0.000 s
fftw3_estimate           L=25  B=16    m=256   inner=1      min=   150.459 us/xform  median=   151.357  sd=  0.31%      7.23 GF/s  setup=0.002 s
fftw3_estimate           L=25  B=16    m=2     inner=1      min=   181.559 us/xform  median=   181.559  sd=  0.00%      5.99 GF/s  setup=0.001 s
fftw3_guru               L=25  B=16    m=256   inner=1      min=   225.417 us/xform  median=   225.894  sd=  0.09%      4.83 GF/s  setup=0.040 s
fftw3_guru               L=25  B=16    m=2     inner=1      min=   242.811 us/xform  median=   242.811  sd=  0.00%      4.48 GF/s  setup=0.039 s
fftw3_measure            L=25  B=16    m=256   inner=1      min=   136.675 us/xform  median=   136.792  sd=  0.10%      7.96 GF/s  setup=0.036 s
fftw3_measure            L=25  B=16    m=2     inner=1      min=   163.475 us/xform  median=   163.475  sd=  0.00%      6.66 GF/s  setup=0.037 s
fftw3_patient            L=25  B=16    m=256   inner=1      min=   134.852 us/xform  median=   135.185  sd=  0.12%      8.07 GF/s  setup=0.135 s
fftw3_patient            L=25  B=16    m=2     inner=1      min=   155.166 us/xform  median=   155.166  sd=  0.00%      7.01 GF/s  setup=0.137 s
gen_bluestein            L=25  B=16    m=256   inner=1      min=   306.915 us/xform  median=   307.202  sd=  0.05%      3.55 GF/s  setup=0.000 s
gen_bluestein            L=25  B=16    m=2     inner=1      min=   335.279 us/xform  median=   335.279  sd=  0.00%      3.25 GF/s  setup=0.000 s
gen_layout               L=25  B=16    m=256   inner=1      min=   141.812 us/xform  median=   142.190  sd=  0.15%      7.68 GF/s  setup=0.001 s
gen_layout               L=25  B=16    m=2     inner=1      min=   159.572 us/xform  median=   159.572  sd=  0.00%      6.82 GF/s  setup=0.001 s
gen_planner              L=25  B=16    m=256   inner=1      min=    60.702 us/xform  median=    60.738  sd=  0.08%     17.93 GF/s  setup=0.034 s
gen_planner              L=25  B=16    m=2     inner=1      min=   212.259 us/xform  median=   212.259  sd=  0.00%      5.13 GF/s  setup=0.017 s
gen_powp                 L=25  B=16    m=256   inner=1      min=    59.808 us/xform  median=    59.975  sd=  0.18%     18.20 GF/s  setup=0.637 s
gen_powp                 L=25  B=16    m=2     inner=1      min=   115.090 us/xform  median=   115.090  sd=  0.00%      9.46 GF/s  setup=0.003 s
gen_race                 L=25  B=16    m=256   inner=1      min=    60.424 us/xform  median=    60.675  sd=  0.17%     18.01 GF/s  setup=0.059 s
gen_race                 L=25  B=16    m=2     inner=1      min=   206.390 us/xform  median=   206.390  sd=  0.00%      5.27 GF/s  setup=0.004 s
gen_twiddle              L=25  B=16    m=256   inner=1      min=   109.722 us/xform  median=   109.842  sd=  0.11%      9.92 GF/s  setup=0.007 s
gen_twiddle              L=25  B=16    m=2     inner=1      min=   137.035 us/xform  median=   137.035  sd=  0.00%      7.94 GF/s  setup=0.005 s
mkl2026_dfti             L=25  B=16    m=256   inner=1      min=   152.155 us/xform  median=   152.206  sd=  0.07%      7.15 GF/s  setup=0.058 s
mkl2026_dfti             L=25  B=16    m=2     inner=1      min=   233.354 us/xform  median=   233.354  sd=  0.00%      4.66 GF/s  setup=0.057 s
mkl_dfti                 L=25  B=16    m=256   inner=1      min=   146.666 us/xform  median=   146.783  sd=  0.09%      7.42 GF/s  setup=0.039 s
mkl_dfti                 L=25  B=16    m=2     inner=1      min=   223.465 us/xform  median=   223.465  sd=  0.00%      4.87 GF/s  setup=0.057 s
baseline_matrix          L=27  B=16    m=200   inner=1      min=  3502.581 us/xform  median=  3503.016  sd=  0.01%      0.40 GF/s  setup=0.000 s
baseline_matrix          L=27  B=16    m=2     inner=1      min=  3550.878 us/xform  median=  3550.878  sd=  0.00%      0.40 GF/s  setup=0.000 s
ducc0_c2c                L=27  B=16    m=200   inner=1      min=   254.014 us/xform  median=   254.595  sd=  0.12%      5.53 GF/s  setup=0.000 s
ducc0_c2c                L=27  B=16    m=2     inner=1      min=   302.344 us/xform  median=   302.344  sd=  0.00%      4.64 GF/s  setup=0.000 s
fftw3_estimate           L=27  B=16    m=200   inner=1      min=   360.162 us/xform  median=   360.971  sd=  0.11%      3.90 GF/s  setup=0.004 s
fftw3_estimate           L=27  B=16    m=2     inner=1      min=   416.467 us/xform  median=   416.467  sd=  0.00%      3.37 GF/s  setup=0.004 s
fftw3_guru               L=27  B=16    m=200   inner=1      min=   414.390 us/xform  median=   414.915  sd=  0.07%      3.39 GF/s  setup=0.053 s
fftw3_guru               L=27  B=16    m=2     inner=1      min=   457.875 us/xform  median=   457.875  sd=  0.00%      3.07 GF/s  setup=0.053 s
fftw3_measure            L=27  B=16    m=200   inner=1      min=   328.849 us/xform  median=   329.432  sd=  0.08%      4.27 GF/s  setup=0.044 s
fftw3_measure            L=27  B=16    m=2     inner=1      min=   359.943 us/xform  median=   359.943  sd=  0.00%      3.90 GF/s  setup=0.043 s
fftw3_patient            L=27  B=16    m=200   inner=1      min=   286.347 us/xform  median=   286.535  sd=  0.03%      4.90 GF/s  setup=0.186 s
fftw3_patient            L=27  B=16    m=2     inner=1      min=   336.059 us/xform  median=   336.059  sd=  0.00%      4.18 GF/s  setup=0.186 s
gen_bluestein            L=27  B=16    m=200   inner=1      min=   368.286 us/xform  median=   368.569  sd=  0.12%      3.81 GF/s  setup=0.000 s
gen_bluestein            L=27  B=16    m=2     inner=1      min=   420.818 us/xform  median=   420.818  sd=  0.00%      3.34 GF/s  setup=0.000 s
gen_layout               L=27  B=16    m=200   inner=1      min=   178.239 us/xform  median=   178.576  sd=  0.13%      7.88 GF/s  setup=0.001 s
gen_layout               L=27  B=16    m=2     inner=1      min=   200.671 us/xform  median=   200.671  sd=  0.00%      7.00 GF/s  setup=0.001 s
gen_planner              L=27  B=16    m=200   inner=1      min=    93.272 us/xform  median=    93.317  sd=  0.08%     15.05 GF/s  setup=0.045 s
gen_planner              L=27  B=16    m=2     inner=1      min=   276.023 us/xform  median=   276.023  sd=  0.00%      5.09 GF/s  setup=0.019 s
gen_powp                 L=27  B=16    m=200   inner=1      min=    78.517 us/xform  median=    78.597  sd=  0.10%     17.88 GF/s  setup=0.820 s
gen_powp                 L=27  B=16    m=2     inner=1      min=   107.474 us/xform  median=   107.474  sd=  0.00%     13.06 GF/s  setup=0.005 s
gen_race                 L=27  B=16    m=200   inner=1      min=    94.344 us/xform  median=    94.511  sd=  0.11%     14.88 GF/s  setup=0.098 s
gen_race                 L=27  B=16    m=2     inner=1      min=   267.059 us/xform  median=   267.059  sd=  0.00%      5.26 GF/s  setup=0.003 s
gen_twiddle              L=27  B=16    m=200   inner=1      min=   158.453 us/xform  median=   158.621  sd=  0.07%      8.86 GF/s  setup=0.007 s
gen_twiddle              L=27  B=16    m=2     inner=1      min=   198.496 us/xform  median=   198.496  sd=  0.00%      7.07 GF/s  setup=0.006 s
mkl2026_dfti             L=27  B=16    m=200   inner=1      min=   183.611 us/xform  median=   184.026  sd=  0.10%      7.65 GF/s  setup=0.059 s
mkl2026_dfti             L=27  B=16    m=2     inner=1      min=   258.887 us/xform  median=   258.887  sd=  0.00%      5.42 GF/s  setup=0.056 s
mkl_dfti                 L=27  B=16    m=200   inner=1      min=   175.194 us/xform  median=   175.402  sd=  0.12%      8.01 GF/s  setup=0.041 s
mkl_dfti                 L=27  B=16    m=2     inner=1      min=   252.300 us/xform  median=   252.300  sd=  0.00%      5.56 GF/s  setup=0.062 s
baseline_matrix          L=31  B=16    m=140   inner=1      min=  6082.972 us/xform  median=  6084.144  sd=  0.06%      0.36 GF/s  setup=0.000 s
baseline_matrix          L=31  B=16    m=2     inner=1      min=  6124.899 us/xform  median=  6124.899  sd=  0.00%      0.36 GF/s  setup=0.000 s
ducc0_c2c                L=31  B=16    m=140   inner=1      min=  1025.209 us/xform  median=  1026.957  sd=  0.12%      2.16 GF/s  setup=0.000 s
ducc0_c2c                L=31  B=16    m=2     inner=1      min=  1099.023 us/xform  median=  1099.023  sd=  0.00%      2.01 GF/s  setup=0.000 s
fftw3_estimate           L=31  B=16    m=140   inner=1      min=   981.196 us/xform  median=   981.488  sd=  0.03%      2.26 GF/s  setup=0.003 s
fftw3_estimate           L=31  B=16    m=2     inner=1      min=  1093.326 us/xform  median=  1093.326  sd=  0.00%      2.02 GF/s  setup=0.003 s
fftw3_guru               L=31  B=16    m=140   inner=1      min=   948.331 us/xform  median=   948.800  sd=  0.03%      2.33 GF/s  setup=0.113 s
fftw3_guru               L=31  B=16    m=2     inner=1      min=  1007.818 us/xform  median=  1007.818  sd=  0.00%      2.20 GF/s  setup=0.113 s
fftw3_measure            L=31  B=16    m=140   inner=1      min=   983.637 us/xform  median=   983.864  sd=  0.02%      2.25 GF/s  setup=0.109 s
fftw3_measure            L=31  B=16    m=2     inner=1      min=  1018.216 us/xform  median=  1018.216  sd=  0.00%      2.17 GF/s  setup=0.109 s
fftw3_patient            L=31  B=16    m=140   inner=1      min=   983.429 us/xform  median=   984.538  sd=  0.05%      2.25 GF/s  setup=0.278 s
fftw3_patient            L=31  B=16    m=2     inner=1      min=  1018.167 us/xform  median=  1018.167  sd=  0.00%      2.17 GF/s  setup=0.278 s
gen_bluestein            L=31  B=16    m=140   inner=1      min=   449.793 us/xform  median=   450.031  sd=  0.08%      4.92 GF/s  setup=0.000 s
gen_bluestein            L=31  B=16    m=2     inner=1      min=   580.058 us/xform  median=   580.058  sd=  0.00%      3.82 GF/s  setup=0.000 s
gen_dense_prime          L=31  B=16    m=140   inner=1      min=   200.550 us/xform  median=   201.090  sd=  0.18%     11.04 GF/s  setup=0.001 s
gen_dense_prime          L=31  B=16    m=2     inner=1      min=   287.155 us/xform  median=   287.155  sd=  0.00%      7.71 GF/s  setup=0.001 s
gen_layout               L=31  B=16    m=140   inner=1      min=   298.271 us/xform  median=   298.957  sd=  0.12%      7.42 GF/s  setup=0.001 s
gen_layout               L=31  B=16    m=2     inner=1      min=   354.668 us/xform  median=   354.668  sd=  0.00%      6.24 GF/s  setup=0.001 s
gen_planner              L=31  B=16    m=140   inner=1      min=   212.742 us/xform  median=   213.064  sd=  0.12%     10.41 GF/s  setup=0.049 s
gen_planner              L=31  B=16    m=2     inner=1      min=   480.558 us/xform  median=   480.558  sd=  0.00%      4.61 GF/s  setup=0.031 s
gen_race                 L=31  B=16    m=140   inner=1      min=   213.272 us/xform  median=   213.580  sd=  0.15%     10.38 GF/s  setup=0.254 s
gen_race                 L=31  B=16    m=2     inner=1      min=   482.397 us/xform  median=   482.397  sd=  0.00%      4.59 GF/s  setup=0.005 s
gen_rader                L=31  B=16    m=140   inner=1      min=   154.323 us/xform  median=   154.522  sd=  0.09%     14.35 GF/s  setup=0.010 s
gen_rader                L=31  B=16    m=2     inner=1      min=   235.717 us/xform  median=   235.717  sd=  0.00%      9.39 GF/s  setup=0.010 s
gen_twiddle              L=31  B=16    m=140   inner=1      min=   356.707 us/xform  median=   356.723  sd=  0.06%      6.21 GF/s  setup=0.007 s
gen_twiddle              L=31  B=16    m=2     inner=1      min=   390.254 us/xform  median=   390.254  sd=  0.00%      5.67 GF/s  setup=0.008 s
mkl2026_dfti             L=31  B=16    m=140   inner=1      min=  1276.729 us/xform  median=  1276.909  sd=  0.02%      1.73 GF/s  setup=0.057 s
mkl2026_dfti             L=31  B=16    m=2     inner=1      min=  1353.722 us/xform  median=  1353.722  sd=  0.00%      1.64 GF/s  setup=0.056 s
mkl_dfti                 L=31  B=16    m=140   inner=1      min=  1224.066 us/xform  median=  1224.741  sd=  0.05%      1.81 GF/s  setup=0.039 s
mkl_dfti                 L=31  B=16    m=2     inner=1      min=  1202.698 us/xform  median=  1202.698  sd=  0.00%      1.84 GF/s  setup=0.057 s
baseline_matrix          L=32  B=8     m=250   inner=1      min=  6904.704 us/xform  median=  6905.075  sd=  0.01%      0.36 GF/s  setup=0.000 s
baseline_matrix          L=32  B=8     m=2     inner=1      min=  6943.321 us/xform  median=  6943.321  sd=  0.00%      0.35 GF/s  setup=0.000 s
ducc0_c2c                L=32  B=8     m=250   inner=1      min=   409.709 us/xform  median=   410.312  sd=  0.15%      6.00 GF/s  setup=0.000 s
ducc0_c2c                L=32  B=8     m=2     inner=1      min=   473.189 us/xform  median=   473.189  sd=  0.00%      5.19 GF/s  setup=0.000 s
fftw3_estimate           L=32  B=8     m=250   inner=1      min=   508.888 us/xform  median=   509.203  sd=  0.04%      4.83 GF/s  setup=0.001 s
fftw3_estimate           L=32  B=8     m=2     inner=1      min=   588.455 us/xform  median=   588.455  sd=  0.00%      4.18 GF/s  setup=0.002 s
fftw3_guru               L=32  B=8     m=250   inner=1      min=   501.016 us/xform  median=   501.437  sd=  0.07%      4.91 GF/s  setup=0.090 s
fftw3_guru               L=32  B=8     m=2     inner=1      min=   520.228 us/xform  median=   520.228  sd=  0.00%      4.72 GF/s  setup=0.091 s
fftw3_measure            L=32  B=8     m=250   inner=1      min=   275.117 us/xform  median=   275.327  sd=  0.04%      8.93 GF/s  setup=0.108 s
fftw3_measure            L=32  B=8     m=2     inner=1      min=   324.166 us/xform  median=   324.166  sd=  0.00%      7.58 GF/s  setup=0.109 s
fftw3_patient            L=32  B=8     m=250   inner=1      min=   272.138 us/xform  median=   272.370  sd=  0.04%      9.03 GF/s  setup=0.635 s
fftw3_patient            L=32  B=8     m=2     inner=1      min=   321.963 us/xform  median=   321.963  sd=  0.00%      7.63 GF/s  setup=0.650 s
gen_bluestein            L=32  B=8     m=250   inner=1      min=   537.614 us/xform  median=   538.295  sd=  0.10%      4.57 GF/s  setup=0.000 s
gen_bluestein            L=32  B=8     m=2     inner=1      min=   592.973 us/xform  median=   592.973  sd=  0.00%      4.14 GF/s  setup=0.000 s
gen_layout               L=32  B=8     m=250   inner=1      min=   260.362 us/xform  median=   260.564  sd=  0.09%      9.44 GF/s  setup=0.001 s
gen_layout               L=32  B=8     m=2     inner=1      min=   296.377 us/xform  median=   296.377  sd=  0.00%      8.29 GF/s  setup=0.001 s
gen_planner              L=32  B=8     m=250   inner=1      min=   152.707 us/xform  median=   152.924  sd=  0.11%     16.09 GF/s  setup=0.085 s
gen_planner              L=32  B=8     m=2     inner=1      min=   203.661 us/xform  median=   203.661  sd=  0.00%     12.07 GF/s  setup=0.005 s
gen_pow2                 L=32  B=8     m=250   inner=1      min=    95.716 us/xform  median=    95.747  sd=  0.16%     25.68 GF/s  setup=0.000 s
gen_pow2                 L=32  B=8     m=2     inner=1      min=   181.641 us/xform  median=   181.641  sd=  0.00%     13.53 GF/s  setup=0.000 s
gen_race                 L=32  B=8     m=250   inner=1      min=   151.968 us/xform  median=   152.668  sd=  0.19%     16.17 GF/s  setup=0.191 s
gen_race                 L=32  B=8     m=2     inner=1      min=   222.467 us/xform  median=   222.467  sd=  0.00%     11.05 GF/s  setup=0.005 s
gen_twiddle              L=32  B=8     m=250   inner=1      min=   256.537 us/xform  median=   256.659  sd=  0.08%      9.58 GF/s  setup=0.008 s
gen_twiddle              L=32  B=8     m=2     inner=1      min=   316.365 us/xform  median=   316.365  sd=  0.00%      7.77 GF/s  setup=0.007 s
mkl2026_dfti             L=32  B=8     m=250   inner=1      min=   219.974 us/xform  median=   220.423  sd=  0.10%     11.17 GF/s  setup=0.004 s
mkl2026_dfti             L=32  B=8     m=2     inner=1      min=   297.527 us/xform  median=   297.527  sd=  0.00%      8.26 GF/s  setup=0.003 s
mkl_dfti                 L=32  B=8     m=250   inner=1      min=   209.486 us/xform  median=   209.789  sd=  0.13%     11.73 GF/s  setup=0.004 s
mkl_dfti                 L=32  B=8     m=2     inner=1      min=   282.146 us/xform  median=   282.146  sd=  0.00%      8.71 GF/s  setup=0.003 s
baseline_matrix          L=40  B=8     m=128   inner=1      min= 17221.348 us/xform  median= 17224.923  sd=  0.01%      0.30 GF/s  setup=0.000 s
baseline_matrix          L=40  B=8     m=2     inner=1      min= 17304.831 us/xform  median= 17304.831  sd=  0.00%      0.30 GF/s  setup=0.000 s
ducc0_c2c                L=40  B=8     m=128   inner=1      min=   780.521 us/xform  median=   781.544  sd=  0.12%      6.55 GF/s  setup=0.000 s
ducc0_c2c                L=40  B=8     m=2     inner=1      min=   932.087 us/xform  median=   932.087  sd=  0.00%      5.48 GF/s  setup=0.000 s
fftw3_estimate           L=40  B=8     m=128   inner=1      min=  2439.789 us/xform  median=  2441.160  sd=  0.04%      2.09 GF/s  setup=0.003 s
fftw3_estimate           L=40  B=8     m=2     inner=1      min=  2549.225 us/xform  median=  2549.225  sd=  0.00%      2.00 GF/s  setup=0.003 s
fftw3_guru               L=40  B=8     m=128   inner=1      min=  1029.678 us/xform  median=  1031.147  sd=  0.12%      4.96 GF/s  setup=0.195 s
fftw3_guru               L=40  B=8     m=2     inner=1      min=  1117.032 us/xform  median=  1117.032  sd=  0.00%      4.57 GF/s  setup=0.194 s
fftw3_measure            L=40  B=8     m=128   inner=1      min=   714.892 us/xform  median=   715.609  sd=  0.08%      7.15 GF/s  setup=0.195 s
fftw3_measure            L=40  B=8     m=2     inner=1      min=   807.061 us/xform  median=   807.061  sd=  0.00%      6.33 GF/s  setup=0.195 s
fftw3_patient            L=40  B=8     m=128   inner=1      min=   697.968 us/xform  median=   698.430  sd=  0.08%      7.32 GF/s  setup=1.751 s
fftw3_patient            L=40  B=8     m=2     inner=1      min=   774.515 us/xform  median=   774.515  sd=  0.00%      6.60 GF/s  setup=1.765 s
gen_bluestein            L=40  B=8     m=128   inner=1      min=  1040.631 us/xform  median=  1041.726  sd=  0.05%      4.91 GF/s  setup=0.000 s
gen_bluestein            L=40  B=8     m=2     inner=1      min=  1279.602 us/xform  median=  1279.602  sd=  0.00%      3.99 GF/s  setup=0.000 s
gen_layout               L=40  B=8     m=128   inner=1      min=   559.058 us/xform  median=   559.725  sd=  0.07%      9.14 GF/s  setup=0.001 s
gen_layout               L=40  B=8     m=2     inner=1      min=   700.717 us/xform  median=   700.717  sd=  0.00%      7.29 GF/s  setup=0.001 s
gen_pfa_large            L=40  B=8     m=128   inner=1      min=   237.027 us/xform  median=   237.788  sd=  0.21%     21.55 GF/s  setup=1.638 s
gen_pfa_large            L=40  B=8     m=2     inner=1      min=   334.038 us/xform  median=   334.038  sd=  0.00%     15.29 GF/s  setup=0.002 s
gen_planner              L=40  B=8     m=128   inner=1      min=   355.510 us/xform  median=   355.738  sd=  0.12%     14.37 GF/s  setup=0.168 s
gen_planner              L=40  B=8     m=2     inner=1      min=   505.302 us/xform  median=   505.302  sd=  0.00%     10.11 GF/s  setup=0.008 s
gen_race                 L=40  B=8     m=128   inner=1      min=   351.554 us/xform  median=   352.443  sd=  0.12%     14.53 GF/s  setup=0.481 s
gen_race                 L=40  B=8     m=2     inner=1      min=   509.466 us/xform  median=   509.466  sd=  0.00%     10.03 GF/s  setup=0.005 s
gen_twiddle              L=40  B=8     m=128   inner=1      min=   477.912 us/xform  median=   478.480  sd=  0.10%     10.69 GF/s  setup=0.009 s
gen_twiddle              L=40  B=8     m=2     inner=1      min=   628.583 us/xform  median=   628.583  sd=  0.00%      8.13 GF/s  setup=0.009 s
mkl2026_dfti             L=40  B=8     m=128   inner=1      min=   522.549 us/xform  median=   523.041  sd=  0.13%      9.78 GF/s  setup=0.004 s
mkl2026_dfti             L=40  B=8     m=2     inner=1      min=   749.152 us/xform  median=   749.152  sd=  0.00%      6.82 GF/s  setup=0.003 s
mkl_dfti                 L=40  B=8     m=128   inner=1      min=   523.347 us/xform  median=   523.914  sd=  0.13%      9.76 GF/s  setup=0.004 s
mkl_dfti                 L=40  B=8     m=2     inner=1      min=   752.600 us/xform  median=   752.600  sd=  0.00%      6.79 GF/s  setup=0.003 s
baseline_matrix          L=50  B=4     m=128   inner=1      min= 44930.763 us/xform  median= 44936.406  sd=  0.01%      0.24 GF/s  setup=0.000 s
baseline_matrix          L=50  B=4     m=2     inner=1      min= 45129.945 us/xform  median= 45129.945  sd=  0.00%      0.23 GF/s  setup=0.000 s
ducc0_c2c                L=50  B=4     m=128   inner=1      min=  1676.982 us/xform  median=  1685.586  sd=  0.26%      6.31 GF/s  setup=0.000 s
ducc0_c2c                L=50  B=4     m=2     inner=1      min=  1964.149 us/xform  median=  1964.149  sd=  0.00%      5.39 GF/s  setup=0.000 s
fftw3_estimate           L=50  B=4     m=128   inner=1      min=  2161.754 us/xform  median=  2164.381  sd=  0.11%      4.90 GF/s  setup=0.004 s
fftw3_estimate           L=50  B=4     m=2     inner=1      min=  2458.341 us/xform  median=  2458.341  sd=  0.00%      4.30 GF/s  setup=0.003 s
fftw3_guru               L=50  B=4     m=128   inner=1      min=  2088.804 us/xform  median=  2091.339  sd=  0.18%      5.07 GF/s  setup=0.133 s
fftw3_guru               L=50  B=4     m=2     inner=1      min=  2432.005 us/xform  median=  2432.005  sd=  0.00%      4.35 GF/s  setup=0.133 s
fftw3_measure            L=50  B=4     m=128   inner=1      min=  1761.956 us/xform  median=  1762.734  sd=  0.05%      6.01 GF/s  setup=0.113 s
fftw3_measure            L=50  B=4     m=2     inner=1      min=  1982.273 us/xform  median=  1982.273  sd=  0.00%      5.34 GF/s  setup=0.114 s
fftw3_patient            L=50  B=4     m=128   inner=1      min=  1564.644 us/xform  median=  1566.803  sd=  0.12%      6.76 GF/s  setup=1.435 s
fftw3_patient            L=50  B=4     m=2     inner=1      min=  1760.814 us/xform  median=  1760.814  sd=  0.00%      6.01 GF/s  setup=1.431 s
gen_bluestein            L=50  B=4     m=128   inner=1      min=  2626.427 us/xform  median=  2627.599  sd=  0.04%      4.03 GF/s  setup=0.000 s
gen_bluestein            L=50  B=4     m=2     inner=1      min=  3010.192 us/xform  median=  3010.192  sd=  0.00%      3.52 GF/s  setup=0.000 s
gen_layout               L=50  B=4     m=128   inner=1      min=  1329.747 us/xform  median=  1330.800  sd=  0.09%      7.96 GF/s  setup=0.002 s
gen_layout               L=50  B=4     m=2     inner=1      min=  1477.474 us/xform  median=  1477.474  sd=  0.00%      7.16 GF/s  setup=0.002 s
gen_pfa_large            L=50  B=4     m=128   inner=1      min=   619.560 us/xform  median=   620.485  sd=  0.10%     17.08 GF/s  setup=2.317 s
gen_pfa_large            L=50  B=4     m=2     inner=1      min=   804.805 us/xform  median=   804.805  sd=  0.00%     13.15 GF/s  setup=0.002 s
gen_planner              L=50  B=4     m=128   inner=1      min=   813.438 us/xform  median=   815.247  sd=  0.21%     13.01 GF/s  setup=0.049 s
gen_planner              L=50  B=4     m=2     inner=1      min=  1161.352 us/xform  median=  1161.352  sd=  0.00%      9.11 GF/s  setup=0.012 s
gen_powp                 L=50  B=4     m=128   inner=1      min=   622.616 us/xform  median=   623.764  sd=  0.10%     17.00 GF/s  setup=2.031 s
gen_powp                 L=50  B=4     m=2     inner=1      min=   774.609 us/xform  median=   774.609  sd=  0.00%     13.66 GF/s  setup=0.002 s
gen_race                 L=50  B=4     m=128   inner=1      min=   824.733 us/xform  median=   827.372  sd=  0.14%     12.83 GF/s  setup=0.125 s
gen_race                 L=50  B=4     m=2     inner=1      min=  1134.884 us/xform  median=  1134.884  sd=  0.00%      9.32 GF/s  setup=0.005 s
gen_twiddle              L=50  B=4     m=128   inner=1      min=  1105.316 us/xform  median=  1106.617  sd=  0.07%      9.57 GF/s  setup=0.015 s
gen_twiddle              L=50  B=4     m=2     inner=1      min=  1514.979 us/xform  median=  1514.979  sd=  0.00%      6.99 GF/s  setup=0.014 s
mkl2026_dfti             L=50  B=4     m=128   inner=1      min=  1218.720 us/xform  median=  1220.897  sd=  0.12%      8.68 GF/s  setup=0.057 s
mkl2026_dfti             L=50  B=4     m=2     inner=1      min=  1590.046 us/xform  median=  1590.046  sd=  0.00%      6.66 GF/s  setup=0.058 s
mkl_dfti                 L=50  B=4     m=128   inner=1      min=  1208.676 us/xform  median=  1210.037  sd=  0.07%      8.76 GF/s  setup=0.040 s
mkl_dfti                 L=50  B=4     m=2     inner=1      min=  1602.759 us/xform  median=  1602.759  sd=  0.00%      6.60 GF/s  setup=0.057 s
baseline_matrix          L=100 B=1     m=2     inner=1      min=779168.368 us/xform  median=779168.368  sd=  0.00%      0.13 GF/s  setup=0.001 s
ducc0_c2c                L=100 B=1     m=64    inner=1      min= 15396.150 us/xform  median= 15438.686  sd=  0.53%      6.47 GF/s  setup=0.000 s
ducc0_c2c                L=100 B=1     m=2     inner=1      min= 17083.553 us/xform  median= 17083.553  sd=  0.00%      5.83 GF/s  setup=0.000 s
fftw3_estimate           L=100 B=1     m=64    inner=1      min= 25094.942 us/xform  median= 25120.533  sd=  0.05%      3.97 GF/s  setup=0.003 s
fftw3_estimate           L=100 B=1     m=2     inner=1      min= 26915.026 us/xform  median= 26915.026  sd=  0.00%      3.70 GF/s  setup=0.002 s
fftw3_guru               L=100 B=1     m=64    inner=1      min= 19278.244 us/xform  median= 19309.875  sd=  0.10%      5.17 GF/s  setup=0.432 s
fftw3_guru               L=100 B=1     m=2     inner=1      min= 21969.631 us/xform  median= 21969.631  sd=  0.00%      4.54 GF/s  setup=0.430 s
fftw3_measure            L=100 B=1     m=64    inner=1      min= 13354.605 us/xform  median= 13369.855  sd=  0.07%      7.46 GF/s  setup=0.354 s
fftw3_measure            L=100 B=1     m=2     inner=1      min= 15237.708 us/xform  median= 15237.708  sd=  0.00%      6.54 GF/s  setup=0.357 s
fftw3_patient            L=100 B=1     m=64    inner=1      min= 12387.431 us/xform  median= 12406.550  sd=  0.08%      8.05 GF/s  setup=21.783 s
fftw3_patient            L=100 B=1     m=2     inner=1      min= 13658.660 us/xform  median= 13658.660  sd=  0.00%      7.30 GF/s  setup=21.844 s
gen_bluestein            L=100 B=1     m=64    inner=1      min= 23918.955 us/xform  median= 23944.839  sd=  0.06%      4.17 GF/s  setup=0.000 s
gen_bluestein            L=100 B=1     m=2     inner=1      min= 28003.249 us/xform  median= 28003.249  sd=  0.00%      3.56 GF/s  setup=0.000 s
gen_layout               L=100 B=1     m=64    inner=1      min= 17147.663 us/xform  median= 17151.211  sd=  0.09%      5.81 GF/s  setup=0.007 s
gen_layout               L=100 B=1     m=2     inner=1      min= 17777.505 us/xform  median= 17777.505  sd=  0.00%      5.61 GF/s  setup=0.006 s
gen_pfa_large            L=100 B=1     m=64    inner=1      min=  6161.263 us/xform  median=  6169.544  sd=  0.20%     16.17 GF/s  setup=5.381 s
gen_pfa_large            L=100 B=1     m=2     inner=1      min=  7652.858 us/xform  median=  7652.858  sd=  0.00%     13.02 GF/s  setup=0.001 s
gen_planner              L=100 B=1     m=64    inner=1      min=  7484.058 us/xform  median=  7503.578  sd=  0.14%     13.32 GF/s  setup=0.346 s
gen_planner              L=100 B=1     m=2     inner=1      min=  9708.331 us/xform  median=  9708.331  sd=  0.00%     10.27 GF/s  setup=0.095 s
gen_powp                 L=100 B=1     m=64    inner=1      min=  6176.637 us/xform  median=  6189.952  sd=  0.13%     16.13 GF/s  setup=4.444 s
gen_powp                 L=100 B=1     m=2     inner=1      min=  7391.984 us/xform  median=  7391.984  sd=  0.00%     13.48 GF/s  setup=0.002 s
gen_race                 L=100 B=1     m=64    inner=1      min=  7113.615 us/xform  median=  7130.102  sd=  0.21%     14.01 GF/s  setup=0.980 s
gen_race                 L=100 B=1     m=2     inner=1      min=  9302.972 us/xform  median=  9302.972  sd=  0.00%     10.71 GF/s  setup=0.003 s
gen_twiddle              L=100 B=1     m=64    inner=1      min= 10148.187 us/xform  median= 10180.386  sd=  0.17%      9.82 GF/s  setup=0.098 s
gen_twiddle              L=100 B=1     m=2     inner=1      min= 12623.852 us/xform  median= 12623.852  sd=  0.00%      7.89 GF/s  setup=0.101 s
mkl2026_dfti             L=100 B=1     m=64    inner=1      min= 10221.321 us/xform  median= 10225.323  sd=  0.06%      9.75 GF/s  setup=0.057 s
mkl2026_dfti             L=100 B=1     m=2     inner=1      min= 13173.076 us/xform  median= 13173.076  sd=  0.00%      7.57 GF/s  setup=0.059 s
mkl_dfti                 L=100 B=1     m=64    inner=1      min= 10222.787 us/xform  median= 10233.228  sd=  0.06%      9.75 GF/s  setup=0.039 s
mkl_dfti                 L=100 B=1     m=2     inner=1      min= 13262.933 us/xform  median= 13262.933  sd=  0.00%      7.51 GF/s  setup=0.061 s
