PASS rel_l2=4.484e-16 rel_max=5.456e-16 (tol 1e-12) L=13 B=1
PASS rel_l2=1.303e-16 rel_max=1.911e-16 (tol 1e-12) L=13 B=1
PASS rel_l2=2.337e-16 rel_max=2.854e-16 (tol 1e-12) L=13 B=1
PASS rel_l2=1.303e-16 rel_max=1.911e-16 (tol 1e-12) L=13 B=1
PASS rel_l2=1.944e-16 rel_max=2.650e-16 (tol 1e-12) L=13 B=1
PASS rel_l2=1.944e-16 rel_max=2.650e-16 (tol 1e-12) L=13 B=1
PASS rel_l2=2.679e-16 rel_max=2.370e-16 (tol 1e-12) L=13 B=1
PASS rel_l2=2.493e-16 rel_max=2.370e-16 (tol 1e-12) L=13 B=1
PASS rel_l2=2.072e-16 rel_max=2.136e-16 (tol 1e-12) L=13 B=1
PASS rel_l2=2.072e-16 rel_max=2.136e-16 (tol 1e-12) L=13 B=1
PASS rel_l2=2.072e-16 rel_max=2.136e-16 (tol 1e-12) L=13 B=1
PASS rel_l2=2.021e-16 rel_max=2.650e-16 (tol 1e-12) L=13 B=1
PASS rel_l2=4.139e-16 rel_max=4.467e-16 (tol 1e-12) L=13 B=512
PASS rel_l2=1.387e-16 rel_max=2.302e-16 (tol 1e-12) L=13 B=512
PASS rel_l2=1.834e-16 rel_max=2.340e-16 (tol 1e-12) L=13 B=512
PASS rel_l2=1.387e-16 rel_max=2.302e-16 (tol 1e-12) L=13 B=512
PASS rel_l2=1.717e-16 rel_max=2.302e-16 (tol 1e-12) L=13 B=512
PASS rel_l2=1.387e-16 rel_max=2.302e-16 (tol 1e-12) L=13 B=512
PASS rel_l2=2.836e-16 rel_max=3.256e-16 (tol 1e-12) L=13 B=512
PASS rel_l2=1.800e-16 rel_max=2.497e-16 (tol 1e-12) L=13 B=512
PASS rel_l2=1.800e-16 rel_max=2.497e-16 (tol 1e-12) L=13 B=512
PASS rel_l2=1.811e-16 rel_max=2.302e-16 (tol 1e-12) L=13 B=512
PASS rel_l2=1.811e-16 rel_max=2.302e-16 (tol 1e-12) L=13 B=512
PASS rel_l2=1.811e-16 rel_max=2.302e-16 (tol 1e-12) L=13 B=512
PASS rel_l2=1.722e-16 rel_max=2.302e-16 (tol 1e-12) L=13 B=512
PASS rel_l2=4.484e-16 rel_max=5.456e-16 (tol 1e-12) L=13 B=1
PASS map-chain m=200000: rel_l2=1.180e-14 (anchor 2.827e-16, tol 1.0e-10)
PASS rel_l2=4.484e-16 rel_max=5.456e-16 (tol 1e-12) L=13 B=1
PASS map-2-step: rel_l2=6.881e-16 (tol 3.0e-14)
PASS rel_l2=1.303e-16 rel_max=1.911e-16 (tol 1e-12) L=13 B=1
PASS map-chain m=200000: rel_l2=4.593e-16 (anchor 2.827e-16, tol 1.0e-10)
PASS rel_l2=1.303e-16 rel_max=1.911e-16 (tol 1e-12) L=13 B=1
PASS map-2-step: rel_l2=3.352e-16 (tol 3.0e-14)
PASS rel_l2=2.337e-16 rel_max=2.854e-16 (tol 1e-12) L=13 B=1
PASS map-chain m=200000: rel_l2=8.825e-16 (anchor 2.827e-16, tol 1.0e-10)
PASS rel_l2=2.337e-16 rel_max=2.854e-16 (tol 1e-12) L=13 B=1
PASS map-2-step: rel_l2=4.414e-16 (tol 3.0e-14)
PASS rel_l2=1.303e-16 rel_max=1.911e-16 (tol 1e-12) L=13 B=1
PASS map-chain m=200000: rel_l2=5.424e-16 (anchor 2.827e-16, tol 1.0e-10)
PASS rel_l2=1.303e-16 rel_max=1.911e-16 (tol 1e-12) L=13 B=1
PASS map-2-step: rel_l2=3.230e-16 (tol 3.0e-14)
PASS rel_l2=1.944e-16 rel_max=2.650e-16 (tol 1e-12) L=13 B=1
PASS map-chain m=200000: rel_l2=1.052e-15 (anchor 2.827e-16, tol 1.0e-10)
PASS rel_l2=1.944e-16 rel_max=2.650e-16 (tol 1e-12) L=13 B=1
PASS map-2-step: rel_l2=5.414e-16 (tol 3.0e-14)
PASS rel_l2=1.944e-16 rel_max=2.650e-16 (tol 1e-12) L=13 B=1
PASS map-chain m=200000: rel_l2=1.052e-15 (anchor 2.827e-16, tol 1.0e-10)
PASS rel_l2=1.944e-16 rel_max=2.650e-16 (tol 1e-12) L=13 B=1
PASS map-2-step: rel_l2=5.414e-16 (tol 3.0e-14)
PASS rel_l2=2.679e-16 rel_max=2.370e-16 (tol 1e-12) L=13 B=1
PASS map-chain m=200000: rel_l2=1.211e-15 (anchor 2.827e-16, tol 1.0e-10)
PASS rel_l2=2.679e-16 rel_max=2.370e-16 (tol 1e-12) L=13 B=1
PASS map-2-step: rel_l2=6.583e-16 (tol 3.0e-14)
PASS rel_l2=2.493e-16 rel_max=2.370e-16 (tol 1e-12) L=13 B=1
PASS map-chain m=200000: rel_l2=1.200e-15 (anchor 2.827e-16, tol 1.0e-10)
PASS rel_l2=2.493e-16 rel_max=2.370e-16 (tol 1e-12) L=13 B=1
PASS map-2-step: rel_l2=7.168e-16 (tol 3.0e-14)
PASS rel_l2=2.072e-16 rel_max=2.136e-16 (tol 1e-12) L=13 B=1
PASS map-chain m=200000: rel_l2=8.806e-16 (anchor 2.827e-16, tol 1.0e-10)
PASS rel_l2=2.072e-16 rel_max=2.136e-16 (tol 1e-12) L=13 B=1
PASS map-2-step: rel_l2=7.512e-16 (tol 3.0e-14)
PASS rel_l2=2.072e-16 rel_max=2.136e-16 (tol 1e-12) L=13 B=1
PASS map-chain m=200000: rel_l2=8.806e-16 (anchor 2.827e-16, tol 1.0e-10)
PASS rel_l2=2.072e-16 rel_max=2.136e-16 (tol 1e-12) L=13 B=1
PASS map-2-step: rel_l2=7.512e-16 (tol 3.0e-14)
PASS rel_l2=2.072e-16 rel_max=2.136e-16 (tol 1e-12) L=13 B=1
PASS map-chain m=200000: rel_l2=8.806e-16 (anchor 2.827e-16, tol 1.0e-10)
PASS rel_l2=2.072e-16 rel_max=2.136e-16 (tol 1e-12) L=13 B=1
PASS map-2-step: rel_l2=7.512e-16 (tol 3.0e-14)
PASS rel_l2=2.021e-16 rel_max=2.650e-16 (tol 1e-12) L=13 B=1
PASS map-chain m=200000: rel_l2=1.543e-15 (anchor 2.827e-16, tol 1.0e-10)
PASS rel_l2=2.021e-16 rel_max=2.650e-16 (tol 1e-12) L=13 B=1
PASS map-2-step: rel_l2=4.557e-16 (tol 3.0e-14)
PASS rel_l2=4.139e-16 rel_max=4.467e-16 (tol 1e-12) L=13 B=512
PASS map-chain m=2000: rel_l2=9.323e-14 (anchor 5.796e-15, tol 1.0e-10)
PASS rel_l2=4.139e-16 rel_max=4.467e-16 (tol 1e-12) L=13 B=512
PASS map-2-step: rel_l2=7.553e-16 (tol 3.0e-14)
PASS rel_l2=1.387e-16 rel_max=2.302e-16 (tol 1e-12) L=13 B=512
PASS map-chain m=2000: rel_l2=7.500e-15 (anchor 5.796e-15, tol 1.0e-10)
PASS rel_l2=1.387e-16 rel_max=2.302e-16 (tol 1e-12) L=13 B=512
PASS map-2-step: rel_l2=3.005e-16 (tol 3.0e-14)
PASS rel_l2=1.834e-16 rel_max=2.340e-16 (tol 1e-12) L=13 B=512
PASS map-chain m=2000: rel_l2=6.758e-15 (anchor 5.796e-15, tol 1.0e-10)
PASS rel_l2=1.834e-16 rel_max=2.340e-16 (tol 1e-12) L=13 B=512
PASS map-2-step: rel_l2=3.164e-16 (tol 3.0e-14)
PASS rel_l2=1.387e-16 rel_max=2.302e-16 (tol 1e-12) L=13 B=512
PASS map-chain m=2000: rel_l2=2.231e-15 (anchor 5.796e-15, tol 1.0e-10)
PASS rel_l2=1.387e-16 rel_max=2.302e-16 (tol 1e-12) L=13 B=512
PASS map-2-step: rel_l2=3.273e-16 (tol 3.0e-14)
PASS rel_l2=1.717e-16 rel_max=2.302e-16 (tol 1e-12) L=13 B=512
PASS map-chain m=2000: rel_l2=2.155e-14 (anchor 5.796e-15, tol 1.0e-10)
PASS rel_l2=1.717e-16 rel_max=2.302e-16 (tol 1e-12) L=13 B=512
PASS map-2-step: rel_l2=3.781e-16 (tol 3.0e-14)
PASS rel_l2=1.387e-16 rel_max=2.302e-16 (tol 1e-12) L=13 B=512
PASS map-chain m=2000: rel_l2=2.155e-14 (anchor 5.796e-15, tol 1.0e-10)
PASS rel_l2=1.387e-16 rel_max=2.302e-16 (tol 1e-12) L=13 B=512
PASS map-2-step: rel_l2=3.781e-16 (tol 3.0e-14)
PASS rel_l2=2.836e-16 rel_max=3.256e-16 (tol 1e-12) L=13 B=512
PASS map-chain m=2000: rel_l2=3.510e-14 (anchor 5.796e-15, tol 1.0e-10)
PASS rel_l2=2.836e-16 rel_max=3.256e-16 (tol 1e-12) L=13 B=512
PASS map-2-step: rel_l2=5.326e-16 (tol 3.0e-14)
PASS rel_l2=1.800e-16 rel_max=2.497e-16 (tol 1e-12) L=13 B=512
PASS map-chain m=2000: rel_l2=1.016e-14 (anchor 5.796e-15, tol 1.0e-10)
PASS rel_l2=1.800e-16 rel_max=2.497e-16 (tol 1e-12) L=13 B=512
PASS map-2-step: rel_l2=3.374e-16 (tol 3.0e-14)
PASS rel_l2=1.800e-16 rel_max=2.497e-16 (tol 1e-12) L=13 B=512
PASS map-chain m=2000: rel_l2=1.016e-14 (anchor 5.796e-15, tol 1.0e-10)
PASS rel_l2=1.800e-16 rel_max=2.497e-16 (tol 1e-12) L=13 B=512
PASS map-2-step: rel_l2=3.374e-16 (tol 3.0e-14)
PASS rel_l2=1.811e-16 rel_max=2.302e-16 (tol 1e-12) L=13 B=512
PASS map-chain m=2000: rel_l2=1.089e-14 (anchor 5.796e-15, tol 1.0e-10)
PASS rel_l2=1.811e-16 rel_max=2.302e-16 (tol 1e-12) L=13 B=512
PASS map-2-step: rel_l2=3.414e-16 (tol 3.0e-14)
PASS rel_l2=1.811e-16 rel_max=2.302e-16 (tol 1e-12) L=13 B=512
PASS map-chain m=2000: rel_l2=1.089e-14 (anchor 5.796e-15, tol 1.0e-10)
PASS rel_l2=1.811e-16 rel_max=2.302e-16 (tol 1e-12) L=13 B=512
PASS map-2-step: rel_l2=3.414e-16 (tol 3.0e-14)
PASS rel_l2=1.811e-16 rel_max=2.302e-16 (tol 1e-12) L=13 B=512
PASS map-chain m=2000: rel_l2=1.089e-14 (anchor 5.796e-15, tol 1.0e-10)
PASS rel_l2=1.811e-16 rel_max=2.302e-16 (tol 1e-12) L=13 B=512
PASS map-2-step: rel_l2=3.414e-16 (tol 3.0e-14)
PASS rel_l2=1.722e-16 rel_max=2.302e-16 (tol 1e-12) L=13 B=512
PASS map-chain m=2000: rel_l2=1.917e-14 (anchor 5.796e-15, tol 1.0e-10)
PASS rel_l2=1.722e-16 rel_max=2.302e-16 (tol 1e-12) L=13 B=512
PASS map-2-step: rel_l2=3.498e-16 (tol 3.0e-14)
PASS rel_l2=3.836e-16 rel_max=4.182e-16 (tol 1e-12) L=31 B=1
PASS rel_l2=1.889e-16 rel_max=1.656e-16 (tol 1e-12) L=31 B=1
PASS rel_l2=3.470e-16 rel_max=4.125e-16 (tol 1e-12) L=31 B=1
PASS rel_l2=1.889e-16 rel_max=1.656e-16 (tol 1e-12) L=31 B=1
PASS rel_l2=2.909e-16 rel_max=2.750e-16 (tol 1e-12) L=31 B=1
PASS rel_l2=2.909e-16 rel_max=2.750e-16 (tol 1e-12) L=31 B=1
PASS rel_l2=3.146e-16 rel_max=3.136e-16 (tol 1e-12) L=31 B=1
PASS rel_l2=3.072e-16 rel_max=3.438e-16 (tol 1e-12) L=31 B=1
PASS rel_l2=1.863e-16 rel_max=1.870e-16 (tol 1e-12) L=31 B=1
PASS rel_l2=1.863e-16 rel_max=1.870e-16 (tol 1e-12) L=31 B=1
PASS rel_l2=1.863e-16 rel_max=1.870e-16 (tol 1e-12) L=31 B=1
PASS rel_l2=2.186e-16 rel_max=2.063e-16 (tol 1e-12) L=31 B=1
PASS rel_l2=4.200e-16 rel_max=4.952e-16 (tol 1e-12) L=31 B=512
PASS rel_l2=2.076e-16 rel_max=2.823e-16 (tol 1e-12) L=31 B=512
PASS rel_l2=3.233e-16 rel_max=3.915e-16 (tol 1e-12) L=31 B=512
PASS rel_l2=2.076e-16 rel_max=2.823e-16 (tol 1e-12) L=31 B=512
PASS rel_l2=2.883e-16 rel_max=3.502e-16 (tol 1e-12) L=31 B=512
PASS rel_l2=2.883e-16 rel_max=3.502e-16 (tol 1e-12) L=31 B=512
PASS rel_l2=3.561e-16 rel_max=4.429e-16 (tol 1e-12) L=31 B=512
PASS rel_l2=2.602e-16 rel_max=2.935e-16 (tol 1e-12) L=31 B=512
PASS rel_l2=2.602e-16 rel_max=2.935e-16 (tol 1e-12) L=31 B=512
PASS rel_l2=2.065e-16 rel_max=2.888e-16 (tol 1e-12) L=31 B=512
PASS rel_l2=2.065e-16 rel_max=2.888e-16 (tol 1e-12) L=31 B=512
PASS rel_l2=2.065e-16 rel_max=2.888e-16 (tol 1e-12) L=31 B=512
PASS rel_l2=2.291e-16 rel_max=3.132e-16 (tol 1e-12) L=31 B=512
PASS rel_l2=3.836e-16 rel_max=4.182e-16 (tol 1e-12) L=31 B=1
PASS map-chain m=100000: rel_l2=1.145e-14 (anchor 3.249e-16, tol 1.0e-10)
PASS rel_l2=3.836e-16 rel_max=4.182e-16 (tol 1e-12) L=31 B=1
PASS map-2-step: rel_l2=6.712e-16 (tol 3.0e-14)
PASS rel_l2=1.889e-16 rel_max=1.656e-16 (tol 1e-12) L=31 B=1
PASS map-chain m=100000: rel_l2=1.084e-15 (anchor 3.249e-16, tol 1.0e-10)
PASS rel_l2=1.889e-16 rel_max=1.656e-16 (tol 1e-12) L=31 B=1
PASS map-2-step: rel_l2=4.033e-16 (tol 3.0e-14)
PASS rel_l2=3.470e-16 rel_max=4.125e-16 (tol 1e-12) L=31 B=1
PASS map-chain m=100000: rel_l2=4.466e-15 (anchor 3.249e-16, tol 1.0e-10)
PASS rel_l2=3.470e-16 rel_max=4.125e-16 (tol 1e-12) L=31 B=1
PASS map-2-step: rel_l2=6.083e-16 (tol 3.0e-14)
PASS rel_l2=1.889e-16 rel_max=1.656e-16 (tol 1e-12) L=31 B=1
PASS map-chain m=100000: rel_l2=9.450e-16 (anchor 3.249e-16, tol 1.0e-10)
PASS rel_l2=1.889e-16 rel_max=1.656e-16 (tol 1e-12) L=31 B=1
PASS map-2-step: rel_l2=3.562e-16 (tol 3.0e-14)
PASS rel_l2=2.909e-16 rel_max=2.750e-16 (tol 1e-12) L=31 B=1
PASS map-chain m=100000: rel_l2=1.728e-15 (anchor 3.249e-16, tol 1.0e-10)
PASS rel_l2=2.909e-16 rel_max=2.750e-16 (tol 1e-12) L=31 B=1
PASS map-2-step: rel_l2=6.242e-16 (tol 3.0e-14)
PASS rel_l2=2.909e-16 rel_max=2.750e-16 (tol 1e-12) L=31 B=1
PASS map-chain m=100000: rel_l2=1.728e-15 (anchor 3.249e-16, tol 1.0e-10)
PASS rel_l2=2.909e-16 rel_max=2.750e-16 (tol 1e-12) L=31 B=1
PASS map-2-step: rel_l2=6.242e-16 (tol 3.0e-14)
PASS rel_l2=3.146e-16 rel_max=3.136e-16 (tol 1e-12) L=31 B=1
PASS map-chain m=100000: rel_l2=6.926e-15 (anchor 3.249e-16, tol 1.0e-10)
PASS rel_l2=3.146e-16 rel_max=3.136e-16 (tol 1e-12) L=31 B=1
PASS map-2-step: rel_l2=5.335e-16 (tol 3.0e-14)
PASS rel_l2=3.072e-16 rel_max=3.438e-16 (tol 1e-12) L=31 B=1
PASS map-chain m=100000: rel_l2=1.473e-15 (anchor 3.249e-16, tol 1.0e-10)
PASS rel_l2=3.072e-16 rel_max=3.438e-16 (tol 1e-12) L=31 B=1
PASS map-2-step: rel_l2=5.070e-16 (tol 3.0e-14)
PASS rel_l2=1.863e-16 rel_max=1.870e-16 (tol 1e-12) L=31 B=1
PASS map-chain m=100000: rel_l2=9.627e-16 (anchor 3.249e-16, tol 1.0e-10)
PASS rel_l2=1.863e-16 rel_max=1.870e-16 (tol 1e-12) L=31 B=1
PASS map-2-step: rel_l2=2.829e-16 (tol 3.0e-14)
PASS rel_l2=1.863e-16 rel_max=1.870e-16 (tol 1e-12) L=31 B=1
PASS map-chain m=100000: rel_l2=9.627e-16 (anchor 3.249e-16, tol 1.0e-10)
PASS rel_l2=1.863e-16 rel_max=1.870e-16 (tol 1e-12) L=31 B=1
PASS map-2-step: rel_l2=2.829e-16 (tol 3.0e-14)
PASS rel_l2=1.863e-16 rel_max=1.870e-16 (tol 1e-12) L=31 B=1
PASS map-chain m=100000: rel_l2=9.627e-16 (anchor 3.249e-16, tol 1.0e-10)
PASS rel_l2=1.863e-16 rel_max=1.870e-16 (tol 1e-12) L=31 B=1
PASS map-2-step: rel_l2=2.829e-16 (tol 3.0e-14)
PASS rel_l2=2.186e-16 rel_max=2.063e-16 (tol 1e-12) L=31 B=1
PASS map-chain m=100000: rel_l2=7.897e-16 (anchor 3.249e-16, tol 1.0e-10)
PASS rel_l2=2.186e-16 rel_max=2.063e-16 (tol 1e-12) L=31 B=1
PASS map-2-step: rel_l2=4.036e-16 (tol 3.0e-14)
PASS rel_l2=4.200e-16 rel_max=4.952e-16 (tol 1e-12) L=31 B=512
PASS map-chain m=1200: rel_l2=3.777e-12 (anchor 1.462e-13, tol 1.0e-10)
PASS rel_l2=4.200e-16 rel_max=4.952e-16 (tol 1e-12) L=31 B=512
PASS map-2-step: rel_l2=8.168e-16 (tol 3.0e-14)
PASS rel_l2=2.076e-16 rel_max=2.823e-16 (tol 1e-12) L=31 B=512
PASS map-chain m=1200: rel_l2=5.610e-13 (anchor 1.462e-13, tol 1.0e-10)
PASS rel_l2=2.076e-16 rel_max=2.823e-16 (tol 1e-12) L=31 B=512
PASS map-2-step: rel_l2=4.382e-16 (tol 3.0e-14)
PASS rel_l2=3.233e-16 rel_max=3.915e-16 (tol 1e-12) L=31 B=512
PASS map-chain m=1200: rel_l2=2.447e-12 (anchor 1.462e-13, tol 1.0e-10)
PASS rel_l2=3.233e-16 rel_max=3.915e-16 (tol 1e-12) L=31 B=512
PASS map-2-step: rel_l2=6.735e-16 (tol 3.0e-14)
PASS rel_l2=2.076e-16 rel_max=2.823e-16 (tol 1e-12) L=31 B=512
PASS map-chain m=1200: rel_l2=5.641e-13 (anchor 1.462e-13, tol 1.0e-10)
PASS rel_l2=2.076e-16 rel_max=2.823e-16 (tol 1e-12) L=31 B=512
PASS map-2-step: rel_l2=4.581e-16 (tol 3.0e-14)
PASS rel_l2=2.883e-16 rel_max=3.502e-16 (tol 1e-12) L=31 B=512
PASS map-chain m=1200: rel_l2=1.337e-12 (anchor 1.462e-13, tol 1.0e-10)
PASS rel_l2=2.883e-16 rel_max=3.502e-16 (tol 1e-12) L=31 B=512
PASS map-2-step: rel_l2=6.789e-16 (tol 3.0e-14)
PASS rel_l2=2.883e-16 rel_max=3.502e-16 (tol 1e-12) L=31 B=512
PASS map-chain m=1200: rel_l2=1.337e-12 (anchor 1.462e-13, tol 1.0e-10)
PASS rel_l2=2.883e-16 rel_max=3.502e-16 (tol 1e-12) L=31 B=512
PASS map-2-step: rel_l2=6.789e-16 (tol 3.0e-14)
PASS rel_l2=3.561e-16 rel_max=4.429e-16 (tol 1e-12) L=31 B=512
PASS map-chain m=1200: rel_l2=3.177e-12 (anchor 1.462e-13, tol 1.0e-10)
PASS rel_l2=3.561e-16 rel_max=4.429e-16 (tol 1e-12) L=31 B=512
PASS map-2-step: rel_l2=7.521e-16 (tol 3.0e-14)
PASS rel_l2=2.602e-16 rel_max=2.935e-16 (tol 1e-12) L=31 B=512
PASS map-chain m=1200: rel_l2=1.262e-12 (anchor 1.462e-13, tol 1.0e-10)
PASS rel_l2=2.602e-16 rel_max=2.935e-16 (tol 1e-12) L=31 B=512
PASS map-2-step: rel_l2=5.405e-16 (tol 3.0e-14)
PASS rel_l2=2.602e-16 rel_max=2.935e-16 (tol 1e-12) L=31 B=512
PASS map-chain m=1200: rel_l2=1.262e-12 (anchor 1.462e-13, tol 1.0e-10)
PASS rel_l2=2.602e-16 rel_max=2.935e-16 (tol 1e-12) L=31 B=512
PASS map-2-step: rel_l2=5.405e-16 (tol 3.0e-14)
PASS rel_l2=2.065e-16 rel_max=2.888e-16 (tol 1e-12) L=31 B=512
PASS map-chain m=1200: rel_l2=2.449e-13 (anchor 1.462e-13, tol 1.0e-10)
PASS rel_l2=2.065e-16 rel_max=2.888e-16 (tol 1e-12) L=31 B=512
PASS map-2-step: rel_l2=4.241e-16 (tol 3.0e-14)
PASS rel_l2=2.065e-16 rel_max=2.888e-16 (tol 1e-12) L=31 B=512
PASS map-chain m=1200: rel_l2=2.449e-13 (anchor 1.462e-13, tol 1.0e-10)
PASS rel_l2=2.065e-16 rel_max=2.888e-16 (tol 1e-12) L=31 B=512
PASS map-2-step: rel_l2=4.241e-16 (tol 3.0e-14)
PASS rel_l2=2.065e-16 rel_max=2.888e-16 (tol 1e-12) L=31 B=512
PASS map-chain m=1200: rel_l2=2.449e-13 (anchor 1.462e-13, tol 1.0e-10)
PASS rel_l2=2.065e-16 rel_max=2.888e-16 (tol 1e-12) L=31 B=512
PASS map-2-step: rel_l2=4.241e-16 (tol 3.0e-14)
PASS rel_l2=2.291e-16 rel_max=3.132e-16 (tol 1e-12) L=31 B=512
PASS map-chain m=1200: rel_l2=8.381e-13 (anchor 1.462e-13, tol 1.0e-10)
PASS rel_l2=2.291e-16 rel_max=3.132e-16 (tol 1e-12) L=31 B=512
PASS map-2-step: rel_l2=4.873e-16 (tol 3.0e-14)
PASS rel_l2=3.103e-16 rel_max=2.986e-16 (tol 1e-12) L=32 B=1
PASS rel_l2=1.270e-16 rel_max=1.109e-16 (tol 1e-12) L=32 B=1
PASS rel_l2=1.436e-16 rel_max=1.143e-16 (tol 1e-12) L=32 B=1
PASS rel_l2=1.270e-16 rel_max=1.109e-16 (tol 1e-12) L=32 B=1
PASS rel_l2=1.270e-16 rel_max=1.109e-16 (tol 1e-12) L=32 B=1
PASS rel_l2=1.717e-16 rel_max=2.480e-16 (tol 1e-12) L=32 B=1
PASS rel_l2=1.717e-16 rel_max=2.480e-16 (tol 1e-12) L=32 B=1
PASS rel_l2=1.654e-16 rel_max=1.386e-16 (tol 1e-12) L=32 B=1
PASS rel_l2=1.455e-16 rel_max=1.568e-16 (tol 1e-12) L=32 B=1
PASS rel_l2=1.504e-16 rel_max=1.568e-16 (tol 1e-12) L=32 B=1
PASS rel_l2=1.734e-16 rel_max=1.568e-16 (tol 1e-12) L=32 B=1
PASS rel_l2=1.348e-16 rel_max=1.240e-16 (tol 1e-12) L=32 B=1
PASS rel_l2=3.396e-16 rel_max=5.274e-16 (tol 1e-12) L=32 B=512
PASS rel_l2=1.445e-16 rel_max=2.313e-16 (tol 1e-12) L=32 B=512
PASS rel_l2=1.445e-16 rel_max=2.453e-16 (tol 1e-12) L=32 B=512
PASS rel_l2=1.445e-16 rel_max=2.313e-16 (tol 1e-12) L=32 B=512
PASS rel_l2=1.445e-16 rel_max=2.313e-16 (tol 1e-12) L=32 B=512
PASS rel_l2=1.445e-16 rel_max=2.313e-16 (tol 1e-12) L=32 B=512
PASS rel_l2=1.449e-16 rel_max=2.637e-16 (tol 1e-12) L=32 B=512
PASS rel_l2=1.390e-16 rel_max=2.948e-16 (tol 1e-12) L=32 B=512
PASS rel_l2=1.390e-16 rel_max=2.948e-16 (tol 1e-12) L=32 B=512
PASS rel_l2=1.550e-16 rel_max=2.662e-16 (tol 1e-12) L=32 B=512
PASS rel_l2=1.634e-16 rel_max=2.342e-16 (tol 1e-12) L=32 B=512
PASS rel_l2=1.634e-16 rel_max=2.342e-16 (tol 1e-12) L=32 B=512
PASS rel_l2=1.348e-16 rel_max=2.931e-16 (tol 1e-12) L=32 B=512
PASS rel_l2=3.103e-16 rel_max=2.986e-16 (tol 1e-12) L=32 B=1
PASS map-chain m=100000: rel_l2=7.067e-14 (anchor 0.000e+00, tol 1.0e-10)
PASS rel_l2=3.103e-16 rel_max=2.986e-16 (tol 1e-12) L=32 B=1
PASS map-2-step: rel_l2=7.088e-16 (tol 3.0e-14)
PASS rel_l2=1.270e-16 rel_max=1.109e-16 (tol 1e-12) L=32 B=1
PASS map-chain m=100000: rel_l2=7.660e-15 (anchor 0.000e+00, tol 1.0e-10)
PASS rel_l2=1.270e-16 rel_max=1.109e-16 (tol 1e-12) L=32 B=1
PASS map-2-step: rel_l2=3.412e-16 (tol 3.0e-14)
PASS rel_l2=1.436e-16 rel_max=1.143e-16 (tol 1e-12) L=32 B=1
PASS map-chain m=100000: rel_l2=9.550e-15 (anchor 0.000e+00, tol 1.0e-10)
PASS rel_l2=1.436e-16 rel_max=1.143e-16 (tol 1e-12) L=32 B=1
PASS map-2-step: rel_l2=3.451e-16 (tol 3.0e-14)
PASS rel_l2=1.270e-16 rel_max=1.109e-16 (tol 1e-12) L=32 B=1
PASS map-chain m=100000: rel_l2=9.728e-15 (anchor 0.000e+00, tol 1.0e-10)
PASS rel_l2=1.270e-16 rel_max=1.109e-16 (tol 1e-12) L=32 B=1
PASS map-2-step: rel_l2=3.651e-16 (tol 3.0e-14)
PASS rel_l2=1.270e-16 rel_max=1.109e-16 (tol 1e-12) L=32 B=1
PASS map-chain m=100000: rel_l2=9.728e-15 (anchor 0.000e+00, tol 1.0e-10)
PASS rel_l2=1.270e-16 rel_max=1.109e-16 (tol 1e-12) L=32 B=1
PASS map-2-step: rel_l2=3.651e-16 (tol 3.0e-14)
PASS rel_l2=1.717e-16 rel_max=2.480e-16 (tol 1e-12) L=32 B=1
PASS map-chain m=100000: rel_l2=7.660e-15 (anchor 0.000e+00, tol 1.0e-10)
PASS rel_l2=1.717e-16 rel_max=2.480e-16 (tol 1e-12) L=32 B=1
PASS map-2-step: rel_l2=3.412e-16 (tol 3.0e-14)
PASS rel_l2=1.717e-16 rel_max=2.480e-16 (tol 1e-12) L=32 B=1
PASS map-chain m=100000: rel_l2=9.244e-16 (anchor 0.000e+00, tol 1.0e-10)
PASS rel_l2=1.717e-16 rel_max=2.480e-16 (tol 1e-12) L=32 B=1
PASS map-2-step: rel_l2=3.926e-16 (tol 3.0e-14)
PASS rel_l2=1.654e-16 rel_max=1.386e-16 (tol 1e-12) L=32 B=1
PASS map-chain m=100000: rel_l2=7.593e-15 (anchor 0.000e+00, tol 1.0e-10)
PASS rel_l2=1.654e-16 rel_max=1.386e-16 (tol 1e-12) L=32 B=1
PASS map-2-step: rel_l2=3.733e-16 (tol 3.0e-14)
PASS rel_l2=1.455e-16 rel_max=1.568e-16 (tol 1e-12) L=32 B=1
PASS map-chain m=100000: rel_l2=1.720e-14 (anchor 0.000e+00, tol 1.0e-10)
PASS rel_l2=1.455e-16 rel_max=1.568e-16 (tol 1e-12) L=32 B=1
PASS map-2-step: rel_l2=3.455e-16 (tol 3.0e-14)
PASS rel_l2=1.734e-16 rel_max=1.568e-16 (tol 1e-12) L=32 B=1
PASS map-chain m=100000: rel_l2=1.680e-14 (anchor 0.000e+00, tol 1.0e-10)
PASS rel_l2=1.734e-16 rel_max=1.568e-16 (tol 1e-12) L=32 B=1
PASS map-2-step: rel_l2=3.584e-16 (tol 3.0e-14)
PASS rel_l2=1.734e-16 rel_max=1.568e-16 (tol 1e-12) L=32 B=1
PASS map-chain m=100000: rel_l2=1.680e-14 (anchor 0.000e+00, tol 1.0e-10)
PASS rel_l2=1.734e-16 rel_max=1.568e-16 (tol 1e-12) L=32 B=1
PASS map-2-step: rel_l2=3.584e-16 (tol 3.0e-14)
PASS rel_l2=1.348e-16 rel_max=1.240e-16 (tol 1e-12) L=32 B=1
PASS map-chain m=100000: rel_l2=8.601e-15 (anchor 0.000e+00, tol 1.0e-10)
PASS rel_l2=1.348e-16 rel_max=1.240e-16 (tol 1e-12) L=32 B=1
PASS map-2-step: rel_l2=2.929e-16 (tol 3.0e-14)
PASS rel_l2=3.396e-16 rel_max=5.274e-16 (tol 1e-12) L=32 B=512
PASS map-chain m=1000: rel_l2=1.116e-12 (anchor 0.000e+00, tol 1.0e-10)
PASS rel_l2=3.396e-16 rel_max=5.274e-16 (tol 1e-12) L=32 B=512
PASS map-2-step: rel_l2=6.131e-16 (tol 3.0e-14)
PASS rel_l2=1.445e-16 rel_max=2.313e-16 (tol 1e-12) L=32 B=512
PASS map-chain m=1000: rel_l2=3.010e-13 (anchor 0.000e+00, tol 1.0e-10)
PASS rel_l2=1.445e-16 rel_max=2.313e-16 (tol 1e-12) L=32 B=512
PASS map-2-step: rel_l2=3.270e-16 (tol 3.0e-14)
PASS rel_l2=1.445e-16 rel_max=2.453e-16 (tol 1e-12) L=32 B=512
PASS map-chain m=1000: rel_l2=3.938e-13 (anchor 0.000e+00, tol 1.0e-10)
PASS rel_l2=1.445e-16 rel_max=2.453e-16 (tol 1e-12) L=32 B=512
PASS map-2-step: rel_l2=3.347e-16 (tol 3.0e-14)
PASS rel_l2=1.445e-16 rel_max=2.313e-16 (tol 1e-12) L=32 B=512
PASS map-chain m=1000: rel_l2=4.059e-13 (anchor 0.000e+00, tol 1.0e-10)
PASS rel_l2=1.445e-16 rel_max=2.313e-16 (tol 1e-12) L=32 B=512
PASS map-2-step: rel_l2=3.383e-16 (tol 3.0e-14)
PASS rel_l2=1.445e-16 rel_max=2.313e-16 (tol 1e-12) L=32 B=512
PASS map-chain m=1000: rel_l2=3.815e-13 (anchor 0.000e+00, tol 1.0e-10)
PASS rel_l2=1.445e-16 rel_max=2.313e-16 (tol 1e-12) L=32 B=512
PASS map-2-step: rel_l2=3.573e-16 (tol 3.0e-14)
PASS rel_l2=1.445e-16 rel_max=2.313e-16 (tol 1e-12) L=32 B=512
PASS map-chain m=1000: rel_l2=3.010e-13 (anchor 0.000e+00, tol 1.0e-10)
PASS rel_l2=1.445e-16 rel_max=2.313e-16 (tol 1e-12) L=32 B=512
PASS map-2-step: rel_l2=3.270e-16 (tol 3.0e-14)
PASS rel_l2=1.449e-16 rel_max=2.637e-16 (tol 1e-12) L=32 B=512
PASS map-chain m=1000: rel_l2=2.674e-13 (anchor 0.000e+00, tol 1.0e-10)
PASS rel_l2=1.449e-16 rel_max=2.637e-16 (tol 1e-12) L=32 B=512
PASS map-2-step: rel_l2=3.703e-16 (tol 3.0e-14)
PASS rel_l2=1.390e-16 rel_max=2.948e-16 (tol 1e-12) L=32 B=512
PASS map-chain m=1000: rel_l2=3.021e-13 (anchor 0.000e+00, tol 1.0e-10)
PASS rel_l2=1.390e-16 rel_max=2.948e-16 (tol 1e-12) L=32 B=512
PASS map-2-step: rel_l2=3.285e-16 (tol 3.0e-14)
PASS rel_l2=1.390e-16 rel_max=2.948e-16 (tol 1e-12) L=32 B=512
PASS map-chain m=1000: rel_l2=3.021e-13 (anchor 0.000e+00, tol 1.0e-10)
PASS rel_l2=1.390e-16 rel_max=2.948e-16 (tol 1e-12) L=32 B=512
PASS map-2-step: rel_l2=3.285e-16 (tol 3.0e-14)
PASS rel_l2=1.550e-16 rel_max=2.662e-16 (tol 1e-12) L=32 B=512
PASS map-chain m=1000: rel_l2=3.614e-13 (anchor 0.000e+00, tol 1.0e-10)
PASS rel_l2=1.550e-16 rel_max=2.662e-16 (tol 1e-12) L=32 B=512
PASS map-2-step: rel_l2=3.493e-16 (tol 3.0e-14)
PASS rel_l2=1.550e-16 rel_max=2.662e-16 (tol 1e-12) L=32 B=512
PASS map-chain m=1000: rel_l2=3.614e-13 (anchor 0.000e+00, tol 1.0e-10)
PASS rel_l2=1.550e-16 rel_max=2.662e-16 (tol 1e-12) L=32 B=512
PASS map-2-step: rel_l2=3.493e-16 (tol 3.0e-14)
PASS rel_l2=1.634e-16 rel_max=2.342e-16 (tol 1e-12) L=32 B=512
PASS map-chain m=1000: rel_l2=3.438e-13 (anchor 0.000e+00, tol 1.0e-10)
PASS rel_l2=1.634e-16 rel_max=2.342e-16 (tol 1e-12) L=32 B=512
PASS map-2-step: rel_l2=3.642e-16 (tol 3.0e-14)
PASS rel_l2=1.348e-16 rel_max=2.931e-16 (tol 1e-12) L=32 B=512
PASS map-chain m=1000: rel_l2=2.018e-13 (anchor 0.000e+00, tol 1.0e-10)
PASS rel_l2=1.348e-16 rel_max=2.931e-16 (tol 1e-12) L=32 B=512
PASS map-2-step: rel_l2=3.244e-16 (tol 3.0e-14)
PASS rel_l2=4.367e-16 rel_max=5.283e-16 (tol 1e-12) L=60 B=1
PASS rel_l2=2.117e-16 rel_max=2.560e-16 (tol 1e-12) L=60 B=1
PASS rel_l2=1.775e-16 rel_max=2.363e-16 (tol 1e-12) L=60 B=1
PASS rel_l2=2.117e-16 rel_max=2.560e-16 (tol 1e-12) L=60 B=1
PASS rel_l2=2.117e-16 rel_max=2.560e-16 (tol 1e-12) L=60 B=1
PASS rel_l2=2.117e-16 rel_max=2.560e-16 (tol 1e-12) L=60 B=1
PASS rel_l2=1.786e-16 rel_max=2.363e-16 (tol 1e-12) L=60 B=1
PASS rel_l2=2.446e-16 rel_max=2.395e-16 (tol 1e-12) L=60 B=1
PASS rel_l2=2.129e-16 rel_max=2.522e-16 (tol 1e-12) L=60 B=1
PASS rel_l2=2.000e-16 rel_max=2.735e-16 (tol 1e-12) L=60 B=1
PASS rel_l2=2.104e-16 rel_max=2.953e-16 (tol 1e-12) L=60 B=1
PASS rel_l2=2.450e-16 rel_max=2.491e-16 (tol 1e-12) L=60 B=1
PASS rel_l2=4.155e-16 rel_max=6.165e-16 (tol 1e-12) L=60 B=512
PASS rel_l2=2.163e-16 rel_max=3.014e-16 (tol 1e-12) L=60 B=512
PASS rel_l2=1.753e-16 rel_max=2.449e-16 (tol 1e-12) L=60 B=512
PASS rel_l2=2.163e-16 rel_max=3.014e-16 (tol 1e-12) L=60 B=512
PASS rel_l2=2.163e-16 rel_max=3.014e-16 (tol 1e-12) L=60 B=512
PASS rel_l2=2.163e-16 rel_max=3.014e-16 (tol 1e-12) L=60 B=512
PASS rel_l2=1.731e-16 rel_max=2.924e-16 (tol 1e-12) L=60 B=512
PASS rel_l2=2.253e-16 rel_max=2.965e-16 (tol 1e-12) L=60 B=512
PASS rel_l2=2.253e-16 rel_max=2.965e-16 (tol 1e-12) L=60 B=512
PASS rel_l2=2.327e-16 rel_max=3.123e-16 (tol 1e-12) L=60 B=512
PASS rel_l2=2.239e-16 rel_max=3.082e-16 (tol 1e-12) L=60 B=512
PASS rel_l2=2.008e-16 rel_max=2.934e-16 (tol 1e-12) L=60 B=512
PASS rel_l2=2.537e-16 rel_max=2.927e-16 (tol 1e-12) L=60 B=512
PASS rel_l2=4.367e-16 rel_max=5.283e-16 (tol 1e-12) L=60 B=1
PASS map-chain m=60000: rel_l2=2.449e-14 (anchor 6.060e-16, tol 1.0e-10)
PASS rel_l2=4.367e-16 rel_max=5.283e-16 (tol 1e-12) L=60 B=1
PASS map-2-step: rel_l2=1.156e-15 (tol 3.0e-14)
PASS rel_l2=2.117e-16 rel_max=2.560e-16 (tol 1e-12) L=60 B=1
PASS map-chain m=60000: rel_l2=2.462e-15 (anchor 6.060e-16, tol 1.0e-10)
PASS rel_l2=2.117e-16 rel_max=2.560e-16 (tol 1e-12) L=60 B=1
PASS map-2-step: rel_l2=6.983e-16 (tol 3.0e-14)
PASS rel_l2=1.775e-16 rel_max=2.363e-16 (tol 1e-12) L=60 B=1
PASS map-chain m=60000: rel_l2=1.842e-15 (anchor 6.060e-16, tol 1.0e-10)
PASS rel_l2=1.775e-16 rel_max=2.363e-16 (tol 1e-12) L=60 B=1
PASS map-2-step: rel_l2=4.792e-16 (tol 3.0e-14)
PASS rel_l2=2.117e-16 rel_max=2.560e-16 (tol 1e-12) L=60 B=1
PASS map-chain m=60000: rel_l2=2.971e-15 (anchor 6.060e-16, tol 1.0e-10)
PASS rel_l2=2.117e-16 rel_max=2.560e-16 (tol 1e-12) L=60 B=1
PASS map-2-step: rel_l2=5.039e-16 (tol 3.0e-14)
PASS rel_l2=2.117e-16 rel_max=2.560e-16 (tol 1e-12) L=60 B=1
PASS map-chain m=60000: rel_l2=3.151e-15 (anchor 6.060e-16, tol 1.0e-10)
PASS rel_l2=2.117e-16 rel_max=2.560e-16 (tol 1e-12) L=60 B=1
PASS map-2-step: rel_l2=4.974e-16 (tol 3.0e-14)
PASS rel_l2=2.117e-16 rel_max=2.560e-16 (tol 1e-12) L=60 B=1
PASS map-chain m=60000: rel_l2=2.971e-15 (anchor 6.060e-16, tol 1.0e-10)
PASS rel_l2=2.117e-16 rel_max=2.560e-16 (tol 1e-12) L=60 B=1
PASS map-2-step: rel_l2=5.039e-16 (tol 3.0e-14)
PASS rel_l2=1.786e-16 rel_max=2.363e-16 (tol 1e-12) L=60 B=1
PASS map-chain m=60000: rel_l2=1.284e-15 (anchor 6.060e-16, tol 1.0e-10)
PASS rel_l2=1.786e-16 rel_max=2.363e-16 (tol 1e-12) L=60 B=1
PASS map-2-step: rel_l2=4.235e-16 (tol 3.0e-14)
PASS rel_l2=2.446e-16 rel_max=2.395e-16 (tol 1e-12) L=60 B=1
PASS map-chain m=60000: rel_l2=1.086e-15 (anchor 6.060e-16, tol 1.0e-10)
PASS rel_l2=2.446e-16 rel_max=2.395e-16 (tol 1e-12) L=60 B=1
PASS map-2-step: rel_l2=5.453e-16 (tol 3.0e-14)
PASS rel_l2=2.129e-16 rel_max=2.522e-16 (tol 1e-12) L=60 B=1
PASS map-chain m=60000: rel_l2=1.281e-15 (anchor 6.060e-16, tol 1.0e-10)
PASS rel_l2=2.129e-16 rel_max=2.522e-16 (tol 1e-12) L=60 B=1
PASS map-2-step: rel_l2=4.802e-16 (tol 3.0e-14)
PASS rel_l2=2.000e-16 rel_max=2.735e-16 (tol 1e-12) L=60 B=1
PASS map-chain m=60000: rel_l2=1.136e-15 (anchor 6.060e-16, tol 1.0e-10)
PASS rel_l2=2.278e-16 rel_max=4.016e-16 (tol 1e-12) L=60 B=1
PASS map-2-step: rel_l2=5.108e-16 (tol 3.0e-14)
PASS rel_l2=2.000e-16 rel_max=2.735e-16 (tol 1e-12) L=60 B=1
PASS map-chain m=60000: rel_l2=1.136e-15 (anchor 6.060e-16, tol 1.0e-10)
PASS rel_l2=2.104e-16 rel_max=2.953e-16 (tol 1e-12) L=60 B=1
PASS map-2-step: rel_l2=4.787e-16 (tol 3.0e-14)
PASS rel_l2=2.450e-16 rel_max=2.491e-16 (tol 1e-12) L=60 B=1
PASS map-chain m=60000: rel_l2=1.947e-15 (anchor 6.060e-16, tol 1.0e-10)
PASS rel_l2=2.450e-16 rel_max=2.491e-16 (tol 1e-12) L=60 B=1
PASS map-2-step: rel_l2=6.170e-16 (tol 3.0e-14)
PASS rel_l2=4.155e-16 rel_max=6.165e-16 (tol 1e-12) L=60 B=512
PASS map-chain m=600: rel_l2=7.369e-13 (anchor 1.101e-13, tol 1.0e-10)
PASS rel_l2=4.155e-16 rel_max=6.165e-16 (tol 1e-12) L=60 B=512
PASS map-2-step: rel_l2=8.242e-16 (tol 3.0e-14)
PASS rel_l2=2.163e-16 rel_max=3.014e-16 (tol 1e-12) L=60 B=512
PASS map-chain m=600: rel_l2=5.239e-13 (anchor 1.101e-13, tol 1.0e-10)
PASS rel_l2=2.163e-16 rel_max=3.014e-16 (tol 1e-12) L=60 B=512
PASS map-2-step: rel_l2=4.948e-16 (tol 3.0e-14)
PASS rel_l2=1.753e-16 rel_max=2.449e-16 (tol 1e-12) L=60 B=512
PASS map-chain m=600: rel_l2=3.177e-13 (anchor 1.101e-13, tol 1.0e-10)
PASS rel_l2=1.753e-16 rel_max=2.449e-16 (tol 1e-12) L=60 B=512
PASS map-2-step: rel_l2=4.168e-16 (tol 3.0e-14)
PASS rel_l2=2.163e-16 rel_max=3.014e-16 (tol 1e-12) L=60 B=512
PASS map-chain m=600: rel_l2=2.994e-13 (anchor 1.101e-13, tol 1.0e-10)
PASS rel_l2=2.163e-16 rel_max=3.014e-16 (tol 1e-12) L=60 B=512
PASS map-2-step: rel_l2=5.031e-16 (tol 3.0e-14)
PASS rel_l2=2.163e-16 rel_max=3.014e-16 (tol 1e-12) L=60 B=512
PASS map-chain m=600: rel_l2=3.255e-13 (anchor 1.101e-13, tol 1.0e-10)
PASS rel_l2=2.163e-16 rel_max=3.014e-16 (tol 1e-12) L=60 B=512
PASS map-2-step: rel_l2=5.048e-16 (tol 3.0e-14)
PASS rel_l2=2.163e-16 rel_max=3.014e-16 (tol 1e-12) L=60 B=512
PASS map-chain m=600: rel_l2=5.239e-13 (anchor 1.101e-13, tol 1.0e-10)
PASS rel_l2=2.163e-16 rel_max=3.014e-16 (tol 1e-12) L=60 B=512
PASS map-2-step: rel_l2=4.948e-16 (tol 3.0e-14)
PASS rel_l2=1.731e-16 rel_max=2.924e-16 (tol 1e-12) L=60 B=512
PASS map-chain m=600: rel_l2=2.291e-13 (anchor 1.101e-13, tol 1.0e-10)
PASS rel_l2=1.731e-16 rel_max=2.924e-16 (tol 1e-12) L=60 B=512
PASS map-2-step: rel_l2=4.573e-16 (tol 3.0e-14)
PASS rel_l2=2.253e-16 rel_max=2.965e-16 (tol 1e-12) L=60 B=512
PASS map-chain m=600: rel_l2=4.621e-13 (anchor 1.101e-13, tol 1.0e-10)
PASS rel_l2=2.253e-16 rel_max=2.965e-16 (tol 1e-12) L=60 B=512
PASS map-2-step: rel_l2=4.898e-16 (tol 3.0e-14)
PASS rel_l2=2.253e-16 rel_max=2.965e-16 (tol 1e-12) L=60 B=512
PASS map-chain m=600: rel_l2=4.621e-13 (anchor 1.101e-13, tol 1.0e-10)
PASS rel_l2=2.253e-16 rel_max=2.965e-16 (tol 1e-12) L=60 B=512
PASS map-2-step: rel_l2=4.898e-16 (tol 3.0e-14)
PASS rel_l2=2.327e-16 rel_max=3.123e-16 (tol 1e-12) L=60 B=512
PASS map-chain m=600: rel_l2=5.014e-13 (anchor 1.101e-13, tol 1.0e-10)
PASS rel_l2=2.327e-16 rel_max=3.123e-16 (tol 1e-12) L=60 B=512
PASS map-2-step: rel_l2=4.975e-16 (tol 3.0e-14)
PASS rel_l2=2.239e-16 rel_max=3.082e-16 (tol 1e-12) L=60 B=512
PASS map-chain m=600: rel_l2=1.352e-12 (anchor 1.101e-13, tol 1.0e-10)
PASS rel_l2=2.239e-16 rel_max=3.082e-16 (tol 1e-12) L=60 B=512
PASS map-2-step: rel_l2=4.894e-16 (tol 3.0e-14)
PASS rel_l2=2.008e-16 rel_max=2.934e-16 (tol 1e-12) L=60 B=512
PASS map-chain m=600: rel_l2=7.904e-13 (anchor 1.101e-13, tol 1.0e-10)
PASS rel_l2=2.008e-16 rel_max=2.934e-16 (tol 1e-12) L=60 B=512
PASS map-2-step: rel_l2=4.571e-16 (tol 3.0e-14)
PASS rel_l2=2.537e-16 rel_max=2.927e-16 (tol 1e-12) L=60 B=512
PASS map-chain m=600: rel_l2=7.651e-13 (anchor 1.101e-13, tol 1.0e-10)
PASS rel_l2=2.537e-16 rel_max=2.927e-16 (tol 1e-12) L=60 B=512
PASS map-2-step: rel_l2=5.455e-16 (tol 3.0e-14)
PASS rel_l2=3.727e-16 rel_max=3.219e-16 (tol 1e-12) L=64 B=1
PASS rel_l2=1.726e-16 rel_max=1.247e-16 (tol 1e-12) L=64 B=1
PASS rel_l2=1.814e-16 rel_max=1.547e-16 (tol 1e-12) L=64 B=1
PASS rel_l2=1.906e-16 rel_max=1.383e-16 (tol 1e-12) L=64 B=1
PASS rel_l2=1.906e-16 rel_max=1.383e-16 (tol 1e-12) L=64 B=1
PASS rel_l2=2.004e-16 rel_max=1.383e-16 (tol 1e-12) L=64 B=1
PASS rel_l2=2.004e-16 rel_max=1.383e-16 (tol 1e-12) L=64 B=1
PASS rel_l2=1.890e-16 rel_max=1.956e-16 (tol 1e-12) L=64 B=1
PASS rel_l2=2.076e-16 rel_max=1.882e-16 (tol 1e-12) L=64 B=1
PASS rel_l2=1.850e-16 rel_max=1.750e-16 (tol 1e-12) L=64 B=1
PASS rel_l2=1.814e-16 rel_max=1.275e-16 (tol 1e-12) L=64 B=1
PASS rel_l2=2.025e-16 rel_max=1.502e-16 (tol 1e-12) L=64 B=1
PASS rel_l2=4.020e-16 rel_max=5.752e-16 (tol 1e-12) L=64 B=512
PASS rel_l2=1.772e-16 rel_max=3.697e-16 (tol 1e-12) L=64 B=512
PASS rel_l2=1.770e-16 rel_max=2.799e-16 (tol 1e-12) L=64 B=512
PASS rel_l2=1.772e-16 rel_max=3.697e-16 (tol 1e-12) L=64 B=512
PASS rel_l2=1.772e-16 rel_max=3.697e-16 (tol 1e-12) L=64 B=512
PASS rel_l2=1.772e-16 rel_max=3.697e-16 (tol 1e-12) L=64 B=512
PASS rel_l2=1.823e-16 rel_max=3.681e-16 (tol 1e-12) L=64 B=512
PASS rel_l2=1.762e-16 rel_max=3.726e-16 (tol 1e-12) L=64 B=512
PASS rel_l2=1.762e-16 rel_max=3.726e-16 (tol 1e-12) L=64 B=512
PASS rel_l2=1.855e-16 rel_max=3.710e-16 (tol 1e-12) L=64 B=512
PASS rel_l2=1.855e-16 rel_max=3.710e-16 (tol 1e-12) L=64 B=512
PASS rel_l2=1.855e-16 rel_max=3.710e-16 (tol 1e-12) L=64 B=512
PASS rel_l2=1.749e-16 rel_max=2.799e-16 (tol 1e-12) L=64 B=512
PASS rel_l2=3.727e-16 rel_max=3.219e-16 (tol 1e-12) L=64 B=1
PASS map-chain m=60000: rel_l2=5.444e-14 (anchor 0.000e+00, tol 1.0e-10)
PASS rel_l2=3.727e-16 rel_max=3.219e-16 (tol 1e-12) L=64 B=1
PASS map-2-step: rel_l2=7.587e-16 (tol 3.0e-14)
PASS rel_l2=1.726e-16 rel_max=1.247e-16 (tol 1e-12) L=64 B=1
PASS map-chain m=60000: rel_l2=4.302e-15 (anchor 0.000e+00, tol 1.0e-10)
PASS rel_l2=1.726e-16 rel_max=1.247e-16 (tol 1e-12) L=64 B=1
PASS map-2-step: rel_l2=4.883e-16 (tol 3.0e-14)
PASS rel_l2=1.814e-16 rel_max=1.547e-16 (tol 1e-12) L=64 B=1
PASS map-chain m=60000: rel_l2=3.834e-15 (anchor 0.000e+00, tol 1.0e-10)
PASS rel_l2=1.814e-16 rel_max=1.547e-16 (tol 1e-12) L=64 B=1
PASS map-2-step: rel_l2=3.834e-16 (tol 3.0e-14)
PASS rel_l2=1.906e-16 rel_max=1.383e-16 (tol 1e-12) L=64 B=1
PASS map-chain m=60000: rel_l2=3.200e-15 (anchor 0.000e+00, tol 1.0e-10)
PASS rel_l2=1.906e-16 rel_max=1.383e-16 (tol 1e-12) L=64 B=1
PASS map-2-step: rel_l2=4.504e-16 (tol 3.0e-14)
PASS rel_l2=1.906e-16 rel_max=1.383e-16 (tol 1e-12) L=64 B=1
PASS map-chain m=60000: rel_l2=2.936e-15 (anchor 0.000e+00, tol 1.0e-10)
PASS rel_l2=1.906e-16 rel_max=1.383e-16 (tol 1e-12) L=64 B=1
PASS map-2-step: rel_l2=4.533e-16 (tol 3.0e-14)
PASS rel_l2=2.004e-16 rel_max=1.383e-16 (tol 1e-12) L=64 B=1
PASS map-chain m=60000: rel_l2=4.302e-15 (anchor 0.000e+00, tol 1.0e-10)
PASS rel_l2=2.004e-16 rel_max=1.383e-16 (tol 1e-12) L=64 B=1
PASS map-2-step: rel_l2=4.883e-16 (tol 3.0e-14)
PASS rel_l2=2.004e-16 rel_max=1.383e-16 (tol 1e-12) L=64 B=1
PASS map-chain m=60000: rel_l2=9.562e-15 (anchor 0.000e+00, tol 1.0e-10)
PASS rel_l2=2.004e-16 rel_max=1.383e-16 (tol 1e-12) L=64 B=1
PASS map-2-step: rel_l2=3.848e-16 (tol 3.0e-14)
PASS rel_l2=1.890e-16 rel_max=1.956e-16 (tol 1e-12) L=64 B=1
PASS map-chain m=60000: rel_l2=2.834e-15 (anchor 0.000e+00, tol 1.0e-10)
PASS rel_l2=1.890e-16 rel_max=1.956e-16 (tol 1e-12) L=64 B=1
PASS map-2-step: rel_l2=3.690e-16 (tol 3.0e-14)
PASS rel_l2=2.076e-16 rel_max=1.882e-16 (tol 1e-12) L=64 B=1
PASS map-chain m=60000: rel_l2=3.245e-15 (anchor 0.000e+00, tol 1.0e-10)
PASS rel_l2=2.076e-16 rel_max=1.882e-16 (tol 1e-12) L=64 B=1
PASS map-2-step: rel_l2=4.209e-16 (tol 3.0e-14)
PASS rel_l2=1.676e-16 rel_max=1.592e-16 (tol 1e-12) L=64 B=1
PASS map-chain m=60000: rel_l2=4.855e-15 (anchor 0.000e+00, tol 1.0e-10)
PASS rel_l2=2.020e-16 rel_max=2.475e-16 (tol 1e-12) L=64 B=1
PASS map-2-step: rel_l2=4.235e-16 (tol 3.0e-14)
PASS rel_l2=1.676e-16 rel_max=1.592e-16 (tol 1e-12) L=64 B=1
PASS map-chain m=60000: rel_l2=4.855e-15 (anchor 0.000e+00, tol 1.0e-10)
PASS rel_l2=1.814e-16 rel_max=1.275e-16 (tol 1e-12) L=64 B=1
PASS map-2-step: rel_l2=4.214e-16 (tol 3.0e-14)
PASS rel_l2=2.025e-16 rel_max=1.502e-16 (tol 1e-12) L=64 B=1
PASS map-chain m=60000: rel_l2=2.724e-15 (anchor 0.000e+00, tol 1.0e-10)
PASS rel_l2=2.025e-16 rel_max=1.502e-16 (tol 1e-12) L=64 B=1
PASS map-2-step: rel_l2=3.712e-16 (tol 3.0e-14)
PASS rel_l2=4.020e-16 rel_max=5.752e-16 (tol 1e-12) L=64 B=512
PASS map-chain m=500: rel_l2=2.872e-13 (anchor 0.000e+00, tol 1.0e-10)
PASS rel_l2=4.020e-16 rel_max=5.752e-16 (tol 1e-12) L=64 B=512
PASS map-2-step: rel_l2=7.480e-16 (tol 3.0e-14)
PASS rel_l2=1.772e-16 rel_max=3.697e-16 (tol 1e-12) L=64 B=512
PASS map-chain m=500: rel_l2=1.995e-13 (anchor 0.000e+00, tol 1.0e-10)
PASS rel_l2=1.772e-16 rel_max=3.697e-16 (tol 1e-12) L=64 B=512
PASS map-2-step: rel_l2=3.939e-16 (tol 3.0e-14)
PASS rel_l2=1.770e-16 rel_max=2.799e-16 (tol 1e-12) L=64 B=512
PASS map-chain m=500: rel_l2=3.087e-13 (anchor 0.000e+00, tol 1.0e-10)
PASS rel_l2=1.770e-16 rel_max=2.799e-16 (tol 1e-12) L=64 B=512
PASS map-2-step: rel_l2=4.194e-16 (tol 3.0e-14)
PASS rel_l2=1.772e-16 rel_max=3.697e-16 (tol 1e-12) L=64 B=512
PASS map-chain m=500: rel_l2=2.305e-13 (anchor 0.000e+00, tol 1.0e-10)
PASS rel_l2=1.772e-16 rel_max=3.697e-16 (tol 1e-12) L=64 B=512
PASS map-2-step: rel_l2=4.420e-16 (tol 3.0e-14)
PASS rel_l2=1.772e-16 rel_max=3.697e-16 (tol 1e-12) L=64 B=512
PASS map-chain m=500: rel_l2=1.509e-13 (anchor 0.000e+00, tol 1.0e-10)
PASS rel_l2=1.772e-16 rel_max=3.697e-16 (tol 1e-12) L=64 B=512
PASS map-2-step: rel_l2=4.418e-16 (tol 3.0e-14)
PASS rel_l2=1.772e-16 rel_max=3.697e-16 (tol 1e-12) L=64 B=512
PASS map-chain m=500: rel_l2=1.995e-13 (anchor 0.000e+00, tol 1.0e-10)
PASS rel_l2=1.772e-16 rel_max=3.697e-16 (tol 1e-12) L=64 B=512
PASS map-2-step: rel_l2=3.939e-16 (tol 3.0e-14)
PASS rel_l2=1.823e-16 rel_max=3.681e-16 (tol 1e-12) L=64 B=512
PASS map-chain m=500: rel_l2=1.038e-13 (anchor 0.000e+00, tol 1.0e-10)
PASS rel_l2=1.823e-16 rel_max=3.681e-16 (tol 1e-12) L=64 B=512
PASS map-2-step: rel_l2=4.545e-16 (tol 3.0e-14)
PASS rel_l2=1.762e-16 rel_max=3.726e-16 (tol 1e-12) L=64 B=512
PASS map-chain m=500: rel_l2=1.761e-13 (anchor 0.000e+00, tol 1.0e-10)
PASS rel_l2=1.762e-16 rel_max=3.726e-16 (tol 1e-12) L=64 B=512
PASS map-2-step: rel_l2=4.181e-16 (tol 3.0e-14)
PASS rel_l2=1.762e-16 rel_max=3.726e-16 (tol 1e-12) L=64 B=512
PASS map-chain m=500: rel_l2=1.761e-13 (anchor 0.000e+00, tol 1.0e-10)
PASS rel_l2=1.762e-16 rel_max=3.726e-16 (tol 1e-12) L=64 B=512
PASS map-2-step: rel_l2=4.181e-16 (tol 3.0e-14)
PASS rel_l2=1.855e-16 rel_max=3.710e-16 (tol 1e-12) L=64 B=512
PASS map-chain m=500: rel_l2=2.495e-13 (anchor 0.000e+00, tol 1.0e-10)
PASS rel_l2=1.855e-16 rel_max=3.710e-16 (tol 1e-12) L=64 B=512
PASS map-2-step: rel_l2=4.300e-16 (tol 3.0e-14)
PASS rel_l2=1.680e-16 rel_max=2.603e-16 (tol 1e-12) L=64 B=512
PASS map-chain m=500: rel_l2=1.191e-13 (anchor 0.000e+00, tol 1.0e-10)
PASS rel_l2=1.855e-16 rel_max=3.710e-16 (tol 1e-12) L=64 B=512
PASS map-2-step: rel_l2=4.300e-16 (tol 3.0e-14)
PASS rel_l2=1.855e-16 rel_max=3.710e-16 (tol 1e-12) L=64 B=512
PASS map-chain m=500: rel_l2=2.495e-13 (anchor 0.000e+00, tol 1.0e-10)
PASS rel_l2=1.855e-16 rel_max=3.710e-16 (tol 1e-12) L=64 B=512
PASS map-2-step: rel_l2=4.300e-16 (tol 3.0e-14)
PASS rel_l2=1.749e-16 rel_max=2.799e-16 (tol 1e-12) L=64 B=512
PASS map-chain m=500: rel_l2=2.118e-13 (anchor 0.000e+00, tol 1.0e-10)
PASS rel_l2=1.749e-16 rel_max=2.799e-16 (tol 1e-12) L=64 B=512
PASS map-2-step: rel_l2=4.108e-16 (tol 3.0e-14)
PASS rel_l2=4.595e-16 rel_max=6.481e-16 (tol 1e-12) L=128 B=1
PASS rel_l2=1.853e-16 rel_max=2.691e-16 (tol 1e-12) L=128 B=1
PASS rel_l2=2.208e-16 rel_max=2.407e-16 (tol 1e-12) L=128 B=1
PASS rel_l2=2.208e-16 rel_max=2.407e-16 (tol 1e-12) L=128 B=1
PASS rel_l2=2.005e-16 rel_max=2.283e-16 (tol 1e-12) L=128 B=1
PASS rel_l2=1.853e-16 rel_max=2.691e-16 (tol 1e-12) L=128 B=1
PASS rel_l2=1.868e-16 rel_max=2.407e-16 (tol 1e-12) L=128 B=1
PASS rel_l2=1.958e-16 rel_max=2.219e-16 (tol 1e-12) L=128 B=1
PASS rel_l2=2.063e-16 rel_max=2.539e-16 (tol 1e-12) L=128 B=1
PASS rel_l2=1.957e-16 rel_max=2.299e-16 (tol 1e-12) L=128 B=1
PASS rel_l2=1.957e-16 rel_max=2.299e-16 (tol 1e-12) L=128 B=1
PASS rel_l2=2.095e-16 rel_max=2.691e-16 (tol 1e-12) L=128 B=1
PASS rel_l2=2.112e-16 rel_max=4.147e-16 (tol 1e-12) L=128 B=512
PASS rel_l2=2.170e-16 rel_max=4.371e-16 (tol 1e-12) L=128 B=512
PASS rel_l2=2.170e-16 rel_max=4.371e-16 (tol 1e-12) L=128 B=512
PASS rel_l2=2.183e-16 rel_max=3.091e-16 (tol 1e-12) L=128 B=512
PASS rel_l2=2.112e-16 rel_max=4.147e-16 (tol 1e-12) L=128 B=512
PASS rel_l2=2.084e-16 rel_max=3.456e-16 (tol 1e-12) L=128 B=512
PASS rel_l2=2.124e-16 rel_max=4.147e-16 (tol 1e-12) L=128 B=512
PASS rel_l2=2.124e-16 rel_max=4.147e-16 (tol 1e-12) L=128 B=512
PASS rel_l2=2.140e-16 rel_max=3.260e-16 (tol 1e-12) L=128 B=512
PASS rel_l2=2.183e-16 rel_max=3.091e-16 (tol 1e-12) L=128 B=512
PASS rel_l2=2.183e-16 rel_max=3.091e-16 (tol 1e-12) L=128 B=512
PASS rel_l2=2.133e-16 rel_max=3.456e-16 (tol 1e-12) L=128 B=512
PASS rel_l2=4.595e-16 rel_max=6.481e-16 (tol 1e-12) L=128 B=1
PASS map-chain m=30000: rel_l2=9.433e-14 (anchor 0.000e+00, tol 1.0e-10)
PASS rel_l2=4.595e-16 rel_max=6.481e-16 (tol 1e-12) L=128 B=1
PASS map-2-step: rel_l2=8.338e-16 (tol 3.0e-14)
PASS rel_l2=1.853e-16 rel_max=2.691e-16 (tol 1e-12) L=128 B=1
PASS map-chain m=30000: rel_l2=1.019e-14 (anchor 0.000e+00, tol 1.0e-10)
PASS rel_l2=1.853e-16 rel_max=2.691e-16 (tol 1e-12) L=128 B=1
PASS map-2-step: rel_l2=5.035e-16 (tol 3.0e-14)
PASS rel_l2=2.208e-16 rel_max=2.407e-16 (tol 1e-12) L=128 B=1
PASS map-chain m=30000: rel_l2=1.239e-14 (anchor 0.000e+00, tol 1.0e-10)
PASS rel_l2=2.208e-16 rel_max=2.407e-16 (tol 1e-12) L=128 B=1
PASS map-2-step: rel_l2=4.933e-16 (tol 3.0e-14)
PASS rel_l2=2.208e-16 rel_max=2.407e-16 (tol 1e-12) L=128 B=1
PASS map-chain m=30000: rel_l2=1.002e-14 (anchor 0.000e+00, tol 1.0e-10)
PASS rel_l2=2.208e-16 rel_max=2.407e-16 (tol 1e-12) L=128 B=1
PASS map-2-step: rel_l2=4.949e-16 (tol 3.0e-14)
PASS rel_l2=2.005e-16 rel_max=2.283e-16 (tol 1e-12) L=128 B=1
PASS map-chain m=30000: rel_l2=6.625e-15 (anchor 0.000e+00, tol 1.0e-10)
PASS rel_l2=2.005e-16 rel_max=2.283e-16 (tol 1e-12) L=128 B=1
PASS map-2-step: rel_l2=5.150e-16 (tol 3.0e-14)
PASS rel_l2=1.853e-16 rel_max=2.691e-16 (tol 1e-12) L=128 B=1
PASS map-chain m=30000: rel_l2=1.019e-14 (anchor 0.000e+00, tol 1.0e-10)
PASS rel_l2=1.853e-16 rel_max=2.691e-16 (tol 1e-12) L=128 B=1
PASS map-2-step: rel_l2=5.035e-16 (tol 3.0e-14)
PASS rel_l2=1.868e-16 rel_max=2.407e-16 (tol 1e-12) L=128 B=1
PASS map-chain m=30000: rel_l2=1.781e-14 (anchor 0.000e+00, tol 1.0e-10)
PASS rel_l2=1.868e-16 rel_max=2.407e-16 (tol 1e-12) L=128 B=1
PASS map-2-step: rel_l2=5.780e-16 (tol 3.0e-14)
PASS rel_l2=1.958e-16 rel_max=2.219e-16 (tol 1e-12) L=128 B=1
PASS map-chain m=30000: rel_l2=3.816e-14 (anchor 0.000e+00, tol 1.0e-10)
PASS rel_l2=1.958e-16 rel_max=2.219e-16 (tol 1e-12) L=128 B=1
PASS map-2-step: rel_l2=6.299e-16 (tol 3.0e-14)
PASS rel_l2=2.063e-16 rel_max=2.539e-16 (tol 1e-12) L=128 B=1
PASS map-chain m=30000: rel_l2=7.912e-15 (anchor 0.000e+00, tol 1.0e-10)
PASS rel_l2=2.063e-16 rel_max=2.539e-16 (tol 1e-12) L=128 B=1
PASS map-2-step: rel_l2=6.332e-16 (tol 3.0e-14)
PASS rel_l2=1.957e-16 rel_max=2.299e-16 (tol 1e-12) L=128 B=1
PASS map-chain m=30000: rel_l2=9.787e-15 (anchor 0.000e+00, tol 1.0e-10)
PASS rel_l2=1.957e-16 rel_max=2.299e-16 (tol 1e-12) L=128 B=1
PASS map-2-step: rel_l2=5.304e-16 (tol 3.0e-14)
PASS rel_l2=1.957e-16 rel_max=2.299e-16 (tol 1e-12) L=128 B=1
PASS map-chain m=30000: rel_l2=9.787e-15 (anchor 0.000e+00, tol 1.0e-10)
PASS rel_l2=1.957e-16 rel_max=2.299e-16 (tol 1e-12) L=128 B=1
PASS map-2-step: rel_l2=5.304e-16 (tol 3.0e-14)
PASS rel_l2=2.095e-16 rel_max=2.691e-16 (tol 1e-12) L=128 B=1
PASS map-chain m=30000: rel_l2=4.533e-14 (anchor 0.000e+00, tol 1.0e-10)
PASS rel_l2=2.095e-16 rel_max=2.691e-16 (tol 1e-12) L=128 B=1
PASS map-2-step: rel_l2=6.014e-16 (tol 3.0e-14)
PASS rel_l2=2.112e-16 rel_max=4.147e-16 (tol 1e-12) L=128 B=512
PASS map-chain m=250: rel_l2=3.808e-14 (anchor 0.000e+00, tol 1.0e-10)
PASS rel_l2=2.112e-16 rel_max=4.147e-16 (tol 1e-12) L=128 B=512
PASS map-2-step: rel_l2=5.479e-16 (tol 3.0e-14)
PASS rel_l2=2.170e-16 rel_max=4.371e-16 (tol 1e-12) L=128 B=512
PASS map-chain m=250: rel_l2=5.185e-14 (anchor 0.000e+00, tol 1.0e-10)
PASS rel_l2=2.170e-16 rel_max=4.371e-16 (tol 1e-12) L=128 B=512
PASS map-2-step: rel_l2=5.420e-16 (tol 3.0e-14)
PASS rel_l2=2.170e-16 rel_max=4.371e-16 (tol 1e-12) L=128 B=512
PASS map-chain m=250: rel_l2=6.913e-14 (anchor 0.000e+00, tol 1.0e-10)
PASS rel_l2=2.170e-16 rel_max=4.371e-16 (tol 1e-12) L=128 B=512
PASS map-2-step: rel_l2=5.409e-16 (tol 3.0e-14)
PASS rel_l2=2.183e-16 rel_max=3.091e-16 (tol 1e-12) L=128 B=512
PASS map-chain m=250: rel_l2=4.695e-14 (anchor 0.000e+00, tol 1.0e-10)
PASS rel_l2=2.183e-16 rel_max=3.091e-16 (tol 1e-12) L=128 B=512
PASS map-2-step: rel_l2=5.429e-16 (tol 3.0e-14)
PASS rel_l2=2.112e-16 rel_max=4.147e-16 (tol 1e-12) L=128 B=512
PASS map-chain m=250: rel_l2=4.695e-14 (anchor 0.000e+00, tol 1.0e-10)
PASS rel_l2=2.112e-16 rel_max=4.147e-16 (tol 1e-12) L=128 B=512
PASS map-2-step: rel_l2=5.429e-16 (tol 3.0e-14)
PASS rel_l2=2.084e-16 rel_max=3.456e-16 (tol 1e-12) L=128 B=512
PASS map-chain m=250: rel_l2=6.922e-14 (anchor 0.000e+00, tol 1.0e-10)
PASS rel_l2=2.084e-16 rel_max=3.456e-16 (tol 1e-12) L=128 B=512
PASS map-2-step: rel_l2=5.558e-16 (tol 3.0e-14)
PASS rel_l2=2.124e-16 rel_max=4.147e-16 (tol 1e-12) L=128 B=512
PASS map-chain m=250: rel_l2=5.523e-14 (anchor 0.000e+00, tol 1.0e-10)
PASS rel_l2=2.124e-16 rel_max=4.147e-16 (tol 1e-12) L=128 B=512
PASS map-2-step: rel_l2=5.273e-16 (tol 3.0e-14)
PASS rel_l2=2.124e-16 rel_max=4.147e-16 (tol 1e-12) L=128 B=512
PASS map-chain m=250: rel_l2=5.523e-14 (anchor 0.000e+00, tol 1.0e-10)
PASS rel_l2=2.124e-16 rel_max=4.147e-16 (tol 1e-12) L=128 B=512
PASS map-2-step: rel_l2=5.273e-16 (tol 3.0e-14)
PASS rel_l2=2.140e-16 rel_max=3.260e-16 (tol 1e-12) L=128 B=512
PASS map-chain m=250: rel_l2=6.658e-14 (anchor 0.000e+00, tol 1.0e-10)
PASS rel_l2=2.140e-16 rel_max=3.260e-16 (tol 1e-12) L=128 B=512
PASS map-2-step: rel_l2=5.328e-16 (tol 3.0e-14)
PASS rel_l2=2.183e-16 rel_max=3.091e-16 (tol 1e-12) L=128 B=512
PASS map-chain m=250: rel_l2=6.188e-14 (anchor 0.000e+00, tol 1.0e-10)
PASS rel_l2=2.183e-16 rel_max=3.091e-16 (tol 1e-12) L=128 B=512
PASS map-2-step: rel_l2=5.407e-16 (tol 3.0e-14)
PASS rel_l2=2.183e-16 rel_max=3.091e-16 (tol 1e-12) L=128 B=512
PASS map-chain m=250: rel_l2=6.188e-14 (anchor 0.000e+00, tol 1.0e-10)
PASS rel_l2=2.212e-16 rel_max=2.973e-16 (tol 1e-12) L=128 B=512
PASS map-2-step: rel_l2=5.482e-16 (tol 3.0e-14)
PASS rel_l2=2.133e-16 rel_max=3.456e-16 (tol 1e-12) L=128 B=512
PASS map-chain m=250: rel_l2=6.363e-14 (anchor 0.000e+00, tol 1.0e-10)
PASS rel_l2=2.133e-16 rel_max=3.456e-16 (tol 1e-12) L=128 B=512
PASS map-2-step: rel_l2=5.344e-16 (tol 3.0e-14)
PASS rel_l2=1.102e-15 rel_max=1.555e-15 (tol 1e-12) L=1024 B=1
PASS rel_l2=2.779e-16 rel_max=3.110e-16 (tol 1e-12) L=1024 B=1
PASS rel_l2=2.779e-16 rel_max=3.110e-16 (tol 1e-12) L=1024 B=1
PASS rel_l2=2.775e-16 rel_max=2.877e-16 (tol 1e-12) L=1024 B=1
PASS rel_l2=2.665e-16 rel_max=3.065e-16 (tol 1e-12) L=1024 B=1
PASS rel_l2=2.665e-16 rel_max=3.065e-16 (tol 1e-12) L=1024 B=1
PASS rel_l2=2.896e-16 rel_max=3.274e-16 (tol 1e-12) L=1024 B=1
PASS rel_l2=2.706e-16 rel_max=3.050e-16 (tol 1e-12) L=1024 B=1
PASS rel_l2=2.783e-16 rel_max=3.673e-16 (tol 1e-12) L=1024 B=1
PASS rel_l2=2.729e-16 rel_max=2.877e-16 (tol 1e-12) L=1024 B=1
PASS rel_l2=2.769e-16 rel_max=3.823e-16 (tol 1e-12) L=1024 B=512
PASS rel_l2=2.769e-16 rel_max=3.823e-16 (tol 1e-12) L=1024 B=512
PASS rel_l2=2.786e-16 rel_max=3.501e-16 (tol 1e-12) L=1024 B=512
PASS rel_l2=2.786e-16 rel_max=3.501e-16 (tol 1e-12) L=1024 B=512
PASS rel_l2=2.624e-16 rel_max=3.525e-16 (tol 1e-12) L=1024 B=512
PASS rel_l2=2.842e-16 rel_max=3.525e-16 (tol 1e-12) L=1024 B=512
PASS rel_l2=2.743e-16 rel_max=3.435e-16 (tol 1e-12) L=1024 B=512
PASS rel_l2=2.674e-16 rel_max=3.446e-16 (tol 1e-12) L=1024 B=512
PASS rel_l2=2.751e-16 rel_max=3.583e-16 (tol 1e-12) L=1024 B=512
PASS rel_l2=1.102e-15 rel_max=1.555e-15 (tol 1e-12) L=1024 B=1
PASS map-chain m=4000: rel_l2=2.264e-12 (anchor 0.000e+00, tol 1.0e-10)
PASS rel_l2=1.102e-15 rel_max=1.555e-15 (tol 1e-12) L=1024 B=1
PASS map-2-step: rel_l2=1.812e-15 (tol 3.0e-14)
PASS rel_l2=2.779e-16 rel_max=3.110e-16 (tol 1e-12) L=1024 B=1
PASS map-chain m=4000: rel_l2=2.329e-12 (anchor 0.000e+00, tol 1.0e-10)
PASS rel_l2=2.779e-16 rel_max=3.110e-16 (tol 1e-12) L=1024 B=1
PASS map-2-step: rel_l2=8.681e-16 (tol 3.0e-14)
PASS rel_l2=2.779e-16 rel_max=3.110e-16 (tol 1e-12) L=1024 B=1
PASS map-chain m=4000: rel_l2=1.770e-12 (anchor 0.000e+00, tol 1.0e-10)
PASS rel_l2=2.779e-16 rel_max=3.110e-16 (tol 1e-12) L=1024 B=1
PASS map-2-step: rel_l2=7.589e-16 (tol 3.0e-14)
PASS rel_l2=2.775e-16 rel_max=2.877e-16 (tol 1e-12) L=1024 B=1
PASS map-chain m=4000: rel_l2=1.989e-12 (anchor 0.000e+00, tol 1.0e-10)
PASS rel_l2=2.775e-16 rel_max=2.877e-16 (tol 1e-12) L=1024 B=1
PASS map-2-step: rel_l2=8.438e-16 (tol 3.0e-14)
PASS rel_l2=2.665e-16 rel_max=3.065e-16 (tol 1e-12) L=1024 B=1
PASS map-chain m=4000: rel_l2=1.989e-12 (anchor 0.000e+00, tol 1.0e-10)
PASS rel_l2=2.665e-16 rel_max=3.065e-16 (tol 1e-12) L=1024 B=1
PASS map-2-step: rel_l2=8.438e-16 (tol 3.0e-14)
PASS rel_l2=2.665e-16 rel_max=3.065e-16 (tol 1e-12) L=1024 B=1
PASS map-chain m=4000: rel_l2=2.260e-12 (anchor 0.000e+00, tol 1.0e-10)
PASS rel_l2=2.665e-16 rel_max=3.065e-16 (tol 1e-12) L=1024 B=1
PASS map-2-step: rel_l2=8.904e-16 (tol 3.0e-14)
PASS rel_l2=2.896e-16 rel_max=3.274e-16 (tol 1e-12) L=1024 B=1
PASS map-chain m=4000: rel_l2=2.384e-12 (anchor 0.000e+00, tol 1.0e-10)
PASS rel_l2=2.896e-16 rel_max=3.274e-16 (tol 1e-12) L=1024 B=1
PASS map-2-step: rel_l2=7.514e-16 (tol 3.0e-14)
PASS rel_l2=2.783e-16 rel_max=3.673e-16 (tol 1e-12) L=1024 B=1
PASS map-chain m=4000: rel_l2=1.563e-12 (anchor 0.000e+00, tol 1.0e-10)
PASS rel_l2=2.706e-16 rel_max=3.050e-16 (tol 1e-12) L=1024 B=1
PASS map-2-step: rel_l2=6.931e-16 (tol 3.0e-14)
PASS rel_l2=2.706e-16 rel_max=3.050e-16 (tol 1e-12) L=1024 B=1
PASS map-chain m=4000: rel_l2=1.138e-12 (anchor 0.000e+00, tol 1.0e-10)
PASS rel_l2=2.783e-16 rel_max=3.673e-16 (tol 1e-12) L=1024 B=1
PASS map-2-step: rel_l2=7.737e-16 (tol 3.0e-14)
PASS rel_l2=2.729e-16 rel_max=2.877e-16 (tol 1e-12) L=1024 B=1
PASS map-chain m=4000: rel_l2=9.001e-13 (anchor 0.000e+00, tol 1.0e-10)
PASS rel_l2=2.729e-16 rel_max=2.877e-16 (tol 1e-12) L=1024 B=1
PASS map-2-step: rel_l2=7.961e-16 (tol 3.0e-14)
PASS rel_l2=2.769e-16 rel_max=3.823e-16 (tol 1e-12) L=1024 B=512
PASS map-chain m=2000: rel_l2=6.980e-13 (anchor 0.000e+00, tol 1.0e-10)
PASS rel_l2=2.769e-16 rel_max=3.823e-16 (tol 1e-12) L=1024 B=512
PASS map-2-step: rel_l2=8.658e-16 (tol 3.0e-14)
PASS rel_l2=2.769e-16 rel_max=3.823e-16 (tol 1e-12) L=1024 B=512
PASS map-chain m=2000: rel_l2=6.954e-13 (anchor 0.000e+00, tol 1.0e-10)
PASS rel_l2=2.769e-16 rel_max=3.823e-16 (tol 1e-12) L=1024 B=512
PASS map-2-step: rel_l2=8.643e-16 (tol 3.0e-14)
PASS rel_l2=2.786e-16 rel_max=3.501e-16 (tol 1e-12) L=1024 B=512
PASS map-chain m=2000: rel_l2=6.606e-13 (anchor 0.000e+00, tol 1.0e-10)
PASS rel_l2=2.786e-16 rel_max=3.501e-16 (tol 1e-12) L=1024 B=512
PASS map-2-step: rel_l2=8.640e-16 (tol 3.0e-14)
PASS rel_l2=2.786e-16 rel_max=3.501e-16 (tol 1e-12) L=1024 B=512
PASS map-chain m=2000: rel_l2=6.954e-13 (anchor 0.000e+00, tol 1.0e-10)
PASS rel_l2=2.786e-16 rel_max=3.501e-16 (tol 1e-12) L=1024 B=512
PASS map-2-step: rel_l2=8.643e-16 (tol 3.0e-14)
PASS rel_l2=2.624e-16 rel_max=3.525e-16 (tol 1e-12) L=1024 B=512
PASS map-chain m=2000: rel_l2=8.059e-13 (anchor 0.000e+00, tol 1.0e-10)
PASS rel_l2=2.624e-16 rel_max=3.525e-16 (tol 1e-12) L=1024 B=512
PASS map-2-step: rel_l2=8.628e-16 (tol 3.0e-14)
PASS rel_l2=2.842e-16 rel_max=3.525e-16 (tol 1e-12) L=1024 B=512
PASS map-chain m=2000: rel_l2=6.907e-13 (anchor 0.000e+00, tol 1.0e-10)
PASS rel_l2=2.842e-16 rel_max=3.525e-16 (tol 1e-12) L=1024 B=512
PASS map-2-step: rel_l2=8.841e-16 (tol 3.0e-14)
PASS rel_l2=2.743e-16 rel_max=3.435e-16 (tol 1e-12) L=1024 B=512
PASS map-chain m=2000: rel_l2=6.965e-13 (anchor 0.000e+00, tol 1.0e-10)
PASS rel_l2=2.674e-16 rel_max=3.446e-16 (tol 1e-12) L=1024 B=512
PASS map-2-step: rel_l2=8.471e-16 (tol 3.0e-14)
PASS rel_l2=2.709e-16 rel_max=3.525e-16 (tol 1e-12) L=1024 B=512
PASS map-chain m=2000: rel_l2=6.476e-13 (anchor 0.000e+00, tol 1.0e-10)
PASS rel_l2=2.709e-16 rel_max=3.525e-16 (tol 1e-12) L=1024 B=512
PASS map-2-step: rel_l2=8.566e-16 (tol 3.0e-14)
PASS rel_l2=2.751e-16 rel_max=3.583e-16 (tol 1e-12) L=1024 B=512
PASS map-chain m=2000: rel_l2=7.472e-13 (anchor 0.000e+00, tol 1.0e-10)
PASS rel_l2=2.751e-16 rel_max=3.583e-16 (tol 1e-12) L=1024 B=512
PASS map-2-step: rel_l2=8.617e-16 (tol 3.0e-14)
PASS rel_l2=2.987e-16 rel_max=3.128e-16 (tol 1e-12) L=4096 B=1
PASS rel_l2=3.049e-16 rel_max=3.293e-16 (tol 1e-12) L=4096 B=1
PASS rel_l2=3.059e-16 rel_max=3.449e-16 (tol 1e-12) L=4096 B=1
PASS rel_l2=3.071e-16 rel_max=3.293e-16 (tol 1e-12) L=4096 B=1
PASS rel_l2=3.071e-16 rel_max=3.293e-16 (tol 1e-12) L=4096 B=1
PASS rel_l2=3.084e-16 rel_max=3.128e-16 (tol 1e-12) L=4096 B=1
PASS rel_l2=3.092e-16 rel_max=3.162e-16 (tol 1e-12) L=4096 B=1
PASS rel_l2=3.111e-16 rel_max=3.449e-16 (tol 1e-12) L=4096 B=1
PASS rel_l2=3.061e-16 rel_max=3.857e-16 (tol 1e-12) L=4096 B=1
PASS rel_l2=3.010e-16 rel_max=3.557e-16 (tol 1e-12) L=4096 B=256
PASS rel_l2=3.054e-16 rel_max=3.557e-16 (tol 1e-12) L=4096 B=256
PASS rel_l2=3.067e-16 rel_max=3.635e-16 (tol 1e-12) L=4096 B=256
PASS rel_l2=3.081e-16 rel_max=3.557e-16 (tol 1e-12) L=4096 B=256
PASS rel_l2=3.081e-16 rel_max=3.557e-16 (tol 1e-12) L=4096 B=256
PASS rel_l2=3.130e-16 rel_max=3.724e-16 (tol 1e-12) L=4096 B=256
PASS rel_l2=3.089e-16 rel_max=3.724e-16 (tol 1e-12) L=4096 B=256
PASS rel_l2=3.105e-16 rel_max=3.533e-16 (tol 1e-12) L=4096 B=256
PASS rel_l2=3.107e-16 rel_max=3.460e-16 (tol 1e-12) L=4096 B=256
PASS rel_l2=2.987e-16 rel_max=3.128e-16 (tol 1e-12) L=4096 B=1
PASS map-chain m=1000: rel_l2=9.247e-14 (anchor 0.000e+00, tol 1.0e-10)
PASS rel_l2=2.987e-16 rel_max=3.128e-16 (tol 1e-12) L=4096 B=1
PASS map-2-step: rel_l2=1.169e-15 (tol 3.0e-14)
PASS rel_l2=3.049e-16 rel_max=3.293e-16 (tol 1e-12) L=4096 B=1
PASS map-chain m=1000: rel_l2=7.938e-14 (anchor 0.000e+00, tol 1.0e-10)
PASS rel_l2=3.049e-16 rel_max=3.293e-16 (tol 1e-12) L=4096 B=1
PASS map-2-step: rel_l2=9.640e-16 (tol 3.0e-14)
PASS rel_l2=3.059e-16 rel_max=3.449e-16 (tol 1e-12) L=4096 B=1
PASS map-chain m=1000: rel_l2=7.472e-14 (anchor 0.000e+00, tol 1.0e-10)
PASS rel_l2=3.059e-16 rel_max=3.449e-16 (tol 1e-12) L=4096 B=1
PASS map-2-step: rel_l2=1.072e-15 (tol 3.0e-14)
PASS rel_l2=3.071e-16 rel_max=3.293e-16 (tol 1e-12) L=4096 B=1
PASS map-chain m=1000: rel_l2=7.472e-14 (anchor 0.000e+00, tol 1.0e-10)
PASS rel_l2=3.071e-16 rel_max=3.293e-16 (tol 1e-12) L=4096 B=1
PASS map-2-step: rel_l2=1.072e-15 (tol 3.0e-14)
PASS rel_l2=3.071e-16 rel_max=3.293e-16 (tol 1e-12) L=4096 B=1
PASS map-chain m=1000: rel_l2=7.770e-14 (anchor 0.000e+00, tol 1.0e-10)
PASS rel_l2=3.071e-16 rel_max=3.293e-16 (tol 1e-12) L=4096 B=1
PASS map-2-step: rel_l2=1.197e-15 (tol 3.0e-14)
PASS rel_l2=3.084e-16 rel_max=3.128e-16 (tol 1e-12) L=4096 B=1
PASS map-chain m=1000: rel_l2=9.195e-14 (anchor 0.000e+00, tol 1.0e-10)
PASS rel_l2=3.084e-16 rel_max=3.128e-16 (tol 1e-12) L=4096 B=1
PASS map-2-step: rel_l2=1.078e-15 (tol 3.0e-14)
PASS rel_l2=3.092e-16 rel_max=3.162e-16 (tol 1e-12) L=4096 B=1
PASS map-chain m=1000: rel_l2=9.157e-14 (anchor 0.000e+00, tol 1.0e-10)
PASS rel_l2=3.007e-16 rel_max=3.449e-16 (tol 1e-12) L=4096 B=1
PASS map-2-step: rel_l2=1.093e-15 (tol 3.0e-14)
PASS rel_l2=3.052e-16 rel_max=3.293e-16 (tol 1e-12) L=4096 B=1
PASS map-chain m=1000: rel_l2=7.843e-14 (anchor 0.000e+00, tol 1.0e-10)
PASS rel_l2=3.108e-16 rel_max=3.394e-16 (tol 1e-12) L=4096 B=1
PASS map-2-step: rel_l2=9.826e-16 (tol 3.0e-14)
PASS rel_l2=3.061e-16 rel_max=3.857e-16 (tol 1e-12) L=4096 B=1
PASS map-chain m=1000: rel_l2=1.122e-13 (anchor 0.000e+00, tol 1.0e-10)
PASS rel_l2=3.061e-16 rel_max=3.857e-16 (tol 1e-12) L=4096 B=1
PASS map-2-step: rel_l2=1.147e-15 (tol 3.0e-14)
PASS rel_l2=3.010e-16 rel_max=3.557e-16 (tol 1e-12) L=4096 B=256
PASS map-chain m=400: rel_l2=4.624e-14 (anchor 0.000e+00, tol 1.0e-10)
PASS rel_l2=3.010e-16 rel_max=3.557e-16 (tol 1e-12) L=4096 B=256
PASS map-2-step: rel_l2=1.109e-15 (tol 3.0e-14)
PASS rel_l2=3.054e-16 rel_max=3.557e-16 (tol 1e-12) L=4096 B=256
PASS map-chain m=400: rel_l2=3.990e-14 (anchor 0.000e+00, tol 1.0e-10)
PASS rel_l2=3.054e-16 rel_max=3.557e-16 (tol 1e-12) L=4096 B=256
PASS map-2-step: rel_l2=1.113e-15 (tol 3.0e-14)
PASS rel_l2=3.067e-16 rel_max=3.635e-16 (tol 1e-12) L=4096 B=256
PASS map-chain m=400: rel_l2=4.112e-14 (anchor 0.000e+00, tol 1.0e-10)
PASS rel_l2=3.067e-16 rel_max=3.635e-16 (tol 1e-12) L=4096 B=256
PASS map-2-step: rel_l2=1.140e-15 (tol 3.0e-14)
PASS rel_l2=3.081e-16 rel_max=3.557e-16 (tol 1e-12) L=4096 B=256
PASS map-chain m=400: rel_l2=4.112e-14 (anchor 0.000e+00, tol 1.0e-10)
PASS rel_l2=3.081e-16 rel_max=3.557e-16 (tol 1e-12) L=4096 B=256
PASS map-2-step: rel_l2=1.140e-15 (tol 3.0e-14)
PASS rel_l2=3.081e-16 rel_max=3.557e-16 (tol 1e-12) L=4096 B=256
PASS map-chain m=400: rel_l2=4.315e-14 (anchor 0.000e+00, tol 1.0e-10)
PASS rel_l2=3.081e-16 rel_max=3.557e-16 (tol 1e-12) L=4096 B=256
PASS map-2-step: rel_l2=1.156e-15 (tol 3.0e-14)
PASS rel_l2=3.130e-16 rel_max=3.724e-16 (tol 1e-12) L=4096 B=256
PASS map-chain m=400: rel_l2=4.050e-14 (anchor 0.000e+00, tol 1.0e-10)
PASS rel_l2=3.130e-16 rel_max=3.724e-16 (tol 1e-12) L=4096 B=256
PASS map-2-step: rel_l2=1.150e-15 (tol 3.0e-14)
PASS rel_l2=3.089e-16 rel_max=3.724e-16 (tol 1e-12) L=4096 B=256
PASS map-chain m=400: rel_l2=4.355e-14 (anchor 0.000e+00, tol 1.0e-10)
PASS rel_l2=3.024e-16 rel_max=3.557e-16 (tol 1e-12) L=4096 B=256
PASS map-2-step: rel_l2=1.112e-15 (tol 3.0e-14)
PASS rel_l2=3.060e-16 rel_max=3.928e-16 (tol 1e-12) L=4096 B=256
PASS map-chain m=400: rel_l2=4.902e-14 (anchor 0.000e+00, tol 1.0e-10)
PASS rel_l2=3.060e-16 rel_max=3.928e-16 (tol 1e-12) L=4096 B=256
PASS map-2-step: rel_l2=1.126e-15 (tol 3.0e-14)
PASS rel_l2=3.107e-16 rel_max=3.460e-16 (tol 1e-12) L=4096 B=256
PASS map-chain m=400: rel_l2=4.190e-14 (anchor 0.000e+00, tol 1.0e-10)
PASS rel_l2=3.107e-16 rel_max=3.460e-16 (tol 1e-12) L=4096 B=256
PASS map-2-step: rel_l2=1.136e-15 (tol 3.0e-14)
PASS rel_l2=3.372e-16 rel_max=3.787e-16 (tol 1e-12) L=16384 B=1
PASS rel_l2=3.401e-16 rel_max=3.779e-16 (tol 1e-12) L=16384 B=1
PASS rel_l2=3.430e-16 rel_max=4.036e-16 (tol 1e-12) L=16384 B=1
PASS rel_l2=3.368e-16 rel_max=3.809e-16 (tol 1e-12) L=16384 B=1
PASS rel_l2=3.368e-16 rel_max=3.809e-16 (tol 1e-12) L=16384 B=1
PASS rel_l2=3.522e-16 rel_max=4.336e-16 (tol 1e-12) L=16384 B=1
PASS rel_l2=3.474e-16 rel_max=3.896e-16 (tol 1e-12) L=16384 B=1
PASS rel_l2=3.439e-16 rel_max=3.809e-16 (tol 1e-12) L=16384 B=1
PASS rel_l2=3.387e-16 rel_max=4.036e-16 (tol 1e-12) L=16384 B=1
PASS rel_l2=3.352e-16 rel_max=4.114e-16 (tol 1e-12) L=16384 B=64
PASS rel_l2=3.391e-16 rel_max=5.004e-16 (tol 1e-12) L=16384 B=64
PASS rel_l2=3.408e-16 rel_max=4.159e-16 (tol 1e-12) L=16384 B=64
PASS rel_l2=3.365e-16 rel_max=3.775e-16 (tol 1e-12) L=16384 B=64
PASS rel_l2=3.365e-16 rel_max=3.775e-16 (tol 1e-12) L=16384 B=64
PASS rel_l2=3.500e-16 rel_max=3.827e-16 (tol 1e-12) L=16384 B=64
PASS rel_l2=3.438e-16 rel_max=3.679e-16 (tol 1e-12) L=16384 B=64
PASS rel_l2=3.442e-16 rel_max=3.792e-16 (tol 1e-12) L=16384 B=64
PASS rel_l2=3.358e-16 rel_max=3.936e-16 (tol 1e-12) L=16384 B=64
PASS rel_l2=3.372e-16 rel_max=3.787e-16 (tol 1e-12) L=16384 B=1
PASS map-chain m=250: rel_l2=2.986e-14 (anchor 0.000e+00, tol 1.0e-10)
PASS rel_l2=3.372e-16 rel_max=3.787e-16 (tol 1e-12) L=16384 B=1
PASS map-2-step: rel_l2=1.884e-15 (tol 3.0e-14)
PASS rel_l2=3.401e-16 rel_max=3.779e-16 (tol 1e-12) L=16384 B=1
PASS map-chain m=250: rel_l2=2.684e-14 (anchor 0.000e+00, tol 1.0e-10)
PASS rel_l2=3.401e-16 rel_max=3.779e-16 (tol 1e-12) L=16384 B=1
PASS map-2-step: rel_l2=1.672e-15 (tol 3.0e-14)
PASS rel_l2=3.430e-16 rel_max=4.036e-16 (tol 1e-12) L=16384 B=1
PASS map-chain m=250: rel_l2=2.370e-14 (anchor 0.000e+00, tol 1.0e-10)
PASS rel_l2=3.430e-16 rel_max=4.036e-16 (tol 1e-12) L=16384 B=1
PASS map-2-step: rel_l2=1.612e-15 (tol 3.0e-14)
PASS rel_l2=3.368e-16 rel_max=3.809e-16 (tol 1e-12) L=16384 B=1
PASS map-chain m=250: rel_l2=2.370e-14 (anchor 0.000e+00, tol 1.0e-10)
PASS rel_l2=3.368e-16 rel_max=3.809e-16 (tol 1e-12) L=16384 B=1
PASS map-2-step: rel_l2=1.612e-15 (tol 3.0e-14)
PASS rel_l2=3.368e-16 rel_max=3.809e-16 (tol 1e-12) L=16384 B=1
PASS map-chain m=250: rel_l2=3.035e-14 (anchor 0.000e+00, tol 1.0e-10)
PASS rel_l2=3.368e-16 rel_max=3.809e-16 (tol 1e-12) L=16384 B=1
PASS map-2-step: rel_l2=1.795e-15 (tol 3.0e-14)
PASS rel_l2=3.522e-16 rel_max=4.336e-16 (tol 1e-12) L=16384 B=1
PASS map-chain m=250: rel_l2=3.476e-14 (anchor 0.000e+00, tol 1.0e-10)
PASS rel_l2=3.522e-16 rel_max=4.336e-16 (tol 1e-12) L=16384 B=1
PASS map-2-step: rel_l2=2.232e-15 (tol 3.0e-14)
PASS rel_l2=3.424e-16 rel_max=3.896e-16 (tol 1e-12) L=16384 B=1
PASS map-chain m=250: rel_l2=3.459e-14 (anchor 0.000e+00, tol 1.0e-10)
PASS rel_l2=3.424e-16 rel_max=3.896e-16 (tol 1e-12) L=16384 B=1
PASS map-2-step: rel_l2=2.013e-15 (tol 3.0e-14)
PASS rel_l2=3.397e-16 rel_max=4.036e-16 (tol 1e-12) L=16384 B=1
PASS map-chain m=250: rel_l2=3.202e-14 (anchor 0.000e+00, tol 1.0e-10)
PASS rel_l2=3.429e-16 rel_max=4.225e-16 (tol 1e-12) L=16384 B=1
PASS map-2-step: rel_l2=2.144e-15 (tol 3.0e-14)
PASS rel_l2=3.387e-16 rel_max=4.036e-16 (tol 1e-12) L=16384 B=1
PASS map-chain m=250: rel_l2=3.960e-14 (anchor 0.000e+00, tol 1.0e-10)
PASS rel_l2=3.387e-16 rel_max=4.036e-16 (tol 1e-12) L=16384 B=1
PASS map-2-step: rel_l2=1.909e-15 (tol 3.0e-14)
PASS rel_l2=3.352e-16 rel_max=4.114e-16 (tol 1e-12) L=16384 B=64
PASS map-chain m=150: rel_l2=2.171e-14 (anchor 0.000e+00, tol 1.0e-10)
PASS rel_l2=3.352e-16 rel_max=4.114e-16 (tol 1e-12) L=16384 B=64
PASS map-2-step: rel_l2=1.453e-15 (tol 3.0e-14)
PASS rel_l2=3.391e-16 rel_max=5.004e-16 (tol 1e-12) L=16384 B=64
PASS map-chain m=150: rel_l2=2.288e-14 (anchor 0.000e+00, tol 1.0e-10)
PASS rel_l2=3.391e-16 rel_max=5.004e-16 (tol 1e-12) L=16384 B=64
PASS map-2-step: rel_l2=1.462e-15 (tol 3.0e-14)
PASS rel_l2=3.408e-16 rel_max=4.159e-16 (tol 1e-12) L=16384 B=64
PASS map-chain m=150: rel_l2=2.301e-14 (anchor 0.000e+00, tol 1.0e-10)
PASS rel_l2=3.408e-16 rel_max=4.159e-16 (tol 1e-12) L=16384 B=64
PASS map-2-step: rel_l2=1.490e-15 (tol 3.0e-14)
PASS rel_l2=3.365e-16 rel_max=3.775e-16 (tol 1e-12) L=16384 B=64
PASS map-chain m=150: rel_l2=2.301e-14 (anchor 0.000e+00, tol 1.0e-10)
PASS rel_l2=3.365e-16 rel_max=3.775e-16 (tol 1e-12) L=16384 B=64
PASS map-2-step: rel_l2=1.490e-15 (tol 3.0e-14)
PASS rel_l2=3.365e-16 rel_max=3.775e-16 (tol 1e-12) L=16384 B=64
PASS map-chain m=150: rel_l2=2.335e-14 (anchor 0.000e+00, tol 1.0e-10)
PASS rel_l2=3.365e-16 rel_max=3.775e-16 (tol 1e-12) L=16384 B=64
PASS map-2-step: rel_l2=1.474e-15 (tol 3.0e-14)
PASS rel_l2=3.500e-16 rel_max=3.827e-16 (tol 1e-12) L=16384 B=64
PASS map-chain m=150: rel_l2=2.486e-14 (anchor 0.000e+00, tol 1.0e-10)
PASS rel_l2=3.500e-16 rel_max=3.827e-16 (tol 1e-12) L=16384 B=64
PASS map-2-step: rel_l2=1.506e-15 (tol 3.0e-14)
PASS rel_l2=3.438e-16 rel_max=3.679e-16 (tol 1e-12) L=16384 B=64
PASS map-chain m=150: rel_l2=2.396e-14 (anchor 0.000e+00, tol 1.0e-10)
PASS rel_l2=3.401e-16 rel_max=3.602e-16 (tol 1e-12) L=16384 B=64
PASS map-2-step: rel_l2=1.477e-15 (tol 3.0e-14)
PASS rel_l2=3.457e-16 rel_max=4.194e-16 (tol 1e-12) L=16384 B=64
PASS map-chain m=150: rel_l2=2.423e-14 (anchor 0.000e+00, tol 1.0e-10)
PASS rel_l2=3.457e-16 rel_max=4.194e-16 (tol 1e-12) L=16384 B=64
PASS map-2-step: rel_l2=1.497e-15 (tol 3.0e-14)
PASS rel_l2=3.358e-16 rel_max=3.936e-16 (tol 1e-12) L=16384 B=64
PASS map-chain m=150: rel_l2=2.273e-14 (anchor 0.000e+00, tol 1.0e-10)
PASS rel_l2=3.358e-16 rel_max=3.936e-16 (tol 1e-12) L=16384 B=64
PASS map-2-step: rel_l2=1.449e-15 (tol 3.0e-14)
PASS rel_l2=1.213e-15 rel_max=2.900e-15 (tol 1e-12) L=1021 B=1
PASS rel_l2=5.790e-16 rel_max=6.596e-16 (tol 1e-12) L=1021 B=1
PASS rel_l2=6.510e-16 rel_max=6.966e-16 (tol 1e-12) L=1021 B=1
PASS rel_l2=1.018e-15 rel_max=9.698e-16 (tol 1e-12) L=1021 B=1
PASS rel_l2=1.018e-15 rel_max=9.698e-16 (tol 1e-12) L=1021 B=1
PASS rel_l2=5.779e-16 rel_max=5.785e-16 (tol 1e-12) L=1021 B=1
PASS rel_l2=5.553e-16 rel_max=5.617e-16 (tol 1e-12) L=1021 B=1
PASS rel_l2=5.553e-16 rel_max=5.617e-16 (tol 1e-12) L=1021 B=1
PASS rel_l2=5.652e-16 rel_max=6.102e-16 (tol 1e-12) L=1021 B=1
PASS rel_l2=5.639e-16 rel_max=6.040e-16 (tol 1e-12) L=1021 B=256
PASS rel_l2=6.323e-16 rel_max=7.335e-16 (tol 1e-12) L=1021 B=256
PASS rel_l2=5.639e-16 rel_max=6.040e-16 (tol 1e-12) L=1021 B=256
PASS rel_l2=9.930e-16 rel_max=1.033e-15 (tol 1e-12) L=1021 B=256
PASS rel_l2=5.778e-16 rel_max=6.115e-16 (tol 1e-12) L=1021 B=256
PASS rel_l2=5.649e-16 rel_max=5.587e-16 (tol 1e-12) L=1021 B=256
PASS rel_l2=5.721e-16 rel_max=5.698e-16 (tol 1e-12) L=1021 B=256
PASS rel_l2=5.709e-16 rel_max=6.007e-16 (tol 1e-12) L=1021 B=256
PASS rel_l2=1.213e-15 rel_max=2.900e-15 (tol 1e-12) L=1021 B=1
PASS map-chain m=2000: rel_l2=7.626e-13 (anchor 1.968e-13, tol 1.0e-10)
PASS rel_l2=1.213e-15 rel_max=2.900e-15 (tol 1e-12) L=1021 B=1
PASS map-2-step: rel_l2=2.803e-15 (tol 3.0e-14)
PASS rel_l2=5.790e-16 rel_max=6.596e-16 (tol 1e-12) L=1021 B=1
PASS map-chain m=2000: rel_l2=5.075e-13 (anchor 1.968e-13, tol 1.0e-10)
PASS rel_l2=5.790e-16 rel_max=6.596e-16 (tol 1e-12) L=1021 B=1
PASS map-2-step: rel_l2=1.383e-15 (tol 3.0e-14)
PASS rel_l2=6.510e-16 rel_max=6.966e-16 (tol 1e-12) L=1021 B=1
PASS map-chain m=2000: rel_l2=2.623e-13 (anchor 1.968e-13, tol 1.0e-10)
PASS rel_l2=6.510e-16 rel_max=6.966e-16 (tol 1e-12) L=1021 B=1
PASS map-2-step: rel_l2=1.537e-15 (tol 3.0e-14)
PASS rel_l2=1.018e-15 rel_max=9.698e-16 (tol 1e-12) L=1021 B=1
PASS map-chain m=2000: rel_l2=2.623e-13 (anchor 1.968e-13, tol 1.0e-10)
PASS rel_l2=1.018e-15 rel_max=9.698e-16 (tol 1e-12) L=1021 B=1
PASS map-2-step: rel_l2=1.537e-15 (tol 3.0e-14)
PASS rel_l2=1.018e-15 rel_max=9.698e-16 (tol 1e-12) L=1021 B=1
PASS map-chain m=2000: rel_l2=1.361e-12 (anchor 1.968e-13, tol 1.0e-10)
PASS rel_l2=1.018e-15 rel_max=9.698e-16 (tol 1e-12) L=1021 B=1
PASS map-2-step: rel_l2=3.083e-15 (tol 3.0e-14)
PASS rel_l2=5.779e-16 rel_max=5.785e-16 (tol 1e-12) L=1021 B=1
PASS map-chain m=2000: rel_l2=4.074e-13 (anchor 1.968e-13, tol 1.0e-10)
PASS rel_l2=5.779e-16 rel_max=5.785e-16 (tol 1e-12) L=1021 B=1
PASS map-2-step: rel_l2=1.660e-15 (tol 3.0e-14)
PASS rel_l2=5.562e-16 rel_max=5.727e-16 (tol 1e-12) L=1021 B=1
PASS map-chain m=2000: rel_l2=3.409e-13 (anchor 1.968e-13, tol 1.0e-10)
PASS rel_l2=5.553e-16 rel_max=5.617e-16 (tol 1e-12) L=1021 B=1
PASS map-2-step: rel_l2=1.345e-15 (tol 3.0e-14)
PASS rel_l2=5.553e-16 rel_max=5.617e-16 (tol 1e-12) L=1021 B=1
PASS map-chain m=2000: rel_l2=3.571e-13 (anchor 1.968e-13, tol 1.0e-10)
PASS rel_l2=5.553e-16 rel_max=5.617e-16 (tol 1e-12) L=1021 B=1
PASS map-2-step: rel_l2=1.345e-15 (tol 3.0e-14)
PASS rel_l2=5.652e-16 rel_max=6.102e-16 (tol 1e-12) L=1021 B=1
PASS map-chain m=2000: rel_l2=5.125e-13 (anchor 1.968e-13, tol 1.0e-10)
PASS rel_l2=5.652e-16 rel_max=6.102e-16 (tol 1e-12) L=1021 B=1
PASS map-2-step: rel_l2=1.701e-15 (tol 3.0e-14)
PASS rel_l2=5.639e-16 rel_max=6.040e-16 (tol 1e-12) L=1021 B=256
PASS map-chain m=400: rel_l2=9.215e-14 (anchor 5.632e-14, tol 1.0e-10)
PASS rel_l2=5.639e-16 rel_max=6.040e-16 (tol 1e-12) L=1021 B=256
PASS map-2-step: rel_l2=1.798e-15 (tol 3.0e-14)
PASS rel_l2=6.323e-16 rel_max=7.335e-16 (tol 1e-12) L=1021 B=256
PASS map-chain m=400: rel_l2=9.802e-14 (anchor 5.632e-14, tol 1.0e-10)
PASS rel_l2=6.323e-16 rel_max=7.335e-16 (tol 1e-12) L=1021 B=256
PASS map-2-step: rel_l2=1.837e-15 (tol 3.0e-14)
PASS rel_l2=5.639e-16 rel_max=6.040e-16 (tol 1e-12) L=1021 B=256
PASS map-chain m=400: rel_l2=9.802e-14 (anchor 5.632e-14, tol 1.0e-10)
PASS rel_l2=5.639e-16 rel_max=6.040e-16 (tol 1e-12) L=1021 B=256
PASS map-2-step: rel_l2=1.837e-15 (tol 3.0e-14)
PASS rel_l2=9.930e-16 rel_max=1.033e-15 (tol 1e-12) L=1021 B=256
PASS map-chain m=400: rel_l2=1.964e-13 (anchor 5.632e-14, tol 1.0e-10)
PASS rel_l2=9.930e-16 rel_max=1.033e-15 (tol 1e-12) L=1021 B=256
PASS map-2-step: rel_l2=2.998e-15 (tol 3.0e-14)
PASS rel_l2=5.778e-16 rel_max=6.115e-16 (tol 1e-12) L=1021 B=256
PASS map-chain m=400: rel_l2=8.578e-14 (anchor 5.632e-14, tol 1.0e-10)
PASS rel_l2=5.778e-16 rel_max=6.115e-16 (tol 1e-12) L=1021 B=256
PASS map-2-step: rel_l2=1.823e-15 (tol 3.0e-14)
PASS rel_l2=5.649e-16 rel_max=5.587e-16 (tol 1e-12) L=1021 B=256
PASS map-chain m=400: rel_l2=9.467e-14 (anchor 5.632e-14, tol 1.0e-10)
PASS rel_l2=5.649e-16 rel_max=5.587e-16 (tol 1e-12) L=1021 B=256
PASS map-2-step: rel_l2=1.790e-15 (tol 3.0e-14)
PASS rel_l2=5.721e-16 rel_max=5.698e-16 (tol 1e-12) L=1021 B=256
PASS map-chain m=400: rel_l2=8.579e-14 (anchor 5.632e-14, tol 1.0e-10)
PASS rel_l2=5.721e-16 rel_max=5.698e-16 (tol 1e-12) L=1021 B=256
PASS map-2-step: rel_l2=1.803e-15 (tol 3.0e-14)
PASS rel_l2=5.709e-16 rel_max=6.007e-16 (tol 1e-12) L=1021 B=256
PASS map-chain m=400: rel_l2=8.608e-14 (anchor 5.632e-14, tol 1.0e-10)
PASS rel_l2=5.709e-16 rel_max=6.007e-16 (tol 1e-12) L=1021 B=256
PASS map-2-step: rel_l2=1.799e-15 (tol 3.0e-14)
PASS rel_l2=7.098e-16 rel_max=7.628e-16 (tol 1e-12) L=10007 B=1
PASS rel_l2=7.115e-16 rel_max=6.987e-16 (tol 1e-12) L=10007 B=1
PASS rel_l2=7.098e-16 rel_max=7.628e-16 (tol 1e-12) L=10007 B=1
PASS rel_l2=8.392e-16 rel_max=8.124e-16 (tol 1e-12) L=10007 B=1
PASS rel_l2=8.013e-16 rel_max=7.241e-16 (tol 1e-12) L=10007 B=1
PASS rel_l2=7.963e-16 rel_max=7.811e-16 (tol 1e-12) L=10007 B=1
PASS rel_l2=6.745e-16 rel_max=5.952e-16 (tol 1e-12) L=10007 B=1
PASS rel_l2=7.134e-16 rel_max=8.246e-16 (tol 1e-12) L=10007 B=64
PASS rel_l2=7.124e-16 rel_max=7.311e-16 (tol 1e-12) L=10007 B=64
PASS rel_l2=7.134e-16 rel_max=8.246e-16 (tol 1e-12) L=10007 B=64
PASS rel_l2=8.498e-16 rel_max=9.647e-16 (tol 1e-12) L=10007 B=64
PASS rel_l2=8.158e-16 rel_max=1.009e-15 (tol 1e-12) L=10007 B=64
PASS rel_l2=8.020e-16 rel_max=9.042e-16 (tol 1e-12) L=10007 B=64
PASS rel_l2=6.750e-16 rel_max=7.881e-16 (tol 1e-12) L=10007 B=64
PASS rel_l2=7.098e-16 rel_max=7.628e-16 (tol 1e-12) L=10007 B=1
PASS map-chain m=400: rel_l2=9.617e-14 (anchor 7.013e-14, tol 1.0e-10)
PASS rel_l2=7.098e-16 rel_max=7.628e-16 (tol 1e-12) L=10007 B=1
PASS map-2-step: rel_l2=2.562e-15 (tol 3.0e-14)
PASS rel_l2=7.115e-16 rel_max=6.987e-16 (tol 1e-12) L=10007 B=1
PASS map-chain m=400: rel_l2=1.637e-13 (anchor 7.013e-14, tol 1.0e-10)
PASS rel_l2=7.115e-16 rel_max=6.987e-16 (tol 1e-12) L=10007 B=1
PASS map-2-step: rel_l2=3.563e-15 (tol 3.0e-14)
PASS rel_l2=7.098e-16 rel_max=7.628e-16 (tol 1e-12) L=10007 B=1
PASS map-chain m=400: rel_l2=9.617e-14 (anchor 7.013e-14, tol 1.0e-10)
PASS rel_l2=7.098e-16 rel_max=7.628e-16 (tol 1e-12) L=10007 B=1
PASS map-2-step: rel_l2=2.562e-15 (tol 3.0e-14)
PASS rel_l2=8.392e-16 rel_max=8.124e-16 (tol 1e-12) L=10007 B=1
PASS map-chain m=400: rel_l2=1.495e-13 (anchor 7.013e-14, tol 1.0e-10)
PASS rel_l2=8.392e-16 rel_max=8.124e-16 (tol 1e-12) L=10007 B=1
PASS map-2-step: rel_l2=3.248e-15 (tol 3.0e-14)
PASS rel_l2=8.013e-16 rel_max=7.241e-16 (tol 1e-12) L=10007 B=1
PASS map-chain m=400: rel_l2=8.867e-14 (anchor 7.013e-14, tol 1.0e-10)
PASS rel_l2=8.013e-16 rel_max=7.241e-16 (tol 1e-12) L=10007 B=1
PASS map-2-step: rel_l2=2.694e-15 (tol 3.0e-14)
PASS rel_l2=8.013e-16 rel_max=7.241e-16 (tol 1e-12) L=10007 B=1
PASS map-chain m=400: rel_l2=8.867e-14 (anchor 7.013e-14, tol 1.0e-10)
PASS rel_l2=8.013e-16 rel_max=7.241e-16 (tol 1e-12) L=10007 B=1
PASS map-2-step: rel_l2=2.694e-15 (tol 3.0e-14)
PASS rel_l2=6.745e-16 rel_max=5.952e-16 (tol 1e-12) L=10007 B=1
PASS map-chain m=400: rel_l2=1.745e-13 (anchor 7.013e-14, tol 1.0e-10)
PASS rel_l2=6.745e-16 rel_max=5.952e-16 (tol 1e-12) L=10007 B=1
PASS map-2-step: rel_l2=3.351e-15 (tol 3.0e-14)
PASS rel_l2=7.134e-16 rel_max=8.246e-16 (tol 1e-12) L=10007 B=64
PASS map-chain m=80: rel_l2=3.425e-14 (anchor 2.869e-14, tol 1.0e-10)
PASS rel_l2=7.134e-16 rel_max=8.246e-16 (tol 1e-12) L=10007 B=64
PASS map-2-step: rel_l2=2.913e-15 (tol 3.0e-14)
PASS rel_l2=7.124e-16 rel_max=7.311e-16 (tol 1e-12) L=10007 B=64
PASS map-chain m=80: rel_l2=3.352e-14 (anchor 2.869e-14, tol 1.0e-10)
PASS rel_l2=7.124e-16 rel_max=7.311e-16 (tol 1e-12) L=10007 B=64
PASS map-2-step: rel_l2=2.974e-15 (tol 3.0e-14)
PASS rel_l2=7.134e-16 rel_max=8.246e-16 (tol 1e-12) L=10007 B=64
PASS map-chain m=80: rel_l2=3.425e-14 (anchor 2.869e-14, tol 1.0e-10)
PASS rel_l2=7.134e-16 rel_max=8.246e-16 (tol 1e-12) L=10007 B=64
PASS map-2-step: rel_l2=2.913e-15 (tol 3.0e-14)
PASS rel_l2=8.498e-16 rel_max=9.647e-16 (tol 1e-12) L=10007 B=64
PASS map-chain m=80: rel_l2=3.482e-14 (anchor 2.869e-14, tol 1.0e-10)
PASS rel_l2=8.498e-16 rel_max=9.647e-16 (tol 1e-12) L=10007 B=64
PASS map-2-step: rel_l2=3.134e-15 (tol 3.0e-14)
PASS rel_l2=8.020e-16 rel_max=9.042e-16 (tol 1e-12) L=10007 B=64
PASS map-chain m=80: rel_l2=3.752e-14 (anchor 2.869e-14, tol 1.0e-10)
PASS rel_l2=8.020e-16 rel_max=9.042e-16 (tol 1e-12) L=10007 B=64
PASS map-2-step: rel_l2=3.102e-15 (tol 3.0e-14)
PASS rel_l2=7.998e-16 rel_max=9.793e-16 (tol 1e-12) L=10007 B=64
PASS map-chain m=80: rel_l2=3.227e-14 (anchor 2.869e-14, tol 1.0e-10)
PASS rel_l2=7.998e-16 rel_max=9.793e-16 (tol 1e-12) L=10007 B=64
PASS map-2-step: rel_l2=3.089e-15 (tol 3.0e-14)
PASS rel_l2=6.750e-16 rel_max=7.881e-16 (tol 1e-12) L=10007 B=64
PASS map-chain m=80: rel_l2=3.130e-14 (anchor 2.869e-14, tol 1.0e-10)
PASS rel_l2=6.750e-16 rel_max=7.881e-16 (tol 1e-12) L=10007 B=64
PASS map-2-step: rel_l2=2.808e-15 (tol 3.0e-14)
PASS rel_l2=1.088e-15 rel_max=1.082e-15 (tol 1e-12) L=65537 B=1
PASS rel_l2=1.244e-15 rel_max=1.626e-15 (tol 1e-12) L=65537 B=1
PASS rel_l2=1.365e-15 rel_max=1.430e-15 (tol 1e-12) L=65537 B=1
PASS rel_l2=1.365e-15 rel_max=1.430e-15 (tol 1e-12) L=65537 B=1
PASS rel_l2=1.200e-15 rel_max=1.443e-15 (tol 1e-12) L=65537 B=1
PASS rel_l2=1.207e-15 rel_max=1.261e-15 (tol 1e-12) L=65537 B=1
PASS rel_l2=1.203e-15 rel_max=1.261e-15 (tol 1e-12) L=65537 B=1
PASS rel_l2=1.021e-15 rel_max=1.082e-15 (tol 1e-12) L=65537 B=1
PASS rel_l2=1.088e-15 rel_max=1.150e-15 (tol 1e-12) L=65537 B=16
PASS rel_l2=1.248e-15 rel_max=1.373e-15 (tol 1e-12) L=65537 B=16
PASS rel_l2=1.368e-15 rel_max=1.376e-15 (tol 1e-12) L=65537 B=16
PASS rel_l2=1.368e-15 rel_max=1.376e-15 (tol 1e-12) L=65537 B=16
PASS rel_l2=1.202e-15 rel_max=1.282e-15 (tol 1e-12) L=65537 B=16
PASS rel_l2=1.212e-15 rel_max=1.457e-15 (tol 1e-12) L=65537 B=16
PASS rel_l2=1.203e-15 rel_max=1.358e-15 (tol 1e-12) L=65537 B=16
PASS rel_l2=1.020e-15 rel_max=1.128e-15 (tol 1e-12) L=65537 B=16
PASS rel_l2=1.088e-15 rel_max=1.082e-15 (tol 1e-12) L=65537 B=1
PASS map-chain m=60: rel_l2=3.212e-14 (anchor 3.682e-14, tol 1.0e-10)
PASS rel_l2=1.088e-15 rel_max=1.082e-15 (tol 1e-12) L=65537 B=1
PASS map-2-step: rel_l2=4.261e-15 (tol 3.0e-14)
PASS rel_l2=1.244e-15 rel_max=1.626e-15 (tol 1e-12) L=65537 B=1
PASS map-chain m=60: rel_l2=3.443e-14 (anchor 3.682e-14, tol 1.0e-10)
PASS rel_l2=1.244e-15 rel_max=1.626e-15 (tol 1e-12) L=65537 B=1
PASS map-2-step: rel_l2=4.279e-15 (tol 3.0e-14)
PASS rel_l2=1.365e-15 rel_max=1.430e-15 (tol 1e-12) L=65537 B=1
PASS map-chain m=60: rel_l2=4.538e-14 (anchor 3.682e-14, tol 1.0e-10)
PASS rel_l2=1.365e-15 rel_max=1.430e-15 (tol 1e-12) L=65537 B=1
PASS map-2-step: rel_l2=5.626e-15 (tol 3.0e-14)
PASS rel_l2=1.365e-15 rel_max=1.430e-15 (tol 1e-12) L=65537 B=1
PASS map-chain m=60: rel_l2=4.538e-14 (anchor 3.682e-14, tol 1.0e-10)
PASS rel_l2=1.365e-15 rel_max=1.430e-15 (tol 1e-12) L=65537 B=1
PASS map-2-step: rel_l2=5.626e-15 (tol 3.0e-14)
PASS rel_l2=1.200e-15 rel_max=1.443e-15 (tol 1e-12) L=65537 B=1
PASS map-chain m=60: rel_l2=3.568e-14 (anchor 3.682e-14, tol 1.0e-10)
PASS rel_l2=1.200e-15 rel_max=1.443e-15 (tol 1e-12) L=65537 B=1
PASS map-2-step: rel_l2=4.367e-15 (tol 3.0e-14)
PASS rel_l2=1.209e-15 rel_max=1.269e-15 (tol 1e-12) L=65537 B=1
PASS map-chain m=60: rel_l2=3.238e-14 (anchor 3.682e-14, tol 1.0e-10)
PASS rel_l2=1.211e-15 rel_max=1.269e-15 (tol 1e-12) L=65537 B=1
PASS map-2-step: rel_l2=4.601e-15 (tol 3.0e-14)
PASS rel_l2=1.209e-15 rel_max=1.269e-15 (tol 1e-12) L=65537 B=1
PASS map-chain m=60: rel_l2=3.238e-14 (anchor 3.682e-14, tol 1.0e-10)
PASS rel_l2=1.209e-15 rel_max=1.269e-15 (tol 1e-12) L=65537 B=1
PASS map-2-step: rel_l2=4.289e-15 (tol 3.0e-14)
PASS rel_l2=1.021e-15 rel_max=1.082e-15 (tol 1e-12) L=65537 B=1
PASS map-chain m=60: rel_l2=3.634e-14 (anchor 3.682e-14, tol 1.0e-10)
PASS rel_l2=1.021e-15 rel_max=1.082e-15 (tol 1e-12) L=65537 B=1
PASS map-2-step: rel_l2=3.835e-15 (tol 3.0e-14)
PASS rel_l2=1.088e-15 rel_max=1.150e-15 (tol 1e-12) L=65537 B=16
PASS map-chain m=20: rel_l2=1.680e-14 (anchor 1.716e-14, tol 1.0e-10)
PASS rel_l2=1.088e-15 rel_max=1.150e-15 (tol 1e-12) L=65537 B=16
PASS map-2-step: rel_l2=4.159e-15 (tol 3.0e-14)
PASS rel_l2=1.248e-15 rel_max=1.373e-15 (tol 1e-12) L=65537 B=16
PASS map-chain m=20: rel_l2=1.929e-14 (anchor 1.716e-14, tol 1.0e-10)
PASS rel_l2=1.248e-15 rel_max=1.373e-15 (tol 1e-12) L=65537 B=16
PASS map-2-step: rel_l2=4.122e-15 (tol 3.0e-14)
PASS rel_l2=1.368e-15 rel_max=1.376e-15 (tol 1e-12) L=65537 B=16
PASS map-chain m=20: rel_l2=2.331e-14 (anchor 1.716e-14, tol 1.0e-10)
PASS rel_l2=1.368e-15 rel_max=1.376e-15 (tol 1e-12) L=65537 B=16
PASS map-2-step: rel_l2=4.700e-15 (tol 3.0e-14)
PASS rel_l2=1.368e-15 rel_max=1.376e-15 (tol 1e-12) L=65537 B=16
PASS map-chain m=20: rel_l2=2.331e-14 (anchor 1.716e-14, tol 1.0e-10)
PASS rel_l2=1.368e-15 rel_max=1.376e-15 (tol 1e-12) L=65537 B=16
PASS map-2-step: rel_l2=4.700e-15 (tol 3.0e-14)
PASS rel_l2=1.202e-15 rel_max=1.282e-15 (tol 1e-12) L=65537 B=16
PASS map-chain m=20: rel_l2=1.986e-14 (anchor 1.716e-14, tol 1.0e-10)
PASS rel_l2=1.202e-15 rel_max=1.282e-15 (tol 1e-12) L=65537 B=16
PASS map-2-step: rel_l2=4.101e-15 (tol 3.0e-14)
PASS rel_l2=1.212e-15 rel_max=1.457e-15 (tol 1e-12) L=65537 B=16
PASS map-chain m=20: rel_l2=2.186e-14 (anchor 1.716e-14, tol 1.0e-10)
PASS rel_l2=1.210e-15 rel_max=1.369e-15 (tol 1e-12) L=65537 B=16
PASS map-2-step: rel_l2=4.082e-15 (tol 3.0e-14)
PASS rel_l2=1.212e-15 rel_max=1.457e-15 (tol 1e-12) L=65537 B=16
PASS map-chain m=20: rel_l2=2.186e-14 (anchor 1.716e-14, tol 1.0e-10)
PASS rel_l2=1.203e-15 rel_max=1.358e-15 (tol 1e-12) L=65537 B=16
PASS map-2-step: rel_l2=4.097e-15 (tol 3.0e-14)
PASS rel_l2=1.020e-15 rel_max=1.128e-15 (tol 1e-12) L=65537 B=16
PASS map-chain m=20: rel_l2=2.309e-14 (anchor 1.716e-14, tol 1.0e-10)
PASS rel_l2=1.020e-15 rel_max=1.128e-15 (tol 1e-12) L=65537 B=16
PASS map-2-step: rel_l2=3.755e-15 (tol 3.0e-14)
PASS rel_l2=1.035e-15 rel_max=1.193e-15 (tol 1e-12) L=100003 B=1
PASS rel_l2=1.010e-15 rel_max=1.023e-15 (tol 1e-12) L=100003 B=1
PASS rel_l2=1.035e-15 rel_max=1.193e-15 (tol 1e-12) L=100003 B=1
PASS rel_l2=9.132e-16 rel_max=9.034e-16 (tol 1e-12) L=100003 B=1
PASS rel_l2=9.061e-16 rel_max=8.726e-16 (tol 1e-12) L=100003 B=1
PASS rel_l2=9.073e-16 rel_max=9.627e-16 (tol 1e-12) L=100003 B=1
PASS rel_l2=8.837e-16 rel_max=8.726e-16 (tol 1e-12) L=100003 B=1
PASS rel_l2=1.034e-15 rel_max=1.008e-15 (tol 1e-12) L=100003 B=8
PASS rel_l2=1.011e-15 rel_max=1.074e-15 (tol 1e-12) L=100003 B=8
PASS rel_l2=1.034e-15 rel_max=1.008e-15 (tol 1e-12) L=100003 B=8
PASS rel_l2=9.125e-16 rel_max=9.515e-16 (tol 1e-12) L=100003 B=8
PASS rel_l2=9.033e-16 rel_max=9.446e-16 (tol 1e-12) L=100003 B=8
PASS rel_l2=9.033e-16 rel_max=9.446e-16 (tol 1e-12) L=100003 B=8
PASS rel_l2=8.822e-16 rel_max=9.336e-16 (tol 1e-12) L=100003 B=8
PASS rel_l2=1.035e-15 rel_max=1.193e-15 (tol 1e-12) L=100003 B=1
PASS map-chain m=40: rel_l2=2.780e-14 (anchor 2.469e-14, tol 1.0e-10)
PASS rel_l2=1.035e-15 rel_max=1.193e-15 (tol 1e-12) L=100003 B=1
PASS map-2-step: rel_l2=4.631e-15 (tol 3.0e-14)
PASS rel_l2=1.010e-15 rel_max=1.023e-15 (tol 1e-12) L=100003 B=1
PASS map-chain m=40: rel_l2=2.472e-14 (anchor 2.469e-14, tol 1.0e-10)
PASS rel_l2=1.010e-15 rel_max=1.023e-15 (tol 1e-12) L=100003 B=1
PASS map-2-step: rel_l2=4.334e-15 (tol 3.0e-14)
PASS rel_l2=1.035e-15 rel_max=1.193e-15 (tol 1e-12) L=100003 B=1
PASS map-chain m=40: rel_l2=2.780e-14 (anchor 2.469e-14, tol 1.0e-10)
PASS rel_l2=1.035e-15 rel_max=1.193e-15 (tol 1e-12) L=100003 B=1
PASS map-2-step: rel_l2=4.631e-15 (tol 3.0e-14)
PASS rel_l2=9.132e-16 rel_max=9.034e-16 (tol 1e-12) L=100003 B=1
PASS map-chain m=40: rel_l2=3.196e-14 (anchor 2.469e-14, tol 1.0e-10)
PASS rel_l2=9.132e-16 rel_max=9.034e-16 (tol 1e-12) L=100003 B=1
PASS map-2-step: rel_l2=5.252e-15 (tol 3.0e-14)
PASS rel_l2=9.061e-16 rel_max=8.726e-16 (tol 1e-12) L=100003 B=1
PASS map-chain m=40: rel_l2=3.134e-14 (anchor 2.469e-14, tol 1.0e-10)
PASS rel_l2=9.073e-16 rel_max=9.627e-16 (tol 1e-12) L=100003 B=1
PASS map-2-step: rel_l2=4.790e-15 (tol 3.0e-14)
PASS rel_l2=9.061e-16 rel_max=8.726e-16 (tol 1e-12) L=100003 B=1
PASS map-chain m=40: rel_l2=3.134e-14 (anchor 2.469e-14, tol 1.0e-10)
PASS rel_l2=9.061e-16 rel_max=8.726e-16 (tol 1e-12) L=100003 B=1
PASS map-2-step: rel_l2=4.690e-15 (tol 3.0e-14)
PASS rel_l2=8.837e-16 rel_max=8.726e-16 (tol 1e-12) L=100003 B=1
PASS map-chain m=40: rel_l2=2.776e-14 (anchor 2.469e-14, tol 1.0e-10)
PASS rel_l2=8.837e-16 rel_max=8.726e-16 (tol 1e-12) L=100003 B=1
PASS map-2-step: rel_l2=4.234e-15 (tol 3.0e-14)
PASS rel_l2=1.034e-15 rel_max=1.008e-15 (tol 1e-12) L=100003 B=8
PASS map-chain m=15: rel_l2=1.313e-14 (anchor 1.260e-14, tol 1.0e-10)
PASS rel_l2=1.034e-15 rel_max=1.008e-15 (tol 1e-12) L=100003 B=8
PASS map-2-step: rel_l2=4.184e-15 (tol 3.0e-14)
PASS rel_l2=1.011e-15 rel_max=1.074e-15 (tol 1e-12) L=100003 B=8
PASS map-chain m=15: rel_l2=1.457e-14 (anchor 1.260e-14, tol 1.0e-10)
PASS rel_l2=1.011e-15 rel_max=1.074e-15 (tol 1e-12) L=100003 B=8
PASS map-2-step: rel_l2=4.384e-15 (tol 3.0e-14)
PASS rel_l2=1.034e-15 rel_max=1.008e-15 (tol 1e-12) L=100003 B=8
PASS map-chain m=15: rel_l2=1.306e-14 (anchor 1.260e-14, tol 1.0e-10)
PASS rel_l2=1.034e-15 rel_max=1.008e-15 (tol 1e-12) L=100003 B=8
PASS map-2-step: rel_l2=4.164e-15 (tol 3.0e-14)
PASS rel_l2=9.125e-16 rel_max=9.515e-16 (tol 1e-12) L=100003 B=8
PASS map-chain m=15: rel_l2=1.558e-14 (anchor 1.260e-14, tol 1.0e-10)
PASS rel_l2=9.125e-16 rel_max=9.515e-16 (tol 1e-12) L=100003 B=8
PASS map-2-step: rel_l2=4.591e-15 (tol 3.0e-14)
PASS rel_l2=9.033e-16 rel_max=9.446e-16 (tol 1e-12) L=100003 B=8
PASS map-chain m=15: rel_l2=1.506e-14 (anchor 1.260e-14, tol 1.0e-10)
PASS rel_l2=9.036e-16 rel_max=9.808e-16 (tol 1e-12) L=100003 B=8
PASS map-2-step: rel_l2=4.364e-15 (tol 3.0e-14)
PASS rel_l2=9.033e-16 rel_max=9.446e-16 (tol 1e-12) L=100003 B=8
PASS map-chain m=15: rel_l2=1.506e-14 (anchor 1.260e-14, tol 1.0e-10)
PASS rel_l2=9.040e-16 rel_max=1.064e-15 (tol 1e-12) L=100003 B=8
PASS map-2-step: rel_l2=4.386e-15 (tol 3.0e-14)
PASS rel_l2=8.822e-16 rel_max=9.336e-16 (tol 1e-12) L=100003 B=8
PASS map-chain m=15: rel_l2=1.418e-14 (anchor 1.260e-14, tol 1.0e-10)
PASS rel_l2=8.822e-16 rel_max=9.336e-16 (tol 1e-12) L=100003 B=8
PASS map-2-step: rel_l2=4.269e-15 (tol 3.0e-14)
