baseline_matrix          L=10  B=64    m=1000  inner=1      min=    54.687 us/xform  median=    54.688  sd=  0.00%      0.91 GF/s  setup=0.000 s
baseline_matrix          L=10  B=64    m=1000  inner=1      min=    54.650 us/xform  median=    54.651  sd=  0.01%      0.91 GF/s  setup=0.000 s
baseline_matrix          L=10  B=64    m=1000  inner=1      min=    54.650 us/xform  median=    54.653  sd=  0.01%      0.91 GF/s  setup=0.000 s
baseline_matrix          L=10  B=64    m=2     inner=1      min=    66.928 us/xform  median=    66.928  sd=  0.00%      0.74 GF/s  setup=0.000 s
ducc0_c2c                L=10  B=64    m=1000  inner=1      min=     9.681 us/xform  median=     9.689  sd=  0.04%      5.15 GF/s  setup=0.000 s
ducc0_c2c                L=10  B=64    m=1000  inner=1      min=     9.705 us/xform  median=     9.712  sd=  0.03%      5.13 GF/s  setup=0.000 s
ducc0_c2c                L=10  B=64    m=1000  inner=1      min=     9.680 us/xform  median=     9.683  sd=  0.04%      5.15 GF/s  setup=0.000 s
ducc0_c2c                L=10  B=64    m=2     inner=1      min=    12.280 us/xform  median=    12.280  sd=  0.00%      4.06 GF/s  setup=0.000 s
fftw3_estimate           L=10  B=64    m=1000  inner=1      min=     7.364 us/xform  median=     7.364  sd=  0.00%      6.77 GF/s  setup=0.001 s
fftw3_estimate           L=10  B=64    m=1000  inner=1      min=     7.314 us/xform  median=     7.315  sd=  0.01%      6.81 GF/s  setup=0.001 s
fftw3_estimate           L=10  B=64    m=1000  inner=1      min=     7.341 us/xform  median=     7.342  sd=  0.01%      6.79 GF/s  setup=0.001 s
fftw3_estimate           L=10  B=64    m=2     inner=1      min=     8.914 us/xform  median=     8.914  sd=  0.00%      5.59 GF/s  setup=0.001 s
fftw3_guru               L=10  B=64    m=1000  inner=1      min=     6.366 us/xform  median=     6.367  sd=  0.01%      7.83 GF/s  setup=0.010 s
fftw3_guru               L=10  B=64    m=1000  inner=1      min=     6.368 us/xform  median=     6.499  sd=  1.03%      7.83 GF/s  setup=0.010 s
fftw3_guru               L=10  B=64    m=1000  inner=1      min=     6.365 us/xform  median=     6.366  sd=  0.00%      7.83 GF/s  setup=0.011 s
fftw3_guru               L=10  B=64    m=2     inner=1      min=     8.892 us/xform  median=     8.892  sd=  0.00%      5.60 GF/s  setup=0.011 s
fftw3_measure            L=10  B=64    m=1000  inner=1      min=     5.254 us/xform  median=     5.256  sd=  0.01%      9.48 GF/s  setup=0.013 s
fftw3_measure            L=10  B=64    m=1000  inner=1      min=     5.233 us/xform  median=     5.234  sd=  0.00%      9.52 GF/s  setup=0.013 s
fftw3_measure            L=10  B=64    m=1000  inner=1      min=     5.085 us/xform  median=     5.092  sd=  0.06%      9.80 GF/s  setup=0.013 s
fftw3_measure            L=10  B=64    m=2     inner=2      min=     5.664 us/xform  median=     5.664  sd=  0.00%      8.80 GF/s  setup=0.013 s
fftw3_patient            L=10  B=64    m=1000  inner=1      min=     5.222 us/xform  median=     5.223  sd=  0.01%      9.54 GF/s  setup=0.022 s
fftw3_patient            L=10  B=64    m=1000  inner=1      min=     5.230 us/xform  median=     5.231  sd=  0.00%      9.53 GF/s  setup=0.022 s
fftw3_patient            L=10  B=64    m=1000  inner=1      min=     5.211 us/xform  median=     5.212  sd=  0.01%      9.56 GF/s  setup=0.022 s
fftw3_patient            L=10  B=64    m=2     inner=2      min=     6.423 us/xform  median=     6.423  sd=  0.00%      7.76 GF/s  setup=0.022 s
gen_batchlane            L=10  B=64    m=1000  inner=1      min=     1.154 us/xform  median=     1.156  sd=  6.36%     43.17 GF/s  setup=0.000 s
gen_batchlane            L=10  B=64    m=1000  inner=1      min=     1.245 us/xform  median=     1.317  sd=  1.58%     40.01 GF/s  setup=0.000 s
gen_batchlane            L=10  B=64    m=1000  inner=1      min=     1.156 us/xform  median=     1.156  sd=  0.02%     43.10 GF/s  setup=0.000 s
gen_batchlane            L=10  B=64    m=2     inner=6      min=     2.075 us/xform  median=     2.075  sd=  0.00%     24.01 GF/s  setup=0.000 s
gen_bluestein            L=10  B=64    m=1000  inner=1      min=    13.334 us/xform  median=    13.336  sd=  0.01%      3.74 GF/s  setup=0.000 s
gen_bluestein            L=10  B=64    m=1000  inner=1      min=    13.281 us/xform  median=    13.284  sd=  0.01%      3.75 GF/s  setup=0.000 s
gen_bluestein            L=10  B=64    m=1000  inner=1      min=    13.388 us/xform  median=    13.392  sd=  0.01%      3.72 GF/s  setup=0.000 s
gen_bluestein            L=10  B=64    m=2     inner=1      min=    15.110 us/xform  median=    15.110  sd=  0.00%      3.30 GF/s  setup=0.000 s
gen_dense_prime          L=10  B=64    m=1000  inner=1      min=     5.549 us/xform  median=     5.550  sd=  0.01%      8.98 GF/s  setup=0.000 s
gen_dense_prime          L=10  B=64    m=1000  inner=1      min=     5.418 us/xform  median=     5.419  sd=  0.01%      9.20 GF/s  setup=0.000 s
gen_dense_prime          L=10  B=64    m=1000  inner=1      min=     5.282 us/xform  median=     5.284  sd=  4.99%      9.43 GF/s  setup=0.000 s
gen_dense_prime          L=10  B=64    m=2     inner=2      min=     7.224 us/xform  median=     7.224  sd=  0.00%      6.90 GF/s  setup=0.000 s
gen_layout               L=10  B=64    m=1000  inner=1      min=     5.126 us/xform  median=     5.126  sd=  0.00%      9.72 GF/s  setup=0.000 s
gen_layout               L=10  B=64    m=1000  inner=1      min=     5.121 us/xform  median=     5.122  sd=  0.01%      9.73 GF/s  setup=0.000 s
gen_layout               L=10  B=64    m=1000  inner=1      min=     4.904 us/xform  median=     4.905  sd=  0.01%     10.16 GF/s  setup=0.000 s
gen_layout               L=10  B=64    m=2     inner=2      min=     5.834 us/xform  median=     5.834  sd=  0.00%      8.54 GF/s  setup=0.000 s
gen_pfa_small            L=10  B=64    m=1000  inner=1      min=     1.154 us/xform  median=     1.154  sd=  0.05%     43.20 GF/s  setup=0.000 s
gen_pfa_small            L=10  B=64    m=1000  inner=1      min=     1.154 us/xform  median=     1.155  sd=  0.06%     43.18 GF/s  setup=0.000 s
gen_pfa_small            L=10  B=64    m=1000  inner=1      min=     1.153 us/xform  median=     1.154  sd=  0.06%     43.22 GF/s  setup=0.000 s
gen_pfa_small            L=10  B=64    m=2     inner=6      min=     2.214 us/xform  median=     2.214  sd=  0.00%     22.50 GF/s  setup=0.000 s
gen_planner              L=10  B=64    m=1000  inner=1      min=     3.460 us/xform  median=     3.461  sd=  0.02%     14.40 GF/s  setup=0.021 s
gen_planner              L=10  B=64    m=1000  inner=1      min=     3.512 us/xform  median=     3.514  sd=  0.02%     14.19 GF/s  setup=0.002 s
gen_planner              L=10  B=64    m=1000  inner=1      min=     3.490 us/xform  median=     3.491  sd=  0.02%     14.28 GF/s  setup=0.003 s
gen_planner              L=10  B=64    m=2     inner=2      min=     4.233 us/xform  median=     4.233  sd=  0.00%     11.77 GF/s  setup=0.001 s
gen_race                 L=10  B=64    m=1000  inner=1      min=     3.465 us/xform  median=     3.466  sd=  0.02%     14.38 GF/s  setup=0.045 s
gen_race                 L=10  B=64    m=1000  inner=1      min=     3.471 us/xform  median=     3.472  sd=  0.02%     14.35 GF/s  setup=0.004 s
gen_race                 L=10  B=64    m=1000  inner=1      min=     3.463 us/xform  median=     3.463  sd=  0.01%     14.39 GF/s  setup=0.004 s
gen_race                 L=10  B=64    m=2     inner=2      min=     4.212 us/xform  median=     4.212  sd=  0.00%     11.83 GF/s  setup=0.003 s
gen_twiddle              L=10  B=64    m=1000  inner=1      min=    10.935 us/xform  median=    10.940  sd=  0.03%      4.56 GF/s  setup=0.003 s
gen_twiddle              L=10  B=64    m=1000  inner=1      min=    10.979 us/xform  median=    10.989  sd=  0.04%      4.54 GF/s  setup=0.003 s
gen_twiddle              L=10  B=64    m=1000  inner=1      min=    11.008 us/xform  median=    11.013  sd=  0.02%      4.53 GF/s  setup=0.002 s
gen_twiddle              L=10  B=64    m=2     inner=1      min=    12.905 us/xform  median=    12.905  sd=  0.00%      3.86 GF/s  setup=0.002 s
mkl2026_dfti             L=10  B=64    m=1000  inner=1      min=     4.640 us/xform  median=     4.641  sd=  0.01%     10.74 GF/s  setup=0.002 s
mkl2026_dfti             L=10  B=64    m=1000  inner=1      min=     4.635 us/xform  median=     4.636  sd=  0.01%     10.75 GF/s  setup=0.002 s
mkl2026_dfti             L=10  B=64    m=1000  inner=1      min=     4.632 us/xform  median=     4.633  sd=  0.02%     10.76 GF/s  setup=0.001 s
mkl2026_dfti             L=10  B=64    m=2     inner=2      min=     5.869 us/xform  median=     5.869  sd=  0.00%      8.49 GF/s  setup=0.002 s
mkl_dfti                 L=10  B=64    m=1000  inner=1      min=     4.568 us/xform  median=     4.570  sd=  0.03%     10.91 GF/s  setup=0.003 s
mkl_dfti                 L=10  B=64    m=1000  inner=1      min=     4.570 us/xform  median=     4.573  sd=  0.03%     10.90 GF/s  setup=0.001 s
mkl_dfti                 L=10  B=64    m=1000  inner=1      min=     4.553 us/xform  median=     4.555  sd=  0.03%     10.94 GF/s  setup=0.001 s
mkl_dfti                 L=10  B=64    m=2     inner=2      min=     5.661 us/xform  median=     5.661  sd=  0.00%      8.80 GF/s  setup=0.002 s
baseline_matrix          L=12  B=64    m=600   inner=1      min=   112.110 us/xform  median=   112.111  sd=  0.00%      0.83 GF/s  setup=0.000 s
baseline_matrix          L=12  B=64    m=600   inner=1      min=   112.113 us/xform  median=   112.116  sd=  0.00%      0.83 GF/s  setup=0.000 s
baseline_matrix          L=12  B=64    m=600   inner=1      min=   112.114 us/xform  median=   112.117  sd=  0.00%      0.83 GF/s  setup=0.000 s
baseline_matrix          L=12  B=64    m=2     inner=1      min=   118.139 us/xform  median=   118.139  sd=  0.00%      0.79 GF/s  setup=0.000 s
ducc0_c2c                L=12  B=64    m=600   inner=1      min=    16.007 us/xform  median=    16.020  sd=  0.06%      5.81 GF/s  setup=0.000 s
ducc0_c2c                L=12  B=64    m=600   inner=1      min=    16.004 us/xform  median=    16.015  sd=  0.06%      5.81 GF/s  setup=0.000 s
ducc0_c2c                L=12  B=64    m=600   inner=1      min=    16.059 us/xform  median=    16.065  sd=  0.06%      5.79 GF/s  setup=0.000 s
ducc0_c2c                L=12  B=64    m=2     inner=1      min=    21.116 us/xform  median=    21.116  sd=  0.00%      4.40 GF/s  setup=0.000 s
fftw3_estimate           L=12  B=64    m=600   inner=1      min=    19.285 us/xform  median=    19.285  sd=  0.00%      4.82 GF/s  setup=0.001 s
fftw3_estimate           L=12  B=64    m=600   inner=1      min=    19.290 us/xform  median=    19.291  sd=  0.00%      4.82 GF/s  setup=0.001 s
fftw3_estimate           L=12  B=64    m=600   inner=1      min=    19.294 us/xform  median=    19.295  sd=  0.00%      4.82 GF/s  setup=0.001 s
fftw3_estimate           L=12  B=64    m=2     inner=1      min=    23.774 us/xform  median=    23.774  sd=  0.00%      3.91 GF/s  setup=0.001 s
fftw3_guru               L=12  B=64    m=600   inner=1      min=    10.281 us/xform  median=    10.284  sd=  0.01%      9.04 GF/s  setup=0.011 s
fftw3_guru               L=12  B=64    m=600   inner=1      min=    10.178 us/xform  median=    10.178  sd=  0.00%      9.13 GF/s  setup=0.011 s
fftw3_guru               L=12  B=64    m=600   inner=1      min=    10.192 us/xform  median=    10.193  sd=  0.01%      9.12 GF/s  setup=0.010 s
fftw3_guru               L=12  B=64    m=2     inner=1      min=    14.284 us/xform  median=    14.284  sd=  0.00%      6.51 GF/s  setup=0.011 s
fftw3_measure            L=12  B=64    m=600   inner=1      min=     9.218 us/xform  median=     9.219  sd=  0.02%     10.08 GF/s  setup=0.014 s
fftw3_measure            L=12  B=64    m=600   inner=1      min=     8.617 us/xform  median=     8.644  sd=  0.11%     10.78 GF/s  setup=0.014 s
fftw3_measure            L=12  B=64    m=600   inner=1      min=     8.945 us/xform  median=     8.946  sd=  0.01%     10.39 GF/s  setup=0.015 s
fftw3_measure            L=12  B=64    m=2     inner=1      min=    12.325 us/xform  median=    12.325  sd=  0.00%      7.54 GF/s  setup=0.014 s
fftw3_patient            L=12  B=64    m=600   inner=1      min=     8.469 us/xform  median=     8.472  sd=  0.06%     10.97 GF/s  setup=0.023 s
fftw3_patient            L=12  B=64    m=600   inner=1      min=     9.004 us/xform  median=     9.005  sd=  0.01%     10.32 GF/s  setup=0.024 s
fftw3_patient            L=12  B=64    m=600   inner=1      min=     8.469 us/xform  median=     8.472  sd=  0.02%     10.97 GF/s  setup=0.024 s
fftw3_patient            L=12  B=64    m=2     inner=1      min=    10.786 us/xform  median=    10.786  sd=  0.00%      8.61 GF/s  setup=0.023 s
gen_batchlane            L=12  B=64    m=600   inner=1      min=     1.912 us/xform  median=     1.913  sd=  0.02%     48.60 GF/s  setup=0.000 s
gen_batchlane            L=12  B=64    m=600   inner=1      min=     1.916 us/xform  median=     1.916  sd=  0.02%     48.51 GF/s  setup=0.000 s
gen_batchlane            L=12  B=64    m=600   inner=1      min=     1.914 us/xform  median=     2.181  sd=  5.12%     48.54 GF/s  setup=0.000 s
gen_batchlane            L=12  B=64    m=2     inner=4      min=     3.660 us/xform  median=     3.660  sd=  0.00%     25.39 GF/s  setup=0.000 s
gen_bluestein            L=12  B=64    m=600   inner=1      min=    19.262 us/xform  median=    19.264  sd=  0.01%      4.82 GF/s  setup=0.000 s
gen_bluestein            L=12  B=64    m=600   inner=1      min=    19.335 us/xform  median=    19.337  sd=  0.01%      4.81 GF/s  setup=0.000 s
gen_bluestein            L=12  B=64    m=600   inner=1      min=    19.339 us/xform  median=    19.341  sd=  0.01%      4.80 GF/s  setup=0.000 s
gen_bluestein            L=12  B=64    m=2     inner=1      min=    20.574 us/xform  median=    20.574  sd=  0.00%      4.52 GF/s  setup=0.000 s
gen_dense_prime          L=12  B=64    m=600   inner=1      min=     8.474 us/xform  median=     8.475  sd=  0.01%     10.97 GF/s  setup=0.000 s
gen_dense_prime          L=12  B=64    m=600   inner=1      min=     8.272 us/xform  median=     8.274  sd=  0.01%     11.23 GF/s  setup=0.000 s
gen_dense_prime          L=12  B=64    m=600   inner=1      min=     9.110 us/xform  median=     9.112  sd=  0.01%     10.20 GF/s  setup=0.000 s
gen_dense_prime          L=12  B=64    m=2     inner=1      min=     9.814 us/xform  median=     9.814  sd=  0.00%      9.47 GF/s  setup=0.000 s
gen_layout               L=12  B=64    m=600   inner=1      min=     8.075 us/xform  median=     8.078  sd=  0.02%     11.51 GF/s  setup=0.000 s
gen_layout               L=12  B=64    m=600   inner=1      min=     8.222 us/xform  median=     8.223  sd=  0.00%     11.30 GF/s  setup=0.000 s
gen_layout               L=12  B=64    m=600   inner=1      min=     8.277 us/xform  median=     8.277  sd=  0.01%     11.23 GF/s  setup=0.000 s
gen_layout               L=12  B=64    m=2     inner=1      min=     9.816 us/xform  median=     9.816  sd=  0.00%      9.47 GF/s  setup=0.000 s
gen_pfa_small            L=12  B=64    m=600   inner=1      min=     1.970 us/xform  median=     1.972  sd=  6.43%     47.16 GF/s  setup=0.000 s
gen_pfa_small            L=12  B=64    m=600   inner=1      min=     1.969 us/xform  median=     2.247  sd=  5.64%     47.19 GF/s  setup=0.000 s
gen_pfa_small            L=12  B=64    m=600   inner=1      min=     1.984 us/xform  median=     1.985  sd=  0.02%     46.83 GF/s  setup=0.000 s
gen_pfa_small            L=12  B=64    m=2     inner=4      min=     3.634 us/xform  median=     3.634  sd=  0.00%     25.57 GF/s  setup=0.000 s
gen_planner              L=12  B=64    m=600   inner=1      min=     5.112 us/xform  median=     5.114  sd=  0.03%     18.18 GF/s  setup=0.023 s
gen_planner              L=12  B=64    m=600   inner=1      min=     5.138 us/xform  median=     5.141  sd=  3.90%     18.09 GF/s  setup=0.003 s
gen_planner              L=12  B=64    m=600   inner=1      min=     5.132 us/xform  median=     5.135  sd=  0.04%     18.10 GF/s  setup=0.003 s
gen_planner              L=12  B=64    m=2     inner=2      min=     6.707 us/xform  median=     6.707  sd=  0.00%     13.85 GF/s  setup=0.002 s
gen_race                 L=12  B=64    m=600   inner=1      min=     5.146 us/xform  median=     5.148  sd=  0.02%     18.06 GF/s  setup=0.042 s
gen_race                 L=12  B=64    m=600   inner=1      min=     5.107 us/xform  median=     5.109  sd=  0.03%     18.20 GF/s  setup=0.004 s
gen_race                 L=12  B=64    m=600   inner=1      min=     5.121 us/xform  median=     5.125  sd=  0.80%     18.15 GF/s  setup=0.004 s
gen_race                 L=12  B=64    m=2     inner=2      min=     6.461 us/xform  median=     6.461  sd=  0.00%     14.38 GF/s  setup=0.002 s
gen_twiddle              L=12  B=64    m=600   inner=1      min=    15.215 us/xform  median=    15.234  sd=  0.07%      6.11 GF/s  setup=0.002 s
gen_twiddle              L=12  B=64    m=600   inner=1      min=    14.967 us/xform  median=    14.974  sd=  0.03%      6.21 GF/s  setup=0.002 s
gen_twiddle              L=12  B=64    m=600   inner=1      min=    15.225 us/xform  median=    15.236  sd=  0.03%      6.10 GF/s  setup=0.002 s
gen_twiddle              L=12  B=64    m=2     inner=1      min=    18.150 us/xform  median=    18.150  sd=  0.00%      5.12 GF/s  setup=0.002 s
mkl2026_dfti             L=12  B=64    m=600   inner=1      min=     7.743 us/xform  median=     7.744  sd=  0.01%     12.00 GF/s  setup=0.002 s
mkl2026_dfti             L=12  B=64    m=600   inner=1      min=     7.765 us/xform  median=     7.766  sd=  0.01%     11.97 GF/s  setup=0.002 s
mkl2026_dfti             L=12  B=64    m=600   inner=1      min=     7.744 us/xform  median=     7.745  sd=  0.01%     12.00 GF/s  setup=0.002 s
mkl2026_dfti             L=12  B=64    m=2     inner=1      min=    11.084 us/xform  median=    11.084  sd=  0.00%      8.38 GF/s  setup=0.002 s
mkl_dfti                 L=12  B=64    m=600   inner=1      min=     7.737 us/xform  median=     7.738  sd=  0.01%     12.01 GF/s  setup=0.002 s
mkl_dfti                 L=12  B=64    m=600   inner=1      min=     7.738 us/xform  median=     7.738  sd=  0.01%     12.01 GF/s  setup=0.002 s
mkl_dfti                 L=12  B=64    m=600   inner=1      min=     7.740 us/xform  median=     7.741  sd=  0.00%     12.00 GF/s  setup=0.001 s
mkl_dfti                 L=12  B=64    m=2     inner=1      min=    10.903 us/xform  median=    10.903  sd=  0.00%      8.52 GF/s  setup=0.002 s
baseline_matrix          L=15  B=32    m=600   inner=1      min=   272.444 us/xform  median=   272.447  sd=  0.01%      0.73 GF/s  setup=0.000 s
baseline_matrix          L=15  B=32    m=600   inner=1      min=   272.501 us/xform  median=   272.503  sd=  0.00%      0.73 GF/s  setup=0.000 s
baseline_matrix          L=15  B=32    m=600   inner=1      min=   272.400 us/xform  median=   272.405  sd=  0.00%      0.73 GF/s  setup=0.000 s
baseline_matrix          L=15  B=32    m=2     inner=1      min=   333.359 us/xform  median=   333.359  sd=  0.00%      0.59 GF/s  setup=0.000 s
ducc0_c2c                L=15  B=32    m=600   inner=1      min=    32.583 us/xform  median=    32.626  sd=  0.14%      6.07 GF/s  setup=0.000 s
ducc0_c2c                L=15  B=32    m=600   inner=1      min=    32.303 us/xform  median=    32.348  sd=  0.07%      6.12 GF/s  setup=0.000 s
ducc0_c2c                L=15  B=32    m=600   inner=1      min=    32.541 us/xform  median=    32.566  sd=  0.07%      6.08 GF/s  setup=0.000 s
ducc0_c2c                L=15  B=32    m=2     inner=1      min=    41.272 us/xform  median=    41.272  sd=  0.00%      4.79 GF/s  setup=0.000 s
fftw3_estimate           L=15  B=32    m=600   inner=1      min=    20.624 us/xform  median=    20.628  sd=  0.01%      9.59 GF/s  setup=0.001 s
fftw3_estimate           L=15  B=32    m=600   inner=1      min=    20.758 us/xform  median=    20.772  sd=  0.05%      9.53 GF/s  setup=0.001 s
fftw3_estimate           L=15  B=32    m=600   inner=1      min=    20.645 us/xform  median=    20.648  sd=  0.01%      9.58 GF/s  setup=0.001 s
fftw3_estimate           L=15  B=32    m=2     inner=1      min=    28.652 us/xform  median=    28.652  sd=  0.00%      6.90 GF/s  setup=0.001 s
fftw3_guru               L=15  B=32    m=600   inner=1      min=    26.188 us/xform  median=    26.191  sd=  0.01%      7.55 GF/s  setup=0.010 s
fftw3_guru               L=15  B=32    m=600   inner=1      min=    26.379 us/xform  median=    26.382  sd=  0.01%      7.50 GF/s  setup=0.012 s
fftw3_guru               L=15  B=32    m=600   inner=1      min=    26.853 us/xform  median=    26.903  sd=  0.12%      7.37 GF/s  setup=0.012 s
fftw3_guru               L=15  B=32    m=2     inner=1      min=    36.159 us/xform  median=    36.159  sd=  0.00%      5.47 GF/s  setup=0.011 s
fftw3_measure            L=15  B=32    m=600   inner=1      min=    20.628 us/xform  median=    20.629  sd=  0.01%      9.59 GF/s  setup=0.011 s
fftw3_measure            L=15  B=32    m=600   inner=1      min=    20.859 us/xform  median=    20.870  sd=  0.03%      9.48 GF/s  setup=0.012 s
fftw3_measure            L=15  B=32    m=600   inner=1      min=    19.836 us/xform  median=    19.839  sd=  0.01%      9.97 GF/s  setup=0.010 s
fftw3_measure            L=15  B=32    m=2     inner=1      min=    26.544 us/xform  median=    26.544  sd=  0.00%      7.45 GF/s  setup=0.011 s
fftw3_patient            L=15  B=32    m=600   inner=1      min=    19.666 us/xform  median=    19.669  sd=  0.01%     10.06 GF/s  setup=0.020 s
fftw3_patient            L=15  B=32    m=600   inner=1      min=    19.596 us/xform  median=    19.598  sd=  0.01%     10.09 GF/s  setup=0.020 s
fftw3_patient            L=15  B=32    m=600   inner=1      min=    19.586 us/xform  median=    19.593  sd=  0.03%     10.10 GF/s  setup=0.021 s
fftw3_patient            L=15  B=32    m=2     inner=1      min=    23.380 us/xform  median=    23.380  sd=  0.00%      8.46 GF/s  setup=0.019 s
gen_batchlane            L=15  B=32    m=600   inner=1      min=     4.566 us/xform  median=     4.568  sd=  0.04%     43.32 GF/s  setup=0.000 s
gen_batchlane            L=15  B=32    m=600   inner=1      min=     4.566 us/xform  median=     4.567  sd=  0.03%     43.32 GF/s  setup=0.000 s
gen_batchlane            L=15  B=32    m=600   inner=1      min=     4.574 us/xform  median=     4.575  sd=  0.03%     43.24 GF/s  setup=0.000 s
gen_batchlane            L=15  B=32    m=2     inner=2      min=     9.253 us/xform  median=     9.253  sd=  0.00%     21.37 GF/s  setup=0.000 s
gen_bluestein            L=15  B=32    m=600   inner=1      min=    33.818 us/xform  median=    33.833  sd=  0.02%      5.85 GF/s  setup=0.000 s
gen_bluestein            L=15  B=32    m=600   inner=1      min=    33.883 us/xform  median=    33.890  sd=  0.01%      5.84 GF/s  setup=0.000 s
gen_bluestein            L=15  B=32    m=600   inner=1      min=    33.768 us/xform  median=    33.776  sd=  0.01%      5.86 GF/s  setup=0.000 s
gen_bluestein            L=15  B=32    m=2     inner=1      min=    38.794 us/xform  median=    38.794  sd=  0.00%      5.10 GF/s  setup=0.000 s
gen_dense_prime          L=15  B=32    m=600   inner=1      min=    14.681 us/xform  median=    14.682  sd=  0.01%     13.47 GF/s  setup=0.000 s
gen_dense_prime          L=15  B=32    m=600   inner=1      min=    14.264 us/xform  median=    14.267  sd=  0.01%     13.87 GF/s  setup=0.000 s
gen_dense_prime          L=15  B=32    m=600   inner=1      min=    14.571 us/xform  median=    14.574  sd=  0.01%     13.57 GF/s  setup=0.000 s
gen_dense_prime          L=15  B=32    m=2     inner=1      min=    20.960 us/xform  median=    20.960  sd=  0.00%      9.44 GF/s  setup=0.000 s
gen_layout               L=15  B=32    m=600   inner=1      min=    18.790 us/xform  median=    18.797  sd=  0.02%     10.53 GF/s  setup=0.000 s
gen_layout               L=15  B=32    m=600   inner=1      min=    18.404 us/xform  median=    18.426  sd=  0.07%     10.75 GF/s  setup=0.000 s
gen_layout               L=15  B=32    m=600   inner=1      min=    18.468 us/xform  median=    18.490  sd=  0.07%     10.71 GF/s  setup=0.000 s
gen_layout               L=15  B=32    m=2     inner=1      min=    21.699 us/xform  median=    21.699  sd=  0.00%      9.11 GF/s  setup=0.000 s
gen_pfa_small            L=15  B=32    m=600   inner=1      min=     4.436 us/xform  median=     4.437  sd=  0.03%     44.59 GF/s  setup=0.000 s
gen_pfa_small            L=15  B=32    m=600   inner=1      min=     4.429 us/xform  median=     4.433  sd=  0.04%     44.65 GF/s  setup=0.000 s
gen_pfa_small            L=15  B=32    m=600   inner=1      min=     4.437 us/xform  median=     5.062  sd=  5.48%     44.58 GF/s  setup=0.000 s
gen_pfa_small            L=15  B=32    m=2     inner=2      min=     9.606 us/xform  median=     9.606  sd=  0.00%     20.59 GF/s  setup=0.000 s
gen_planner              L=15  B=32    m=600   inner=1      min=    11.634 us/xform  median=    11.638  sd=  0.03%     17.00 GF/s  setup=0.014 s
gen_planner              L=15  B=32    m=600   inner=1      min=    11.709 us/xform  median=    11.712  sd=  0.02%     16.89 GF/s  setup=0.002 s
gen_planner              L=15  B=32    m=600   inner=1      min=    11.729 us/xform  median=    11.735  sd=  0.03%     16.86 GF/s  setup=0.002 s
gen_planner              L=15  B=32    m=2     inner=1      min=    15.109 us/xform  median=    15.109  sd=  0.00%     13.09 GF/s  setup=0.001 s
gen_race                 L=15  B=32    m=600   inner=1      min=    11.655 us/xform  median=    11.659  sd=  0.07%     16.97 GF/s  setup=0.030 s
gen_race                 L=15  B=32    m=600   inner=1      min=    11.638 us/xform  median=    11.643  sd=  0.03%     16.99 GF/s  setup=0.005 s
gen_race                 L=15  B=32    m=600   inner=1      min=    11.652 us/xform  median=    11.659  sd=  0.06%     16.97 GF/s  setup=0.004 s
gen_race                 L=15  B=32    m=2     inner=1      min=    15.256 us/xform  median=    15.256  sd=  0.00%     12.96 GF/s  setup=0.004 s
gen_twiddle              L=15  B=32    m=600   inner=1      min=    29.672 us/xform  median=    29.675  sd=  0.01%      6.67 GF/s  setup=0.002 s
gen_twiddle              L=15  B=32    m=600   inner=1      min=    30.063 us/xform  median=    30.073  sd=  0.02%      6.58 GF/s  setup=0.002 s
gen_twiddle              L=15  B=32    m=600   inner=1      min=    30.451 us/xform  median=    30.462  sd=  0.01%      6.50 GF/s  setup=0.002 s
gen_twiddle              L=15  B=32    m=2     inner=1      min=    35.377 us/xform  median=    35.377  sd=  0.00%      5.59 GF/s  setup=0.002 s
mkl2026_dfti             L=15  B=32    m=600   inner=1      min=    16.729 us/xform  median=    16.731  sd=  0.01%     11.82 GF/s  setup=0.003 s
mkl2026_dfti             L=15  B=32    m=600   inner=1      min=    16.739 us/xform  median=    16.742  sd=  0.01%     11.82 GF/s  setup=0.001 s
mkl2026_dfti             L=15  B=32    m=600   inner=1      min=    16.754 us/xform  median=    16.757  sd=  0.01%     11.81 GF/s  setup=0.001 s
mkl2026_dfti             L=15  B=32    m=2     inner=1      min=    23.611 us/xform  median=    23.611  sd=  0.00%      8.38 GF/s  setup=0.002 s
mkl_dfti                 L=15  B=32    m=600   inner=1      min=    16.561 us/xform  median=    16.562  sd=  0.01%     11.94 GF/s  setup=0.002 s
mkl_dfti                 L=15  B=32    m=600   inner=1      min=    16.722 us/xform  median=    16.724  sd=  0.02%     11.83 GF/s  setup=0.002 s
mkl_dfti                 L=15  B=32    m=600   inner=1      min=    16.559 us/xform  median=    16.560  sd=  0.01%     11.94 GF/s  setup=0.002 s
mkl_dfti                 L=15  B=32    m=2     inner=1      min=    23.007 us/xform  median=    23.007  sd=  0.00%      8.60 GF/s  setup=0.002 s
baseline_matrix          L=20  B=32    m=256   inner=1      min=   850.261 us/xform  median=   850.279  sd=  0.00%      0.61 GF/s  setup=0.000 s
baseline_matrix          L=20  B=32    m=256   inner=1      min=   851.172 us/xform  median=   852.324  sd=  0.08%      0.61 GF/s  setup=0.000 s
baseline_matrix          L=20  B=32    m=256   inner=1      min=   850.291 us/xform  median=   850.304  sd=  0.00%      0.61 GF/s  setup=0.000 s
baseline_matrix          L=20  B=32    m=2     inner=1      min=   857.754 us/xform  median=   857.754  sd=  0.00%      0.60 GF/s  setup=0.000 s
ducc0_c2c                L=20  B=32    m=256   inner=1      min=    72.899 us/xform  median=    73.017  sd=  0.14%      7.11 GF/s  setup=0.000 s
ducc0_c2c                L=20  B=32    m=256   inner=1      min=    74.790 us/xform  median=    74.885  sd=  0.15%      6.93 GF/s  setup=0.000 s
ducc0_c2c                L=20  B=32    m=256   inner=1      min=    72.945 us/xform  median=    73.038  sd=  0.14%      7.11 GF/s  setup=0.000 s
ducc0_c2c                L=20  B=32    m=2     inner=1      min=    92.576 us/xform  median=    92.576  sd=  0.00%      5.60 GF/s  setup=0.000 s
fftw3_estimate           L=20  B=32    m=256   inner=1      min=    91.722 us/xform  median=    91.789  sd=  0.03%      5.65 GF/s  setup=0.001 s
fftw3_estimate           L=20  B=32    m=256   inner=1      min=    91.732 us/xform  median=    91.821  sd=  0.05%      5.65 GF/s  setup=0.001 s
fftw3_estimate           L=20  B=32    m=256   inner=1      min=    91.828 us/xform  median=    91.906  sd=  0.04%      5.65 GF/s  setup=0.001 s
fftw3_estimate           L=20  B=32    m=2     inner=1      min=   113.189 us/xform  median=   113.189  sd=  0.00%      4.58 GF/s  setup=0.001 s
fftw3_guru               L=20  B=32    m=256   inner=1      min=    60.037 us/xform  median=    60.047  sd=  0.01%      8.64 GF/s  setup=0.077 s
fftw3_guru               L=20  B=32    m=256   inner=1      min=    60.374 us/xform  median=    60.392  sd=  0.02%      8.59 GF/s  setup=0.075 s
fftw3_guru               L=20  B=32    m=256   inner=1      min=    61.008 us/xform  median=    61.026  sd=  0.02%      8.50 GF/s  setup=0.078 s
fftw3_guru               L=20  B=32    m=2     inner=1      min=    80.796 us/xform  median=    80.796  sd=  0.00%      6.42 GF/s  setup=0.077 s
fftw3_measure            L=20  B=32    m=256   inner=1      min=    45.129 us/xform  median=    45.138  sd=  0.02%     11.49 GF/s  setup=0.085 s
fftw3_measure            L=20  B=32    m=256   inner=1      min=    45.572 us/xform  median=    45.579  sd=  0.01%     11.38 GF/s  setup=0.085 s
fftw3_measure            L=20  B=32    m=256   inner=1      min=    44.889 us/xform  median=    44.896  sd=  0.02%     11.55 GF/s  setup=0.085 s
fftw3_measure            L=20  B=32    m=2     inner=1      min=    63.141 us/xform  median=    63.141  sd=  0.00%      8.21 GF/s  setup=0.085 s
fftw3_patient            L=20  B=32    m=256   inner=1      min=    47.015 us/xform  median=    47.030  sd=  0.03%     11.03 GF/s  setup=0.315 s
fftw3_patient            L=20  B=32    m=256   inner=1      min=    45.708 us/xform  median=    45.717  sd=  0.02%     11.35 GF/s  setup=0.297 s
fftw3_patient            L=20  B=32    m=256   inner=1      min=    45.185 us/xform  median=    45.193  sd=  0.02%     11.48 GF/s  setup=0.317 s
fftw3_patient            L=20  B=32    m=2     inner=1      min=    55.188 us/xform  median=    55.188  sd=  0.00%      9.40 GF/s  setup=0.298 s
gen_batchlane            L=20  B=32    m=256   inner=1      min=    13.150 us/xform  median=    13.174  sd= 11.63%     39.44 GF/s  setup=0.001 s
gen_batchlane            L=20  B=32    m=256   inner=1      min=    13.145 us/xform  median=    13.153  sd=  0.03%     39.45 GF/s  setup=0.001 s
gen_batchlane            L=20  B=32    m=256   inner=1      min=    13.317 us/xform  median=    13.328  sd=  0.06%     38.94 GF/s  setup=0.001 s
gen_batchlane            L=20  B=32    m=2     inner=1      min=    26.688 us/xform  median=    26.688  sd=  0.00%     19.43 GF/s  setup=0.001 s
gen_bluestein            L=20  B=32    m=256   inner=1      min=   103.787 us/xform  median=   103.862  sd=  0.04%      5.00 GF/s  setup=0.000 s
gen_bluestein            L=20  B=32    m=256   inner=1      min=   103.161 us/xform  median=   103.193  sd=  0.04%      5.03 GF/s  setup=0.000 s
gen_bluestein            L=20  B=32    m=256   inner=1      min=   102.568 us/xform  median=   102.593  sd=  0.01%      5.06 GF/s  setup=0.000 s
gen_bluestein            L=20  B=32    m=2     inner=1      min=   117.934 us/xform  median=   117.934  sd=  0.00%      4.40 GF/s  setup=0.000 s
gen_dense_prime          L=20  B=32    m=256   inner=1      min=    44.910 us/xform  median=    44.921  sd=  0.02%     11.55 GF/s  setup=0.000 s
gen_dense_prime          L=20  B=32    m=256   inner=1      min=    44.221 us/xform  median=    44.227  sd=  0.02%     11.73 GF/s  setup=0.000 s
gen_dense_prime          L=20  B=32    m=256   inner=1      min=    44.159 us/xform  median=    44.166  sd=  0.01%     11.74 GF/s  setup=0.000 s
gen_dense_prime          L=20  B=32    m=2     inner=1      min=    56.043 us/xform  median=    56.043  sd=  0.00%      9.25 GF/s  setup=0.000 s
gen_layout               L=20  B=32    m=256   inner=1      min=    40.181 us/xform  median=    40.204  sd=  0.03%     12.91 GF/s  setup=0.001 s
gen_layout               L=20  B=32    m=256   inner=1      min=    40.515 us/xform  median=    40.519  sd=  0.01%     12.80 GF/s  setup=0.000 s
gen_layout               L=20  B=32    m=256   inner=1      min=    39.905 us/xform  median=    39.913  sd=  0.01%     13.00 GF/s  setup=0.000 s
gen_layout               L=20  B=32    m=2     inner=1      min=    48.242 us/xform  median=    48.242  sd=  0.00%     10.75 GF/s  setup=0.000 s
gen_pfa_small            L=20  B=32    m=256   inner=1      min=    13.281 us/xform  median=    13.294  sd=  4.24%     39.05 GF/s  setup=0.001 s
gen_pfa_small            L=20  B=32    m=256   inner=1      min=    13.119 us/xform  median=    13.129  sd=  0.05%     39.53 GF/s  setup=0.001 s
gen_pfa_small            L=20  B=32    m=256   inner=1      min=    13.059 us/xform  median=    13.063  sd=  0.02%     39.71 GF/s  setup=0.001 s
gen_pfa_small            L=20  B=32    m=2     inner=1      min=    26.418 us/xform  median=    26.418  sd=  0.00%     19.63 GF/s  setup=0.001 s
gen_planner              L=20  B=32    m=256   inner=1      min=    24.685 us/xform  median=    24.688  sd=  0.02%     21.01 GF/s  setup=0.007 s
gen_planner              L=20  B=32    m=256   inner=1      min=    24.703 us/xform  median=    24.706  sd=  0.02%     20.99 GF/s  setup=0.003 s
gen_planner              L=20  B=32    m=256   inner=1      min=    24.692 us/xform  median=    24.696  sd=  0.02%     21.00 GF/s  setup=0.003 s
gen_planner              L=20  B=32    m=2     inner=1      min=    32.873 us/xform  median=    32.873  sd=  0.00%     15.78 GF/s  setup=0.002 s
gen_race                 L=20  B=32    m=256   inner=1      min=    24.177 us/xform  median=    24.185  sd=  0.02%     21.45 GF/s  setup=0.045 s
gen_race                 L=20  B=32    m=256   inner=1      min=    24.032 us/xform  median=    24.041  sd=  0.03%     21.58 GF/s  setup=0.007 s
gen_race                 L=20  B=32    m=256   inner=1      min=    24.035 us/xform  median=    24.042  sd=  0.02%     21.58 GF/s  setup=0.005 s
gen_race                 L=20  B=32    m=2     inner=1      min=    32.262 us/xform  median=    32.262  sd=  0.00%     16.08 GF/s  setup=0.005 s
gen_twiddle              L=20  B=32    m=256   inner=1      min=    58.209 us/xform  median=    58.242  sd=  0.03%      8.91 GF/s  setup=0.003 s
gen_twiddle              L=20  B=32    m=256   inner=1      min=    58.323 us/xform  median=    58.360  sd=  0.03%      8.89 GF/s  setup=0.003 s
gen_twiddle              L=20  B=32    m=256   inner=1      min=    59.189 us/xform  median=    59.201  sd=  0.01%      8.76 GF/s  setup=0.002 s
gen_twiddle              L=20  B=32    m=2     inner=1      min=    72.310 us/xform  median=    72.310  sd=  0.00%      7.17 GF/s  setup=0.003 s
mkl2026_dfti             L=20  B=32    m=256   inner=1      min=    57.543 us/xform  median=    57.661  sd=  0.09%      9.01 GF/s  setup=0.051 s
mkl2026_dfti             L=20  B=32    m=256   inner=1      min=    57.617 us/xform  median=    57.723  sd=  0.10%      9.00 GF/s  setup=0.050 s
mkl2026_dfti             L=20  B=32    m=256   inner=1      min=    58.623 us/xform  median=    58.840  sd=  0.23%      8.85 GF/s  setup=0.048 s
mkl2026_dfti             L=20  B=32    m=2     inner=1      min=   109.625 us/xform  median=   109.625  sd=  0.00%      4.73 GF/s  setup=0.047 s
mkl_dfti                 L=20  B=32    m=256   inner=1      min=    58.753 us/xform  median=    58.887  sd=  0.21%      8.83 GF/s  setup=0.031 s
mkl_dfti                 L=20  B=32    m=256   inner=1      min=    58.397 us/xform  median=    58.820  sd=  0.38%      8.88 GF/s  setup=0.047 s
mkl_dfti                 L=20  B=32    m=256   inner=1      min=    58.211 us/xform  median=    58.352  sd=  0.13%      8.91 GF/s  setup=0.054 s
mkl_dfti                 L=20  B=32    m=2     inner=1      min=    64.427 us/xform  median=    64.427  sd=  0.00%      8.05 GF/s  setup=0.051 s
baseline_matrix          L=25  B=16    m=256   inner=1      min=  2061.293 us/xform  median=  2061.364  sd=  0.00%      0.53 GF/s  setup=0.000 s
baseline_matrix          L=25  B=16    m=256   inner=1      min=  2061.412 us/xform  median=  2061.443  sd=  0.00%      0.53 GF/s  setup=0.000 s
baseline_matrix          L=25  B=16    m=256   inner=1      min=  2061.533 us/xform  median=  2061.560  sd=  0.00%      0.53 GF/s  setup=0.000 s
baseline_matrix          L=25  B=16    m=2     inner=1      min=  2080.746 us/xform  median=  2080.746  sd=  0.00%      0.52 GF/s  setup=0.000 s
ducc0_c2c                L=25  B=16    m=256   inner=1      min=   145.378 us/xform  median=   145.462  sd=  0.15%      7.49 GF/s  setup=0.000 s
ducc0_c2c                L=25  B=16    m=256   inner=1      min=   145.230 us/xform  median=   145.419  sd=  0.14%      7.49 GF/s  setup=0.000 s
ducc0_c2c                L=25  B=16    m=256   inner=1      min=   145.223 us/xform  median=   145.566  sd=  0.15%      7.49 GF/s  setup=0.000 s
ducc0_c2c                L=25  B=16    m=2     inner=1      min=   184.668 us/xform  median=   184.668  sd=  0.00%      5.89 GF/s  setup=0.000 s
fftw3_estimate           L=25  B=16    m=256   inner=1      min=   139.224 us/xform  median=   139.468  sd=  0.18%      7.82 GF/s  setup=0.001 s
fftw3_estimate           L=25  B=16    m=256   inner=1      min=   131.885 us/xform  median=   132.005  sd=  0.04%      8.25 GF/s  setup=0.001 s
fftw3_estimate           L=25  B=16    m=256   inner=1      min=   130.899 us/xform  median=   131.055  sd=  0.07%      8.31 GF/s  setup=0.001 s
fftw3_estimate           L=25  B=16    m=2     inner=1      min=   176.335 us/xform  median=   176.335  sd=  0.00%      6.17 GF/s  setup=0.001 s
fftw3_guru               L=25  B=16    m=256   inner=1      min=   175.106 us/xform  median=   175.138  sd=  0.01%      6.22 GF/s  setup=0.030 s
fftw3_guru               L=25  B=16    m=256   inner=1      min=   175.142 us/xform  median=   175.175  sd=  0.01%      6.21 GF/s  setup=0.029 s
fftw3_guru               L=25  B=16    m=256   inner=1      min=   175.646 us/xform  median=   175.672  sd=  0.01%      6.20 GF/s  setup=0.029 s
fftw3_guru               L=25  B=16    m=2     inner=1      min=   199.973 us/xform  median=   199.973  sd=  0.00%      5.44 GF/s  setup=0.030 s
fftw3_measure            L=25  B=16    m=256   inner=1      min=   119.611 us/xform  median=   119.637  sd=  0.03%      9.10 GF/s  setup=0.028 s
fftw3_measure            L=25  B=16    m=256   inner=1      min=   111.796 us/xform  median=   111.817  sd=  0.02%      9.74 GF/s  setup=0.030 s
fftw3_measure            L=25  B=16    m=256   inner=1      min=   108.597 us/xform  median=   108.627  sd=  0.01%     10.02 GF/s  setup=0.029 s
fftw3_measure            L=25  B=16    m=2     inner=1      min=   151.434 us/xform  median=   151.434  sd=  0.00%      7.19 GF/s  setup=0.028 s
fftw3_patient            L=25  B=16    m=256   inner=1      min=   108.437 us/xform  median=   108.465  sd=  0.02%     10.04 GF/s  setup=0.110 s
fftw3_patient            L=25  B=16    m=256   inner=1      min=   112.307 us/xform  median=   112.322  sd=  0.02%      9.69 GF/s  setup=0.112 s
fftw3_patient            L=25  B=16    m=256   inner=1      min=   110.969 us/xform  median=   110.995  sd=  0.02%      9.81 GF/s  setup=0.112 s
fftw3_patient            L=25  B=16    m=2     inner=1      min=   130.461 us/xform  median=   130.461  sd=  0.00%      8.34 GF/s  setup=0.110 s
gen_bluestein            L=25  B=16    m=256   inner=1      min=   180.204 us/xform  median=   180.282  sd=  0.02%      6.04 GF/s  setup=0.000 s
gen_bluestein            L=25  B=16    m=256   inner=1      min=   181.017 us/xform  median=   181.183  sd=  0.04%      6.01 GF/s  setup=0.000 s
gen_bluestein            L=25  B=16    m=256   inner=1      min=   179.150 us/xform  median=   179.273  sd=  0.03%      6.08 GF/s  setup=0.000 s
gen_bluestein            L=25  B=16    m=2     inner=1      min=   209.885 us/xform  median=   209.885  sd=  0.00%      5.19 GF/s  setup=0.000 s
gen_layout               L=25  B=16    m=256   inner=1      min=    95.673 us/xform  median=    95.694  sd=  0.01%     11.38 GF/s  setup=0.000 s
gen_layout               L=25  B=16    m=256   inner=1      min=    93.358 us/xform  median=    93.388  sd=  0.02%     11.66 GF/s  setup=0.000 s
gen_layout               L=25  B=16    m=256   inner=1      min=    93.603 us/xform  median=    93.624  sd=  0.02%     11.63 GF/s  setup=0.000 s
gen_layout               L=25  B=16    m=2     inner=1      min=   110.776 us/xform  median=   110.776  sd=  0.00%      9.83 GF/s  setup=0.000 s
gen_planner              L=25  B=16    m=256   inner=1      min=    60.130 us/xform  median=    60.160  sd=  0.91%     18.10 GF/s  setup=0.006 s
gen_planner              L=25  B=16    m=256   inner=1      min=    60.316 us/xform  median=    60.337  sd=  0.02%     18.05 GF/s  setup=0.003 s
gen_planner              L=25  B=16    m=256   inner=1      min=    60.560 us/xform  median=    60.588  sd=  0.03%     17.97 GF/s  setup=0.004 s
gen_planner              L=25  B=16    m=2     inner=1      min=    75.377 us/xform  median=    75.377  sd=  0.00%     14.44 GF/s  setup=0.002 s
gen_powp                 L=25  B=16    m=256   inner=1      min=    33.957 us/xform  median=    39.639  sd=  4.34%     32.05 GF/s  setup=0.509 s
gen_powp                 L=25  B=16    m=256   inner=1      min=    32.100 us/xform  median=    32.121  sd=  5.35%     33.91 GF/s  setup=0.004 s
gen_powp                 L=25  B=16    m=256   inner=1      min=    32.157 us/xform  median=    34.921  sd=  5.79%     33.85 GF/s  setup=0.005 s
gen_powp                 L=25  B=16    m=2     inner=1      min=    68.953 us/xform  median=    68.953  sd=  0.00%     15.78 GF/s  setup=0.003 s
gen_race                 L=25  B=16    m=256   inner=1      min=    60.130 us/xform  median=    60.161  sd=  0.02%     18.10 GF/s  setup=0.034 s
gen_race                 L=25  B=16    m=256   inner=1      min=    60.506 us/xform  median=    60.526  sd=  0.02%     17.99 GF/s  setup=0.007 s
gen_race                 L=25  B=16    m=256   inner=1      min=    60.371 us/xform  median=    60.385  sd=  0.02%     18.03 GF/s  setup=0.005 s
gen_race                 L=25  B=16    m=2     inner=1      min=    78.118 us/xform  median=    78.118  sd=  0.00%     13.93 GF/s  setup=0.005 s
gen_twiddle              L=25  B=16    m=256   inner=1      min=   122.093 us/xform  median=   122.116  sd=  0.02%      8.91 GF/s  setup=0.003 s
gen_twiddle              L=25  B=16    m=256   inner=1      min=   123.902 us/xform  median=   123.937  sd=  0.01%      8.78 GF/s  setup=0.004 s
gen_twiddle              L=25  B=16    m=256   inner=1      min=   125.459 us/xform  median=   125.499  sd=  0.02%      8.68 GF/s  setup=0.003 s
gen_twiddle              L=25  B=16    m=2     inner=1      min=   150.724 us/xform  median=   150.724  sd=  0.00%      7.22 GF/s  setup=0.003 s
mkl2026_dfti             L=25  B=16    m=256   inner=1      min=   124.355 us/xform  median=   124.726  sd=  0.16%      8.75 GF/s  setup=0.049 s
mkl2026_dfti             L=25  B=16    m=256   inner=1      min=   123.800 us/xform  median=   124.134  sd=  0.22%      8.79 GF/s  setup=0.049 s
mkl2026_dfti             L=25  B=16    m=256   inner=1      min=   123.579 us/xform  median=   124.070  sd=  0.18%      8.81 GF/s  setup=0.055 s
mkl2026_dfti             L=25  B=16    m=2     inner=1      min=   220.935 us/xform  median=   220.935  sd=  0.00%      4.93 GF/s  setup=0.044 s
mkl_dfti                 L=25  B=16    m=256   inner=1      min=   120.545 us/xform  median=   120.730  sd=  0.13%      9.03 GF/s  setup=0.033 s
mkl_dfti                 L=25  B=16    m=256   inner=1      min=   120.871 us/xform  median=   121.062  sd=  0.20%      9.00 GF/s  setup=0.048 s
mkl_dfti                 L=25  B=16    m=256   inner=1      min=   120.832 us/xform  median=   121.187  sd=  0.13%      9.01 GF/s  setup=0.054 s
mkl_dfti                 L=25  B=16    m=2     inner=1      min=   209.529 us/xform  median=   209.529  sd=  0.00%      5.19 GF/s  setup=0.047 s
baseline_matrix          L=27  B=16    m=200   inner=1      min=  2798.799 us/xform  median=  2798.882  sd=  0.00%      0.50 GF/s  setup=0.000 s
baseline_matrix          L=27  B=16    m=200   inner=1      min=  2798.714 us/xform  median=  2798.766  sd=  0.00%      0.50 GF/s  setup=0.000 s
baseline_matrix          L=27  B=16    m=200   inner=1      min=  2798.882 us/xform  median=  2799.017  sd=  0.00%      0.50 GF/s  setup=0.000 s
baseline_matrix          L=27  B=16    m=2     inner=1      min=  2819.616 us/xform  median=  2819.616  sd=  0.00%      0.50 GF/s  setup=0.000 s
ducc0_c2c                L=27  B=16    m=200   inner=1      min=   190.238 us/xform  median=   190.465  sd=  0.14%      7.38 GF/s  setup=0.000 s
ducc0_c2c                L=27  B=16    m=200   inner=1      min=   194.713 us/xform  median=   195.050  sd=  0.18%      7.21 GF/s  setup=0.000 s
ducc0_c2c                L=27  B=16    m=200   inner=1      min=   194.980 us/xform  median=   195.333  sd=  0.19%      7.20 GF/s  setup=0.000 s
ducc0_c2c                L=27  B=16    m=2     inner=1      min=   244.232 us/xform  median=   244.232  sd=  0.00%      5.75 GF/s  setup=0.000 s
fftw3_estimate           L=27  B=16    m=200   inner=1      min=   259.270 us/xform  median=   259.747  sd=  0.16%      5.41 GF/s  setup=0.002 s
fftw3_estimate           L=27  B=16    m=200   inner=1      min=   253.226 us/xform  median=   253.644  sd=  0.11%      5.54 GF/s  setup=0.002 s
fftw3_estimate           L=27  B=16    m=200   inner=1      min=   261.624 us/xform  median=   262.320  sd=  0.09%      5.37 GF/s  setup=0.002 s
fftw3_estimate           L=27  B=16    m=2     inner=1      min=   326.122 us/xform  median=   326.122  sd=  0.00%      4.30 GF/s  setup=0.003 s
fftw3_guru               L=27  B=16    m=200   inner=1      min=   265.215 us/xform  median=   265.393  sd=  0.05%      5.29 GF/s  setup=0.041 s
fftw3_guru               L=27  B=16    m=200   inner=1      min=   260.491 us/xform  median=   260.786  sd=  0.07%      5.39 GF/s  setup=0.041 s
fftw3_guru               L=27  B=16    m=200   inner=1      min=   261.750 us/xform  median=   261.889  sd=  0.05%      5.36 GF/s  setup=0.044 s
fftw3_guru               L=27  B=16    m=2     inner=1      min=   348.744 us/xform  median=   348.744  sd=  0.00%      4.03 GF/s  setup=0.043 s
fftw3_measure            L=27  B=16    m=200   inner=1      min=   230.337 us/xform  median=   230.538  sd=  0.10%      6.09 GF/s  setup=0.034 s
fftw3_measure            L=27  B=16    m=200   inner=1      min=   226.977 us/xform  median=   227.156  sd=  0.05%      6.19 GF/s  setup=0.034 s
fftw3_measure            L=27  B=16    m=200   inner=1      min=   225.417 us/xform  median=   225.602  sd=  0.06%      6.23 GF/s  setup=0.034 s
fftw3_measure            L=27  B=16    m=2     inner=1      min=   240.969 us/xform  median=   240.969  sd=  0.00%      5.83 GF/s  setup=0.033 s
fftw3_patient            L=27  B=16    m=200   inner=1      min=   212.652 us/xform  median=   212.695  sd=  0.01%      6.60 GF/s  setup=0.141 s
fftw3_patient            L=27  B=16    m=200   inner=1      min=   204.059 us/xform  median=   204.140  sd=  0.02%      6.88 GF/s  setup=0.149 s
fftw3_patient            L=27  B=16    m=200   inner=1      min=   207.371 us/xform  median=   207.410  sd=  0.02%      6.77 GF/s  setup=0.138 s
fftw3_patient            L=27  B=16    m=2     inner=1      min=   275.074 us/xform  median=   275.074  sd=  0.00%      5.10 GF/s  setup=0.148 s
gen_bluestein            L=27  B=16    m=200   inner=1      min=   212.987 us/xform  median=   213.044  sd=  0.01%      6.59 GF/s  setup=0.000 s
gen_bluestein            L=27  B=16    m=200   inner=1      min=   215.767 us/xform  median=   215.840  sd=  0.02%      6.51 GF/s  setup=0.000 s
gen_bluestein            L=27  B=16    m=200   inner=1      min=   215.795 us/xform  median=   215.863  sd=  0.03%      6.51 GF/s  setup=0.000 s
gen_bluestein            L=27  B=16    m=2     inner=1      min=   254.029 us/xform  median=   254.029  sd=  0.00%      5.53 GF/s  setup=0.000 s
gen_layout               L=27  B=16    m=200   inner=1      min=   125.071 us/xform  median=   125.189  sd=  0.04%     11.22 GF/s  setup=0.000 s
gen_layout               L=27  B=16    m=200   inner=1      min=   125.890 us/xform  median=   125.911  sd=  0.02%     11.15 GF/s  setup=0.000 s
gen_layout               L=27  B=16    m=200   inner=1      min=   123.836 us/xform  median=   123.991  sd=  0.06%     11.34 GF/s  setup=0.000 s
gen_layout               L=27  B=16    m=2     inner=1      min=   147.804 us/xform  median=   147.804  sd=  0.00%      9.50 GF/s  setup=0.000 s
gen_planner              L=27  B=16    m=200   inner=1      min=    86.911 us/xform  median=    86.919  sd=  0.02%     16.15 GF/s  setup=0.018 s
gen_planner              L=27  B=16    m=200   inner=1      min=    86.358 us/xform  median=    86.364  sd=  0.02%     16.26 GF/s  setup=0.004 s
gen_planner              L=27  B=16    m=200   inner=1      min=    86.466 us/xform  median=    86.487  sd=  0.02%     16.24 GF/s  setup=0.004 s
gen_planner              L=27  B=16    m=2     inner=1      min=   103.711 us/xform  median=   103.711  sd=  0.00%     13.54 GF/s  setup=0.003 s
gen_powp                 L=27  B=16    m=200   inner=1      min=    44.281 us/xform  median=    44.292  sd=  0.04%     31.70 GF/s  setup=0.437 s
gen_powp                 L=27  B=16    m=200   inner=1      min=    47.277 us/xform  median=    47.334  sd=  4.32%     29.69 GF/s  setup=0.007 s
gen_powp                 L=27  B=16    m=200   inner=1      min=    46.127 us/xform  median=    46.133  sd=  0.03%     30.43 GF/s  setup=0.005 s
gen_powp                 L=27  B=16    m=2     inner=1      min=    96.850 us/xform  median=    96.850  sd=  0.00%     14.50 GF/s  setup=0.004 s
gen_race                 L=27  B=16    m=200   inner=1      min=    85.902 us/xform  median=    85.923  sd=  0.02%     16.34 GF/s  setup=0.035 s
gen_race                 L=27  B=16    m=200   inner=1      min=    86.186 us/xform  median=    86.191  sd=  0.02%     16.29 GF/s  setup=0.006 s
gen_race                 L=27  B=16    m=200   inner=1      min=    86.621 us/xform  median=    86.638  sd=  0.02%     16.21 GF/s  setup=0.009 s
gen_race                 L=27  B=16    m=2     inner=1      min=   103.824 us/xform  median=   103.824  sd=  0.00%     13.52 GF/s  setup=0.004 s
gen_twiddle              L=27  B=16    m=200   inner=1      min=   235.300 us/xform  median=   235.419  sd=  0.03%      5.97 GF/s  setup=0.003 s
gen_twiddle              L=27  B=16    m=200   inner=1      min=   243.175 us/xform  median=   243.226  sd=  0.01%      5.77 GF/s  setup=0.003 s
gen_twiddle              L=27  B=16    m=200   inner=1      min=   237.037 us/xform  median=   237.203  sd=  0.02%      5.92 GF/s  setup=0.005 s
gen_twiddle              L=27  B=16    m=2     inner=1      min=   282.298 us/xform  median=   282.298  sd=  0.00%      4.97 GF/s  setup=0.004 s
mkl2026_dfti             L=27  B=16    m=200   inner=1      min=   148.260 us/xform  median=   148.384  sd=  0.06%      9.47 GF/s  setup=0.052 s
mkl2026_dfti             L=27  B=16    m=200   inner=1      min=   148.073 us/xform  median=   148.250  sd=  0.06%      9.48 GF/s  setup=0.047 s
mkl2026_dfti             L=27  B=16    m=200   inner=1      min=   148.070 us/xform  median=   148.178  sd=  0.05%      9.48 GF/s  setup=0.049 s
mkl2026_dfti             L=27  B=16    m=2     inner=1      min=   288.802 us/xform  median=   288.802  sd=  0.00%      4.86 GF/s  setup=0.054 s
mkl_dfti                 L=27  B=16    m=200   inner=1      min=   144.393 us/xform  median=   144.484  sd=  0.03%      9.72 GF/s  setup=0.029 s
mkl_dfti                 L=27  B=16    m=200   inner=1      min=   144.606 us/xform  median=   144.722  sd=  0.06%      9.71 GF/s  setup=0.047 s
mkl_dfti                 L=27  B=16    m=200   inner=1      min=   144.599 us/xform  median=   144.652  sd=  0.03%      9.71 GF/s  setup=0.054 s
mkl_dfti                 L=27  B=16    m=2     inner=1      min=   165.249 us/xform  median=   165.249  sd=  0.00%      8.50 GF/s  setup=0.046 s
baseline_matrix          L=31  B=16    m=140   inner=1      min=  4852.964 us/xform  median=  4853.038  sd=  0.00%      0.46 GF/s  setup=0.000 s
baseline_matrix          L=31  B=16    m=140   inner=1      min=  4852.568 us/xform  median=  4852.801  sd=  0.00%      0.46 GF/s  setup=0.000 s
baseline_matrix          L=31  B=16    m=140   inner=1      min=  4852.600 us/xform  median=  4852.768  sd=  0.00%      0.46 GF/s  setup=0.000 s
baseline_matrix          L=31  B=16    m=2     inner=1      min=  4878.475 us/xform  median=  4878.475  sd=  0.00%      0.45 GF/s  setup=0.000 s
ducc0_c2c                L=31  B=16    m=140   inner=1      min=   734.671 us/xform  median=   735.602  sd=  0.10%      3.01 GF/s  setup=0.000 s
ducc0_c2c                L=31  B=16    m=140   inner=1      min=   720.156 us/xform  median=   720.871  sd=  0.10%      3.07 GF/s  setup=0.000 s
ducc0_c2c                L=31  B=16    m=140   inner=1      min=   733.938 us/xform  median=   735.111  sd=  0.11%      3.02 GF/s  setup=0.000 s
ducc0_c2c                L=31  B=16    m=2     inner=1      min=   769.735 us/xform  median=   769.735  sd=  0.00%      2.88 GF/s  setup=0.000 s
fftw3_estimate           L=31  B=16    m=140   inner=1      min=   860.734 us/xform  median=   860.904  sd=  0.01%      2.57 GF/s  setup=0.002 s
fftw3_estimate           L=31  B=16    m=140   inner=1      min=   859.354 us/xform  median=   859.470  sd=  0.01%      2.58 GF/s  setup=0.002 s
fftw3_estimate           L=31  B=16    m=140   inner=1      min=   861.767 us/xform  median=   861.803  sd=  0.01%      2.57 GF/s  setup=0.002 s
fftw3_estimate           L=31  B=16    m=2     inner=1      min=   908.489 us/xform  median=   908.489  sd=  0.00%      2.44 GF/s  setup=0.002 s
fftw3_guru               L=31  B=16    m=140   inner=1      min=   833.776 us/xform  median=   833.930  sd=  0.01%      2.66 GF/s  setup=0.094 s
fftw3_guru               L=31  B=16    m=140   inner=1      min=   831.274 us/xform  median=   831.475  sd=  0.01%      2.66 GF/s  setup=0.093 s
fftw3_guru               L=31  B=16    m=140   inner=1      min=   830.449 us/xform  median=   830.685  sd=  0.01%      2.67 GF/s  setup=0.093 s
fftw3_guru               L=31  B=16    m=2     inner=1      min=   886.532 us/xform  median=   886.532  sd=  0.00%      2.50 GF/s  setup=0.088 s
fftw3_measure            L=31  B=16    m=140   inner=1      min=   859.444 us/xform  median=   859.525  sd=  0.01%      2.58 GF/s  setup=0.089 s
fftw3_measure            L=31  B=16    m=140   inner=1      min=   859.859 us/xform  median=   859.958  sd=  0.01%      2.57 GF/s  setup=0.085 s
fftw3_measure            L=31  B=16    m=140   inner=1      min=   860.169 us/xform  median=   860.227  sd=  0.01%      2.57 GF/s  setup=0.089 s
fftw3_measure            L=31  B=16    m=2     inner=1      min=   884.400 us/xform  median=   884.400  sd=  0.00%      2.50 GF/s  setup=0.085 s
fftw3_patient            L=31  B=16    m=140   inner=1      min=   860.061 us/xform  median=   860.168  sd=  0.01%      2.57 GF/s  setup=0.240 s
fftw3_patient            L=31  B=16    m=140   inner=1      min=   859.876 us/xform  median=   859.988  sd=  0.01%      2.57 GF/s  setup=0.225 s
fftw3_patient            L=31  B=16    m=140   inner=1      min=   861.524 us/xform  median=   861.631  sd=  0.00%      2.57 GF/s  setup=0.241 s
fftw3_patient            L=31  B=16    m=2     inner=1      min=   886.477 us/xform  median=   886.477  sd=  0.00%      2.50 GF/s  setup=0.225 s
gen_bluestein            L=31  B=16    m=140   inner=1      min=   301.066 us/xform  median=   301.142  sd=  0.03%      7.35 GF/s  setup=0.000 s
gen_bluestein            L=31  B=16    m=140   inner=1      min=   304.414 us/xform  median=   304.599  sd=  0.03%      7.27 GF/s  setup=0.000 s
gen_bluestein            L=31  B=16    m=140   inner=1      min=   299.371 us/xform  median=   299.553  sd=  0.03%      7.40 GF/s  setup=0.000 s
gen_bluestein            L=31  B=16    m=2     inner=1      min=   332.385 us/xform  median=   332.385  sd=  0.00%      6.66 GF/s  setup=0.000 s
gen_dense_prime          L=31  B=16    m=140   inner=1      min=   120.635 us/xform  median=   120.693  sd=  0.05%     18.35 GF/s  setup=0.001 s
gen_dense_prime          L=31  B=16    m=140   inner=1      min=   120.665 us/xform  median=   120.691  sd=  0.04%     18.35 GF/s  setup=0.001 s
gen_dense_prime          L=31  B=16    m=140   inner=1      min=   120.490 us/xform  median=   120.509  sd=  0.03%     18.37 GF/s  setup=0.001 s
gen_dense_prime          L=31  B=16    m=2     inner=1      min=   182.891 us/xform  median=   182.891  sd=  0.00%     12.10 GF/s  setup=0.001 s
gen_layout               L=31  B=16    m=140   inner=1      min=   226.777 us/xform  median=   226.992  sd=  0.04%      9.76 GF/s  setup=0.001 s
gen_layout               L=31  B=16    m=140   inner=1      min=   227.184 us/xform  median=   227.362  sd=  0.04%      9.74 GF/s  setup=0.000 s
gen_layout               L=31  B=16    m=140   inner=1      min=   223.461 us/xform  median=   223.688  sd=  0.05%      9.91 GF/s  setup=0.000 s
gen_layout               L=31  B=16    m=2     inner=1      min=   267.542 us/xform  median=   267.542  sd=  0.00%      8.27 GF/s  setup=0.001 s
gen_planner              L=31  B=16    m=140   inner=1      min=   202.978 us/xform  median=   203.050  sd=  0.02%     10.91 GF/s  setup=0.014 s
gen_planner              L=31  B=16    m=140   inner=1      min=   204.093 us/xform  median=   204.212  sd=  0.03%     10.85 GF/s  setup=0.008 s
gen_planner              L=31  B=16    m=140   inner=1      min=   204.782 us/xform  median=   204.848  sd=  0.03%     10.81 GF/s  setup=0.005 s
gen_planner              L=31  B=16    m=2     inner=1      min=   242.487 us/xform  median=   242.487  sd=  0.00%      9.13 GF/s  setup=0.003 s
gen_race                 L=31  B=16    m=140   inner=1      min=   196.042 us/xform  median=   196.153  sd=  0.03%     11.29 GF/s  setup=0.040 s
gen_race                 L=31  B=16    m=140   inner=1      min=   196.920 us/xform  median=   196.988  sd=  0.03%     11.24 GF/s  setup=0.010 s
gen_race                 L=31  B=16    m=140   inner=1      min=   195.606 us/xform  median=   195.661  sd=  0.03%     11.32 GF/s  setup=0.006 s
gen_race                 L=31  B=16    m=2     inner=1      min=   232.780 us/xform  median=   232.780  sd=  0.00%      9.51 GF/s  setup=0.002 s
gen_rader                L=31  B=16    m=140   inner=1      min=    84.603 us/xform  median=    84.817  sd=  0.14%     26.17 GF/s  setup=0.007 s
gen_rader                L=31  B=16    m=140   inner=1      min=    85.599 us/xform  median=    85.631  sd=  2.87%     25.86 GF/s  setup=0.010 s
gen_rader                L=31  B=16    m=140   inner=1      min=    84.663 us/xform  median=    84.894  sd=  0.15%     26.15 GF/s  setup=0.009 s
gen_rader                L=31  B=16    m=2     inner=1      min=   143.113 us/xform  median=   143.113  sd=  0.00%     15.47 GF/s  setup=0.007 s
gen_twiddle              L=31  B=16    m=140   inner=1      min=   463.249 us/xform  median=   463.409  sd=  0.03%      4.78 GF/s  setup=0.006 s
gen_twiddle              L=31  B=16    m=140   inner=1      min=   469.148 us/xform  median=   469.188  sd=  0.01%      4.72 GF/s  setup=0.005 s
gen_twiddle              L=31  B=16    m=140   inner=1      min=   467.797 us/xform  median=   467.901  sd=  0.02%      4.73 GF/s  setup=0.007 s
gen_twiddle              L=31  B=16    m=2     inner=1      min=   526.106 us/xform  median=   526.106  sd=  0.00%      4.21 GF/s  setup=0.005 s
mkl2026_dfti             L=31  B=16    m=140   inner=1      min=   883.326 us/xform  median=   883.469  sd=  0.01%      2.51 GF/s  setup=0.045 s
mkl2026_dfti             L=31  B=16    m=140   inner=1      min=   883.282 us/xform  median=   883.393  sd=  0.01%      2.51 GF/s  setup=0.051 s
mkl2026_dfti             L=31  B=16    m=140   inner=1      min=   883.044 us/xform  median=   883.100  sd=  0.00%      2.51 GF/s  setup=0.052 s
mkl2026_dfti             L=31  B=16    m=2     inner=1      min=  1039.226 us/xform  median=  1039.226  sd=  0.00%      2.13 GF/s  setup=0.048 s
mkl_dfti                 L=31  B=16    m=140   inner=1      min=   848.956 us/xform  median=   849.093  sd=  0.01%      2.61 GF/s  setup=0.034 s
mkl_dfti                 L=31  B=16    m=140   inner=1      min=   848.977 us/xform  median=   849.057  sd=  0.01%      2.61 GF/s  setup=0.050 s
mkl_dfti                 L=31  B=16    m=140   inner=1      min=   849.317 us/xform  median=   849.471  sd=  0.01%      2.61 GF/s  setup=0.049 s
mkl_dfti                 L=31  B=16    m=2     inner=1      min=   996.259 us/xform  median=   996.259  sd=  0.00%      2.22 GF/s  setup=0.048 s
baseline_matrix          L=32  B=8     m=250   inner=1      min=  5752.241 us/xform  median=  5752.323  sd=  0.00%      0.43 GF/s  setup=0.000 s
baseline_matrix          L=32  B=8     m=250   inner=1      min=  5752.233 us/xform  median=  5752.287  sd=  0.00%      0.43 GF/s  setup=0.000 s
baseline_matrix          L=32  B=8     m=250   inner=1      min=  5753.775 us/xform  median=  5753.823  sd=  0.00%      0.43 GF/s  setup=0.000 s
baseline_matrix          L=32  B=8     m=2     inner=1      min=  5781.393 us/xform  median=  5781.393  sd=  0.00%      0.43 GF/s  setup=0.000 s
ducc0_c2c                L=32  B=8     m=250   inner=1      min=   310.040 us/xform  median=   310.476  sd=  0.14%      7.93 GF/s  setup=0.000 s
ducc0_c2c                L=32  B=8     m=250   inner=1      min=   311.783 us/xform  median=   312.386  sd=  0.14%      7.88 GF/s  setup=0.000 s
ducc0_c2c                L=32  B=8     m=250   inner=1      min=   307.184 us/xform  median=   307.604  sd=  0.13%      8.00 GF/s  setup=0.000 s
ducc0_c2c                L=32  B=8     m=2     inner=1      min=   405.362 us/xform  median=   405.362  sd=  0.00%      6.06 GF/s  setup=0.000 s
fftw3_estimate           L=32  B=8     m=250   inner=1      min=   407.035 us/xform  median=   407.201  sd=  0.05%      6.04 GF/s  setup=0.001 s
fftw3_estimate           L=32  B=8     m=250   inner=1      min=   409.714 us/xform  median=   409.862  sd=  0.02%      6.00 GF/s  setup=0.001 s
fftw3_estimate           L=32  B=8     m=250   inner=1      min=   409.402 us/xform  median=   409.557  sd=  0.03%      6.00 GF/s  setup=0.001 s
fftw3_estimate           L=32  B=8     m=2     inner=1      min=   504.026 us/xform  median=   504.026  sd=  0.00%      4.88 GF/s  setup=0.001 s
fftw3_guru               L=32  B=8     m=250   inner=1      min=   280.523 us/xform  median=   280.609  sd=  0.03%      8.76 GF/s  setup=0.073 s
fftw3_guru               L=32  B=8     m=250   inner=1      min=   303.219 us/xform  median=   303.327  sd=  0.02%      8.11 GF/s  setup=0.073 s
fftw3_guru               L=32  B=8     m=250   inner=1      min=   320.873 us/xform  median=   321.206  sd=  0.08%      7.66 GF/s  setup=0.070 s
fftw3_guru               L=32  B=8     m=2     inner=1      min=   349.487 us/xform  median=   349.487  sd=  0.00%      7.03 GF/s  setup=0.073 s
fftw3_measure            L=32  B=8     m=250   inner=1      min=   213.132 us/xform  median=   213.175  sd=  0.02%     11.53 GF/s  setup=0.082 s
fftw3_measure            L=32  B=8     m=250   inner=1      min=   213.452 us/xform  median=   213.519  sd=  0.03%     11.51 GF/s  setup=0.082 s
fftw3_measure            L=32  B=8     m=250   inner=1      min=   213.183 us/xform  median=   213.239  sd=  0.02%     11.53 GF/s  setup=0.084 s
fftw3_measure            L=32  B=8     m=2     inner=1      min=   283.732 us/xform  median=   283.732  sd=  0.00%      8.66 GF/s  setup=0.086 s
fftw3_patient            L=32  B=8     m=250   inner=1      min=   212.301 us/xform  median=   212.408  sd=  0.04%     11.58 GF/s  setup=0.492 s
fftw3_patient            L=32  B=8     m=250   inner=1      min=   210.946 us/xform  median=   211.012  sd=  0.02%     11.65 GF/s  setup=0.490 s
fftw3_patient            L=32  B=8     m=250   inner=1      min=   208.829 us/xform  median=   208.908  sd=  0.02%     11.77 GF/s  setup=0.544 s
fftw3_patient            L=32  B=8     m=2     inner=1      min=   251.843 us/xform  median=   251.843  sd=  0.00%      9.76 GF/s  setup=0.503 s
gen_bluestein            L=32  B=8     m=250   inner=1      min=   318.287 us/xform  median=   318.350  sd=  0.01%      7.72 GF/s  setup=0.000 s
gen_bluestein            L=32  B=8     m=250   inner=1      min=   324.786 us/xform  median=   324.829  sd=  0.01%      7.57 GF/s  setup=0.000 s
gen_bluestein            L=32  B=8     m=250   inner=1      min=   325.927 us/xform  median=   325.959  sd=  0.00%      7.54 GF/s  setup=0.000 s
gen_bluestein            L=32  B=8     m=2     inner=1      min=   366.958 us/xform  median=   366.958  sd=  0.00%      6.70 GF/s  setup=0.000 s
gen_layout               L=32  B=8     m=250   inner=1      min=   227.712 us/xform  median=   227.743  sd=  0.03%     10.79 GF/s  setup=0.001 s
gen_layout               L=32  B=8     m=250   inner=1      min=   229.780 us/xform  median=   229.936  sd=  0.03%     10.70 GF/s  setup=0.000 s
gen_layout               L=32  B=8     m=250   inner=1      min=   230.482 us/xform  median=   230.642  sd=  0.04%     10.66 GF/s  setup=0.000 s
gen_layout               L=32  B=8     m=2     inner=1      min=   278.406 us/xform  median=   278.406  sd=  0.00%      8.83 GF/s  setup=0.001 s
gen_planner              L=32  B=8     m=250   inner=1      min=   133.342 us/xform  median=   133.373  sd=  0.02%     18.43 GF/s  setup=0.010 s
gen_planner              L=32  B=8     m=250   inner=1      min=   129.806 us/xform  median=   129.833  sd=  0.02%     18.93 GF/s  setup=0.007 s
gen_planner              L=32  B=8     m=250   inner=1      min=   131.015 us/xform  median=   131.032  sd=  0.02%     18.76 GF/s  setup=0.004 s
gen_planner              L=32  B=8     m=2     inner=1      min=   171.093 us/xform  median=   171.093  sd=  0.00%     14.36 GF/s  setup=0.005 s
gen_pow2                 L=32  B=8     m=250   inner=1      min=    56.297 us/xform  median=    56.317  sd=  3.82%     43.65 GF/s  setup=0.000 s
gen_pow2                 L=32  B=8     m=250   inner=1      min=    56.052 us/xform  median=    56.066  sd=  0.03%     43.85 GF/s  setup=0.000 s
gen_pow2                 L=32  B=8     m=250   inner=1      min=    55.746 us/xform  median=    55.766  sd=  0.05%     44.09 GF/s  setup=0.000 s
gen_pow2                 L=32  B=8     m=2     inner=1      min=   113.421 us/xform  median=   113.421  sd=  0.00%     21.67 GF/s  setup=0.000 s
gen_race                 L=32  B=8     m=250   inner=1      min=   131.527 us/xform  median=   131.553  sd=  0.02%     18.69 GF/s  setup=0.034 s
gen_race                 L=32  B=8     m=250   inner=1      min=   133.403 us/xform  median=   133.433  sd=  0.02%     18.42 GF/s  setup=0.006 s
gen_race                 L=32  B=8     m=250   inner=1      min=   131.614 us/xform  median=   131.656  sd=  0.03%     18.67 GF/s  setup=0.009 s
gen_race                 L=32  B=8     m=2     inner=1      min=   170.963 us/xform  median=   170.963  sd=  0.00%     14.38 GF/s  setup=0.005 s
gen_twiddle              L=32  B=8     m=250   inner=1      min=   367.631 us/xform  median=   367.820  sd=  0.03%      6.68 GF/s  setup=0.005 s
gen_twiddle              L=32  B=8     m=250   inner=1      min=   363.670 us/xform  median=   363.767  sd=  0.03%      6.76 GF/s  setup=0.004 s
gen_twiddle              L=32  B=8     m=250   inner=1      min=   360.710 us/xform  median=   360.842  sd=  0.02%      6.81 GF/s  setup=0.006 s
gen_twiddle              L=32  B=8     m=2     inner=1      min=   435.618 us/xform  median=   435.618  sd=  0.00%      5.64 GF/s  setup=0.006 s
mkl2026_dfti             L=32  B=8     m=250   inner=1      min=   186.891 us/xform  median=   187.464  sd=  0.12%     13.15 GF/s  setup=0.003 s
mkl2026_dfti             L=32  B=8     m=250   inner=1      min=   182.200 us/xform  median=   182.991  sd=  0.22%     13.49 GF/s  setup=0.002 s
mkl2026_dfti             L=32  B=8     m=250   inner=1      min=   182.103 us/xform  median=   182.377  sd=  0.11%     13.50 GF/s  setup=0.002 s
mkl2026_dfti             L=32  B=8     m=2     inner=1      min=   255.467 us/xform  median=   255.467  sd=  0.00%      9.62 GF/s  setup=0.002 s
mkl_dfti                 L=32  B=8     m=250   inner=1      min=   171.688 us/xform  median=   171.855  sd=  0.06%     14.31 GF/s  setup=0.002 s
mkl_dfti                 L=32  B=8     m=250   inner=1      min=   171.200 us/xform  median=   171.452  sd=  0.15%     14.36 GF/s  setup=0.002 s
mkl_dfti                 L=32  B=8     m=250   inner=1      min=   172.375 us/xform  median=   175.160  sd=  2.34%     14.26 GF/s  setup=0.002 s
mkl_dfti                 L=32  B=8     m=2     inner=1      min=   238.716 us/xform  median=   238.716  sd=  0.00%     10.30 GF/s  setup=0.002 s
baseline_matrix          L=40  B=8     m=128   inner=1      min= 13453.378 us/xform  median= 13453.612  sd=  0.00%      0.38 GF/s  setup=0.000 s
baseline_matrix          L=40  B=8     m=128   inner=1      min= 13437.375 us/xform  median= 13437.765  sd=  0.00%      0.38 GF/s  setup=0.000 s
baseline_matrix          L=40  B=8     m=128   inner=1      min= 13450.243 us/xform  median= 13450.706  sd=  0.00%      0.38 GF/s  setup=0.000 s
baseline_matrix          L=40  B=8     m=2     inner=1      min= 13560.779 us/xform  median= 13560.779  sd=  0.00%      0.38 GF/s  setup=0.000 s
ducc0_c2c                L=40  B=8     m=128   inner=1      min=   609.328 us/xform  median=   610.703  sd=  0.20%      8.38 GF/s  setup=0.000 s
ducc0_c2c                L=40  B=8     m=128   inner=1      min=   599.941 us/xform  median=   601.902  sd=  0.24%      8.52 GF/s  setup=0.000 s
ducc0_c2c                L=40  B=8     m=128   inner=1      min=   602.813 us/xform  median=   604.642  sd=  0.28%      8.48 GF/s  setup=0.000 s
ducc0_c2c                L=40  B=8     m=2     inner=1      min=   780.593 us/xform  median=   780.593  sd=  0.00%      6.55 GF/s  setup=0.000 s
fftw3_estimate           L=40  B=8     m=128   inner=1      min=  1613.997 us/xform  median=  1616.405  sd=  0.11%      3.17 GF/s  setup=0.002 s
fftw3_estimate           L=40  B=8     m=128   inner=1      min=  1607.957 us/xform  median=  1610.459  sd=  0.07%      3.18 GF/s  setup=0.002 s
fftw3_estimate           L=40  B=8     m=128   inner=1      min=  1617.661 us/xform  median=  1620.447  sd=  0.12%      3.16 GF/s  setup=0.002 s
fftw3_estimate           L=40  B=8     m=2     inner=1      min=  1695.682 us/xform  median=  1695.682  sd=  0.00%      3.01 GF/s  setup=0.002 s
fftw3_guru               L=40  B=8     m=128   inner=1      min=   682.210 us/xform  median=   683.965  sd=  0.18%      7.49 GF/s  setup=0.157 s
fftw3_guru               L=40  B=8     m=128   inner=1      min=   682.478 us/xform  median=   684.948  sd=  0.36%      7.49 GF/s  setup=0.152 s
fftw3_guru               L=40  B=8     m=128   inner=1      min=   675.882 us/xform  median=   677.601  sd=  0.17%      7.56 GF/s  setup=0.152 s
fftw3_guru               L=40  B=8     m=2     inner=1      min=   814.588 us/xform  median=   814.588  sd=  0.00%      6.27 GF/s  setup=0.155 s
fftw3_measure            L=40  B=8     m=128   inner=1      min=   552.593 us/xform  median=   552.832  sd=  0.03%      9.25 GF/s  setup=0.153 s
fftw3_measure            L=40  B=8     m=128   inner=1      min=   564.085 us/xform  median=   564.348  sd=  0.03%      9.06 GF/s  setup=0.147 s
fftw3_measure            L=40  B=8     m=128   inner=1      min=   556.280 us/xform  median=   556.916  sd=  0.05%      9.18 GF/s  setup=0.154 s
fftw3_measure            L=40  B=8     m=2     inner=1      min=   632.754 us/xform  median=   632.754  sd=  0.00%      8.07 GF/s  setup=0.149 s
fftw3_patient            L=40  B=8     m=128   inner=1      min=   533.975 us/xform  median=   534.432  sd=  0.07%      9.57 GF/s  setup=1.495 s
fftw3_patient            L=40  B=8     m=128   inner=1      min=   539.296 us/xform  median=   539.739  sd=  0.03%      9.47 GF/s  setup=1.491 s
fftw3_patient            L=40  B=8     m=128   inner=1      min=   524.953 us/xform  median=   525.337  sd=  0.05%      9.73 GF/s  setup=1.466 s
fftw3_patient            L=40  B=8     m=2     inner=1      min=   591.838 us/xform  median=   591.838  sd=  0.00%      8.63 GF/s  setup=1.293 s
gen_bluestein            L=40  B=8     m=128   inner=1      min=  1099.743 us/xform  median=  1099.895  sd=  0.01%      4.65 GF/s  setup=0.000 s
gen_bluestein            L=40  B=8     m=128   inner=1      min=  1077.764 us/xform  median=  1077.884  sd=  0.01%      4.74 GF/s  setup=0.000 s
gen_bluestein            L=40  B=8     m=128   inner=1      min=  1063.781 us/xform  median=  1063.963  sd=  0.01%      4.80 GF/s  setup=0.000 s
gen_bluestein            L=40  B=8     m=2     inner=1      min=  1309.886 us/xform  median=  1309.886  sd=  0.00%      3.90 GF/s  setup=0.000 s
gen_layout               L=40  B=8     m=128   inner=1      min=   507.702 us/xform  median=   507.743  sd=  0.02%     10.06 GF/s  setup=0.001 s
gen_layout               L=40  B=8     m=128   inner=1      min=   512.359 us/xform  median=   512.429  sd=  0.02%      9.97 GF/s  setup=0.001 s
gen_layout               L=40  B=8     m=128   inner=1      min=   508.191 us/xform  median=   508.324  sd=  0.02%     10.05 GF/s  setup=0.001 s
gen_layout               L=40  B=8     m=2     inner=1      min=   632.458 us/xform  median=   632.458  sd=  0.00%      8.08 GF/s  setup=0.001 s
gen_pfa_large            L=40  B=8     m=128   inner=1      min=   188.981 us/xform  median=   189.054  sd=  0.06%     27.03 GF/s  setup=0.952 s
gen_pfa_large            L=40  B=8     m=128   inner=1      min=   188.718 us/xform  median=   188.784  sd=  5.32%     27.07 GF/s  setup=0.004 s
gen_pfa_large            L=40  B=8     m=128   inner=1      min=   189.400 us/xform  median=   189.469  sd=  0.05%     26.97 GF/s  setup=0.003 s
gen_pfa_large            L=40  B=8     m=2     inner=1      min=   282.124 us/xform  median=   282.124  sd=  0.00%     18.11 GF/s  setup=0.003 s
gen_planner              L=40  B=8     m=128   inner=1      min=   282.620 us/xform  median=   282.657  sd=  0.04%     18.08 GF/s  setup=0.019 s
gen_planner              L=40  B=8     m=128   inner=1      min=   283.219 us/xform  median=   283.264  sd=  0.04%     18.04 GF/s  setup=0.008 s
gen_planner              L=40  B=8     m=128   inner=1      min=   284.052 us/xform  median=   284.137  sd=  0.04%     17.99 GF/s  setup=0.009 s
gen_planner              L=40  B=8     m=2     inner=1      min=   380.172 us/xform  median=   380.172  sd=  0.00%     13.44 GF/s  setup=0.006 s
gen_race                 L=40  B=8     m=128   inner=1      min=   284.364 us/xform  median=   284.423  sd=  0.04%     17.97 GF/s  setup=0.059 s
gen_race                 L=40  B=8     m=128   inner=1      min=   286.898 us/xform  median=   286.986  sd=  0.03%     17.81 GF/s  setup=0.011 s
gen_race                 L=40  B=8     m=128   inner=1      min=   286.761 us/xform  median=   286.832  sd=  0.04%     17.82 GF/s  setup=0.006 s
gen_race                 L=40  B=8     m=2     inner=1      min=   382.442 us/xform  median=   382.442  sd=  0.00%     13.36 GF/s  setup=0.004 s
gen_twiddle              L=40  B=8     m=128   inner=1      min=   656.918 us/xform  median=   657.099  sd=  0.03%      7.78 GF/s  setup=0.008 s
gen_twiddle              L=40  B=8     m=128   inner=1      min=   651.794 us/xform  median=   652.167  sd=  0.03%      7.84 GF/s  setup=0.008 s
gen_twiddle              L=40  B=8     m=128   inner=1      min=   647.058 us/xform  median=   647.292  sd=  0.03%      7.90 GF/s  setup=0.008 s
gen_twiddle              L=40  B=8     m=2     inner=1      min=   807.838 us/xform  median=   807.838  sd=  0.00%      6.32 GF/s  setup=0.007 s
mkl2026_dfti             L=40  B=8     m=128   inner=1      min=   409.291 us/xform  median=   409.639  sd=  0.25%     12.48 GF/s  setup=0.002 s
mkl2026_dfti             L=40  B=8     m=128   inner=1      min=   404.827 us/xform  median=   405.454  sd=  0.07%     12.62 GF/s  setup=0.002 s
mkl2026_dfti             L=40  B=8     m=128   inner=1      min=   406.082 us/xform  median=   406.532  sd=  0.05%     12.58 GF/s  setup=0.002 s
mkl2026_dfti             L=40  B=8     m=2     inner=1      min=   680.933 us/xform  median=   680.933  sd=  0.00%      7.50 GF/s  setup=0.002 s
mkl_dfti                 L=40  B=8     m=128   inner=1      min=   406.970 us/xform  median=   407.180  sd=  0.04%     12.55 GF/s  setup=0.003 s
mkl_dfti                 L=40  B=8     m=128   inner=1      min=   405.513 us/xform  median=   405.813  sd=  0.03%     12.60 GF/s  setup=0.002 s
mkl_dfti                 L=40  B=8     m=128   inner=1      min=   405.174 us/xform  median=   405.561  sd=  0.05%     12.61 GF/s  setup=0.002 s
mkl_dfti                 L=40  B=8     m=2     inner=1      min=   677.574 us/xform  median=   677.574  sd=  0.00%      7.54 GF/s  setup=0.001 s
baseline_matrix          L=50  B=4     m=128   inner=1      min= 34441.613 us/xform  median= 34444.901  sd=  0.01%      0.31 GF/s  setup=0.000 s
baseline_matrix          L=50  B=4     m=128   inner=1      min= 34460.284 us/xform  median= 34466.657  sd=  0.01%      0.31 GF/s  setup=0.000 s
baseline_matrix          L=50  B=4     m=128   inner=1      min= 34346.785 us/xform  median= 34351.539  sd=  0.01%      0.31 GF/s  setup=0.000 s
baseline_matrix          L=50  B=4     m=2     inner=1      min= 34237.727 us/xform  median= 34237.727  sd=  0.00%      0.31 GF/s  setup=0.000 s
ducc0_c2c                L=50  B=4     m=128   inner=1      min=  1274.941 us/xform  median=  1278.867  sd=  0.26%      8.30 GF/s  setup=0.000 s
ducc0_c2c                L=50  B=4     m=128   inner=1      min=  1270.471 us/xform  median=  1275.006  sd=  0.27%      8.33 GF/s  setup=0.000 s
ducc0_c2c                L=50  B=4     m=128   inner=1      min=  1284.362 us/xform  median=  1289.537  sd=  0.27%      8.24 GF/s  setup=0.000 s
ducc0_c2c                L=50  B=4     m=2     inner=1      min=  1658.746 us/xform  median=  1658.746  sd=  0.00%      6.38 GF/s  setup=0.000 s
fftw3_estimate           L=50  B=4     m=128   inner=1      min=  1547.853 us/xform  median=  1550.178  sd=  0.07%      6.84 GF/s  setup=0.003 s
fftw3_estimate           L=50  B=4     m=128   inner=1      min=  1618.268 us/xform  median=  1618.970  sd=  0.05%      6.54 GF/s  setup=0.002 s
fftw3_estimate           L=50  B=4     m=128   inner=1      min=  1612.779 us/xform  median=  1614.326  sd=  0.05%      6.56 GF/s  setup=0.002 s
fftw3_estimate           L=50  B=4     m=2     inner=1      min=  2032.673 us/xform  median=  2032.673  sd=  0.00%      5.21 GF/s  setup=0.003 s
fftw3_guru               L=50  B=4     m=128   inner=1      min=  1663.903 us/xform  median=  1665.126  sd=  0.03%      6.36 GF/s  setup=0.107 s
fftw3_guru               L=50  B=4     m=128   inner=1      min=  1667.889 us/xform  median=  1669.716  sd=  0.05%      6.34 GF/s  setup=0.116 s
fftw3_guru               L=50  B=4     m=128   inner=1      min=  1719.933 us/xform  median=  1720.808  sd=  0.06%      6.15 GF/s  setup=0.117 s
fftw3_guru               L=50  B=4     m=2     inner=1      min=  1914.544 us/xform  median=  1914.544  sd=  0.00%      5.53 GF/s  setup=0.110 s
fftw3_measure            L=50  B=4     m=128   inner=1      min=  1190.458 us/xform  median=  1190.865  sd=  0.02%      8.89 GF/s  setup=0.092 s
fftw3_measure            L=50  B=4     m=128   inner=1      min=  1194.065 us/xform  median=  1194.668  sd=  0.04%      8.86 GF/s  setup=0.088 s
fftw3_measure            L=50  B=4     m=128   inner=1      min=  1186.667 us/xform  median=  1187.395  sd=  0.05%      8.92 GF/s  setup=0.091 s
fftw3_measure            L=50  B=4     m=2     inner=1      min=  1386.665 us/xform  median=  1386.665  sd=  0.00%      7.63 GF/s  setup=0.089 s
fftw3_patient            L=50  B=4     m=128   inner=1      min=  1155.776 us/xform  median=  1156.432  sd=  0.04%      9.16 GF/s  setup=1.328 s
fftw3_patient            L=50  B=4     m=128   inner=1      min=  1161.739 us/xform  median=  1162.617  sd=  0.03%      9.11 GF/s  setup=1.101 s
fftw3_patient            L=50  B=4     m=128   inner=1      min=  1176.546 us/xform  median=  1177.329  sd=  0.04%      8.99 GF/s  setup=1.317 s
fftw3_patient            L=50  B=4     m=2     inner=1      min=  1277.193 us/xform  median=  1277.193  sd=  0.00%      8.29 GF/s  setup=1.102 s
gen_bluestein            L=50  B=4     m=128   inner=1      min=  1807.597 us/xform  median=  1808.049  sd=  0.01%      5.85 GF/s  setup=0.000 s
gen_bluestein            L=50  B=4     m=128   inner=1      min=  1787.229 us/xform  median=  1787.993  sd=  0.02%      5.92 GF/s  setup=0.000 s
gen_bluestein            L=50  B=4     m=128   inner=1      min=  1793.613 us/xform  median=  1794.193  sd=  0.01%      5.90 GF/s  setup=0.000 s
gen_bluestein            L=50  B=4     m=2     inner=1      min=  2207.571 us/xform  median=  2207.571  sd=  0.00%      4.79 GF/s  setup=0.000 s
gen_layout               L=50  B=4     m=128   inner=1      min=  1214.286 us/xform  median=  1214.487  sd=  0.02%      8.71 GF/s  setup=0.001 s
gen_layout               L=50  B=4     m=128   inner=1      min=  1204.407 us/xform  median=  1204.795  sd=  0.02%      8.79 GF/s  setup=0.001 s
gen_layout               L=50  B=4     m=128   inner=1      min=  1207.643 us/xform  median=  1207.811  sd=  0.03%      8.76 GF/s  setup=0.001 s
gen_layout               L=50  B=4     m=2     inner=1      min=  1340.476 us/xform  median=  1340.476  sd=  0.00%      7.89 GF/s  setup=0.001 s
gen_pfa_large            L=50  B=4     m=128   inner=1      min=   466.040 us/xform  median=   466.114  sd=  0.04%     22.71 GF/s  setup=1.586 s
gen_pfa_large            L=50  B=4     m=128   inner=1      min=   467.955 us/xform  median=   468.075  sd=  0.94%     22.61 GF/s  setup=0.004 s
gen_pfa_large            L=50  B=4     m=128   inner=1      min=   469.105 us/xform  median=   469.189  sd=  0.05%     22.56 GF/s  setup=0.003 s
gen_pfa_large            L=50  B=4     m=2     inner=1      min=   611.104 us/xform  median=   611.104  sd=  0.00%     17.32 GF/s  setup=0.001 s
gen_planner              L=50  B=4     m=128   inner=1      min=   641.917 us/xform  median=   641.975  sd=  0.03%     16.49 GF/s  setup=0.043 s
gen_planner              L=50  B=4     m=128   inner=1      min=   641.142 us/xform  median=   641.200  sd=  0.03%     16.51 GF/s  setup=0.012 s
gen_planner              L=50  B=4     m=128   inner=1      min=   647.996 us/xform  median=   648.096  sd=  0.03%     16.33 GF/s  setup=0.014 s
gen_planner              L=50  B=4     m=2     inner=1      min=   826.687 us/xform  median=   826.687  sd=  0.00%     12.80 GF/s  setup=0.009 s
gen_powp                 L=50  B=4     m=128   inner=1      min=   477.533 us/xform  median=   477.618  sd=  0.06%     22.16 GF/s  setup=1.012 s
gen_powp                 L=50  B=4     m=128   inner=1      min=   472.873 us/xform  median=   472.924  sd=  0.04%     22.38 GF/s  setup=0.005 s
gen_powp                 L=50  B=4     m=128   inner=1      min=   473.356 us/xform  median=   473.422  sd=  0.04%     22.36 GF/s  setup=0.003 s
gen_powp                 L=50  B=4     m=2     inner=1      min=   619.783 us/xform  median=   619.783  sd=  0.00%     17.07 GF/s  setup=0.003 s
gen_race                 L=50  B=4     m=128   inner=1      min=   641.719 us/xform  median=   641.808  sd=  0.04%     16.49 GF/s  setup=0.083 s
gen_race                 L=50  B=4     m=128   inner=1      min=   649.742 us/xform  median=   649.785  sd=  0.03%     16.29 GF/s  setup=0.009 s
gen_race                 L=50  B=4     m=128   inner=1      min=   640.209 us/xform  median=   640.356  sd=  0.03%     16.53 GF/s  setup=0.006 s
gen_race                 L=50  B=4     m=2     inner=1      min=   891.592 us/xform  median=   891.592  sd=  0.00%     11.87 GF/s  setup=0.005 s
gen_twiddle              L=50  B=4     m=128   inner=1      min=  1372.850 us/xform  median=  1373.173  sd=  0.02%      7.71 GF/s  setup=0.013 s
gen_twiddle              L=50  B=4     m=128   inner=1      min=  1369.046 us/xform  median=  1369.181  sd=  0.01%      7.73 GF/s  setup=0.012 s
gen_twiddle              L=50  B=4     m=128   inner=1      min=  1367.703 us/xform  median=  1367.865  sd=  0.02%      7.74 GF/s  setup=0.012 s
gen_twiddle              L=50  B=4     m=2     inner=1      min=  1749.491 us/xform  median=  1749.491  sd=  0.00%      6.05 GF/s  setup=0.014 s
mkl2026_dfti             L=50  B=4     m=128   inner=1      min=   964.463 us/xform  median=   964.728  sd=  0.04%     10.97 GF/s  setup=0.050 s
mkl2026_dfti             L=50  B=4     m=128   inner=1      min=   963.655 us/xform  median=   964.048  sd=  0.04%     10.98 GF/s  setup=0.053 s
mkl2026_dfti             L=50  B=4     m=128   inner=1      min=   965.227 us/xform  median=   967.847  sd=  0.16%     10.96 GF/s  setup=0.049 s
mkl2026_dfti             L=50  B=4     m=2     inner=1      min=  1523.098 us/xform  median=  1523.098  sd=  0.00%      6.95 GF/s  setup=0.052 s
mkl_dfti                 L=50  B=4     m=128   inner=1      min=   950.111 us/xform  median=   954.196  sd=  0.36%     11.14 GF/s  setup=0.036 s
mkl_dfti                 L=50  B=4     m=128   inner=1      min=   947.050 us/xform  median=   949.083  sd=  0.12%     11.17 GF/s  setup=0.048 s
mkl_dfti                 L=50  B=4     m=128   inner=1      min=   945.688 us/xform  median=   946.151  sd=  0.05%     11.19 GF/s  setup=0.053 s
mkl_dfti                 L=50  B=4     m=2     inner=1      min=  1472.818 us/xform  median=  1472.818  sd=  0.00%      7.19 GF/s  setup=0.047 s
baseline_matrix          L=100 B=1     m=2     inner=1      min=607700.250 us/xform  median=607700.250  sd=  0.00%      0.16 GF/s  setup=0.000 s
ducc0_c2c                L=100 B=1     m=64    inner=1      min= 11973.651 us/xform  median= 12011.305  sd=  0.48%      8.32 GF/s  setup=0.000 s
ducc0_c2c                L=100 B=1     m=64    inner=1      min= 11911.487 us/xform  median= 11958.551  sd=  0.44%      8.37 GF/s  setup=0.000 s
ducc0_c2c                L=100 B=1     m=64    inner=1      min= 11883.841 us/xform  median= 11933.933  sd=  0.44%      8.39 GF/s  setup=0.000 s
ducc0_c2c                L=100 B=1     m=2     inner=1      min= 12560.222 us/xform  median= 12560.222  sd=  0.00%      7.93 GF/s  setup=0.000 s
fftw3_estimate           L=100 B=1     m=64    inner=1      min= 20734.270 us/xform  median= 20742.596  sd=  0.03%      4.81 GF/s  setup=0.002 s
fftw3_estimate           L=100 B=1     m=64    inner=1      min= 20593.164 us/xform  median= 20600.518  sd=  0.02%      4.84 GF/s  setup=0.002 s
fftw3_estimate           L=100 B=1     m=64    inner=1      min= 20700.810 us/xform  median= 20708.872  sd=  0.02%      4.81 GF/s  setup=0.002 s
fftw3_estimate           L=100 B=1     m=2     inner=1      min= 21494.059 us/xform  median= 21494.059  sd=  0.00%      4.64 GF/s  setup=0.002 s
fftw3_guru               L=100 B=1     m=64    inner=1      min= 14348.319 us/xform  median= 14357.327  sd=  0.08%      6.95 GF/s  setup=0.333 s
fftw3_guru               L=100 B=1     m=64    inner=1      min= 15844.385 us/xform  median= 15851.131  sd=  0.03%      6.29 GF/s  setup=0.387 s
fftw3_guru               L=100 B=1     m=64    inner=1      min= 14314.409 us/xform  median= 14329.757  sd=  0.07%      6.96 GF/s  setup=0.381 s
fftw3_guru               L=100 B=1     m=2     inner=1      min= 16683.600 us/xform  median= 16683.600  sd=  0.00%      5.97 GF/s  setup=0.345 s
fftw3_measure            L=100 B=1     m=64    inner=1      min= 11869.217 us/xform  median= 11873.314  sd=  0.04%      8.40 GF/s  setup=0.308 s
fftw3_measure            L=100 B=1     m=64    inner=1      min= 12120.063 us/xform  median= 12129.150  sd=  0.05%      8.22 GF/s  setup=0.313 s
fftw3_measure            L=100 B=1     m=64    inner=1      min= 11303.697 us/xform  median= 11308.899  sd=  0.02%      8.82 GF/s  setup=0.277 s
fftw3_measure            L=100 B=1     m=2     inner=1      min= 12067.300 us/xform  median= 12067.300  sd=  0.00%      8.26 GF/s  setup=0.277 s
fftw3_patient            L=100 B=1     m=64    inner=1      min=  9937.993 us/xform  median=  9947.179  sd=  0.06%     10.03 GF/s  setup=17.369 s
fftw3_patient            L=100 B=1     m=64    inner=1      min=  9941.666 us/xform  median=  9955.472  sd=  0.06%     10.02 GF/s  setup=17.140 s
fftw3_patient            L=100 B=1     m=64    inner=1      min=  9908.409 us/xform  median=  9920.562  sd=  0.05%     10.06 GF/s  setup=17.290 s
fftw3_patient            L=100 B=1     m=2     inner=1      min= 10560.811 us/xform  median= 10560.811  sd=  0.00%      9.44 GF/s  setup=17.137 s
gen_bluestein            L=100 B=1     m=64    inner=1      min= 15621.496 us/xform  median= 15625.848  sd=  0.02%      6.38 GF/s  setup=0.000 s
gen_bluestein            L=100 B=1     m=64    inner=1      min= 15712.314 us/xform  median= 15717.274  sd=  0.02%      6.34 GF/s  setup=0.000 s
gen_bluestein            L=100 B=1     m=64    inner=1      min= 15621.150 us/xform  median= 15625.841  sd=  0.03%      6.38 GF/s  setup=0.000 s
gen_bluestein            L=100 B=1     m=2     inner=1      min= 17360.486 us/xform  median= 17360.486  sd=  0.00%      5.74 GF/s  setup=0.000 s
gen_layout               L=100 B=1     m=64    inner=1      min= 15083.150 us/xform  median= 15086.963  sd=  0.03%      6.61 GF/s  setup=0.007 s
gen_layout               L=100 B=1     m=64    inner=1      min= 15390.166 us/xform  median= 15392.803  sd=  0.03%      6.48 GF/s  setup=0.007 s
gen_layout               L=100 B=1     m=64    inner=1      min= 15299.031 us/xform  median= 15304.211  sd=  0.03%      6.51 GF/s  setup=0.008 s
gen_layout               L=100 B=1     m=2     inner=1      min= 15233.662 us/xform  median= 15233.662  sd=  0.00%      6.54 GF/s  setup=0.007 s
gen_pfa_large            L=100 B=1     m=64    inner=1      min=  4827.566 us/xform  median=  4836.196  sd=  0.17%     20.64 GF/s  setup=3.505 s
gen_pfa_large            L=100 B=1     m=64    inner=1      min=  4865.622 us/xform  median=  4871.771  sd=  0.09%     20.48 GF/s  setup=0.006 s
gen_pfa_large            L=100 B=1     m=64    inner=1      min=  4859.172 us/xform  median=  4863.607  sd=  0.09%     20.51 GF/s  setup=0.003 s
gen_pfa_large            L=100 B=1     m=2     inner=1      min=  5746.351 us/xform  median=  5746.351  sd=  0.00%     17.34 GF/s  setup=0.002 s
gen_planner              L=100 B=1     m=64    inner=1      min=  5474.155 us/xform  median=  5479.793  sd=  0.09%     18.21 GF/s  setup=0.264 s
gen_planner              L=100 B=1     m=64    inner=1      min=  5524.614 us/xform  median=  5531.947  sd=  0.09%     18.04 GF/s  setup=0.086 s
gen_planner              L=100 B=1     m=64    inner=1      min=  5466.892 us/xform  median=  5472.636  sd=  0.10%     18.23 GF/s  setup=0.083 s
gen_planner              L=100 B=1     m=2     inner=1      min=  6614.683 us/xform  median=  6614.683  sd=  0.00%     15.07 GF/s  setup=0.072 s
gen_powp                 L=100 B=1     m=64    inner=1      min=  5508.888 us/xform  median=  5588.360  sd=  0.42%     18.09 GF/s  setup=2.625 s
gen_powp                 L=100 B=1     m=64    inner=1      min=  4860.390 us/xform  median=  4868.933  sd=  0.14%     20.50 GF/s  setup=0.004 s
gen_powp                 L=100 B=1     m=64    inner=1      min=  4828.216 us/xform  median=  4832.463  sd=  0.07%     20.64 GF/s  setup=0.004 s
gen_powp                 L=100 B=1     m=2     inner=1      min=  6465.632 us/xform  median=  6465.632  sd=  0.00%     15.41 GF/s  setup=0.002 s
gen_race                 L=100 B=1     m=64    inner=1      min=  5844.420 us/xform  median=  5850.754  sd=  0.08%     17.05 GF/s  setup=0.876 s
gen_race                 L=100 B=1     m=64    inner=1      min=  5666.160 us/xform  median=  5671.284  sd=  0.07%     17.59 GF/s  setup=0.005 s
gen_race                 L=100 B=1     m=64    inner=1      min=  5640.202 us/xform  median=  5643.733  sd=  0.07%     17.67 GF/s  setup=0.008 s
gen_race                 L=100 B=1     m=2     inner=1      min=  6995.803 us/xform  median=  6995.803  sd=  0.00%     14.25 GF/s  setup=0.004 s
gen_twiddle              L=100 B=1     m=64    inner=1      min= 11375.761 us/xform  median= 11385.194  sd=  0.05%      8.76 GF/s  setup=0.100 s
gen_twiddle              L=100 B=1     m=64    inner=1      min= 11395.215 us/xform  median= 11407.384  sd=  0.07%      8.75 GF/s  setup=0.104 s
gen_twiddle              L=100 B=1     m=64    inner=1      min= 11403.754 us/xform  median= 11409.700  sd=  0.05%      8.74 GF/s  setup=0.104 s
gen_twiddle              L=100 B=1     m=2     inner=1      min= 13004.394 us/xform  median= 13004.394  sd=  0.00%      7.66 GF/s  setup=0.092 s
mkl2026_dfti             L=100 B=1     m=64    inner=1      min=  7842.480 us/xform  median=  7850.215  sd=  0.05%     12.71 GF/s  setup=0.049 s
mkl2026_dfti             L=100 B=1     m=64    inner=1      min=  7843.127 us/xform  median=  7851.740  sd=  0.06%     12.71 GF/s  setup=0.055 s
mkl2026_dfti             L=100 B=1     m=64    inner=1      min=  7822.415 us/xform  median=  7834.132  sd=  0.08%     12.74 GF/s  setup=0.050 s
mkl2026_dfti             L=100 B=1     m=2     inner=1      min=  9625.016 us/xform  median=  9625.016  sd=  0.00%     10.35 GF/s  setup=0.051 s
mkl_dfti                 L=100 B=1     m=64    inner=1      min=  7813.913 us/xform  median=  7821.989  sd=  0.07%     12.75 GF/s  setup=0.031 s
mkl_dfti                 L=100 B=1     m=64    inner=1      min=  7837.087 us/xform  median=  7846.912  sd=  0.05%     12.72 GF/s  setup=0.052 s
mkl_dfti                 L=100 B=1     m=64    inner=1      min=  7818.693 us/xform  median=  7830.938  sd=  0.07%     12.75 GF/s  setup=0.048 s
mkl_dfti                 L=100 B=1     m=2     inner=1      min=  9285.487 us/xform  median=  9285.487  sd=  0.00%     10.73 GF/s  setup=0.051 s
