baseline_matrix          L=10  B=64    m=1000  inner=1      min=    54.687 us/xform  median=    54.687  sd=  0.00%      0.91 GF/s  setup=0.000 s
baseline_matrix          L=10  B=64    m=1000  inner=1      min=    54.687 us/xform  median=    54.688  sd=  0.00%      0.91 GF/s  setup=0.000 s
baseline_matrix          L=10  B=64    m=1000  inner=1      min=    54.717 us/xform  median=    54.719  sd=  0.00%      0.91 GF/s  setup=0.000 s
baseline_matrix          L=10  B=64    m=2     inner=1      min=    68.560 us/xform  median=    68.560  sd=  0.00%      0.73 GF/s  setup=0.000 s
ducc0_c2c                L=10  B=64    m=1000  inner=1      min=     9.701 us/xform  median=     9.708  sd=  0.03%      5.14 GF/s  setup=0.000 s
ducc0_c2c                L=10  B=64    m=1000  inner=1      min=     9.836 us/xform  median=     9.841  sd=  0.04%      5.07 GF/s  setup=0.000 s
ducc0_c2c                L=10  B=64    m=1000  inner=1      min=     9.717 us/xform  median=     9.721  sd=  0.03%      5.13 GF/s  setup=0.000 s
ducc0_c2c                L=10  B=64    m=2     inner=1      min=    12.233 us/xform  median=    12.233  sd=  0.00%      4.07 GF/s  setup=0.000 s
fftw3_estimate           L=10  B=64    m=1000  inner=1      min=     7.309 us/xform  median=     7.309  sd=  0.01%      6.82 GF/s  setup=0.001 s
fftw3_estimate           L=10  B=64    m=1000  inner=1      min=     7.310 us/xform  median=     7.311  sd=  0.01%      6.82 GF/s  setup=0.001 s
fftw3_estimate           L=10  B=64    m=1000  inner=1      min=     7.362 us/xform  median=     7.363  sd=  0.01%      6.77 GF/s  setup=0.001 s
fftw3_estimate           L=10  B=64    m=2     inner=1      min=     8.956 us/xform  median=     8.956  sd=  0.00%      5.56 GF/s  setup=0.001 s
fftw3_measure            L=10  B=64    m=1000  inner=1      min=     5.188 us/xform  median=     5.188  sd=  0.01%      9.60 GF/s  setup=0.013 s
fftw3_measure            L=10  B=64    m=1000  inner=1      min=     5.200 us/xform  median=     5.201  sd=  0.01%      9.58 GF/s  setup=0.012 s
fftw3_measure            L=10  B=64    m=1000  inner=1      min=     5.206 us/xform  median=     5.207  sd=  0.01%      9.57 GF/s  setup=0.012 s
fftw3_measure            L=10  B=64    m=2     inner=2      min=     6.540 us/xform  median=     6.540  sd=  0.00%      7.62 GF/s  setup=0.013 s
fftw3_patient            L=10  B=64    m=1000  inner=1      min=     5.397 us/xform  median=     5.398  sd=  0.01%      9.23 GF/s  setup=0.022 s
fftw3_patient            L=10  B=64    m=1000  inner=1      min=     5.242 us/xform  median=     5.242  sd=  0.01%      9.51 GF/s  setup=0.022 s
fftw3_patient            L=10  B=64    m=1000  inner=1      min=     5.172 us/xform  median=     5.172  sd=  0.01%      9.64 GF/s  setup=0.022 s
fftw3_patient            L=10  B=64    m=2     inner=2      min=     5.724 us/xform  median=     5.724  sd=  0.00%      8.71 GF/s  setup=0.022 s
gen_batchlane            L=10  B=64    m=1000  inner=1      min=     1.157 us/xform  median=     1.157  sd=  0.23%     43.07 GF/s  setup=0.000 s
gen_batchlane            L=10  B=64    m=1000  inner=1      min=     1.157 us/xform  median=     1.158  sd=  0.04%     43.07 GF/s  setup=0.000 s
gen_batchlane            L=10  B=64    m=1000  inner=1      min=     1.157 us/xform  median=     1.158  sd=  0.16%     43.08 GF/s  setup=0.000 s
gen_batchlane            L=10  B=64    m=2     inner=6      min=     2.250 us/xform  median=     2.250  sd=  0.00%     22.15 GF/s  setup=0.000 s
gen_bluestein            L=10  B=64    m=1000  inner=1      min=    13.314 us/xform  median=    13.317  sd=  0.01%      3.74 GF/s  setup=0.000 s
gen_bluestein            L=10  B=64    m=1000  inner=1      min=    13.359 us/xform  median=    13.367  sd=  0.03%      3.73 GF/s  setup=0.000 s
gen_bluestein            L=10  B=64    m=1000  inner=1      min=    13.353 us/xform  median=    13.361  sd=  0.03%      3.73 GF/s  setup=0.000 s
gen_bluestein            L=10  B=64    m=2     inner=1      min=    15.286 us/xform  median=    15.286  sd=  0.00%      3.26 GF/s  setup=0.000 s
gen_dense_prime          L=10  B=64    m=1000  inner=1      min=     5.812 us/xform  median=     5.814  sd=  0.02%      8.57 GF/s  setup=0.000 s
gen_dense_prime          L=10  B=64    m=1000  inner=1      min=     5.910 us/xform  median=     5.912  sd=  0.02%      8.43 GF/s  setup=0.000 s
gen_dense_prime          L=10  B=64    m=1000  inner=1      min=     5.414 us/xform  median=     5.415  sd=  0.00%      9.20 GF/s  setup=0.000 s
gen_dense_prime          L=10  B=64    m=2     inner=2      min=     6.664 us/xform  median=     6.664  sd=  0.00%      7.48 GF/s  setup=0.000 s
gen_layout               L=10  B=64    m=1000  inner=1      min=     4.919 us/xform  median=     4.920  sd=  0.01%     10.13 GF/s  setup=0.000 s
gen_layout               L=10  B=64    m=1000  inner=1      min=     4.904 us/xform  median=     4.904  sd=  0.01%     10.16 GF/s  setup=0.000 s
gen_layout               L=10  B=64    m=1000  inner=1      min=     5.205 us/xform  median=     5.206  sd=  0.01%      9.57 GF/s  setup=0.000 s
gen_layout               L=10  B=64    m=2     inner=2      min=     6.117 us/xform  median=     6.117  sd=  0.00%      8.15 GF/s  setup=0.000 s
gen_pfa_small            L=10  B=64    m=1000  inner=1      min=     1.156 us/xform  median=     1.218  sd=  6.53%     43.09 GF/s  setup=0.000 s
gen_pfa_small            L=10  B=64    m=1000  inner=1      min=     1.157 us/xform  median=     1.158  sd=  0.04%     43.07 GF/s  setup=0.000 s
gen_pfa_small            L=10  B=64    m=1000  inner=1      min=     1.156 us/xform  median=     1.157  sd=  0.03%     43.09 GF/s  setup=0.000 s
gen_pfa_small            L=10  B=64    m=2     inner=6      min=     2.283 us/xform  median=     2.283  sd=  0.00%     21.83 GF/s  setup=0.000 s
gen_planner              L=10  B=64    m=1000  inner=1      min=     4.768 us/xform  median=     4.771  sd=  0.04%     10.45 GF/s  setup=0.004 s
gen_planner              L=10  B=64    m=1000  inner=1      min=     4.741 us/xform  median=     4.745  sd=  0.05%     10.51 GF/s  setup=0.002 s
gen_planner              L=10  B=64    m=1000  inner=1      min=     4.808 us/xform  median=     4.811  sd=  0.03%     10.36 GF/s  setup=0.003 s
gen_planner              L=10  B=64    m=2     inner=2      min=     5.646 us/xform  median=     5.646  sd=  0.00%      8.83 GF/s  setup=0.001 s
gen_race                 L=10  B=64    m=1000  inner=1      min=     4.735 us/xform  median=     4.739  sd=  0.03%     10.52 GF/s  setup=0.016 s
gen_race                 L=10  B=64    m=1000  inner=1      min=     4.718 us/xform  median=     4.721  sd=  0.04%     10.56 GF/s  setup=0.003 s
gen_race                 L=10  B=64    m=1000  inner=1      min=     4.735 us/xform  median=     4.743  sd=  0.06%     10.52 GF/s  setup=0.002 s
gen_race                 L=10  B=64    m=2     inner=2      min=     5.639 us/xform  median=     5.639  sd=  0.00%      8.84 GF/s  setup=0.002 s
gen_twiddle              L=10  B=64    m=1000  inner=1      min=    10.904 us/xform  median=    10.907  sd=  0.02%      4.57 GF/s  setup=0.002 s
gen_twiddle              L=10  B=64    m=1000  inner=1      min=    10.749 us/xform  median=    10.754  sd=  0.02%      4.64 GF/s  setup=0.003 s
gen_twiddle              L=10  B=64    m=1000  inner=1      min=    10.709 us/xform  median=    10.712  sd=  0.02%      4.65 GF/s  setup=0.002 s
gen_twiddle              L=10  B=64    m=2     inner=1      min=    12.934 us/xform  median=    12.934  sd=  0.00%      3.85 GF/s  setup=0.002 s
mkl2026_dfti             L=10  B=64    m=1000  inner=1      min=     4.634 us/xform  median=     4.636  sd=  0.01%     10.75 GF/s  setup=0.002 s
mkl2026_dfti             L=10  B=64    m=1000  inner=1      min=     4.639 us/xform  median=     4.640  sd=  0.02%     10.74 GF/s  setup=0.001 s
mkl2026_dfti             L=10  B=64    m=1000  inner=1      min=     4.665 us/xform  median=     4.666  sd=  0.01%     10.68 GF/s  setup=0.001 s
mkl2026_dfti             L=10  B=64    m=2     inner=2      min=     5.397 us/xform  median=     5.397  sd=  0.00%      9.23 GF/s  setup=0.001 s
mkl_dfti                 L=10  B=64    m=1000  inner=1      min=     4.562 us/xform  median=     4.563  sd=  0.02%     10.92 GF/s  setup=0.002 s
mkl_dfti                 L=10  B=64    m=1000  inner=1      min=     4.553 us/xform  median=     4.553  sd=  0.02%     10.95 GF/s  setup=0.001 s
mkl_dfti                 L=10  B=64    m=1000  inner=1      min=     4.553 us/xform  median=     4.554  sd=  0.02%     10.94 GF/s  setup=0.002 s
mkl_dfti                 L=10  B=64    m=2     inner=2      min=     5.728 us/xform  median=     5.728  sd=  0.00%      8.70 GF/s  setup=0.002 s
baseline_matrix          L=12  B=64    m=600   inner=1      min=   112.110 us/xform  median=   112.111  sd=  0.00%      0.83 GF/s  setup=0.000 s
baseline_matrix          L=12  B=64    m=600   inner=1      min=   112.119 us/xform  median=   112.121  sd=  0.00%      0.83 GF/s  setup=0.000 s
baseline_matrix          L=12  B=64    m=600   inner=1      min=   112.117 us/xform  median=   112.118  sd=  0.00%      0.83 GF/s  setup=0.000 s
baseline_matrix          L=12  B=64    m=2     inner=1      min=   138.377 us/xform  median=   138.377  sd=  0.00%      0.67 GF/s  setup=0.000 s
ducc0_c2c                L=12  B=64    m=600   inner=1      min=    16.092 us/xform  median=    16.103  sd=  0.06%      5.77 GF/s  setup=0.000 s
ducc0_c2c                L=12  B=64    m=600   inner=1      min=    15.967 us/xform  median=    15.981  sd=  0.05%      5.82 GF/s  setup=0.000 s
ducc0_c2c                L=12  B=64    m=600   inner=1      min=    15.981 us/xform  median=    15.989  sd=  0.06%      5.81 GF/s  setup=0.000 s
ducc0_c2c                L=12  B=64    m=2     inner=1      min=    21.287 us/xform  median=    21.287  sd=  0.00%      4.37 GF/s  setup=0.000 s
fftw3_estimate           L=12  B=64    m=600   inner=1      min=    19.289 us/xform  median=    19.290  sd=  0.00%      4.82 GF/s  setup=0.001 s
fftw3_estimate           L=12  B=64    m=600   inner=1      min=    19.328 us/xform  median=    19.329  sd=  0.00%      4.81 GF/s  setup=0.001 s
fftw3_estimate           L=12  B=64    m=600   inner=1      min=    19.332 us/xform  median=    19.333  sd=  0.00%      4.81 GF/s  setup=0.001 s
fftw3_estimate           L=12  B=64    m=2     inner=1      min=    21.075 us/xform  median=    21.075  sd=  0.00%      4.41 GF/s  setup=0.001 s
fftw3_measure            L=12  B=64    m=600   inner=1      min=     8.697 us/xform  median=     8.700  sd=  0.03%     10.68 GF/s  setup=0.014 s
fftw3_measure            L=12  B=64    m=600   inner=1      min=     8.843 us/xform  median=     8.845  sd=  0.01%     10.51 GF/s  setup=0.014 s
fftw3_measure            L=12  B=64    m=600   inner=1      min=     8.870 us/xform  median=     8.870  sd=  0.01%     10.48 GF/s  setup=0.014 s
fftw3_measure            L=12  B=64    m=2     inner=1      min=    12.192 us/xform  median=    12.192  sd=  0.00%      7.62 GF/s  setup=0.014 s
fftw3_patient            L=12  B=64    m=600   inner=1      min=     8.772 us/xform  median=     8.792  sd=  0.13%     10.59 GF/s  setup=0.022 s
fftw3_patient            L=12  B=64    m=600   inner=1      min=     8.856 us/xform  median=     8.858  sd=  0.01%     10.49 GF/s  setup=0.023 s
fftw3_patient            L=12  B=64    m=600   inner=1      min=     8.956 us/xform  median=     8.957  sd=  0.01%     10.38 GF/s  setup=0.022 s
fftw3_patient            L=12  B=64    m=2     inner=1      min=    10.908 us/xform  median=    10.908  sd=  0.00%      8.52 GF/s  setup=0.023 s
gen_batchlane            L=12  B=64    m=600   inner=1      min=     1.915 us/xform  median=     1.916  sd=  0.01%     48.52 GF/s  setup=0.000 s
gen_batchlane            L=12  B=64    m=600   inner=1      min=     1.916 us/xform  median=     1.916  sd=  0.43%     48.50 GF/s  setup=0.000 s
gen_batchlane            L=12  B=64    m=600   inner=1      min=     1.915 us/xform  median=     1.917  sd=  0.02%     48.51 GF/s  setup=0.000 s
gen_batchlane            L=12  B=64    m=2     inner=4      min=     3.872 us/xform  median=     3.872  sd=  0.00%     24.00 GF/s  setup=0.000 s
gen_bluestein            L=12  B=64    m=600   inner=1      min=    19.361 us/xform  median=    19.362  sd=  0.01%      4.80 GF/s  setup=0.000 s
gen_bluestein            L=12  B=64    m=600   inner=1      min=    19.809 us/xform  median=    19.813  sd=  0.01%      4.69 GF/s  setup=0.000 s
gen_bluestein            L=12  B=64    m=600   inner=1      min=    19.683 us/xform  median=    19.685  sd=  0.01%      4.72 GF/s  setup=0.000 s
gen_bluestein            L=12  B=64    m=2     inner=1      min=    22.354 us/xform  median=    22.354  sd=  0.00%      4.16 GF/s  setup=0.000 s
gen_dense_prime          L=12  B=64    m=600   inner=1      min=     8.766 us/xform  median=     8.769  sd=  0.02%     10.60 GF/s  setup=0.000 s
gen_dense_prime          L=12  B=64    m=600   inner=1      min=     8.799 us/xform  median=     8.801  sd=  0.02%     10.56 GF/s  setup=0.000 s
gen_dense_prime          L=12  B=64    m=600   inner=1      min=     8.368 us/xform  median=     8.371  sd=  0.02%     11.10 GF/s  setup=0.000 s
gen_dense_prime          L=12  B=64    m=2     inner=1      min=     9.851 us/xform  median=     9.851  sd=  0.00%      9.43 GF/s  setup=0.000 s
gen_layout               L=12  B=64    m=600   inner=1      min=     8.032 us/xform  median=     8.034  sd=  0.02%     11.57 GF/s  setup=0.000 s
gen_layout               L=12  B=64    m=600   inner=1      min=     8.009 us/xform  median=     8.014  sd=  0.04%     11.60 GF/s  setup=0.000 s
gen_layout               L=12  B=64    m=600   inner=1      min=     8.673 us/xform  median=     8.675  sd=  0.02%     10.71 GF/s  setup=0.000 s
gen_layout               L=12  B=64    m=2     inner=1      min=     9.543 us/xform  median=     9.543  sd=  0.00%      9.74 GF/s  setup=0.000 s
gen_pfa_small            L=12  B=64    m=600   inner=1      min=     1.970 us/xform  median=     1.970  sd=  0.03%     47.17 GF/s  setup=0.000 s
gen_pfa_small            L=12  B=64    m=600   inner=1      min=     1.974 us/xform  median=     1.976  sd=  0.04%     47.06 GF/s  setup=0.000 s
gen_pfa_small            L=12  B=64    m=600   inner=1      min=     2.214 us/xform  median=     2.245  sd=  0.40%     41.97 GF/s  setup=0.000 s
gen_pfa_small            L=12  B=64    m=2     inner=2      min=     3.909 us/xform  median=     3.909  sd=  0.00%     23.77 GF/s  setup=0.000 s
gen_planner              L=12  B=64    m=600   inner=1      min=     6.692 us/xform  median=     6.695  sd=  0.04%     13.89 GF/s  setup=0.004 s
gen_planner              L=12  B=64    m=600   inner=1      min=     6.802 us/xform  median=     6.804  sd=  0.03%     13.66 GF/s  setup=0.002 s
gen_planner              L=12  B=64    m=600   inner=1      min=     6.704 us/xform  median=     6.706  sd=  0.02%     13.86 GF/s  setup=0.002 s
gen_planner              L=12  B=64    m=2     inner=1      min=     8.556 us/xform  median=     8.556  sd=  0.00%     10.86 GF/s  setup=0.002 s
gen_race                 L=12  B=64    m=600   inner=1      min=     6.634 us/xform  median=     6.640  sd=  0.04%     14.01 GF/s  setup=0.032 s
gen_race                 L=12  B=64    m=600   inner=1      min=     6.740 us/xform  median=     6.742  sd=  0.02%     13.79 GF/s  setup=0.005 s
gen_race                 L=12  B=64    m=600   inner=1      min=     6.652 us/xform  median=     6.655  sd=  0.02%     13.97 GF/s  setup=0.006 s
gen_race                 L=12  B=64    m=2     inner=1      min=     8.369 us/xform  median=     8.369  sd=  0.00%     11.10 GF/s  setup=0.003 s
gen_twiddle              L=12  B=64    m=600   inner=1      min=    14.958 us/xform  median=    14.975  sd=  0.08%      6.21 GF/s  setup=0.002 s
gen_twiddle              L=12  B=64    m=600   inner=1      min=    15.131 us/xform  median=    15.136  sd=  0.02%      6.14 GF/s  setup=0.002 s
gen_twiddle              L=12  B=64    m=600   inner=1      min=    15.091 us/xform  median=    15.099  sd=  0.04%      6.16 GF/s  setup=0.002 s
gen_twiddle              L=12  B=64    m=2     inner=1      min=    18.004 us/xform  median=    18.004  sd=  0.00%      5.16 GF/s  setup=0.002 s
mkl2026_dfti             L=12  B=64    m=600   inner=1      min=     7.773 us/xform  median=     7.774  sd=  0.01%     11.95 GF/s  setup=0.003 s
mkl2026_dfti             L=12  B=64    m=600   inner=1      min=     7.928 us/xform  median=     7.928  sd=  0.01%     11.72 GF/s  setup=0.002 s
mkl2026_dfti             L=12  B=64    m=600   inner=1      min=     7.936 us/xform  median=     7.937  sd=  0.00%     11.71 GF/s  setup=0.001 s
mkl2026_dfti             L=12  B=64    m=2     inner=1      min=    10.941 us/xform  median=    10.941  sd=  0.00%      8.49 GF/s  setup=0.002 s
mkl_dfti                 L=12  B=64    m=600   inner=1      min=     7.749 us/xform  median=     7.750  sd=  0.01%     11.99 GF/s  setup=0.002 s
mkl_dfti                 L=12  B=64    m=600   inner=1      min=     7.747 us/xform  median=     7.748  sd=  0.00%     11.99 GF/s  setup=0.001 s
mkl_dfti                 L=12  B=64    m=600   inner=1      min=     7.754 us/xform  median=     7.754  sd=  0.01%     11.98 GF/s  setup=0.001 s
mkl_dfti                 L=12  B=64    m=2     inner=1      min=    10.261 us/xform  median=    10.261  sd=  0.00%      9.06 GF/s  setup=0.001 s
baseline_matrix          L=15  B=32    m=600   inner=1      min=   272.505 us/xform  median=   272.509  sd=  0.00%      0.73 GF/s  setup=0.000 s
baseline_matrix          L=15  B=32    m=600   inner=1      min=   272.504 us/xform  median=   272.506  sd=  0.00%      0.73 GF/s  setup=0.000 s
baseline_matrix          L=15  B=32    m=600   inner=1      min=   272.499 us/xform  median=   272.502  sd=  0.00%      0.73 GF/s  setup=0.000 s
baseline_matrix          L=15  B=32    m=2     inner=1      min=   292.884 us/xform  median=   292.884  sd=  0.00%      0.68 GF/s  setup=0.000 s
ducc0_c2c                L=15  B=32    m=600   inner=1      min=    33.768 us/xform  median=    33.815  sd=  0.07%      5.86 GF/s  setup=0.000 s
ducc0_c2c                L=15  B=32    m=600   inner=1      min=    33.355 us/xform  median=    33.373  sd=  0.06%      5.93 GF/s  setup=0.000 s
ducc0_c2c                L=15  B=32    m=600   inner=1      min=    32.376 us/xform  median=    32.400  sd=  0.06%      6.11 GF/s  setup=0.000 s
ducc0_c2c                L=15  B=32    m=2     inner=1      min=    40.587 us/xform  median=    40.587  sd=  0.00%      4.87 GF/s  setup=0.000 s
fftw3_estimate           L=15  B=32    m=600   inner=1      min=    21.049 us/xform  median=    21.052  sd=  0.01%      9.40 GF/s  setup=0.001 s
fftw3_estimate           L=15  B=32    m=600   inner=1      min=    21.058 us/xform  median=    21.062  sd=  0.01%      9.39 GF/s  setup=0.001 s
fftw3_estimate           L=15  B=32    m=600   inner=1      min=    21.035 us/xform  median=    21.037  sd=  0.04%      9.40 GF/s  setup=0.001 s
fftw3_estimate           L=15  B=32    m=2     inner=1      min=    25.597 us/xform  median=    25.597  sd=  0.00%      7.73 GF/s  setup=0.001 s
fftw3_measure            L=15  B=32    m=600   inner=1      min=    19.807 us/xform  median=    19.809  sd=  0.01%      9.99 GF/s  setup=0.011 s
fftw3_measure            L=15  B=32    m=600   inner=1      min=    19.730 us/xform  median=    19.733  sd=  0.01%     10.02 GF/s  setup=0.010 s
fftw3_measure            L=15  B=32    m=600   inner=1      min=    20.017 us/xform  median=    20.019  sd=  0.01%      9.88 GF/s  setup=0.011 s
fftw3_measure            L=15  B=32    m=2     inner=1      min=    27.637 us/xform  median=    27.637  sd=  0.00%      7.16 GF/s  setup=0.011 s
fftw3_patient            L=15  B=32    m=600   inner=1      min=    19.849 us/xform  median=    19.851  sd=  0.01%      9.96 GF/s  setup=0.019 s
fftw3_patient            L=15  B=32    m=600   inner=1      min=    19.862 us/xform  median=    19.864  sd=  0.01%      9.96 GF/s  setup=0.019 s
fftw3_patient            L=15  B=32    m=600   inner=1      min=    19.882 us/xform  median=    19.884  sd=  0.01%      9.95 GF/s  setup=0.019 s
fftw3_patient            L=15  B=32    m=2     inner=1      min=    26.693 us/xform  median=    26.693  sd=  0.00%      7.41 GF/s  setup=0.021 s
gen_batchlane            L=15  B=32    m=600   inner=1      min=     4.771 us/xform  median=     5.334  sd=  6.71%     41.46 GF/s  setup=0.000 s
gen_batchlane            L=15  B=32    m=600   inner=1      min=     4.771 us/xform  median=     4.775  sd=  0.05%     41.45 GF/s  setup=0.000 s
gen_batchlane            L=15  B=32    m=600   inner=1      min=     4.883 us/xform  median=     4.887  sd=  0.04%     40.51 GF/s  setup=0.000 s
gen_batchlane            L=15  B=32    m=2     inner=2      min=    10.151 us/xform  median=    10.151  sd=  0.00%     19.48 GF/s  setup=0.000 s
gen_bluestein            L=15  B=32    m=600   inner=1      min=    33.634 us/xform  median=    33.646  sd=  0.02%      5.88 GF/s  setup=0.000 s
gen_bluestein            L=15  B=32    m=600   inner=1      min=    33.830 us/xform  median=    33.833  sd=  0.01%      5.85 GF/s  setup=0.000 s
gen_bluestein            L=15  B=32    m=600   inner=1      min=    33.739 us/xform  median=    33.748  sd=  0.02%      5.86 GF/s  setup=0.000 s
gen_bluestein            L=15  B=32    m=2     inner=1      min=    37.042 us/xform  median=    37.042  sd=  0.00%      5.34 GF/s  setup=0.000 s
gen_dense_prime          L=15  B=32    m=600   inner=1      min=    17.510 us/xform  median=    17.515  sd=  0.02%     11.30 GF/s  setup=0.000 s
gen_dense_prime          L=15  B=32    m=600   inner=1      min=    16.328 us/xform  median=    16.342  sd=  0.04%     12.11 GF/s  setup=0.000 s
gen_dense_prime          L=15  B=32    m=600   inner=1      min=    16.380 us/xform  median=    16.382  sd=  0.01%     12.08 GF/s  setup=0.000 s
gen_dense_prime          L=15  B=32    m=2     inner=1      min=    19.416 us/xform  median=    19.416  sd=  0.00%     10.19 GF/s  setup=0.000 s
gen_layout               L=15  B=32    m=600   inner=1      min=    18.621 us/xform  median=    18.666  sd=  0.12%     10.62 GF/s  setup=0.000 s
gen_layout               L=15  B=32    m=600   inner=1      min=    19.211 us/xform  median=    19.213  sd=  0.01%     10.30 GF/s  setup=0.000 s
gen_layout               L=15  B=32    m=600   inner=1      min=    18.649 us/xform  median=    18.655  sd=  0.03%     10.61 GF/s  setup=0.000 s
gen_layout               L=15  B=32    m=2     inner=1      min=    21.872 us/xform  median=    21.872  sd=  0.00%      9.04 GF/s  setup=0.000 s
gen_pfa_small            L=15  B=32    m=600   inner=1      min=     4.476 us/xform  median=     4.486  sd=  0.21%     44.18 GF/s  setup=0.000 s
gen_pfa_small            L=15  B=32    m=600   inner=1      min=     4.464 us/xform  median=     4.469  sd=  0.09%     44.31 GF/s  setup=0.000 s
gen_pfa_small            L=15  B=32    m=600   inner=1      min=     4.465 us/xform  median=     4.469  sd=  0.07%     44.30 GF/s  setup=0.000 s
gen_pfa_small            L=15  B=32    m=2     inner=2      min=     9.775 us/xform  median=     9.775  sd=  0.00%     20.23 GF/s  setup=0.000 s
gen_planner              L=15  B=32    m=600   inner=1      min=    14.893 us/xform  median=    14.898  sd=  0.02%     13.28 GF/s  setup=0.004 s
gen_planner              L=15  B=32    m=600   inner=1      min=    14.949 us/xform  median=    15.001  sd=  0.14%     13.23 GF/s  setup=0.004 s
gen_planner              L=15  B=32    m=600   inner=1      min=    14.874 us/xform  median=    14.882  sd=  0.02%     13.30 GF/s  setup=0.002 s
gen_planner              L=15  B=32    m=2     inner=1      min=    18.913 us/xform  median=    18.913  sd=  0.00%     10.46 GF/s  setup=0.002 s
gen_race                 L=15  B=32    m=600   inner=1      min=    14.785 us/xform  median=    14.839  sd=  0.17%     13.38 GF/s  setup=0.022 s
gen_race                 L=15  B=32    m=600   inner=1      min=    14.929 us/xform  median=    14.983  sd=  0.16%     13.25 GF/s  setup=0.003 s
gen_race                 L=15  B=32    m=600   inner=1      min=    14.953 us/xform  median=    15.000  sd=  0.13%     13.23 GF/s  setup=0.002 s
gen_race                 L=15  B=32    m=2     inner=1      min=    17.920 us/xform  median=    17.920  sd=  0.00%     11.04 GF/s  setup=0.003 s
gen_twiddle              L=15  B=32    m=600   inner=1      min=    29.665 us/xform  median=    29.677  sd=  0.02%      6.67 GF/s  setup=0.002 s
gen_twiddle              L=15  B=32    m=600   inner=1      min=    29.594 us/xform  median=    29.601  sd=  0.01%      6.68 GF/s  setup=0.002 s
gen_twiddle              L=15  B=32    m=600   inner=1      min=    29.567 us/xform  median=    29.572  sd=  0.02%      6.69 GF/s  setup=0.002 s
gen_twiddle              L=15  B=32    m=2     inner=1      min=    36.646 us/xform  median=    36.646  sd=  0.00%      5.40 GF/s  setup=0.002 s
mkl2026_dfti             L=15  B=32    m=600   inner=1      min=    16.687 us/xform  median=    16.689  sd=  0.01%     11.85 GF/s  setup=0.002 s
mkl2026_dfti             L=15  B=32    m=600   inner=1      min=    16.646 us/xform  median=    16.647  sd=  0.01%     11.88 GF/s  setup=0.002 s
mkl2026_dfti             L=15  B=32    m=600   inner=1      min=    16.674 us/xform  median=    16.675  sd=  0.01%     11.86 GF/s  setup=0.001 s
mkl2026_dfti             L=15  B=32    m=2     inner=1      min=    23.521 us/xform  median=    23.521  sd=  0.00%      8.41 GF/s  setup=0.002 s
mkl_dfti                 L=15  B=32    m=600   inner=1      min=    16.472 us/xform  median=    16.473  sd=  0.01%     12.01 GF/s  setup=0.002 s
mkl_dfti                 L=15  B=32    m=600   inner=1      min=    16.464 us/xform  median=    16.465  sd=  0.01%     12.01 GF/s  setup=0.001 s
mkl_dfti                 L=15  B=32    m=600   inner=1      min=    16.761 us/xform  median=    16.763  sd=  0.01%     11.80 GF/s  setup=0.002 s
mkl_dfti                 L=15  B=32    m=2     inner=1      min=    22.853 us/xform  median=    22.853  sd=  0.00%      8.65 GF/s  setup=0.002 s
baseline_matrix          L=20  B=32    m=256   inner=1      min=   850.297 us/xform  median=   850.318  sd=  0.00%      0.61 GF/s  setup=0.000 s
baseline_matrix          L=20  B=32    m=256   inner=1      min=   850.521 us/xform  median=   850.559  sd=  0.00%      0.61 GF/s  setup=0.000 s
baseline_matrix          L=20  B=32    m=256   inner=1      min=   850.519 us/xform  median=   850.532  sd=  0.00%      0.61 GF/s  setup=0.000 s
baseline_matrix          L=20  B=32    m=2     inner=1      min=   858.178 us/xform  median=   858.178  sd=  0.00%      0.60 GF/s  setup=0.000 s
ducc0_c2c                L=20  B=32    m=256   inner=1      min=    73.640 us/xform  median=    73.752  sd=  0.17%      7.04 GF/s  setup=0.000 s
ducc0_c2c                L=20  B=32    m=256   inner=1      min=    73.332 us/xform  median=    73.431  sd=  0.14%      7.07 GF/s  setup=0.000 s
ducc0_c2c                L=20  B=32    m=256   inner=1      min=    74.235 us/xform  median=    74.360  sd=  0.15%      6.99 GF/s  setup=0.000 s
ducc0_c2c                L=20  B=32    m=2     inner=1      min=    93.635 us/xform  median=    93.635  sd=  0.00%      5.54 GF/s  setup=0.000 s
fftw3_estimate           L=20  B=32    m=256   inner=1      min=    91.938 us/xform  median=    92.069  sd=  0.08%      5.64 GF/s  setup=0.001 s
fftw3_estimate           L=20  B=32    m=256   inner=1      min=    91.912 us/xform  median=    91.963  sd=  0.03%      5.64 GF/s  setup=0.001 s
fftw3_estimate           L=20  B=32    m=256   inner=1      min=    91.865 us/xform  median=    91.941  sd=  0.04%      5.65 GF/s  setup=0.001 s
fftw3_estimate           L=20  B=32    m=2     inner=1      min=   100.165 us/xform  median=   100.165  sd=  0.00%      5.18 GF/s  setup=0.001 s
fftw3_measure            L=20  B=32    m=256   inner=1      min=    44.899 us/xform  median=    44.903  sd=  0.03%     11.55 GF/s  setup=0.084 s
fftw3_measure            L=20  B=32    m=256   inner=1      min=    45.030 us/xform  median=    45.041  sd=  0.02%     11.52 GF/s  setup=0.082 s
fftw3_measure            L=20  B=32    m=256   inner=1      min=    45.048 us/xform  median=    45.056  sd=  0.02%     11.51 GF/s  setup=0.081 s
fftw3_measure            L=20  B=32    m=2     inner=1      min=    62.053 us/xform  median=    62.053  sd=  0.00%      8.36 GF/s  setup=0.084 s
fftw3_patient            L=20  B=32    m=256   inner=1      min=    44.869 us/xform  median=    44.873  sd=  0.02%     11.56 GF/s  setup=0.316 s
fftw3_patient            L=20  B=32    m=256   inner=1      min=    45.543 us/xform  median=    45.552  sd=  0.02%     11.39 GF/s  setup=0.318 s
fftw3_patient            L=20  B=32    m=256   inner=1      min=    45.922 us/xform  median=    45.927  sd=  0.02%     11.29 GF/s  setup=0.300 s
fftw3_patient            L=20  B=32    m=2     inner=1      min=    54.946 us/xform  median=    54.946  sd=  0.00%      9.44 GF/s  setup=0.303 s
gen_batchlane            L=20  B=32    m=256   inner=1      min=    13.025 us/xform  median=    13.032  sd=  0.04%     39.82 GF/s  setup=0.001 s
gen_batchlane            L=20  B=32    m=256   inner=1      min=    13.011 us/xform  median=    13.023  sd=  0.06%     39.86 GF/s  setup=0.001 s
gen_batchlane            L=20  B=32    m=256   inner=1      min=    13.515 us/xform  median=    14.883  sd=  4.78%     38.37 GF/s  setup=0.001 s
gen_batchlane            L=20  B=32    m=2     inner=1      min=    27.991 us/xform  median=    27.991  sd=  0.00%     18.53 GF/s  setup=0.001 s
gen_bluestein            L=20  B=32    m=256   inner=1      min=   103.798 us/xform  median=   103.812  sd=  0.01%      5.00 GF/s  setup=0.000 s
gen_bluestein            L=20  B=32    m=256   inner=1      min=   104.477 us/xform  median=   104.488  sd=  0.01%      4.96 GF/s  setup=0.000 s
gen_bluestein            L=20  B=32    m=256   inner=1      min=   104.437 us/xform  median=   104.445  sd=  0.00%      4.97 GF/s  setup=0.000 s
gen_bluestein            L=20  B=32    m=2     inner=1      min=   118.766 us/xform  median=   118.766  sd=  0.00%      4.37 GF/s  setup=0.000 s
gen_dense_prime          L=20  B=32    m=256   inner=1      min=    43.509 us/xform  median=    43.517  sd=  0.01%     11.92 GF/s  setup=0.000 s
gen_dense_prime          L=20  B=32    m=256   inner=1      min=    44.167 us/xform  median=    44.171  sd=  0.01%     11.74 GF/s  setup=0.000 s
gen_dense_prime          L=20  B=32    m=256   inner=1      min=    44.065 us/xform  median=    44.068  sd=  0.01%     11.77 GF/s  setup=0.000 s
gen_dense_prime          L=20  B=32    m=2     inner=1      min=    53.480 us/xform  median=    53.480  sd=  0.00%      9.70 GF/s  setup=0.000 s
gen_layout               L=20  B=32    m=256   inner=1      min=    40.475 us/xform  median=    40.479  sd=  1.43%     12.81 GF/s  setup=0.000 s
gen_layout               L=20  B=32    m=256   inner=1      min=    40.346 us/xform  median=    40.356  sd=  0.05%     12.85 GF/s  setup=0.000 s
gen_layout               L=20  B=32    m=256   inner=1      min=    41.537 us/xform  median=    41.540  sd=  0.01%     12.49 GF/s  setup=0.000 s
gen_layout               L=20  B=32    m=2     inner=1      min=    49.771 us/xform  median=    49.771  sd=  0.00%     10.42 GF/s  setup=0.000 s
gen_pfa_small            L=20  B=32    m=256   inner=1      min=    13.438 us/xform  median=    13.466  sd=  0.08%     38.59 GF/s  setup=0.001 s
gen_pfa_small            L=20  B=32    m=256   inner=1      min=    13.257 us/xform  median=    13.263  sd=  0.03%     39.12 GF/s  setup=0.001 s
gen_pfa_small            L=20  B=32    m=256   inner=1      min=    13.444 us/xform  median=    13.455  sd=  0.03%     38.58 GF/s  setup=0.001 s
gen_pfa_small            L=20  B=32    m=2     inner=1      min=    29.306 us/xform  median=    29.306  sd=  0.00%     17.70 GF/s  setup=0.001 s
gen_planner              L=20  B=32    m=256   inner=1      min=    27.627 us/xform  median=    27.639  sd=  0.02%     18.77 GF/s  setup=0.005 s
gen_planner              L=20  B=32    m=256   inner=1      min=    27.714 us/xform  median=    27.725  sd=  0.03%     18.71 GF/s  setup=0.004 s
gen_planner              L=20  B=32    m=256   inner=1      min=    27.769 us/xform  median=    27.789  sd=  0.03%     18.68 GF/s  setup=0.003 s
gen_planner              L=20  B=32    m=2     inner=1      min=    34.129 us/xform  median=    34.129  sd=  0.00%     15.20 GF/s  setup=0.002 s
gen_race                 L=20  B=32    m=256   inner=1      min=    27.942 us/xform  median=    27.952  sd=  0.02%     18.56 GF/s  setup=0.028 s
gen_race                 L=20  B=32    m=256   inner=1      min=    27.880 us/xform  median=    27.887  sd=  1.37%     18.60 GF/s  setup=0.007 s
gen_race                 L=20  B=32    m=256   inner=1      min=    27.826 us/xform  median=    27.838  sd=  3.43%     18.64 GF/s  setup=0.008 s
gen_race                 L=20  B=32    m=2     inner=1      min=    34.902 us/xform  median=    34.902  sd=  0.00%     14.86 GF/s  setup=0.003 s
gen_twiddle              L=20  B=32    m=256   inner=1      min=    56.878 us/xform  median=    56.909  sd=  0.02%      9.12 GF/s  setup=0.003 s
gen_twiddle              L=20  B=32    m=256   inner=1      min=    59.251 us/xform  median=    59.271  sd=  0.02%      8.75 GF/s  setup=0.003 s
gen_twiddle              L=20  B=32    m=256   inner=1      min=    57.488 us/xform  median=    57.508  sd=  0.02%      9.02 GF/s  setup=0.003 s
gen_twiddle              L=20  B=32    m=2     inner=1      min=    72.985 us/xform  median=    72.985  sd=  0.00%      7.11 GF/s  setup=0.003 s
mkl2026_dfti             L=20  B=32    m=256   inner=1      min=    58.468 us/xform  median=    58.660  sd=  0.17%      8.87 GF/s  setup=0.045 s
mkl2026_dfti             L=20  B=32    m=256   inner=1      min=    58.550 us/xform  median=    58.806  sd=  0.20%      8.86 GF/s  setup=0.049 s
mkl2026_dfti             L=20  B=32    m=256   inner=1      min=    57.440 us/xform  median=    58.136  sd=  0.75%      9.03 GF/s  setup=0.048 s
mkl2026_dfti             L=20  B=32    m=2     inner=1      min=   114.223 us/xform  median=   114.223  sd=  0.00%      4.54 GF/s  setup=0.050 s
mkl_dfti                 L=20  B=32    m=256   inner=1      min=    58.013 us/xform  median=    58.162  sd=  0.19%      8.94 GF/s  setup=0.029 s
mkl_dfti                 L=20  B=32    m=256   inner=1      min=    57.950 us/xform  median=    58.122  sd=  0.18%      8.95 GF/s  setup=0.033 s
mkl_dfti                 L=20  B=32    m=256   inner=1      min=    58.167 us/xform  median=    58.288  sd=  0.17%      8.92 GF/s  setup=0.049 s
mkl_dfti                 L=20  B=32    m=2     inner=1      min=   105.423 us/xform  median=   105.423  sd=  0.00%      4.92 GF/s  setup=0.049 s
baseline_matrix          L=25  B=16    m=256   inner=1      min=  2061.229 us/xform  median=  2061.283  sd=  0.00%      0.53 GF/s  setup=0.000 s
baseline_matrix          L=25  B=16    m=256   inner=1      min=  2061.426 us/xform  median=  2061.502  sd=  0.00%      0.53 GF/s  setup=0.000 s
baseline_matrix          L=25  B=16    m=256   inner=1      min=  2061.634 us/xform  median=  2061.660  sd=  0.00%      0.53 GF/s  setup=0.000 s
baseline_matrix          L=25  B=16    m=2     inner=1      min=  2075.931 us/xform  median=  2075.931  sd=  0.00%      0.52 GF/s  setup=0.000 s
ducc0_c2c                L=25  B=16    m=256   inner=1      min=   145.508 us/xform  median=   145.694  sd=  0.13%      7.48 GF/s  setup=0.000 s
ducc0_c2c                L=25  B=16    m=256   inner=1      min=   146.852 us/xform  median=   147.079  sd=  0.15%      7.41 GF/s  setup=0.000 s
ducc0_c2c                L=25  B=16    m=256   inner=1      min=   146.085 us/xform  median=   146.203  sd=  0.12%      7.45 GF/s  setup=0.000 s
ducc0_c2c                L=25  B=16    m=2     inner=1      min=   186.337 us/xform  median=   186.337  sd=  0.00%      5.84 GF/s  setup=0.000 s
fftw3_estimate           L=25  B=16    m=256   inner=1      min=   130.592 us/xform  median=   130.693  sd=  0.05%      8.33 GF/s  setup=0.001 s
fftw3_estimate           L=25  B=16    m=256   inner=1      min=   137.910 us/xform  median=   138.084  sd=  0.08%      7.89 GF/s  setup=0.001 s
fftw3_estimate           L=25  B=16    m=256   inner=1      min=   134.784 us/xform  median=   134.916  sd=  0.04%      8.08 GF/s  setup=0.001 s
fftw3_estimate           L=25  B=16    m=2     inner=1      min=   173.839 us/xform  median=   173.839  sd=  0.00%      6.26 GF/s  setup=0.001 s
fftw3_measure            L=25  B=16    m=256   inner=1      min=   116.522 us/xform  median=   116.556  sd=  0.02%      9.34 GF/s  setup=0.028 s
fftw3_measure            L=25  B=16    m=256   inner=1      min=   111.284 us/xform  median=   111.299  sd=  0.02%      9.78 GF/s  setup=0.029 s
fftw3_measure            L=25  B=16    m=256   inner=1      min=   118.284 us/xform  median=   118.302  sd=  0.01%      9.20 GF/s  setup=0.028 s
fftw3_measure            L=25  B=16    m=2     inner=1      min=   153.700 us/xform  median=   153.700  sd=  0.00%      7.08 GF/s  setup=0.028 s
fftw3_patient            L=25  B=16    m=256   inner=1      min=   110.812 us/xform  median=   110.836  sd=  0.02%      9.82 GF/s  setup=0.111 s
fftw3_patient            L=25  B=16    m=256   inner=1      min=   112.443 us/xform  median=   112.468  sd=  0.02%      9.68 GF/s  setup=0.106 s
fftw3_patient            L=25  B=16    m=256   inner=1      min=   109.921 us/xform  median=   109.952  sd=  0.03%      9.90 GF/s  setup=0.112 s
fftw3_patient            L=25  B=16    m=2     inner=1      min=   145.122 us/xform  median=   145.122  sd=  0.00%      7.50 GF/s  setup=0.112 s
gen_bluestein            L=25  B=16    m=256   inner=1      min=   182.300 us/xform  median=   182.396  sd=  0.03%      5.97 GF/s  setup=0.000 s
gen_bluestein            L=25  B=16    m=256   inner=1      min=   178.965 us/xform  median=   179.065  sd=  0.03%      6.08 GF/s  setup=0.000 s
gen_bluestein            L=25  B=16    m=256   inner=1      min=   179.878 us/xform  median=   179.929  sd=  0.02%      6.05 GF/s  setup=0.000 s
gen_bluestein            L=25  B=16    m=2     inner=1      min=   195.905 us/xform  median=   195.905  sd=  0.00%      5.56 GF/s  setup=0.000 s
gen_layout               L=25  B=16    m=256   inner=1      min=    94.863 us/xform  median=    94.881  sd=  0.01%     11.47 GF/s  setup=0.000 s
gen_layout               L=25  B=16    m=256   inner=1      min=    95.413 us/xform  median=    95.425  sd=  0.01%     11.41 GF/s  setup=0.000 s
gen_layout               L=25  B=16    m=256   inner=1      min=    92.999 us/xform  median=    93.020  sd=  0.02%     11.70 GF/s  setup=0.000 s
gen_layout               L=25  B=16    m=2     inner=1      min=   113.130 us/xform  median=   113.130  sd=  0.00%      9.62 GF/s  setup=0.000 s
gen_planner              L=25  B=16    m=256   inner=1      min=    69.543 us/xform  median=    69.557  sd=  0.01%     15.65 GF/s  setup=0.007 s
gen_planner              L=25  B=16    m=256   inner=1      min=    69.408 us/xform  median=    69.428  sd=  0.02%     15.68 GF/s  setup=0.004 s
gen_planner              L=25  B=16    m=256   inner=1      min=    69.576 us/xform  median=    69.587  sd=  0.02%     15.64 GF/s  setup=0.004 s
gen_planner              L=25  B=16    m=2     inner=1      min=    83.603 us/xform  median=    83.603  sd=  0.00%     13.02 GF/s  setup=0.002 s
gen_powp                 L=25  B=16    m=256   inner=1      min=    34.135 us/xform  median=    34.144  sd=  0.03%     31.88 GF/s  setup=0.136 s
gen_powp                 L=25  B=16    m=256   inner=1      min=    32.208 us/xform  median=    35.311  sd= 10.12%     33.79 GF/s  setup=0.007 s
gen_powp                 L=25  B=16    m=256   inner=1      min=    32.329 us/xform  median=    32.337  sd=  0.02%     33.67 GF/s  setup=0.004 s
gen_powp                 L=25  B=16    m=2     inner=1      min=    74.847 us/xform  median=    74.847  sd=  0.00%     14.54 GF/s  setup=0.003 s
gen_race                 L=25  B=16    m=256   inner=1      min=    69.442 us/xform  median=    69.457  sd=  0.02%     15.67 GF/s  setup=0.018 s
gen_race                 L=25  B=16    m=256   inner=1      min=    69.726 us/xform  median=    69.743  sd=  0.02%     15.61 GF/s  setup=0.005 s
gen_race                 L=25  B=16    m=256   inner=1      min=    69.317 us/xform  median=    69.342  sd=  0.02%     15.70 GF/s  setup=0.003 s
gen_race                 L=25  B=16    m=2     inner=1      min=    90.208 us/xform  median=    90.208  sd=  0.00%     12.07 GF/s  setup=0.006 s
gen_twiddle              L=25  B=16    m=256   inner=1      min=   124.997 us/xform  median=   125.041  sd=  0.02%      8.71 GF/s  setup=0.003 s
gen_twiddle              L=25  B=16    m=256   inner=1      min=   120.961 us/xform  median=   120.992  sd=  0.01%      9.00 GF/s  setup=0.004 s
gen_twiddle              L=25  B=16    m=256   inner=1      min=   124.001 us/xform  median=   124.034  sd=  0.01%      8.78 GF/s  setup=0.004 s
gen_twiddle              L=25  B=16    m=2     inner=1      min=   153.718 us/xform  median=   153.718  sd=  0.00%      7.08 GF/s  setup=0.003 s
mkl2026_dfti             L=25  B=16    m=256   inner=1      min=   124.227 us/xform  median=   124.563  sd=  0.24%      8.76 GF/s  setup=0.048 s
mkl2026_dfti             L=25  B=16    m=256   inner=1      min=   123.073 us/xform  median=   123.811  sd=  0.22%      8.84 GF/s  setup=0.032 s
mkl2026_dfti             L=25  B=16    m=256   inner=1      min=   123.676 us/xform  median=   123.936  sd=  0.25%      8.80 GF/s  setup=0.048 s
mkl2026_dfti             L=25  B=16    m=2     inner=1      min=   239.127 us/xform  median=   239.127  sd=  0.00%      4.55 GF/s  setup=0.049 s
mkl_dfti                 L=25  B=16    m=256   inner=1      min=   120.772 us/xform  median=   120.995  sd=  0.10%      9.01 GF/s  setup=0.029 s
mkl_dfti                 L=25  B=16    m=256   inner=1      min=   120.948 us/xform  median=   121.110  sd=  0.15%      9.00 GF/s  setup=0.030 s
mkl_dfti                 L=25  B=16    m=256   inner=1      min=   120.952 us/xform  median=   121.074  sd=  0.10%      9.00 GF/s  setup=0.054 s
mkl_dfti                 L=25  B=16    m=2     inner=1      min=   234.928 us/xform  median=   234.928  sd=  0.00%      4.63 GF/s  setup=0.051 s
baseline_matrix          L=27  B=16    m=200   inner=1      min=  2799.408 us/xform  median=  2799.784  sd=  0.01%      0.50 GF/s  setup=0.000 s
baseline_matrix          L=27  B=16    m=200   inner=1      min=  2799.109 us/xform  median=  2799.414  sd=  0.00%      0.50 GF/s  setup=0.000 s
baseline_matrix          L=27  B=16    m=200   inner=1      min=  2799.141 us/xform  median=  2799.196  sd=  0.00%      0.50 GF/s  setup=0.000 s
baseline_matrix          L=27  B=16    m=2     inner=1      min=  2824.282 us/xform  median=  2824.282  sd=  0.00%      0.50 GF/s  setup=0.000 s
ducc0_c2c                L=27  B=16    m=200   inner=1      min=   188.561 us/xform  median=   188.715  sd=  0.13%      7.45 GF/s  setup=0.000 s
ducc0_c2c                L=27  B=16    m=200   inner=1      min=   192.966 us/xform  median=   193.369  sd=  0.19%      7.28 GF/s  setup=0.000 s
ducc0_c2c                L=27  B=16    m=200   inner=1      min=   188.788 us/xform  median=   189.091  sd=  0.18%      7.44 GF/s  setup=0.000 s
ducc0_c2c                L=27  B=16    m=2     inner=1      min=   249.910 us/xform  median=   249.910  sd=  0.00%      5.62 GF/s  setup=0.000 s
fftw3_estimate           L=27  B=16    m=200   inner=1      min=   259.138 us/xform  median=   259.802  sd=  0.18%      5.42 GF/s  setup=0.003 s
fftw3_estimate           L=27  B=16    m=200   inner=1      min=   255.072 us/xform  median=   255.745  sd=  0.13%      5.50 GF/s  setup=0.002 s
fftw3_estimate           L=27  B=16    m=200   inner=1      min=   256.470 us/xform  median=   257.307  sd=  0.14%      5.47 GF/s  setup=0.002 s
fftw3_estimate           L=27  B=16    m=2     inner=1      min=   331.602 us/xform  median=   331.602  sd=  0.00%      4.23 GF/s  setup=0.003 s
fftw3_measure            L=27  B=16    m=200   inner=1      min=   224.149 us/xform  median=   224.445  sd=  0.07%      6.26 GF/s  setup=0.033 s
fftw3_measure            L=27  B=16    m=200   inner=1      min=   232.742 us/xform  median=   233.033  sd=  0.08%      6.03 GF/s  setup=0.034 s
fftw3_measure            L=27  B=16    m=200   inner=1      min=   230.474 us/xform  median=   230.574  sd=  0.02%      6.09 GF/s  setup=0.034 s
fftw3_measure            L=27  B=16    m=2     inner=1      min=   249.574 us/xform  median=   249.574  sd=  0.00%      5.63 GF/s  setup=0.033 s
fftw3_patient            L=27  B=16    m=200   inner=1      min=   208.216 us/xform  median=   208.255  sd=  0.01%      6.74 GF/s  setup=0.139 s
fftw3_patient            L=27  B=16    m=200   inner=1      min=   211.120 us/xform  median=   211.154  sd=  0.01%      6.65 GF/s  setup=0.138 s
fftw3_patient            L=27  B=16    m=200   inner=1      min=   202.515 us/xform  median=   202.610  sd=  0.02%      6.93 GF/s  setup=0.137 s
fftw3_patient            L=27  B=16    m=2     inner=1      min=   222.940 us/xform  median=   222.940  sd=  0.00%      6.30 GF/s  setup=0.140 s
gen_bluestein            L=27  B=16    m=200   inner=1      min=   215.618 us/xform  median=   215.711  sd=  0.02%      6.51 GF/s  setup=0.000 s
gen_bluestein            L=27  B=16    m=200   inner=1      min=   213.442 us/xform  median=   213.564  sd=  0.03%      6.58 GF/s  setup=0.000 s
gen_bluestein            L=27  B=16    m=200   inner=1      min=   214.115 us/xform  median=   214.203  sd=  0.02%      6.56 GF/s  setup=0.000 s
gen_bluestein            L=27  B=16    m=2     inner=1      min=   231.851 us/xform  median=   231.851  sd=  0.00%      6.05 GF/s  setup=0.000 s
gen_layout               L=27  B=16    m=200   inner=1      min=   124.250 us/xform  median=   124.302  sd=  0.03%     11.30 GF/s  setup=0.001 s
gen_layout               L=27  B=16    m=200   inner=1      min=   126.424 us/xform  median=   126.485  sd=  0.02%     11.10 GF/s  setup=0.000 s
gen_layout               L=27  B=16    m=200   inner=1      min=   124.173 us/xform  median=   124.243  sd=  0.03%     11.31 GF/s  setup=0.000 s
gen_layout               L=27  B=16    m=2     inner=1      min=   149.544 us/xform  median=   149.544  sd=  0.00%      9.39 GF/s  setup=0.001 s
gen_planner              L=27  B=16    m=200   inner=1      min=   104.687 us/xform  median=   104.719  sd=  0.02%     13.41 GF/s  setup=0.010 s
gen_planner              L=27  B=16    m=200   inner=1      min=   104.763 us/xform  median=   104.801  sd=  0.02%     13.40 GF/s  setup=0.007 s
gen_planner              L=27  B=16    m=200   inner=1      min=   105.542 us/xform  median=   105.602  sd=  0.03%     13.30 GF/s  setup=0.006 s
gen_planner              L=27  B=16    m=2     inner=1      min=   133.786 us/xform  median=   133.786  sd=  0.00%     10.49 GF/s  setup=0.003 s
gen_powp                 L=27  B=16    m=200   inner=1      min=    47.117 us/xform  median=    47.128  sd=  0.03%     29.79 GF/s  setup=0.201 s
gen_powp                 L=27  B=16    m=200   inner=1      min=    47.514 us/xform  median=    47.518  sd=  0.03%     29.55 GF/s  setup=0.004 s
gen_powp                 L=27  B=16    m=200   inner=1      min=    44.811 us/xform  median=    44.833  sd= 10.89%     31.33 GF/s  setup=0.006 s
gen_powp                 L=27  B=16    m=2     inner=1      min=    97.001 us/xform  median=    97.001  sd=  0.00%     14.47 GF/s  setup=0.003 s
gen_race                 L=27  B=16    m=200   inner=1      min=   105.828 us/xform  median=   105.910  sd=  0.03%     13.27 GF/s  setup=0.022 s
gen_race                 L=27  B=16    m=200   inner=1      min=   104.547 us/xform  median=   104.574  sd=  0.02%     13.43 GF/s  setup=0.005 s
gen_race                 L=27  B=16    m=200   inner=1      min=   104.537 us/xform  median=   104.551  sd=  0.02%     13.43 GF/s  setup=0.006 s
gen_race                 L=27  B=16    m=2     inner=1      min=   132.183 us/xform  median=   132.183  sd=  0.00%     10.62 GF/s  setup=0.005 s
gen_twiddle              L=27  B=16    m=200   inner=1      min=   235.358 us/xform  median=   235.423  sd=  0.02%      5.96 GF/s  setup=0.004 s
gen_twiddle              L=27  B=16    m=200   inner=1      min=   238.182 us/xform  median=   238.293  sd=  0.02%      5.89 GF/s  setup=0.003 s
gen_twiddle              L=27  B=16    m=200   inner=1      min=   239.308 us/xform  median=   239.390  sd=  0.03%      5.87 GF/s  setup=0.005 s
gen_twiddle              L=27  B=16    m=2     inner=1      min=   289.184 us/xform  median=   289.184  sd=  0.00%      4.85 GF/s  setup=0.004 s
mkl2026_dfti             L=27  B=16    m=200   inner=1      min=   148.416 us/xform  median=   148.501  sd=  0.05%      9.46 GF/s  setup=0.030 s
mkl2026_dfti             L=27  B=16    m=200   inner=1      min=   148.355 us/xform  median=   148.484  sd=  0.04%      9.46 GF/s  setup=0.047 s
mkl2026_dfti             L=27  B=16    m=200   inner=1      min=   148.253 us/xform  median=   148.368  sd=  0.05%      9.47 GF/s  setup=0.029 s
mkl2026_dfti             L=27  B=16    m=2     inner=1      min=   290.018 us/xform  median=   290.018  sd=  0.00%      4.84 GF/s  setup=0.055 s
mkl_dfti                 L=27  B=16    m=200   inner=1      min=   144.354 us/xform  median=   144.405  sd=  0.02%      9.73 GF/s  setup=0.033 s
mkl_dfti                 L=27  B=16    m=200   inner=1      min=   144.609 us/xform  median=   144.691  sd=  0.03%      9.71 GF/s  setup=0.050 s
mkl_dfti                 L=27  B=16    m=200   inner=1      min=   144.315 us/xform  median=   144.409  sd=  0.04%      9.73 GF/s  setup=0.051 s
mkl_dfti                 L=27  B=16    m=2     inner=1      min=   285.354 us/xform  median=   285.354  sd=  0.00%      4.92 GF/s  setup=0.053 s
baseline_matrix          L=31  B=16    m=140   inner=1      min=  4853.177 us/xform  median=  4853.271  sd=  0.00%      0.46 GF/s  setup=0.000 s
baseline_matrix          L=31  B=16    m=140   inner=1      min=  4852.910 us/xform  median=  4853.084  sd=  0.00%      0.46 GF/s  setup=0.000 s
baseline_matrix          L=31  B=16    m=140   inner=1      min=  4852.189 us/xform  median=  4852.305  sd=  0.00%      0.46 GF/s  setup=0.000 s
baseline_matrix          L=31  B=16    m=2     inner=1      min=  4878.388 us/xform  median=  4878.388  sd=  0.00%      0.45 GF/s  setup=0.000 s
ducc0_c2c                L=31  B=16    m=140   inner=1      min=   718.744 us/xform  median=   719.547  sd=  0.11%      3.08 GF/s  setup=0.000 s
ducc0_c2c                L=31  B=16    m=140   inner=1      min=   721.468 us/xform  median=   722.667  sd=  0.10%      3.07 GF/s  setup=0.000 s
ducc0_c2c                L=31  B=16    m=140   inner=1      min=   715.949 us/xform  median=   717.483  sd=  0.10%      3.09 GF/s  setup=0.000 s
ducc0_c2c                L=31  B=16    m=2     inner=1      min=   922.309 us/xform  median=   922.309  sd=  0.00%      2.40 GF/s  setup=0.000 s
fftw3_estimate           L=31  B=16    m=140   inner=1      min=   860.776 us/xform  median=   860.872  sd=  0.01%      2.57 GF/s  setup=0.002 s
fftw3_estimate           L=31  B=16    m=140   inner=1      min=   859.565 us/xform  median=   859.689  sd=  0.01%      2.58 GF/s  setup=0.002 s
fftw3_estimate           L=31  B=16    m=140   inner=1      min=   860.013 us/xform  median=   860.961  sd=  0.05%      2.57 GF/s  setup=0.002 s
fftw3_estimate           L=31  B=16    m=2     inner=1      min=   919.669 us/xform  median=   919.669  sd=  0.00%      2.41 GF/s  setup=0.002 s
fftw3_measure            L=31  B=16    m=140   inner=1      min=   862.429 us/xform  median=   862.591  sd=  0.01%      2.57 GF/s  setup=0.089 s
fftw3_measure            L=31  B=16    m=140   inner=1      min=   860.426 us/xform  median=   860.557  sd=  0.01%      2.57 GF/s  setup=0.090 s
fftw3_measure            L=31  B=16    m=140   inner=1      min=   859.984 us/xform  median=   860.090  sd=  0.01%      2.57 GF/s  setup=0.089 s
fftw3_measure            L=31  B=16    m=2     inner=1      min=   886.218 us/xform  median=   886.218  sd=  0.00%      2.50 GF/s  setup=0.084 s
fftw3_patient            L=31  B=16    m=140   inner=1      min=   860.184 us/xform  median=   860.403  sd=  0.05%      2.57 GF/s  setup=0.225 s
fftw3_patient            L=31  B=16    m=140   inner=1      min=   860.435 us/xform  median=   860.524  sd=  0.01%      2.57 GF/s  setup=0.226 s
fftw3_patient            L=31  B=16    m=140   inner=1      min=   859.986 us/xform  median=   860.089  sd=  0.01%      2.57 GF/s  setup=0.241 s
fftw3_patient            L=31  B=16    m=2     inner=1      min=   888.501 us/xform  median=   888.501  sd=  0.00%      2.49 GF/s  setup=0.225 s
gen_bluestein            L=31  B=16    m=140   inner=1      min=   301.272 us/xform  median=   301.428  sd=  0.05%      7.35 GF/s  setup=0.000 s
gen_bluestein            L=31  B=16    m=140   inner=1      min=   303.108 us/xform  median=   303.201  sd=  0.04%      7.30 GF/s  setup=0.000 s
gen_bluestein            L=31  B=16    m=140   inner=1      min=   302.206 us/xform  median=   302.305  sd=  0.02%      7.33 GF/s  setup=0.000 s
gen_bluestein            L=31  B=16    m=2     inner=1      min=   333.656 us/xform  median=   333.656  sd=  0.00%      6.64 GF/s  setup=0.000 s
gen_dense_prime          L=31  B=16    m=140   inner=1      min=   123.828 us/xform  median=   123.866  sd=  0.02%     17.88 GF/s  setup=0.001 s
gen_dense_prime          L=31  B=16    m=140   inner=1      min=   123.928 us/xform  median=   123.943  sd=  0.04%     17.86 GF/s  setup=0.001 s
gen_dense_prime          L=31  B=16    m=140   inner=1      min=   124.382 us/xform  median=   124.396  sd=  0.04%     17.80 GF/s  setup=0.001 s
gen_dense_prime          L=31  B=16    m=2     inner=1      min=   183.423 us/xform  median=   183.423  sd=  0.00%     12.07 GF/s  setup=0.001 s
gen_layout               L=31  B=16    m=140   inner=1      min=   227.499 us/xform  median=   227.806  sd=  0.08%      9.73 GF/s  setup=0.001 s
gen_layout               L=31  B=16    m=140   inner=1      min=   230.207 us/xform  median=   230.354  sd=  0.06%      9.62 GF/s  setup=0.001 s
gen_layout               L=31  B=16    m=140   inner=1      min=   226.722 us/xform  median=   227.097  sd=  0.08%      9.76 GF/s  setup=0.001 s
gen_layout               L=31  B=16    m=2     inner=1      min=   266.332 us/xform  median=   266.332  sd=  0.00%      8.31 GF/s  setup=0.000 s
gen_planner              L=31  B=16    m=140   inner=1      min=   203.733 us/xform  median=   203.825  sd=  0.03%     10.87 GF/s  setup=0.011 s
gen_planner              L=31  B=16    m=140   inner=1      min=   203.795 us/xform  median=   203.897  sd=  0.02%     10.86 GF/s  setup=0.005 s
gen_planner              L=31  B=16    m=140   inner=1      min=   203.933 us/xform  median=   204.013  sd=  0.03%     10.86 GF/s  setup=0.005 s
gen_planner              L=31  B=16    m=2     inner=1      min=   242.229 us/xform  median=   242.229  sd=  0.00%      9.14 GF/s  setup=0.004 s
gen_race                 L=31  B=16    m=140   inner=1      min=   197.521 us/xform  median=   197.601  sd=  0.03%     11.21 GF/s  setup=0.025 s
gen_race                 L=31  B=16    m=140   inner=1      min=   195.633 us/xform  median=   195.684  sd=  0.03%     11.32 GF/s  setup=0.003 s
gen_race                 L=31  B=16    m=140   inner=1      min=   196.090 us/xform  median=   196.188  sd=  0.03%     11.29 GF/s  setup=0.007 s
gen_race                 L=31  B=16    m=2     inner=1      min=   227.307 us/xform  median=   227.307  sd=  0.00%      9.74 GF/s  setup=0.003 s
gen_rader                L=31  B=16    m=140   inner=1      min=    85.358 us/xform  median=    85.649  sd=  0.19%     25.94 GF/s  setup=0.008 s
gen_rader                L=31  B=16    m=140   inner=1      min=    85.446 us/xform  median=    85.812  sd=  0.17%     25.91 GF/s  setup=0.007 s
gen_rader                L=31  B=16    m=140   inner=1      min=    85.088 us/xform  median=    85.555  sd=  0.23%     26.02 GF/s  setup=0.007 s
gen_rader                L=31  B=16    m=2     inner=1      min=   141.330 us/xform  median=   141.330  sd=  0.00%     15.66 GF/s  setup=0.007 s
gen_twiddle              L=31  B=16    m=140   inner=1      min=   467.193 us/xform  median=   467.268  sd=  0.02%      4.74 GF/s  setup=0.006 s
gen_twiddle              L=31  B=16    m=140   inner=1      min=   462.532 us/xform  median=   462.795  sd=  0.03%      4.79 GF/s  setup=0.006 s
gen_twiddle              L=31  B=16    m=140   inner=1      min=   470.126 us/xform  median=   470.196  sd=  0.01%      4.71 GF/s  setup=0.006 s
gen_twiddle              L=31  B=16    m=2     inner=1      min=   519.080 us/xform  median=   519.080  sd=  0.00%      4.26 GF/s  setup=0.005 s
mkl2026_dfti             L=31  B=16    m=140   inner=1      min=   883.339 us/xform  median=   883.401  sd=  0.01%      2.51 GF/s  setup=0.052 s
mkl2026_dfti             L=31  B=16    m=140   inner=1      min=   883.352 us/xform  median=   883.496  sd=  0.01%      2.51 GF/s  setup=0.049 s
mkl2026_dfti             L=31  B=16    m=140   inner=1      min=   883.512 us/xform  median=   883.587  sd=  0.01%      2.51 GF/s  setup=0.054 s
mkl2026_dfti             L=31  B=16    m=2     inner=1      min=  1035.490 us/xform  median=  1035.490  sd=  0.00%      2.14 GF/s  setup=0.045 s
mkl_dfti                 L=31  B=16    m=140   inner=1      min=   849.328 us/xform  median=   849.427  sd=  0.01%      2.61 GF/s  setup=0.030 s
mkl_dfti                 L=31  B=16    m=140   inner=1      min=   848.597 us/xform  median=   848.710  sd=  0.01%      2.61 GF/s  setup=0.050 s
mkl_dfti                 L=31  B=16    m=140   inner=1      min=   849.034 us/xform  median=   849.154  sd=  0.01%      2.61 GF/s  setup=0.031 s
mkl_dfti                 L=31  B=16    m=2     inner=1      min=   996.442 us/xform  median=   996.442  sd=  0.00%      2.22 GF/s  setup=0.049 s
baseline_matrix          L=32  B=8     m=250   inner=1      min=  5753.316 us/xform  median=  5753.377  sd=  0.00%      0.43 GF/s  setup=0.000 s
baseline_matrix          L=32  B=8     m=250   inner=1      min=  5752.764 us/xform  median=  5752.855  sd=  0.00%      0.43 GF/s  setup=0.000 s
baseline_matrix          L=32  B=8     m=250   inner=1      min=  5752.451 us/xform  median=  5752.494  sd=  0.00%      0.43 GF/s  setup=0.000 s
baseline_matrix          L=32  B=8     m=2     inner=1      min=  5781.813 us/xform  median=  5781.813  sd=  0.00%      0.43 GF/s  setup=0.000 s
ducc0_c2c                L=32  B=8     m=250   inner=1      min=   310.285 us/xform  median=   310.616  sd=  0.11%      7.92 GF/s  setup=0.000 s
ducc0_c2c                L=32  B=8     m=250   inner=1      min=   308.990 us/xform  median=   309.497  sd=  0.14%      7.95 GF/s  setup=0.000 s
ducc0_c2c                L=32  B=8     m=250   inner=1      min=   315.283 us/xform  median=   315.896  sd=  0.17%      7.79 GF/s  setup=0.000 s
ducc0_c2c                L=32  B=8     m=2     inner=1      min=   414.695 us/xform  median=   414.695  sd=  0.00%      5.93 GF/s  setup=0.000 s
fftw3_estimate           L=32  B=8     m=250   inner=1      min=   407.648 us/xform  median=   408.112  sd=  0.05%      6.03 GF/s  setup=0.001 s
fftw3_estimate           L=32  B=8     m=250   inner=1      min=   409.790 us/xform  median=   410.123  sd=  0.04%      6.00 GF/s  setup=0.001 s
fftw3_estimate           L=32  B=8     m=250   inner=1      min=   408.465 us/xform  median=   408.698  sd=  0.03%      6.02 GF/s  setup=0.001 s
fftw3_estimate           L=32  B=8     m=2     inner=1      min=   502.014 us/xform  median=   502.014  sd=  0.00%      4.90 GF/s  setup=0.001 s
fftw3_measure            L=32  B=8     m=250   inner=1      min=   210.770 us/xform  median=   210.822  sd=  0.02%     11.66 GF/s  setup=0.082 s
fftw3_measure            L=32  B=8     m=250   inner=1      min=   212.108 us/xform  median=   212.158  sd=  0.02%     11.59 GF/s  setup=0.086 s
fftw3_measure            L=32  B=8     m=250   inner=1      min=   210.502 us/xform  median=   210.540  sd=  0.02%     11.67 GF/s  setup=0.082 s
fftw3_measure            L=32  B=8     m=2     inner=1      min=   252.516 us/xform  median=   252.516  sd=  0.00%      9.73 GF/s  setup=0.085 s
fftw3_patient            L=32  B=8     m=250   inner=1      min=   208.409 us/xform  median=   208.466  sd=  0.04%     11.79 GF/s  setup=0.542 s
fftw3_patient            L=32  B=8     m=250   inner=1      min=   212.969 us/xform  median=   213.015  sd=  0.02%     11.54 GF/s  setup=0.497 s
fftw3_patient            L=32  B=8     m=250   inner=1      min=   212.678 us/xform  median=   212.718  sd=  0.01%     11.56 GF/s  setup=0.488 s
fftw3_patient            L=32  B=8     m=2     inner=1      min=   248.795 us/xform  median=   248.795  sd=  0.00%      9.88 GF/s  setup=0.501 s
gen_bluestein            L=32  B=8     m=250   inner=1      min=   314.978 us/xform  median=   315.033  sd=  0.01%      7.80 GF/s  setup=0.000 s
gen_bluestein            L=32  B=8     m=250   inner=1      min=   314.375 us/xform  median=   314.408  sd=  0.01%      7.82 GF/s  setup=0.000 s
gen_bluestein            L=32  B=8     m=250   inner=1      min=   317.561 us/xform  median=   317.601  sd=  0.01%      7.74 GF/s  setup=0.000 s
gen_bluestein            L=32  B=8     m=2     inner=1      min=   361.647 us/xform  median=   361.647  sd=  0.00%      6.80 GF/s  setup=0.000 s
gen_layout               L=32  B=8     m=250   inner=1      min=   232.635 us/xform  median=   232.910  sd=  0.05%     10.56 GF/s  setup=0.000 s
gen_layout               L=32  B=8     m=250   inner=1      min=   226.091 us/xform  median=   226.390  sd=  0.07%     10.87 GF/s  setup=0.001 s
gen_layout               L=32  B=8     m=250   inner=1      min=   229.623 us/xform  median=   230.066  sd=  0.07%     10.70 GF/s  setup=0.000 s
gen_layout               L=32  B=8     m=2     inner=1      min=   251.752 us/xform  median=   251.752  sd=  0.00%      9.76 GF/s  setup=0.000 s
gen_planner              L=32  B=8     m=250   inner=1      min=   128.275 us/xform  median=   128.307  sd=  0.03%     19.16 GF/s  setup=0.011 s
gen_planner              L=32  B=8     m=250   inner=1      min=   129.223 us/xform  median=   129.259  sd=  0.01%     19.02 GF/s  setup=0.004 s
gen_planner              L=32  B=8     m=250   inner=1      min=   128.262 us/xform  median=   128.276  sd=  0.01%     19.16 GF/s  setup=0.005 s
gen_planner              L=32  B=8     m=2     inner=1      min=   167.249 us/xform  median=   167.249  sd=  0.00%     14.69 GF/s  setup=0.005 s
gen_pow2                 L=32  B=8     m=250   inner=1      min=    58.555 us/xform  median=    58.563  sd=  9.27%     41.97 GF/s  setup=0.000 s
gen_pow2                 L=32  B=8     m=250   inner=1      min=    58.102 us/xform  median=    63.609  sd=  6.54%     42.30 GF/s  setup=0.000 s
gen_pow2                 L=32  B=8     m=250   inner=1      min=    57.322 us/xform  median=    57.386  sd=  6.49%     42.87 GF/s  setup=0.000 s
gen_pow2                 L=32  B=8     m=2     inner=1      min=   107.634 us/xform  median=   107.634  sd=  0.00%     22.83 GF/s  setup=0.000 s
gen_race                 L=32  B=8     m=250   inner=1      min=   129.631 us/xform  median=   129.657  sd=  0.02%     18.96 GF/s  setup=0.024 s
gen_race                 L=32  B=8     m=250   inner=1      min=   128.394 us/xform  median=   128.438  sd=  0.02%     19.14 GF/s  setup=0.006 s
gen_race                 L=32  B=8     m=250   inner=1      min=   127.314 us/xform  median=   127.341  sd=  0.02%     19.30 GF/s  setup=0.005 s
gen_race                 L=32  B=8     m=2     inner=1      min=   157.438 us/xform  median=   157.438  sd=  0.00%     15.61 GF/s  setup=0.003 s
gen_twiddle              L=32  B=8     m=250   inner=1      min=   361.545 us/xform  median=   361.662  sd=  0.02%      6.80 GF/s  setup=0.005 s
gen_twiddle              L=32  B=8     m=250   inner=1      min=   360.667 us/xform  median=   361.358  sd=  0.11%      6.81 GF/s  setup=0.004 s
gen_twiddle              L=32  B=8     m=250   inner=1      min=   361.202 us/xform  median=   361.385  sd=  0.03%      6.80 GF/s  setup=0.006 s
gen_twiddle              L=32  B=8     m=2     inner=1      min=   433.714 us/xform  median=   433.714  sd=  0.00%      5.67 GF/s  setup=0.005 s
mkl2026_dfti             L=32  B=8     m=250   inner=1      min=   187.737 us/xform  median=   188.014  sd=  0.08%     13.09 GF/s  setup=0.003 s
mkl2026_dfti             L=32  B=8     m=250   inner=1      min=   187.189 us/xform  median=   187.546  sd=  0.21%     13.13 GF/s  setup=0.002 s
mkl2026_dfti             L=32  B=8     m=250   inner=1      min=   187.345 us/xform  median=   187.992  sd=  0.23%     13.12 GF/s  setup=0.002 s
mkl2026_dfti             L=32  B=8     m=2     inner=1      min=   252.373 us/xform  median=   252.373  sd=  0.00%      9.74 GF/s  setup=0.002 s
mkl_dfti                 L=32  B=8     m=250   inner=1      min=   183.465 us/xform  median=   183.682  sd=  0.05%     13.40 GF/s  setup=0.003 s
mkl_dfti                 L=32  B=8     m=250   inner=1      min=   183.278 us/xform  median=   183.660  sd=  0.09%     13.41 GF/s  setup=0.001 s
mkl_dfti                 L=32  B=8     m=250   inner=1      min=   176.100 us/xform  median=   176.558  sd=  0.12%     13.96 GF/s  setup=0.002 s
mkl_dfti                 L=32  B=8     m=2     inner=1      min=   239.902 us/xform  median=   239.902  sd=  0.00%     10.24 GF/s  setup=0.002 s
baseline_matrix          L=40  B=8     m=128   inner=1      min= 13463.024 us/xform  median= 13463.124  sd=  0.00%      0.38 GF/s  setup=0.000 s
baseline_matrix          L=40  B=8     m=128   inner=1      min= 13465.185 us/xform  median= 13465.361  sd=  0.00%      0.38 GF/s  setup=0.000 s
baseline_matrix          L=40  B=8     m=128   inner=1      min= 13458.264 us/xform  median= 13458.518  sd=  0.00%      0.38 GF/s  setup=0.000 s
baseline_matrix          L=40  B=8     m=2     inner=1      min= 13516.645 us/xform  median= 13516.645  sd=  0.00%      0.38 GF/s  setup=0.000 s
ducc0_c2c                L=40  B=8     m=128   inner=1      min=   597.449 us/xform  median=   599.354  sd=  0.21%      8.55 GF/s  setup=0.000 s
ducc0_c2c                L=40  B=8     m=128   inner=1      min=   603.081 us/xform  median=   605.067  sd=  0.24%      8.47 GF/s  setup=0.000 s
ducc0_c2c                L=40  B=8     m=128   inner=1      min=   612.760 us/xform  median=   615.101  sd=  0.30%      8.34 GF/s  setup=0.000 s
ducc0_c2c                L=40  B=8     m=2     inner=1      min=   785.233 us/xform  median=   785.233  sd=  0.00%      6.51 GF/s  setup=0.000 s
fftw3_estimate           L=40  B=8     m=128   inner=1      min=  1611.983 us/xform  median=  1616.945  sd=  0.13%      3.17 GF/s  setup=0.002 s
fftw3_estimate           L=40  B=8     m=128   inner=1      min=  1607.317 us/xform  median=  1610.303  sd=  0.11%      3.18 GF/s  setup=0.002 s
fftw3_estimate           L=40  B=8     m=128   inner=1      min=  1611.266 us/xform  median=  1614.101  sd=  0.10%      3.17 GF/s  setup=0.002 s
fftw3_estimate           L=40  B=8     m=2     inner=1      min=  1699.148 us/xform  median=  1699.148  sd=  0.00%      3.01 GF/s  setup=0.002 s
fftw3_measure            L=40  B=8     m=128   inner=1      min=   558.544 us/xform  median=   559.071  sd=  0.05%      9.15 GF/s  setup=0.148 s
fftw3_measure            L=40  B=8     m=128   inner=1      min=   552.616 us/xform  median=   553.069  sd=  0.04%      9.25 GF/s  setup=0.154 s
fftw3_measure            L=40  B=8     m=128   inner=1      min=   554.402 us/xform  median=   554.634  sd=  0.03%      9.22 GF/s  setup=0.153 s
fftw3_measure            L=40  B=8     m=2     inner=1      min=   621.872 us/xform  median=   621.872  sd=  0.00%      8.22 GF/s  setup=0.148 s
fftw3_patient            L=40  B=8     m=128   inner=1      min=   520.222 us/xform  median=   520.467  sd=  0.04%      9.82 GF/s  setup=1.293 s
fftw3_patient            L=40  B=8     m=128   inner=1      min=   535.488 us/xform  median=   535.996  sd=  0.05%      9.54 GF/s  setup=1.487 s
fftw3_patient            L=40  B=8     m=128   inner=1      min=   527.036 us/xform  median=   527.506  sd=  0.04%      9.69 GF/s  setup=1.294 s
fftw3_patient            L=40  B=8     m=2     inner=1      min=   598.982 us/xform  median=   598.982  sd=  0.00%      8.53 GF/s  setup=1.297 s
gen_bluestein            L=40  B=8     m=128   inner=1      min=  1164.811 us/xform  median=  1165.441  sd=  0.04%      4.39 GF/s  setup=0.000 s
gen_bluestein            L=40  B=8     m=128   inner=1      min=  1153.647 us/xform  median=  1154.279  sd=  0.04%      4.43 GF/s  setup=0.000 s
gen_bluestein            L=40  B=8     m=128   inner=1      min=  1150.441 us/xform  median=  1151.036  sd=  0.03%      4.44 GF/s  setup=0.000 s
gen_bluestein            L=40  B=8     m=2     inner=1      min=  1400.976 us/xform  median=  1400.976  sd=  0.00%      3.65 GF/s  setup=0.000 s
gen_layout               L=40  B=8     m=128   inner=1      min=   490.647 us/xform  median=   491.278  sd=  0.07%     10.41 GF/s  setup=0.001 s
gen_layout               L=40  B=8     m=128   inner=1      min=   486.922 us/xform  median=   487.008  sd=  0.02%     10.49 GF/s  setup=0.001 s
gen_layout               L=40  B=8     m=128   inner=1      min=   493.942 us/xform  median=   494.012  sd=  0.02%     10.34 GF/s  setup=0.001 s
gen_layout               L=40  B=8     m=2     inner=1      min=   572.591 us/xform  median=   572.591  sd=  0.00%      8.92 GF/s  setup=0.001 s
gen_pfa_large            L=40  B=8     m=128   inner=1      min=   203.857 us/xform  median=   204.005  sd=  0.05%     25.06 GF/s  setup=0.578 s
gen_pfa_large            L=40  B=8     m=128   inner=1      min=   202.382 us/xform  median=   202.687  sd=  4.44%     25.24 GF/s  setup=0.005 s
gen_pfa_large            L=40  B=8     m=128   inner=1      min=   204.023 us/xform  median=   204.258  sd=  0.06%     25.04 GF/s  setup=0.003 s
gen_pfa_large            L=40  B=8     m=2     inner=1      min=   271.244 us/xform  median=   271.244  sd=  0.00%     18.84 GF/s  setup=0.002 s
gen_planner              L=40  B=8     m=128   inner=1      min=   278.288 us/xform  median=   278.364  sd=  0.04%     18.36 GF/s  setup=0.018 s
gen_planner              L=40  B=8     m=128   inner=1      min=   277.752 us/xform  median=   277.819  sd=  0.04%     18.39 GF/s  setup=0.006 s
gen_planner              L=40  B=8     m=128   inner=1      min=   280.377 us/xform  median=   280.430  sd=  0.03%     18.22 GF/s  setup=0.008 s
gen_planner              L=40  B=8     m=2     inner=1      min=   377.810 us/xform  median=   377.810  sd=  0.00%     13.52 GF/s  setup=0.007 s
gen_race                 L=40  B=8     m=128   inner=1      min=   269.812 us/xform  median=   270.002  sd=  0.05%     18.94 GF/s  setup=0.054 s
gen_race                 L=40  B=8     m=128   inner=1      min=   269.776 us/xform  median=   269.815  sd=  0.04%     18.94 GF/s  setup=0.009 s
gen_race                 L=40  B=8     m=128   inner=1      min=   269.889 us/xform  median=   269.987  sd=  0.04%     18.93 GF/s  setup=0.006 s
gen_race                 L=40  B=8     m=2     inner=1      min=   365.509 us/xform  median=   365.509  sd=  0.00%     13.98 GF/s  setup=0.003 s
gen_twiddle              L=40  B=8     m=128   inner=1      min=   653.413 us/xform  median=   653.612  sd=  0.03%      7.82 GF/s  setup=0.008 s
gen_twiddle              L=40  B=8     m=128   inner=1      min=   656.636 us/xform  median=   657.026  sd=  0.05%      7.78 GF/s  setup=0.008 s
gen_twiddle              L=40  B=8     m=128   inner=1      min=   667.424 us/xform  median=   668.290  sd=  0.06%      7.65 GF/s  setup=0.006 s
gen_twiddle              L=40  B=8     m=2     inner=1      min=   823.045 us/xform  median=   823.045  sd=  0.00%      6.21 GF/s  setup=0.008 s
mkl2026_dfti             L=40  B=8     m=128   inner=1      min=   404.881 us/xform  median=   405.404  sd=  0.09%     12.62 GF/s  setup=0.003 s
mkl2026_dfti             L=40  B=8     m=128   inner=1      min=   404.981 us/xform  median=   405.172  sd=  0.03%     12.62 GF/s  setup=0.001 s
mkl2026_dfti             L=40  B=8     m=128   inner=1      min=   405.456 us/xform  median=   406.217  sd=  0.08%     12.60 GF/s  setup=0.002 s
mkl2026_dfti             L=40  B=8     m=2     inner=1      min=   690.054 us/xform  median=   690.054  sd=  0.00%      7.40 GF/s  setup=0.002 s
mkl_dfti                 L=40  B=8     m=128   inner=1      min=   407.630 us/xform  median=   408.506  sd=  0.13%     12.53 GF/s  setup=0.003 s
mkl_dfti                 L=40  B=8     m=128   inner=1      min=   405.851 us/xform  median=   406.202  sd=  0.06%     12.59 GF/s  setup=0.002 s
mkl_dfti                 L=40  B=8     m=128   inner=1      min=   406.610 us/xform  median=   406.881  sd=  0.04%     12.56 GF/s  setup=0.002 s
mkl_dfti                 L=40  B=8     m=2     inner=1      min=   657.365 us/xform  median=   657.365  sd=  0.00%      7.77 GF/s  setup=0.002 s
baseline_matrix          L=50  B=4     m=128   inner=1      min= 34089.938 us/xform  median= 34093.838  sd=  0.03%      0.31 GF/s  setup=0.000 s
baseline_matrix          L=50  B=4     m=128   inner=1      min= 34680.786 us/xform  median= 34685.039  sd=  0.01%      0.31 GF/s  setup=0.000 s
baseline_matrix          L=50  B=4     m=128   inner=1      min= 34800.791 us/xform  median= 34807.399  sd=  0.01%      0.30 GF/s  setup=0.000 s
baseline_matrix          L=50  B=4     m=2     inner=1      min= 34481.220 us/xform  median= 34481.220  sd=  0.00%      0.31 GF/s  setup=0.000 s
ducc0_c2c                L=50  B=4     m=128   inner=1      min=  1274.853 us/xform  median=  1278.679  sd=  0.27%      8.30 GF/s  setup=0.000 s
ducc0_c2c                L=50  B=4     m=128   inner=1      min=  1270.504 us/xform  median=  1275.539  sd=  0.27%      8.33 GF/s  setup=0.000 s
ducc0_c2c                L=50  B=4     m=128   inner=1      min=  1269.447 us/xform  median=  1272.971  sd=  0.28%      8.34 GF/s  setup=0.000 s
ducc0_c2c                L=50  B=4     m=2     inner=1      min=  1444.804 us/xform  median=  1444.804  sd=  0.00%      7.32 GF/s  setup=0.000 s
fftw3_estimate           L=50  B=4     m=128   inner=1      min=  1628.480 us/xform  median=  1630.690  sd=  0.09%      6.50 GF/s  setup=0.003 s
fftw3_estimate           L=50  B=4     m=128   inner=1      min=  1630.304 us/xform  median=  1632.113  sd=  0.06%      6.49 GF/s  setup=0.003 s
fftw3_estimate           L=50  B=4     m=128   inner=1      min=  1626.369 us/xform  median=  1627.780  sd=  0.08%      6.51 GF/s  setup=0.003 s
fftw3_estimate           L=50  B=4     m=2     inner=1      min=  1999.569 us/xform  median=  1999.569  sd=  0.00%      5.29 GF/s  setup=0.003 s
fftw3_measure            L=50  B=4     m=128   inner=1      min=  1202.171 us/xform  median=  1206.441  sd=  0.17%      8.80 GF/s  setup=0.092 s
fftw3_measure            L=50  B=4     m=128   inner=1      min=  1184.331 us/xform  median=  1186.169  sd=  0.12%      8.94 GF/s  setup=0.088 s
fftw3_measure            L=50  B=4     m=128   inner=1      min=  1248.014 us/xform  median=  1251.152  sd=  0.13%      8.48 GF/s  setup=0.091 s
fftw3_measure            L=50  B=4     m=2     inner=1      min=  1323.104 us/xform  median=  1323.104  sd=  0.00%      8.00 GF/s  setup=0.089 s
fftw3_patient            L=50  B=4     m=128   inner=1      min=  1180.953 us/xform  median=  1182.134  sd=  0.05%      8.96 GF/s  setup=1.317 s
fftw3_patient            L=50  B=4     m=128   inner=1      min=  1171.259 us/xform  median=  1171.730  sd=  0.02%      9.03 GF/s  setup=1.325 s
fftw3_patient            L=50  B=4     m=128   inner=1      min=  1214.731 us/xform  median=  1215.310  sd=  0.03%      8.71 GF/s  setup=1.343 s
fftw3_patient            L=50  B=4     m=2     inner=1      min=  1304.333 us/xform  median=  1304.333  sd=  0.00%      8.11 GF/s  setup=1.123 s
gen_bluestein            L=50  B=4     m=128   inner=1      min=  1931.920 us/xform  median=  1933.190  sd=  0.04%      5.48 GF/s  setup=0.000 s
gen_bluestein            L=50  B=4     m=128   inner=1      min=  1973.460 us/xform  median=  1974.460  sd=  0.04%      5.36 GF/s  setup=0.000 s
gen_bluestein            L=50  B=4     m=128   inner=1      min=  1961.948 us/xform  median=  1963.018  sd=  0.03%      5.39 GF/s  setup=0.000 s
gen_bluestein            L=50  B=4     m=2     inner=1      min=  2249.867 us/xform  median=  2249.867  sd=  0.00%      4.70 GF/s  setup=0.000 s
gen_layout               L=50  B=4     m=128   inner=1      min=  1197.177 us/xform  median=  1197.535  sd=  0.03%      8.84 GF/s  setup=0.001 s
gen_layout               L=50  B=4     m=128   inner=1      min=  1197.987 us/xform  median=  1198.249  sd=  0.02%      8.83 GF/s  setup=0.001 s
gen_layout               L=50  B=4     m=128   inner=1      min=  1209.889 us/xform  median=  1210.168  sd=  0.01%      8.75 GF/s  setup=0.001 s
gen_layout               L=50  B=4     m=2     inner=1      min=  1468.612 us/xform  median=  1468.612  sd=  0.00%      7.21 GF/s  setup=0.001 s
gen_pfa_large            L=50  B=4     m=128   inner=1      min=   476.187 us/xform  median=   476.459  sd=  0.04%     22.22 GF/s  setup=0.899 s
gen_pfa_large            L=50  B=4     m=128   inner=1      min=   473.988 us/xform  median=   474.164  sd=  0.04%     22.33 GF/s  setup=0.003 s
gen_pfa_large            L=50  B=4     m=128   inner=1      min=   475.351 us/xform  median=   475.648  sd=  0.04%     22.26 GF/s  setup=0.003 s
gen_pfa_large            L=50  B=4     m=2     inner=1      min=   606.760 us/xform  median=   606.760  sd=  0.00%     17.44 GF/s  setup=0.003 s
gen_planner              L=50  B=4     m=128   inner=1      min=   776.166 us/xform  median=   776.365  sd=  0.03%     13.63 GF/s  setup=0.031 s
gen_planner              L=50  B=4     m=128   inner=1      min=   772.454 us/xform  median=   772.544  sd=  0.03%     13.70 GF/s  setup=0.014 s
gen_planner              L=50  B=4     m=128   inner=1      min=   780.039 us/xform  median=   780.254  sd=  0.02%     13.57 GF/s  setup=0.014 s
gen_planner              L=50  B=4     m=2     inner=1      min=   987.714 us/xform  median=   987.714  sd=  0.00%     10.71 GF/s  setup=0.010 s
gen_powp                 L=50  B=4     m=128   inner=1      min=   490.751 us/xform  median=   490.907  sd=  0.05%     21.56 GF/s  setup=0.849 s
gen_powp                 L=50  B=4     m=128   inner=1      min=   474.133 us/xform  median=   474.531  sd=  0.04%     22.32 GF/s  setup=0.002 s
gen_powp                 L=50  B=4     m=128   inner=1      min=   473.678 us/xform  median=   474.036  sd=  0.05%     22.34 GF/s  setup=0.003 s
gen_powp                 L=50  B=4     m=2     inner=1      min=   571.944 us/xform  median=   571.944  sd=  0.00%     18.50 GF/s  setup=0.001 s
gen_race                 L=50  B=4     m=128   inner=1      min=   781.082 us/xform  median=   781.386  sd=  0.03%     13.55 GF/s  setup=0.053 s
gen_race                 L=50  B=4     m=128   inner=1      min=   772.611 us/xform  median=   772.756  sd=  0.03%     13.70 GF/s  setup=0.003 s
gen_race                 L=50  B=4     m=128   inner=1      min=   784.088 us/xform  median=   784.305  sd=  0.03%     13.50 GF/s  setup=0.008 s
gen_race                 L=50  B=4     m=2     inner=1      min=   973.130 us/xform  median=   973.130  sd=  0.00%     10.87 GF/s  setup=0.003 s
gen_twiddle              L=50  B=4     m=128   inner=1      min=  1382.591 us/xform  median=  1382.746  sd=  0.01%      7.65 GF/s  setup=0.013 s
gen_twiddle              L=50  B=4     m=128   inner=1      min=  1384.857 us/xform  median=  1385.208  sd=  0.02%      7.64 GF/s  setup=0.015 s
gen_twiddle              L=50  B=4     m=128   inner=1      min=  1383.024 us/xform  median=  1383.325  sd=  0.02%      7.65 GF/s  setup=0.012 s
gen_twiddle              L=50  B=4     m=2     inner=1      min=  1643.453 us/xform  median=  1643.453  sd=  0.00%      6.44 GF/s  setup=0.013 s
mkl2026_dfti             L=50  B=4     m=128   inner=1      min=   964.660 us/xform  median=   966.511  sd=  0.16%     10.97 GF/s  setup=0.049 s
mkl2026_dfti             L=50  B=4     m=128   inner=1      min=   963.973 us/xform  median=   965.566  sd=  0.11%     10.98 GF/s  setup=0.058 s
mkl2026_dfti             L=50  B=4     m=128   inner=1      min=   965.236 us/xform  median=   969.387  sd=  0.24%     10.96 GF/s  setup=0.048 s
mkl2026_dfti             L=50  B=4     m=2     inner=1      min=  1539.433 us/xform  median=  1539.433  sd=  0.00%      6.87 GF/s  setup=0.051 s
mkl_dfti                 L=50  B=4     m=128   inner=1      min=   947.159 us/xform  median=   947.876  sd=  0.04%     11.17 GF/s  setup=0.032 s
mkl_dfti                 L=50  B=4     m=128   inner=1      min=   947.782 us/xform  median=   948.358  sd=  0.07%     11.17 GF/s  setup=0.032 s
mkl_dfti                 L=50  B=4     m=128   inner=1      min=   948.407 us/xform  median=   948.967  sd=  0.07%     11.16 GF/s  setup=0.049 s
mkl_dfti                 L=50  B=4     m=2     inner=1      min=  1465.642 us/xform  median=  1465.642  sd=  0.00%      7.22 GF/s  setup=0.049 s
fftw3_guru               L=10  B=64    m=1000  inner=1      min=     6.523 us/xform  median=     6.523  sd=  0.03%      7.64 GF/s  setup=0.011 s
fftw3_guru               L=10  B=64    m=1000  inner=1      min=     6.515 us/xform  median=     6.518  sd=  0.07%      7.65 GF/s  setup=0.010 s
fftw3_guru               L=10  B=64    m=1000  inner=1      min=     6.531 us/xform  median=     6.532  sd=  0.02%      7.63 GF/s  setup=0.010 s
baseline_matrix          L=100 B=1     m=2     inner=1      min=601398.373 us/xform  median=601398.373  sd=  0.00%      0.17 GF/s  setup=0.000 s
ducc0_c2c                L=100 B=1     m=64    inner=1      min= 11827.305 us/xform  median= 11871.248  sd=  0.49%      8.43 GF/s  setup=0.000 s
ducc0_c2c                L=100 B=1     m=64    inner=1      min= 11920.536 us/xform  median= 11963.022  sd=  0.46%      8.36 GF/s  setup=0.000 s
ducc0_c2c                L=100 B=1     m=64    inner=1      min= 11829.140 us/xform  median= 11883.860  sd=  0.46%      8.42 GF/s  setup=0.000 s
ducc0_c2c                L=100 B=1     m=2     inner=1      min= 12848.452 us/xform  median= 12848.452  sd=  0.00%      7.76 GF/s  setup=0.000 s
fftw3_estimate           L=100 B=1     m=64    inner=1      min= 20754.686 us/xform  median= 20766.530  sd=  0.03%      4.80 GF/s  setup=0.002 s
fftw3_estimate           L=100 B=1     m=64    inner=1      min= 20607.121 us/xform  median= 20620.673  sd=  0.03%      4.84 GF/s  setup=0.002 s
fftw3_estimate           L=100 B=1     m=64    inner=1      min= 20663.148 us/xform  median= 20671.155  sd=  0.02%      4.82 GF/s  setup=0.002 s
fftw3_estimate           L=100 B=1     m=2     inner=1      min= 21563.914 us/xform  median= 21563.914  sd=  0.00%      4.62 GF/s  setup=0.002 s
fftw3_measure            L=100 B=1     m=64    inner=1      min= 11146.326 us/xform  median= 11153.979  sd=  0.03%      8.94 GF/s  setup=0.278 s
fftw3_measure            L=100 B=1     m=64    inner=1      min= 11080.229 us/xform  median= 11089.649  sd=  0.06%      8.99 GF/s  setup=0.275 s
fftw3_measure            L=100 B=1     m=64    inner=1      min= 11058.705 us/xform  median= 11073.267  sd=  0.05%      9.01 GF/s  setup=0.278 s
fftw3_measure            L=100 B=1     m=2     inner=1      min= 11696.845 us/xform  median= 11696.845  sd=  0.00%      8.52 GF/s  setup=0.277 s
fftw3_patient            L=100 B=1     m=64    inner=1      min=  9955.561 us/xform  median=  9964.957  sd=  0.05%     10.01 GF/s  setup=17.439 s
fftw3_patient            L=100 B=1     m=64    inner=1      min= 10063.213 us/xform  median= 10078.076  sd=  0.06%      9.90 GF/s  setup=17.335 s
fftw3_patient            L=100 B=1     m=64    inner=1      min= 10013.141 us/xform  median= 10017.240  sd=  0.04%      9.95 GF/s  setup=17.240 s
fftw3_patient            L=100 B=1     m=2     inner=1      min= 10800.201 us/xform  median= 10800.201  sd=  0.00%      9.23 GF/s  setup=17.954 s
gen_bluestein            L=100 B=1     m=64    inner=1      min= 15777.027 us/xform  median= 15781.469  sd=  0.02%      6.32 GF/s  setup=0.000 s
gen_bluestein            L=100 B=1     m=64    inner=1      min= 15786.082 us/xform  median= 15789.917  sd=  0.02%      6.31 GF/s  setup=0.000 s
gen_bluestein            L=100 B=1     m=64    inner=1      min= 15741.831 us/xform  median= 15743.741  sd=  0.01%      6.33 GF/s  setup=0.000 s
gen_bluestein            L=100 B=1     m=2     inner=1      min= 16404.271 us/xform  median= 16404.271  sd=  0.00%      6.08 GF/s  setup=0.000 s
gen_layout               L=100 B=1     m=64    inner=1      min= 18665.718 us/xform  median= 18667.200  sd=  0.02%      5.34 GF/s  setup=0.007 s
gen_layout               L=100 B=1     m=64    inner=1      min= 18792.230 us/xform  median= 18797.892  sd=  0.03%      5.30 GF/s  setup=0.007 s
gen_layout               L=100 B=1     m=64    inner=1      min= 18602.660 us/xform  median= 18608.562  sd=  0.02%      5.36 GF/s  setup=0.007 s
gen_layout               L=100 B=1     m=2     inner=1      min= 18802.183 us/xform  median= 18802.183  sd=  0.00%      5.30 GF/s  setup=0.007 s
gen_pfa_large            L=100 B=1     m=64    inner=1      min=  5184.083 us/xform  median=  5191.762  sd=  0.10%     19.22 GF/s  setup=7.605 s
gen_pfa_large            L=100 B=1     m=64    inner=1      min=  5181.197 us/xform  median=  5191.085  sd=  0.10%     19.23 GF/s  setup=0.003 s
gen_pfa_large            L=100 B=1     m=64    inner=1      min=  5089.048 us/xform  median=  5093.677  sd=  0.07%     19.58 GF/s  setup=0.004 s
gen_pfa_large            L=100 B=1     m=2     inner=1      min=  5915.260 us/xform  median=  5915.260  sd=  0.00%     16.85 GF/s  setup=0.003 s
gen_planner              L=100 B=1     m=64    inner=1      min=  6259.211 us/xform  median=  6264.597  sd=  0.09%     15.92 GF/s  setup=0.282 s
gen_planner              L=100 B=1     m=64    inner=1      min=  6219.999 us/xform  median=  6228.413  sd=  0.08%     16.02 GF/s  setup=0.083 s
gen_planner              L=100 B=1     m=64    inner=1      min=  6280.939 us/xform  median=  6284.108  sd=  0.06%     15.87 GF/s  setup=0.084 s
gen_planner              L=100 B=1     m=2     inner=1      min=  7409.969 us/xform  median=  7409.969  sd=  0.00%     13.45 GF/s  setup=0.073 s
gen_powp                 L=100 B=1     m=64    inner=1      min=  5035.003 us/xform  median=  5043.008  sd=  0.11%     19.79 GF/s  setup=5.145 s
gen_powp                 L=100 B=1     m=64    inner=1      min=  5060.896 us/xform  median=  5068.824  sd=  0.10%     19.69 GF/s  setup=0.005 s
gen_powp                 L=100 B=1     m=64    inner=1      min=  5021.039 us/xform  median=  5030.308  sd=  0.14%     19.85 GF/s  setup=0.004 s
gen_powp                 L=100 B=1     m=2     inner=1      min=  6113.520 us/xform  median=  6113.520  sd=  0.00%     16.30 GF/s  setup=0.003 s
gen_race                 L=100 B=1     m=64    inner=1      min=  6264.974 us/xform  median=  6271.627  sd=  0.09%     15.91 GF/s  setup=0.435 s
gen_race                 L=100 B=1     m=64    inner=1      min=  6198.286 us/xform  median=  6204.874  sd=  0.07%     16.08 GF/s  setup=0.008 s
gen_race                 L=100 B=1     m=64    inner=1      min=  6327.731 us/xform  median=  6333.004  sd=  0.07%     15.75 GF/s  setup=0.006 s
gen_race                 L=100 B=1     m=2     inner=1      min=  7577.401 us/xform  median=  7577.401  sd=  0.00%     13.15 GF/s  setup=0.004 s
gen_twiddle              L=100 B=1     m=64    inner=1      min= 11412.586 us/xform  median= 11418.323  sd=  0.03%      8.73 GF/s  setup=0.105 s
gen_twiddle              L=100 B=1     m=64    inner=1      min= 11346.713 us/xform  median= 11350.596  sd=  0.05%      8.78 GF/s  setup=0.105 s
gen_twiddle              L=100 B=1     m=64    inner=1      min= 11422.264 us/xform  median= 11428.440  sd=  0.03%      8.72 GF/s  setup=0.104 s
gen_twiddle              L=100 B=1     m=2     inner=1      min= 13119.397 us/xform  median= 13119.397  sd=  0.00%      7.60 GF/s  setup=0.098 s
mkl2026_dfti             L=100 B=1     m=64    inner=1      min=  7875.033 us/xform  median=  7887.548  sd=  0.07%     12.65 GF/s  setup=0.052 s
mkl2026_dfti             L=100 B=1     m=64    inner=1      min=  7921.636 us/xform  median=  7929.684  sd=  0.05%     12.58 GF/s  setup=0.049 s
mkl2026_dfti             L=100 B=1     m=64    inner=1      min=  8115.616 us/xform  median=  8123.227  sd=  0.05%     12.28 GF/s  setup=0.048 s
mkl2026_dfti             L=100 B=1     m=2     inner=1      min=  9369.053 us/xform  median=  9369.053  sd=  0.00%     10.64 GF/s  setup=0.050 s
mkl_dfti                 L=100 B=1     m=64    inner=1      min=  7784.041 us/xform  median=  7790.921  sd=  0.09%     12.80 GF/s  setup=0.013 s
mkl_dfti                 L=100 B=1     m=64    inner=1      min=  7832.210 us/xform  median=  7839.752  sd=  0.06%     12.72 GF/s  setup=0.048 s
mkl_dfti                 L=100 B=1     m=64    inner=1      min=  7820.387 us/xform  median=  7824.644  sd=  0.04%     12.74 GF/s  setup=0.051 s
mkl_dfti                 L=100 B=1     m=2     inner=1      min=  8944.783 us/xform  median=  8944.783  sd=  0.00%     11.14 GF/s  setup=0.049 s
fftw3_guru               L=10  B=64    m=1000  inner=1      min=     6.555 us/xform  median=     6.556  sd=  0.01%      7.60 GF/s  setup=0.011 s
fftw3_guru               L=10  B=64    m=1000  inner=1      min=     6.540 us/xform  median=     6.540  sd=  0.05%      7.62 GF/s  setup=0.010 s
fftw3_guru               L=10  B=64    m=1000  inner=1      min=     6.543 us/xform  median=     6.544  sd=  0.07%      7.62 GF/s  setup=0.010 s
fftw3_guru               L=12  B=64    m=600   inner=1      min=    10.494 us/xform  median=    10.501  sd=  0.04%      8.85 GF/s  setup=0.010 s
fftw3_guru               L=12  B=64    m=600   inner=1      min=    10.494 us/xform  median=    10.495  sd=  0.12%      8.86 GF/s  setup=0.011 s
fftw3_guru               L=12  B=64    m=600   inner=1      min=    10.612 us/xform  median=    10.614  sd=  0.05%      8.76 GF/s  setup=0.010 s
fftw3_guru               L=15  B=32    m=600   inner=1      min=    26.962 us/xform  median=    27.013  sd=  0.08%      7.34 GF/s  setup=0.010 s
fftw3_guru               L=15  B=32    m=600   inner=1      min=    26.696 us/xform  median=    26.707  sd=  0.02%      7.41 GF/s  setup=0.010 s
fftw3_guru               L=15  B=32    m=600   inner=1      min=    27.186 us/xform  median=    27.205  sd=  0.04%      7.28 GF/s  setup=0.010 s
fftw3_guru               L=20  B=32    m=256   inner=1      min=    61.458 us/xform  median=    61.483  sd=  0.02%      8.44 GF/s  setup=0.075 s
fftw3_guru               L=20  B=32    m=256   inner=1      min=    61.504 us/xform  median=    61.553  sd=  0.03%      8.43 GF/s  setup=0.075 s
fftw3_guru               L=20  B=32    m=256   inner=1      min=    61.434 us/xform  median=    61.484  sd=  0.03%      8.44 GF/s  setup=0.075 s
fftw3_guru               L=25  B=16    m=256   inner=1      min=   177.608 us/xform  median=   177.675  sd=  0.02%      6.13 GF/s  setup=0.030 s
fftw3_guru               L=25  B=16    m=256   inner=1      min=   181.231 us/xform  median=   181.263  sd=  0.01%      6.01 GF/s  setup=0.029 s
fftw3_guru               L=25  B=16    m=256   inner=1      min=   177.647 us/xform  median=   177.713  sd=  0.01%      6.13 GF/s  setup=0.029 s
fftw3_guru               L=27  B=16    m=200   inner=1      min=   265.244 us/xform  median=   265.559  sd=  0.12%      5.29 GF/s  setup=0.042 s
fftw3_guru               L=27  B=16    m=200   inner=1      min=   263.850 us/xform  median=   264.192  sd=  0.15%      5.32 GF/s  setup=0.041 s
fftw3_guru               L=27  B=16    m=200   inner=1      min=   266.619 us/xform  median=   266.880  sd=  0.12%      5.27 GF/s  setup=0.041 s
fftw3_guru               L=31  B=16    m=140   inner=1      min=   837.312 us/xform  median=   837.510  sd=  0.02%      2.64 GF/s  setup=0.089 s
fftw3_guru               L=31  B=16    m=140   inner=1      min=   836.924 us/xform  median=   837.023  sd=  0.04%      2.65 GF/s  setup=0.088 s
fftw3_guru               L=31  B=16    m=140   inner=1      min=   841.245 us/xform  median=   841.400  sd=  0.02%      2.63 GF/s  setup=0.088 s
fftw3_guru               L=32  B=8     m=250   inner=1      min=   322.685 us/xform  median=   322.907  sd=  0.14%      7.62 GF/s  setup=0.071 s
fftw3_guru               L=32  B=8     m=250   inner=1      min=   307.211 us/xform  median=   307.352  sd=  0.02%      8.00 GF/s  setup=0.070 s
fftw3_guru               L=32  B=8     m=250   inner=1      min=   301.246 us/xform  median=   301.880  sd=  0.15%      8.16 GF/s  setup=0.070 s
fftw3_guru               L=40  B=8     m=128   inner=1      min=   693.223 us/xform  median=   694.613  sd=  0.17%      7.37 GF/s  setup=0.153 s
fftw3_guru               L=40  B=8     m=128   inner=1      min=   692.762 us/xform  median=   694.796  sd=  0.31%      7.37 GF/s  setup=0.152 s
fftw3_guru               L=40  B=8     m=128   inner=1      min=   690.819 us/xform  median=   692.402  sd=  0.14%      7.40 GF/s  setup=0.152 s
fftw3_guru               L=50  B=4     m=128   inner=1      min=  1700.662 us/xform  median=  1701.896  sd=  0.07%      6.22 GF/s  setup=0.106 s
fftw3_guru               L=50  B=4     m=128   inner=1      min=  1676.565 us/xform  median=  1679.902  sd=  0.09%      6.31 GF/s  setup=0.106 s
fftw3_guru               L=50  B=4     m=128   inner=1      min=  1689.008 us/xform  median=  1690.669  sd=  0.12%      6.27 GF/s  setup=0.106 s
fftw3_guru               L=100 B=1     m=64    inner=1      min= 14593.695 us/xform  median= 14620.596  sd=  0.11%      6.83 GF/s  setup=0.343 s
fftw3_guru               L=100 B=1     m=64    inner=1      min= 14691.707 us/xform  median= 14703.458  sd=  0.08%      6.78 GF/s  setup=0.333 s
fftw3_guru               L=100 B=1     m=64    inner=1      min= 14554.292 us/xform  median= 14582.872  sd=  0.08%      6.85 GF/s  setup=0.331 s
