baseline_matrix          L=10  B=64    m=1000  inner=1      min=    54.687 us/xform  median=    54.688  sd=  0.00%      0.91 GF/s  setup=0.000 s
baseline_matrix          L=10  B=64    m=1000  inner=1      min=    54.721 us/xform  median=    54.724  sd=  0.00%      0.91 GF/s  setup=0.000 s
baseline_matrix          L=10  B=64    m=1000  inner=1      min=    54.718 us/xform  median=    54.719  sd=  0.01%      0.91 GF/s  setup=0.000 s
baseline_matrix          L=10  B=64    m=2     inner=1      min=    66.534 us/xform  median=    66.534  sd=  0.00%      0.75 GF/s  setup=0.000 s
ducc0_c2c                L=10  B=64    m=1000  inner=1      min=     9.825 us/xform  median=     9.828  sd=  0.04%      5.07 GF/s  setup=0.000 s
ducc0_c2c                L=10  B=64    m=1000  inner=1      min=     9.813 us/xform  median=     9.822  sd=  0.04%      5.08 GF/s  setup=0.000 s
ducc0_c2c                L=10  B=64    m=1000  inner=1      min=     9.815 us/xform  median=     9.822  sd=  0.04%      5.08 GF/s  setup=0.000 s
ducc0_c2c                L=10  B=64    m=2     inner=1      min=    12.195 us/xform  median=    12.195  sd=  0.00%      4.09 GF/s  setup=0.000 s
fftw3_estimate           L=10  B=64    m=1000  inner=1      min=     7.404 us/xform  median=     7.405  sd=  0.00%      6.73 GF/s  setup=0.001 s
fftw3_estimate           L=10  B=64    m=1000  inner=1      min=     7.312 us/xform  median=     7.313  sd=  0.01%      6.81 GF/s  setup=0.001 s
fftw3_estimate           L=10  B=64    m=1000  inner=1      min=     7.404 us/xform  median=     7.405  sd=  0.01%      6.73 GF/s  setup=0.001 s
fftw3_estimate           L=10  B=64    m=2     inner=1      min=     8.802 us/xform  median=     8.802  sd=  0.00%      5.66 GF/s  setup=0.001 s
fftw3_measure            L=10  B=64    m=1000  inner=1      min=     5.198 us/xform  median=     5.199  sd=  0.01%      9.59 GF/s  setup=0.013 s
fftw3_measure            L=10  B=64    m=1000  inner=1      min=     5.256 us/xform  median=     5.256  sd=  0.00%      9.48 GF/s  setup=0.013 s
fftw3_measure            L=10  B=64    m=1000  inner=1      min=     5.191 us/xform  median=     5.191  sd=  0.03%      9.60 GF/s  setup=0.012 s
fftw3_measure            L=10  B=64    m=2     inner=2      min=     6.414 us/xform  median=     6.414  sd=  0.00%      7.77 GF/s  setup=0.013 s
fftw3_patient            L=10  B=64    m=1000  inner=1      min=     5.351 us/xform  median=     5.352  sd=  0.01%      9.31 GF/s  setup=0.022 s
fftw3_patient            L=10  B=64    m=1000  inner=1      min=     5.206 us/xform  median=     5.207  sd=  0.00%      9.57 GF/s  setup=0.022 s
fftw3_patient            L=10  B=64    m=1000  inner=1      min=     5.184 us/xform  median=     5.185  sd=  0.01%      9.61 GF/s  setup=0.022 s
fftw3_patient            L=10  B=64    m=2     inner=2      min=     5.637 us/xform  median=     5.637  sd=  0.00%      8.84 GF/s  setup=0.022 s
gen_batchlane            L=10  B=64    m=1000  inner=1      min=     1.174 us/xform  median=     1.175  sd=  0.03%     42.44 GF/s  setup=0.000 s
gen_batchlane            L=10  B=64    m=1000  inner=1      min=     1.175 us/xform  median=     1.176  sd=  0.05%     42.42 GF/s  setup=0.000 s
gen_batchlane            L=10  B=64    m=1000  inner=1      min=     1.177 us/xform  median=     1.177  sd=  0.02%     42.34 GF/s  setup=0.000 s
gen_batchlane            L=10  B=64    m=2     inner=6      min=     2.204 us/xform  median=     2.204  sd=  0.00%     22.60 GF/s  setup=0.000 s
gen_bluestein            L=10  B=64    m=1000  inner=1      min=    15.862 us/xform  median=    15.863  sd=  0.00%      3.14 GF/s  setup=0.000 s
gen_bluestein            L=10  B=64    m=1000  inner=1      min=    15.696 us/xform  median=    15.697  sd=  0.01%      3.17 GF/s  setup=0.000 s
gen_bluestein            L=10  B=64    m=1000  inner=1      min=    15.648 us/xform  median=    15.654  sd=  0.02%      3.18 GF/s  setup=0.000 s
gen_bluestein            L=10  B=64    m=2     inner=1      min=    22.068 us/xform  median=    22.068  sd=  0.00%      2.26 GF/s  setup=0.000 s
gen_dense_prime          L=10  B=64    m=1000  inner=1      min=     8.625 us/xform  median=     8.627  sd=  0.01%      5.78 GF/s  setup=0.000 s
gen_dense_prime          L=10  B=64    m=1000  inner=1      min=     8.291 us/xform  median=     8.296  sd=  0.03%      6.01 GF/s  setup=0.000 s
gen_dense_prime          L=10  B=64    m=1000  inner=1      min=     8.321 us/xform  median=     8.324  sd=  0.03%      5.99 GF/s  setup=0.000 s
gen_dense_prime          L=10  B=64    m=2     inner=1      min=    10.168 us/xform  median=    10.168  sd=  0.00%      4.90 GF/s  setup=0.000 s
gen_layout               L=10  B=64    m=1000  inner=1      min=     9.771 us/xform  median=     9.774  sd=  0.02%      5.10 GF/s  setup=0.000 s
gen_layout               L=10  B=64    m=1000  inner=1      min=     9.840 us/xform  median=     9.843  sd=  0.01%      5.06 GF/s  setup=0.000 s
gen_layout               L=10  B=64    m=1000  inner=1      min=     9.721 us/xform  median=     9.725  sd=  0.03%      5.13 GF/s  setup=0.000 s
gen_layout               L=10  B=64    m=2     inner=1      min=    10.807 us/xform  median=    10.807  sd=  0.00%      4.61 GF/s  setup=0.000 s
gen_pfa_small            L=10  B=64    m=1000  inner=1      min=     1.426 us/xform  median=     1.426  sd=  5.71%     34.94 GF/s  setup=0.000 s
gen_pfa_small            L=10  B=64    m=1000  inner=1      min=     1.428 us/xform  median=     1.428  sd=  0.01%     34.90 GF/s  setup=0.000 s
gen_pfa_small            L=10  B=64    m=1000  inner=1      min=     1.426 us/xform  median=     1.624  sd=  6.45%     34.95 GF/s  setup=0.000 s
gen_pfa_small            L=10  B=64    m=2     inner=4      min=     2.544 us/xform  median=     2.544  sd=  0.00%     19.59 GF/s  setup=0.000 s
gen_planner              L=10  B=64    m=1000  inner=1      min=     8.594 us/xform  median=     8.595  sd=  0.01%      5.80 GF/s  setup=0.000 s
gen_planner              L=10  B=64    m=1000  inner=1      min=     8.670 us/xform  median=     8.673  sd=  0.01%      5.75 GF/s  setup=0.000 s
gen_planner              L=10  B=64    m=1000  inner=1      min=     8.725 us/xform  median=     8.729  sd=  0.02%      5.71 GF/s  setup=0.000 s
gen_planner              L=10  B=64    m=2     inner=1      min=    10.201 us/xform  median=    10.201  sd=  0.00%      4.88 GF/s  setup=0.000 s
gen_race                 L=10  B=64    m=1000  inner=1      min=    48.910 us/xform  median=    48.969  sd=  0.08%      1.02 GF/s  setup=0.077 s
gen_race                 L=10  B=64    m=1000  inner=1      min=    48.578 us/xform  median=    48.662  sd=  0.17%      1.03 GF/s  setup=0.002 s
gen_race                 L=10  B=64    m=1000  inner=1      min=    48.870 us/xform  median=    48.985  sd=  0.11%      1.02 GF/s  setup=0.001 s
gen_race                 L=10  B=64    m=2     inner=1      min=    52.016 us/xform  median=    52.016  sd=  0.00%      0.96 GF/s  setup=0.000 s
gen_twiddle              L=10  B=64    m=1000  inner=1      min=    18.775 us/xform  median=    18.778  sd=  0.01%      2.65 GF/s  setup=0.002 s
gen_twiddle              L=10  B=64    m=1000  inner=1      min=    18.134 us/xform  median=    18.137  sd=  0.01%      2.75 GF/s  setup=0.003 s
gen_twiddle              L=10  B=64    m=1000  inner=1      min=    18.193 us/xform  median=    18.196  sd=  0.02%      2.74 GF/s  setup=0.002 s
gen_twiddle              L=10  B=64    m=2     inner=1      min=    22.569 us/xform  median=    22.569  sd=  0.00%      2.21 GF/s  setup=0.002 s
mkl2026_dfti             L=10  B=64    m=1000  inner=1      min=     4.657 us/xform  median=     4.658  sd=  0.01%     10.70 GF/s  setup=0.002 s
mkl2026_dfti             L=10  B=64    m=1000  inner=1      min=     4.632 us/xform  median=     4.633  sd=  0.01%     10.76 GF/s  setup=0.002 s
mkl2026_dfti             L=10  B=64    m=1000  inner=1      min=     4.659 us/xform  median=     4.659  sd=  0.04%     10.70 GF/s  setup=0.001 s
mkl2026_dfti             L=10  B=64    m=2     inner=2      min=     5.718 us/xform  median=     5.718  sd=  0.00%      8.71 GF/s  setup=0.002 s
mkl_dfti                 L=10  B=64    m=1000  inner=1      min=     4.560 us/xform  median=     4.561  sd=  0.02%     10.93 GF/s  setup=0.002 s
mkl_dfti                 L=10  B=64    m=1000  inner=1      min=     4.548 us/xform  median=     4.549  sd=  0.04%     10.96 GF/s  setup=0.001 s
mkl_dfti                 L=10  B=64    m=1000  inner=1      min=     4.551 us/xform  median=     4.554  sd=  0.08%     10.95 GF/s  setup=0.001 s
mkl_dfti                 L=10  B=64    m=2     inner=2      min=     5.801 us/xform  median=     5.801  sd=  0.00%      8.59 GF/s  setup=0.002 s
baseline_matrix          L=12  B=64    m=600   inner=1      min=   112.140 us/xform  median=   112.142  sd=  0.00%      0.83 GF/s  setup=0.000 s
baseline_matrix          L=12  B=64    m=600   inner=1      min=   112.232 us/xform  median=   112.233  sd=  0.00%      0.83 GF/s  setup=0.000 s
baseline_matrix          L=12  B=64    m=600   inner=1      min=   112.241 us/xform  median=   112.243  sd=  0.00%      0.83 GF/s  setup=0.000 s
baseline_matrix          L=12  B=64    m=2     inner=1      min=   138.648 us/xform  median=   138.648  sd=  0.00%      0.67 GF/s  setup=0.000 s
ducc0_c2c                L=12  B=64    m=600   inner=1      min=    16.030 us/xform  median=    16.043  sd=  0.06%      5.80 GF/s  setup=0.000 s
ducc0_c2c                L=12  B=64    m=600   inner=1      min=    16.026 us/xform  median=    16.039  sd=  0.06%      5.80 GF/s  setup=0.000 s
ducc0_c2c                L=12  B=64    m=600   inner=1      min=    16.319 us/xform  median=    16.326  sd=  0.07%      5.69 GF/s  setup=0.000 s
ducc0_c2c                L=12  B=64    m=2     inner=1      min=    18.829 us/xform  median=    18.829  sd=  0.00%      4.94 GF/s  setup=0.000 s
fftw3_estimate           L=12  B=64    m=600   inner=1      min=    19.295 us/xform  median=    19.297  sd=  0.00%      4.82 GF/s  setup=0.001 s
fftw3_estimate           L=12  B=64    m=600   inner=1      min=    19.293 us/xform  median=    19.294  sd=  0.00%      4.82 GF/s  setup=0.001 s
fftw3_estimate           L=12  B=64    m=600   inner=1      min=    19.298 us/xform  median=    19.299  sd=  0.05%      4.82 GF/s  setup=0.001 s
fftw3_estimate           L=12  B=64    m=2     inner=1      min=    23.826 us/xform  median=    23.826  sd=  0.00%      3.90 GF/s  setup=0.001 s
fftw3_measure            L=12  B=64    m=600   inner=1      min=     8.851 us/xform  median=     8.852  sd=  0.09%     10.50 GF/s  setup=0.014 s
fftw3_measure            L=12  B=64    m=600   inner=1      min=     8.867 us/xform  median=     8.868  sd=  0.01%     10.48 GF/s  setup=0.015 s
fftw3_measure            L=12  B=64    m=600   inner=1      min=     8.862 us/xform  median=     8.863  sd=  0.01%     10.49 GF/s  setup=0.014 s
fftw3_measure            L=12  B=64    m=2     inner=1      min=    11.083 us/xform  median=    11.083  sd=  0.00%      8.38 GF/s  setup=0.014 s
fftw3_patient            L=12  B=64    m=600   inner=1      min=     8.685 us/xform  median=     8.702  sd=  0.09%     10.70 GF/s  setup=0.023 s
fftw3_patient            L=12  B=64    m=600   inner=1      min=     8.864 us/xform  median=     8.865  sd=  0.01%     10.48 GF/s  setup=0.022 s
fftw3_patient            L=12  B=64    m=600   inner=1      min=     9.040 us/xform  median=     9.040  sd=  0.01%     10.28 GF/s  setup=0.024 s
fftw3_patient            L=12  B=64    m=2     inner=1      min=    10.658 us/xform  median=    10.658  sd=  0.00%      8.72 GF/s  setup=0.023 s
gen_batchlane            L=12  B=64    m=600   inner=1      min=     1.998 us/xform  median=     1.999  sd=  0.21%     46.51 GF/s  setup=0.000 s
gen_batchlane            L=12  B=64    m=600   inner=1      min=     1.997 us/xform  median=     1.997  sd=  0.02%     46.54 GF/s  setup=0.000 s
gen_batchlane            L=12  B=64    m=600   inner=1      min=     1.995 us/xform  median=     1.996  sd=  0.02%     46.57 GF/s  setup=0.000 s
gen_batchlane            L=12  B=64    m=2     inner=2      min=     3.943 us/xform  median=     3.943  sd=  0.00%     23.56 GF/s  setup=0.000 s
gen_bluestein            L=12  B=64    m=600   inner=1      min=    23.461 us/xform  median=    23.464  sd=  0.02%      3.96 GF/s  setup=0.000 s
gen_bluestein            L=12  B=64    m=600   inner=1      min=    23.977 us/xform  median=    23.979  sd=  0.00%      3.88 GF/s  setup=0.000 s
gen_bluestein            L=12  B=64    m=600   inner=1      min=    23.902 us/xform  median=    23.904  sd=  0.01%      3.89 GF/s  setup=0.000 s
gen_bluestein            L=12  B=64    m=2     inner=1      min=    27.400 us/xform  median=    27.400  sd=  0.00%      3.39 GF/s  setup=0.000 s
gen_dense_prime          L=12  B=64    m=600   inner=1      min=    14.593 us/xform  median=    14.599  sd=  0.04%      6.37 GF/s  setup=0.000 s
gen_dense_prime          L=12  B=64    m=600   inner=1      min=    14.860 us/xform  median=    14.874  sd=  0.08%      6.25 GF/s  setup=0.000 s
gen_dense_prime          L=12  B=64    m=600   inner=1      min=    14.468 us/xform  median=    14.474  sd=  0.09%      6.42 GF/s  setup=0.000 s
gen_dense_prime          L=12  B=64    m=2     inner=1      min=    17.418 us/xform  median=    17.418  sd=  0.00%      5.33 GF/s  setup=0.000 s
gen_layout               L=12  B=64    m=600   inner=1      min=    15.983 us/xform  median=    15.984  sd=  0.01%      5.81 GF/s  setup=0.000 s
gen_layout               L=12  B=64    m=600   inner=1      min=    16.092 us/xform  median=    16.097  sd=  0.02%      5.77 GF/s  setup=0.000 s
gen_layout               L=12  B=64    m=600   inner=1      min=    15.947 us/xform  median=    15.950  sd=  0.01%      5.83 GF/s  setup=0.000 s
gen_layout               L=12  B=64    m=2     inner=1      min=    20.533 us/xform  median=    20.533  sd=  0.00%      4.53 GF/s  setup=0.000 s
gen_pfa_small            L=12  B=64    m=600   inner=1      min=     2.500 us/xform  median=     2.501  sd=  0.18%     37.16 GF/s  setup=0.000 s
gen_pfa_small            L=12  B=64    m=600   inner=1      min=     2.504 us/xform  median=     2.505  sd=  0.02%     37.11 GF/s  setup=0.000 s
gen_pfa_small            L=12  B=64    m=600   inner=1      min=     2.514 us/xform  median=     2.514  sd=  0.02%     36.97 GF/s  setup=0.000 s
gen_pfa_small            L=12  B=64    m=2     inner=2      min=     4.528 us/xform  median=     4.528  sd=  0.00%     20.52 GF/s  setup=0.000 s
gen_planner              L=12  B=64    m=600   inner=1      min=    14.155 us/xform  median=    14.158  sd=  0.01%      6.56 GF/s  setup=0.000 s
gen_planner              L=12  B=64    m=600   inner=1      min=    14.237 us/xform  median=    14.240  sd=  0.01%      6.53 GF/s  setup=0.000 s
gen_planner              L=12  B=64    m=600   inner=1      min=    14.145 us/xform  median=    14.149  sd=  0.01%      6.57 GF/s  setup=0.000 s
gen_planner              L=12  B=64    m=2     inner=1      min=    18.455 us/xform  median=    18.455  sd=  0.00%      5.04 GF/s  setup=0.000 s
gen_race                 L=12  B=64    m=600   inner=1      min=    93.693 us/xform  median=    93.758  sd=  0.08%      0.99 GF/s  setup=0.001 s
gen_race                 L=12  B=64    m=600   inner=1      min=    93.249 us/xform  median=    93.342  sd=  0.14%      1.00 GF/s  setup=0.000 s
gen_race                 L=12  B=64    m=600   inner=1      min=    93.646 us/xform  median=    93.779  sd=  0.18%      0.99 GF/s  setup=0.001 s
gen_race                 L=12  B=64    m=2     inner=1      min=   115.996 us/xform  median=   115.996  sd=  0.00%      0.80 GF/s  setup=0.001 s
gen_twiddle              L=12  B=64    m=600   inner=1      min=    27.103 us/xform  median=    27.108  sd=  0.01%      3.43 GF/s  setup=0.002 s
gen_twiddle              L=12  B=64    m=600   inner=1      min=    27.512 us/xform  median=    27.515  sd=  0.01%      3.38 GF/s  setup=0.002 s
gen_twiddle              L=12  B=64    m=600   inner=1      min=    27.067 us/xform  median=    27.071  sd=  0.03%      3.43 GF/s  setup=0.002 s
gen_twiddle              L=12  B=64    m=2     inner=1      min=    35.349 us/xform  median=    35.349  sd=  0.00%      2.63 GF/s  setup=0.002 s
mkl2026_dfti             L=12  B=64    m=600   inner=1      min=     7.767 us/xform  median=     7.768  sd=  0.01%     11.96 GF/s  setup=0.002 s
mkl2026_dfti             L=12  B=64    m=600   inner=1      min=     7.761 us/xform  median=     7.762  sd=  0.01%     11.97 GF/s  setup=0.002 s
mkl2026_dfti             L=12  B=64    m=600   inner=1      min=     7.764 us/xform  median=     7.765  sd=  0.01%     11.97 GF/s  setup=0.001 s
mkl2026_dfti             L=12  B=64    m=2     inner=1      min=    10.901 us/xform  median=    10.901  sd=  0.00%      8.52 GF/s  setup=0.002 s
mkl_dfti                 L=12  B=64    m=600   inner=1      min=     7.767 us/xform  median=     7.768  sd=  0.01%     11.96 GF/s  setup=0.002 s
mkl_dfti                 L=12  B=64    m=600   inner=1      min=     7.744 us/xform  median=     7.745  sd=  0.01%     12.00 GF/s  setup=0.002 s
mkl_dfti                 L=12  B=64    m=600   inner=1      min=     7.750 us/xform  median=     7.751  sd=  0.01%     11.99 GF/s  setup=0.001 s
mkl_dfti                 L=12  B=64    m=2     inner=1      min=    10.982 us/xform  median=    10.982  sd=  0.00%      8.46 GF/s  setup=0.002 s
baseline_matrix          L=15  B=32    m=600   inner=1      min=   272.439 us/xform  median=   272.444  sd=  0.01%      0.73 GF/s  setup=0.000 s
baseline_matrix          L=15  B=32    m=600   inner=1      min=   272.499 us/xform  median=   272.502  sd=  0.01%      0.73 GF/s  setup=0.000 s
baseline_matrix          L=15  B=32    m=600   inner=1      min=   272.443 us/xform  median=   272.448  sd=  0.00%      0.73 GF/s  setup=0.000 s
baseline_matrix          L=15  B=32    m=2     inner=1      min=   333.346 us/xform  median=   333.346  sd=  0.00%      0.59 GF/s  setup=0.000 s
ducc0_c2c                L=15  B=32    m=600   inner=1      min=    32.625 us/xform  median=    32.647  sd=  0.07%      6.06 GF/s  setup=0.000 s
ducc0_c2c                L=15  B=32    m=600   inner=1      min=    32.784 us/xform  median=    32.802  sd=  0.07%      6.03 GF/s  setup=0.000 s
ducc0_c2c                L=15  B=32    m=600   inner=1      min=    32.512 us/xform  median=    32.537  sd=  0.06%      6.08 GF/s  setup=0.000 s
ducc0_c2c                L=15  B=32    m=2     inner=1      min=    41.178 us/xform  median=    41.178  sd=  0.00%      4.80 GF/s  setup=0.000 s
fftw3_estimate           L=15  B=32    m=600   inner=1      min=    20.657 us/xform  median=    20.681  sd=  0.06%      9.57 GF/s  setup=0.001 s
fftw3_estimate           L=15  B=32    m=600   inner=1      min=    20.606 us/xform  median=    20.609  sd=  0.01%      9.60 GF/s  setup=0.001 s
fftw3_estimate           L=15  B=32    m=600   inner=1      min=    20.651 us/xform  median=    20.653  sd=  0.01%      9.58 GF/s  setup=0.001 s
fftw3_estimate           L=15  B=32    m=2     inner=1      min=    28.728 us/xform  median=    28.728  sd=  0.00%      6.88 GF/s  setup=0.001 s
fftw3_measure            L=15  B=32    m=600   inner=1      min=    19.895 us/xform  median=    19.897  sd=  0.01%      9.94 GF/s  setup=0.010 s
fftw3_measure            L=15  B=32    m=600   inner=1      min=    20.131 us/xform  median=    20.133  sd=  0.01%      9.82 GF/s  setup=0.010 s
fftw3_measure            L=15  B=32    m=600   inner=1      min=    19.889 us/xform  median=    19.891  sd=  0.01%      9.94 GF/s  setup=0.010 s
fftw3_measure            L=15  B=32    m=2     inner=1      min=    27.380 us/xform  median=    27.380  sd=  0.00%      7.22 GF/s  setup=0.011 s
fftw3_patient            L=15  B=32    m=600   inner=1      min=    19.674 us/xform  median=    19.676  sd=  0.01%     10.05 GF/s  setup=0.020 s
fftw3_patient            L=15  B=32    m=600   inner=1      min=    19.706 us/xform  median=    19.710  sd=  0.01%     10.04 GF/s  setup=0.019 s
fftw3_patient            L=15  B=32    m=600   inner=1      min=    19.633 us/xform  median=    19.636  sd=  0.01%     10.07 GF/s  setup=0.019 s
fftw3_patient            L=15  B=32    m=2     inner=1      min=    26.720 us/xform  median=    26.720  sd=  0.00%      7.40 GF/s  setup=0.020 s
gen_batchlane            L=15  B=32    m=600   inner=1      min=     4.725 us/xform  median=     4.727  sd=  0.20%     41.86 GF/s  setup=0.000 s
gen_batchlane            L=15  B=32    m=600   inner=1      min=     4.686 us/xform  median=     5.343  sd=  4.03%     42.21 GF/s  setup=0.000 s
gen_batchlane            L=15  B=32    m=600   inner=1      min=     4.726 us/xform  median=     4.727  sd=  0.01%     41.85 GF/s  setup=0.000 s
gen_batchlane            L=15  B=32    m=2     inner=2      min=    10.009 us/xform  median=    10.009  sd=  0.00%     19.76 GF/s  setup=0.000 s
gen_bluestein            L=15  B=32    m=600   inner=1      min=    43.593 us/xform  median=    43.597  sd=  0.00%      4.54 GF/s  setup=0.000 s
gen_bluestein            L=15  B=32    m=600   inner=1      min=    43.601 us/xform  median=    43.618  sd=  0.05%      4.54 GF/s  setup=0.000 s
gen_bluestein            L=15  B=32    m=600   inner=1      min=    43.527 us/xform  median=    43.532  sd=  0.01%      4.54 GF/s  setup=0.000 s
gen_bluestein            L=15  B=32    m=2     inner=1      min=    54.026 us/xform  median=    54.026  sd=  0.00%      3.66 GF/s  setup=0.000 s
gen_dense_prime          L=15  B=32    m=600   inner=1      min=    31.110 us/xform  median=    31.115  sd=  0.01%      6.36 GF/s  setup=0.000 s
gen_dense_prime          L=15  B=32    m=600   inner=1      min=    31.091 us/xform  median=    31.096  sd=  0.01%      6.36 GF/s  setup=0.000 s
gen_dense_prime          L=15  B=32    m=600   inner=1      min=    31.055 us/xform  median=    31.059  sd=  0.01%      6.37 GF/s  setup=0.000 s
gen_dense_prime          L=15  B=32    m=2     inner=1      min=    37.325 us/xform  median=    37.325  sd=  0.00%      5.30 GF/s  setup=0.000 s
gen_layout               L=15  B=32    m=600   inner=1      min=    33.886 us/xform  median=    33.889  sd=  0.01%      5.84 GF/s  setup=0.000 s
gen_layout               L=15  B=32    m=600   inner=1      min=    33.629 us/xform  median=    33.633  sd=  0.01%      5.88 GF/s  setup=0.000 s
gen_layout               L=15  B=32    m=600   inner=1      min=    33.733 us/xform  median=    33.735  sd=  0.01%      5.86 GF/s  setup=0.000 s
gen_layout               L=15  B=32    m=2     inner=1      min=    42.122 us/xform  median=    42.122  sd=  0.00%      4.70 GF/s  setup=0.000 s
gen_pfa_small            L=15  B=32    m=600   inner=1      min=     6.319 us/xform  median=     6.337  sd=  5.27%     31.30 GF/s  setup=0.000 s
gen_pfa_small            L=15  B=32    m=600   inner=1      min=     6.178 us/xform  median=     6.181  sd=  0.03%     32.01 GF/s  setup=0.000 s
gen_pfa_small            L=15  B=32    m=600   inner=1      min=     6.228 us/xform  median=     6.241  sd=  6.52%     31.76 GF/s  setup=0.000 s
gen_pfa_small            L=15  B=32    m=2     inner=2      min=    11.239 us/xform  median=    11.239  sd=  0.00%     17.60 GF/s  setup=0.000 s
gen_planner              L=15  B=32    m=600   inner=1      min=    28.937 us/xform  median=    28.954  sd=  0.03%      6.84 GF/s  setup=0.000 s
gen_planner              L=15  B=32    m=600   inner=1      min=    28.938 us/xform  median=    28.942  sd=  0.01%      6.83 GF/s  setup=0.000 s
gen_planner              L=15  B=32    m=600   inner=1      min=    29.009 us/xform  median=    29.030  sd=  0.02%      6.82 GF/s  setup=0.000 s
gen_planner              L=15  B=32    m=2     inner=1      min=    32.818 us/xform  median=    32.818  sd=  0.00%      6.03 GF/s  setup=0.000 s
gen_race                 L=15  B=32    m=600   inner=1      min=   223.269 us/xform  median=   223.626  sd=  0.09%      0.89 GF/s  setup=0.152 s
gen_race                 L=15  B=32    m=600   inner=1      min=   223.060 us/xform  median=   223.548  sd=  0.09%      0.89 GF/s  setup=0.002 s
gen_race                 L=15  B=32    m=600   inner=1      min=   223.365 us/xform  median=   223.566  sd=  0.11%      0.89 GF/s  setup=0.002 s
gen_race                 L=15  B=32    m=2     inner=1      min=   276.686 us/xform  median=   276.686  sd=  0.00%      0.71 GF/s  setup=0.001 s
gen_twiddle              L=15  B=32    m=600   inner=1      min=    55.645 us/xform  median=    55.662  sd=  0.04%      3.55 GF/s  setup=0.002 s
gen_twiddle              L=15  B=32    m=600   inner=1      min=    55.963 us/xform  median=    55.973  sd=  0.01%      3.53 GF/s  setup=0.003 s
gen_twiddle              L=15  B=32    m=600   inner=1      min=    55.370 us/xform  median=    55.393  sd=  0.01%      3.57 GF/s  setup=0.003 s
gen_twiddle              L=15  B=32    m=2     inner=1      min=    71.089 us/xform  median=    71.089  sd=  0.00%      2.78 GF/s  setup=0.002 s
mkl2026_dfti             L=15  B=32    m=600   inner=1      min=    16.621 us/xform  median=    16.622  sd=  0.01%     11.90 GF/s  setup=0.002 s
mkl2026_dfti             L=15  B=32    m=600   inner=1      min=    16.621 us/xform  median=    16.622  sd=  0.00%     11.90 GF/s  setup=0.002 s
mkl2026_dfti             L=15  B=32    m=600   inner=1      min=    16.647 us/xform  median=    16.648  sd=  0.01%     11.88 GF/s  setup=0.002 s
mkl2026_dfti             L=15  B=32    m=2     inner=1      min=    23.164 us/xform  median=    23.164  sd=  0.00%      8.54 GF/s  setup=0.002 s
mkl_dfti                 L=15  B=32    m=600   inner=1      min=    16.445 us/xform  median=    16.446  sd=  0.01%     12.03 GF/s  setup=0.002 s
mkl_dfti                 L=15  B=32    m=600   inner=1      min=    16.458 us/xform  median=    16.459  sd=  0.01%     12.02 GF/s  setup=0.001 s
mkl_dfti                 L=15  B=32    m=600   inner=1      min=    16.449 us/xform  median=    16.451  sd=  0.01%     12.02 GF/s  setup=0.001 s
mkl_dfti                 L=15  B=32    m=2     inner=1      min=    22.907 us/xform  median=    22.907  sd=  0.00%      8.63 GF/s  setup=0.002 s
baseline_matrix          L=20  B=32    m=256   inner=1      min=   850.542 us/xform  median=   850.795  sd=  0.01%      0.61 GF/s  setup=0.000 s
baseline_matrix          L=20  B=32    m=256   inner=1      min=   850.286 us/xform  median=   850.305  sd=  0.00%      0.61 GF/s  setup=0.000 s
baseline_matrix          L=20  B=32    m=256   inner=1      min=   850.497 us/xform  median=   850.513  sd=  0.00%      0.61 GF/s  setup=0.000 s
baseline_matrix          L=20  B=32    m=2     inner=1      min=  1039.403 us/xform  median=  1039.403  sd=  0.00%      0.50 GF/s  setup=0.000 s
ducc0_c2c                L=20  B=32    m=256   inner=1      min=    73.987 us/xform  median=    74.049  sd=  0.16%      7.01 GF/s  setup=0.000 s
ducc0_c2c                L=20  B=32    m=256   inner=1      min=    73.438 us/xform  median=    73.549  sd=  0.16%      7.06 GF/s  setup=0.000 s
ducc0_c2c                L=20  B=32    m=256   inner=1      min=    74.375 us/xform  median=    74.501  sd=  0.17%      6.97 GF/s  setup=0.000 s
ducc0_c2c                L=20  B=32    m=2     inner=1      min=    93.730 us/xform  median=    93.730  sd=  0.00%      5.53 GF/s  setup=0.000 s
fftw3_estimate           L=20  B=32    m=256   inner=1      min=    91.839 us/xform  median=    91.936  sd=  0.05%      5.65 GF/s  setup=0.001 s
fftw3_estimate           L=20  B=32    m=256   inner=1      min=    91.954 us/xform  median=    92.007  sd=  0.05%      5.64 GF/s  setup=0.001 s
fftw3_estimate           L=20  B=32    m=256   inner=1      min=    92.081 us/xform  median=    92.287  sd=  0.11%      5.63 GF/s  setup=0.001 s
fftw3_estimate           L=20  B=32    m=2     inner=1      min=   117.383 us/xform  median=   117.383  sd=  0.00%      4.42 GF/s  setup=0.001 s
fftw3_measure            L=20  B=32    m=256   inner=1      min=    44.893 us/xform  median=    44.904  sd=  0.02%     11.55 GF/s  setup=0.085 s
fftw3_measure            L=20  B=32    m=256   inner=1      min=    45.838 us/xform  median=    45.845  sd=  0.02%     11.31 GF/s  setup=0.085 s
fftw3_measure            L=20  B=32    m=256   inner=1      min=    45.764 us/xform  median=    45.777  sd=  0.05%     11.33 GF/s  setup=0.081 s
fftw3_measure            L=20  B=32    m=2     inner=1      min=    64.531 us/xform  median=    64.531  sd=  0.00%      8.04 GF/s  setup=0.085 s
fftw3_patient            L=20  B=32    m=256   inner=1      min=    45.860 us/xform  median=    45.869  sd=  0.02%     11.31 GF/s  setup=0.317 s
fftw3_patient            L=20  B=32    m=256   inner=1      min=    45.852 us/xform  median=    45.880  sd=  0.03%     11.31 GF/s  setup=0.297 s
fftw3_patient            L=20  B=32    m=256   inner=1      min=    45.699 us/xform  median=    45.720  sd=  0.02%     11.35 GF/s  setup=0.297 s
fftw3_patient            L=20  B=32    m=2     inner=1      min=    54.898 us/xform  median=    54.898  sd=  0.00%      9.45 GF/s  setup=0.302 s
gen_bluestein            L=20  B=32    m=256   inner=1      min=   127.139 us/xform  median=   127.429  sd=  0.16%      4.08 GF/s  setup=0.000 s
gen_bluestein            L=20  B=32    m=256   inner=1      min=   130.847 us/xform  median=   131.122  sd=  0.52%      3.96 GF/s  setup=0.000 s
gen_bluestein            L=20  B=32    m=256   inner=1      min=   128.920 us/xform  median=   129.195  sd=  0.12%      4.02 GF/s  setup=0.000 s
gen_bluestein            L=20  B=32    m=2     inner=1      min=   156.866 us/xform  median=   156.866  sd=  0.00%      3.31 GF/s  setup=0.000 s
gen_dense_prime          L=20  B=32    m=256   inner=1      min=    80.339 us/xform  median=    80.350  sd=  0.03%      6.46 GF/s  setup=0.000 s
gen_dense_prime          L=20  B=32    m=256   inner=1      min=    80.520 us/xform  median=    80.530  sd=  0.02%      6.44 GF/s  setup=0.000 s
gen_dense_prime          L=20  B=32    m=256   inner=1      min=    79.768 us/xform  median=    79.775  sd=  0.01%      6.50 GF/s  setup=0.000 s
gen_dense_prime          L=20  B=32    m=2     inner=1      min=    96.168 us/xform  median=    96.168  sd=  0.00%      5.39 GF/s  setup=0.000 s
gen_layout               L=20  B=32    m=256   inner=1      min=    93.854 us/xform  median=    93.872  sd=  0.01%      5.53 GF/s  setup=0.000 s
gen_layout               L=20  B=32    m=256   inner=1      min=    93.156 us/xform  median=    93.328  sd=  0.11%      5.57 GF/s  setup=0.001 s
gen_layout               L=20  B=32    m=256   inner=1      min=    93.159 us/xform  median=    93.361  sd=  0.12%      5.57 GF/s  setup=0.000 s
gen_layout               L=20  B=32    m=2     inner=1      min=   115.494 us/xform  median=   115.494  sd=  0.00%      4.49 GF/s  setup=0.000 s
gen_pfa_small            L=20  B=32    m=256   inner=1      min=    17.094 us/xform  median=    17.097  sd=  0.02%     30.34 GF/s  setup=0.001 s
gen_pfa_small            L=20  B=32    m=256   inner=1      min=    17.646 us/xform  median=    17.665  sd=  6.15%     29.39 GF/s  setup=0.001 s
gen_pfa_small            L=20  B=32    m=256   inner=1      min=    16.920 us/xform  median=    16.923  sd=  0.31%     30.65 GF/s  setup=0.001 s
gen_pfa_small            L=20  B=32    m=2     inner=1      min=    30.564 us/xform  median=    30.564  sd=  0.00%     16.97 GF/s  setup=0.001 s
gen_planner              L=20  B=32    m=256   inner=1      min=    61.668 us/xform  median=    61.671  sd=  0.02%      8.41 GF/s  setup=0.000 s
gen_planner              L=20  B=32    m=256   inner=1      min=    62.226 us/xform  median=    62.239  sd=  0.01%      8.33 GF/s  setup=0.000 s
gen_planner              L=20  B=32    m=256   inner=1      min=    61.658 us/xform  median=    61.674  sd=  0.01%      8.41 GF/s  setup=0.000 s
gen_planner              L=20  B=32    m=2     inner=1      min=    80.829 us/xform  median=    80.829  sd=  0.00%      6.42 GF/s  setup=0.000 s
gen_race                 L=20  B=32    m=256   inner=1      min=   633.306 us/xform  median=   634.019  sd=  0.18%      0.82 GF/s  setup=0.456 s
gen_race                 L=20  B=32    m=256   inner=1      min=   634.620 us/xform  median=   635.639  sd=  0.12%      0.82 GF/s  setup=0.001 s
gen_race                 L=20  B=32    m=256   inner=1      min=   633.053 us/xform  median=   634.488  sd=  0.10%      0.82 GF/s  setup=0.001 s
gen_race                 L=20  B=32    m=2     inner=1      min=   671.683 us/xform  median=   671.683  sd=  0.00%      0.77 GF/s  setup=0.001 s
gen_twiddle              L=20  B=32    m=256   inner=1      min=   123.826 us/xform  median=   123.860  sd=  0.02%      4.19 GF/s  setup=0.002 s
gen_twiddle              L=20  B=32    m=256   inner=1      min=   123.096 us/xform  median=   123.121  sd=  0.01%      4.21 GF/s  setup=0.002 s
gen_twiddle              L=20  B=32    m=256   inner=1      min=   121.935 us/xform  median=   121.968  sd=  0.02%      4.25 GF/s  setup=0.002 s
gen_twiddle              L=20  B=32    m=2     inner=1      min=   156.305 us/xform  median=   156.305  sd=  0.00%      3.32 GF/s  setup=0.002 s
mkl2026_dfti             L=20  B=32    m=256   inner=1      min=    59.199 us/xform  median=    59.334  sd=  0.12%      8.76 GF/s  setup=0.044 s
mkl2026_dfti             L=20  B=32    m=256   inner=1      min=    57.580 us/xform  median=    57.624  sd=  0.08%      9.01 GF/s  setup=0.050 s
mkl2026_dfti             L=20  B=32    m=256   inner=1      min=    57.518 us/xform  median=    57.595  sd=  0.09%      9.02 GF/s  setup=0.050 s
mkl2026_dfti             L=20  B=32    m=2     inner=1      min=    75.768 us/xform  median=    75.768  sd=  0.00%      6.84 GF/s  setup=0.045 s
mkl_dfti                 L=20  B=32    m=256   inner=1      min=    58.011 us/xform  median=    58.146  sd=  0.14%      8.94 GF/s  setup=0.028 s
mkl_dfti                 L=20  B=32    m=256   inner=1      min=    57.963 us/xform  median=    58.204  sd=  0.16%      8.95 GF/s  setup=0.049 s
mkl_dfti                 L=20  B=32    m=256   inner=1      min=    58.273 us/xform  median=    58.520  sd=  0.19%      8.90 GF/s  setup=0.049 s
mkl_dfti                 L=20  B=32    m=2     inner=1      min=   122.139 us/xform  median=   122.139  sd=  0.00%      4.25 GF/s  setup=0.050 s
baseline_matrix          L=25  B=16    m=256   inner=1      min=  2061.155 us/xform  median=  2061.215  sd=  0.00%      0.53 GF/s  setup=0.000 s
baseline_matrix          L=25  B=16    m=256   inner=1      min=  2061.267 us/xform  median=  2061.369  sd=  0.00%      0.53 GF/s  setup=0.000 s
baseline_matrix          L=25  B=16    m=256   inner=1      min=  2061.287 us/xform  median=  2061.802  sd=  0.01%      0.53 GF/s  setup=0.000 s
baseline_matrix          L=25  B=16    m=2     inner=1      min=  2137.793 us/xform  median=  2137.793  sd=  0.00%      0.51 GF/s  setup=0.000 s
ducc0_c2c                L=25  B=16    m=256   inner=1      min=   147.118 us/xform  median=   147.254  sd=  0.15%      7.40 GF/s  setup=0.000 s
ducc0_c2c                L=25  B=16    m=256   inner=1      min=   145.092 us/xform  median=   145.302  sd=  0.15%      7.50 GF/s  setup=0.000 s
ducc0_c2c                L=25  B=16    m=256   inner=1      min=   149.104 us/xform  median=   149.308  sd=  0.15%      7.30 GF/s  setup=0.000 s
ducc0_c2c                L=25  B=16    m=2     inner=1      min=   164.010 us/xform  median=   164.010  sd=  0.00%      6.64 GF/s  setup=0.000 s
fftw3_estimate           L=25  B=16    m=256   inner=1      min=   133.605 us/xform  median=   133.683  sd=  0.03%      8.15 GF/s  setup=0.001 s
fftw3_estimate           L=25  B=16    m=256   inner=1      min=   130.568 us/xform  median=   130.688  sd=  0.54%      8.34 GF/s  setup=0.001 s
fftw3_estimate           L=25  B=16    m=256   inner=1      min=   131.124 us/xform  median=   131.247  sd=  0.17%      8.30 GF/s  setup=0.001 s
fftw3_estimate           L=25  B=16    m=2     inner=1      min=   157.277 us/xform  median=   157.277  sd=  0.00%      6.92 GF/s  setup=0.001 s
fftw3_measure            L=25  B=16    m=256   inner=1      min=   116.313 us/xform  median=   116.332  sd=  0.01%      9.36 GF/s  setup=0.028 s
fftw3_measure            L=25  B=16    m=256   inner=1      min=   117.254 us/xform  median=   117.278  sd=  0.02%      9.28 GF/s  setup=0.028 s
fftw3_measure            L=25  B=16    m=256   inner=1      min=   117.289 us/xform  median=   117.313  sd=  0.02%      9.28 GF/s  setup=0.028 s
fftw3_measure            L=25  B=16    m=2     inner=1      min=   149.174 us/xform  median=   149.174  sd=  0.00%      7.30 GF/s  setup=0.029 s
fftw3_patient            L=25  B=16    m=256   inner=1      min=   112.159 us/xform  median=   112.182  sd=  0.03%      9.70 GF/s  setup=0.110 s
fftw3_patient            L=25  B=16    m=256   inner=1      min=   112.671 us/xform  median=   112.696  sd=  0.03%      9.66 GF/s  setup=0.112 s
fftw3_patient            L=25  B=16    m=256   inner=1      min=   108.664 us/xform  median=   108.691  sd=  0.02%     10.02 GF/s  setup=0.112 s
fftw3_patient            L=25  B=16    m=2     inner=1      min=   150.201 us/xform  median=   150.201  sd=  0.00%      7.25 GF/s  setup=0.110 s
gen_bluestein            L=25  B=16    m=256   inner=1      min=   233.290 us/xform  median=   234.091  sd=  0.15%      4.67 GF/s  setup=0.000 s
gen_bluestein            L=25  B=16    m=256   inner=1      min=   237.497 us/xform  median=   238.375  sd=  0.21%      4.58 GF/s  setup=0.000 s
gen_bluestein            L=25  B=16    m=256   inner=1      min=   229.310 us/xform  median=   229.770  sd=  0.09%      4.75 GF/s  setup=0.000 s
gen_bluestein            L=25  B=16    m=2     inner=1      min=   277.341 us/xform  median=   277.341  sd=  0.00%      3.92 GF/s  setup=0.000 s
gen_layout               L=25  B=16    m=256   inner=1      min=   230.587 us/xform  median=   230.885  sd=  0.07%      4.72 GF/s  setup=0.001 s
gen_layout               L=25  B=16    m=256   inner=1      min=   229.944 us/xform  median=   230.086  sd=  0.03%      4.73 GF/s  setup=0.000 s
gen_layout               L=25  B=16    m=256   inner=1      min=   229.259 us/xform  median=   229.412  sd=  0.04%      4.75 GF/s  setup=0.001 s
gen_layout               L=25  B=16    m=2     inner=1      min=   278.661 us/xform  median=   278.661  sd=  0.00%      3.91 GF/s  setup=0.001 s
gen_planner              L=25  B=16    m=256   inner=1      min=   138.481 us/xform  median=   138.503  sd=  0.02%      7.86 GF/s  setup=0.000 s
gen_planner              L=25  B=16    m=256   inner=1      min=   137.920 us/xform  median=   137.942  sd=  0.01%      7.89 GF/s  setup=0.000 s
gen_planner              L=25  B=16    m=256   inner=1      min=   137.546 us/xform  median=   137.587  sd=  0.02%      7.91 GF/s  setup=0.000 s
gen_planner              L=25  B=16    m=2     inner=1      min=   174.564 us/xform  median=   174.564  sd=  0.00%      6.23 GF/s  setup=0.000 s
gen_powp                 L=25  B=16    m=256   inner=1      min=    49.837 us/xform  median=    49.845  sd=  0.02%     21.84 GF/s  setup=0.065 s
gen_powp                 L=25  B=16    m=256   inner=1      min=    50.126 us/xform  median=    50.133  sd=  0.02%     21.71 GF/s  setup=0.065 s
gen_powp                 L=25  B=16    m=256   inner=1      min=    48.778 us/xform  median=    48.786  sd=  0.03%     22.31 GF/s  setup=0.059 s
gen_powp                 L=25  B=16    m=2     inner=1      min=    52.537 us/xform  median=    52.537  sd=  0.00%     20.72 GF/s  setup=0.063 s
gen_race                 L=25  B=16    m=256   inner=1      min=  1569.553 us/xform  median=  1573.498  sd=  0.12%      0.69 GF/s  setup=0.666 s
gen_race                 L=25  B=16    m=256   inner=1      min=  1577.519 us/xform  median=  1580.574  sd=  0.08%      0.69 GF/s  setup=0.002 s
gen_race                 L=25  B=16    m=256   inner=1      min=  1571.387 us/xform  median=  1573.652  sd=  0.14%      0.69 GF/s  setup=0.002 s
gen_race                 L=25  B=16    m=2     inner=1      min=  1603.966 us/xform  median=  1603.966  sd=  0.00%      0.68 GF/s  setup=0.001 s
gen_twiddle              L=25  B=16    m=256   inner=1      min=   260.651 us/xform  median=   260.724  sd=  0.01%      4.18 GF/s  setup=0.002 s
gen_twiddle              L=25  B=16    m=256   inner=1      min=   262.261 us/xform  median=   262.307  sd=  0.01%      4.15 GF/s  setup=0.003 s
gen_twiddle              L=25  B=16    m=256   inner=1      min=   260.871 us/xform  median=   260.895  sd=  0.01%      4.17 GF/s  setup=0.002 s
gen_twiddle              L=25  B=16    m=2     inner=1      min=   292.803 us/xform  median=   292.803  sd=  0.00%      3.72 GF/s  setup=0.002 s
mkl2026_dfti             L=25  B=16    m=256   inner=1      min=   123.533 us/xform  median=   123.966  sd=  0.21%      8.81 GF/s  setup=0.051 s
mkl2026_dfti             L=25  B=16    m=256   inner=1      min=   123.702 us/xform  median=   124.215  sd=  0.16%      8.80 GF/s  setup=0.049 s
mkl2026_dfti             L=25  B=16    m=256   inner=1      min=   123.571 us/xform  median=   124.079  sd=  0.21%      8.81 GF/s  setup=0.050 s
mkl2026_dfti             L=25  B=16    m=2     inner=1      min=   242.120 us/xform  median=   242.120  sd=  0.00%      4.50 GF/s  setup=0.049 s
mkl_dfti                 L=25  B=16    m=256   inner=1      min=   121.025 us/xform  median=   121.393  sd=  0.16%      8.99 GF/s  setup=0.030 s
mkl_dfti                 L=25  B=16    m=256   inner=1      min=   121.090 us/xform  median=   121.313  sd=  0.17%      8.99 GF/s  setup=0.050 s
mkl_dfti                 L=25  B=16    m=256   inner=1      min=   120.849 us/xform  median=   121.095  sd=  0.15%      9.01 GF/s  setup=0.049 s
mkl_dfti                 L=25  B=16    m=2     inner=1      min=   236.862 us/xform  median=   236.862  sd=  0.00%      4.60 GF/s  setup=0.048 s
baseline_matrix          L=27  B=16    m=200   inner=1      min=  2799.176 us/xform  median=  2799.236  sd=  0.01%      0.50 GF/s  setup=0.000 s
baseline_matrix          L=27  B=16    m=200   inner=1      min=  2799.213 us/xform  median=  2799.300  sd=  0.02%      0.50 GF/s  setup=0.000 s
baseline_matrix          L=27  B=16    m=200   inner=1      min=  2799.078 us/xform  median=  2799.169  sd=  0.00%      0.50 GF/s  setup=0.000 s
baseline_matrix          L=27  B=16    m=2     inner=1      min=  2969.136 us/xform  median=  2969.136  sd=  0.00%      0.47 GF/s  setup=0.000 s
ducc0_c2c                L=27  B=16    m=200   inner=1      min=   191.700 us/xform  median=   191.784  sd=  0.14%      7.32 GF/s  setup=0.000 s
ducc0_c2c                L=27  B=16    m=200   inner=1      min=   187.483 us/xform  median=   187.776  sd=  0.19%      7.49 GF/s  setup=0.000 s
ducc0_c2c                L=27  B=16    m=200   inner=1      min=   191.429 us/xform  median=   191.690  sd=  0.21%      7.33 GF/s  setup=0.000 s
ducc0_c2c                L=27  B=16    m=2     inner=1      min=   245.219 us/xform  median=   245.219  sd=  0.00%      5.72 GF/s  setup=0.000 s
fftw3_estimate           L=27  B=16    m=200   inner=1      min=   257.613 us/xform  median=   258.646  sd=  0.20%      5.45 GF/s  setup=0.002 s
fftw3_estimate           L=27  B=16    m=200   inner=1      min=   256.118 us/xform  median=   256.924  sd=  0.27%      5.48 GF/s  setup=0.003 s
fftw3_estimate           L=27  B=16    m=200   inner=1      min=   258.490 us/xform  median=   259.047  sd=  0.15%      5.43 GF/s  setup=0.002 s
fftw3_estimate           L=27  B=16    m=2     inner=1      min=   332.899 us/xform  median=   332.899  sd=  0.00%      4.22 GF/s  setup=0.003 s
fftw3_measure            L=27  B=16    m=200   inner=1      min=   225.301 us/xform  median=   225.372  sd=  0.02%      6.23 GF/s  setup=0.033 s
fftw3_measure            L=27  B=16    m=200   inner=1      min=   226.220 us/xform  median=   226.815  sd=  0.12%      6.21 GF/s  setup=0.033 s
fftw3_measure            L=27  B=16    m=200   inner=1      min=   232.480 us/xform  median=   232.539  sd=  0.01%      6.04 GF/s  setup=0.034 s
fftw3_measure            L=27  B=16    m=2     inner=1      min=   298.143 us/xform  median=   298.143  sd=  0.00%      4.71 GF/s  setup=0.034 s
fftw3_patient            L=27  B=16    m=200   inner=1      min=   220.319 us/xform  median=   220.597  sd=  0.06%      6.37 GF/s  setup=0.148 s
fftw3_patient            L=27  B=16    m=200   inner=1      min=   203.932 us/xform  median=   203.966  sd=  0.01%      6.88 GF/s  setup=0.139 s
fftw3_patient            L=27  B=16    m=200   inner=1      min=   205.775 us/xform  median=   205.816  sd=  0.02%      6.82 GF/s  setup=0.150 s
fftw3_patient            L=27  B=16    m=2     inner=1      min=   230.820 us/xform  median=   230.820  sd=  0.00%      6.08 GF/s  setup=0.148 s
gen_bluestein            L=27  B=16    m=200   inner=1      min=   280.647 us/xform  median=   280.730  sd=  0.02%      5.00 GF/s  setup=0.000 s
gen_bluestein            L=27  B=16    m=200   inner=1      min=   280.274 us/xform  median=   280.433  sd=  0.06%      5.01 GF/s  setup=0.000 s
gen_bluestein            L=27  B=16    m=200   inner=1      min=   280.652 us/xform  median=   280.746  sd=  0.02%      5.00 GF/s  setup=0.000 s
gen_bluestein            L=27  B=16    m=2     inner=1      min=   352.380 us/xform  median=   352.380  sd=  0.00%      3.98 GF/s  setup=0.000 s
gen_layout               L=27  B=16    m=200   inner=1      min=   291.970 us/xform  median=   292.089  sd=  0.02%      4.81 GF/s  setup=0.001 s
gen_layout               L=27  B=16    m=200   inner=1      min=   293.091 us/xform  median=   293.226  sd=  0.02%      4.79 GF/s  setup=0.001 s
gen_layout               L=27  B=16    m=200   inner=1      min=   292.160 us/xform  median=   292.222  sd=  0.01%      4.81 GF/s  setup=0.001 s
gen_layout               L=27  B=16    m=2     inner=1      min=   356.020 us/xform  median=   356.020  sd=  0.00%      3.94 GF/s  setup=0.001 s
gen_planner              L=27  B=16    m=200   inner=1      min=   217.231 us/xform  median=   217.278  sd=  0.01%      6.46 GF/s  setup=0.000 s
gen_planner              L=27  B=16    m=200   inner=1      min=   217.131 us/xform  median=   217.175  sd=  0.05%      6.47 GF/s  setup=0.000 s
gen_planner              L=27  B=16    m=200   inner=1      min=   216.159 us/xform  median=   216.227  sd=  0.02%      6.49 GF/s  setup=0.000 s
gen_planner              L=27  B=16    m=2     inner=1      min=   237.695 us/xform  median=   237.695  sd=  0.00%      5.91 GF/s  setup=0.000 s
gen_powp                 L=27  B=16    m=200   inner=1      min=    67.931 us/xform  median=    67.960  sd=  0.03%     20.67 GF/s  setup=0.079 s
gen_powp                 L=27  B=16    m=200   inner=1      min=    66.640 us/xform  median=    66.659  sd=  0.04%     21.07 GF/s  setup=0.079 s
gen_powp                 L=27  B=16    m=200   inner=1      min=    66.078 us/xform  median=    66.093  sd=  0.03%     21.25 GF/s  setup=0.078 s
gen_powp                 L=27  B=16    m=2     inner=1      min=    80.064 us/xform  median=    80.064  sd=  0.00%     17.53 GF/s  setup=0.087 s
gen_race                 L=27  B=16    m=200   inner=1      min=  2094.471 us/xform  median=  2097.776  sd=  0.07%      0.67 GF/s  setup=0.902 s
gen_race                 L=27  B=16    m=200   inner=1      min=  2094.428 us/xform  median=  2096.638  sd=  0.07%      0.67 GF/s  setup=0.001 s
gen_race                 L=27  B=16    m=200   inner=1      min=  2095.324 us/xform  median=  2097.110  sd=  0.05%      0.67 GF/s  setup=0.001 s
gen_race                 L=27  B=16    m=2     inner=1      min=  2209.395 us/xform  median=  2209.395  sd=  0.00%      0.64 GF/s  setup=0.001 s
gen_twiddle              L=27  B=16    m=200   inner=1      min=   428.427 us/xform  median=   428.505  sd=  0.04%      3.28 GF/s  setup=0.002 s
gen_twiddle              L=27  B=16    m=200   inner=1      min=   427.814 us/xform  median=   427.891  sd=  0.01%      3.28 GF/s  setup=0.002 s
gen_twiddle              L=27  B=16    m=200   inner=1      min=   432.359 us/xform  median=   432.431  sd=  0.03%      3.25 GF/s  setup=0.002 s
gen_twiddle              L=27  B=16    m=2     inner=1      min=   537.427 us/xform  median=   537.427  sd=  0.00%      2.61 GF/s  setup=0.002 s
mkl2026_dfti             L=27  B=16    m=200   inner=1      min=   148.125 us/xform  median=   148.252  sd=  0.05%      9.48 GF/s  setup=0.052 s
mkl2026_dfti             L=27  B=16    m=200   inner=1      min=   148.387 us/xform  median=   148.471  sd=  0.03%      9.46 GF/s  setup=0.034 s
mkl2026_dfti             L=27  B=16    m=200   inner=1      min=   148.049 us/xform  median=   148.391  sd=  0.16%      9.48 GF/s  setup=0.051 s
mkl2026_dfti             L=27  B=16    m=2     inner=1      min=   285.251 us/xform  median=   285.251  sd=  0.00%      4.92 GF/s  setup=0.050 s
mkl_dfti                 L=27  B=16    m=200   inner=1      min=   144.603 us/xform  median=   144.724  sd=  0.05%      9.71 GF/s  setup=0.030 s
mkl_dfti                 L=27  B=16    m=200   inner=1      min=   144.425 us/xform  median=   144.520  sd=  0.04%      9.72 GF/s  setup=0.048 s
mkl_dfti                 L=27  B=16    m=200   inner=1      min=   144.532 us/xform  median=   144.603  sd=  0.06%      9.71 GF/s  setup=0.049 s
mkl_dfti                 L=27  B=16    m=2     inner=1      min=   275.760 us/xform  median=   275.760  sd=  0.00%      5.09 GF/s  setup=0.047 s
baseline_matrix          L=31  B=16    m=140   inner=1      min=  4852.055 us/xform  median=  4852.223  sd=  0.01%      0.46 GF/s  setup=0.000 s
baseline_matrix          L=31  B=16    m=140   inner=1      min=  4852.781 us/xform  median=  4853.063  sd=  0.01%      0.46 GF/s  setup=0.000 s
baseline_matrix          L=31  B=16    m=140   inner=1      min=  4853.167 us/xform  median=  4853.322  sd=  0.01%      0.46 GF/s  setup=0.000 s
baseline_matrix          L=31  B=16    m=2     inner=1      min=  4877.399 us/xform  median=  4877.399  sd=  0.00%      0.45 GF/s  setup=0.000 s
ducc0_c2c                L=31  B=16    m=140   inner=1      min=   736.956 us/xform  median=   737.808  sd=  0.10%      3.00 GF/s  setup=0.000 s
ducc0_c2c                L=31  B=16    m=140   inner=1      min=   725.494 us/xform  median=   726.686  sd=  0.10%      3.05 GF/s  setup=0.000 s
ducc0_c2c                L=31  B=16    m=140   inner=1      min=   739.074 us/xform  median=   740.161  sd=  0.12%      3.00 GF/s  setup=0.000 s
ducc0_c2c                L=31  B=16    m=2     inner=1      min=   799.088 us/xform  median=   799.088  sd=  0.00%      2.77 GF/s  setup=0.000 s
fftw3_estimate           L=31  B=16    m=140   inner=1      min=   859.891 us/xform  median=   860.006  sd=  0.01%      2.57 GF/s  setup=0.002 s
fftw3_estimate           L=31  B=16    m=140   inner=1      min=   859.667 us/xform  median=   859.740  sd=  0.01%      2.58 GF/s  setup=0.002 s
fftw3_estimate           L=31  B=16    m=140   inner=1      min=   859.150 us/xform  median=   859.225  sd=  0.03%      2.58 GF/s  setup=0.002 s
fftw3_estimate           L=31  B=16    m=2     inner=1      min=   895.553 us/xform  median=   895.553  sd=  0.00%      2.47 GF/s  setup=0.002 s
fftw3_measure            L=31  B=16    m=140   inner=1      min=   859.988 us/xform  median=   860.097  sd=  0.01%      2.57 GF/s  setup=0.089 s
fftw3_measure            L=31  B=16    m=140   inner=1      min=   859.483 us/xform  median=   859.640  sd=  0.01%      2.58 GF/s  setup=0.091 s
fftw3_measure            L=31  B=16    m=140   inner=1      min=   859.648 us/xform  median=   859.731  sd=  0.03%      2.58 GF/s  setup=0.089 s
fftw3_measure            L=31  B=16    m=2     inner=1      min=   886.762 us/xform  median=   886.762  sd=  0.00%      2.50 GF/s  setup=0.085 s
fftw3_patient            L=31  B=16    m=140   inner=1      min=   863.891 us/xform  median=   864.074  sd=  0.01%      2.56 GF/s  setup=0.240 s
fftw3_patient            L=31  B=16    m=140   inner=1      min=   860.285 us/xform  median=   860.439  sd=  0.01%      2.57 GF/s  setup=0.241 s
fftw3_patient            L=31  B=16    m=140   inner=1      min=   859.795 us/xform  median=   859.859  sd=  0.02%      2.57 GF/s  setup=0.241 s
fftw3_patient            L=31  B=16    m=2     inner=1      min=   885.766 us/xform  median=   885.766  sd=  0.00%      2.50 GF/s  setup=0.226 s
gen_bluestein            L=31  B=16    m=140   inner=1      min=   405.521 us/xform  median=   405.670  sd=  0.03%      5.46 GF/s  setup=0.000 s
gen_bluestein            L=31  B=16    m=140   inner=1      min=   405.309 us/xform  median=   405.658  sd=  0.07%      5.46 GF/s  setup=0.000 s
gen_bluestein            L=31  B=16    m=140   inner=1      min=   407.219 us/xform  median=   407.836  sd=  0.13%      5.44 GF/s  setup=0.000 s
gen_bluestein            L=31  B=16    m=2     inner=1      min=   468.056 us/xform  median=   468.056  sd=  0.00%      4.73 GF/s  setup=0.000 s
gen_dense_prime          L=31  B=16    m=140   inner=1      min=   175.591 us/xform  median=   175.612  sd=  0.03%     12.61 GF/s  setup=0.000 s
gen_dense_prime          L=31  B=16    m=140   inner=1      min=   180.949 us/xform  median=   181.039  sd=  0.03%     12.23 GF/s  setup=0.000 s
gen_dense_prime          L=31  B=16    m=140   inner=1      min=   178.725 us/xform  median=   178.780  sd=  0.03%     12.39 GF/s  setup=0.000 s
gen_dense_prime          L=31  B=16    m=2     inner=1      min=   219.377 us/xform  median=   219.377  sd=  0.00%     10.09 GF/s  setup=0.000 s
gen_layout               L=31  B=16    m=140   inner=1      min=   466.577 us/xform  median=   466.867  sd=  0.03%      4.74 GF/s  setup=0.001 s
gen_layout               L=31  B=16    m=140   inner=1      min=   467.963 us/xform  median=   469.525  sd=  0.36%      4.73 GF/s  setup=0.001 s
gen_layout               L=31  B=16    m=140   inner=1      min=   466.299 us/xform  median=   466.470  sd=  0.03%      4.75 GF/s  setup=0.001 s
gen_layout               L=31  B=16    m=2     inner=1      min=   522.711 us/xform  median=   522.711  sd=  0.00%      4.24 GF/s  setup=0.001 s
gen_planner              L=31  B=16    m=140   inner=1      min=   606.815 us/xform  median=   607.469  sd=  0.05%      3.65 GF/s  setup=0.000 s
gen_planner              L=31  B=16    m=140   inner=1      min=   608.171 us/xform  median=   608.836  sd=  0.06%      3.64 GF/s  setup=0.000 s
gen_planner              L=31  B=16    m=140   inner=1      min=   608.385 us/xform  median=   608.863  sd=  0.06%      3.64 GF/s  setup=0.000 s
gen_planner              L=31  B=16    m=2     inner=1      min=   638.863 us/xform  median=   638.863  sd=  0.00%      3.47 GF/s  setup=0.000 s
gen_race                 L=31  B=16    m=140   inner=1      min=  3545.389 us/xform  median=  3553.370  sd=  0.13%      0.62 GF/s  setup=1.457 s
gen_race                 L=31  B=16    m=140   inner=1      min=  3547.733 us/xform  median=  3550.425  sd=  0.07%      0.62 GF/s  setup=0.001 s
gen_race                 L=31  B=16    m=140   inner=1      min=  3546.391 us/xform  median=  3550.291  sd=  0.05%      0.62 GF/s  setup=0.001 s
gen_race                 L=31  B=16    m=2     inner=1      min=  3565.032 us/xform  median=  3565.032  sd=  0.00%      0.62 GF/s  setup=0.001 s
gen_rader                L=31  B=16    m=140   inner=1      min=    96.577 us/xform  median=    96.743  sd=  0.09%     22.92 GF/s  setup=0.007 s
gen_rader                L=31  B=16    m=140   inner=1      min=    94.195 us/xform  median=    94.260  sd=  0.07%     23.50 GF/s  setup=0.008 s
gen_rader                L=31  B=16    m=140   inner=1      min=    94.170 us/xform  median=    94.260  sd=  0.05%     23.51 GF/s  setup=0.008 s
gen_rader                L=31  B=16    m=2     inner=1      min=   130.253 us/xform  median=   130.253  sd=  0.00%     17.00 GF/s  setup=0.006 s
gen_twiddle              L=31  B=16    m=140   inner=1      min=  1120.545 us/xform  median=  1120.678  sd=  0.01%      1.98 GF/s  setup=0.003 s
gen_twiddle              L=31  B=16    m=140   inner=1      min=  1121.690 us/xform  median=  1121.835  sd=  0.02%      1.97 GF/s  setup=0.003 s
gen_twiddle              L=31  B=16    m=140   inner=1      min=  1120.143 us/xform  median=  1120.245  sd=  0.01%      1.98 GF/s  setup=0.003 s
gen_twiddle              L=31  B=16    m=2     inner=1      min=  1157.021 us/xform  median=  1157.021  sd=  0.00%      1.91 GF/s  setup=0.002 s
mkl2026_dfti             L=31  B=16    m=140   inner=1      min=   883.224 us/xform  median=   883.347  sd=  0.01%      2.51 GF/s  setup=0.050 s
mkl2026_dfti             L=31  B=16    m=140   inner=1      min=   883.107 us/xform  median=   883.200  sd=  0.01%      2.51 GF/s  setup=0.049 s
mkl2026_dfti             L=31  B=16    m=140   inner=1      min=   883.220 us/xform  median=   883.327  sd=  0.01%      2.51 GF/s  setup=0.055 s
mkl2026_dfti             L=31  B=16    m=2     inner=1      min=   940.748 us/xform  median=   940.748  sd=  0.00%      2.35 GF/s  setup=0.047 s
mkl_dfti                 L=31  B=16    m=140   inner=1      min=   849.070 us/xform  median=   849.184  sd=  0.01%      2.61 GF/s  setup=0.034 s
mkl_dfti                 L=31  B=16    m=140   inner=1      min=   848.435 us/xform  median=   848.566  sd=  0.01%      2.61 GF/s  setup=0.055 s
mkl_dfti                 L=31  B=16    m=140   inner=1      min=   848.561 us/xform  median=   848.687  sd=  0.01%      2.61 GF/s  setup=0.051 s
mkl_dfti                 L=31  B=16    m=2     inner=1      min=   907.257 us/xform  median=   907.257  sd=  0.00%      2.44 GF/s  setup=0.047 s
baseline_matrix          L=32  B=8     m=250   inner=1      min=  5756.187 us/xform  median=  5756.333  sd=  0.01%      0.43 GF/s  setup=0.000 s
baseline_matrix          L=32  B=8     m=250   inner=1      min=  5753.337 us/xform  median=  5753.499  sd=  0.00%      0.43 GF/s  setup=0.000 s
baseline_matrix          L=32  B=8     m=250   inner=1      min=  5755.159 us/xform  median=  5755.232  sd=  0.00%      0.43 GF/s  setup=0.000 s
baseline_matrix          L=32  B=8     m=2     inner=1      min=  5815.983 us/xform  median=  5815.983  sd=  0.00%      0.42 GF/s  setup=0.000 s
ducc0_c2c                L=32  B=8     m=250   inner=1      min=   314.419 us/xform  median=   315.031  sd=  1.19%      7.82 GF/s  setup=0.000 s
ducc0_c2c                L=32  B=8     m=250   inner=1      min=   308.857 us/xform  median=   309.262  sd=  0.15%      7.96 GF/s  setup=0.000 s
ducc0_c2c                L=32  B=8     m=250   inner=1      min=   315.334 us/xform  median=   315.675  sd=  0.12%      7.79 GF/s  setup=0.000 s
ducc0_c2c                L=32  B=8     m=2     inner=1      min=   401.808 us/xform  median=   401.808  sd=  0.00%      6.12 GF/s  setup=0.000 s
fftw3_estimate           L=32  B=8     m=250   inner=1      min=   407.638 us/xform  median=   407.999  sd=  0.05%      6.03 GF/s  setup=0.001 s
fftw3_estimate           L=32  B=8     m=250   inner=1      min=   410.021 us/xform  median=   410.242  sd=  0.02%      5.99 GF/s  setup=0.001 s
fftw3_estimate           L=32  B=8     m=250   inner=1      min=   407.493 us/xform  median=   407.815  sd=  0.04%      6.03 GF/s  setup=0.001 s
fftw3_estimate           L=32  B=8     m=2     inner=1      min=   502.290 us/xform  median=   502.290  sd=  0.00%      4.89 GF/s  setup=0.001 s
fftw3_measure            L=32  B=8     m=250   inner=1      min=   208.078 us/xform  median=   208.122  sd=  0.03%     11.81 GF/s  setup=0.083 s
fftw3_measure            L=32  B=8     m=250   inner=1      min=   210.880 us/xform  median=   210.935  sd=  0.02%     11.65 GF/s  setup=0.082 s
fftw3_measure            L=32  B=8     m=250   inner=1      min=   211.322 us/xform  median=   211.378  sd=  0.02%     11.63 GF/s  setup=0.087 s
fftw3_measure            L=32  B=8     m=2     inner=1      min=   287.209 us/xform  median=   287.209  sd=  0.00%      8.56 GF/s  setup=0.086 s
fftw3_patient            L=32  B=8     m=250   inner=1      min=   209.307 us/xform  median=   209.346  sd=  0.02%     11.74 GF/s  setup=0.541 s
fftw3_patient            L=32  B=8     m=250   inner=1      min=   212.126 us/xform  median=   212.214  sd=  0.04%     11.59 GF/s  setup=0.545 s
fftw3_patient            L=32  B=8     m=250   inner=1      min=   209.493 us/xform  median=   209.555  sd=  0.02%     11.73 GF/s  setup=0.506 s
fftw3_patient            L=32  B=8     m=2     inner=1      min=   248.994 us/xform  median=   248.994  sd=  0.00%      9.87 GF/s  setup=0.499 s
gen_bluestein            L=32  B=8     m=250   inner=1      min=   411.408 us/xform  median=   411.989  sd=  0.09%      5.97 GF/s  setup=0.000 s
gen_bluestein            L=32  B=8     m=250   inner=1      min=   413.004 us/xform  median=   413.481  sd=  0.07%      5.95 GF/s  setup=0.000 s
gen_bluestein            L=32  B=8     m=250   inner=1      min=   415.017 us/xform  median=   415.766  sd=  0.10%      5.92 GF/s  setup=0.000 s
gen_bluestein            L=32  B=8     m=2     inner=1      min=   516.535 us/xform  median=   516.535  sd=  0.00%      4.76 GF/s  setup=0.000 s
gen_layout               L=32  B=8     m=250   inner=1      min=   499.953 us/xform  median=   500.002  sd=  0.01%      4.92 GF/s  setup=0.001 s
gen_layout               L=32  B=8     m=250   inner=1      min=   493.852 us/xform  median=   494.010  sd=  0.01%      4.98 GF/s  setup=0.001 s
gen_layout               L=32  B=8     m=250   inner=1      min=   499.940 us/xform  median=   499.995  sd=  0.02%      4.92 GF/s  setup=0.000 s
gen_layout               L=32  B=8     m=2     inner=1      min=   595.242 us/xform  median=   595.242  sd=  0.00%      4.13 GF/s  setup=0.001 s
gen_planner              L=32  B=8     m=250   inner=1      min=   306.017 us/xform  median=   306.116  sd=  0.02%      8.03 GF/s  setup=0.000 s
gen_planner              L=32  B=8     m=250   inner=1      min=   307.288 us/xform  median=   307.391  sd=  0.02%      8.00 GF/s  setup=0.000 s
gen_planner              L=32  B=8     m=250   inner=1      min=   308.151 us/xform  median=   308.290  sd=  0.02%      7.98 GF/s  setup=0.000 s
gen_planner              L=32  B=8     m=2     inner=1      min=   410.246 us/xform  median=   410.246  sd=  0.00%      5.99 GF/s  setup=0.000 s
gen_pow2                 L=32  B=8     m=250   inner=1      min=    63.683 us/xform  median=    63.714  sd=  0.04%     38.59 GF/s  setup=0.000 s
gen_pow2                 L=32  B=8     m=250   inner=1      min=    63.923 us/xform  median=    63.951  sd=  0.05%     38.45 GF/s  setup=0.000 s
gen_pow2                 L=32  B=8     m=250   inner=1      min=    63.969 us/xform  median=    63.985  sd=  0.03%     38.42 GF/s  setup=0.000 s
gen_pow2                 L=32  B=8     m=2     inner=1      min=   115.024 us/xform  median=   115.024  sd=  0.00%     21.37 GF/s  setup=0.000 s
gen_race                 L=32  B=8     m=250   inner=1      min=  3904.617 us/xform  median=  3915.485  sd=  0.23%      0.63 GF/s  setup=0.884 s
gen_race                 L=32  B=8     m=250   inner=1      min=  3942.860 us/xform  median=  3946.090  sd=  0.05%      0.62 GF/s  setup=0.002 s
gen_race                 L=32  B=8     m=250   inner=1      min=  3888.056 us/xform  median=  3898.935  sd=  0.15%      0.63 GF/s  setup=0.002 s
gen_race                 L=32  B=8     m=2     inner=1      min=  3926.565 us/xform  median=  3926.565  sd=  0.00%      0.63 GF/s  setup=0.001 s
gen_twiddle              L=32  B=8     m=250   inner=1      min=   641.583 us/xform  median=   641.636  sd=  0.01%      3.83 GF/s  setup=0.002 s
gen_twiddle              L=32  B=8     m=250   inner=1      min=   644.151 us/xform  median=   644.239  sd=  0.01%      3.82 GF/s  setup=0.003 s
gen_twiddle              L=32  B=8     m=250   inner=1      min=   652.713 us/xform  median=   652.843  sd=  0.01%      3.77 GF/s  setup=0.002 s
gen_twiddle              L=32  B=8     m=2     inner=1      min=   809.782 us/xform  median=   809.782  sd=  0.00%      3.03 GF/s  setup=0.002 s
mkl2026_dfti             L=32  B=8     m=250   inner=1      min=   186.259 us/xform  median=   186.879  sd=  0.16%     13.19 GF/s  setup=0.002 s
mkl2026_dfti             L=32  B=8     m=250   inner=1      min=   192.402 us/xform  median=   192.454  sd=  0.01%     12.77 GF/s  setup=0.002 s
mkl2026_dfti             L=32  B=8     m=250   inner=1      min=   187.140 us/xform  median=   187.699  sd=  0.14%     13.13 GF/s  setup=0.002 s
mkl2026_dfti             L=32  B=8     m=2     inner=1      min=   262.738 us/xform  median=   262.738  sd=  0.00%      9.35 GF/s  setup=0.002 s
mkl_dfti                 L=32  B=8     m=250   inner=1      min=   171.846 us/xform  median=   172.163  sd=  0.12%     14.30 GF/s  setup=0.002 s
mkl_dfti                 L=32  B=8     m=250   inner=1      min=   171.437 us/xform  median=   171.783  sd=  0.12%     14.34 GF/s  setup=0.002 s
mkl_dfti                 L=32  B=8     m=250   inner=1      min=   172.543 us/xform  median=   172.856  sd=  0.19%     14.24 GF/s  setup=0.002 s
mkl_dfti                 L=32  B=8     m=2     inner=1      min=   238.314 us/xform  median=   238.314  sd=  0.00%     10.31 GF/s  setup=0.002 s
baseline_matrix          L=40  B=8     m=128   inner=1      min= 13439.233 us/xform  median= 13439.931  sd=  0.01%      0.38 GF/s  setup=0.000 s
baseline_matrix          L=40  B=8     m=128   inner=1      min= 13458.219 us/xform  median= 13458.757  sd=  0.01%      0.38 GF/s  setup=0.000 s
baseline_matrix          L=40  B=8     m=128   inner=1      min= 13487.367 us/xform  median= 13487.807  sd=  0.00%      0.38 GF/s  setup=0.000 s
baseline_matrix          L=40  B=8     m=2     inner=1      min= 13543.044 us/xform  median= 13543.044  sd=  0.00%      0.38 GF/s  setup=0.000 s
ducc0_c2c                L=40  B=8     m=128   inner=1      min=   607.224 us/xform  median=   608.749  sd=  0.21%      8.41 GF/s  setup=0.000 s
ducc0_c2c                L=40  B=8     m=128   inner=1      min=   596.769 us/xform  median=   598.923  sd=  0.25%      8.56 GF/s  setup=0.000 s
ducc0_c2c                L=40  B=8     m=128   inner=1      min=   600.825 us/xform  median=   602.500  sd=  0.27%      8.50 GF/s  setup=0.000 s
ducc0_c2c                L=40  B=8     m=2     inner=1      min=   782.910 us/xform  median=   782.910  sd=  0.00%      6.53 GF/s  setup=0.000 s
fftw3_estimate           L=40  B=8     m=128   inner=1      min=  1611.513 us/xform  median=  1614.895  sd=  0.11%      3.17 GF/s  setup=0.002 s
fftw3_estimate           L=40  B=8     m=128   inner=1      min=  1608.902 us/xform  median=  1613.008  sd=  0.10%      3.18 GF/s  setup=0.002 s
fftw3_estimate           L=40  B=8     m=128   inner=1      min=  1608.435 us/xform  median=  1611.540  sd=  0.07%      3.18 GF/s  setup=0.002 s
fftw3_estimate           L=40  B=8     m=2     inner=1      min=  1927.108 us/xform  median=  1927.108  sd=  0.00%      2.65 GF/s  setup=0.002 s
fftw3_measure            L=40  B=8     m=128   inner=1      min=   560.368 us/xform  median=   560.572  sd=  0.03%      9.12 GF/s  setup=0.154 s
fftw3_measure            L=40  B=8     m=128   inner=1      min=   552.732 us/xform  median=   553.194  sd=  0.05%      9.24 GF/s  setup=0.154 s
fftw3_measure            L=40  B=8     m=128   inner=1      min=   576.269 us/xform  median=   576.712  sd=  0.05%      8.87 GF/s  setup=0.148 s
fftw3_measure            L=40  B=8     m=2     inner=1      min=   609.754 us/xform  median=   609.754  sd=  0.00%      8.38 GF/s  setup=0.149 s
fftw3_patient            L=40  B=8     m=128   inner=1      min=   536.347 us/xform  median=   536.898  sd=  0.04%      9.53 GF/s  setup=1.441 s
fftw3_patient            L=40  B=8     m=128   inner=1      min=   527.853 us/xform  median=   528.400  sd=  0.05%      9.68 GF/s  setup=1.489 s
fftw3_patient            L=40  B=8     m=128   inner=1      min=   533.088 us/xform  median=   533.836  sd=  0.07%      9.58 GF/s  setup=1.482 s
fftw3_patient            L=40  B=8     m=2     inner=1      min=   591.193 us/xform  median=   591.193  sd=  0.00%      8.64 GF/s  setup=1.304 s
gen_bluestein            L=40  B=8     m=128   inner=1      min=  1308.216 us/xform  median=  1308.643  sd=  0.02%      3.91 GF/s  setup=0.000 s
gen_bluestein            L=40  B=8     m=128   inner=1      min=  1312.288 us/xform  median=  1312.951  sd=  0.03%      3.89 GF/s  setup=0.000 s
gen_bluestein            L=40  B=8     m=128   inner=1      min=  1300.442 us/xform  median=  1300.676  sd=  0.02%      3.93 GF/s  setup=0.000 s
gen_bluestein            L=40  B=8     m=2     inner=1      min=  1565.621 us/xform  median=  1565.621  sd=  0.00%      3.26 GF/s  setup=0.000 s
gen_layout               L=40  B=8     m=128   inner=1      min=  1116.629 us/xform  median=  1116.824  sd=  0.03%      4.58 GF/s  setup=0.001 s
gen_layout               L=40  B=8     m=128   inner=1      min=  1114.321 us/xform  median=  1115.035  sd=  0.03%      4.58 GF/s  setup=0.001 s
gen_layout               L=40  B=8     m=128   inner=1      min=  1115.661 us/xform  median=  1116.073  sd=  0.03%      4.58 GF/s  setup=0.001 s
gen_layout               L=40  B=8     m=2     inner=1      min=  1374.869 us/xform  median=  1374.869  sd=  0.00%      3.72 GF/s  setup=0.001 s
gen_pfa_large            L=40  B=8     m=128   inner=1      min=   201.541 us/xform  median=   201.709  sd=  0.06%     25.35 GF/s  setup=0.245 s
gen_pfa_large            L=40  B=8     m=128   inner=1      min=   200.515 us/xform  median=   200.751  sd=  0.06%     25.48 GF/s  setup=0.198 s
gen_pfa_large            L=40  B=8     m=128   inner=1      min=   201.159 us/xform  median=   201.251  sd=  0.06%     25.40 GF/s  setup=0.276 s
gen_pfa_large            L=40  B=8     m=2     inner=1      min=   240.699 us/xform  median=   240.699  sd=  0.00%     21.23 GF/s  setup=0.196 s
gen_planner              L=40  B=8     m=128   inner=1      min=   666.323 us/xform  median=   666.945  sd=  0.04%      7.67 GF/s  setup=0.000 s
gen_planner              L=40  B=8     m=128   inner=1      min=   676.132 us/xform  median=   676.411  sd=  0.06%      7.56 GF/s  setup=0.000 s
gen_planner              L=40  B=8     m=128   inner=1      min=   668.985 us/xform  median=   669.657  sd=  0.05%      7.64 GF/s  setup=0.000 s
gen_planner              L=40  B=8     m=2     inner=1      min=   857.982 us/xform  median=   857.982  sd=  0.00%      5.95 GF/s  setup=0.000 s
gen_race                 L=40  B=8     m=128   inner=1      min=  9331.696 us/xform  median=  9343.545  sd=  0.06%      0.55 GF/s  setup=1.954 s
gen_race                 L=40  B=8     m=128   inner=1      min=  9372.939 us/xform  median=  9381.189  sd=  0.05%      0.55 GF/s  setup=0.001 s
gen_race                 L=40  B=8     m=128   inner=1      min=  9325.926 us/xform  median=  9345.413  sd=  0.09%      0.55 GF/s  setup=0.002 s
gen_race                 L=40  B=8     m=2     inner=1      min=  9562.345 us/xform  median=  9562.345  sd=  0.00%      0.53 GF/s  setup=0.002 s
gen_twiddle              L=40  B=8     m=128   inner=1      min=  1287.204 us/xform  median=  1287.776  sd=  0.02%      3.97 GF/s  setup=0.002 s
gen_twiddle              L=40  B=8     m=128   inner=1      min=  1292.018 us/xform  median=  1292.415  sd=  0.02%      3.95 GF/s  setup=0.002 s
gen_twiddle              L=40  B=8     m=128   inner=1      min=  1288.981 us/xform  median=  1289.455  sd=  0.03%      3.96 GF/s  setup=0.003 s
gen_twiddle              L=40  B=8     m=2     inner=1      min=  1655.265 us/xform  median=  1655.265  sd=  0.00%      3.09 GF/s  setup=0.002 s
mkl2026_dfti             L=40  B=8     m=128   inner=1      min=   405.425 us/xform  median=   406.274  sd=  0.11%     12.60 GF/s  setup=0.002 s
mkl2026_dfti             L=40  B=8     m=128   inner=1      min=   405.592 us/xform  median=   405.873  sd=  0.07%     12.60 GF/s  setup=0.002 s
mkl2026_dfti             L=40  B=8     m=128   inner=1      min=   406.022 us/xform  median=   406.502  sd=  0.11%     12.58 GF/s  setup=0.002 s
mkl2026_dfti             L=40  B=8     m=2     inner=1      min=   724.075 us/xform  median=   724.075  sd=  0.00%      7.06 GF/s  setup=0.002 s
mkl_dfti                 L=40  B=8     m=128   inner=1      min=   407.445 us/xform  median=   408.411  sd=  0.13%     12.54 GF/s  setup=0.002 s
mkl_dfti                 L=40  B=8     m=128   inner=1      min=   406.343 us/xform  median=   406.892  sd=  0.12%     12.57 GF/s  setup=0.003 s
mkl_dfti                 L=40  B=8     m=128   inner=1      min=   406.698 us/xform  median=   407.093  sd=  0.09%     12.56 GF/s  setup=0.002 s
mkl_dfti                 L=40  B=8     m=2     inner=1      min=   760.756 us/xform  median=   760.756  sd=  0.00%      6.72 GF/s  setup=0.002 s
baseline_matrix          L=50  B=4     m=128   inner=1      min= 34087.859 us/xform  median= 34095.032  sd=  0.02%      0.31 GF/s  setup=0.000 s
baseline_matrix          L=50  B=4     m=128   inner=1      min= 34442.001 us/xform  median= 34445.350  sd=  0.01%      0.31 GF/s  setup=0.000 s
baseline_matrix          L=50  B=4     m=128   inner=1      min= 33903.762 us/xform  median= 33914.655  sd=  0.01%      0.31 GF/s  setup=0.000 s
baseline_matrix          L=50  B=4     m=2     inner=1      min= 35088.561 us/xform  median= 35088.561  sd=  0.00%      0.30 GF/s  setup=0.000 s
ducc0_c2c                L=50  B=4     m=128   inner=1      min=  1268.892 us/xform  median=  1271.238  sd=  0.28%      8.34 GF/s  setup=0.000 s
ducc0_c2c                L=50  B=4     m=128   inner=1      min=  1268.963 us/xform  median=  1272.737  sd=  0.26%      8.34 GF/s  setup=0.000 s
ducc0_c2c                L=50  B=4     m=128   inner=1      min=  1282.769 us/xform  median=  1286.893  sd=  0.25%      8.25 GF/s  setup=0.000 s
ducc0_c2c                L=50  B=4     m=2     inner=1      min=  1644.321 us/xform  median=  1644.321  sd=  0.00%      6.44 GF/s  setup=0.000 s
fftw3_estimate           L=50  B=4     m=128   inner=1      min=  1624.122 us/xform  median=  1626.205  sd=  0.09%      6.52 GF/s  setup=0.003 s
fftw3_estimate           L=50  B=4     m=128   inner=1      min=  1613.958 us/xform  median=  1615.177  sd=  0.09%      6.56 GF/s  setup=0.002 s
fftw3_estimate           L=50  B=4     m=128   inner=1      min=  1613.937 us/xform  median=  1615.548  sd=  0.05%      6.56 GF/s  setup=0.003 s
fftw3_estimate           L=50  B=4     m=2     inner=1      min=  1997.564 us/xform  median=  1997.564  sd=  0.00%      5.30 GF/s  setup=0.003 s
fftw3_measure            L=50  B=4     m=128   inner=1      min=  1208.687 us/xform  median=  1209.239  sd=  0.04%      8.76 GF/s  setup=0.091 s
fftw3_measure            L=50  B=4     m=128   inner=1      min=  1198.350 us/xform  median=  1199.094  sd=  0.05%      8.83 GF/s  setup=0.089 s
fftw3_measure            L=50  B=4     m=128   inner=1      min=  1247.141 us/xform  median=  1247.278  sd=  0.02%      8.49 GF/s  setup=0.088 s
fftw3_measure            L=50  B=4     m=2     inner=1      min=  1343.867 us/xform  median=  1343.867  sd=  0.00%      7.87 GF/s  setup=0.092 s
fftw3_patient            L=50  B=4     m=128   inner=1      min=  1158.041 us/xform  median=  1159.326  sd=  0.05%      9.14 GF/s  setup=1.222 s
fftw3_patient            L=50  B=4     m=128   inner=1      min=  1165.490 us/xform  median=  1166.151  sd=  0.03%      9.08 GF/s  setup=1.323 s
fftw3_patient            L=50  B=4     m=128   inner=1      min=  1185.148 us/xform  median=  1186.048  sd=  0.04%      8.93 GF/s  setup=1.112 s
fftw3_patient            L=50  B=4     m=2     inner=1      min=  1297.187 us/xform  median=  1297.187  sd=  0.00%      8.16 GF/s  setup=1.123 s
gen_bluestein            L=50  B=4     m=128   inner=1      min=  2268.054 us/xform  median=  2268.756  sd=  0.02%      4.67 GF/s  setup=0.000 s
gen_bluestein            L=50  B=4     m=128   inner=1      min=  2266.638 us/xform  median=  2267.899  sd=  0.02%      4.67 GF/s  setup=0.000 s
gen_bluestein            L=50  B=4     m=128   inner=1      min=  2274.405 us/xform  median=  2274.895  sd=  0.04%      4.65 GF/s  setup=0.000 s
gen_bluestein            L=50  B=4     m=2     inner=1      min=  2780.234 us/xform  median=  2780.234  sd=  0.00%      3.81 GF/s  setup=0.000 s
gen_layout               L=50  B=4     m=128   inner=1      min=  2946.596 us/xform  median=  2947.908  sd=  0.05%      3.59 GF/s  setup=0.002 s
gen_layout               L=50  B=4     m=128   inner=1      min=  2918.735 us/xform  median=  2919.361  sd=  0.01%      3.63 GF/s  setup=0.002 s
gen_layout               L=50  B=4     m=128   inner=1      min=  2923.853 us/xform  median=  2924.708  sd=  0.03%      3.62 GF/s  setup=0.001 s
gen_layout               L=50  B=4     m=2     inner=1      min=  3463.117 us/xform  median=  3463.117  sd=  0.00%      3.06 GF/s  setup=0.002 s
gen_pfa_large            L=50  B=4     m=128   inner=1      min=   481.372 us/xform  median=   481.467  sd=  0.03%     21.98 GF/s  setup=0.663 s
gen_pfa_large            L=50  B=4     m=128   inner=1      min=   482.519 us/xform  median=   482.800  sd=  0.07%     21.93 GF/s  setup=0.627 s
gen_pfa_large            L=50  B=4     m=128   inner=1      min=   487.472 us/xform  median=   487.812  sd=  0.05%     21.71 GF/s  setup=0.443 s
gen_pfa_large            L=50  B=4     m=2     inner=1      min=   551.643 us/xform  median=   551.643  sd=  0.00%     19.18 GF/s  setup=0.457 s
gen_planner              L=50  B=4     m=128   inner=1      min=  1535.440 us/xform  median=  1536.027  sd=  0.02%      6.89 GF/s  setup=0.000 s
gen_planner              L=50  B=4     m=128   inner=1      min=  1543.078 us/xform  median=  1543.504  sd=  0.02%      6.86 GF/s  setup=0.000 s
gen_planner              L=50  B=4     m=128   inner=1      min=  1570.210 us/xform  median=  1570.858  sd=  0.02%      6.74 GF/s  setup=0.000 s
gen_planner              L=50  B=4     m=2     inner=1      min=  1917.970 us/xform  median=  1917.970  sd=  0.00%      5.52 GF/s  setup=0.000 s
gen_powp                 L=50  B=4     m=128   inner=1      min=   473.484 us/xform  median=   473.722  sd=  0.04%     22.35 GF/s  setup=0.689 s
gen_powp                 L=50  B=4     m=128   inner=1      min=   478.278 us/xform  median=   478.493  sd=  0.05%     22.13 GF/s  setup=0.653 s
gen_powp                 L=50  B=4     m=128   inner=1      min=   482.117 us/xform  median=   482.467  sd=  0.05%     21.95 GF/s  setup=0.684 s
gen_powp                 L=50  B=4     m=2     inner=1      min=   556.980 us/xform  median=   556.980  sd=  0.00%     19.00 GF/s  setup=0.507 s
gen_race                 L=50  B=4     m=128   inner=1      min= 23770.979 us/xform  median= 23794.832  sd=  0.05%      0.45 GF/s  setup=2.200 s
gen_race                 L=50  B=4     m=128   inner=1      min= 23750.849 us/xform  median= 23769.687  sd=  0.07%      0.45 GF/s  setup=0.002 s
gen_race                 L=50  B=4     m=128   inner=1      min= 23905.916 us/xform  median= 23926.154  sd=  0.05%      0.44 GF/s  setup=0.002 s
gen_race                 L=50  B=4     m=2     inner=1      min= 24171.748 us/xform  median= 24171.748  sd=  0.00%      0.44 GF/s  setup=0.001 s
gen_twiddle              L=50  B=4     m=128   inner=1      min=  2783.520 us/xform  median=  2785.343  sd=  0.03%      3.80 GF/s  setup=0.003 s
gen_twiddle              L=50  B=4     m=128   inner=1      min=  2821.340 us/xform  median=  2822.379  sd=  0.04%      3.75 GF/s  setup=0.003 s
gen_twiddle              L=50  B=4     m=128   inner=1      min=  2792.513 us/xform  median=  2793.568  sd=  0.03%      3.79 GF/s  setup=0.003 s
gen_twiddle              L=50  B=4     m=2     inner=1      min=  3559.004 us/xform  median=  3559.004  sd=  0.00%      2.97 GF/s  setup=0.003 s
mkl2026_dfti             L=50  B=4     m=128   inner=1      min=   962.367 us/xform  median=   965.944  sd=  0.36%     11.00 GF/s  setup=0.051 s
mkl2026_dfti             L=50  B=4     m=128   inner=1      min=   961.769 us/xform  median=   963.933  sd=  0.14%     11.00 GF/s  setup=0.049 s
mkl2026_dfti             L=50  B=4     m=128   inner=1      min=   962.913 us/xform  median=   965.637  sd=  0.18%     10.99 GF/s  setup=0.048 s
mkl2026_dfti             L=50  B=4     m=2     inner=1      min=  1570.206 us/xform  median=  1570.206  sd=  0.00%      6.74 GF/s  setup=0.047 s
mkl_dfti                 L=50  B=4     m=128   inner=1      min=   948.870 us/xform  median=   950.591  sd=  0.12%     11.15 GF/s  setup=0.029 s
mkl_dfti                 L=50  B=4     m=128   inner=1      min=   951.001 us/xform  median=   953.535  sd=  0.13%     11.13 GF/s  setup=0.048 s
mkl_dfti                 L=50  B=4     m=128   inner=1      min=   951.226 us/xform  median=   952.788  sd=  0.09%     11.12 GF/s  setup=0.048 s
mkl_dfti                 L=50  B=4     m=2     inner=1      min=  1602.491 us/xform  median=  1602.491  sd=  0.00%      6.60 GF/s  setup=0.051 s
baseline_matrix          L=100 B=1     m=2     inner=1      min=605628.581 us/xform  median=605628.581  sd=  0.00%      0.16 GF/s  setup=0.000 s
ducc0_c2c                L=100 B=1     m=64    inner=1      min= 11947.915 us/xform  median= 11991.749  sd=  0.51%      8.34 GF/s  setup=0.000 s
ducc0_c2c                L=100 B=1     m=64    inner=1      min= 11883.762 us/xform  median= 11928.262  sd=  0.46%      8.39 GF/s  setup=0.000 s
ducc0_c2c                L=100 B=1     m=64    inner=1      min= 11879.252 us/xform  median= 11929.967  sd=  0.46%      8.39 GF/s  setup=0.000 s
ducc0_c2c                L=100 B=1     m=2     inner=1      min= 12465.477 us/xform  median= 12465.477  sd=  0.00%      7.99 GF/s  setup=0.000 s
fftw3_estimate           L=100 B=1     m=64    inner=1      min= 20512.491 us/xform  median= 20521.471  sd=  0.03%      4.86 GF/s  setup=0.002 s
fftw3_estimate           L=100 B=1     m=64    inner=1      min= 20689.869 us/xform  median= 20702.882  sd=  0.03%      4.82 GF/s  setup=0.002 s
fftw3_estimate           L=100 B=1     m=64    inner=1      min= 20632.807 us/xform  median= 20641.394  sd=  0.03%      4.83 GF/s  setup=0.003 s
fftw3_estimate           L=100 B=1     m=2     inner=1      min= 21457.269 us/xform  median= 21457.269  sd=  0.00%      4.64 GF/s  setup=0.002 s
fftw3_measure            L=100 B=1     m=64    inner=1      min= 11087.118 us/xform  median= 11096.531  sd=  0.08%      8.99 GF/s  setup=0.277 s
fftw3_measure            L=100 B=1     m=64    inner=1      min= 11346.377 us/xform  median= 11355.995  sd=  0.04%      8.78 GF/s  setup=0.277 s
fftw3_measure            L=100 B=1     m=64    inner=1      min= 11959.285 us/xform  median= 11970.652  sd=  0.07%      8.33 GF/s  setup=0.314 s
fftw3_measure            L=100 B=1     m=2     inner=1      min= 12090.033 us/xform  median= 12090.033  sd=  0.00%      8.24 GF/s  setup=0.277 s
fftw3_patient            L=100 B=1     m=64    inner=1      min= 10195.396 us/xform  median= 10206.256  sd=  0.04%      9.77 GF/s  setup=16.934 s
fftw3_patient            L=100 B=1     m=64    inner=1      min=  9863.450 us/xform  median=  9871.370  sd=  0.04%     10.10 GF/s  setup=17.443 s
fftw3_patient            L=100 B=1     m=64    inner=1      min=  9943.769 us/xform  median=  9952.726  sd=  0.06%     10.02 GF/s  setup=17.575 s
fftw3_patient            L=100 B=1     m=2     inner=1      min= 10652.702 us/xform  median= 10652.702  sd=  0.00%      9.36 GF/s  setup=17.338 s
gen_bluestein            L=100 B=1     m=64    inner=1      min= 20751.321 us/xform  median= 20757.043  sd=  0.02%      4.80 GF/s  setup=0.000 s
gen_bluestein            L=100 B=1     m=64    inner=1      min= 20712.715 us/xform  median= 20738.035  sd=  0.04%      4.81 GF/s  setup=0.000 s
gen_bluestein            L=100 B=1     m=64    inner=1      min= 20705.685 us/xform  median= 20722.819  sd=  0.06%      4.81 GF/s  setup=0.000 s
gen_bluestein            L=100 B=1     m=2     inner=1      min= 21516.450 us/xform  median= 21516.450  sd=  0.00%      4.63 GF/s  setup=0.000 s
gen_layout               L=100 B=1     m=64    inner=1      min= 42389.565 us/xform  median= 42403.350  sd=  0.02%      2.35 GF/s  setup=0.009 s
gen_layout               L=100 B=1     m=64    inner=1      min= 42345.885 us/xform  median= 42365.724  sd=  0.02%      2.35 GF/s  setup=0.007 s
gen_layout               L=100 B=1     m=64    inner=1      min= 42422.899 us/xform  median= 42429.794  sd=  0.02%      2.35 GF/s  setup=0.008 s
gen_layout               L=100 B=1     m=2     inner=1      min= 43171.550 us/xform  median= 43171.550  sd=  0.00%      2.31 GF/s  setup=0.009 s
gen_pfa_large            L=100 B=1     m=64    inner=1      min=  5135.436 us/xform  median=  5144.012  sd=  0.13%     19.41 GF/s  setup=3.347 s
gen_pfa_large            L=100 B=1     m=64    inner=1      min=  5086.365 us/xform  median=  5095.261  sd=  0.10%     19.59 GF/s  setup=3.708 s
gen_pfa_large            L=100 B=1     m=64    inner=1      min=  5091.982 us/xform  median=  5100.276  sd=  0.11%     19.57 GF/s  setup=3.524 s
gen_pfa_large            L=100 B=1     m=2     inner=1      min=  5884.880 us/xform  median=  5884.880  sd=  0.00%     16.93 GF/s  setup=3.346 s
gen_planner              L=100 B=1     m=64    inner=1      min= 15125.425 us/xform  median= 15132.877  sd=  0.02%      6.59 GF/s  setup=0.000 s
gen_planner              L=100 B=1     m=64    inner=1      min= 15138.639 us/xform  median= 15143.146  sd=  0.02%      6.58 GF/s  setup=0.000 s
gen_planner              L=100 B=1     m=64    inner=1      min= 15044.641 us/xform  median= 15049.865  sd=  0.03%      6.62 GF/s  setup=0.000 s
gen_planner              L=100 B=1     m=2     inner=1      min= 15792.911 us/xform  median= 15792.911  sd=  0.00%      6.31 GF/s  setup=0.000 s
gen_powp                 L=100 B=1     m=64    inner=1      min=  5090.963 us/xform  median=  5098.336  sd=  0.08%     19.58 GF/s  setup=4.063 s
gen_powp                 L=100 B=1     m=64    inner=1      min=  5026.755 us/xform  median=  5029.581  sd=  0.05%     19.83 GF/s  setup=4.163 s
gen_powp                 L=100 B=1     m=64    inner=1      min=  5127.315 us/xform  median=  5134.623  sd=  0.09%     19.44 GF/s  setup=4.225 s
gen_powp                 L=100 B=1     m=2     inner=1      min=  5646.141 us/xform  median=  5646.141  sd=  0.00%     17.65 GF/s  setup=3.878 s
gen_race                 L=100 B=1     m=64    inner=1      min=392755.235 us/xform  median=392866.742  sd=  0.03%      0.25 GF/s  setup=0.004 s
gen_race                 L=100 B=1     m=64    inner=1      min=391379.554 us/xform  median=391602.751  sd=  0.03%      0.25 GF/s  setup=0.002 s
gen_race                 L=100 B=1     m=64    inner=1      min=393834.485 us/xform  median=394238.270  sd=  0.05%      0.25 GF/s  setup=0.002 s
gen_race                 L=100 B=1     m=2     inner=1      min=394830.476 us/xform  median=394830.476  sd=  0.00%      0.25 GF/s  setup=0.003 s
gen_twiddle              L=100 B=1     m=64    inner=1      min= 26656.076 us/xform  median= 26662.884  sd=  0.02%      3.74 GF/s  setup=0.005 s
gen_twiddle              L=100 B=1     m=64    inner=1      min= 26639.857 us/xform  median= 26644.180  sd=  0.02%      3.74 GF/s  setup=0.006 s
gen_twiddle              L=100 B=1     m=64    inner=1      min= 26656.978 us/xform  median= 26662.358  sd=  0.04%      3.74 GF/s  setup=0.006 s
gen_twiddle              L=100 B=1     m=2     inner=1      min= 27453.237 us/xform  median= 27453.237  sd=  0.00%      3.63 GF/s  setup=0.006 s
mkl2026_dfti             L=100 B=1     m=64    inner=1      min=  7846.147 us/xform  median=  7853.327  sd=  0.07%     12.70 GF/s  setup=0.048 s
mkl2026_dfti             L=100 B=1     m=64    inner=1      min=  7839.003 us/xform  median=  7848.021  sd=  0.06%     12.71 GF/s  setup=0.047 s
mkl2026_dfti             L=100 B=1     m=64    inner=1      min=  7879.128 us/xform  median=  7883.197  sd=  0.06%     12.65 GF/s  setup=0.051 s
mkl2026_dfti             L=100 B=1     m=2     inner=1      min= 10402.826 us/xform  median= 10402.826  sd=  0.00%      9.58 GF/s  setup=0.043 s
mkl_dfti                 L=100 B=1     m=64    inner=1      min=  7819.470 us/xform  median=  7826.644  sd=  0.05%     12.74 GF/s  setup=0.031 s
mkl_dfti                 L=100 B=1     m=64    inner=1      min=  7823.432 us/xform  median=  7832.567  sd=  0.06%     12.74 GF/s  setup=0.048 s
mkl_dfti                 L=100 B=1     m=64    inner=1      min=  7817.717 us/xform  median=  7827.867  sd=  0.08%     12.75 GF/s  setup=0.050 s
mkl_dfti                 L=100 B=1     m=2     inner=1      min= 10176.360 us/xform  median= 10176.360  sd=  0.00%      9.79 GF/s  setup=0.049 s
