fftw3_custom             L=17  B=32    m=98    inner=1      min=    59.524 us/xform  median=    59.563  sd=  0.05%      5.06 GF/s  setup=0.000 s
fftw3_custom             L=17  B=32    m=98    inner=1      min=    59.526 us/xform  median=    59.541  sd=  0.05%      5.06 GF/s  setup=0.000 s
fftw3_custom             L=17  B=32    m=98    inner=1      min=    59.545 us/xform  median=    59.565  sd=  0.07%      5.06 GF/s  setup=0.000 s
fftw3_custom_soa         L=17  B=32    m=98    inner=1      min=    25.078 us/xform  median=    25.090  sd=  0.07%     12.01 GF/s  setup=0.000 s
fftw3_custom_soa         L=17  B=32    m=98    inner=1      min=    24.894 us/xform  median=    24.898  sd=  0.04%     12.10 GF/s  setup=0.000 s
fftw3_custom_soa         L=17  B=32    m=98    inner=1      min=    25.593 us/xform  median=    25.605  sd=  0.17%     11.77 GF/s  setup=0.000 s
mkl_dfti                 L=17  B=32    m=98    inner=1      min=    88.845 us/xform  median=    88.881  sd=  0.03%      3.39 GF/s  setup=0.033 s
mkl_dfti                 L=17  B=32    m=98    inner=1      min=    88.880 us/xform  median=    88.932  sd=  0.03%      3.39 GF/s  setup=0.032 s
mkl_dfti                 L=17  B=32    m=98    inner=1      min=    88.835 us/xform  median=    88.877  sd=  0.02%      3.39 GF/s  setup=0.032 s
fftw3_custom             L=23  B=16    m=165   inner=1      min=   237.506 us/xform  median=   237.648  sd=  0.02%      3.48 GF/s  setup=0.000 s
fftw3_custom             L=23  B=16    m=165   inner=1      min=   237.701 us/xform  median=   237.776  sd=  0.05%      3.47 GF/s  setup=0.000 s
fftw3_custom             L=23  B=16    m=165   inner=1      min=   237.586 us/xform  median=   237.724  sd=  0.14%      3.47 GF/s  setup=0.000 s
fftw3_custom_soa         L=23  B=16    m=165   inner=1      min=    77.797 us/xform  median=    77.823  sd=  0.06%     10.61 GF/s  setup=0.000 s
fftw3_custom_soa         L=23  B=16    m=165   inner=1      min=    77.765 us/xform  median=    77.787  sd=  0.04%     10.62 GF/s  setup=0.000 s
fftw3_custom_soa         L=23  B=16    m=165   inner=1      min=    77.526 us/xform  median=    77.560  sd=  0.05%     10.65 GF/s  setup=0.000 s
mkl_dfti                 L=23  B=16    m=165   inner=1      min=   262.213 us/xform  median=   262.239  sd=  0.01%      3.15 GF/s  setup=0.031 s
mkl_dfti                 L=23  B=16    m=165   inner=1      min=   262.340 us/xform  median=   262.432  sd=  0.02%      3.15 GF/s  setup=0.031 s
mkl_dfti                 L=23  B=16    m=165   inner=1      min=   262.185 us/xform  median=   262.237  sd=  0.01%      3.15 GF/s  setup=0.031 s
fftw3_custom             L=31  B=16    m=140   inner=1      min=   552.614 us/xform  median=   553.403  sd=  0.13%      4.01 GF/s  setup=0.000 s
fftw3_custom             L=31  B=16    m=140   inner=1      min=   557.358 us/xform  median=   558.617  sd=  0.17%      3.97 GF/s  setup=0.000 s
fftw3_custom             L=31  B=16    m=140   inner=1      min=   550.856 us/xform  median=   551.867  sd=  0.12%      4.02 GF/s  setup=0.000 s
fftw3_custom_soa         L=31  B=16    m=140   inner=1      min=   231.424 us/xform  median=   232.227  sd=  0.14%      9.57 GF/s  setup=0.000 s
fftw3_custom_soa         L=31  B=16    m=140   inner=1      min=   237.294 us/xform  median=   237.900  sd=  0.15%      9.33 GF/s  setup=0.000 s
fftw3_custom_soa         L=31  B=16    m=140   inner=1      min=   220.814 us/xform  median=   221.234  sd=  0.15%     10.03 GF/s  setup=0.000 s
mkl_dfti                 L=31  B=16    m=140   inner=1      min=   849.744 us/xform  median=   849.863  sd=  0.01%      2.61 GF/s  setup=0.032 s
mkl_dfti                 L=31  B=16    m=140   inner=1      min=   849.924 us/xform  median=   850.017  sd=  0.01%      2.60 GF/s  setup=0.031 s
mkl_dfti                 L=31  B=16    m=140   inner=1      min=   850.117 us/xform  median=   850.218  sd=  0.01%      2.60 GF/s  setup=0.033 s
