PASS rel_l2=4.516e-16 rel_max=5.829e-16 (tol 1e-12) L=10 B=64
PASS map-chain m=1000: rel_l2=3.304e-13 (anchor 8.619e-14, tol 1.0e-10)
PASS rel_l2=4.516e-16 rel_max=5.829e-16 (tol 1e-12) L=10 B=64
PASS map-2-step: rel_l2=1.197e-15 (tol 3.0e-14)
PASS rel_l2=2.270e-16 rel_max=3.850e-16 (tol 1e-12) L=10 B=64
PASS map-chain m=1000: rel_l2=9.446e-14 (anchor 8.619e-14, tol 1.0e-10)
PASS rel_l2=2.270e-16 rel_max=3.850e-16 (tol 1e-12) L=10 B=64
PASS map-2-step: rel_l2=7.552e-16 (tol 3.0e-14)
PASS rel_l2=2.605e-16 rel_max=3.020e-16 (tol 1e-12) L=10 B=64
PASS map-chain m=1000: rel_l2=1.069e-13 (anchor 8.619e-14, tol 1.0e-10)
PASS rel_l2=2.605e-16 rel_max=3.020e-16 (tol 1e-12) L=10 B=64
PASS map-2-step: rel_l2=8.262e-16 (tol 3.0e-14)
PASS rel_l2=2.605e-16 rel_max=3.020e-16 (tol 1e-12) L=10 B=64
PASS map-chain m=1000: rel_l2=1.069e-13 (anchor 8.619e-14, tol 1.0e-10)
PASS rel_l2=2.605e-16 rel_max=3.020e-16 (tol 1e-12) L=10 B=64
PASS map-2-step: rel_l2=8.262e-16 (tol 3.0e-14)
PASS rel_l2=2.671e-16 rel_max=3.343e-16 (tol 1e-12) L=10 B=64
PASS map-chain m=1000: rel_l2=1.155e-13 (anchor 8.619e-14, tol 1.0e-10)
PASS rel_l2=2.671e-16 rel_max=3.343e-16 (tol 1e-12) L=10 B=64
PASS map-2-step: rel_l2=8.710e-16 (tol 3.0e-14)
PASS rel_l2=2.724e-16 rel_max=3.685e-16 (tol 1e-12) L=10 B=64
PASS map-chain m=1000: rel_l2=1.521e-13 (anchor 8.619e-14, tol 1.0e-10)
PASS rel_l2=2.724e-16 rel_max=3.685e-16 (tol 1e-12) L=10 B=64
PASS map-2-step: rel_l2=8.483e-16 (tol 3.0e-14)
PASS rel_l2=2.671e-16 rel_max=3.343e-16 (tol 1e-12) L=10 B=64
PASS map-chain m=1000: rel_l2=1.155e-13 (anchor 8.619e-14, tol 1.0e-10)
PASS rel_l2=2.690e-16 rel_max=3.343e-16 (tol 1e-12) L=10 B=64
PASS map-2-step: rel_l2=8.646e-16 (tol 3.0e-14)
PASS rel_l2=2.698e-16 rel_max=3.850e-16 (tol 1e-12) L=10 B=64
PASS map-chain m=1000: rel_l2=1.041e-13 (anchor 8.619e-14, tol 1.0e-10)
PASS rel_l2=2.690e-16 rel_max=3.343e-16 (tol 1e-12) L=10 B=64
PASS map-2-step: rel_l2=8.646e-16 (tol 3.0e-14)
PASS rel_l2=2.941e-16 rel_max=3.203e-16 (tol 1e-12) L=10 B=64
PASS map-chain m=1000: rel_l2=1.299e-13 (anchor 8.619e-14, tol 1.0e-10)
PASS rel_l2=2.941e-16 rel_max=3.203e-16 (tol 1e-12) L=10 B=64
PASS map-2-step: rel_l2=9.223e-16 (tol 3.0e-14)
PASS rel_l2=3.968e-16 rel_max=4.458e-16 (tol 1e-12) L=10 B=64
PASS map-chain m=1000: rel_l2=1.752e-13 (anchor 8.619e-14, tol 1.0e-10)
PASS rel_l2=3.968e-16 rel_max=4.458e-16 (tol 1e-12) L=10 B=64
PASS map-2-step: rel_l2=1.202e-15 (tol 3.0e-14)
PASS rel_l2=2.820e-16 rel_max=3.060e-16 (tol 1e-12) L=10 B=64
PASS map-chain m=1000: rel_l2=1.268e-13 (anchor 8.619e-14, tol 1.0e-10)
PASS rel_l2=2.820e-16 rel_max=3.060e-16 (tol 1e-12) L=10 B=64
PASS map-2-step: rel_l2=9.118e-16 (tol 3.0e-14)
PASS rel_l2=2.816e-16 rel_max=3.820e-16 (tol 1e-12) L=10 B=64
PASS map-chain m=1000: rel_l2=1.425e-13 (anchor 8.619e-14, tol 1.0e-10)
PASS rel_l2=2.816e-16 rel_max=3.820e-16 (tol 1e-12) L=10 B=64
PASS map-2-step: rel_l2=8.815e-16 (tol 3.0e-14)
PASS rel_l2=2.941e-16 rel_max=3.203e-16 (tol 1e-12) L=10 B=64
PASS map-chain m=1000: rel_l2=1.299e-13 (anchor 8.619e-14, tol 1.0e-10)
PASS rel_l2=2.941e-16 rel_max=3.203e-16 (tol 1e-12) L=10 B=64
PASS map-2-step: rel_l2=9.223e-16 (tol 3.0e-14)
PASS rel_l2=3.111e-16 rel_max=3.938e-16 (tol 1e-12) L=10 B=64
PASS map-chain m=1000: rel_l2=1.854e-13 (anchor 8.619e-14, tol 1.0e-10)
PASS rel_l2=3.111e-16 rel_max=3.938e-16 (tol 1e-12) L=10 B=64
PASS map-2-step: rel_l2=9.520e-16 (tol 3.0e-14)
PASS rel_l2=2.941e-16 rel_max=3.203e-16 (tol 1e-12) L=10 B=64
PASS map-chain m=1000: rel_l2=1.299e-13 (anchor 8.619e-14, tol 1.0e-10)
PASS rel_l2=2.941e-16 rel_max=3.203e-16 (tol 1e-12) L=10 B=64
PASS map-2-step: rel_l2=9.223e-16 (tol 3.0e-14)
PASS rel_l2=2.790e-16 rel_max=3.850e-16 (tol 1e-12) L=10 B=64
PASS map-chain m=1000: rel_l2=1.273e-13 (anchor 8.619e-14, tol 1.0e-10)
PASS rel_l2=2.790e-16 rel_max=3.850e-16 (tol 1e-12) L=10 B=64
PASS map-2-step: rel_l2=8.596e-16 (tol 3.0e-14)
PASS rel_l2=3.173e-16 rel_max=3.850e-16 (tol 1e-12) L=10 B=64
PASS map-chain m=1000: rel_l2=1.356e-13 (anchor 8.619e-14, tol 1.0e-10)
PASS rel_l2=3.173e-16 rel_max=3.850e-16 (tol 1e-12) L=10 B=64
PASS map-2-step: rel_l2=9.843e-16 (tol 3.0e-14)
PASS rel_l2=3.143e-16 rel_max=3.837e-16 (tol 1e-12) L=10 B=64
PASS map-chain m=1000: rel_l2=1.686e-13 (anchor 8.619e-14, tol 1.0e-10)
PASS rel_l2=3.143e-16 rel_max=3.837e-16 (tol 1e-12) L=10 B=64
PASS map-2-step: rel_l2=9.775e-16 (tol 3.0e-14)
PASS rel_l2=6.257e-16 rel_max=7.269e-16 (tol 1e-12) L=12 B=64
PASS map-chain m=600: rel_l2=2.741e-13 (anchor 3.909e-14, tol 1.0e-10)
PASS rel_l2=6.257e-16 rel_max=7.269e-16 (tol 1e-12) L=12 B=64
PASS map-2-step: rel_l2=1.688e-15 (tol 3.0e-14)
PASS rel_l2=1.980e-16 rel_max=2.823e-16 (tol 1e-12) L=12 B=64
PASS map-chain m=600: rel_l2=3.921e-14 (anchor 3.909e-14, tol 1.0e-10)
PASS rel_l2=1.980e-16 rel_max=2.823e-16 (tol 1e-12) L=12 B=64
PASS map-2-step: rel_l2=7.074e-16 (tol 3.0e-14)
PASS rel_l2=2.904e-16 rel_max=3.370e-16 (tol 1e-12) L=12 B=64
PASS map-chain m=600: rel_l2=4.641e-14 (anchor 3.909e-14, tol 1.0e-10)
PASS rel_l2=2.904e-16 rel_max=3.370e-16 (tol 1e-12) L=12 B=64
PASS map-2-step: rel_l2=8.780e-16 (tol 3.0e-14)
PASS rel_l2=2.904e-16 rel_max=3.370e-16 (tol 1e-12) L=12 B=64
PASS map-chain m=600: rel_l2=4.641e-14 (anchor 3.909e-14, tol 1.0e-10)
PASS rel_l2=2.904e-16 rel_max=3.370e-16 (tol 1e-12) L=12 B=64
PASS map-2-step: rel_l2=8.780e-16 (tol 3.0e-14)
PASS rel_l2=2.916e-16 rel_max=3.370e-16 (tol 1e-12) L=12 B=64
PASS map-chain m=600: rel_l2=4.731e-14 (anchor 3.909e-14, tol 1.0e-10)
PASS rel_l2=2.916e-16 rel_max=3.370e-16 (tol 1e-12) L=12 B=64
PASS map-2-step: rel_l2=8.852e-16 (tol 3.0e-14)
PASS rel_l2=2.955e-16 rel_max=3.370e-16 (tol 1e-12) L=12 B=64
PASS map-chain m=600: rel_l2=4.664e-14 (anchor 3.909e-14, tol 1.0e-10)
PASS rel_l2=2.955e-16 rel_max=3.370e-16 (tol 1e-12) L=12 B=64
PASS map-2-step: rel_l2=9.219e-16 (tol 3.0e-14)
PASS rel_l2=2.932e-16 rel_max=3.370e-16 (tol 1e-12) L=12 B=64
PASS map-chain m=600: rel_l2=4.897e-14 (anchor 3.909e-14, tol 1.0e-10)
PASS rel_l2=2.923e-16 rel_max=3.370e-16 (tol 1e-12) L=12 B=64
PASS map-2-step: rel_l2=8.929e-16 (tol 3.0e-14)
PASS rel_l2=2.923e-16 rel_max=3.370e-16 (tol 1e-12) L=12 B=64
PASS map-chain m=600: rel_l2=5.150e-14 (anchor 3.909e-14, tol 1.0e-10)
PASS rel_l2=2.916e-16 rel_max=3.370e-16 (tol 1e-12) L=12 B=64
PASS map-2-step: rel_l2=8.852e-16 (tol 3.0e-14)
PASS rel_l2=2.904e-16 rel_max=3.370e-16 (tol 1e-12) L=12 B=64
PASS map-chain m=600: rel_l2=4.412e-14 (anchor 3.909e-14, tol 1.0e-10)
PASS rel_l2=2.904e-16 rel_max=3.370e-16 (tol 1e-12) L=12 B=64
PASS map-2-step: rel_l2=8.885e-16 (tol 3.0e-14)
PASS rel_l2=4.823e-16 rel_max=5.590e-16 (tol 1e-12) L=12 B=64
PASS map-chain m=600: rel_l2=9.210e-14 (anchor 3.909e-14, tol 1.0e-10)
PASS rel_l2=4.823e-16 rel_max=5.590e-16 (tol 1e-12) L=12 B=64
PASS map-2-step: rel_l2=1.413e-15 (tol 3.0e-14)
PASS rel_l2=2.978e-16 rel_max=3.330e-16 (tol 1e-12) L=12 B=64
PASS map-chain m=600: rel_l2=5.747e-14 (anchor 3.909e-14, tol 1.0e-10)
PASS rel_l2=2.978e-16 rel_max=3.330e-16 (tol 1e-12) L=12 B=64
PASS map-2-step: rel_l2=9.507e-16 (tol 3.0e-14)
PASS rel_l2=2.975e-16 rel_max=3.117e-16 (tol 1e-12) L=12 B=64
PASS map-chain m=600: rel_l2=5.145e-14 (anchor 3.909e-14, tol 1.0e-10)
PASS rel_l2=2.975e-16 rel_max=3.117e-16 (tol 1e-12) L=12 B=64
PASS map-2-step: rel_l2=9.419e-16 (tol 3.0e-14)
PASS rel_l2=2.904e-16 rel_max=3.370e-16 (tol 1e-12) L=12 B=64
PASS map-chain m=600: rel_l2=4.412e-14 (anchor 3.909e-14, tol 1.0e-10)
PASS rel_l2=2.904e-16 rel_max=3.370e-16 (tol 1e-12) L=12 B=64
PASS map-2-step: rel_l2=8.885e-16 (tol 3.0e-14)
PASS rel_l2=2.964e-16 rel_max=3.321e-16 (tol 1e-12) L=12 B=64
PASS map-chain m=600: rel_l2=6.023e-14 (anchor 3.909e-14, tol 1.0e-10)
PASS rel_l2=2.964e-16 rel_max=3.321e-16 (tol 1e-12) L=12 B=64
PASS map-2-step: rel_l2=9.330e-16 (tol 3.0e-14)
PASS rel_l2=2.904e-16 rel_max=3.370e-16 (tol 1e-12) L=12 B=64
PASS map-chain m=600: rel_l2=4.412e-14 (anchor 3.909e-14, tol 1.0e-10)
PASS rel_l2=2.904e-16 rel_max=3.370e-16 (tol 1e-12) L=12 B=64
PASS map-2-step: rel_l2=8.885e-16 (tol 3.0e-14)
PASS rel_l2=2.968e-16 rel_max=3.308e-16 (tol 1e-12) L=12 B=64
PASS map-chain m=600: rel_l2=7.136e-14 (anchor 3.909e-14, tol 1.0e-10)
PASS rel_l2=2.968e-16 rel_max=3.308e-16 (tol 1e-12) L=12 B=64
PASS map-2-step: rel_l2=9.624e-16 (tol 3.0e-14)
PASS rel_l2=2.955e-16 rel_max=3.370e-16 (tol 1e-12) L=12 B=64
PASS map-chain m=600: rel_l2=4.664e-14 (anchor 3.909e-14, tol 1.0e-10)
PASS rel_l2=2.955e-16 rel_max=3.370e-16 (tol 1e-12) L=12 B=64
PASS map-2-step: rel_l2=9.219e-16 (tol 3.0e-14)
PASS rel_l2=2.904e-16 rel_max=3.370e-16 (tol 1e-12) L=12 B=64
PASS map-chain m=600: rel_l2=4.641e-14 (anchor 3.909e-14, tol 1.0e-10)
PASS rel_l2=2.904e-16 rel_max=3.370e-16 (tol 1e-12) L=12 B=64
PASS map-2-step: rel_l2=8.780e-16 (tol 3.0e-14)
PASS rel_l2=6.613e-16 rel_max=7.857e-16 (tol 1e-12) L=15 B=32
PASS map-chain m=600: rel_l2=2.754e-13 (anchor 5.783e-14, tol 1.0e-10)
PASS rel_l2=6.613e-16 rel_max=7.857e-16 (tol 1e-12) L=15 B=32
PASS map-2-step: rel_l2=2.004e-15 (tol 3.0e-14)
PASS rel_l2=2.702e-16 rel_max=2.946e-16 (tol 1e-12) L=15 B=32
PASS map-chain m=600: rel_l2=5.181e-14 (anchor 5.783e-14, tol 1.0e-10)
PASS rel_l2=2.702e-16 rel_max=2.946e-16 (tol 1e-12) L=15 B=32
PASS map-2-step: rel_l2=9.777e-16 (tol 3.0e-14)
PASS rel_l2=3.135e-16 rel_max=3.841e-16 (tol 1e-12) L=15 B=32
PASS map-chain m=600: rel_l2=6.016e-14 (anchor 5.783e-14, tol 1.0e-10)
PASS rel_l2=3.135e-16 rel_max=3.841e-16 (tol 1e-12) L=15 B=32
PASS map-2-step: rel_l2=1.120e-15 (tol 3.0e-14)
PASS rel_l2=3.135e-16 rel_max=3.841e-16 (tol 1e-12) L=15 B=32
PASS map-chain m=600: rel_l2=6.016e-14 (anchor 5.783e-14, tol 1.0e-10)
PASS rel_l2=3.135e-16 rel_max=3.841e-16 (tol 1e-12) L=15 B=32
PASS map-2-step: rel_l2=1.120e-15 (tol 3.0e-14)
PASS rel_l2=3.343e-16 rel_max=4.261e-16 (tol 1e-12) L=15 B=32
PASS map-chain m=600: rel_l2=7.311e-14 (anchor 5.783e-14, tol 1.0e-10)
PASS rel_l2=3.343e-16 rel_max=4.261e-16 (tol 1e-12) L=15 B=32
PASS map-2-step: rel_l2=1.170e-15 (tol 3.0e-14)
PASS rel_l2=3.249e-16 rel_max=3.541e-16 (tol 1e-12) L=15 B=32
PASS map-chain m=600: rel_l2=8.885e-14 (anchor 5.783e-14, tol 1.0e-10)
PASS rel_l2=3.249e-16 rel_max=3.541e-16 (tol 1e-12) L=15 B=32
PASS map-2-step: rel_l2=1.188e-15 (tol 3.0e-14)
PASS rel_l2=3.343e-16 rel_max=4.261e-16 (tol 1e-12) L=15 B=32
PASS map-chain m=600: rel_l2=7.311e-14 (anchor 5.783e-14, tol 1.0e-10)
PASS rel_l2=3.343e-16 rel_max=4.261e-16 (tol 1e-12) L=15 B=32
PASS map-2-step: rel_l2=1.170e-15 (tol 3.0e-14)
PASS rel_l2=3.369e-16 rel_max=4.070e-16 (tol 1e-12) L=15 B=32
PASS map-chain m=600: rel_l2=8.103e-14 (anchor 5.783e-14, tol 1.0e-10)
PASS rel_l2=3.369e-16 rel_max=4.070e-16 (tol 1e-12) L=15 B=32
PASS map-2-step: rel_l2=1.208e-15 (tol 3.0e-14)
PASS rel_l2=3.471e-16 rel_max=3.928e-16 (tol 1e-12) L=15 B=32
PASS map-chain m=600: rel_l2=5.698e-14 (anchor 5.783e-14, tol 1.0e-10)
PASS rel_l2=3.471e-16 rel_max=3.928e-16 (tol 1e-12) L=15 B=32
PASS map-2-step: rel_l2=1.214e-15 (tol 3.0e-14)
PASS rel_l2=5.716e-16 rel_max=7.146e-16 (tol 1e-12) L=15 B=32
PASS map-chain m=600: rel_l2=1.117e-13 (anchor 5.783e-14, tol 1.0e-10)
PASS rel_l2=5.716e-16 rel_max=7.146e-16 (tol 1e-12) L=15 B=32
PASS map-2-step: rel_l2=1.755e-15 (tol 3.0e-14)
PASS rel_l2=3.302e-16 rel_max=4.070e-16 (tol 1e-12) L=15 B=32
PASS map-chain m=600: rel_l2=5.473e-14 (anchor 5.783e-14, tol 1.0e-10)
PASS rel_l2=3.302e-16 rel_max=4.070e-16 (tol 1e-12) L=15 B=32
PASS map-2-step: rel_l2=1.147e-15 (tol 3.0e-14)
PASS rel_l2=3.325e-16 rel_max=3.828e-16 (tol 1e-12) L=15 B=32
PASS map-chain m=600: rel_l2=5.556e-14 (anchor 5.783e-14, tol 1.0e-10)
PASS rel_l2=3.325e-16 rel_max=3.828e-16 (tol 1e-12) L=15 B=32
PASS map-2-step: rel_l2=1.134e-15 (tol 3.0e-14)
PASS rel_l2=3.471e-16 rel_max=3.928e-16 (tol 1e-12) L=15 B=32
PASS map-chain m=600: rel_l2=5.698e-14 (anchor 5.783e-14, tol 1.0e-10)
PASS rel_l2=3.471e-16 rel_max=3.928e-16 (tol 1e-12) L=15 B=32
PASS map-2-step: rel_l2=1.214e-15 (tol 3.0e-14)
PASS rel_l2=3.269e-16 rel_max=3.857e-16 (tol 1e-12) L=15 B=32
PASS map-chain m=600: rel_l2=5.103e-14 (anchor 5.783e-14, tol 1.0e-10)
PASS rel_l2=3.269e-16 rel_max=3.857e-16 (tol 1e-12) L=15 B=32
PASS map-2-step: rel_l2=1.147e-15 (tol 3.0e-14)
PASS rel_l2=3.471e-16 rel_max=3.928e-16 (tol 1e-12) L=15 B=32
PASS map-chain m=600: rel_l2=5.698e-14 (anchor 5.783e-14, tol 1.0e-10)
PASS rel_l2=3.471e-16 rel_max=3.928e-16 (tol 1e-12) L=15 B=32
PASS map-2-step: rel_l2=1.214e-15 (tol 3.0e-14)
PASS rel_l2=3.377e-16 rel_max=3.841e-16 (tol 1e-12) L=15 B=32
PASS map-chain m=600: rel_l2=5.072e-14 (anchor 5.783e-14, tol 1.0e-10)
PASS rel_l2=3.377e-16 rel_max=3.841e-16 (tol 1e-12) L=15 B=32
PASS map-2-step: rel_l2=1.176e-15 (tol 3.0e-14)
PASS rel_l2=3.571e-16 rel_max=3.811e-16 (tol 1e-12) L=15 B=32
PASS map-chain m=600: rel_l2=9.055e-14 (anchor 5.783e-14, tol 1.0e-10)
PASS rel_l2=3.571e-16 rel_max=3.811e-16 (tol 1e-12) L=15 B=32
PASS map-2-step: rel_l2=1.246e-15 (tol 3.0e-14)
PASS rel_l2=3.510e-16 rel_max=3.403e-16 (tol 1e-12) L=15 B=32
PASS map-chain m=600: rel_l2=9.208e-14 (anchor 5.783e-14, tol 1.0e-10)
PASS rel_l2=3.510e-16 rel_max=3.403e-16 (tol 1e-12) L=15 B=32
PASS map-2-step: rel_l2=1.249e-15 (tol 3.0e-14)
PASS rel_l2=5.407e-16 rel_max=6.702e-16 (tol 1e-12) L=20 B=32
PASS map-chain m=256: rel_l2=9.806e-14 (anchor 2.200e-14, tol 1.0e-10)
PASS rel_l2=5.407e-16 rel_max=6.702e-16 (tol 1e-12) L=20 B=32
PASS map-2-step: rel_l2=1.739e-15 (tol 3.0e-14)
PASS rel_l2=2.766e-16 rel_max=3.520e-16 (tol 1e-12) L=20 B=32
PASS map-chain m=256: rel_l2=2.451e-14 (anchor 2.200e-14, tol 1.0e-10)
PASS rel_l2=2.766e-16 rel_max=3.520e-16 (tol 1e-12) L=20 B=32
PASS map-2-step: rel_l2=1.058e-15 (tol 3.0e-14)
PASS rel_l2=2.961e-16 rel_max=3.551e-16 (tol 1e-12) L=20 B=32
PASS map-chain m=256: rel_l2=2.587e-14 (anchor 2.200e-14, tol 1.0e-10)
PASS rel_l2=2.961e-16 rel_max=3.551e-16 (tol 1e-12) L=20 B=32
PASS map-2-step: rel_l2=1.158e-15 (tol 3.0e-14)
PASS rel_l2=2.961e-16 rel_max=3.551e-16 (tol 1e-12) L=20 B=32
PASS map-chain m=256: rel_l2=2.587e-14 (anchor 2.200e-14, tol 1.0e-10)
PASS rel_l2=2.961e-16 rel_max=3.551e-16 (tol 1e-12) L=20 B=32
PASS map-2-step: rel_l2=1.158e-15 (tol 3.0e-14)
PASS rel_l2=3.023e-16 rel_max=3.773e-16 (tol 1e-12) L=20 B=32
PASS map-chain m=256: rel_l2=2.986e-14 (anchor 2.200e-14, tol 1.0e-10)
PASS rel_l2=3.023e-16 rel_max=3.773e-16 (tol 1e-12) L=20 B=32
PASS map-2-step: rel_l2=1.214e-15 (tol 3.0e-14)
PASS rel_l2=3.052e-16 rel_max=3.848e-16 (tol 1e-12) L=20 B=32
PASS map-chain m=256: rel_l2=2.833e-14 (anchor 2.200e-14, tol 1.0e-10)
PASS rel_l2=3.052e-16 rel_max=3.848e-16 (tol 1e-12) L=20 B=32
PASS map-2-step: rel_l2=1.218e-15 (tol 3.0e-14)
PASS rel_l2=3.046e-16 rel_max=3.799e-16 (tol 1e-12) L=20 B=32
PASS map-chain m=256: rel_l2=2.762e-14 (anchor 2.200e-14, tol 1.0e-10)
PASS rel_l2=3.046e-16 rel_max=3.799e-16 (tol 1e-12) L=20 B=32
PASS map-2-step: rel_l2=1.206e-15 (tol 3.0e-14)
PASS rel_l2=3.047e-16 rel_max=3.754e-16 (tol 1e-12) L=20 B=32
PASS map-chain m=256: rel_l2=2.984e-14 (anchor 2.200e-14, tol 1.0e-10)
PASS rel_l2=3.075e-16 rel_max=3.754e-16 (tol 1e-12) L=20 B=32
PASS map-2-step: rel_l2=1.245e-15 (tol 3.0e-14)
PASS rel_l2=3.110e-16 rel_max=3.734e-16 (tol 1e-12) L=20 B=32
PASS map-chain m=256: rel_l2=2.829e-14 (anchor 2.200e-14, tol 1.0e-10)
PASS rel_l2=3.110e-16 rel_max=3.734e-16 (tol 1e-12) L=20 B=32
PASS map-2-step: rel_l2=1.254e-15 (tol 3.0e-14)
PASS rel_l2=5.009e-16 rel_max=5.373e-16 (tol 1e-12) L=20 B=32
PASS map-chain m=256: rel_l2=4.453e-14 (anchor 2.200e-14, tol 1.0e-10)
PASS rel_l2=5.009e-16 rel_max=5.373e-16 (tol 1e-12) L=20 B=32
PASS map-2-step: rel_l2=1.942e-15 (tol 3.0e-14)
PASS rel_l2=3.325e-16 rel_max=3.935e-16 (tol 1e-12) L=20 B=32
PASS map-chain m=256: rel_l2=3.239e-14 (anchor 2.200e-14, tol 1.0e-10)
PASS rel_l2=3.325e-16 rel_max=3.935e-16 (tol 1e-12) L=20 B=32
PASS map-2-step: rel_l2=1.321e-15 (tol 3.0e-14)
PASS rel_l2=3.224e-16 rel_max=3.785e-16 (tol 1e-12) L=20 B=32
PASS map-chain m=256: rel_l2=2.870e-14 (anchor 2.200e-14, tol 1.0e-10)
PASS rel_l2=3.224e-16 rel_max=3.785e-16 (tol 1e-12) L=20 B=32
PASS map-2-step: rel_l2=1.282e-15 (tol 3.0e-14)
PASS rel_l2=3.110e-16 rel_max=3.734e-16 (tol 1e-12) L=20 B=32
PASS map-chain m=256: rel_l2=2.829e-14 (anchor 2.200e-14, tol 1.0e-10)
PASS rel_l2=3.110e-16 rel_max=3.734e-16 (tol 1e-12) L=20 B=32
PASS map-2-step: rel_l2=1.254e-15 (tol 3.0e-14)
PASS rel_l2=3.192e-16 rel_max=3.785e-16 (tol 1e-12) L=20 B=32
PASS map-chain m=256: rel_l2=2.802e-14 (anchor 2.200e-14, tol 1.0e-10)
PASS rel_l2=3.192e-16 rel_max=3.785e-16 (tol 1e-12) L=20 B=32
PASS map-2-step: rel_l2=1.276e-15 (tol 3.0e-14)
PASS rel_l2=3.110e-16 rel_max=3.734e-16 (tol 1e-12) L=20 B=32
PASS map-chain m=256: rel_l2=2.829e-14 (anchor 2.200e-14, tol 1.0e-10)
PASS rel_l2=3.110e-16 rel_max=3.734e-16 (tol 1e-12) L=20 B=32
PASS map-2-step: rel_l2=1.254e-15 (tol 3.0e-14)
PASS rel_l2=3.184e-16 rel_max=3.785e-16 (tol 1e-12) L=20 B=32
PASS map-chain m=256: rel_l2=2.850e-14 (anchor 2.200e-14, tol 1.0e-10)
PASS rel_l2=3.184e-16 rel_max=3.785e-16 (tol 1e-12) L=20 B=32
PASS map-2-step: rel_l2=1.261e-15 (tol 3.0e-14)
PASS rel_l2=3.657e-16 rel_max=3.848e-16 (tol 1e-12) L=20 B=32
PASS map-chain m=256: rel_l2=3.194e-14 (anchor 2.200e-14, tol 1.0e-10)
PASS rel_l2=3.657e-16 rel_max=3.848e-16 (tol 1e-12) L=20 B=32
PASS map-2-step: rel_l2=1.446e-15 (tol 3.0e-14)
PASS rel_l2=3.650e-16 rel_max=3.935e-16 (tol 1e-12) L=20 B=32
PASS map-chain m=256: rel_l2=3.255e-14 (anchor 2.200e-14, tol 1.0e-10)
PASS rel_l2=3.650e-16 rel_max=3.935e-16 (tol 1e-12) L=20 B=32
PASS map-2-step: rel_l2=1.445e-15 (tol 3.0e-14)
PASS rel_l2=7.756e-16 rel_max=8.205e-16 (tol 1e-12) L=25 B=16
PASS map-chain m=256: rel_l2=1.316e-13 (anchor 3.143e-14, tol 1.0e-10)
PASS rel_l2=7.756e-16 rel_max=8.205e-16 (tol 1e-12) L=25 B=16
PASS map-2-step: rel_l2=3.027e-15 (tol 3.0e-14)
PASS rel_l2=3.091e-16 rel_max=3.506e-16 (tol 1e-12) L=25 B=16
PASS map-chain m=256: rel_l2=3.124e-14 (anchor 3.143e-14, tol 1.0e-10)
PASS rel_l2=3.091e-16 rel_max=3.506e-16 (tol 1e-12) L=25 B=16
PASS map-2-step: rel_l2=1.333e-15 (tol 3.0e-14)
PASS rel_l2=3.536e-16 rel_max=3.715e-16 (tol 1e-12) L=25 B=16
PASS map-chain m=256: rel_l2=3.528e-14 (anchor 3.143e-14, tol 1.0e-10)
PASS rel_l2=3.536e-16 rel_max=3.715e-16 (tol 1e-12) L=25 B=16
PASS map-2-step: rel_l2=1.475e-15 (tol 3.0e-14)
PASS rel_l2=3.536e-16 rel_max=3.715e-16 (tol 1e-12) L=25 B=16
PASS map-chain m=256: rel_l2=3.528e-14 (anchor 3.143e-14, tol 1.0e-10)
PASS rel_l2=3.536e-16 rel_max=3.715e-16 (tol 1e-12) L=25 B=16
PASS map-2-step: rel_l2=1.475e-15 (tol 3.0e-14)
PASS rel_l2=3.692e-16 rel_max=4.009e-16 (tol 1e-12) L=25 B=16
PASS map-chain m=256: rel_l2=3.707e-14 (anchor 3.143e-14, tol 1.0e-10)
PASS rel_l2=3.692e-16 rel_max=4.009e-16 (tol 1e-12) L=25 B=16
PASS map-2-step: rel_l2=1.555e-15 (tol 3.0e-14)
PASS rel_l2=3.927e-16 rel_max=4.046e-16 (tol 1e-12) L=25 B=16
PASS map-chain m=256: rel_l2=4.114e-14 (anchor 3.143e-14, tol 1.0e-10)
PASS rel_l2=3.927e-16 rel_max=4.046e-16 (tol 1e-12) L=25 B=16
PASS map-2-step: rel_l2=1.700e-15 (tol 3.0e-14)
PASS rel_l2=3.692e-16 rel_max=4.009e-16 (tol 1e-12) L=25 B=16
PASS map-chain m=256: rel_l2=3.707e-14 (anchor 3.143e-14, tol 1.0e-10)
PASS rel_l2=3.692e-16 rel_max=4.009e-16 (tol 1e-12) L=25 B=16
PASS map-2-step: rel_l2=1.555e-15 (tol 3.0e-14)
PASS rel_l2=3.692e-16 rel_max=4.009e-16 (tol 1e-12) L=25 B=16
PASS map-chain m=256: rel_l2=3.707e-14 (anchor 3.143e-14, tol 1.0e-10)
PASS rel_l2=3.692e-16 rel_max=4.009e-16 (tol 1e-12) L=25 B=16
PASS map-2-step: rel_l2=1.555e-15 (tol 3.0e-14)
PASS rel_l2=6.490e-16 rel_max=7.060e-16 (tol 1e-12) L=25 B=16
PASS map-chain m=256: rel_l2=4.953e-14 (anchor 3.143e-14, tol 1.0e-10)
PASS rel_l2=6.490e-16 rel_max=7.060e-16 (tol 1e-12) L=25 B=16
PASS map-2-step: rel_l2=2.125e-15 (tol 3.0e-14)
PASS rel_l2=3.866e-16 rel_max=4.009e-16 (tol 1e-12) L=25 B=16
PASS map-chain m=256: rel_l2=3.749e-14 (anchor 3.143e-14, tol 1.0e-10)
PASS rel_l2=3.866e-16 rel_max=4.009e-16 (tol 1e-12) L=25 B=16
PASS map-2-step: rel_l2=1.653e-15 (tol 3.0e-14)
PASS rel_l2=3.699e-16 rel_max=4.009e-16 (tol 1e-12) L=25 B=16
PASS map-chain m=256: rel_l2=3.395e-14 (anchor 3.143e-14, tol 1.0e-10)
PASS rel_l2=3.699e-16 rel_max=4.009e-16 (tol 1e-12) L=25 B=16
PASS map-2-step: rel_l2=1.557e-15 (tol 3.0e-14)
PASS rel_l2=3.602e-16 rel_max=3.889e-16 (tol 1e-12) L=25 B=16
PASS map-chain m=256: rel_l2=3.660e-14 (anchor 3.143e-14, tol 1.0e-10)
PASS rel_l2=3.602e-16 rel_max=3.889e-16 (tol 1e-12) L=25 B=16
PASS map-2-step: rel_l2=1.561e-15 (tol 3.0e-14)
PASS rel_l2=3.602e-16 rel_max=3.889e-16 (tol 1e-12) L=25 B=16
PASS map-chain m=256: rel_l2=3.660e-14 (anchor 3.143e-14, tol 1.0e-10)
PASS rel_l2=3.602e-16 rel_max=3.889e-16 (tol 1e-12) L=25 B=16
PASS map-2-step: rel_l2=1.561e-15 (tol 3.0e-14)
PASS rel_l2=3.699e-16 rel_max=4.009e-16 (tol 1e-12) L=25 B=16
PASS map-chain m=256: rel_l2=3.914e-14 (anchor 3.143e-14, tol 1.0e-10)
PASS rel_l2=3.699e-16 rel_max=4.009e-16 (tol 1e-12) L=25 B=16
PASS map-2-step: rel_l2=1.653e-15 (tol 3.0e-14)
PASS rel_l2=4.123e-16 rel_max=4.446e-16 (tol 1e-12) L=25 B=16
PASS map-chain m=256: rel_l2=3.777e-14 (anchor 3.143e-14, tol 1.0e-10)
PASS rel_l2=4.123e-16 rel_max=4.446e-16 (tol 1e-12) L=25 B=16
PASS map-2-step: rel_l2=1.720e-15 (tol 3.0e-14)
PASS rel_l2=4.118e-16 rel_max=4.370e-16 (tol 1e-12) L=25 B=16
PASS map-chain m=256: rel_l2=3.785e-14 (anchor 3.143e-14, tol 1.0e-10)
PASS rel_l2=4.118e-16 rel_max=4.370e-16 (tol 1e-12) L=25 B=16
PASS map-2-step: rel_l2=1.753e-15 (tol 3.0e-14)
PASS rel_l2=7.893e-16 rel_max=8.431e-16 (tol 1e-12) L=27 B=16
PASS map-chain m=200: rel_l2=1.112e-13 (anchor 2.747e-14, tol 1.0e-10)
PASS rel_l2=7.893e-16 rel_max=8.431e-16 (tol 1e-12) L=27 B=16
PASS map-2-step: rel_l2=3.108e-15 (tol 3.0e-14)
PASS rel_l2=3.208e-16 rel_max=3.307e-16 (tol 1e-12) L=27 B=16
PASS map-chain m=200: rel_l2=2.961e-14 (anchor 2.747e-14, tol 1.0e-10)
PASS rel_l2=3.208e-16 rel_max=3.307e-16 (tol 1e-12) L=27 B=16
PASS map-2-step: rel_l2=1.440e-15 (tol 3.0e-14)
PASS rel_l2=3.760e-16 rel_max=3.982e-16 (tol 1e-12) L=27 B=16
PASS map-chain m=200: rel_l2=3.393e-14 (anchor 2.747e-14, tol 1.0e-10)
PASS rel_l2=3.760e-16 rel_max=3.982e-16 (tol 1e-12) L=27 B=16
PASS map-2-step: rel_l2=1.715e-15 (tol 3.0e-14)
PASS rel_l2=3.760e-16 rel_max=3.982e-16 (tol 1e-12) L=27 B=16
PASS map-chain m=200: rel_l2=3.393e-14 (anchor 2.747e-14, tol 1.0e-10)
PASS rel_l2=3.760e-16 rel_max=3.982e-16 (tol 1e-12) L=27 B=16
PASS map-2-step: rel_l2=1.715e-15 (tol 3.0e-14)
PASS rel_l2=3.605e-16 rel_max=3.704e-16 (tol 1e-12) L=27 B=16
PASS map-chain m=200: rel_l2=3.230e-14 (anchor 2.747e-14, tol 1.0e-10)
PASS rel_l2=3.605e-16 rel_max=3.704e-16 (tol 1e-12) L=27 B=16
PASS map-2-step: rel_l2=1.708e-15 (tol 3.0e-14)
PASS rel_l2=3.651e-16 rel_max=4.327e-16 (tol 1e-12) L=27 B=16
PASS map-chain m=200: rel_l2=3.303e-14 (anchor 2.747e-14, tol 1.0e-10)
PASS rel_l2=3.622e-16 rel_max=4.327e-16 (tol 1e-12) L=27 B=16
PASS map-2-step: rel_l2=1.691e-15 (tol 3.0e-14)
PASS rel_l2=3.656e-16 rel_max=3.917e-16 (tol 1e-12) L=27 B=16
PASS map-chain m=200: rel_l2=3.160e-14 (anchor 2.747e-14, tol 1.0e-10)
PASS rel_l2=3.605e-16 rel_max=3.704e-16 (tol 1e-12) L=27 B=16
PASS map-2-step: rel_l2=1.708e-15 (tol 3.0e-14)
PASS rel_l2=3.730e-16 rel_max=3.860e-16 (tol 1e-12) L=27 B=16
PASS map-chain m=200: rel_l2=3.429e-14 (anchor 2.747e-14, tol 1.0e-10)
PASS rel_l2=3.766e-16 rel_max=4.498e-16 (tol 1e-12) L=27 B=16
PASS map-2-step: rel_l2=1.701e-15 (tol 3.0e-14)
PASS rel_l2=5.584e-16 rel_max=5.775e-16 (tol 1e-12) L=27 B=16
PASS map-chain m=200: rel_l2=5.104e-14 (anchor 2.747e-14, tol 1.0e-10)
PASS rel_l2=5.584e-16 rel_max=5.775e-16 (tol 1e-12) L=27 B=16
PASS map-2-step: rel_l2=2.446e-15 (tol 3.0e-14)
PASS rel_l2=4.128e-16 rel_max=4.621e-16 (tol 1e-12) L=27 B=16
PASS map-chain m=200: rel_l2=3.258e-14 (anchor 2.747e-14, tol 1.0e-10)
PASS rel_l2=4.128e-16 rel_max=4.621e-16 (tol 1e-12) L=27 B=16
PASS map-2-step: rel_l2=1.818e-15 (tol 3.0e-14)
PASS rel_l2=3.997e-16 rel_max=4.452e-16 (tol 1e-12) L=27 B=16
PASS map-chain m=200: rel_l2=3.431e-14 (anchor 2.747e-14, tol 1.0e-10)
PASS rel_l2=3.997e-16 rel_max=4.452e-16 (tol 1e-12) L=27 B=16
PASS map-2-step: rel_l2=1.762e-15 (tol 3.0e-14)
PASS rel_l2=3.730e-16 rel_max=3.992e-16 (tol 1e-12) L=27 B=16
PASS map-chain m=200: rel_l2=3.171e-14 (anchor 2.747e-14, tol 1.0e-10)
PASS rel_l2=3.730e-16 rel_max=3.992e-16 (tol 1e-12) L=27 B=16
PASS map-2-step: rel_l2=1.682e-15 (tol 3.0e-14)
PASS rel_l2=3.730e-16 rel_max=3.992e-16 (tol 1e-12) L=27 B=16
PASS map-chain m=200: rel_l2=3.171e-14 (anchor 2.747e-14, tol 1.0e-10)
PASS rel_l2=3.730e-16 rel_max=3.992e-16 (tol 1e-12) L=27 B=16
PASS map-2-step: rel_l2=1.682e-15 (tol 3.0e-14)
PASS rel_l2=3.882e-16 rel_max=4.452e-16 (tol 1e-12) L=27 B=16
PASS map-chain m=200: rel_l2=3.546e-14 (anchor 2.747e-14, tol 1.0e-10)
PASS rel_l2=3.882e-16 rel_max=4.452e-16 (tol 1e-12) L=27 B=16
PASS map-2-step: rel_l2=1.772e-15 (tol 3.0e-14)
PASS rel_l2=3.714e-16 rel_max=3.860e-16 (tol 1e-12) L=27 B=16
PASS map-chain m=200: rel_l2=3.515e-14 (anchor 2.747e-14, tol 1.0e-10)
PASS rel_l2=3.714e-16 rel_max=3.860e-16 (tol 1e-12) L=27 B=16
PASS map-2-step: rel_l2=1.678e-15 (tol 3.0e-14)
PASS rel_l2=3.714e-16 rel_max=3.860e-16 (tol 1e-12) L=27 B=16
PASS map-chain m=200: rel_l2=3.515e-14 (anchor 2.747e-14, tol 1.0e-10)
PASS rel_l2=3.714e-16 rel_max=3.860e-16 (tol 1e-12) L=27 B=16
PASS map-2-step: rel_l2=1.678e-15 (tol 3.0e-14)
PASS rel_l2=8.129e-16 rel_max=9.391e-16 (tol 1e-12) L=31 B=16
PASS map-chain m=140: rel_l2=7.744e-14 (anchor 1.827e-14, tol 1.0e-10)
PASS rel_l2=8.129e-16 rel_max=9.391e-16 (tol 1e-12) L=31 B=16
PASS map-2-step: rel_l2=3.143e-15 (tol 3.0e-14)
PASS rel_l2=3.205e-16 rel_max=3.907e-16 (tol 1e-12) L=31 B=16
PASS map-chain m=140: rel_l2=2.203e-14 (anchor 1.827e-14, tol 1.0e-10)
PASS rel_l2=3.205e-16 rel_max=3.907e-16 (tol 1e-12) L=31 B=16
PASS map-2-step: rel_l2=1.454e-15 (tol 3.0e-14)
PASS rel_l2=4.491e-16 rel_max=5.300e-16 (tol 1e-12) L=31 B=16
PASS map-chain m=140: rel_l2=3.247e-14 (anchor 1.827e-14, tol 1.0e-10)
PASS rel_l2=4.491e-16 rel_max=5.300e-16 (tol 1e-12) L=31 B=16
PASS map-2-step: rel_l2=2.058e-15 (tol 3.0e-14)
PASS rel_l2=4.491e-16 rel_max=5.300e-16 (tol 1e-12) L=31 B=16
PASS map-chain m=140: rel_l2=3.247e-14 (anchor 1.827e-14, tol 1.0e-10)
PASS rel_l2=4.491e-16 rel_max=5.300e-16 (tol 1e-12) L=31 B=16
PASS map-2-step: rel_l2=2.058e-15 (tol 3.0e-14)
PASS rel_l2=3.916e-16 rel_max=5.219e-16 (tol 1e-12) L=31 B=16
PASS map-chain m=140: rel_l2=2.551e-14 (anchor 1.827e-14, tol 1.0e-10)
PASS rel_l2=3.916e-16 rel_max=5.219e-16 (tol 1e-12) L=31 B=16
PASS map-2-step: rel_l2=1.773e-15 (tol 3.0e-14)
PASS rel_l2=3.916e-16 rel_max=5.219e-16 (tol 1e-12) L=31 B=16
PASS map-chain m=140: rel_l2=2.551e-14 (anchor 1.827e-14, tol 1.0e-10)
PASS rel_l2=3.916e-16 rel_max=5.219e-16 (tol 1e-12) L=31 B=16
PASS map-2-step: rel_l2=1.773e-15 (tol 3.0e-14)
PASS rel_l2=3.916e-16 rel_max=5.219e-16 (tol 1e-12) L=31 B=16
PASS map-chain m=140: rel_l2=2.551e-14 (anchor 1.827e-14, tol 1.0e-10)
PASS rel_l2=3.916e-16 rel_max=5.219e-16 (tol 1e-12) L=31 B=16
PASS map-2-step: rel_l2=1.773e-15 (tol 3.0e-14)
PASS rel_l2=3.916e-16 rel_max=5.219e-16 (tol 1e-12) L=31 B=16
PASS map-chain m=140: rel_l2=2.551e-14 (anchor 1.827e-14, tol 1.0e-10)
PASS rel_l2=3.916e-16 rel_max=5.219e-16 (tol 1e-12) L=31 B=16
PASS map-2-step: rel_l2=1.773e-15 (tol 3.0e-14)
PASS rel_l2=5.634e-16 rel_max=6.644e-16 (tol 1e-12) L=31 B=16
PASS map-chain m=140: rel_l2=4.160e-14 (anchor 1.827e-14, tol 1.0e-10)
PASS rel_l2=5.634e-16 rel_max=6.644e-16 (tol 1e-12) L=31 B=16
PASS map-2-step: rel_l2=2.529e-15 (tol 3.0e-14)
PASS rel_l2=3.913e-16 rel_max=4.523e-16 (tol 1e-12) L=31 B=16
PASS map-chain m=140: rel_l2=2.631e-14 (anchor 1.827e-14, tol 1.0e-10)
PASS rel_l2=3.913e-16 rel_max=4.523e-16 (tol 1e-12) L=31 B=16
PASS map-2-step: rel_l2=1.764e-15 (tol 3.0e-14)
PASS rel_l2=4.019e-16 rel_max=5.250e-16 (tol 1e-12) L=31 B=16
PASS map-chain m=140: rel_l2=2.634e-14 (anchor 1.827e-14, tol 1.0e-10)
PASS rel_l2=4.019e-16 rel_max=5.250e-16 (tol 1e-12) L=31 B=16
PASS map-2-step: rel_l2=1.820e-15 (tol 3.0e-14)
PASS rel_l2=4.021e-16 rel_max=5.369e-16 (tol 1e-12) L=31 B=16
PASS map-chain m=140: rel_l2=2.509e-14 (anchor 1.827e-14, tol 1.0e-10)
PASS rel_l2=4.021e-16 rel_max=5.369e-16 (tol 1e-12) L=31 B=16
PASS map-2-step: rel_l2=1.830e-15 (tol 3.0e-14)
PASS rel_l2=4.061e-16 rel_max=4.564e-16 (tol 1e-12) L=31 B=16
PASS map-chain m=140: rel_l2=2.771e-14 (anchor 1.827e-14, tol 1.0e-10)
PASS rel_l2=4.061e-16 rel_max=4.564e-16 (tol 1e-12) L=31 B=16
PASS map-2-step: rel_l2=1.781e-15 (tol 3.0e-14)
PASS rel_l2=4.061e-16 rel_max=4.564e-16 (tol 1e-12) L=31 B=16
PASS map-chain m=140: rel_l2=2.771e-14 (anchor 1.827e-14, tol 1.0e-10)
PASS rel_l2=4.061e-16 rel_max=4.564e-16 (tol 1e-12) L=31 B=16
PASS map-2-step: rel_l2=1.781e-15 (tol 3.0e-14)
PASS rel_l2=4.021e-16 rel_max=5.369e-16 (tol 1e-12) L=31 B=16
PASS map-chain m=140: rel_l2=2.493e-14 (anchor 1.827e-14, tol 1.0e-10)
PASS rel_l2=4.021e-16 rel_max=5.369e-16 (tol 1e-12) L=31 B=16
PASS map-2-step: rel_l2=1.826e-15 (tol 3.0e-14)
PASS rel_l2=4.226e-16 rel_max=4.840e-16 (tol 1e-12) L=31 B=16
PASS map-chain m=140: rel_l2=3.194e-14 (anchor 1.827e-14, tol 1.0e-10)
PASS rel_l2=4.226e-16 rel_max=4.840e-16 (tol 1e-12) L=31 B=16
PASS map-2-step: rel_l2=1.958e-15 (tol 3.0e-14)
PASS rel_l2=4.226e-16 rel_max=4.840e-16 (tol 1e-12) L=31 B=16
PASS map-chain m=140: rel_l2=3.194e-14 (anchor 1.827e-14, tol 1.0e-10)
PASS rel_l2=4.226e-16 rel_max=4.840e-16 (tol 1e-12) L=31 B=16
PASS map-2-step: rel_l2=1.958e-15 (tol 3.0e-14)
PASS rel_l2=6.752e-16 rel_max=7.125e-16 (tol 1e-12) L=32 B=8
PASS map-chain m=250: rel_l2=1.229e-13 (anchor 0.000e+00, tol 1.0e-10)
PASS rel_l2=6.752e-16 rel_max=7.125e-16 (tol 1e-12) L=32 B=8
PASS map-2-step: rel_l2=2.523e-15 (tol 3.0e-14)
PASS rel_l2=2.479e-16 rel_max=3.088e-16 (tol 1e-12) L=32 B=8
PASS map-chain m=250: rel_l2=2.573e-14 (anchor 0.000e+00, tol 1.0e-10)
PASS rel_l2=2.479e-16 rel_max=3.088e-16 (tol 1e-12) L=32 B=8
PASS map-2-step: rel_l2=1.154e-15 (tol 3.0e-14)
PASS rel_l2=2.901e-16 rel_max=3.612e-16 (tol 1e-12) L=32 B=8
PASS map-chain m=250: rel_l2=3.316e-14 (anchor 0.000e+00, tol 1.0e-10)
PASS rel_l2=2.901e-16 rel_max=3.612e-16 (tol 1e-12) L=32 B=8
PASS map-2-step: rel_l2=1.340e-15 (tol 3.0e-14)
PASS rel_l2=2.901e-16 rel_max=3.612e-16 (tol 1e-12) L=32 B=8
PASS map-chain m=250: rel_l2=3.316e-14 (anchor 0.000e+00, tol 1.0e-10)
PASS rel_l2=2.901e-16 rel_max=3.612e-16 (tol 1e-12) L=32 B=8
PASS map-2-step: rel_l2=1.340e-15 (tol 3.0e-14)
PASS rel_l2=3.004e-16 rel_max=3.612e-16 (tol 1e-12) L=32 B=8
PASS map-chain m=250: rel_l2=2.972e-14 (anchor 0.000e+00, tol 1.0e-10)
PASS rel_l2=3.004e-16 rel_max=3.612e-16 (tol 1e-12) L=32 B=8
PASS map-2-step: rel_l2=1.332e-15 (tol 3.0e-14)
PASS rel_l2=2.976e-16 rel_max=3.612e-16 (tol 1e-12) L=32 B=8
PASS map-chain m=250: rel_l2=4.110e-14 (anchor 0.000e+00, tol 1.0e-10)
PASS rel_l2=2.996e-16 rel_max=3.178e-16 (tol 1e-12) L=32 B=8
PASS map-2-step: rel_l2=1.456e-15 (tol 3.0e-14)
PASS rel_l2=3.105e-16 rel_max=3.230e-16 (tol 1e-12) L=32 B=8
PASS map-chain m=250: rel_l2=4.243e-14 (anchor 0.000e+00, tol 1.0e-10)
PASS rel_l2=3.105e-16 rel_max=3.230e-16 (tol 1e-12) L=32 B=8
PASS map-2-step: rel_l2=1.351e-15 (tol 3.0e-14)
PASS rel_l2=3.052e-16 rel_max=3.710e-16 (tol 1e-12) L=32 B=8
PASS map-chain m=250: rel_l2=3.001e-14 (anchor 0.000e+00, tol 1.0e-10)
PASS rel_l2=3.105e-16 rel_max=3.230e-16 (tol 1e-12) L=32 B=8
PASS map-2-step: rel_l2=1.351e-15 (tol 3.0e-14)
PASS rel_l2=4.696e-16 rel_max=4.801e-16 (tol 1e-12) L=32 B=8
PASS map-chain m=250: rel_l2=7.027e-14 (anchor 0.000e+00, tol 1.0e-10)
PASS rel_l2=4.696e-16 rel_max=4.801e-16 (tol 1e-12) L=32 B=8
PASS map-2-step: rel_l2=2.181e-15 (tol 3.0e-14)
PASS rel_l2=3.286e-16 rel_max=3.244e-16 (tol 1e-12) L=32 B=8
PASS map-chain m=250: rel_l2=4.046e-14 (anchor 0.000e+00, tol 1.0e-10)
PASS rel_l2=3.286e-16 rel_max=3.244e-16 (tol 1e-12) L=32 B=8
PASS map-2-step: rel_l2=1.495e-15 (tol 3.0e-14)
PASS rel_l2=3.246e-16 rel_max=3.794e-16 (tol 1e-12) L=32 B=8
PASS map-chain m=250: rel_l2=5.269e-14 (anchor 0.000e+00, tol 1.0e-10)
PASS rel_l2=3.246e-16 rel_max=3.794e-16 (tol 1e-12) L=32 B=8
PASS map-2-step: rel_l2=1.571e-15 (tol 3.0e-14)
PASS rel_l2=2.910e-16 rel_max=3.612e-16 (tol 1e-12) L=32 B=8
PASS map-chain m=250: rel_l2=3.148e-14 (anchor 0.000e+00, tol 1.0e-10)
PASS rel_l2=2.910e-16 rel_max=3.612e-16 (tol 1e-12) L=32 B=8
PASS map-2-step: rel_l2=1.352e-15 (tol 3.0e-14)
PASS rel_l2=2.910e-16 rel_max=3.612e-16 (tol 1e-12) L=32 B=8
PASS map-chain m=250: rel_l2=3.148e-14 (anchor 0.000e+00, tol 1.0e-10)
PASS rel_l2=2.910e-16 rel_max=3.612e-16 (tol 1e-12) L=32 B=8
PASS map-2-step: rel_l2=1.352e-15 (tol 3.0e-14)
PASS rel_l2=3.300e-16 rel_max=3.612e-16 (tol 1e-12) L=32 B=8
PASS map-chain m=250: rel_l2=4.499e-14 (anchor 0.000e+00, tol 1.0e-10)
PASS rel_l2=3.300e-16 rel_max=3.612e-16 (tol 1e-12) L=32 B=8
PASS map-2-step: rel_l2=1.471e-15 (tol 3.0e-14)
PASS rel_l2=2.909e-16 rel_max=3.230e-16 (tol 1e-12) L=32 B=8
PASS map-chain m=250: rel_l2=3.545e-14 (anchor 0.000e+00, tol 1.0e-10)
PASS rel_l2=2.909e-16 rel_max=3.230e-16 (tol 1e-12) L=32 B=8
PASS map-2-step: rel_l2=1.345e-15 (tol 3.0e-14)
PASS rel_l2=2.898e-16 rel_max=3.230e-16 (tol 1e-12) L=32 B=8
PASS map-chain m=250: rel_l2=3.889e-14 (anchor 0.000e+00, tol 1.0e-10)
PASS rel_l2=2.898e-16 rel_max=3.230e-16 (tol 1e-12) L=32 B=8
PASS map-2-step: rel_l2=1.325e-15 (tol 3.0e-14)
PASS rel_l2=6.390e-16 rel_max=7.156e-16 (tol 1e-12) L=40 B=8
PASS map-chain m=128: rel_l2=5.931e-14 (anchor 1.850e-14, tol 1.0e-10)
PASS rel_l2=6.390e-16 rel_max=7.156e-16 (tol 1e-12) L=40 B=8
PASS map-2-step: rel_l2=2.537e-15 (tol 3.0e-14)
PASS rel_l2=3.114e-16 rel_max=3.837e-16 (tol 1e-12) L=40 B=8
PASS map-chain m=128: rel_l2=2.010e-14 (anchor 1.850e-14, tol 1.0e-10)
PASS rel_l2=3.114e-16 rel_max=3.837e-16 (tol 1e-12) L=40 B=8
PASS map-2-step: rel_l2=1.569e-15 (tol 3.0e-14)
PASS rel_l2=3.603e-16 rel_max=3.909e-16 (tol 1e-12) L=40 B=8
PASS map-chain m=128: rel_l2=2.747e-14 (anchor 1.850e-14, tol 1.0e-10)
PASS rel_l2=3.603e-16 rel_max=3.909e-16 (tol 1e-12) L=40 B=8
PASS map-2-step: rel_l2=1.752e-15 (tol 3.0e-14)
PASS rel_l2=3.603e-16 rel_max=3.909e-16 (tol 1e-12) L=40 B=8
PASS map-chain m=128: rel_l2=2.747e-14 (anchor 1.850e-14, tol 1.0e-10)
PASS rel_l2=3.603e-16 rel_max=3.909e-16 (tol 1e-12) L=40 B=8
PASS map-2-step: rel_l2=1.752e-15 (tol 3.0e-14)
PASS rel_l2=3.596e-16 rel_max=4.371e-16 (tol 1e-12) L=40 B=8
PASS map-chain m=128: rel_l2=2.656e-14 (anchor 1.850e-14, tol 1.0e-10)
PASS rel_l2=3.596e-16 rel_max=4.371e-16 (tol 1e-12) L=40 B=8
PASS map-2-step: rel_l2=1.746e-15 (tol 3.0e-14)
PASS rel_l2=3.693e-16 rel_max=4.631e-16 (tol 1e-12) L=40 B=8
PASS map-chain m=128: rel_l2=2.460e-14 (anchor 1.850e-14, tol 1.0e-10)
PASS rel_l2=3.701e-16 rel_max=4.631e-16 (tol 1e-12) L=40 B=8
PASS map-2-step: rel_l2=1.723e-15 (tol 3.0e-14)
PASS rel_l2=3.552e-16 rel_max=3.940e-16 (tol 1e-12) L=40 B=8
PASS map-chain m=128: rel_l2=2.280e-14 (anchor 1.850e-14, tol 1.0e-10)
PASS rel_l2=3.550e-16 rel_max=3.909e-16 (tol 1e-12) L=40 B=8
PASS map-2-step: rel_l2=1.742e-15 (tol 3.0e-14)
PASS rel_l2=3.536e-16 rel_max=4.457e-16 (tol 1e-12) L=40 B=8
PASS map-chain m=128: rel_l2=3.231e-14 (anchor 1.850e-14, tol 1.0e-10)
PASS rel_l2=3.516e-16 rel_max=3.909e-16 (tol 1e-12) L=40 B=8
PASS map-2-step: rel_l2=1.661e-15 (tol 3.0e-14)
PASS rel_l2=5.566e-16 rel_max=6.364e-16 (tol 1e-12) L=40 B=8
PASS map-chain m=128: rel_l2=4.023e-14 (anchor 1.850e-14, tol 1.0e-10)
PASS rel_l2=5.566e-16 rel_max=6.364e-16 (tol 1e-12) L=40 B=8
PASS map-2-step: rel_l2=2.740e-15 (tol 3.0e-14)
PASS rel_l2=3.622e-16 rel_max=4.039e-16 (tol 1e-12) L=40 B=8
PASS map-chain m=128: rel_l2=2.580e-14 (anchor 1.850e-14, tol 1.0e-10)
PASS rel_l2=3.622e-16 rel_max=4.039e-16 (tol 1e-12) L=40 B=8
PASS map-2-step: rel_l2=1.833e-15 (tol 3.0e-14)
PASS rel_l2=3.582e-16 rel_max=3.754e-16 (tol 1e-12) L=40 B=8
PASS map-chain m=128: rel_l2=3.320e-14 (anchor 1.850e-14, tol 1.0e-10)
PASS rel_l2=3.582e-16 rel_max=3.754e-16 (tol 1e-12) L=40 B=8
PASS map-2-step: rel_l2=1.776e-15 (tol 3.0e-14)
PASS rel_l2=3.660e-16 rel_max=4.123e-16 (tol 1e-12) L=40 B=8
PASS map-chain m=128: rel_l2=2.832e-14 (anchor 1.850e-14, tol 1.0e-10)
PASS rel_l2=3.660e-16 rel_max=4.123e-16 (tol 1e-12) L=40 B=8
PASS map-2-step: rel_l2=1.812e-15 (tol 3.0e-14)
PASS rel_l2=3.582e-16 rel_max=3.754e-16 (tol 1e-12) L=40 B=8
PASS map-chain m=128: rel_l2=3.320e-14 (anchor 1.850e-14, tol 1.0e-10)
PASS rel_l2=3.582e-16 rel_max=3.754e-16 (tol 1e-12) L=40 B=8
PASS map-2-step: rel_l2=1.776e-15 (tol 3.0e-14)
PASS rel_l2=3.752e-16 rel_max=4.646e-16 (tol 1e-12) L=40 B=8
PASS map-chain m=128: rel_l2=2.592e-14 (anchor 1.850e-14, tol 1.0e-10)
PASS rel_l2=3.752e-16 rel_max=4.646e-16 (tol 1e-12) L=40 B=8
PASS map-2-step: rel_l2=1.804e-15 (tol 3.0e-14)
PASS rel_l2=5.048e-16 rel_max=6.364e-16 (tol 1e-12) L=40 B=8
PASS map-chain m=128: rel_l2=4.753e-14 (anchor 1.850e-14, tol 1.0e-10)
PASS rel_l2=5.048e-16 rel_max=6.364e-16 (tol 1e-12) L=40 B=8
PASS map-2-step: rel_l2=2.252e-15 (tol 3.0e-14)
PASS rel_l2=4.199e-16 rel_max=5.249e-16 (tol 1e-12) L=40 B=8
PASS map-chain m=128: rel_l2=2.714e-14 (anchor 1.850e-14, tol 1.0e-10)
PASS rel_l2=4.199e-16 rel_max=5.249e-16 (tol 1e-12) L=40 B=8
PASS map-2-step: rel_l2=2.077e-15 (tol 3.0e-14)
PASS rel_l2=8.636e-16 rel_max=9.215e-16 (tol 1e-12) L=50 B=4
PASS map-chain m=128: rel_l2=9.985e-14 (anchor 2.508e-14, tol 1.0e-10)
PASS rel_l2=8.636e-16 rel_max=9.215e-16 (tol 1e-12) L=50 B=4
PASS map-2-step: rel_l2=3.785e-15 (tol 3.0e-14)
PASS rel_l2=3.525e-16 rel_max=3.827e-16 (tol 1e-12) L=50 B=4
PASS map-chain m=128: rel_l2=4.098e-14 (anchor 2.508e-14, tol 1.0e-10)
PASS rel_l2=3.525e-16 rel_max=3.827e-16 (tol 1e-12) L=50 B=4
PASS map-2-step: rel_l2=1.873e-15 (tol 3.0e-14)
PASS rel_l2=4.312e-16 rel_max=4.460e-16 (tol 1e-12) L=50 B=4
PASS map-chain m=128: rel_l2=3.195e-14 (anchor 2.508e-14, tol 1.0e-10)
PASS rel_l2=4.312e-16 rel_max=4.460e-16 (tol 1e-12) L=50 B=4
PASS map-2-step: rel_l2=2.157e-15 (tol 3.0e-14)
PASS rel_l2=4.485e-16 rel_max=4.957e-16 (tol 1e-12) L=50 B=4
PASS map-chain m=128: rel_l2=3.376e-14 (anchor 2.508e-14, tol 1.0e-10)
PASS rel_l2=4.485e-16 rel_max=4.957e-16 (tol 1e-12) L=50 B=4
PASS map-2-step: rel_l2=2.127e-15 (tol 3.0e-14)
PASS rel_l2=4.449e-16 rel_max=5.141e-16 (tol 1e-12) L=50 B=4
PASS map-chain m=128: rel_l2=4.515e-14 (anchor 2.508e-14, tol 1.0e-10)
PASS rel_l2=4.316e-16 rel_max=4.746e-16 (tol 1e-12) L=50 B=4
PASS map-2-step: rel_l2=2.097e-15 (tol 3.0e-14)
PASS rel_l2=4.368e-16 rel_max=4.710e-16 (tol 1e-12) L=50 B=4
PASS map-chain m=128: rel_l2=3.738e-14 (anchor 2.508e-14, tol 1.0e-10)
PASS rel_l2=4.368e-16 rel_max=4.996e-16 (tol 1e-12) L=50 B=4
PASS map-2-step: rel_l2=2.176e-15 (tol 3.0e-14)
PASS rel_l2=4.368e-16 rel_max=4.996e-16 (tol 1e-12) L=50 B=4
PASS map-chain m=128: rel_l2=5.496e-14 (anchor 2.508e-14, tol 1.0e-10)
PASS rel_l2=4.381e-16 rel_max=5.030e-16 (tol 1e-12) L=50 B=4
PASS map-2-step: rel_l2=2.173e-15 (tol 3.0e-14)
PASS rel_l2=4.974e-16 rel_max=6.004e-16 (tol 1e-12) L=50 B=4
PASS map-chain m=128: rel_l2=6.674e-14 (anchor 2.508e-14, tol 1.0e-10)
PASS rel_l2=4.974e-16 rel_max=6.004e-16 (tol 1e-12) L=50 B=4
PASS map-2-step: rel_l2=2.316e-15 (tol 3.0e-14)
PASS rel_l2=6.145e-16 rel_max=5.887e-16 (tol 1e-12) L=50 B=4
PASS map-chain m=128: rel_l2=5.660e-14 (anchor 2.508e-14, tol 1.0e-10)
PASS rel_l2=6.145e-16 rel_max=5.887e-16 (tol 1e-12) L=50 B=4
PASS map-2-step: rel_l2=3.122e-15 (tol 3.0e-14)
PASS rel_l2=4.413e-16 rel_max=4.756e-16 (tol 1e-12) L=50 B=4
PASS map-chain m=128: rel_l2=3.838e-14 (anchor 2.508e-14, tol 1.0e-10)
PASS rel_l2=4.413e-16 rel_max=4.756e-16 (tol 1e-12) L=50 B=4
PASS map-2-step: rel_l2=2.244e-15 (tol 3.0e-14)
PASS rel_l2=4.332e-16 rel_max=4.746e-16 (tol 1e-12) L=50 B=4
PASS map-chain m=128: rel_l2=2.784e-14 (anchor 2.508e-14, tol 1.0e-10)
PASS rel_l2=4.332e-16 rel_max=4.746e-16 (tol 1e-12) L=50 B=4
PASS map-2-step: rel_l2=2.054e-15 (tol 3.0e-14)
PASS rel_l2=4.976e-16 rel_max=6.147e-16 (tol 1e-12) L=50 B=4
PASS map-chain m=128: rel_l2=7.859e-14 (anchor 2.508e-14, tol 1.0e-10)
PASS rel_l2=4.976e-16 rel_max=6.147e-16 (tol 1e-12) L=50 B=4
PASS map-2-step: rel_l2=2.300e-15 (tol 3.0e-14)
PASS rel_l2=4.619e-16 rel_max=4.855e-16 (tol 1e-12) L=50 B=4
PASS map-chain m=128: rel_l2=3.205e-14 (anchor 2.508e-14, tol 1.0e-10)
PASS rel_l2=4.619e-16 rel_max=4.855e-16 (tol 1e-12) L=50 B=4
PASS map-2-step: rel_l2=2.198e-15 (tol 3.0e-14)
PASS rel_l2=4.332e-16 rel_max=4.746e-16 (tol 1e-12) L=50 B=4
PASS map-chain m=128: rel_l2=2.784e-14 (anchor 2.508e-14, tol 1.0e-10)
PASS rel_l2=4.332e-16 rel_max=4.746e-16 (tol 1e-12) L=50 B=4
PASS map-2-step: rel_l2=2.054e-15 (tol 3.0e-14)
PASS rel_l2=4.332e-16 rel_max=4.746e-16 (tol 1e-12) L=50 B=4
PASS map-chain m=128: rel_l2=2.784e-14 (anchor 2.508e-14, tol 1.0e-10)
PASS rel_l2=4.332e-16 rel_max=4.746e-16 (tol 1e-12) L=50 B=4
PASS map-2-step: rel_l2=2.054e-15 (tol 3.0e-14)
PASS rel_l2=4.385e-16 rel_max=5.030e-16 (tol 1e-12) L=50 B=4
PASS map-chain m=128: rel_l2=4.652e-14 (anchor 2.508e-14, tol 1.0e-10)
PASS rel_l2=4.385e-16 rel_max=5.030e-16 (tol 1e-12) L=50 B=4
PASS map-2-step: rel_l2=2.184e-15 (tol 3.0e-14)
PASS rel_l2=4.516e-16 rel_max=5.829e-16 (tol 1e-12) L=10 B=64
PASS map-chain m=1000: rel_l2=3.304e-13 (anchor 8.619e-14, tol 1.0e-10)
PASS rel_l2=4.516e-16 rel_max=5.829e-16 (tol 1e-12) L=10 B=64
PASS map-2-step: rel_l2=1.197e-15 (tol 3.0e-14)
PASS rel_l2=2.270e-16 rel_max=3.850e-16 (tol 1e-12) L=10 B=64
PASS map-chain m=1000: rel_l2=9.446e-14 (anchor 8.619e-14, tol 1.0e-10)
PASS rel_l2=2.270e-16 rel_max=3.850e-16 (tol 1e-12) L=10 B=64
PASS map-2-step: rel_l2=7.552e-16 (tol 3.0e-14)
PASS rel_l2=2.605e-16 rel_max=3.020e-16 (tol 1e-12) L=10 B=64
PASS map-chain m=1000: rel_l2=1.069e-13 (anchor 8.619e-14, tol 1.0e-10)
PASS rel_l2=2.605e-16 rel_max=3.020e-16 (tol 1e-12) L=10 B=64
PASS map-2-step: rel_l2=8.262e-16 (tol 3.0e-14)
PASS rel_l2=2.605e-16 rel_max=3.020e-16 (tol 1e-12) L=10 B=64
PASS map-chain m=1000: rel_l2=1.069e-13 (anchor 8.619e-14, tol 1.0e-10)
PASS rel_l2=2.605e-16 rel_max=3.020e-16 (tol 1e-12) L=10 B=64
PASS map-2-step: rel_l2=8.262e-16 (tol 3.0e-14)
PASS rel_l2=2.671e-16 rel_max=3.343e-16 (tol 1e-12) L=10 B=64
PASS map-chain m=1000: rel_l2=1.155e-13 (anchor 8.619e-14, tol 1.0e-10)
PASS rel_l2=2.671e-16 rel_max=3.343e-16 (tol 1e-12) L=10 B=64
PASS map-2-step: rel_l2=8.710e-16 (tol 3.0e-14)
PASS rel_l2=2.724e-16 rel_max=3.685e-16 (tol 1e-12) L=10 B=64
PASS map-chain m=1000: rel_l2=1.521e-13 (anchor 8.619e-14, tol 1.0e-10)
PASS rel_l2=2.724e-16 rel_max=3.685e-16 (tol 1e-12) L=10 B=64
PASS map-2-step: rel_l2=8.483e-16 (tol 3.0e-14)
PASS rel_l2=2.690e-16 rel_max=3.343e-16 (tol 1e-12) L=10 B=64
PASS map-chain m=1000: rel_l2=1.275e-13 (anchor 8.619e-14, tol 1.0e-10)
PASS rel_l2=2.671e-16 rel_max=3.343e-16 (tol 1e-12) L=10 B=64
PASS map-2-step: rel_l2=8.710e-16 (tol 3.0e-14)
PASS rel_l2=2.708e-16 rel_max=3.060e-16 (tol 1e-12) L=10 B=64
PASS map-chain m=1000: rel_l2=1.753e-13 (anchor 8.619e-14, tol 1.0e-10)
PASS rel_l2=2.708e-16 rel_max=3.258e-16 (tol 1e-12) L=10 B=64
PASS map-2-step: rel_l2=8.470e-16 (tol 3.0e-14)
PASS rel_l2=2.941e-16 rel_max=3.203e-16 (tol 1e-12) L=10 B=64
PASS map-chain m=1000: rel_l2=1.299e-13 (anchor 8.619e-14, tol 1.0e-10)
PASS rel_l2=2.941e-16 rel_max=3.203e-16 (tol 1e-12) L=10 B=64
PASS map-2-step: rel_l2=9.223e-16 (tol 3.0e-14)
PASS rel_l2=3.968e-16 rel_max=4.458e-16 (tol 1e-12) L=10 B=64
PASS map-chain m=1000: rel_l2=1.752e-13 (anchor 8.619e-14, tol 1.0e-10)
PASS rel_l2=3.968e-16 rel_max=4.458e-16 (tol 1e-12) L=10 B=64
PASS map-2-step: rel_l2=1.202e-15 (tol 3.0e-14)
PASS rel_l2=2.820e-16 rel_max=3.060e-16 (tol 1e-12) L=10 B=64
PASS map-chain m=1000: rel_l2=1.268e-13 (anchor 8.619e-14, tol 1.0e-10)
PASS rel_l2=2.820e-16 rel_max=3.060e-16 (tol 1e-12) L=10 B=64
PASS map-2-step: rel_l2=9.118e-16 (tol 3.0e-14)
PASS rel_l2=2.816e-16 rel_max=3.820e-16 (tol 1e-12) L=10 B=64
PASS map-chain m=1000: rel_l2=1.425e-13 (anchor 8.619e-14, tol 1.0e-10)
PASS rel_l2=2.816e-16 rel_max=3.820e-16 (tol 1e-12) L=10 B=64
PASS map-2-step: rel_l2=8.815e-16 (tol 3.0e-14)
PASS rel_l2=2.941e-16 rel_max=3.203e-16 (tol 1e-12) L=10 B=64
PASS map-chain m=1000: rel_l2=1.299e-13 (anchor 8.619e-14, tol 1.0e-10)
PASS rel_l2=2.941e-16 rel_max=3.203e-16 (tol 1e-12) L=10 B=64
PASS map-2-step: rel_l2=9.223e-16 (tol 3.0e-14)
PASS rel_l2=3.111e-16 rel_max=3.938e-16 (tol 1e-12) L=10 B=64
PASS map-chain m=1000: rel_l2=1.854e-13 (anchor 8.619e-14, tol 1.0e-10)
PASS rel_l2=3.111e-16 rel_max=3.938e-16 (tol 1e-12) L=10 B=64
PASS map-2-step: rel_l2=9.520e-16 (tol 3.0e-14)
PASS rel_l2=3.111e-16 rel_max=3.938e-16 (tol 1e-12) L=10 B=64
PASS map-chain m=1000: rel_l2=1.854e-13 (anchor 8.619e-14, tol 1.0e-10)
PASS rel_l2=3.111e-16 rel_max=3.938e-16 (tol 1e-12) L=10 B=64
PASS map-2-step: rel_l2=9.520e-16 (tol 3.0e-14)
PASS rel_l2=2.790e-16 rel_max=3.850e-16 (tol 1e-12) L=10 B=64
PASS map-chain m=1000: rel_l2=1.273e-13 (anchor 8.619e-14, tol 1.0e-10)
PASS rel_l2=2.790e-16 rel_max=3.850e-16 (tol 1e-12) L=10 B=64
PASS map-2-step: rel_l2=8.596e-16 (tol 3.0e-14)
PASS rel_l2=3.173e-16 rel_max=3.850e-16 (tol 1e-12) L=10 B=64
PASS map-chain m=1000: rel_l2=1.356e-13 (anchor 8.619e-14, tol 1.0e-10)
PASS rel_l2=3.173e-16 rel_max=3.850e-16 (tol 1e-12) L=10 B=64
PASS map-2-step: rel_l2=9.843e-16 (tol 3.0e-14)
PASS rel_l2=3.143e-16 rel_max=3.837e-16 (tol 1e-12) L=10 B=64
PASS map-chain m=1000: rel_l2=1.686e-13 (anchor 8.619e-14, tol 1.0e-10)
PASS rel_l2=3.143e-16 rel_max=3.837e-16 (tol 1e-12) L=10 B=64
PASS map-2-step: rel_l2=9.775e-16 (tol 3.0e-14)
PASS rel_l2=6.257e-16 rel_max=7.269e-16 (tol 1e-12) L=12 B=64
PASS map-chain m=600: rel_l2=2.741e-13 (anchor 3.909e-14, tol 1.0e-10)
PASS rel_l2=6.257e-16 rel_max=7.269e-16 (tol 1e-12) L=12 B=64
PASS map-2-step: rel_l2=1.688e-15 (tol 3.0e-14)
PASS rel_l2=1.980e-16 rel_max=2.823e-16 (tol 1e-12) L=12 B=64
PASS map-chain m=600: rel_l2=3.921e-14 (anchor 3.909e-14, tol 1.0e-10)
PASS rel_l2=1.980e-16 rel_max=2.823e-16 (tol 1e-12) L=12 B=64
PASS map-2-step: rel_l2=7.074e-16 (tol 3.0e-14)
PASS rel_l2=2.904e-16 rel_max=3.370e-16 (tol 1e-12) L=12 B=64
PASS map-chain m=600: rel_l2=4.641e-14 (anchor 3.909e-14, tol 1.0e-10)
PASS rel_l2=2.904e-16 rel_max=3.370e-16 (tol 1e-12) L=12 B=64
PASS map-2-step: rel_l2=8.780e-16 (tol 3.0e-14)
PASS rel_l2=2.904e-16 rel_max=3.370e-16 (tol 1e-12) L=12 B=64
PASS map-chain m=600: rel_l2=4.641e-14 (anchor 3.909e-14, tol 1.0e-10)
PASS rel_l2=2.904e-16 rel_max=3.370e-16 (tol 1e-12) L=12 B=64
PASS map-2-step: rel_l2=8.780e-16 (tol 3.0e-14)
PASS rel_l2=2.916e-16 rel_max=3.370e-16 (tol 1e-12) L=12 B=64
PASS map-chain m=600: rel_l2=4.731e-14 (anchor 3.909e-14, tol 1.0e-10)
PASS rel_l2=2.916e-16 rel_max=3.370e-16 (tol 1e-12) L=12 B=64
PASS map-2-step: rel_l2=8.852e-16 (tol 3.0e-14)
PASS rel_l2=2.955e-16 rel_max=3.370e-16 (tol 1e-12) L=12 B=64
PASS map-chain m=600: rel_l2=4.664e-14 (anchor 3.909e-14, tol 1.0e-10)
PASS rel_l2=2.955e-16 rel_max=3.370e-16 (tol 1e-12) L=12 B=64
PASS map-2-step: rel_l2=9.219e-16 (tol 3.0e-14)
PASS rel_l2=2.923e-16 rel_max=3.370e-16 (tol 1e-12) L=12 B=64
PASS map-chain m=600: rel_l2=5.150e-14 (anchor 3.909e-14, tol 1.0e-10)
PASS rel_l2=2.916e-16 rel_max=3.370e-16 (tol 1e-12) L=12 B=64
PASS map-2-step: rel_l2=8.852e-16 (tol 3.0e-14)
PASS rel_l2=2.916e-16 rel_max=3.370e-16 (tol 1e-12) L=12 B=64
PASS map-chain m=600: rel_l2=4.731e-14 (anchor 3.909e-14, tol 1.0e-10)
PASS rel_l2=2.916e-16 rel_max=3.370e-16 (tol 1e-12) L=12 B=64
PASS map-2-step: rel_l2=8.852e-16 (tol 3.0e-14)
PASS rel_l2=2.904e-16 rel_max=3.370e-16 (tol 1e-12) L=12 B=64
PASS map-chain m=600: rel_l2=4.412e-14 (anchor 3.909e-14, tol 1.0e-10)
PASS rel_l2=2.904e-16 rel_max=3.370e-16 (tol 1e-12) L=12 B=64
PASS map-2-step: rel_l2=8.885e-16 (tol 3.0e-14)
PASS rel_l2=4.823e-16 rel_max=5.590e-16 (tol 1e-12) L=12 B=64
PASS map-chain m=600: rel_l2=9.210e-14 (anchor 3.909e-14, tol 1.0e-10)
PASS rel_l2=4.823e-16 rel_max=5.590e-16 (tol 1e-12) L=12 B=64
PASS map-2-step: rel_l2=1.413e-15 (tol 3.0e-14)
PASS rel_l2=2.978e-16 rel_max=3.330e-16 (tol 1e-12) L=12 B=64
PASS map-chain m=600: rel_l2=5.747e-14 (anchor 3.909e-14, tol 1.0e-10)
PASS rel_l2=2.978e-16 rel_max=3.330e-16 (tol 1e-12) L=12 B=64
PASS map-2-step: rel_l2=9.507e-16 (tol 3.0e-14)
PASS rel_l2=2.975e-16 rel_max=3.117e-16 (tol 1e-12) L=12 B=64
PASS map-chain m=600: rel_l2=5.145e-14 (anchor 3.909e-14, tol 1.0e-10)
PASS rel_l2=2.975e-16 rel_max=3.117e-16 (tol 1e-12) L=12 B=64
PASS map-2-step: rel_l2=9.419e-16 (tol 3.0e-14)
PASS rel_l2=2.904e-16 rel_max=3.370e-16 (tol 1e-12) L=12 B=64
PASS map-chain m=600: rel_l2=4.412e-14 (anchor 3.909e-14, tol 1.0e-10)
PASS rel_l2=2.904e-16 rel_max=3.370e-16 (tol 1e-12) L=12 B=64
PASS map-2-step: rel_l2=8.885e-16 (tol 3.0e-14)
PASS rel_l2=2.964e-16 rel_max=3.321e-16 (tol 1e-12) L=12 B=64
PASS map-chain m=600: rel_l2=6.023e-14 (anchor 3.909e-14, tol 1.0e-10)
PASS rel_l2=2.964e-16 rel_max=3.321e-16 (tol 1e-12) L=12 B=64
PASS map-2-step: rel_l2=9.330e-16 (tol 3.0e-14)
PASS rel_l2=2.964e-16 rel_max=3.321e-16 (tol 1e-12) L=12 B=64
PASS map-chain m=600: rel_l2=6.023e-14 (anchor 3.909e-14, tol 1.0e-10)
PASS rel_l2=2.964e-16 rel_max=3.321e-16 (tol 1e-12) L=12 B=64
PASS map-2-step: rel_l2=9.330e-16 (tol 3.0e-14)
PASS rel_l2=2.968e-16 rel_max=3.308e-16 (tol 1e-12) L=12 B=64
PASS map-chain m=600: rel_l2=7.136e-14 (anchor 3.909e-14, tol 1.0e-10)
PASS rel_l2=2.968e-16 rel_max=3.308e-16 (tol 1e-12) L=12 B=64
PASS map-2-step: rel_l2=9.624e-16 (tol 3.0e-14)
PASS rel_l2=2.955e-16 rel_max=3.370e-16 (tol 1e-12) L=12 B=64
PASS map-chain m=600: rel_l2=4.664e-14 (anchor 3.909e-14, tol 1.0e-10)
PASS rel_l2=2.955e-16 rel_max=3.370e-16 (tol 1e-12) L=12 B=64
PASS map-2-step: rel_l2=9.219e-16 (tol 3.0e-14)
PASS rel_l2=2.904e-16 rel_max=3.370e-16 (tol 1e-12) L=12 B=64
PASS map-chain m=600: rel_l2=4.641e-14 (anchor 3.909e-14, tol 1.0e-10)
PASS rel_l2=2.904e-16 rel_max=3.370e-16 (tol 1e-12) L=12 B=64
PASS map-2-step: rel_l2=8.780e-16 (tol 3.0e-14)
PASS rel_l2=6.613e-16 rel_max=7.857e-16 (tol 1e-12) L=15 B=32
PASS map-chain m=600: rel_l2=2.754e-13 (anchor 5.783e-14, tol 1.0e-10)
PASS rel_l2=6.613e-16 rel_max=7.857e-16 (tol 1e-12) L=15 B=32
PASS map-2-step: rel_l2=2.004e-15 (tol 3.0e-14)
PASS rel_l2=2.702e-16 rel_max=2.946e-16 (tol 1e-12) L=15 B=32
PASS map-chain m=600: rel_l2=5.181e-14 (anchor 5.783e-14, tol 1.0e-10)
PASS rel_l2=2.702e-16 rel_max=2.946e-16 (tol 1e-12) L=15 B=32
PASS map-2-step: rel_l2=9.777e-16 (tol 3.0e-14)
PASS rel_l2=3.135e-16 rel_max=3.841e-16 (tol 1e-12) L=15 B=32
PASS map-chain m=600: rel_l2=6.016e-14 (anchor 5.783e-14, tol 1.0e-10)
PASS rel_l2=3.135e-16 rel_max=3.841e-16 (tol 1e-12) L=15 B=32
PASS map-2-step: rel_l2=1.120e-15 (tol 3.0e-14)
PASS rel_l2=3.135e-16 rel_max=3.841e-16 (tol 1e-12) L=15 B=32
PASS map-chain m=600: rel_l2=6.016e-14 (anchor 5.783e-14, tol 1.0e-10)
PASS rel_l2=3.135e-16 rel_max=3.841e-16 (tol 1e-12) L=15 B=32
PASS map-2-step: rel_l2=1.120e-15 (tol 3.0e-14)
PASS rel_l2=3.343e-16 rel_max=4.261e-16 (tol 1e-12) L=15 B=32
PASS map-chain m=600: rel_l2=7.311e-14 (anchor 5.783e-14, tol 1.0e-10)
PASS rel_l2=3.343e-16 rel_max=4.261e-16 (tol 1e-12) L=15 B=32
PASS map-2-step: rel_l2=1.170e-15 (tol 3.0e-14)
PASS rel_l2=3.249e-16 rel_max=3.541e-16 (tol 1e-12) L=15 B=32
PASS map-chain m=600: rel_l2=8.885e-14 (anchor 5.783e-14, tol 1.0e-10)
PASS rel_l2=3.249e-16 rel_max=3.541e-16 (tol 1e-12) L=15 B=32
PASS map-2-step: rel_l2=1.188e-15 (tol 3.0e-14)
PASS rel_l2=3.343e-16 rel_max=4.261e-16 (tol 1e-12) L=15 B=32
PASS map-chain m=600: rel_l2=7.311e-14 (anchor 5.783e-14, tol 1.0e-10)
PASS rel_l2=3.343e-16 rel_max=4.261e-16 (tol 1e-12) L=15 B=32
PASS map-2-step: rel_l2=1.170e-15 (tol 3.0e-14)
PASS rel_l2=3.343e-16 rel_max=4.261e-16 (tol 1e-12) L=15 B=32
PASS map-chain m=600: rel_l2=7.311e-14 (anchor 5.783e-14, tol 1.0e-10)
PASS rel_l2=3.343e-16 rel_max=4.261e-16 (tol 1e-12) L=15 B=32
PASS map-2-step: rel_l2=1.170e-15 (tol 3.0e-14)
PASS rel_l2=3.471e-16 rel_max=3.928e-16 (tol 1e-12) L=15 B=32
PASS map-chain m=600: rel_l2=5.698e-14 (anchor 5.783e-14, tol 1.0e-10)
PASS rel_l2=3.471e-16 rel_max=3.928e-16 (tol 1e-12) L=15 B=32
PASS map-2-step: rel_l2=1.214e-15 (tol 3.0e-14)
PASS rel_l2=5.716e-16 rel_max=7.146e-16 (tol 1e-12) L=15 B=32
PASS map-chain m=600: rel_l2=1.117e-13 (anchor 5.783e-14, tol 1.0e-10)
PASS rel_l2=5.716e-16 rel_max=7.146e-16 (tol 1e-12) L=15 B=32
PASS map-2-step: rel_l2=1.755e-15 (tol 3.0e-14)
PASS rel_l2=3.302e-16 rel_max=4.070e-16 (tol 1e-12) L=15 B=32
PASS map-chain m=600: rel_l2=5.473e-14 (anchor 5.783e-14, tol 1.0e-10)
PASS rel_l2=3.302e-16 rel_max=4.070e-16 (tol 1e-12) L=15 B=32
PASS map-2-step: rel_l2=1.147e-15 (tol 3.0e-14)
PASS rel_l2=3.325e-16 rel_max=3.828e-16 (tol 1e-12) L=15 B=32
PASS map-chain m=600: rel_l2=5.556e-14 (anchor 5.783e-14, tol 1.0e-10)
PASS rel_l2=3.325e-16 rel_max=3.828e-16 (tol 1e-12) L=15 B=32
PASS map-2-step: rel_l2=1.134e-15 (tol 3.0e-14)
PASS rel_l2=3.471e-16 rel_max=3.928e-16 (tol 1e-12) L=15 B=32
PASS map-chain m=600: rel_l2=5.698e-14 (anchor 5.783e-14, tol 1.0e-10)
PASS rel_l2=3.471e-16 rel_max=3.928e-16 (tol 1e-12) L=15 B=32
PASS map-2-step: rel_l2=1.214e-15 (tol 3.0e-14)
PASS rel_l2=3.269e-16 rel_max=3.857e-16 (tol 1e-12) L=15 B=32
PASS map-chain m=600: rel_l2=5.103e-14 (anchor 5.783e-14, tol 1.0e-10)
PASS rel_l2=3.269e-16 rel_max=3.857e-16 (tol 1e-12) L=15 B=32
PASS map-2-step: rel_l2=1.147e-15 (tol 3.0e-14)
PASS rel_l2=3.269e-16 rel_max=3.857e-16 (tol 1e-12) L=15 B=32
PASS map-chain m=600: rel_l2=5.103e-14 (anchor 5.783e-14, tol 1.0e-10)
PASS rel_l2=3.269e-16 rel_max=3.857e-16 (tol 1e-12) L=15 B=32
PASS map-2-step: rel_l2=1.147e-15 (tol 3.0e-14)
PASS rel_l2=3.377e-16 rel_max=3.841e-16 (tol 1e-12) L=15 B=32
PASS map-chain m=600: rel_l2=5.072e-14 (anchor 5.783e-14, tol 1.0e-10)
PASS rel_l2=3.377e-16 rel_max=3.841e-16 (tol 1e-12) L=15 B=32
PASS map-2-step: rel_l2=1.176e-15 (tol 3.0e-14)
PASS rel_l2=3.571e-16 rel_max=3.811e-16 (tol 1e-12) L=15 B=32
PASS map-chain m=600: rel_l2=9.055e-14 (anchor 5.783e-14, tol 1.0e-10)
PASS rel_l2=3.571e-16 rel_max=3.811e-16 (tol 1e-12) L=15 B=32
PASS map-2-step: rel_l2=1.246e-15 (tol 3.0e-14)
PASS rel_l2=3.510e-16 rel_max=3.403e-16 (tol 1e-12) L=15 B=32
PASS map-chain m=600: rel_l2=9.208e-14 (anchor 5.783e-14, tol 1.0e-10)
PASS rel_l2=3.510e-16 rel_max=3.403e-16 (tol 1e-12) L=15 B=32
PASS map-2-step: rel_l2=1.249e-15 (tol 3.0e-14)
PASS rel_l2=5.407e-16 rel_max=6.702e-16 (tol 1e-12) L=20 B=32
PASS map-chain m=256: rel_l2=9.806e-14 (anchor 2.200e-14, tol 1.0e-10)
PASS rel_l2=5.407e-16 rel_max=6.702e-16 (tol 1e-12) L=20 B=32
PASS map-2-step: rel_l2=1.739e-15 (tol 3.0e-14)
PASS rel_l2=2.766e-16 rel_max=3.520e-16 (tol 1e-12) L=20 B=32
PASS map-chain m=256: rel_l2=2.451e-14 (anchor 2.200e-14, tol 1.0e-10)
PASS rel_l2=2.766e-16 rel_max=3.520e-16 (tol 1e-12) L=20 B=32
PASS map-2-step: rel_l2=1.058e-15 (tol 3.0e-14)
PASS rel_l2=2.961e-16 rel_max=3.551e-16 (tol 1e-12) L=20 B=32
PASS map-chain m=256: rel_l2=2.587e-14 (anchor 2.200e-14, tol 1.0e-10)
PASS rel_l2=2.961e-16 rel_max=3.551e-16 (tol 1e-12) L=20 B=32
PASS map-2-step: rel_l2=1.158e-15 (tol 3.0e-14)
PASS rel_l2=2.961e-16 rel_max=3.551e-16 (tol 1e-12) L=20 B=32
PASS map-chain m=256: rel_l2=2.587e-14 (anchor 2.200e-14, tol 1.0e-10)
PASS rel_l2=2.961e-16 rel_max=3.551e-16 (tol 1e-12) L=20 B=32
PASS map-2-step: rel_l2=1.158e-15 (tol 3.0e-14)
PASS rel_l2=3.023e-16 rel_max=3.773e-16 (tol 1e-12) L=20 B=32
PASS map-chain m=256: rel_l2=2.986e-14 (anchor 2.200e-14, tol 1.0e-10)
PASS rel_l2=3.023e-16 rel_max=3.773e-16 (tol 1e-12) L=20 B=32
PASS map-2-step: rel_l2=1.214e-15 (tol 3.0e-14)
PASS rel_l2=3.052e-16 rel_max=3.848e-16 (tol 1e-12) L=20 B=32
PASS map-chain m=256: rel_l2=2.833e-14 (anchor 2.200e-14, tol 1.0e-10)
PASS rel_l2=3.052e-16 rel_max=3.848e-16 (tol 1e-12) L=20 B=32
PASS map-2-step: rel_l2=1.218e-15 (tol 3.0e-14)
PASS rel_l2=3.023e-16 rel_max=3.773e-16 (tol 1e-12) L=20 B=32
PASS map-chain m=256: rel_l2=2.986e-14 (anchor 2.200e-14, tol 1.0e-10)
PASS rel_l2=3.023e-16 rel_max=3.773e-16 (tol 1e-12) L=20 B=32
PASS map-2-step: rel_l2=1.214e-15 (tol 3.0e-14)
PASS rel_l2=3.047e-16 rel_max=3.754e-16 (tol 1e-12) L=20 B=32
PASS map-chain m=256: rel_l2=2.984e-14 (anchor 2.200e-14, tol 1.0e-10)
PASS rel_l2=3.023e-16 rel_max=3.773e-16 (tol 1e-12) L=20 B=32
PASS map-2-step: rel_l2=1.214e-15 (tol 3.0e-14)
PASS rel_l2=3.110e-16 rel_max=3.734e-16 (tol 1e-12) L=20 B=32
PASS map-chain m=256: rel_l2=2.829e-14 (anchor 2.200e-14, tol 1.0e-10)
PASS rel_l2=3.110e-16 rel_max=3.734e-16 (tol 1e-12) L=20 B=32
PASS map-2-step: rel_l2=1.254e-15 (tol 3.0e-14)
PASS rel_l2=5.009e-16 rel_max=5.373e-16 (tol 1e-12) L=20 B=32
PASS map-chain m=256: rel_l2=4.453e-14 (anchor 2.200e-14, tol 1.0e-10)
PASS rel_l2=5.009e-16 rel_max=5.373e-16 (tol 1e-12) L=20 B=32
PASS map-2-step: rel_l2=1.942e-15 (tol 3.0e-14)
PASS rel_l2=3.325e-16 rel_max=3.935e-16 (tol 1e-12) L=20 B=32
PASS map-chain m=256: rel_l2=3.239e-14 (anchor 2.200e-14, tol 1.0e-10)
PASS rel_l2=3.325e-16 rel_max=3.935e-16 (tol 1e-12) L=20 B=32
PASS map-2-step: rel_l2=1.321e-15 (tol 3.0e-14)
PASS rel_l2=3.224e-16 rel_max=3.785e-16 (tol 1e-12) L=20 B=32
PASS map-chain m=256: rel_l2=2.870e-14 (anchor 2.200e-14, tol 1.0e-10)
PASS rel_l2=3.224e-16 rel_max=3.785e-16 (tol 1e-12) L=20 B=32
PASS map-2-step: rel_l2=1.282e-15 (tol 3.0e-14)
PASS rel_l2=3.110e-16 rel_max=3.734e-16 (tol 1e-12) L=20 B=32
PASS map-chain m=256: rel_l2=2.829e-14 (anchor 2.200e-14, tol 1.0e-10)
PASS rel_l2=3.110e-16 rel_max=3.734e-16 (tol 1e-12) L=20 B=32
PASS map-2-step: rel_l2=1.254e-15 (tol 3.0e-14)
PASS rel_l2=3.192e-16 rel_max=3.785e-16 (tol 1e-12) L=20 B=32
PASS map-chain m=256: rel_l2=2.802e-14 (anchor 2.200e-14, tol 1.0e-10)
PASS rel_l2=3.192e-16 rel_max=3.785e-16 (tol 1e-12) L=20 B=32
PASS map-2-step: rel_l2=1.276e-15 (tol 3.0e-14)
PASS rel_l2=3.192e-16 rel_max=3.785e-16 (tol 1e-12) L=20 B=32
PASS map-chain m=256: rel_l2=2.710e-14 (anchor 2.200e-14, tol 1.0e-10)
PASS rel_l2=3.192e-16 rel_max=3.785e-16 (tol 1e-12) L=20 B=32
PASS map-2-step: rel_l2=1.260e-15 (tol 3.0e-14)
PASS rel_l2=3.184e-16 rel_max=3.785e-16 (tol 1e-12) L=20 B=32
PASS map-chain m=256: rel_l2=2.850e-14 (anchor 2.200e-14, tol 1.0e-10)
PASS rel_l2=3.184e-16 rel_max=3.785e-16 (tol 1e-12) L=20 B=32
PASS map-2-step: rel_l2=1.261e-15 (tol 3.0e-14)
PASS rel_l2=3.657e-16 rel_max=3.848e-16 (tol 1e-12) L=20 B=32
PASS map-chain m=256: rel_l2=3.194e-14 (anchor 2.200e-14, tol 1.0e-10)
PASS rel_l2=3.657e-16 rel_max=3.848e-16 (tol 1e-12) L=20 B=32
PASS map-2-step: rel_l2=1.446e-15 (tol 3.0e-14)
PASS rel_l2=3.650e-16 rel_max=3.935e-16 (tol 1e-12) L=20 B=32
PASS map-chain m=256: rel_l2=3.255e-14 (anchor 2.200e-14, tol 1.0e-10)
PASS rel_l2=3.650e-16 rel_max=3.935e-16 (tol 1e-12) L=20 B=32
PASS map-2-step: rel_l2=1.445e-15 (tol 3.0e-14)
PASS rel_l2=7.756e-16 rel_max=8.205e-16 (tol 1e-12) L=25 B=16
PASS map-chain m=256: rel_l2=1.316e-13 (anchor 3.143e-14, tol 1.0e-10)
PASS rel_l2=7.756e-16 rel_max=8.205e-16 (tol 1e-12) L=25 B=16
PASS map-2-step: rel_l2=3.027e-15 (tol 3.0e-14)
PASS rel_l2=3.091e-16 rel_max=3.506e-16 (tol 1e-12) L=25 B=16
PASS map-chain m=256: rel_l2=3.124e-14 (anchor 3.143e-14, tol 1.0e-10)
PASS rel_l2=3.091e-16 rel_max=3.506e-16 (tol 1e-12) L=25 B=16
PASS map-2-step: rel_l2=1.333e-15 (tol 3.0e-14)
PASS rel_l2=3.536e-16 rel_max=3.715e-16 (tol 1e-12) L=25 B=16
PASS map-chain m=256: rel_l2=3.528e-14 (anchor 3.143e-14, tol 1.0e-10)
PASS rel_l2=3.536e-16 rel_max=3.715e-16 (tol 1e-12) L=25 B=16
PASS map-2-step: rel_l2=1.475e-15 (tol 3.0e-14)
PASS rel_l2=3.536e-16 rel_max=3.715e-16 (tol 1e-12) L=25 B=16
PASS map-chain m=256: rel_l2=3.528e-14 (anchor 3.143e-14, tol 1.0e-10)
PASS rel_l2=3.536e-16 rel_max=3.715e-16 (tol 1e-12) L=25 B=16
PASS map-2-step: rel_l2=1.475e-15 (tol 3.0e-14)
PASS rel_l2=3.692e-16 rel_max=4.009e-16 (tol 1e-12) L=25 B=16
PASS map-chain m=256: rel_l2=3.707e-14 (anchor 3.143e-14, tol 1.0e-10)
PASS rel_l2=3.692e-16 rel_max=4.009e-16 (tol 1e-12) L=25 B=16
PASS map-2-step: rel_l2=1.555e-15 (tol 3.0e-14)
PASS rel_l2=3.927e-16 rel_max=4.046e-16 (tol 1e-12) L=25 B=16
PASS map-chain m=256: rel_l2=4.114e-14 (anchor 3.143e-14, tol 1.0e-10)
PASS rel_l2=3.842e-16 rel_max=4.222e-16 (tol 1e-12) L=25 B=16
PASS map-2-step: rel_l2=1.665e-15 (tol 3.0e-14)
PASS rel_l2=3.769e-16 rel_max=3.914e-16 (tol 1e-12) L=25 B=16
PASS map-chain m=256: rel_l2=3.711e-14 (anchor 3.143e-14, tol 1.0e-10)
PASS rel_l2=3.692e-16 rel_max=4.009e-16 (tol 1e-12) L=25 B=16
PASS map-2-step: rel_l2=1.555e-15 (tol 3.0e-14)
PASS rel_l2=3.692e-16 rel_max=4.009e-16 (tol 1e-12) L=25 B=16
PASS map-chain m=256: rel_l2=3.707e-14 (anchor 3.143e-14, tol 1.0e-10)
PASS rel_l2=3.692e-16 rel_max=4.009e-16 (tol 1e-12) L=25 B=16
PASS map-2-step: rel_l2=1.555e-15 (tol 3.0e-14)
PASS rel_l2=6.490e-16 rel_max=7.060e-16 (tol 1e-12) L=25 B=16
PASS map-chain m=256: rel_l2=4.953e-14 (anchor 3.143e-14, tol 1.0e-10)
PASS rel_l2=6.490e-16 rel_max=7.060e-16 (tol 1e-12) L=25 B=16
PASS map-2-step: rel_l2=2.125e-15 (tol 3.0e-14)
PASS rel_l2=3.866e-16 rel_max=4.009e-16 (tol 1e-12) L=25 B=16
PASS map-chain m=256: rel_l2=3.749e-14 (anchor 3.143e-14, tol 1.0e-10)
PASS rel_l2=3.866e-16 rel_max=4.009e-16 (tol 1e-12) L=25 B=16
PASS map-2-step: rel_l2=1.653e-15 (tol 3.0e-14)
PASS rel_l2=3.699e-16 rel_max=4.009e-16 (tol 1e-12) L=25 B=16
PASS map-chain m=256: rel_l2=3.395e-14 (anchor 3.143e-14, tol 1.0e-10)
PASS rel_l2=3.699e-16 rel_max=4.009e-16 (tol 1e-12) L=25 B=16
PASS map-2-step: rel_l2=1.557e-15 (tol 3.0e-14)
PASS rel_l2=3.602e-16 rel_max=3.889e-16 (tol 1e-12) L=25 B=16
PASS map-chain m=256: rel_l2=3.660e-14 (anchor 3.143e-14, tol 1.0e-10)
PASS rel_l2=3.602e-16 rel_max=3.889e-16 (tol 1e-12) L=25 B=16
PASS map-2-step: rel_l2=1.561e-15 (tol 3.0e-14)
PASS rel_l2=3.699e-16 rel_max=4.009e-16 (tol 1e-12) L=25 B=16
PASS map-chain m=256: rel_l2=3.395e-14 (anchor 3.143e-14, tol 1.0e-10)
PASS rel_l2=3.699e-16 rel_max=4.009e-16 (tol 1e-12) L=25 B=16
PASS map-2-step: rel_l2=1.557e-15 (tol 3.0e-14)
PASS rel_l2=3.699e-16 rel_max=4.009e-16 (tol 1e-12) L=25 B=16
PASS map-chain m=256: rel_l2=3.914e-14 (anchor 3.143e-14, tol 1.0e-10)
PASS rel_l2=3.699e-16 rel_max=4.009e-16 (tol 1e-12) L=25 B=16
PASS map-2-step: rel_l2=1.653e-15 (tol 3.0e-14)
PASS rel_l2=4.123e-16 rel_max=4.446e-16 (tol 1e-12) L=25 B=16
PASS map-chain m=256: rel_l2=3.777e-14 (anchor 3.143e-14, tol 1.0e-10)
PASS rel_l2=4.123e-16 rel_max=4.446e-16 (tol 1e-12) L=25 B=16
PASS map-2-step: rel_l2=1.720e-15 (tol 3.0e-14)
PASS rel_l2=4.118e-16 rel_max=4.370e-16 (tol 1e-12) L=25 B=16
PASS map-chain m=256: rel_l2=3.785e-14 (anchor 3.143e-14, tol 1.0e-10)
PASS rel_l2=4.118e-16 rel_max=4.370e-16 (tol 1e-12) L=25 B=16
PASS map-2-step: rel_l2=1.753e-15 (tol 3.0e-14)
PASS rel_l2=7.893e-16 rel_max=8.431e-16 (tol 1e-12) L=27 B=16
PASS map-chain m=200: rel_l2=1.112e-13 (anchor 2.747e-14, tol 1.0e-10)
PASS rel_l2=7.893e-16 rel_max=8.431e-16 (tol 1e-12) L=27 B=16
PASS map-2-step: rel_l2=3.108e-15 (tol 3.0e-14)
PASS rel_l2=3.208e-16 rel_max=3.307e-16 (tol 1e-12) L=27 B=16
PASS map-chain m=200: rel_l2=2.961e-14 (anchor 2.747e-14, tol 1.0e-10)
PASS rel_l2=3.208e-16 rel_max=3.307e-16 (tol 1e-12) L=27 B=16
PASS map-2-step: rel_l2=1.440e-15 (tol 3.0e-14)
PASS rel_l2=3.760e-16 rel_max=3.982e-16 (tol 1e-12) L=27 B=16
PASS map-chain m=200: rel_l2=3.393e-14 (anchor 2.747e-14, tol 1.0e-10)
PASS rel_l2=3.760e-16 rel_max=3.982e-16 (tol 1e-12) L=27 B=16
PASS map-2-step: rel_l2=1.715e-15 (tol 3.0e-14)
PASS rel_l2=3.760e-16 rel_max=3.982e-16 (tol 1e-12) L=27 B=16
PASS map-chain m=200: rel_l2=3.393e-14 (anchor 2.747e-14, tol 1.0e-10)
PASS rel_l2=3.760e-16 rel_max=3.982e-16 (tol 1e-12) L=27 B=16
PASS map-2-step: rel_l2=1.715e-15 (tol 3.0e-14)
PASS rel_l2=3.605e-16 rel_max=3.704e-16 (tol 1e-12) L=27 B=16
PASS map-chain m=200: rel_l2=3.230e-14 (anchor 2.747e-14, tol 1.0e-10)
PASS rel_l2=3.605e-16 rel_max=3.704e-16 (tol 1e-12) L=27 B=16
PASS map-2-step: rel_l2=1.708e-15 (tol 3.0e-14)
PASS rel_l2=3.622e-16 rel_max=4.327e-16 (tol 1e-12) L=27 B=16
PASS map-chain m=200: rel_l2=3.303e-14 (anchor 2.747e-14, tol 1.0e-10)
PASS rel_l2=3.622e-16 rel_max=4.327e-16 (tol 1e-12) L=27 B=16
PASS map-2-step: rel_l2=1.691e-15 (tol 3.0e-14)
PASS rel_l2=3.687e-16 rel_max=4.327e-16 (tol 1e-12) L=27 B=16
PASS map-chain m=200: rel_l2=3.556e-14 (anchor 2.747e-14, tol 1.0e-10)
PASS rel_l2=3.745e-16 rel_max=4.498e-16 (tol 1e-12) L=27 B=16
PASS map-2-step: rel_l2=1.711e-15 (tol 3.0e-14)
PASS rel_l2=3.730e-16 rel_max=3.860e-16 (tol 1e-12) L=27 B=16
PASS map-chain m=200: rel_l2=3.429e-14 (anchor 2.747e-14, tol 1.0e-10)
PASS rel_l2=3.737e-16 rel_max=4.498e-16 (tol 1e-12) L=27 B=16
PASS map-2-step: rel_l2=1.694e-15 (tol 3.0e-14)
PASS rel_l2=5.584e-16 rel_max=5.775e-16 (tol 1e-12) L=27 B=16
PASS map-chain m=200: rel_l2=5.104e-14 (anchor 2.747e-14, tol 1.0e-10)
PASS rel_l2=5.584e-16 rel_max=5.775e-16 (tol 1e-12) L=27 B=16
PASS map-2-step: rel_l2=2.446e-15 (tol 3.0e-14)
PASS rel_l2=4.128e-16 rel_max=4.621e-16 (tol 1e-12) L=27 B=16
PASS map-chain m=200: rel_l2=3.258e-14 (anchor 2.747e-14, tol 1.0e-10)
PASS rel_l2=4.128e-16 rel_max=4.621e-16 (tol 1e-12) L=27 B=16
PASS map-2-step: rel_l2=1.818e-15 (tol 3.0e-14)
PASS rel_l2=3.997e-16 rel_max=4.452e-16 (tol 1e-12) L=27 B=16
PASS map-chain m=200: rel_l2=3.431e-14 (anchor 2.747e-14, tol 1.0e-10)
PASS rel_l2=3.997e-16 rel_max=4.452e-16 (tol 1e-12) L=27 B=16
PASS map-2-step: rel_l2=1.762e-15 (tol 3.0e-14)
PASS rel_l2=3.730e-16 rel_max=3.992e-16 (tol 1e-12) L=27 B=16
PASS map-chain m=200: rel_l2=3.171e-14 (anchor 2.747e-14, tol 1.0e-10)
PASS rel_l2=3.730e-16 rel_max=3.992e-16 (tol 1e-12) L=27 B=16
PASS map-2-step: rel_l2=1.682e-15 (tol 3.0e-14)
PASS rel_l2=3.997e-16 rel_max=4.452e-16 (tol 1e-12) L=27 B=16
PASS map-chain m=200: rel_l2=3.431e-14 (anchor 2.747e-14, tol 1.0e-10)
PASS rel_l2=3.997e-16 rel_max=4.452e-16 (tol 1e-12) L=27 B=16
PASS map-2-step: rel_l2=1.762e-15 (tol 3.0e-14)
PASS rel_l2=3.882e-16 rel_max=4.452e-16 (tol 1e-12) L=27 B=16
PASS map-chain m=200: rel_l2=3.546e-14 (anchor 2.747e-14, tol 1.0e-10)
PASS rel_l2=3.882e-16 rel_max=4.452e-16 (tol 1e-12) L=27 B=16
PASS map-2-step: rel_l2=1.772e-15 (tol 3.0e-14)
PASS rel_l2=3.714e-16 rel_max=3.860e-16 (tol 1e-12) L=27 B=16
PASS map-chain m=200: rel_l2=3.515e-14 (anchor 2.747e-14, tol 1.0e-10)
PASS rel_l2=3.714e-16 rel_max=3.860e-16 (tol 1e-12) L=27 B=16
PASS map-2-step: rel_l2=1.678e-15 (tol 3.0e-14)
PASS rel_l2=3.714e-16 rel_max=3.860e-16 (tol 1e-12) L=27 B=16
PASS map-chain m=200: rel_l2=3.515e-14 (anchor 2.747e-14, tol 1.0e-10)
PASS rel_l2=3.714e-16 rel_max=3.860e-16 (tol 1e-12) L=27 B=16
PASS map-2-step: rel_l2=1.678e-15 (tol 3.0e-14)
PASS rel_l2=8.129e-16 rel_max=9.391e-16 (tol 1e-12) L=31 B=16
PASS map-chain m=140: rel_l2=7.744e-14 (anchor 1.827e-14, tol 1.0e-10)
PASS rel_l2=8.129e-16 rel_max=9.391e-16 (tol 1e-12) L=31 B=16
PASS map-2-step: rel_l2=3.143e-15 (tol 3.0e-14)
PASS rel_l2=3.205e-16 rel_max=3.907e-16 (tol 1e-12) L=31 B=16
PASS map-chain m=140: rel_l2=2.203e-14 (anchor 1.827e-14, tol 1.0e-10)
PASS rel_l2=3.205e-16 rel_max=3.907e-16 (tol 1e-12) L=31 B=16
PASS map-2-step: rel_l2=1.454e-15 (tol 3.0e-14)
PASS rel_l2=4.491e-16 rel_max=5.300e-16 (tol 1e-12) L=31 B=16
PASS map-chain m=140: rel_l2=3.247e-14 (anchor 1.827e-14, tol 1.0e-10)
PASS rel_l2=4.491e-16 rel_max=5.300e-16 (tol 1e-12) L=31 B=16
PASS map-2-step: rel_l2=2.058e-15 (tol 3.0e-14)
PASS rel_l2=4.491e-16 rel_max=5.300e-16 (tol 1e-12) L=31 B=16
PASS map-chain m=140: rel_l2=3.247e-14 (anchor 1.827e-14, tol 1.0e-10)
PASS rel_l2=4.491e-16 rel_max=5.300e-16 (tol 1e-12) L=31 B=16
PASS map-2-step: rel_l2=2.058e-15 (tol 3.0e-14)
PASS rel_l2=3.916e-16 rel_max=5.219e-16 (tol 1e-12) L=31 B=16
PASS map-chain m=140: rel_l2=2.551e-14 (anchor 1.827e-14, tol 1.0e-10)
PASS rel_l2=3.916e-16 rel_max=5.219e-16 (tol 1e-12) L=31 B=16
PASS map-2-step: rel_l2=1.773e-15 (tol 3.0e-14)
PASS rel_l2=3.916e-16 rel_max=5.219e-16 (tol 1e-12) L=31 B=16
PASS map-chain m=140: rel_l2=2.551e-14 (anchor 1.827e-14, tol 1.0e-10)
PASS rel_l2=3.916e-16 rel_max=5.219e-16 (tol 1e-12) L=31 B=16
PASS map-2-step: rel_l2=1.773e-15 (tol 3.0e-14)
PASS rel_l2=3.916e-16 rel_max=5.219e-16 (tol 1e-12) L=31 B=16
PASS map-chain m=140: rel_l2=2.551e-14 (anchor 1.827e-14, tol 1.0e-10)
PASS rel_l2=3.916e-16 rel_max=5.219e-16 (tol 1e-12) L=31 B=16
PASS map-2-step: rel_l2=1.773e-15 (tol 3.0e-14)
PASS rel_l2=3.916e-16 rel_max=5.219e-16 (tol 1e-12) L=31 B=16
PASS map-chain m=140: rel_l2=2.551e-14 (anchor 1.827e-14, tol 1.0e-10)
PASS rel_l2=3.916e-16 rel_max=5.219e-16 (tol 1e-12) L=31 B=16
PASS map-2-step: rel_l2=1.773e-15 (tol 3.0e-14)
PASS rel_l2=5.634e-16 rel_max=6.644e-16 (tol 1e-12) L=31 B=16
PASS map-chain m=140: rel_l2=4.160e-14 (anchor 1.827e-14, tol 1.0e-10)
PASS rel_l2=5.634e-16 rel_max=6.644e-16 (tol 1e-12) L=31 B=16
PASS map-2-step: rel_l2=2.529e-15 (tol 3.0e-14)
PASS rel_l2=3.913e-16 rel_max=4.523e-16 (tol 1e-12) L=31 B=16
PASS map-chain m=140: rel_l2=2.631e-14 (anchor 1.827e-14, tol 1.0e-10)
PASS rel_l2=3.913e-16 rel_max=4.523e-16 (tol 1e-12) L=31 B=16
PASS map-2-step: rel_l2=1.764e-15 (tol 3.0e-14)
PASS rel_l2=4.019e-16 rel_max=5.250e-16 (tol 1e-12) L=31 B=16
PASS map-chain m=140: rel_l2=2.634e-14 (anchor 1.827e-14, tol 1.0e-10)
PASS rel_l2=4.019e-16 rel_max=5.250e-16 (tol 1e-12) L=31 B=16
PASS map-2-step: rel_l2=1.820e-15 (tol 3.0e-14)
PASS rel_l2=4.021e-16 rel_max=5.369e-16 (tol 1e-12) L=31 B=16
PASS map-chain m=140: rel_l2=2.509e-14 (anchor 1.827e-14, tol 1.0e-10)
PASS rel_l2=4.021e-16 rel_max=5.369e-16 (tol 1e-12) L=31 B=16
PASS map-2-step: rel_l2=1.830e-15 (tol 3.0e-14)
PASS rel_l2=4.021e-16 rel_max=5.369e-16 (tol 1e-12) L=31 B=16
PASS map-chain m=140: rel_l2=2.509e-14 (anchor 1.827e-14, tol 1.0e-10)
PASS rel_l2=4.021e-16 rel_max=5.369e-16 (tol 1e-12) L=31 B=16
PASS map-2-step: rel_l2=1.830e-15 (tol 3.0e-14)
PASS rel_l2=4.061e-16 rel_max=4.564e-16 (tol 1e-12) L=31 B=16
PASS map-chain m=140: rel_l2=2.771e-14 (anchor 1.827e-14, tol 1.0e-10)
PASS rel_l2=4.061e-16 rel_max=4.564e-16 (tol 1e-12) L=31 B=16
PASS map-2-step: rel_l2=1.781e-15 (tol 3.0e-14)
PASS rel_l2=4.021e-16 rel_max=5.369e-16 (tol 1e-12) L=31 B=16
PASS map-chain m=140: rel_l2=2.493e-14 (anchor 1.827e-14, tol 1.0e-10)
PASS rel_l2=4.021e-16 rel_max=5.369e-16 (tol 1e-12) L=31 B=16
PASS map-2-step: rel_l2=1.826e-15 (tol 3.0e-14)
PASS rel_l2=4.226e-16 rel_max=4.840e-16 (tol 1e-12) L=31 B=16
PASS map-chain m=140: rel_l2=3.194e-14 (anchor 1.827e-14, tol 1.0e-10)
PASS rel_l2=4.226e-16 rel_max=4.840e-16 (tol 1e-12) L=31 B=16
PASS map-2-step: rel_l2=1.958e-15 (tol 3.0e-14)
PASS rel_l2=4.226e-16 rel_max=4.840e-16 (tol 1e-12) L=31 B=16
PASS map-chain m=140: rel_l2=3.194e-14 (anchor 1.827e-14, tol 1.0e-10)
PASS rel_l2=4.226e-16 rel_max=4.840e-16 (tol 1e-12) L=31 B=16
PASS map-2-step: rel_l2=1.958e-15 (tol 3.0e-14)
PASS rel_l2=6.752e-16 rel_max=7.125e-16 (tol 1e-12) L=32 B=8
PASS map-chain m=250: rel_l2=1.229e-13 (anchor 0.000e+00, tol 1.0e-10)
PASS rel_l2=6.752e-16 rel_max=7.125e-16 (tol 1e-12) L=32 B=8
PASS map-2-step: rel_l2=2.523e-15 (tol 3.0e-14)
PASS rel_l2=2.479e-16 rel_max=3.088e-16 (tol 1e-12) L=32 B=8
PASS map-chain m=250: rel_l2=2.573e-14 (anchor 0.000e+00, tol 1.0e-10)
PASS rel_l2=2.479e-16 rel_max=3.088e-16 (tol 1e-12) L=32 B=8
PASS map-2-step: rel_l2=1.154e-15 (tol 3.0e-14)
PASS rel_l2=2.901e-16 rel_max=3.612e-16 (tol 1e-12) L=32 B=8
PASS map-chain m=250: rel_l2=3.316e-14 (anchor 0.000e+00, tol 1.0e-10)
PASS rel_l2=2.901e-16 rel_max=3.612e-16 (tol 1e-12) L=32 B=8
PASS map-2-step: rel_l2=1.340e-15 (tol 3.0e-14)
PASS rel_l2=2.901e-16 rel_max=3.612e-16 (tol 1e-12) L=32 B=8
PASS map-chain m=250: rel_l2=3.316e-14 (anchor 0.000e+00, tol 1.0e-10)
PASS rel_l2=2.901e-16 rel_max=3.612e-16 (tol 1e-12) L=32 B=8
PASS map-2-step: rel_l2=1.340e-15 (tol 3.0e-14)
PASS rel_l2=3.004e-16 rel_max=3.612e-16 (tol 1e-12) L=32 B=8
PASS map-chain m=250: rel_l2=2.972e-14 (anchor 0.000e+00, tol 1.0e-10)
PASS rel_l2=3.004e-16 rel_max=3.612e-16 (tol 1e-12) L=32 B=8
PASS map-2-step: rel_l2=1.332e-15 (tol 3.0e-14)
PASS rel_l2=2.866e-16 rel_max=3.059e-16 (tol 1e-12) L=32 B=8
PASS map-chain m=250: rel_l2=3.252e-14 (anchor 0.000e+00, tol 1.0e-10)
PASS rel_l2=2.922e-16 rel_max=3.230e-16 (tol 1e-12) L=32 B=8
PASS map-2-step: rel_l2=1.295e-15 (tol 3.0e-14)
PASS rel_l2=3.148e-16 rel_max=3.289e-16 (tol 1e-12) L=32 B=8
PASS map-chain m=250: rel_l2=5.101e-14 (anchor 0.000e+00, tol 1.0e-10)
PASS rel_l2=3.052e-16 rel_max=3.710e-16 (tol 1e-12) L=32 B=8
PASS map-2-step: rel_l2=1.350e-15 (tol 3.0e-14)
PASS rel_l2=3.052e-16 rel_max=3.710e-16 (tol 1e-12) L=32 B=8
PASS map-chain m=250: rel_l2=3.001e-14 (anchor 0.000e+00, tol 1.0e-10)
PASS rel_l2=3.105e-16 rel_max=3.230e-16 (tol 1e-12) L=32 B=8
PASS map-2-step: rel_l2=1.351e-15 (tol 3.0e-14)
PASS rel_l2=4.696e-16 rel_max=4.801e-16 (tol 1e-12) L=32 B=8
PASS map-chain m=250: rel_l2=7.027e-14 (anchor 0.000e+00, tol 1.0e-10)
PASS rel_l2=4.696e-16 rel_max=4.801e-16 (tol 1e-12) L=32 B=8
PASS map-2-step: rel_l2=2.181e-15 (tol 3.0e-14)
PASS rel_l2=3.286e-16 rel_max=3.244e-16 (tol 1e-12) L=32 B=8
PASS map-chain m=250: rel_l2=4.046e-14 (anchor 0.000e+00, tol 1.0e-10)
PASS rel_l2=3.286e-16 rel_max=3.244e-16 (tol 1e-12) L=32 B=8
PASS map-2-step: rel_l2=1.495e-15 (tol 3.0e-14)
PASS rel_l2=3.246e-16 rel_max=3.794e-16 (tol 1e-12) L=32 B=8
PASS map-chain m=250: rel_l2=5.269e-14 (anchor 0.000e+00, tol 1.0e-10)
PASS rel_l2=3.246e-16 rel_max=3.794e-16 (tol 1e-12) L=32 B=8
PASS map-2-step: rel_l2=1.571e-15 (tol 3.0e-14)
PASS rel_l2=2.910e-16 rel_max=3.612e-16 (tol 1e-12) L=32 B=8
PASS map-chain m=250: rel_l2=3.148e-14 (anchor 0.000e+00, tol 1.0e-10)
PASS rel_l2=2.910e-16 rel_max=3.612e-16 (tol 1e-12) L=32 B=8
PASS map-2-step: rel_l2=1.352e-15 (tol 3.0e-14)
PASS rel_l2=3.246e-16 rel_max=3.794e-16 (tol 1e-12) L=32 B=8
PASS map-chain m=250: rel_l2=5.269e-14 (anchor 0.000e+00, tol 1.0e-10)
PASS rel_l2=3.246e-16 rel_max=3.794e-16 (tol 1e-12) L=32 B=8
PASS map-2-step: rel_l2=1.571e-15 (tol 3.0e-14)
PASS rel_l2=3.300e-16 rel_max=3.612e-16 (tol 1e-12) L=32 B=8
PASS map-chain m=250: rel_l2=4.499e-14 (anchor 0.000e+00, tol 1.0e-10)
PASS rel_l2=3.300e-16 rel_max=3.612e-16 (tol 1e-12) L=32 B=8
PASS map-2-step: rel_l2=1.471e-15 (tol 3.0e-14)
PASS rel_l2=2.909e-16 rel_max=3.230e-16 (tol 1e-12) L=32 B=8
PASS map-chain m=250: rel_l2=3.545e-14 (anchor 0.000e+00, tol 1.0e-10)
PASS rel_l2=2.909e-16 rel_max=3.230e-16 (tol 1e-12) L=32 B=8
PASS map-2-step: rel_l2=1.345e-15 (tol 3.0e-14)
PASS rel_l2=2.898e-16 rel_max=3.230e-16 (tol 1e-12) L=32 B=8
PASS map-chain m=250: rel_l2=3.889e-14 (anchor 0.000e+00, tol 1.0e-10)
PASS rel_l2=2.898e-16 rel_max=3.230e-16 (tol 1e-12) L=32 B=8
PASS map-2-step: rel_l2=1.325e-15 (tol 3.0e-14)
PASS rel_l2=6.390e-16 rel_max=7.156e-16 (tol 1e-12) L=40 B=8
PASS map-chain m=128: rel_l2=5.931e-14 (anchor 1.850e-14, tol 1.0e-10)
PASS rel_l2=6.390e-16 rel_max=7.156e-16 (tol 1e-12) L=40 B=8
PASS map-2-step: rel_l2=2.537e-15 (tol 3.0e-14)
PASS rel_l2=3.114e-16 rel_max=3.837e-16 (tol 1e-12) L=40 B=8
PASS map-chain m=128: rel_l2=2.010e-14 (anchor 1.850e-14, tol 1.0e-10)
PASS rel_l2=3.114e-16 rel_max=3.837e-16 (tol 1e-12) L=40 B=8
PASS map-2-step: rel_l2=1.569e-15 (tol 3.0e-14)
PASS rel_l2=3.603e-16 rel_max=3.909e-16 (tol 1e-12) L=40 B=8
PASS map-chain m=128: rel_l2=2.747e-14 (anchor 1.850e-14, tol 1.0e-10)
PASS rel_l2=3.603e-16 rel_max=3.909e-16 (tol 1e-12) L=40 B=8
PASS map-2-step: rel_l2=1.752e-15 (tol 3.0e-14)
PASS rel_l2=3.603e-16 rel_max=3.909e-16 (tol 1e-12) L=40 B=8
PASS map-chain m=128: rel_l2=2.747e-14 (anchor 1.850e-14, tol 1.0e-10)
PASS rel_l2=3.603e-16 rel_max=3.909e-16 (tol 1e-12) L=40 B=8
PASS map-2-step: rel_l2=1.752e-15 (tol 3.0e-14)
PASS rel_l2=3.596e-16 rel_max=4.371e-16 (tol 1e-12) L=40 B=8
PASS map-chain m=128: rel_l2=2.656e-14 (anchor 1.850e-14, tol 1.0e-10)
PASS rel_l2=3.596e-16 rel_max=4.371e-16 (tol 1e-12) L=40 B=8
PASS map-2-step: rel_l2=1.746e-15 (tol 3.0e-14)
PASS rel_l2=3.693e-16 rel_max=4.631e-16 (tol 1e-12) L=40 B=8
PASS map-chain m=128: rel_l2=2.460e-14 (anchor 1.850e-14, tol 1.0e-10)
PASS rel_l2=3.693e-16 rel_max=4.631e-16 (tol 1e-12) L=40 B=8
PASS map-2-step: rel_l2=1.807e-15 (tol 3.0e-14)
PASS rel_l2=3.553e-16 rel_max=3.988e-16 (tol 1e-12) L=40 B=8
PASS map-chain m=128: rel_l2=2.701e-14 (anchor 1.850e-14, tol 1.0e-10)
PASS rel_l2=3.553e-16 rel_max=4.457e-16 (tol 1e-12) L=40 B=8
PASS map-2-step: rel_l2=1.699e-15 (tol 3.0e-14)
PASS rel_l2=3.538e-16 rel_max=4.146e-16 (tol 1e-12) L=40 B=8
PASS map-chain m=128: rel_l2=2.333e-14 (anchor 1.850e-14, tol 1.0e-10)
PASS rel_l2=3.550e-16 rel_max=4.029e-16 (tol 1e-12) L=40 B=8
PASS map-2-step: rel_l2=1.720e-15 (tol 3.0e-14)
PASS rel_l2=5.566e-16 rel_max=6.364e-16 (tol 1e-12) L=40 B=8
PASS map-chain m=128: rel_l2=4.023e-14 (anchor 1.850e-14, tol 1.0e-10)
PASS rel_l2=5.566e-16 rel_max=6.364e-16 (tol 1e-12) L=40 B=8
PASS map-2-step: rel_l2=2.740e-15 (tol 3.0e-14)
PASS rel_l2=3.622e-16 rel_max=4.039e-16 (tol 1e-12) L=40 B=8
PASS map-chain m=128: rel_l2=2.580e-14 (anchor 1.850e-14, tol 1.0e-10)
PASS rel_l2=3.622e-16 rel_max=4.039e-16 (tol 1e-12) L=40 B=8
PASS map-2-step: rel_l2=1.833e-15 (tol 3.0e-14)
PASS rel_l2=3.582e-16 rel_max=3.754e-16 (tol 1e-12) L=40 B=8
PASS map-chain m=128: rel_l2=3.320e-14 (anchor 1.850e-14, tol 1.0e-10)
PASS rel_l2=3.582e-16 rel_max=3.754e-16 (tol 1e-12) L=40 B=8
PASS map-2-step: rel_l2=1.776e-15 (tol 3.0e-14)
PASS rel_l2=3.660e-16 rel_max=4.123e-16 (tol 1e-12) L=40 B=8
PASS map-chain m=128: rel_l2=2.832e-14 (anchor 1.850e-14, tol 1.0e-10)
PASS rel_l2=3.660e-16 rel_max=4.123e-16 (tol 1e-12) L=40 B=8
PASS map-2-step: rel_l2=1.812e-15 (tol 3.0e-14)
PASS rel_l2=3.828e-16 rel_max=5.317e-16 (tol 1e-12) L=40 B=8
PASS map-chain m=128: rel_l2=2.629e-14 (anchor 1.850e-14, tol 1.0e-10)
PASS rel_l2=3.828e-16 rel_max=5.317e-16 (tol 1e-12) L=40 B=8
PASS map-2-step: rel_l2=1.903e-15 (tol 3.0e-14)
PASS rel_l2=3.752e-16 rel_max=4.646e-16 (tol 1e-12) L=40 B=8
PASS map-chain m=128: rel_l2=2.592e-14 (anchor 1.850e-14, tol 1.0e-10)
PASS rel_l2=3.752e-16 rel_max=4.646e-16 (tol 1e-12) L=40 B=8
PASS map-2-step: rel_l2=1.804e-15 (tol 3.0e-14)
PASS rel_l2=5.048e-16 rel_max=6.364e-16 (tol 1e-12) L=40 B=8
PASS map-chain m=128: rel_l2=4.753e-14 (anchor 1.850e-14, tol 1.0e-10)
PASS rel_l2=5.048e-16 rel_max=6.364e-16 (tol 1e-12) L=40 B=8
PASS map-2-step: rel_l2=2.252e-15 (tol 3.0e-14)
PASS rel_l2=4.199e-16 rel_max=5.249e-16 (tol 1e-12) L=40 B=8
PASS map-chain m=128: rel_l2=2.714e-14 (anchor 1.850e-14, tol 1.0e-10)
PASS rel_l2=4.199e-16 rel_max=5.249e-16 (tol 1e-12) L=40 B=8
PASS map-2-step: rel_l2=2.077e-15 (tol 3.0e-14)
PASS rel_l2=8.636e-16 rel_max=9.215e-16 (tol 1e-12) L=50 B=4
PASS map-chain m=128: rel_l2=9.985e-14 (anchor 2.508e-14, tol 1.0e-10)
PASS rel_l2=8.636e-16 rel_max=9.215e-16 (tol 1e-12) L=50 B=4
PASS map-2-step: rel_l2=3.785e-15 (tol 3.0e-14)
PASS rel_l2=3.525e-16 rel_max=3.827e-16 (tol 1e-12) L=50 B=4
PASS map-chain m=128: rel_l2=4.098e-14 (anchor 2.508e-14, tol 1.0e-10)
PASS rel_l2=3.525e-16 rel_max=3.827e-16 (tol 1e-12) L=50 B=4
PASS map-2-step: rel_l2=1.873e-15 (tol 3.0e-14)
PASS rel_l2=4.312e-16 rel_max=4.460e-16 (tol 1e-12) L=50 B=4
PASS map-chain m=128: rel_l2=3.195e-14 (anchor 2.508e-14, tol 1.0e-10)
PASS rel_l2=4.312e-16 rel_max=4.460e-16 (tol 1e-12) L=50 B=4
PASS map-2-step: rel_l2=2.157e-15 (tol 3.0e-14)
PASS rel_l2=4.485e-16 rel_max=4.957e-16 (tol 1e-12) L=50 B=4
PASS map-chain m=128: rel_l2=3.376e-14 (anchor 2.508e-14, tol 1.0e-10)
PASS rel_l2=4.485e-16 rel_max=4.957e-16 (tol 1e-12) L=50 B=4
PASS map-2-step: rel_l2=2.127e-15 (tol 3.0e-14)
PASS rel_l2=4.449e-16 rel_max=5.141e-16 (tol 1e-12) L=50 B=4
PASS map-chain m=128: rel_l2=4.515e-14 (anchor 2.508e-14, tol 1.0e-10)
PASS rel_l2=4.316e-16 rel_max=4.746e-16 (tol 1e-12) L=50 B=4
PASS map-2-step: rel_l2=2.097e-15 (tol 3.0e-14)
PASS rel_l2=4.368e-16 rel_max=4.996e-16 (tol 1e-12) L=50 B=4
PASS map-chain m=128: rel_l2=5.496e-14 (anchor 2.508e-14, tol 1.0e-10)
PASS rel_l2=4.368e-16 rel_max=4.710e-16 (tol 1e-12) L=50 B=4
PASS map-2-step: rel_l2=2.170e-15 (tol 3.0e-14)
PASS rel_l2=4.368e-16 rel_max=4.996e-16 (tol 1e-12) L=50 B=4
PASS map-chain m=128: rel_l2=5.496e-14 (anchor 2.508e-14, tol 1.0e-10)
PASS rel_l2=4.368e-16 rel_max=4.996e-16 (tol 1e-12) L=50 B=4
PASS map-2-step: rel_l2=2.176e-15 (tol 3.0e-14)
PASS rel_l2=4.974e-16 rel_max=6.004e-16 (tol 1e-12) L=50 B=4
PASS map-chain m=128: rel_l2=6.674e-14 (anchor 2.508e-14, tol 1.0e-10)
PASS rel_l2=4.974e-16 rel_max=6.004e-16 (tol 1e-12) L=50 B=4
PASS map-2-step: rel_l2=2.316e-15 (tol 3.0e-14)
PASS rel_l2=6.145e-16 rel_max=5.887e-16 (tol 1e-12) L=50 B=4
PASS map-chain m=128: rel_l2=5.660e-14 (anchor 2.508e-14, tol 1.0e-10)
PASS rel_l2=6.145e-16 rel_max=5.887e-16 (tol 1e-12) L=50 B=4
PASS map-2-step: rel_l2=3.122e-15 (tol 3.0e-14)
PASS rel_l2=4.413e-16 rel_max=4.756e-16 (tol 1e-12) L=50 B=4
PASS map-chain m=128: rel_l2=3.838e-14 (anchor 2.508e-14, tol 1.0e-10)
PASS rel_l2=4.413e-16 rel_max=4.756e-16 (tol 1e-12) L=50 B=4
PASS map-2-step: rel_l2=2.244e-15 (tol 3.0e-14)
PASS rel_l2=4.332e-16 rel_max=4.746e-16 (tol 1e-12) L=50 B=4
PASS map-chain m=128: rel_l2=2.784e-14 (anchor 2.508e-14, tol 1.0e-10)
PASS rel_l2=4.332e-16 rel_max=4.746e-16 (tol 1e-12) L=50 B=4
PASS map-2-step: rel_l2=2.054e-15 (tol 3.0e-14)
PASS rel_l2=4.976e-16 rel_max=6.147e-16 (tol 1e-12) L=50 B=4
PASS map-chain m=128: rel_l2=7.859e-14 (anchor 2.508e-14, tol 1.0e-10)
PASS rel_l2=4.976e-16 rel_max=6.147e-16 (tol 1e-12) L=50 B=4
PASS map-2-step: rel_l2=2.300e-15 (tol 3.0e-14)
PASS rel_l2=4.619e-16 rel_max=4.855e-16 (tol 1e-12) L=50 B=4
PASS map-chain m=128: rel_l2=3.205e-14 (anchor 2.508e-14, tol 1.0e-10)
PASS rel_l2=4.619e-16 rel_max=4.855e-16 (tol 1e-12) L=50 B=4
PASS map-2-step: rel_l2=2.198e-15 (tol 3.0e-14)
PASS rel_l2=4.332e-16 rel_max=4.746e-16 (tol 1e-12) L=50 B=4
PASS map-chain m=128: rel_l2=2.784e-14 (anchor 2.508e-14, tol 1.0e-10)
PASS rel_l2=4.332e-16 rel_max=4.746e-16 (tol 1e-12) L=50 B=4
PASS map-2-step: rel_l2=2.054e-15 (tol 3.0e-14)
PASS rel_l2=4.619e-16 rel_max=4.855e-16 (tol 1e-12) L=50 B=4
PASS map-chain m=128: rel_l2=3.205e-14 (anchor 2.508e-14, tol 1.0e-10)
PASS rel_l2=4.619e-16 rel_max=4.855e-16 (tol 1e-12) L=50 B=4
PASS map-2-step: rel_l2=2.198e-15 (tol 3.0e-14)
PASS rel_l2=4.385e-16 rel_max=5.030e-16 (tol 1e-12) L=50 B=4
PASS map-chain m=128: rel_l2=4.652e-14 (anchor 2.508e-14, tol 1.0e-10)
PASS rel_l2=4.385e-16 rel_max=5.030e-16 (tol 1e-12) L=50 B=4
PASS map-2-step: rel_l2=2.184e-15 (tol 3.0e-14)
PASS rel_l2=4.611e-16 rel_max=6.034e-16 (tol 1e-12) L=50 B=4
PASS map-chain m=128: rel_l2=3.547e-14 (anchor 2.508e-14, tol 1.0e-10)
PASS rel_l2=4.611e-16 rel_max=6.034e-16 (tol 1e-12) L=50 B=4
PASS map-2-step: rel_l2=2.196e-15 (tol 3.0e-14)
PASS rel_l2=4.598e-16 rel_max=5.404e-16 (tol 1e-12) L=50 B=4
PASS map-chain m=128: rel_l2=3.422e-14 (anchor 2.508e-14, tol 1.0e-10)
PASS rel_l2=4.598e-16 rel_max=5.404e-16 (tol 1e-12) L=50 B=4
PASS map-2-step: rel_l2=2.241e-15 (tol 3.0e-14)
PASS rel_l2=9.401e-16 rel_max=1.145e-15 (tol 1e-12) L=100 B=1
PASS map-2-step: rel_l2=4.901e-15 (tol 3.0e-14)
PASS rel_l2=3.879e-16 rel_max=5.433e-16 (tol 1e-12) L=100 B=1
PASS map-chain m=64: rel_l2=6.302e-14 (anchor 2.562e-14, tol 1.0e-10)
PASS rel_l2=3.879e-16 rel_max=5.433e-16 (tol 1e-12) L=100 B=1
PASS map-2-step: rel_l2=2.376e-15 (tol 3.0e-14)
PASS rel_l2=4.668e-16 rel_max=5.719e-16 (tol 1e-12) L=100 B=1
PASS map-chain m=64: rel_l2=5.337e-14 (anchor 2.562e-14, tol 1.0e-10)
PASS rel_l2=4.668e-16 rel_max=5.719e-16 (tol 1e-12) L=100 B=1
PASS map-2-step: rel_l2=2.685e-15 (tol 3.0e-14)
PASS rel_l2=4.694e-16 rel_max=5.524e-16 (tol 1e-12) L=100 B=1
PASS map-chain m=64: rel_l2=4.538e-14 (anchor 2.562e-14, tol 1.0e-10)
PASS rel_l2=4.694e-16 rel_max=5.524e-16 (tol 1e-12) L=100 B=1
PASS map-2-step: rel_l2=2.769e-15 (tol 3.0e-14)
PASS rel_l2=4.678e-16 rel_max=5.122e-16 (tol 1e-12) L=100 B=1
PASS map-chain m=64: rel_l2=5.309e-14 (anchor 2.562e-14, tol 1.0e-10)
PASS rel_l2=4.638e-16 rel_max=5.377e-16 (tol 1e-12) L=100 B=1
PASS map-2-step: rel_l2=2.563e-15 (tol 3.0e-14)
PASS rel_l2=4.639e-16 rel_max=5.212e-16 (tol 1e-12) L=100 B=1
PASS map-chain m=64: rel_l2=2.696e-14 (anchor 2.562e-14, tol 1.0e-10)
PASS rel_l2=4.684e-16 rel_max=5.631e-16 (tol 1e-12) L=100 B=1
PASS map-2-step: rel_l2=2.616e-15 (tol 3.0e-14)
PASS rel_l2=5.202e-16 rel_max=6.143e-16 (tol 1e-12) L=100 B=1
PASS map-chain m=64: rel_l2=2.521e-14 (anchor 2.562e-14, tol 1.0e-10)
PASS rel_l2=5.202e-16 rel_max=6.143e-16 (tol 1e-12) L=100 B=1
PASS map-2-step: rel_l2=2.842e-15 (tol 3.0e-14)
PASS rel_l2=6.762e-16 rel_max=9.108e-16 (tol 1e-12) L=100 B=1
PASS map-chain m=64: rel_l2=3.795e-14 (anchor 2.562e-14, tol 1.0e-10)
PASS rel_l2=6.762e-16 rel_max=9.108e-16 (tol 1e-12) L=100 B=1
PASS map-2-step: rel_l2=3.631e-15 (tol 3.0e-14)
PASS rel_l2=4.658e-16 rel_max=5.377e-16 (tol 1e-12) L=100 B=1
PASS map-chain m=64: rel_l2=5.716e-14 (anchor 2.562e-14, tol 1.0e-10)
PASS rel_l2=4.658e-16 rel_max=5.377e-16 (tol 1e-12) L=100 B=1
PASS map-2-step: rel_l2=2.592e-15 (tol 3.0e-14)
PASS rel_l2=4.527e-16 rel_max=5.359e-16 (tol 1e-12) L=100 B=1
PASS map-chain m=64: rel_l2=5.041e-14 (anchor 2.562e-14, tol 1.0e-10)
PASS rel_l2=4.527e-16 rel_max=5.359e-16 (tol 1e-12) L=100 B=1
PASS map-2-step: rel_l2=2.584e-15 (tol 3.0e-14)
PASS rel_l2=5.091e-16 rel_max=7.611e-16 (tol 1e-12) L=100 B=1
PASS map-chain m=64: rel_l2=2.445e-14 (anchor 2.562e-14, tol 1.0e-10)
PASS rel_l2=5.091e-16 rel_max=7.611e-16 (tol 1e-12) L=100 B=1
PASS map-2-step: rel_l2=2.814e-15 (tol 3.0e-14)
PASS rel_l2=4.555e-16 rel_max=5.805e-16 (tol 1e-12) L=100 B=1
PASS map-chain m=64: rel_l2=6.229e-14 (anchor 2.562e-14, tol 1.0e-10)
PASS rel_l2=4.555e-16 rel_max=5.805e-16 (tol 1e-12) L=100 B=1
PASS map-2-step: rel_l2=2.530e-15 (tol 3.0e-14)
PASS rel_l2=4.527e-16 rel_max=5.359e-16 (tol 1e-12) L=100 B=1
PASS map-chain m=64: rel_l2=4.354e-14 (anchor 2.562e-14, tol 1.0e-10)
PASS rel_l2=4.527e-16 rel_max=5.359e-16 (tol 1e-12) L=100 B=1
PASS map-2-step: rel_l2=2.864e-15 (tol 3.0e-14)
PASS rel_l2=5.202e-16 rel_max=6.143e-16 (tol 1e-12) L=100 B=1
PASS map-chain m=64: rel_l2=4.354e-14 (anchor 2.562e-14, tol 1.0e-10)
PASS rel_l2=5.202e-16 rel_max=6.143e-16 (tol 1e-12) L=100 B=1
PASS map-2-step: rel_l2=2.864e-15 (tol 3.0e-14)
PASS rel_l2=4.617e-16 rel_max=5.582e-16 (tol 1e-12) L=100 B=1
PASS map-chain m=64: rel_l2=3.676e-14 (anchor 2.562e-14, tol 1.0e-10)
PASS rel_l2=4.617e-16 rel_max=5.582e-16 (tol 1e-12) L=100 B=1
PASS map-2-step: rel_l2=2.628e-15 (tol 3.0e-14)
PASS rel_l2=5.090e-16 rel_max=5.984e-16 (tol 1e-12) L=100 B=1
PASS map-chain m=64: rel_l2=3.500e-14 (anchor 2.562e-14, tol 1.0e-10)
PASS rel_l2=5.090e-16 rel_max=5.984e-16 (tol 1e-12) L=100 B=1
PASS map-2-step: rel_l2=2.953e-15 (tol 3.0e-14)
PASS rel_l2=5.102e-16 rel_max=5.461e-16 (tol 1e-12) L=100 B=1
PASS map-chain m=64: rel_l2=4.312e-14 (anchor 2.562e-14, tol 1.0e-10)
PASS rel_l2=5.102e-16 rel_max=5.461e-16 (tol 1e-12) L=100 B=1
PASS map-2-step: rel_l2=3.058e-15 (tol 3.0e-14)
