baseline_matrix          L=10  B=64    m=1000  inner=1      min=    54.695 us/xform  median=    54.698  sd=  0.00%      0.91 GF/s  setup=0.000 s
baseline_matrix          L=10  B=64    m=1000  inner=1      min=    54.687 us/xform  median=    54.687  sd=  0.00%      0.91 GF/s  setup=0.000 s
baseline_matrix          L=10  B=64    m=1000  inner=1      min=    54.741 us/xform  median=    54.742  sd=  0.00%      0.91 GF/s  setup=0.000 s
baseline_matrix          L=10  B=64    m=2     inner=1      min=    66.482 us/xform  median=    66.482  sd=  0.00%      0.75 GF/s  setup=0.000 s
ducc0_c2c                L=10  B=64    m=1000  inner=1      min=     9.817 us/xform  median=     9.821  sd=  0.04%      5.08 GF/s  setup=0.000 s
ducc0_c2c                L=10  B=64    m=1000  inner=1      min=     9.753 us/xform  median=     9.757  sd=  0.05%      5.11 GF/s  setup=0.000 s
ducc0_c2c                L=10  B=64    m=1000  inner=1      min=     9.862 us/xform  median=     9.865  sd=  0.04%      5.05 GF/s  setup=0.000 s
ducc0_c2c                L=10  B=64    m=2     inner=1      min=    12.297 us/xform  median=    12.297  sd=  0.00%      4.05 GF/s  setup=0.000 s
fftw3_estimate           L=10  B=64    m=1000  inner=1      min=     7.314 us/xform  median=     7.315  sd=  0.01%      6.81 GF/s  setup=0.001 s
fftw3_estimate           L=10  B=64    m=1000  inner=1      min=     7.313 us/xform  median=     7.315  sd=  0.01%      6.81 GF/s  setup=0.001 s
fftw3_estimate           L=10  B=64    m=1000  inner=1      min=     7.335 us/xform  median=     7.336  sd=  0.01%      6.79 GF/s  setup=0.001 s
fftw3_estimate           L=10  B=64    m=2     inner=1      min=     8.792 us/xform  median=     8.792  sd=  0.00%      5.67 GF/s  setup=0.001 s
fftw3_measure            L=10  B=64    m=1000  inner=1      min=     5.249 us/xform  median=     5.249  sd=  0.01%      9.49 GF/s  setup=0.013 s
fftw3_measure            L=10  B=64    m=1000  inner=1      min=     5.203 us/xform  median=     5.203  sd=  0.01%      9.58 GF/s  setup=0.013 s
fftw3_measure            L=10  B=64    m=1000  inner=1      min=     5.142 us/xform  median=     5.149  sd=  0.15%      9.69 GF/s  setup=0.013 s
fftw3_measure            L=10  B=64    m=2     inner=2      min=     5.711 us/xform  median=     5.711  sd=  0.00%      8.72 GF/s  setup=0.013 s
fftw3_patient            L=10  B=64    m=1000  inner=1      min=     5.012 us/xform  median=     5.017  sd=  0.09%      9.94 GF/s  setup=0.022 s
fftw3_patient            L=10  B=64    m=1000  inner=1      min=     5.239 us/xform  median=     5.240  sd=  0.01%      9.51 GF/s  setup=0.022 s
fftw3_patient            L=10  B=64    m=1000  inner=1      min=     5.409 us/xform  median=     5.410  sd=  0.03%      9.21 GF/s  setup=0.022 s
fftw3_patient            L=10  B=64    m=2     inner=2      min=     6.393 us/xform  median=     6.393  sd=  0.00%      7.79 GF/s  setup=0.022 s
gen_batchlane            L=10  B=64    m=1000  inner=1      min=     1.162 us/xform  median=     1.162  sd=  0.02%     42.89 GF/s  setup=0.000 s
gen_batchlane            L=10  B=64    m=1000  inner=1      min=     1.162 us/xform  median=     1.162  sd=  0.04%     42.90 GF/s  setup=0.000 s
gen_batchlane            L=10  B=64    m=1000  inner=1      min=     1.163 us/xform  median=     1.163  sd=  0.03%     42.86 GF/s  setup=0.000 s
gen_batchlane            L=10  B=64    m=2     inner=6      min=     2.249 us/xform  median=     2.249  sd=  0.00%     22.16 GF/s  setup=0.000 s
gen_bluestein            L=10  B=64    m=1000  inner=1      min=    15.806 us/xform  median=    15.808  sd=  0.00%      3.15 GF/s  setup=0.000 s
gen_bluestein            L=10  B=64    m=1000  inner=1      min=    15.789 us/xform  median=    15.789  sd=  0.00%      3.16 GF/s  setup=0.000 s
gen_bluestein            L=10  B=64    m=1000  inner=1      min=    15.730 us/xform  median=    15.732  sd=  0.01%      3.17 GF/s  setup=0.000 s
gen_bluestein            L=10  B=64    m=2     inner=1      min=    18.446 us/xform  median=    18.446  sd=  0.00%      2.70 GF/s  setup=0.000 s
gen_dense_prime          L=10  B=64    m=1000  inner=1      min=     8.296 us/xform  median=     8.300  sd=  0.03%      6.01 GF/s  setup=0.000 s
gen_dense_prime          L=10  B=64    m=1000  inner=1      min=     8.332 us/xform  median=     8.336  sd=  0.02%      5.98 GF/s  setup=0.000 s
gen_dense_prime          L=10  B=64    m=1000  inner=1      min=     8.513 us/xform  median=     8.516  sd=  0.02%      5.85 GF/s  setup=0.000 s
gen_dense_prime          L=10  B=64    m=2     inner=1      min=     9.963 us/xform  median=     9.963  sd=  0.00%      5.00 GF/s  setup=0.000 s
gen_layout               L=10  B=64    m=1000  inner=1      min=     5.336 us/xform  median=     5.337  sd=  0.01%      9.34 GF/s  setup=0.000 s
gen_layout               L=10  B=64    m=1000  inner=1      min=     5.307 us/xform  median=     5.309  sd=  0.01%      9.39 GF/s  setup=0.000 s
gen_layout               L=10  B=64    m=1000  inner=1      min=     5.391 us/xform  median=     5.392  sd=  0.01%      9.24 GF/s  setup=0.000 s
gen_layout               L=10  B=64    m=2     inner=2      min=     6.360 us/xform  median=     6.360  sd=  0.00%      7.83 GF/s  setup=0.000 s
gen_pfa_small            L=10  B=64    m=1000  inner=1      min=     1.164 us/xform  median=     1.165  sd=  6.40%     42.81 GF/s  setup=0.000 s
gen_pfa_small            L=10  B=64    m=1000  inner=1      min=     1.162 us/xform  median=     1.164  sd=  0.36%     42.88 GF/s  setup=0.000 s
gen_pfa_small            L=10  B=64    m=1000  inner=1      min=     1.162 us/xform  median=     1.163  sd=  0.03%     42.88 GF/s  setup=0.000 s
gen_pfa_small            L=10  B=64    m=2     inner=6      min=     2.243 us/xform  median=     2.243  sd=  0.00%     22.21 GF/s  setup=0.000 s
gen_planner              L=10  B=64    m=1000  inner=1      min=     6.261 us/xform  median=     6.284  sd=  0.21%      7.96 GF/s  setup=0.000 s
gen_planner              L=10  B=64    m=1000  inner=1      min=     6.230 us/xform  median=     6.269  sd=  0.24%      8.00 GF/s  setup=0.000 s
gen_planner              L=10  B=64    m=1000  inner=1      min=     6.252 us/xform  median=     6.271  sd=  0.23%      7.97 GF/s  setup=0.000 s
gen_planner              L=10  B=64    m=2     inner=2      min=     7.894 us/xform  median=     7.894  sd=  0.00%      6.31 GF/s  setup=0.000 s
gen_race                 L=10  B=64    m=1000  inner=1      min=     6.310 us/xform  median=     6.341  sd=  0.25%      7.90 GF/s  setup=0.002 s
gen_race                 L=10  B=64    m=1000  inner=1      min=     6.308 us/xform  median=     6.341  sd=  0.25%      7.90 GF/s  setup=0.004 s
gen_race                 L=10  B=64    m=1000  inner=1      min=     6.302 us/xform  median=     6.332  sd=  0.22%      7.91 GF/s  setup=0.005 s
gen_race                 L=10  B=64    m=2     inner=2      min=     7.855 us/xform  median=     7.855  sd=  0.00%      6.34 GF/s  setup=0.003 s
gen_twiddle              L=10  B=64    m=1000  inner=1      min=    13.238 us/xform  median=    13.242  sd=  0.02%      3.76 GF/s  setup=0.002 s
gen_twiddle              L=10  B=64    m=1000  inner=1      min=    13.166 us/xform  median=    13.169  sd=  0.01%      3.78 GF/s  setup=0.002 s
gen_twiddle              L=10  B=64    m=1000  inner=1      min=    12.937 us/xform  median=    12.939  sd=  0.02%      3.85 GF/s  setup=0.003 s
gen_twiddle              L=10  B=64    m=2     inner=1      min=    15.278 us/xform  median=    15.278  sd=  0.00%      3.26 GF/s  setup=0.002 s
mkl2026_dfti             L=10  B=64    m=1000  inner=1      min=     4.624 us/xform  median=     4.624  sd=  0.02%     10.78 GF/s  setup=0.002 s
mkl2026_dfti             L=10  B=64    m=1000  inner=1      min=     4.744 us/xform  median=     4.746  sd=  0.01%     10.50 GF/s  setup=0.002 s
mkl2026_dfti             L=10  B=64    m=1000  inner=1      min=     4.738 us/xform  median=     4.739  sd=  0.01%     10.52 GF/s  setup=0.001 s
mkl2026_dfti             L=10  B=64    m=2     inner=2      min=     5.546 us/xform  median=     5.546  sd=  0.00%      8.98 GF/s  setup=0.001 s
mkl_dfti                 L=10  B=64    m=1000  inner=1      min=     4.567 us/xform  median=     4.568  sd=  0.02%     10.91 GF/s  setup=0.002 s
mkl_dfti                 L=10  B=64    m=1000  inner=1      min=     4.560 us/xform  median=     4.560  sd=  0.02%     10.93 GF/s  setup=0.001 s
mkl_dfti                 L=10  B=64    m=1000  inner=1      min=     4.572 us/xform  median=     4.572  sd=  0.02%     10.90 GF/s  setup=0.001 s
mkl_dfti                 L=10  B=64    m=2     inner=2      min=     5.660 us/xform  median=     5.660  sd=  0.00%      8.80 GF/s  setup=0.002 s
baseline_matrix          L=12  B=64    m=600   inner=1      min=   112.102 us/xform  median=   112.105  sd=  0.00%      0.83 GF/s  setup=0.000 s
baseline_matrix          L=12  B=64    m=600   inner=1      min=   112.124 us/xform  median=   112.128  sd=  0.00%      0.83 GF/s  setup=0.000 s
baseline_matrix          L=12  B=64    m=600   inner=1      min=   112.118 us/xform  median=   112.122  sd=  0.00%      0.83 GF/s  setup=0.000 s
baseline_matrix          L=12  B=64    m=2     inner=1      min=   138.185 us/xform  median=   138.185  sd=  0.00%      0.67 GF/s  setup=0.000 s
ducc0_c2c                L=12  B=64    m=600   inner=1      min=    16.329 us/xform  median=    16.359  sd=  0.09%      5.69 GF/s  setup=0.000 s
ducc0_c2c                L=12  B=64    m=600   inner=1      min=    16.118 us/xform  median=    16.129  sd=  0.05%      5.77 GF/s  setup=0.000 s
ducc0_c2c                L=12  B=64    m=600   inner=1      min=    15.998 us/xform  median=    16.014  sd=  0.06%      5.81 GF/s  setup=0.000 s
ducc0_c2c                L=12  B=64    m=2     inner=1      min=    19.154 us/xform  median=    19.154  sd=  0.00%      4.85 GF/s  setup=0.000 s
fftw3_estimate           L=12  B=64    m=600   inner=1      min=    19.301 us/xform  median=    19.302  sd=  0.00%      4.81 GF/s  setup=0.001 s
fftw3_estimate           L=12  B=64    m=600   inner=1      min=    19.335 us/xform  median=    19.336  sd=  0.00%      4.81 GF/s  setup=0.001 s
fftw3_estimate           L=12  B=64    m=600   inner=1      min=    19.331 us/xform  median=    19.332  sd=  0.00%      4.81 GF/s  setup=0.001 s
fftw3_estimate           L=12  B=64    m=2     inner=1      min=    23.790 us/xform  median=    23.790  sd=  0.00%      3.91 GF/s  setup=0.001 s
fftw3_measure            L=12  B=64    m=600   inner=1      min=     8.852 us/xform  median=     8.853  sd=  0.01%     10.50 GF/s  setup=0.014 s
fftw3_measure            L=12  B=64    m=600   inner=1      min=     8.846 us/xform  median=     8.846  sd=  0.01%     10.50 GF/s  setup=0.014 s
fftw3_measure            L=12  B=64    m=600   inner=1      min=     8.855 us/xform  median=     8.856  sd=  0.00%     10.49 GF/s  setup=0.014 s
fftw3_measure            L=12  B=64    m=2     inner=1      min=    12.000 us/xform  median=    12.000  sd=  0.00%      7.74 GF/s  setup=0.014 s
fftw3_patient            L=12  B=64    m=600   inner=1      min=     8.946 us/xform  median=     8.947  sd=  0.01%     10.39 GF/s  setup=0.023 s
fftw3_patient            L=12  B=64    m=600   inner=1      min=     8.903 us/xform  median=     8.904  sd=  0.01%     10.44 GF/s  setup=0.024 s
fftw3_patient            L=12  B=64    m=600   inner=1      min=     8.994 us/xform  median=     8.995  sd=  0.01%     10.33 GF/s  setup=0.022 s
fftw3_patient            L=12  B=64    m=2     inner=1      min=    12.378 us/xform  median=    12.378  sd=  0.00%      7.51 GF/s  setup=0.023 s
gen_batchlane            L=12  B=64    m=600   inner=1      min=     1.938 us/xform  median=     1.942  sd=  6.47%     47.94 GF/s  setup=0.000 s
gen_batchlane            L=12  B=64    m=600   inner=1      min=     1.933 us/xform  median=     1.934  sd=  0.04%     48.08 GF/s  setup=0.000 s
gen_batchlane            L=12  B=64    m=600   inner=1      min=     2.202 us/xform  median=     2.205  sd=  0.06%     42.20 GF/s  setup=0.000 s
gen_batchlane            L=12  B=64    m=2     inner=4      min=     3.652 us/xform  median=     3.652  sd=  0.00%     25.44 GF/s  setup=0.000 s
gen_bluestein            L=12  B=64    m=600   inner=1      min=    23.636 us/xform  median=    23.639  sd=  0.01%      3.93 GF/s  setup=0.000 s
gen_bluestein            L=12  B=64    m=600   inner=1      min=    23.666 us/xform  median=    23.667  sd=  0.00%      3.93 GF/s  setup=0.000 s
gen_bluestein            L=12  B=64    m=600   inner=1      min=    23.697 us/xform  median=    23.698  sd=  0.00%      3.92 GF/s  setup=0.000 s
gen_bluestein            L=12  B=64    m=2     inner=1      min=    27.317 us/xform  median=    27.317  sd=  0.00%      3.40 GF/s  setup=0.000 s
gen_dense_prime          L=12  B=64    m=600   inner=1      min=    14.290 us/xform  median=    14.312  sd=  0.06%      6.50 GF/s  setup=0.000 s
gen_dense_prime          L=12  B=64    m=600   inner=1      min=    14.322 us/xform  median=    14.334  sd=  0.04%      6.49 GF/s  setup=0.000 s
gen_dense_prime          L=12  B=64    m=600   inner=1      min=    14.464 us/xform  median=    14.482  sd=  0.06%      6.42 GF/s  setup=0.000 s
gen_dense_prime          L=12  B=64    m=2     inner=1      min=    16.419 us/xform  median=    16.419  sd=  0.00%      5.66 GF/s  setup=0.000 s
gen_layout               L=12  B=64    m=600   inner=1      min=     8.650 us/xform  median=     8.651  sd=  0.01%     10.74 GF/s  setup=0.000 s
gen_layout               L=12  B=64    m=600   inner=1      min=     8.640 us/xform  median=     8.640  sd=  0.01%     10.76 GF/s  setup=0.000 s
gen_layout               L=12  B=64    m=600   inner=1      min=     8.544 us/xform  median=     8.545  sd=  0.01%     10.88 GF/s  setup=0.000 s
gen_layout               L=12  B=64    m=2     inner=1      min=    10.399 us/xform  median=    10.399  sd=  0.00%      8.94 GF/s  setup=0.000 s
gen_pfa_small            L=12  B=64    m=600   inner=1      min=     1.980 us/xform  median=     1.982  sd=  6.43%     46.94 GF/s  setup=0.000 s
gen_pfa_small            L=12  B=64    m=600   inner=1      min=     2.252 us/xform  median=     2.256  sd=  0.10%     41.25 GF/s  setup=0.000 s
gen_pfa_small            L=12  B=64    m=600   inner=1      min=     1.979 us/xform  median=     1.981  sd=  0.04%     46.95 GF/s  setup=0.001 s
gen_pfa_small            L=12  B=64    m=2     inner=4      min=     3.634 us/xform  median=     3.634  sd=  0.00%     25.57 GF/s  setup=0.000 s
gen_planner              L=12  B=64    m=600   inner=1      min=    10.615 us/xform  median=    10.658  sd=  0.18%      8.75 GF/s  setup=0.000 s
gen_planner              L=12  B=64    m=600   inner=1      min=    10.579 us/xform  median=    10.654  sd=  0.32%      8.78 GF/s  setup=0.000 s
gen_planner              L=12  B=64    m=600   inner=1      min=    10.615 us/xform  median=    10.659  sd=  0.33%      8.75 GF/s  setup=0.001 s
gen_planner              L=12  B=64    m=2     inner=1      min=    11.360 us/xform  median=    11.360  sd=  0.00%      8.18 GF/s  setup=0.000 s
gen_race                 L=12  B=64    m=600   inner=1      min=    10.592 us/xform  median=    10.642  sd=  0.18%      8.77 GF/s  setup=0.002 s
gen_race                 L=12  B=64    m=600   inner=1      min=    10.477 us/xform  median=    10.518  sd=  0.25%      8.87 GF/s  setup=0.002 s
gen_race                 L=12  B=64    m=600   inner=1      min=    10.460 us/xform  median=    10.522  sd=  0.27%      8.88 GF/s  setup=0.004 s
gen_race                 L=12  B=64    m=2     inner=1      min=    12.342 us/xform  median=    12.342  sd=  0.00%      7.53 GF/s  setup=0.002 s
gen_twiddle              L=12  B=64    m=600   inner=1      min=    19.643 us/xform  median=    19.653  sd=  0.02%      4.73 GF/s  setup=0.002 s
gen_twiddle              L=12  B=64    m=600   inner=1      min=    19.507 us/xform  median=    19.513  sd=  0.02%      4.76 GF/s  setup=0.003 s
gen_twiddle              L=12  B=64    m=600   inner=1      min=    19.865 us/xform  median=    19.881  sd=  0.10%      4.68 GF/s  setup=0.002 s
gen_twiddle              L=12  B=64    m=2     inner=1      min=    24.107 us/xform  median=    24.107  sd=  0.00%      3.85 GF/s  setup=0.002 s
mkl2026_dfti             L=12  B=64    m=600   inner=1      min=     7.948 us/xform  median=     7.949  sd=  0.01%     11.69 GF/s  setup=0.002 s
mkl2026_dfti             L=12  B=64    m=600   inner=1      min=     7.765 us/xform  median=     7.765  sd=  0.01%     11.97 GF/s  setup=0.002 s
mkl2026_dfti             L=12  B=64    m=600   inner=1      min=     7.933 us/xform  median=     7.934  sd=  0.01%     11.71 GF/s  setup=0.002 s
mkl2026_dfti             L=12  B=64    m=2     inner=1      min=    11.041 us/xform  median=    11.041  sd=  0.00%      8.42 GF/s  setup=0.002 s
mkl_dfti                 L=12  B=64    m=600   inner=1      min=     7.737 us/xform  median=     7.738  sd=  0.01%     12.01 GF/s  setup=0.002 s
mkl_dfti                 L=12  B=64    m=600   inner=1      min=     7.732 us/xform  median=     7.732  sd=  0.00%     12.02 GF/s  setup=0.001 s
mkl_dfti                 L=12  B=64    m=600   inner=1      min=     7.733 us/xform  median=     7.733  sd=  0.01%     12.02 GF/s  setup=0.001 s
mkl_dfti                 L=12  B=64    m=2     inner=1      min=    10.231 us/xform  median=    10.231  sd=  0.00%      9.08 GF/s  setup=0.001 s
baseline_matrix          L=15  B=32    m=600   inner=1      min=   272.513 us/xform  median=   272.592  sd=  0.01%      0.73 GF/s  setup=0.000 s
baseline_matrix          L=15  B=32    m=600   inner=1      min=   272.412 us/xform  median=   272.423  sd=  0.00%      0.73 GF/s  setup=0.000 s
baseline_matrix          L=15  B=32    m=600   inner=1      min=   272.412 us/xform  median=   272.417  sd=  0.00%      0.73 GF/s  setup=0.000 s
baseline_matrix          L=15  B=32    m=2     inner=1      min=   333.423 us/xform  median=   333.423  sd=  0.00%      0.59 GF/s  setup=0.000 s
ducc0_c2c                L=15  B=32    m=600   inner=1      min=    33.640 us/xform  median=    33.673  sd=  0.07%      5.88 GF/s  setup=0.000 s
ducc0_c2c                L=15  B=32    m=600   inner=1      min=    33.024 us/xform  median=    33.057  sd=  0.05%      5.99 GF/s  setup=0.000 s
ducc0_c2c                L=15  B=32    m=600   inner=1      min=    33.272 us/xform  median=    33.289  sd=  0.06%      5.94 GF/s  setup=0.000 s
ducc0_c2c                L=15  B=32    m=2     inner=1      min=    41.443 us/xform  median=    41.443  sd=  0.00%      4.77 GF/s  setup=0.000 s
fftw3_estimate           L=15  B=32    m=600   inner=1      min=    20.860 us/xform  median=    20.875  sd=  0.07%      9.48 GF/s  setup=0.001 s
fftw3_estimate           L=15  B=32    m=600   inner=1      min=    20.812 us/xform  median=    20.820  sd=  0.03%      9.50 GF/s  setup=0.001 s
fftw3_estimate           L=15  B=32    m=600   inner=1      min=    20.693 us/xform  median=    20.698  sd=  0.02%      9.56 GF/s  setup=0.001 s
fftw3_estimate           L=15  B=32    m=2     inner=1      min=    28.787 us/xform  median=    28.787  sd=  0.00%      6.87 GF/s  setup=0.001 s
fftw3_measure            L=15  B=32    m=600   inner=1      min=    20.141 us/xform  median=    20.143  sd=  0.01%      9.82 GF/s  setup=0.010 s
fftw3_measure            L=15  B=32    m=600   inner=1      min=    19.541 us/xform  median=    19.543  sd=  0.02%     10.12 GF/s  setup=0.012 s
fftw3_measure            L=15  B=32    m=600   inner=1      min=    19.651 us/xform  median=    19.652  sd=  0.01%     10.07 GF/s  setup=0.010 s
fftw3_measure            L=15  B=32    m=2     inner=1      min=    26.166 us/xform  median=    26.166  sd=  0.00%      7.56 GF/s  setup=0.011 s
fftw3_patient            L=15  B=32    m=600   inner=1      min=    19.864 us/xform  median=    19.866  sd=  0.01%      9.96 GF/s  setup=0.019 s
fftw3_patient            L=15  B=32    m=600   inner=1      min=    19.688 us/xform  median=    19.690  sd=  0.01%     10.05 GF/s  setup=0.021 s
fftw3_patient            L=15  B=32    m=600   inner=1      min=    19.949 us/xform  median=    19.952  sd=  0.01%      9.91 GF/s  setup=0.020 s
fftw3_patient            L=15  B=32    m=2     inner=1      min=    26.772 us/xform  median=    26.772  sd=  0.00%      7.39 GF/s  setup=0.020 s
gen_batchlane            L=15  B=32    m=600   inner=1      min=     4.495 us/xform  median=     4.506  sd=  6.75%     44.00 GF/s  setup=0.000 s
gen_batchlane            L=15  B=32    m=600   inner=1      min=     4.478 us/xform  median=     4.482  sd=  0.04%     44.17 GF/s  setup=0.000 s
gen_batchlane            L=15  B=32    m=600   inner=1      min=     4.498 us/xform  median=     4.502  sd=  0.03%     43.97 GF/s  setup=0.000 s
gen_batchlane            L=15  B=32    m=2     inner=2      min=     9.565 us/xform  median=     9.565  sd=  0.00%     20.68 GF/s  setup=0.000 s
gen_bluestein            L=15  B=32    m=600   inner=1      min=    43.211 us/xform  median=    43.233  sd=  0.02%      4.58 GF/s  setup=0.000 s
gen_bluestein            L=15  B=32    m=600   inner=1      min=    43.140 us/xform  median=    43.167  sd=  0.03%      4.58 GF/s  setup=0.000 s
gen_bluestein            L=15  B=32    m=600   inner=1      min=    43.391 us/xform  median=    43.415  sd=  0.02%      4.56 GF/s  setup=0.000 s
gen_bluestein            L=15  B=32    m=2     inner=1      min=    52.667 us/xform  median=    52.667  sd=  0.00%      3.76 GF/s  setup=0.000 s
gen_dense_prime          L=15  B=32    m=600   inner=1      min=    30.631 us/xform  median=    30.635  sd=  0.01%      6.46 GF/s  setup=0.000 s
gen_dense_prime          L=15  B=32    m=600   inner=1      min=    30.189 us/xform  median=    30.194  sd=  0.01%      6.55 GF/s  setup=0.000 s
gen_dense_prime          L=15  B=32    m=600   inner=1      min=    33.410 us/xform  median=    33.413  sd=  0.01%      5.92 GF/s  setup=0.000 s
gen_dense_prime          L=15  B=32    m=2     inner=1      min=    37.138 us/xform  median=    37.138  sd=  0.00%      5.33 GF/s  setup=0.000 s
gen_layout               L=15  B=32    m=600   inner=1      min=    18.830 us/xform  median=    18.834  sd=  0.01%     10.50 GF/s  setup=0.000 s
gen_layout               L=15  B=32    m=600   inner=1      min=    19.755 us/xform  median=    19.758  sd=  0.01%     10.01 GF/s  setup=0.000 s
gen_layout               L=15  B=32    m=600   inner=1      min=    18.910 us/xform  median=    18.914  sd=  0.01%     10.46 GF/s  setup=0.000 s
gen_layout               L=15  B=32    m=2     inner=1      min=    21.999 us/xform  median=    21.999  sd=  0.00%      8.99 GF/s  setup=0.000 s
gen_pfa_small            L=15  B=32    m=600   inner=1      min=     4.466 us/xform  median=     4.475  sd=  6.62%     44.29 GF/s  setup=0.000 s
gen_pfa_small            L=15  B=32    m=600   inner=1      min=     4.468 us/xform  median=     5.094  sd=  5.74%     44.27 GF/s  setup=0.000 s
gen_pfa_small            L=15  B=32    m=600   inner=1      min=     4.466 us/xform  median=     4.468  sd=  0.04%     44.29 GF/s  setup=0.000 s
gen_pfa_small            L=15  B=32    m=2     inner=2      min=     9.777 us/xform  median=     9.777  sd=  0.00%     20.23 GF/s  setup=0.000 s
gen_planner              L=15  B=32    m=600   inner=1      min=    21.707 us/xform  median=    21.801  sd=  0.25%      9.11 GF/s  setup=0.001 s
gen_planner              L=15  B=32    m=600   inner=1      min=    21.723 us/xform  median=    21.791  sd=  0.20%      9.11 GF/s  setup=0.001 s
gen_planner              L=15  B=32    m=600   inner=1      min=    21.723 us/xform  median=    21.766  sd=  0.16%      9.11 GF/s  setup=0.001 s
gen_planner              L=15  B=32    m=2     inner=1      min=    28.171 us/xform  median=    28.171  sd=  0.00%      7.02 GF/s  setup=0.001 s
gen_race                 L=15  B=32    m=600   inner=1      min=    21.450 us/xform  median=    21.590  sd=  0.29%      9.22 GF/s  setup=0.004 s
gen_race                 L=15  B=32    m=600   inner=1      min=    21.425 us/xform  median=    21.592  sd=  0.31%      9.23 GF/s  setup=0.004 s
gen_race                 L=15  B=32    m=600   inner=1      min=    21.610 us/xform  median=    21.683  sd=  0.21%      9.15 GF/s  setup=0.003 s
gen_race                 L=15  B=32    m=2     inner=1      min=    25.626 us/xform  median=    25.626  sd=  0.00%      7.72 GF/s  setup=0.002 s
gen_twiddle              L=15  B=32    m=600   inner=1      min=    39.116 us/xform  median=    39.122  sd=  0.01%      5.06 GF/s  setup=0.002 s
gen_twiddle              L=15  B=32    m=600   inner=1      min=    39.544 us/xform  median=    39.551  sd=  0.01%      5.00 GF/s  setup=0.002 s
gen_twiddle              L=15  B=32    m=600   inner=1      min=    39.480 us/xform  median=    39.492  sd=  0.01%      5.01 GF/s  setup=0.002 s
gen_twiddle              L=15  B=32    m=2     inner=1      min=    41.644 us/xform  median=    41.644  sd=  0.00%      4.75 GF/s  setup=0.002 s
mkl2026_dfti             L=15  B=32    m=600   inner=1      min=    16.906 us/xform  median=    16.908  sd=  0.01%     11.70 GF/s  setup=0.003 s
mkl2026_dfti             L=15  B=32    m=600   inner=1      min=    16.897 us/xform  median=    16.898  sd=  0.01%     11.71 GF/s  setup=0.001 s
mkl2026_dfti             L=15  B=32    m=600   inner=1      min=    16.668 us/xform  median=    16.669  sd=  0.00%     11.87 GF/s  setup=0.002 s
mkl2026_dfti             L=15  B=32    m=2     inner=1      min=    21.793 us/xform  median=    21.793  sd=  0.00%      9.08 GF/s  setup=0.001 s
mkl_dfti                 L=15  B=32    m=600   inner=1      min=    16.486 us/xform  median=    16.487  sd=  0.01%     12.00 GF/s  setup=0.002 s
mkl_dfti                 L=15  B=32    m=600   inner=1      min=    16.457 us/xform  median=    16.459  sd=  0.01%     12.02 GF/s  setup=0.002 s
mkl_dfti                 L=15  B=32    m=600   inner=1      min=    16.486 us/xform  median=    16.488  sd=  0.01%     12.00 GF/s  setup=0.002 s
mkl_dfti                 L=15  B=32    m=2     inner=1      min=    21.672 us/xform  median=    21.672  sd=  0.00%      9.13 GF/s  setup=0.001 s
baseline_matrix          L=20  B=32    m=256   inner=1      min=   850.314 us/xform  median=   850.339  sd=  0.00%      0.61 GF/s  setup=0.000 s
baseline_matrix          L=20  B=32    m=256   inner=1      min=   850.581 us/xform  median=   850.604  sd=  0.00%      0.61 GF/s  setup=0.000 s
baseline_matrix          L=20  B=32    m=256   inner=1      min=   850.536 us/xform  median=   850.548  sd=  0.00%      0.61 GF/s  setup=0.000 s
baseline_matrix          L=20  B=32    m=2     inner=1      min=   858.439 us/xform  median=   858.439  sd=  0.00%      0.60 GF/s  setup=0.000 s
ducc0_c2c                L=20  B=32    m=256   inner=1      min=    73.675 us/xform  median=    73.787  sd=  0.15%      7.04 GF/s  setup=0.000 s
ducc0_c2c                L=20  B=32    m=256   inner=1      min=    73.318 us/xform  median=    73.405  sd=  0.13%      7.07 GF/s  setup=0.000 s
ducc0_c2c                L=20  B=32    m=256   inner=1      min=    73.167 us/xform  median=    73.291  sd=  0.14%      7.09 GF/s  setup=0.000 s
ducc0_c2c                L=20  B=32    m=2     inner=1      min=    93.036 us/xform  median=    93.036  sd=  0.00%      5.57 GF/s  setup=0.000 s
fftw3_estimate           L=20  B=32    m=256   inner=1      min=    91.953 us/xform  median=    92.059  sd=  0.06%      5.64 GF/s  setup=0.001 s
fftw3_estimate           L=20  B=32    m=256   inner=1      min=    92.186 us/xform  median=    92.293  sd=  0.07%      5.63 GF/s  setup=0.001 s
fftw3_estimate           L=20  B=32    m=256   inner=1      min=    92.337 us/xform  median=    92.403  sd=  0.04%      5.62 GF/s  setup=0.001 s
fftw3_estimate           L=20  B=32    m=2     inner=1      min=   112.032 us/xform  median=   112.032  sd=  0.00%      4.63 GF/s  setup=0.001 s
fftw3_measure            L=20  B=32    m=256   inner=1      min=    45.630 us/xform  median=    45.643  sd=  0.02%     11.37 GF/s  setup=0.082 s
fftw3_measure            L=20  B=32    m=256   inner=1      min=    45.490 us/xform  median=    45.497  sd=  0.02%     11.40 GF/s  setup=0.082 s
fftw3_measure            L=20  B=32    m=256   inner=1      min=    45.260 us/xform  median=    45.265  sd=  0.02%     11.46 GF/s  setup=0.081 s
fftw3_measure            L=20  B=32    m=2     inner=1      min=    53.976 us/xform  median=    53.976  sd=  0.00%      9.61 GF/s  setup=0.082 s
fftw3_patient            L=20  B=32    m=256   inner=1      min=    45.399 us/xform  median=    45.408  sd=  0.02%     11.42 GF/s  setup=0.298 s
fftw3_patient            L=20  B=32    m=256   inner=1      min=    45.744 us/xform  median=    45.761  sd=  0.03%     11.34 GF/s  setup=0.299 s
fftw3_patient            L=20  B=32    m=256   inner=1      min=    45.160 us/xform  median=    45.167  sd=  0.02%     11.48 GF/s  setup=0.299 s
fftw3_patient            L=20  B=32    m=2     inner=1      min=    54.498 us/xform  median=    54.498  sd=  0.00%      9.52 GF/s  setup=0.302 s
gen_bluestein            L=20  B=32    m=256   inner=1      min=   124.988 us/xform  median=   125.001  sd=  0.01%      4.15 GF/s  setup=0.000 s
gen_bluestein            L=20  B=32    m=256   inner=1      min=   124.982 us/xform  median=   124.998  sd=  0.01%      4.15 GF/s  setup=0.000 s
gen_bluestein            L=20  B=32    m=256   inner=1      min=   124.962 us/xform  median=   125.002  sd=  0.01%      4.15 GF/s  setup=0.000 s
gen_bluestein            L=20  B=32    m=2     inner=1      min=   144.915 us/xform  median=   144.915  sd=  0.00%      3.58 GF/s  setup=0.000 s
gen_dense_prime          L=20  B=32    m=256   inner=1      min=    79.313 us/xform  median=    79.326  sd=  0.01%      6.54 GF/s  setup=0.000 s
gen_dense_prime          L=20  B=32    m=256   inner=1      min=    79.710 us/xform  median=    79.720  sd=  0.01%      6.51 GF/s  setup=0.000 s
gen_dense_prime          L=20  B=32    m=256   inner=1      min=    80.571 us/xform  median=    80.582  sd=  0.02%      6.44 GF/s  setup=0.000 s
gen_dense_prime          L=20  B=32    m=2     inner=1      min=    92.003 us/xform  median=    92.003  sd=  0.00%      5.64 GF/s  setup=0.000 s
gen_layout               L=20  B=32    m=256   inner=1      min=    42.833 us/xform  median=    42.835  sd=  0.01%     12.11 GF/s  setup=0.000 s
gen_layout               L=20  B=32    m=256   inner=1      min=    41.899 us/xform  median=    41.903  sd=  0.01%     12.38 GF/s  setup=0.000 s
gen_layout               L=20  B=32    m=256   inner=1      min=    42.481 us/xform  median=    42.484  sd=  0.01%     12.21 GF/s  setup=0.000 s
gen_layout               L=20  B=32    m=2     inner=1      min=    49.982 us/xform  median=    49.982  sd=  0.00%     10.38 GF/s  setup=0.000 s
gen_pfa_small            L=20  B=32    m=256   inner=1      min=    13.797 us/xform  median=    13.815  sd=  4.51%     37.59 GF/s  setup=0.001 s
gen_pfa_small            L=20  B=32    m=256   inner=1      min=    13.240 us/xform  median=    13.252  sd=  0.05%     39.17 GF/s  setup=0.001 s
gen_pfa_small            L=20  B=32    m=256   inner=1      min=    13.213 us/xform  median=    13.567  sd= 12.45%     39.25 GF/s  setup=0.001 s
gen_pfa_small            L=20  B=32    m=2     inner=1      min=    28.442 us/xform  median=    28.442  sd=  0.00%     18.23 GF/s  setup=0.001 s
gen_planner              L=20  B=32    m=256   inner=1      min=    46.341 us/xform  median=    46.611  sd=  0.30%     11.19 GF/s  setup=0.002 s
gen_planner              L=20  B=32    m=256   inner=1      min=    46.589 us/xform  median=    46.838  sd=  0.29%     11.13 GF/s  setup=0.002 s
gen_planner              L=20  B=32    m=256   inner=1      min=    46.386 us/xform  median=    46.647  sd=  0.25%     11.18 GF/s  setup=0.002 s
gen_planner              L=20  B=32    m=2     inner=1      min=    55.350 us/xform  median=    55.350  sd=  0.00%      9.37 GF/s  setup=0.002 s
gen_race                 L=20  B=32    m=256   inner=1      min=    45.985 us/xform  median=    46.087  sd=  0.25%     11.28 GF/s  setup=0.003 s
gen_race                 L=20  B=32    m=256   inner=1      min=    45.883 us/xform  median=    46.060  sd=  0.28%     11.30 GF/s  setup=0.003 s
gen_race                 L=20  B=32    m=256   inner=1      min=    46.210 us/xform  median=    46.544  sd=  0.29%     11.22 GF/s  setup=0.006 s
gen_race                 L=20  B=32    m=2     inner=1      min=    54.796 us/xform  median=    54.796  sd=  0.00%      9.46 GF/s  setup=0.003 s
gen_twiddle              L=20  B=32    m=256   inner=1      min=    80.446 us/xform  median=    80.604  sd=  0.09%      6.45 GF/s  setup=0.002 s
gen_twiddle              L=20  B=32    m=256   inner=1      min=    79.372 us/xform  median=    79.567  sd=  0.11%      6.53 GF/s  setup=0.002 s
gen_twiddle              L=20  B=32    m=256   inner=1      min=    80.581 us/xform  median=    80.698  sd=  0.08%      6.44 GF/s  setup=0.002 s
gen_twiddle              L=20  B=32    m=2     inner=1      min=    93.613 us/xform  median=    93.613  sd=  0.00%      5.54 GF/s  setup=0.002 s
mkl2026_dfti             L=20  B=32    m=256   inner=1      min=    57.465 us/xform  median=    57.638  sd=  0.16%      9.03 GF/s  setup=0.045 s
mkl2026_dfti             L=20  B=32    m=256   inner=1      min=    57.827 us/xform  median=    57.955  sd=  0.13%      8.97 GF/s  setup=0.051 s
mkl2026_dfti             L=20  B=32    m=256   inner=1      min=    57.576 us/xform  median=    57.685  sd=  0.10%      9.01 GF/s  setup=0.031 s
mkl2026_dfti             L=20  B=32    m=2     inner=1      min=   100.154 us/xform  median=   100.154  sd=  0.00%      5.18 GF/s  setup=0.045 s
mkl_dfti                 L=20  B=32    m=256   inner=1      min=    58.320 us/xform  median=    58.488  sd=  0.20%      8.89 GF/s  setup=0.032 s
mkl_dfti                 L=20  B=32    m=256   inner=1      min=    58.564 us/xform  median=    58.717  sd=  0.13%      8.86 GF/s  setup=0.052 s
mkl_dfti                 L=20  B=32    m=256   inner=1      min=    62.182 us/xform  median=    62.324  sd=  0.18%      8.34 GF/s  setup=0.052 s
mkl_dfti                 L=20  B=32    m=2     inner=1      min=    68.166 us/xform  median=    68.166  sd=  0.00%      7.61 GF/s  setup=0.054 s
baseline_matrix          L=25  B=16    m=256   inner=1      min=  2061.727 us/xform  median=  2061.772  sd=  0.00%      0.53 GF/s  setup=0.000 s
baseline_matrix          L=25  B=16    m=256   inner=1      min=  2061.251 us/xform  median=  2061.288  sd=  0.00%      0.53 GF/s  setup=0.000 s
baseline_matrix          L=25  B=16    m=256   inner=1      min=  2061.789 us/xform  median=  2061.838  sd=  0.00%      0.53 GF/s  setup=0.000 s
baseline_matrix          L=25  B=16    m=2     inner=1      min=  2075.321 us/xform  median=  2075.321  sd=  0.00%      0.52 GF/s  setup=0.000 s
ducc0_c2c                L=25  B=16    m=256   inner=1      min=   145.123 us/xform  median=   145.327  sd=  0.13%      7.50 GF/s  setup=0.000 s
ducc0_c2c                L=25  B=16    m=256   inner=1      min=   145.931 us/xform  median=   146.087  sd=  0.14%      7.46 GF/s  setup=0.000 s
ducc0_c2c                L=25  B=16    m=256   inner=1      min=   144.813 us/xform  median=   145.043  sd=  0.13%      7.52 GF/s  setup=0.000 s
ducc0_c2c                L=25  B=16    m=2     inner=1      min=   186.707 us/xform  median=   186.707  sd=  0.00%      5.83 GF/s  setup=0.000 s
fftw3_estimate           L=25  B=16    m=256   inner=1      min=   138.366 us/xform  median=   138.749  sd=  0.17%      7.87 GF/s  setup=0.001 s
fftw3_estimate           L=25  B=16    m=256   inner=1      min=   130.088 us/xform  median=   130.269  sd=  0.20%      8.37 GF/s  setup=0.001 s
fftw3_estimate           L=25  B=16    m=256   inner=1      min=   130.083 us/xform  median=   130.223  sd=  1.12%      8.37 GF/s  setup=0.001 s
fftw3_estimate           L=25  B=16    m=2     inner=1      min=   173.111 us/xform  median=   173.111  sd=  0.00%      6.29 GF/s  setup=0.001 s
fftw3_measure            L=25  B=16    m=256   inner=1      min=   134.924 us/xform  median=   134.949  sd=  0.01%      8.07 GF/s  setup=0.028 s
fftw3_measure            L=25  B=16    m=256   inner=1      min=   109.056 us/xform  median=   109.074  sd=  0.01%      9.98 GF/s  setup=0.029 s
fftw3_measure            L=25  B=16    m=256   inner=1      min=   111.585 us/xform  median=   111.616  sd=  0.03%      9.75 GF/s  setup=0.029 s
fftw3_measure            L=25  B=16    m=2     inner=1      min=   133.778 us/xform  median=   133.778  sd=  0.00%      8.14 GF/s  setup=0.028 s
fftw3_patient            L=25  B=16    m=256   inner=1      min=   112.439 us/xform  median=   112.466  sd=  0.03%      9.68 GF/s  setup=0.103 s
fftw3_patient            L=25  B=16    m=256   inner=1      min=   111.694 us/xform  median=   111.718  sd=  0.02%      9.74 GF/s  setup=0.112 s
fftw3_patient            L=25  B=16    m=256   inner=1      min=   110.702 us/xform  median=   110.727  sd=  0.02%      9.83 GF/s  setup=0.108 s
fftw3_patient            L=25  B=16    m=2     inner=1      min=   132.311 us/xform  median=   132.311  sd=  0.00%      8.23 GF/s  setup=0.110 s
gen_bluestein            L=25  B=16    m=256   inner=1      min=   229.725 us/xform  median=   229.901  sd=  0.06%      4.74 GF/s  setup=0.000 s
gen_bluestein            L=25  B=16    m=256   inner=1      min=   225.612 us/xform  median=   225.988  sd=  0.11%      4.82 GF/s  setup=0.000 s
gen_bluestein            L=25  B=16    m=256   inner=1      min=   230.618 us/xform  median=   230.709  sd=  0.02%      4.72 GF/s  setup=0.000 s
gen_bluestein            L=25  B=16    m=2     inner=1      min=   277.758 us/xform  median=   277.758  sd=  0.00%      3.92 GF/s  setup=0.000 s
gen_layout               L=25  B=16    m=256   inner=1      min=    99.809 us/xform  median=    99.820  sd=  0.01%     10.90 GF/s  setup=0.000 s
gen_layout               L=25  B=16    m=256   inner=1      min=   101.794 us/xform  median=   101.810  sd=  0.01%     10.69 GF/s  setup=0.000 s
gen_layout               L=25  B=16    m=256   inner=1      min=   100.717 us/xform  median=   100.729  sd=  0.01%     10.81 GF/s  setup=0.000 s
gen_layout               L=25  B=16    m=2     inner=1      min=   120.633 us/xform  median=   120.633  sd=  0.00%      9.02 GF/s  setup=0.000 s
gen_planner              L=25  B=16    m=256   inner=1      min=   105.236 us/xform  median=   105.860  sd=  0.23%     10.34 GF/s  setup=0.003 s
gen_planner              L=25  B=16    m=256   inner=1      min=   105.642 us/xform  median=   105.904  sd=  0.19%     10.30 GF/s  setup=0.004 s
gen_planner              L=25  B=16    m=256   inner=1      min=   105.397 us/xform  median=   105.951  sd=  0.22%     10.33 GF/s  setup=0.004 s
gen_planner              L=25  B=16    m=2     inner=1      min=   138.679 us/xform  median=   138.679  sd=  0.00%      7.85 GF/s  setup=0.003 s
gen_powp                 L=25  B=16    m=256   inner=1      min=    34.139 us/xform  median=    34.159  sd=  0.28%     31.88 GF/s  setup=0.147 s
gen_powp                 L=25  B=16    m=256   inner=1      min=    32.001 us/xform  median=    32.041  sd= 10.05%     34.01 GF/s  setup=0.004 s
gen_powp                 L=25  B=16    m=256   inner=1      min=    32.012 us/xform  median=    32.033  sd= 10.24%     34.00 GF/s  setup=0.005 s
gen_powp                 L=25  B=16    m=2     inner=1      min=    69.576 us/xform  median=    69.576  sd=  0.00%     15.64 GF/s  setup=0.003 s
gen_race                 L=25  B=16    m=256   inner=1      min=   104.917 us/xform  median=   105.411  sd=  0.24%     10.37 GF/s  setup=0.002 s
gen_race                 L=25  B=16    m=256   inner=1      min=   105.026 us/xform  median=   105.397  sd=  0.18%     10.36 GF/s  setup=0.006 s
gen_race                 L=25  B=16    m=256   inner=1      min=   105.033 us/xform  median=   105.448  sd=  0.17%     10.36 GF/s  setup=0.004 s
gen_race                 L=25  B=16    m=2     inner=1      min=   128.435 us/xform  median=   128.435  sd=  0.00%      8.47 GF/s  setup=0.003 s
gen_twiddle              L=25  B=16    m=256   inner=1      min=   174.933 us/xform  median=   175.145  sd=  0.06%      6.22 GF/s  setup=0.002 s
gen_twiddle              L=25  B=16    m=256   inner=1      min=   178.164 us/xform  median=   178.425  sd=  0.06%      6.11 GF/s  setup=0.003 s
gen_twiddle              L=25  B=16    m=256   inner=1      min=   179.287 us/xform  median=   179.490  sd=  0.07%      6.07 GF/s  setup=0.002 s
gen_twiddle              L=25  B=16    m=2     inner=1      min=   199.640 us/xform  median=   199.640  sd=  0.00%      5.45 GF/s  setup=0.002 s
mkl2026_dfti             L=25  B=16    m=256   inner=1      min=   124.718 us/xform  median=   125.001  sd=  0.16%      8.73 GF/s  setup=0.046 s
mkl2026_dfti             L=25  B=16    m=256   inner=1      min=   124.263 us/xform  median=   124.918  sd=  0.22%      8.76 GF/s  setup=0.052 s
mkl2026_dfti             L=25  B=16    m=256   inner=1      min=   124.013 us/xform  median=   124.465  sd=  0.19%      8.78 GF/s  setup=0.047 s
mkl2026_dfti             L=25  B=16    m=2     inner=1      min=   137.623 us/xform  median=   137.623  sd=  0.00%      7.91 GF/s  setup=0.047 s
mkl_dfti                 L=25  B=16    m=256   inner=1      min=   120.531 us/xform  median=   120.617  sd=  0.08%      9.03 GF/s  setup=0.032 s
mkl_dfti                 L=25  B=16    m=256   inner=1      min=   120.523 us/xform  median=   120.981  sd=  0.16%      9.03 GF/s  setup=0.050 s
mkl_dfti                 L=25  B=16    m=256   inner=1      min=   121.217 us/xform  median=   121.592  sd=  0.16%      8.98 GF/s  setup=0.047 s
mkl_dfti                 L=25  B=16    m=2     inner=1      min=   136.745 us/xform  median=   136.745  sd=  0.00%      7.96 GF/s  setup=0.051 s
baseline_matrix          L=27  B=16    m=200   inner=1      min=  2799.224 us/xform  median=  2799.450  sd=  0.00%      0.50 GF/s  setup=0.000 s
baseline_matrix          L=27  B=16    m=200   inner=1      min=  2799.064 us/xform  median=  2799.173  sd=  0.00%      0.50 GF/s  setup=0.000 s
baseline_matrix          L=27  B=16    m=200   inner=1      min=  2799.250 us/xform  median=  2799.484  sd=  0.00%      0.50 GF/s  setup=0.000 s
baseline_matrix          L=27  B=16    m=2     inner=1      min=  2817.840 us/xform  median=  2817.840  sd=  0.00%      0.50 GF/s  setup=0.000 s
ducc0_c2c                L=27  B=16    m=200   inner=1      min=   196.135 us/xform  median=   196.229  sd=  0.14%      7.16 GF/s  setup=0.000 s
ducc0_c2c                L=27  B=16    m=200   inner=1      min=   190.556 us/xform  median=   190.944  sd=  0.20%      7.37 GF/s  setup=0.000 s
ducc0_c2c                L=27  B=16    m=200   inner=1      min=   193.717 us/xform  median=   194.122  sd=  0.18%      7.25 GF/s  setup=0.000 s
ducc0_c2c                L=27  B=16    m=2     inner=1      min=   243.298 us/xform  median=   243.298  sd=  0.00%      5.77 GF/s  setup=0.000 s
fftw3_estimate           L=27  B=16    m=200   inner=1      min=   256.728 us/xform  median=   257.294  sd=  0.12%      5.47 GF/s  setup=0.003 s
fftw3_estimate           L=27  B=16    m=200   inner=1      min=   259.197 us/xform  median=   260.004  sd=  0.15%      5.42 GF/s  setup=0.002 s
fftw3_estimate           L=27  B=16    m=200   inner=1      min=   257.269 us/xform  median=   258.127  sd=  0.16%      5.46 GF/s  setup=0.003 s
fftw3_estimate           L=27  B=16    m=2     inner=1      min=   292.997 us/xform  median=   292.997  sd=  0.00%      4.79 GF/s  setup=0.002 s
fftw3_measure            L=27  B=16    m=200   inner=1      min=   223.103 us/xform  median=   223.423  sd=  0.06%      6.29 GF/s  setup=0.034 s
fftw3_measure            L=27  B=16    m=200   inner=1      min=   228.233 us/xform  median=   228.508  sd=  0.08%      6.15 GF/s  setup=0.034 s
fftw3_measure            L=27  B=16    m=200   inner=1      min=   226.587 us/xform  median=   226.692  sd=  0.02%      6.20 GF/s  setup=0.033 s
fftw3_measure            L=27  B=16    m=2     inner=1      min=   294.314 us/xform  median=   294.314  sd=  0.00%      4.77 GF/s  setup=0.034 s
fftw3_patient            L=27  B=16    m=200   inner=1      min=   205.564 us/xform  median=   205.631  sd=  0.04%      6.83 GF/s  setup=0.140 s
fftw3_patient            L=27  B=16    m=200   inner=1      min=   211.080 us/xform  median=   211.160  sd=  0.02%      6.65 GF/s  setup=0.151 s
fftw3_patient            L=27  B=16    m=200   inner=1      min=   204.040 us/xform  median=   204.081  sd=  0.01%      6.88 GF/s  setup=0.153 s
fftw3_patient            L=27  B=16    m=2     inner=1      min=   224.684 us/xform  median=   224.684  sd=  0.00%      6.25 GF/s  setup=0.146 s
gen_bluestein            L=27  B=16    m=200   inner=1      min=   268.119 us/xform  median=   268.234  sd=  0.03%      5.24 GF/s  setup=0.000 s
gen_bluestein            L=27  B=16    m=200   inner=1      min=   270.337 us/xform  median=   270.468  sd=  0.03%      5.19 GF/s  setup=0.000 s
gen_bluestein            L=27  B=16    m=200   inner=1      min=   267.929 us/xform  median=   268.816  sd=  0.11%      5.24 GF/s  setup=0.000 s
gen_bluestein            L=27  B=16    m=2     inner=1      min=   331.173 us/xform  median=   331.173  sd=  0.00%      4.24 GF/s  setup=0.000 s
gen_layout               L=27  B=16    m=200   inner=1      min=   136.486 us/xform  median=   136.565  sd=  0.03%     10.29 GF/s  setup=0.000 s
gen_layout               L=27  B=16    m=200   inner=1      min=   141.924 us/xform  median=   142.014  sd=  0.03%      9.89 GF/s  setup=0.000 s
gen_layout               L=27  B=16    m=200   inner=1      min=   137.960 us/xform  median=   137.991  sd=  0.01%     10.18 GF/s  setup=0.000 s
gen_layout               L=27  B=16    m=2     inner=1      min=   159.152 us/xform  median=   159.152  sd=  0.00%      8.82 GF/s  setup=0.000 s
gen_planner              L=27  B=16    m=200   inner=1      min=   154.699 us/xform  median=   155.196  sd=  0.21%      9.07 GF/s  setup=0.005 s
gen_planner              L=27  B=16    m=200   inner=1      min=   154.743 us/xform  median=   155.284  sd=  0.21%      9.07 GF/s  setup=0.005 s
gen_planner              L=27  B=16    m=200   inner=1      min=   154.557 us/xform  median=   155.072  sd=  0.19%      9.08 GF/s  setup=0.007 s
gen_planner              L=27  B=16    m=2     inner=1      min=   193.655 us/xform  median=   193.655  sd=  0.00%      7.25 GF/s  setup=0.006 s
gen_powp                 L=27  B=16    m=200   inner=1      min=    45.629 us/xform  median=    50.577  sd=  5.34%     30.77 GF/s  setup=0.196 s
gen_powp                 L=27  B=16    m=200   inner=1      min=    47.717 us/xform  median=    47.822  sd=  4.30%     29.42 GF/s  setup=0.007 s
gen_powp                 L=27  B=16    m=200   inner=1      min=    44.970 us/xform  median=    44.977  sd=  9.34%     31.22 GF/s  setup=0.004 s
gen_powp                 L=27  B=16    m=2     inner=1      min=    95.878 us/xform  median=    95.878  sd=  0.00%     14.64 GF/s  setup=0.004 s
gen_race                 L=27  B=16    m=200   inner=1      min=   153.744 us/xform  median=   154.086  sd=  0.20%      9.13 GF/s  setup=0.002 s
gen_race                 L=27  B=16    m=200   inner=1      min=   154.863 us/xform  median=   155.454  sd=  0.21%      9.07 GF/s  setup=0.003 s
gen_race                 L=27  B=16    m=200   inner=1      min=   153.984 us/xform  median=   154.743  sd=  0.25%      9.12 GF/s  setup=0.002 s
gen_race                 L=27  B=16    m=2     inner=1      min=   187.197 us/xform  median=   187.197  sd=  0.00%      7.50 GF/s  setup=0.003 s
gen_twiddle              L=27  B=16    m=200   inner=1      min=   300.324 us/xform  median=   300.520  sd=  0.03%      4.67 GF/s  setup=0.002 s
gen_twiddle              L=27  B=16    m=200   inner=1      min=   298.661 us/xform  median=   299.099  sd=  0.06%      4.70 GF/s  setup=0.003 s
gen_twiddle              L=27  B=16    m=200   inner=1      min=   293.344 us/xform  median=   293.557  sd=  0.04%      4.79 GF/s  setup=0.002 s
gen_twiddle              L=27  B=16    m=2     inner=1      min=   365.180 us/xform  median=   365.180  sd=  0.00%      3.84 GF/s  setup=0.002 s
mkl2026_dfti             L=27  B=16    m=200   inner=1      min=   148.489 us/xform  median=   148.611  sd=  0.05%      9.45 GF/s  setup=0.051 s
mkl2026_dfti             L=27  B=16    m=200   inner=1      min=   148.071 us/xform  median=   148.462  sd=  0.11%      9.48 GF/s  setup=0.048 s
mkl2026_dfti             L=27  B=16    m=200   inner=1      min=   148.159 us/xform  median=   148.277  sd=  0.04%      9.48 GF/s  setup=0.049 s
mkl2026_dfti             L=27  B=16    m=2     inner=1      min=   286.628 us/xform  median=   286.628  sd=  0.00%      4.90 GF/s  setup=0.054 s
mkl_dfti                 L=27  B=16    m=200   inner=1      min=   144.494 us/xform  median=   144.614  sd=  0.04%      9.72 GF/s  setup=0.033 s
mkl_dfti                 L=27  B=16    m=200   inner=1      min=   144.596 us/xform  median=   144.718  sd=  0.03%      9.71 GF/s  setup=0.048 s
mkl_dfti                 L=27  B=16    m=200   inner=1      min=   144.633 us/xform  median=   144.689  sd=  0.03%      9.71 GF/s  setup=0.049 s
mkl_dfti                 L=27  B=16    m=2     inner=1      min=   166.981 us/xform  median=   166.981  sd=  0.00%      8.41 GF/s  setup=0.050 s
baseline_matrix          L=31  B=16    m=140   inner=1      min=  4851.834 us/xform  median=  4851.967  sd=  0.00%      0.46 GF/s  setup=0.000 s
baseline_matrix          L=31  B=16    m=140   inner=1      min=  4854.015 us/xform  median=  4854.179  sd=  0.00%      0.46 GF/s  setup=0.000 s
baseline_matrix          L=31  B=16    m=140   inner=1      min=  4852.323 us/xform  median=  4852.427  sd=  0.00%      0.46 GF/s  setup=0.000 s
baseline_matrix          L=31  B=16    m=2     inner=1      min=  4894.873 us/xform  median=  4894.873  sd=  0.00%      0.45 GF/s  setup=0.000 s
ducc0_c2c                L=31  B=16    m=140   inner=1      min=   714.517 us/xform  median=   715.419  sd=  0.09%      3.10 GF/s  setup=0.000 s
ducc0_c2c                L=31  B=16    m=140   inner=1      min=   738.989 us/xform  median=   740.312  sd=  0.12%      3.00 GF/s  setup=0.000 s
ducc0_c2c                L=31  B=16    m=140   inner=1      min=   722.767 us/xform  median=   724.178  sd=  0.10%      3.06 GF/s  setup=0.000 s
ducc0_c2c                L=31  B=16    m=2     inner=1      min=   758.218 us/xform  median=   758.218  sd=  0.00%      2.92 GF/s  setup=0.000 s
fftw3_estimate           L=31  B=16    m=140   inner=1      min=   859.974 us/xform  median=   860.062  sd=  0.01%      2.57 GF/s  setup=0.002 s
fftw3_estimate           L=31  B=16    m=140   inner=1      min=   859.794 us/xform  median=   859.882  sd=  0.01%      2.57 GF/s  setup=0.002 s
fftw3_estimate           L=31  B=16    m=140   inner=1      min=   859.687 us/xform  median=   859.813  sd=  0.01%      2.58 GF/s  setup=0.002 s
fftw3_estimate           L=31  B=16    m=2     inner=1      min=   915.460 us/xform  median=   915.460  sd=  0.00%      2.42 GF/s  setup=0.002 s
fftw3_measure            L=31  B=16    m=140   inner=1      min=   863.044 us/xform  median=   863.183  sd=  0.05%      2.57 GF/s  setup=0.085 s
fftw3_measure            L=31  B=16    m=140   inner=1      min=   861.070 us/xform  median=   861.209  sd=  0.05%      2.57 GF/s  setup=0.085 s
fftw3_measure            L=31  B=16    m=140   inner=1      min=   859.667 us/xform  median=   859.774  sd=  0.01%      2.58 GF/s  setup=0.085 s
fftw3_measure            L=31  B=16    m=2     inner=1      min=   886.063 us/xform  median=   886.063  sd=  0.00%      2.50 GF/s  setup=0.086 s
fftw3_patient            L=31  B=16    m=140   inner=1      min=   861.450 us/xform  median=   861.588  sd=  0.01%      2.57 GF/s  setup=0.226 s
fftw3_patient            L=31  B=16    m=140   inner=1      min=   860.424 us/xform  median=   860.537  sd=  0.01%      2.57 GF/s  setup=0.225 s
fftw3_patient            L=31  B=16    m=140   inner=1      min=   859.872 us/xform  median=   860.827  sd=  0.06%      2.57 GF/s  setup=0.240 s
fftw3_patient            L=31  B=16    m=2     inner=1      min=   888.106 us/xform  median=   888.106  sd=  0.00%      2.49 GF/s  setup=0.225 s
gen_bluestein            L=31  B=16    m=140   inner=1      min=   381.059 us/xform  median=   381.202  sd=  0.02%      5.81 GF/s  setup=0.000 s
gen_bluestein            L=31  B=16    m=140   inner=1      min=   383.340 us/xform  median=   384.283  sd=  0.15%      5.78 GF/s  setup=0.000 s
gen_bluestein            L=31  B=16    m=140   inner=1      min=   379.842 us/xform  median=   380.029  sd=  0.05%      5.83 GF/s  setup=0.000 s
gen_bluestein            L=31  B=16    m=2     inner=1      min=   446.071 us/xform  median=   446.071  sd=  0.00%      4.96 GF/s  setup=0.000 s
gen_dense_prime          L=31  B=16    m=140   inner=1      min=   124.837 us/xform  median=   124.869  sd=  0.04%     17.73 GF/s  setup=0.001 s
gen_dense_prime          L=31  B=16    m=140   inner=1      min=   130.724 us/xform  median=   130.752  sd=  0.04%     16.94 GF/s  setup=0.001 s
gen_dense_prime          L=31  B=16    m=140   inner=1      min=   124.281 us/xform  median=   124.297  sd=  0.04%     17.81 GF/s  setup=0.001 s
gen_dense_prime          L=31  B=16    m=2     inner=1      min=   184.848 us/xform  median=   184.848  sd=  0.00%     11.98 GF/s  setup=0.001 s
gen_layout               L=31  B=16    m=140   inner=1      min=   252.241 us/xform  median=   252.308  sd=  0.03%      8.78 GF/s  setup=0.000 s
gen_layout               L=31  B=16    m=140   inner=1      min=   260.056 us/xform  median=   260.185  sd=  1.26%      8.51 GF/s  setup=0.000 s
gen_layout               L=31  B=16    m=140   inner=1      min=   249.675 us/xform  median=   249.828  sd=  0.04%      8.87 GF/s  setup=0.000 s
gen_layout               L=31  B=16    m=2     inner=1      min=   282.505 us/xform  median=   282.505  sd=  0.00%      7.84 GF/s  setup=0.000 s
gen_planner              L=31  B=16    m=140   inner=1      min=   533.098 us/xform  median=   533.897  sd=  0.09%      4.15 GF/s  setup=0.015 s
gen_planner              L=31  B=16    m=140   inner=1      min=   531.051 us/xform  median=   531.787  sd=  0.09%      4.17 GF/s  setup=0.016 s
gen_planner              L=31  B=16    m=140   inner=1      min=   531.461 us/xform  median=   532.146  sd=  0.08%      4.17 GF/s  setup=0.013 s
gen_planner              L=31  B=16    m=2     inner=1      min=   567.549 us/xform  median=   567.549  sd=  0.00%      3.90 GF/s  setup=0.014 s
gen_race                 L=31  B=16    m=140   inner=1      min=   530.955 us/xform  median=   531.583  sd=  0.09%      4.17 GF/s  setup=0.006 s
gen_race                 L=31  B=16    m=140   inner=1      min=   530.984 us/xform  median=   531.683  sd=  0.10%      4.17 GF/s  setup=0.004 s
gen_race                 L=31  B=16    m=140   inner=1      min=   531.420 us/xform  median=   532.491  sd=  0.08%      4.17 GF/s  setup=0.005 s
gen_race                 L=31  B=16    m=2     inner=1      min=   556.979 us/xform  median=   556.979  sd=  0.00%      3.97 GF/s  setup=0.002 s
gen_rader                L=31  B=16    m=140   inner=1      min=    87.619 us/xform  median=    87.746  sd=  0.35%     25.27 GF/s  setup=0.007 s
gen_rader                L=31  B=16    m=140   inner=1      min=    86.913 us/xform  median=    86.994  sd=  2.19%     25.47 GF/s  setup=0.009 s
gen_rader                L=31  B=16    m=140   inner=1      min=    86.946 us/xform  median=    87.231  sd=  0.16%     25.46 GF/s  setup=0.009 s
gen_rader                L=31  B=16    m=2     inner=1      min=   146.491 us/xform  median=   146.491  sd=  0.00%     15.11 GF/s  setup=0.007 s
gen_twiddle              L=31  B=16    m=140   inner=1      min=   567.604 us/xform  median=   567.765  sd=  0.02%      3.90 GF/s  setup=0.002 s
gen_twiddle              L=31  B=16    m=140   inner=1      min=   563.970 us/xform  median=   564.123  sd=  0.02%      3.93 GF/s  setup=0.003 s
gen_twiddle              L=31  B=16    m=140   inner=1      min=   564.237 us/xform  median=   564.364  sd=  0.03%      3.92 GF/s  setup=0.002 s
gen_twiddle              L=31  B=16    m=2     inner=1      min=   634.028 us/xform  median=   634.028  sd=  0.00%      3.49 GF/s  setup=0.002 s
mkl2026_dfti             L=31  B=16    m=140   inner=1      min=   883.729 us/xform  median=   883.822  sd=  0.01%      2.51 GF/s  setup=0.049 s
mkl2026_dfti             L=31  B=16    m=140   inner=1      min=   883.400 us/xform  median=   883.461  sd=  0.01%      2.51 GF/s  setup=0.049 s
mkl2026_dfti             L=31  B=16    m=140   inner=1      min=   883.513 us/xform  median=   883.590  sd=  0.00%      2.51 GF/s  setup=0.048 s
mkl2026_dfti             L=31  B=16    m=2     inner=1      min=   910.610 us/xform  median=   910.610  sd=  0.00%      2.43 GF/s  setup=0.048 s
mkl_dfti                 L=31  B=16    m=140   inner=1      min=   848.786 us/xform  median=   848.894  sd=  0.01%      2.61 GF/s  setup=0.032 s
mkl_dfti                 L=31  B=16    m=140   inner=1      min=   848.823 us/xform  median=   848.942  sd=  0.01%      2.61 GF/s  setup=0.047 s
mkl_dfti                 L=31  B=16    m=140   inner=1      min=   848.937 us/xform  median=   849.060  sd=  0.01%      2.61 GF/s  setup=0.052 s
mkl_dfti                 L=31  B=16    m=2     inner=1      min=   876.596 us/xform  median=   876.596  sd=  0.00%      2.53 GF/s  setup=0.048 s
baseline_matrix          L=32  B=8     m=250   inner=1      min=  5751.625 us/xform  median=  5751.725  sd=  0.00%      0.43 GF/s  setup=0.000 s
baseline_matrix          L=32  B=8     m=250   inner=1      min=  5752.251 us/xform  median=  5752.340  sd=  0.00%      0.43 GF/s  setup=0.000 s
baseline_matrix          L=32  B=8     m=250   inner=1      min=  5753.626 us/xform  median=  5753.677  sd=  0.00%      0.43 GF/s  setup=0.000 s
baseline_matrix          L=32  B=8     m=2     inner=1      min=  5824.293 us/xform  median=  5824.293  sd=  0.00%      0.42 GF/s  setup=0.000 s
ducc0_c2c                L=32  B=8     m=250   inner=1      min=   309.496 us/xform  median=   309.775  sd=  0.11%      7.94 GF/s  setup=0.000 s
ducc0_c2c                L=32  B=8     m=250   inner=1      min=   312.296 us/xform  median=   312.965  sd=  0.13%      7.87 GF/s  setup=0.000 s
ducc0_c2c                L=32  B=8     m=250   inner=1      min=   310.196 us/xform  median=   310.693  sd=  0.11%      7.92 GF/s  setup=0.000 s
ducc0_c2c                L=32  B=8     m=2     inner=1      min=   409.988 us/xform  median=   409.988  sd=  0.00%      5.99 GF/s  setup=0.000 s
fftw3_estimate           L=32  B=8     m=250   inner=1      min=   407.584 us/xform  median=   407.693  sd=  0.02%      6.03 GF/s  setup=0.001 s
fftw3_estimate           L=32  B=8     m=250   inner=1      min=   408.655 us/xform  median=   408.840  sd=  0.04%      6.01 GF/s  setup=0.001 s
fftw3_estimate           L=32  B=8     m=250   inner=1      min=   408.233 us/xform  median=   408.566  sd=  0.04%      6.02 GF/s  setup=0.001 s
fftw3_estimate           L=32  B=8     m=2     inner=1      min=   503.322 us/xform  median=   503.322  sd=  0.00%      4.88 GF/s  setup=0.001 s
fftw3_measure            L=32  B=8     m=250   inner=1      min=   210.262 us/xform  median=   210.318  sd=  0.03%     11.69 GF/s  setup=0.082 s
fftw3_measure            L=32  B=8     m=250   inner=1      min=   210.480 us/xform  median=   210.501  sd=  0.02%     11.68 GF/s  setup=0.086 s
fftw3_measure            L=32  B=8     m=250   inner=1      min=   209.775 us/xform  median=   209.835  sd=  0.02%     11.72 GF/s  setup=0.082 s
fftw3_measure            L=32  B=8     m=2     inner=1      min=   283.378 us/xform  median=   283.378  sd=  0.00%      8.67 GF/s  setup=0.086 s
fftw3_patient            L=32  B=8     m=250   inner=1      min=   210.839 us/xform  median=   211.051  sd=  0.06%     11.66 GF/s  setup=0.489 s
fftw3_patient            L=32  B=8     m=250   inner=1      min=   209.504 us/xform  median=   209.545  sd=  0.02%     11.73 GF/s  setup=0.490 s
fftw3_patient            L=32  B=8     m=250   inner=1      min=   211.122 us/xform  median=   211.212  sd=  0.04%     11.64 GF/s  setup=0.487 s
fftw3_patient            L=32  B=8     m=2     inner=1      min=   247.558 us/xform  median=   247.558  sd=  0.00%      9.93 GF/s  setup=0.502 s
gen_bluestein            L=32  B=8     m=250   inner=1      min=   400.109 us/xform  median=   411.434  sd=  1.34%      6.14 GF/s  setup=0.000 s
gen_bluestein            L=32  B=8     m=250   inner=1      min=   422.397 us/xform  median=   422.899  sd=  0.05%      5.82 GF/s  setup=0.000 s
gen_bluestein            L=32  B=8     m=250   inner=1      min=   406.812 us/xform  median=   407.446  sd=  0.07%      6.04 GF/s  setup=0.000 s
gen_bluestein            L=32  B=8     m=2     inner=1      min=   504.752 us/xform  median=   504.752  sd=  0.00%      4.87 GF/s  setup=0.000 s
gen_layout               L=32  B=8     m=250   inner=1      min=   244.443 us/xform  median=   244.766  sd=  0.05%     10.05 GF/s  setup=0.000 s
gen_layout               L=32  B=8     m=250   inner=1      min=   246.328 us/xform  median=   246.548  sd=  0.05%      9.98 GF/s  setup=0.000 s
gen_layout               L=32  B=8     m=250   inner=1      min=   248.963 us/xform  median=   249.577  sd=  0.11%      9.87 GF/s  setup=0.000 s
gen_layout               L=32  B=8     m=2     inner=1      min=   288.859 us/xform  median=   288.859  sd=  0.00%      8.51 GF/s  setup=0.001 s
gen_planner              L=32  B=8     m=250   inner=1      min=   236.671 us/xform  median=   238.253  sd=  0.27%     10.38 GF/s  setup=0.011 s
gen_planner              L=32  B=8     m=250   inner=1      min=   236.882 us/xform  median=   237.832  sd=  0.26%     10.37 GF/s  setup=0.013 s
gen_planner              L=32  B=8     m=250   inner=1      min=   237.044 us/xform  median=   239.001  sd=  0.35%     10.37 GF/s  setup=0.012 s
gen_planner              L=32  B=8     m=2     inner=1      min=   281.483 us/xform  median=   281.483  sd=  0.00%      8.73 GF/s  setup=0.011 s
gen_pow2                 L=32  B=8     m=250   inner=1      min=    58.130 us/xform  median=    58.145  sd=  3.20%     42.28 GF/s  setup=0.000 s
gen_pow2                 L=32  B=8     m=250   inner=1      min=    58.223 us/xform  median=    58.232  sd=  0.03%     42.21 GF/s  setup=0.000 s
gen_pow2                 L=32  B=8     m=250   inner=1      min=    58.386 us/xform  median=    58.452  sd= 10.43%     42.09 GF/s  setup=0.000 s
gen_pow2                 L=32  B=8     m=2     inner=1      min=   116.849 us/xform  median=   116.849  sd=  0.00%     21.03 GF/s  setup=0.000 s
gen_race                 L=32  B=8     m=250   inner=1      min=   235.579 us/xform  median=   236.788  sd=  0.29%     10.43 GF/s  setup=0.003 s
gen_race                 L=32  B=8     m=250   inner=1      min=   234.470 us/xform  median=   236.009  sd=  0.32%     10.48 GF/s  setup=0.002 s
gen_race                 L=32  B=8     m=250   inner=1      min=   235.644 us/xform  median=   237.113  sd=  0.39%     10.43 GF/s  setup=0.004 s
gen_race                 L=32  B=8     m=2     inner=1      min=   245.627 us/xform  median=   245.627  sd=  0.00%     10.01 GF/s  setup=0.003 s
gen_twiddle              L=32  B=8     m=250   inner=1      min=   451.658 us/xform  median=   452.096  sd=  0.06%      5.44 GF/s  setup=0.002 s
gen_twiddle              L=32  B=8     m=250   inner=1      min=   454.182 us/xform  median=   454.751  sd=  0.07%      5.41 GF/s  setup=0.003 s
gen_twiddle              L=32  B=8     m=250   inner=1      min=   461.987 us/xform  median=   462.475  sd=  0.07%      5.32 GF/s  setup=0.003 s
gen_twiddle              L=32  B=8     m=2     inner=1      min=   553.301 us/xform  median=   553.301  sd=  0.00%      4.44 GF/s  setup=0.002 s
mkl2026_dfti             L=32  B=8     m=250   inner=1      min=   187.659 us/xform  median=   187.989  sd=  0.11%     13.10 GF/s  setup=0.002 s
mkl2026_dfti             L=32  B=8     m=250   inner=1      min=   189.095 us/xform  median=   189.962  sd=  0.18%     13.00 GF/s  setup=0.002 s
mkl2026_dfti             L=32  B=8     m=250   inner=1      min=   187.356 us/xform  median=   187.993  sd=  0.16%     13.12 GF/s  setup=0.002 s
mkl2026_dfti             L=32  B=8     m=2     inner=1      min=   239.516 us/xform  median=   239.516  sd=  0.00%     10.26 GF/s  setup=0.001 s
mkl_dfti                 L=32  B=8     m=250   inner=1      min=   172.884 us/xform  median=   173.108  sd=  0.08%     14.22 GF/s  setup=0.002 s
mkl_dfti                 L=32  B=8     m=250   inner=1      min=   173.155 us/xform  median=   173.649  sd=  0.18%     14.19 GF/s  setup=0.001 s
mkl_dfti                 L=32  B=8     m=250   inner=1      min=   171.572 us/xform  median=   172.073  sd=  0.25%     14.32 GF/s  setup=0.002 s
mkl_dfti                 L=32  B=8     m=2     inner=1      min=   234.979 us/xform  median=   234.979  sd=  0.00%     10.46 GF/s  setup=0.002 s
baseline_matrix          L=40  B=8     m=128   inner=1      min= 13472.836 us/xform  median= 13474.040  sd=  0.00%      0.38 GF/s  setup=0.000 s
baseline_matrix          L=40  B=8     m=128   inner=1      min= 13491.252 us/xform  median= 13491.596  sd=  0.00%      0.38 GF/s  setup=0.000 s
baseline_matrix          L=40  B=8     m=128   inner=1      min= 13443.222 us/xform  median= 13443.475  sd=  0.00%      0.38 GF/s  setup=0.000 s
baseline_matrix          L=40  B=8     m=2     inner=1      min= 13522.575 us/xform  median= 13522.575  sd=  0.00%      0.38 GF/s  setup=0.000 s
ducc0_c2c                L=40  B=8     m=128   inner=1      min=   596.376 us/xform  median=   597.976  sd=  0.22%      8.57 GF/s  setup=0.000 s
ducc0_c2c                L=40  B=8     m=128   inner=1      min=   603.004 us/xform  median=   605.026  sd=  0.28%      8.47 GF/s  setup=0.000 s
ducc0_c2c                L=40  B=8     m=128   inner=1      min=   594.079 us/xform  median=   596.109  sd=  0.27%      8.60 GF/s  setup=0.000 s
ducc0_c2c                L=40  B=8     m=2     inner=1      min=   753.252 us/xform  median=   753.252  sd=  0.00%      6.78 GF/s  setup=0.000 s
fftw3_estimate           L=40  B=8     m=128   inner=1      min=  1607.062 us/xform  median=  1611.729  sd=  0.12%      3.18 GF/s  setup=0.002 s
fftw3_estimate           L=40  B=8     m=128   inner=1      min=  1619.506 us/xform  median=  1622.881  sd=  0.12%      3.15 GF/s  setup=0.002 s
fftw3_estimate           L=40  B=8     m=128   inner=1      min=  1608.916 us/xform  median=  1610.267  sd=  0.05%      3.18 GF/s  setup=0.002 s
fftw3_estimate           L=40  B=8     m=2     inner=1      min=  1677.657 us/xform  median=  1677.657  sd=  0.00%      3.05 GF/s  setup=0.002 s
fftw3_measure            L=40  B=8     m=128   inner=1      min=   574.701 us/xform  median=   574.971  sd=  0.04%      8.89 GF/s  setup=0.154 s
fftw3_measure            L=40  B=8     m=128   inner=1      min=   558.809 us/xform  median=   559.514  sd=  0.05%      9.14 GF/s  setup=0.154 s
fftw3_measure            L=40  B=8     m=128   inner=1      min=   552.802 us/xform  median=   553.121  sd=  0.03%      9.24 GF/s  setup=0.148 s
fftw3_measure            L=40  B=8     m=2     inner=1      min=   617.187 us/xform  median=   617.187  sd=  0.00%      8.28 GF/s  setup=0.149 s
fftw3_patient            L=40  B=8     m=128   inner=1      min=   527.847 us/xform  median=   528.343  sd=  0.05%      9.68 GF/s  setup=1.408 s
fftw3_patient            L=40  B=8     m=128   inner=1      min=   535.648 us/xform  median=   536.014  sd=  0.04%      9.54 GF/s  setup=1.476 s
fftw3_patient            L=40  B=8     m=128   inner=1      min=   526.216 us/xform  median=   526.619  sd=  0.05%      9.71 GF/s  setup=1.287 s
fftw3_patient            L=40  B=8     m=2     inner=1      min=   600.509 us/xform  median=   600.509  sd=  0.00%      8.51 GF/s  setup=1.294 s
gen_bluestein            L=40  B=8     m=128   inner=1      min=  1262.839 us/xform  median=  1263.236  sd=  0.02%      4.05 GF/s  setup=0.000 s
gen_bluestein            L=40  B=8     m=128   inner=1      min=  1259.664 us/xform  median=  1260.094  sd=  0.02%      4.06 GF/s  setup=0.000 s
gen_bluestein            L=40  B=8     m=128   inner=1      min=  1266.863 us/xform  median=  1267.967  sd=  0.06%      4.03 GF/s  setup=0.000 s
gen_bluestein            L=40  B=8     m=2     inner=1      min=  1383.592 us/xform  median=  1383.592  sd=  0.00%      3.69 GF/s  setup=0.000 s
gen_layout               L=40  B=8     m=128   inner=1      min=   543.455 us/xform  median=   543.549  sd=  0.02%      9.40 GF/s  setup=0.001 s
gen_layout               L=40  B=8     m=128   inner=1      min=   544.681 us/xform  median=   544.795  sd=  0.02%      9.38 GF/s  setup=0.001 s
gen_layout               L=40  B=8     m=128   inner=1      min=   546.834 us/xform  median=   546.949  sd=  0.02%      9.34 GF/s  setup=0.001 s
gen_layout               L=40  B=8     m=2     inner=1      min=   679.379 us/xform  median=   679.379  sd=  0.00%      7.52 GF/s  setup=0.001 s
gen_pfa_large            L=40  B=8     m=128   inner=1      min=   208.064 us/xform  median=   208.177  sd=  0.05%     24.56 GF/s  setup=0.366 s
gen_pfa_large            L=40  B=8     m=128   inner=1      min=   202.683 us/xform  median=   202.788  sd=  0.06%     25.21 GF/s  setup=0.413 s
gen_pfa_large            L=40  B=8     m=128   inner=1      min=   201.049 us/xform  median=   201.276  sd=  0.07%     25.41 GF/s  setup=0.488 s
gen_pfa_large            L=40  B=8     m=2     inner=1      min=   241.040 us/xform  median=   241.040  sd=  0.00%     21.20 GF/s  setup=0.354 s
gen_planner              L=40  B=8     m=128   inner=1      min=   504.428 us/xform  median=   506.395  sd=  0.26%     10.13 GF/s  setup=0.017 s
gen_planner              L=40  B=8     m=128   inner=1      min=   506.154 us/xform  median=   508.181  sd=  0.38%     10.09 GF/s  setup=0.018 s
gen_planner              L=40  B=8     m=128   inner=1      min=   506.760 us/xform  median=   509.544  sd=  0.28%     10.08 GF/s  setup=0.018 s
gen_planner              L=40  B=8     m=2     inner=1      min=   619.123 us/xform  median=   619.123  sd=  0.00%      8.25 GF/s  setup=0.017 s
gen_race                 L=40  B=8     m=128   inner=1      min=   506.349 us/xform  median=   508.363  sd=  0.27%     10.09 GF/s  setup=0.005 s
gen_race                 L=40  B=8     m=128   inner=1      min=   500.094 us/xform  median=   502.899  sd=  0.20%     10.22 GF/s  setup=0.003 s
gen_race                 L=40  B=8     m=128   inner=1      min=   505.532 us/xform  median=   508.288  sd=  0.31%     10.11 GF/s  setup=0.003 s
gen_race                 L=40  B=8     m=2     inner=1      min=   640.418 us/xform  median=   640.418  sd=  0.00%      7.98 GF/s  setup=0.003 s
gen_twiddle              L=40  B=8     m=128   inner=1      min=   872.574 us/xform  median=   873.169  sd=  0.04%      5.86 GF/s  setup=0.002 s
gen_twiddle              L=40  B=8     m=128   inner=1      min=   865.114 us/xform  median=   866.170  sd=  0.07%      5.91 GF/s  setup=0.002 s
gen_twiddle              L=40  B=8     m=128   inner=1      min=   853.386 us/xform  median=   855.019  sd=  0.09%      5.99 GF/s  setup=0.002 s
gen_twiddle              L=40  B=8     m=2     inner=1      min=  1044.342 us/xform  median=  1044.342  sd=  0.00%      4.89 GF/s  setup=0.002 s
mkl2026_dfti             L=40  B=8     m=128   inner=1      min=   405.696 us/xform  median=   406.156  sd=  0.09%     12.59 GF/s  setup=0.002 s
mkl2026_dfti             L=40  B=8     m=128   inner=1      min=   406.187 us/xform  median=   406.681  sd=  0.08%     12.58 GF/s  setup=0.002 s
mkl2026_dfti             L=40  B=8     m=128   inner=1      min=   403.335 us/xform  median=   404.121  sd=  0.10%     12.67 GF/s  setup=0.002 s
mkl2026_dfti             L=40  B=8     m=2     inner=1      min=   650.555 us/xform  median=   650.555  sd=  0.00%      7.85 GF/s  setup=0.002 s
mkl_dfti                 L=40  B=8     m=128   inner=1      min=   407.026 us/xform  median=   407.519  sd=  0.06%     12.55 GF/s  setup=0.003 s
mkl_dfti                 L=40  B=8     m=128   inner=1      min=   406.365 us/xform  median=   406.721  sd=  0.06%     12.57 GF/s  setup=0.002 s
mkl_dfti                 L=40  B=8     m=128   inner=1      min=   406.460 us/xform  median=   407.221  sd=  0.07%     12.57 GF/s  setup=0.002 s
mkl_dfti                 L=40  B=8     m=2     inner=1      min=   659.804 us/xform  median=   659.804  sd=  0.00%      7.74 GF/s  setup=0.002 s
baseline_matrix          L=50  B=4     m=128   inner=1      min= 34339.690 us/xform  median= 34348.219  sd=  0.01%      0.31 GF/s  setup=0.000 s
baseline_matrix          L=50  B=4     m=128   inner=1      min= 34322.458 us/xform  median= 34329.142  sd=  0.01%      0.31 GF/s  setup=0.000 s
baseline_matrix          L=50  B=4     m=128   inner=1      min= 34714.364 us/xform  median= 34717.865  sd=  0.01%      0.30 GF/s  setup=0.000 s
baseline_matrix          L=50  B=4     m=2     inner=1      min= 34991.772 us/xform  median= 34991.772  sd=  0.00%      0.30 GF/s  setup=0.000 s
ducc0_c2c                L=50  B=4     m=128   inner=1      min=  1262.437 us/xform  median=  1266.690  sd=  0.27%      8.38 GF/s  setup=0.000 s
ducc0_c2c                L=50  B=4     m=128   inner=1      min=  1271.955 us/xform  median=  1277.229  sd=  0.37%      8.32 GF/s  setup=0.000 s
ducc0_c2c                L=50  B=4     m=128   inner=1      min=  1271.029 us/xform  median=  1275.453  sd=  0.27%      8.33 GF/s  setup=0.000 s
ducc0_c2c                L=50  B=4     m=2     inner=1      min=  1654.767 us/xform  median=  1654.767  sd=  0.00%      6.39 GF/s  setup=0.000 s
fftw3_estimate           L=50  B=4     m=128   inner=1      min=  1554.523 us/xform  median=  1556.698  sd=  0.07%      6.81 GF/s  setup=0.002 s
fftw3_estimate           L=50  B=4     m=128   inner=1      min=  1616.470 us/xform  median=  1618.374  sd=  0.10%      6.55 GF/s  setup=0.002 s
fftw3_estimate           L=50  B=4     m=128   inner=1      min=  1634.644 us/xform  median=  1636.149  sd=  0.07%      6.47 GF/s  setup=0.002 s
fftw3_estimate           L=50  B=4     m=2     inner=1      min=  2040.385 us/xform  median=  2040.385  sd=  0.00%      5.19 GF/s  setup=0.003 s
fftw3_measure            L=50  B=4     m=128   inner=1      min=  1193.150 us/xform  median=  1196.172  sd=  0.11%      8.87 GF/s  setup=0.091 s
fftw3_measure            L=50  B=4     m=128   inner=1      min=  1234.214 us/xform  median=  1236.220  sd=  0.13%      8.57 GF/s  setup=0.092 s
fftw3_measure            L=50  B=4     m=128   inner=1      min=  1189.280 us/xform  median=  1189.764  sd=  0.03%      8.90 GF/s  setup=0.093 s
fftw3_measure            L=50  B=4     m=2     inner=1      min=  1325.766 us/xform  median=  1325.766  sd=  0.00%      7.98 GF/s  setup=0.089 s
fftw3_patient            L=50  B=4     m=128   inner=1      min=  1175.868 us/xform  median=  1176.534  sd=  0.03%      9.00 GF/s  setup=1.106 s
fftw3_patient            L=50  B=4     m=128   inner=1      min=  1177.931 us/xform  median=  1178.437  sd=  0.03%      8.98 GF/s  setup=1.321 s
fftw3_patient            L=50  B=4     m=128   inner=1      min=  1206.314 us/xform  median=  1206.897  sd=  0.03%      8.77 GF/s  setup=1.352 s
fftw3_patient            L=50  B=4     m=2     inner=1      min=  1312.373 us/xform  median=  1312.373  sd=  0.00%      8.06 GF/s  setup=1.105 s
gen_bluestein            L=50  B=4     m=128   inner=1      min=  2193.879 us/xform  median=  2194.333  sd=  0.02%      4.82 GF/s  setup=0.000 s
gen_bluestein            L=50  B=4     m=128   inner=1      min=  2181.945 us/xform  median=  2186.577  sd=  0.12%      4.85 GF/s  setup=0.000 s
gen_bluestein            L=50  B=4     m=128   inner=1      min=  2186.880 us/xform  median=  2188.404  sd=  0.05%      4.84 GF/s  setup=0.000 s
gen_bluestein            L=50  B=4     m=2     inner=1      min=  2440.116 us/xform  median=  2440.116  sd=  0.00%      4.34 GF/s  setup=0.000 s
gen_layout               L=50  B=4     m=128   inner=1      min=  1283.994 us/xform  median=  1284.220  sd=  0.02%      8.24 GF/s  setup=0.001 s
gen_layout               L=50  B=4     m=128   inner=1      min=  1290.636 us/xform  median=  1290.927  sd=  0.02%      8.20 GF/s  setup=0.001 s
gen_layout               L=50  B=4     m=128   inner=1      min=  1290.642 us/xform  median=  1290.906  sd=  0.02%      8.20 GF/s  setup=0.001 s
gen_layout               L=50  B=4     m=2     inner=1      min=  1455.804 us/xform  median=  1455.804  sd=  0.00%      7.27 GF/s  setup=0.001 s
gen_pfa_large            L=50  B=4     m=128   inner=1      min=   473.024 us/xform  median=   473.470  sd=  0.05%     22.37 GF/s  setup=0.662 s
gen_pfa_large            L=50  B=4     m=128   inner=1      min=   478.477 us/xform  median=   478.662  sd=  0.04%     22.12 GF/s  setup=0.849 s
gen_pfa_large            L=50  B=4     m=128   inner=1      min=   475.588 us/xform  median=   475.875  sd=  0.04%     22.25 GF/s  setup=0.894 s
gen_pfa_large            L=50  B=4     m=2     inner=1      min=   540.146 us/xform  median=   540.146  sd=  0.00%     19.59 GF/s  setup=0.671 s
gen_planner              L=50  B=4     m=128   inner=1      min=  1184.431 us/xform  median=  1188.335  sd=  0.16%      8.93 GF/s  setup=0.045 s
gen_planner              L=50  B=4     m=128   inner=1      min=  1216.638 us/xform  median=  1222.866  sd=  0.26%      8.70 GF/s  setup=0.044 s
gen_planner              L=50  B=4     m=128   inner=1      min=  1222.150 us/xform  median=  1227.706  sd=  0.20%      8.66 GF/s  setup=0.045 s
gen_planner              L=50  B=4     m=2     inner=1      min=  1494.335 us/xform  median=  1494.335  sd=  0.00%      7.08 GF/s  setup=0.043 s
gen_powp                 L=50  B=4     m=128   inner=1      min=   474.028 us/xform  median=   474.431  sd=  0.05%     22.32 GF/s  setup=0.742 s
gen_powp                 L=50  B=4     m=128   inner=1      min=   475.824 us/xform  median=   476.061  sd=  0.05%     22.24 GF/s  setup=0.004 s
gen_powp                 L=50  B=4     m=128   inner=1      min=   478.142 us/xform  median=   478.621  sd=  0.06%     22.13 GF/s  setup=0.002 s
gen_powp                 L=50  B=4     m=2     inner=1      min=   635.005 us/xform  median=   635.005  sd=  0.00%     16.66 GF/s  setup=0.002 s
gen_race                 L=50  B=4     m=128   inner=1      min=  1184.584 us/xform  median=  1189.920  sd=  0.17%      8.93 GF/s  setup=0.003 s
gen_race                 L=50  B=4     m=128   inner=1      min=  1171.626 us/xform  median=  1176.890  sd=  0.21%      9.03 GF/s  setup=0.004 s
gen_race                 L=50  B=4     m=128   inner=1      min=  1183.210 us/xform  median=  1185.783  sd=  0.14%      8.94 GF/s  setup=0.003 s
gen_race                 L=50  B=4     m=2     inner=1      min=  1471.961 us/xform  median=  1471.961  sd=  0.00%      7.19 GF/s  setup=0.004 s
gen_twiddle              L=50  B=4     m=128   inner=1      min=  1831.066 us/xform  median=  1832.218  sd=  0.03%      5.78 GF/s  setup=0.003 s
gen_twiddle              L=50  B=4     m=128   inner=1      min=  1841.191 us/xform  median=  1841.816  sd=  0.03%      5.75 GF/s  setup=0.003 s
gen_twiddle              L=50  B=4     m=128   inner=1      min=  1834.897 us/xform  median=  1835.827  sd=  0.04%      5.77 GF/s  setup=0.003 s
gen_twiddle              L=50  B=4     m=2     inner=1      min=  2205.729 us/xform  median=  2205.729  sd=  0.00%      4.80 GF/s  setup=0.003 s
mkl2026_dfti             L=50  B=4     m=128   inner=1      min=   962.246 us/xform  median=   964.557  sd=  0.14%     11.00 GF/s  setup=0.049 s
mkl2026_dfti             L=50  B=4     m=128   inner=1      min=   963.813 us/xform  median=   965.120  sd=  0.15%     10.98 GF/s  setup=0.047 s
mkl2026_dfti             L=50  B=4     m=128   inner=1      min=   961.417 us/xform  median=   962.587  sd=  0.26%     11.01 GF/s  setup=0.050 s
mkl2026_dfti             L=50  B=4     m=2     inner=1      min=  1484.790 us/xform  median=  1484.790  sd=  0.00%      7.13 GF/s  setup=0.049 s
mkl_dfti                 L=50  B=4     m=128   inner=1      min=   949.139 us/xform  median=   950.661  sd=  0.08%     11.15 GF/s  setup=0.032 s
mkl_dfti                 L=50  B=4     m=128   inner=1      min=   947.418 us/xform  median=   948.029  sd=  0.05%     11.17 GF/s  setup=0.050 s
mkl_dfti                 L=50  B=4     m=128   inner=1      min=   946.682 us/xform  median=   947.222  sd=  0.04%     11.18 GF/s  setup=0.047 s
mkl_dfti                 L=50  B=4     m=2     inner=1      min=  1439.481 us/xform  median=  1439.481  sd=  0.00%      7.35 GF/s  setup=0.047 s
baseline_matrix          L=100 B=1     m=2     inner=1      min=606523.501 us/xform  median=606523.501  sd=  0.00%      0.16 GF/s  setup=0.000 s
ducc0_c2c                L=100 B=1     m=64    inner=1      min= 12049.464 us/xform  median= 12094.558  sd=  0.45%      8.27 GF/s  setup=0.000 s
ducc0_c2c                L=100 B=1     m=64    inner=1      min= 11891.790 us/xform  median= 11936.283  sd=  0.44%      8.38 GF/s  setup=0.000 s
ducc0_c2c                L=100 B=1     m=64    inner=1      min= 11911.379 us/xform  median= 11951.504  sd=  0.41%      8.37 GF/s  setup=0.000 s
ducc0_c2c                L=100 B=1     m=2     inner=1      min= 12468.752 us/xform  median= 12468.752  sd=  0.00%      7.99 GF/s  setup=0.000 s
fftw3_estimate           L=100 B=1     m=64    inner=1      min= 20708.626 us/xform  median= 20719.207  sd=  0.03%      4.81 GF/s  setup=0.002 s
fftw3_estimate           L=100 B=1     m=64    inner=1      min= 20674.524 us/xform  median= 20691.923  sd=  0.04%      4.82 GF/s  setup=0.002 s
fftw3_estimate           L=100 B=1     m=64    inner=1      min= 20626.958 us/xform  median= 20633.498  sd=  0.02%      4.83 GF/s  setup=0.002 s
fftw3_estimate           L=100 B=1     m=2     inner=1      min= 21529.334 us/xform  median= 21529.334  sd=  0.00%      4.63 GF/s  setup=0.002 s
fftw3_measure            L=100 B=1     m=64    inner=1      min= 12026.432 us/xform  median= 12045.980  sd=  0.08%      8.29 GF/s  setup=0.316 s
fftw3_measure            L=100 B=1     m=64    inner=1      min= 12017.885 us/xform  median= 12031.764  sd=  0.07%      8.29 GF/s  setup=0.312 s
fftw3_measure            L=100 B=1     m=64    inner=1      min= 12183.533 us/xform  median= 12204.162  sd=  0.07%      8.18 GF/s  setup=0.315 s
fftw3_measure            L=100 B=1     m=2     inner=1      min= 12032.902 us/xform  median= 12032.902  sd=  0.00%      8.28 GF/s  setup=0.278 s
fftw3_patient            L=100 B=1     m=64    inner=1      min= 10064.269 us/xform  median= 10069.765  sd=  0.03%      9.90 GF/s  setup=17.735 s
fftw3_patient            L=100 B=1     m=64    inner=1      min= 10034.629 us/xform  median= 10041.001  sd=  0.05%      9.93 GF/s  setup=17.456 s
fftw3_patient            L=100 B=1     m=64    inner=1      min= 10041.720 us/xform  median= 10049.204  sd=  0.03%      9.92 GF/s  setup=17.501 s
fftw3_patient            L=100 B=1     m=2     inner=1      min= 10648.068 us/xform  median= 10648.068  sd=  0.00%      9.36 GF/s  setup=17.442 s
gen_bluestein            L=100 B=1     m=64    inner=1      min= 19339.869 us/xform  median= 19347.278  sd=  0.03%      5.15 GF/s  setup=0.000 s
gen_bluestein            L=100 B=1     m=64    inner=1      min= 19425.093 us/xform  median= 19427.575  sd=  0.03%      5.13 GF/s  setup=0.000 s
gen_bluestein            L=100 B=1     m=64    inner=1      min= 19242.306 us/xform  median= 19247.823  sd=  0.02%      5.18 GF/s  setup=0.000 s
gen_bluestein            L=100 B=1     m=2     inner=1      min= 23705.804 us/xform  median= 23705.804  sd=  0.00%      4.20 GF/s  setup=0.000 s
gen_layout               L=100 B=1     m=64    inner=1      min= 22843.988 us/xform  median= 22850.534  sd=  0.03%      4.36 GF/s  setup=0.011 s
gen_layout               L=100 B=1     m=64    inner=1      min= 22773.387 us/xform  median= 22779.490  sd=  0.01%      4.38 GF/s  setup=0.010 s
gen_layout               L=100 B=1     m=64    inner=1      min= 23166.829 us/xform  median= 23176.407  sd=  0.02%      4.30 GF/s  setup=0.010 s
gen_layout               L=100 B=1     m=2     inner=1      min= 23006.371 us/xform  median= 23006.371  sd=  0.00%      4.33 GF/s  setup=0.010 s
gen_pfa_large            L=100 B=1     m=64    inner=1      min=  5091.899 us/xform  median=  5098.924  sd=  0.11%     19.57 GF/s  setup=6.339 s
gen_pfa_large            L=100 B=1     m=64    inner=1      min=  5039.318 us/xform  median=  5046.696  sd=  0.08%     19.78 GF/s  setup=6.436 s
gen_pfa_large            L=100 B=1     m=64    inner=1      min=  4947.503 us/xform  median=  4956.338  sd=  0.11%     20.14 GF/s  setup=6.484 s
gen_pfa_large            L=100 B=1     m=2     inner=1      min=  5595.951 us/xform  median=  5595.951  sd=  0.00%     17.81 GF/s  setup=6.093 s
gen_planner              L=100 B=1     m=64    inner=1      min=  9514.709 us/xform  median=  9535.395  sd=  0.15%     10.47 GF/s  setup=0.357 s
gen_planner              L=100 B=1     m=64    inner=1      min=  9533.360 us/xform  median=  9562.942  sd=  0.14%     10.45 GF/s  setup=0.364 s
gen_planner              L=100 B=1     m=64    inner=1      min=  9520.818 us/xform  median=  9531.633  sd=  0.18%     10.47 GF/s  setup=0.288 s
gen_planner              L=100 B=1     m=2     inner=1      min= 10676.794 us/xform  median= 10676.794  sd=  0.00%      9.33 GF/s  setup=0.285 s
gen_powp                 L=100 B=1     m=64    inner=1      min=  5032.854 us/xform  median=  5037.257  sd=  0.09%     19.80 GF/s  setup=3.843 s
gen_powp                 L=100 B=1     m=64    inner=1      min=  5038.699 us/xform  median=  5043.106  sd=  0.08%     19.78 GF/s  setup=0.006 s
gen_powp                 L=100 B=1     m=64    inner=1      min=  5031.324 us/xform  median=  5038.504  sd=  0.09%     19.81 GF/s  setup=0.003 s
gen_powp                 L=100 B=1     m=2     inner=1      min=  5880.071 us/xform  median=  5880.071  sd=  0.00%     16.95 GF/s  setup=0.002 s
gen_race                 L=100 B=1     m=64    inner=1      min=  9543.552 us/xform  median=  9571.498  sd=  0.13%     10.44 GF/s  setup=0.005 s
gen_race                 L=100 B=1     m=64    inner=1      min=  9501.649 us/xform  median=  9526.036  sd=  0.14%     10.49 GF/s  setup=0.006 s
gen_race                 L=100 B=1     m=64    inner=1      min=  9523.147 us/xform  median=  9541.777  sd=  0.18%     10.46 GF/s  setup=0.002 s
gen_race                 L=100 B=1     m=2     inner=1      min= 10942.379 us/xform  median= 10942.379  sd=  0.00%      9.11 GF/s  setup=0.002 s
gen_twiddle              L=100 B=1     m=64    inner=1      min= 17734.507 us/xform  median= 17737.012  sd=  0.01%      5.62 GF/s  setup=0.006 s
gen_twiddle              L=100 B=1     m=64    inner=1      min= 17900.881 us/xform  median= 17909.808  sd=  0.03%      5.57 GF/s  setup=0.006 s
gen_twiddle              L=100 B=1     m=64    inner=1      min= 17783.128 us/xform  median= 17786.195  sd=  0.02%      5.60 GF/s  setup=0.006 s
gen_twiddle              L=100 B=1     m=2     inner=1      min= 18763.204 us/xform  median= 18763.204  sd=  0.00%      5.31 GF/s  setup=0.006 s
mkl2026_dfti             L=100 B=1     m=64    inner=1      min=  7839.313 us/xform  median=  7848.490  sd=  0.05%     12.71 GF/s  setup=0.032 s
mkl2026_dfti             L=100 B=1     m=64    inner=1      min=  7799.107 us/xform  median=  7805.163  sd=  0.06%     12.78 GF/s  setup=0.055 s
mkl2026_dfti             L=100 B=1     m=64    inner=1      min=  7841.683 us/xform  median=  7848.399  sd=  0.06%     12.71 GF/s  setup=0.051 s
mkl2026_dfti             L=100 B=1     m=2     inner=1      min=  8991.838 us/xform  median=  8991.838  sd=  0.00%     11.08 GF/s  setup=0.048 s
mkl_dfti                 L=100 B=1     m=64    inner=1      min=  7796.570 us/xform  median=  7807.489  sd=  0.07%     12.78 GF/s  setup=0.035 s
mkl_dfti                 L=100 B=1     m=64    inner=1      min=  7825.903 us/xform  median=  7837.554  sd=  0.08%     12.73 GF/s  setup=0.030 s
mkl_dfti                 L=100 B=1     m=64    inner=1      min=  7800.923 us/xform  median=  7808.014  sd=  0.06%     12.78 GF/s  setup=0.049 s
mkl_dfti                 L=100 B=1     m=2     inner=1      min=  9360.105 us/xform  median=  9360.105  sd=  0.00%     10.65 GF/s  setup=0.047 s
