PASS rel_l2=4.504e-16 rel_max=5.013e-16 (tol 1e-12) L=10 B=64
PASS map-chain m=1000: rel_l2=3.487e-13 (anchor 1.000e-13, tol 1.0e-10)
PASS rel_l2=4.504e-16 rel_max=5.013e-16 (tol 1e-12) L=10 B=64
PASS map-2-step: rel_l2=1.187e-15 (tol 3.0e-14)
PASS rel_l2=2.268e-16 rel_max=2.951e-16 (tol 1e-12) L=10 B=64
PASS map-chain m=1000: rel_l2=1.217e-13 (anchor 1.000e-13, tol 1.0e-10)
PASS rel_l2=2.268e-16 rel_max=2.951e-16 (tol 1e-12) L=10 B=64
PASS map-2-step: rel_l2=7.307e-16 (tol 3.0e-14)
PASS rel_l2=2.680e-16 rel_max=3.018e-16 (tol 1e-12) L=10 B=64
PASS map-chain m=1000: rel_l2=9.776e-14 (anchor 1.000e-13, tol 1.0e-10)
PASS rel_l2=2.680e-16 rel_max=3.018e-16 (tol 1e-12) L=10 B=64
PASS map-2-step: rel_l2=8.174e-16 (tol 3.0e-14)
PASS rel_l2=2.724e-16 rel_max=3.018e-16 (tol 1e-12) L=10 B=64
PASS map-chain m=1000: rel_l2=1.147e-13 (anchor 1.000e-13, tol 1.0e-10)
PASS rel_l2=2.724e-16 rel_max=3.018e-16 (tol 1e-12) L=10 B=64
PASS map-2-step: rel_l2=8.451e-16 (tol 3.0e-14)
PASS rel_l2=2.680e-16 rel_max=3.018e-16 (tol 1e-12) L=10 B=64
PASS map-chain m=1000: rel_l2=9.776e-14 (anchor 1.000e-13, tol 1.0e-10)
PASS rel_l2=2.680e-16 rel_max=3.018e-16 (tol 1e-12) L=10 B=64
PASS map-2-step: rel_l2=8.174e-16 (tol 3.0e-14)
PASS rel_l2=2.680e-16 rel_max=3.018e-16 (tol 1e-12) L=10 B=64
PASS map-chain m=1000: rel_l2=9.776e-14 (anchor 1.000e-13, tol 1.0e-10)
PASS rel_l2=2.688e-16 rel_max=3.018e-16 (tol 1e-12) L=10 B=64
PASS map-2-step: rel_l2=8.209e-16 (tol 3.0e-14)
PASS rel_l2=2.605e-16 rel_max=3.345e-16 (tol 1e-12) L=10 B=64
PASS map-chain m=1000: rel_l2=1.573e-13 (anchor 1.000e-13, tol 1.0e-10)
PASS rel_l2=2.605e-16 rel_max=3.345e-16 (tol 1e-12) L=10 B=64
PASS map-2-step: rel_l2=8.168e-16 (tol 3.0e-14)
PASS rel_l2=3.974e-16 rel_max=4.399e-16 (tol 1e-12) L=10 B=64
PASS map-chain m=1000: rel_l2=1.909e-13 (anchor 1.000e-13, tol 1.0e-10)
PASS rel_l2=3.974e-16 rel_max=4.399e-16 (tol 1e-12) L=10 B=64
PASS map-2-step: rel_l2=1.220e-15 (tol 3.0e-14)
PASS rel_l2=2.840e-16 rel_max=3.817e-16 (tol 1e-12) L=10 B=64
PASS map-chain m=1000: rel_l2=1.554e-13 (anchor 1.000e-13, tol 1.0e-10)
PASS rel_l2=2.840e-16 rel_max=3.817e-16 (tol 1e-12) L=10 B=64
PASS map-2-step: rel_l2=8.640e-16 (tol 3.0e-14)
PASS rel_l2=2.830e-16 rel_max=3.935e-16 (tol 1e-12) L=10 B=64
PASS map-chain m=1000: rel_l2=1.204e-13 (anchor 1.000e-13, tol 1.0e-10)
PASS rel_l2=2.830e-16 rel_max=3.935e-16 (tol 1e-12) L=10 B=64
PASS map-2-step: rel_l2=8.913e-16 (tol 3.0e-14)
PASS rel_l2=2.605e-16 rel_max=3.345e-16 (tol 1e-12) L=10 B=64
PASS map-chain m=1000: rel_l2=1.430e-13 (anchor 1.000e-13, tol 1.0e-10)
PASS rel_l2=2.605e-16 rel_max=3.345e-16 (tol 1e-12) L=10 B=64
PASS map-2-step: rel_l2=8.079e-16 (tol 3.0e-14)
PASS rel_l2=2.925e-16 rel_max=3.441e-16 (tol 1e-12) L=10 B=64
PASS map-chain m=1000: rel_l2=1.082e-13 (anchor 1.000e-13, tol 1.0e-10)
PASS rel_l2=2.925e-16 rel_max=3.441e-16 (tol 1e-12) L=10 B=64
PASS map-2-step: rel_l2=9.093e-16 (tol 3.0e-14)
PASS rel_l2=2.925e-16 rel_max=3.441e-16 (tol 1e-12) L=10 B=64
PASS map-chain m=1000: rel_l2=1.082e-13 (anchor 1.000e-13, tol 1.0e-10)
PASS rel_l2=2.925e-16 rel_max=3.441e-16 (tol 1e-12) L=10 B=64
PASS map-2-step: rel_l2=9.093e-16 (tol 3.0e-14)
PASS rel_l2=2.927e-16 rel_max=3.441e-16 (tol 1e-12) L=10 B=64
PASS map-chain m=1000: rel_l2=1.264e-13 (anchor 1.000e-13, tol 1.0e-10)
PASS rel_l2=2.927e-16 rel_max=3.441e-16 (tol 1e-12) L=10 B=64
PASS map-2-step: rel_l2=8.927e-16 (tol 3.0e-14)
PASS rel_l2=3.176e-16 rel_max=3.245e-16 (tol 1e-12) L=10 B=64
PASS map-chain m=1000: rel_l2=1.631e-13 (anchor 1.000e-13, tol 1.0e-10)
PASS rel_l2=3.176e-16 rel_max=3.245e-16 (tol 1e-12) L=10 B=64
PASS map-2-step: rel_l2=9.484e-16 (tol 3.0e-14)
PASS rel_l2=3.152e-16 rel_max=3.935e-16 (tol 1e-12) L=10 B=64
PASS map-chain m=1000: rel_l2=1.726e-13 (anchor 1.000e-13, tol 1.0e-10)
PASS rel_l2=3.152e-16 rel_max=3.935e-16 (tol 1e-12) L=10 B=64
PASS map-2-step: rel_l2=9.417e-16 (tol 3.0e-14)
PASS rel_l2=6.256e-16 rel_max=6.628e-16 (tol 1e-12) L=12 B=64
PASS map-chain m=600: rel_l2=2.725e-13 (anchor 3.621e-14, tol 1.0e-10)
PASS rel_l2=6.256e-16 rel_max=6.628e-16 (tol 1e-12) L=12 B=64
PASS map-2-step: rel_l2=1.695e-15 (tol 3.0e-14)
PASS rel_l2=1.978e-16 rel_max=2.732e-16 (tol 1e-12) L=12 B=64
PASS map-chain m=600: rel_l2=3.028e-14 (anchor 3.621e-14, tol 1.0e-10)
PASS rel_l2=1.978e-16 rel_max=2.732e-16 (tol 1e-12) L=12 B=64
PASS map-2-step: rel_l2=6.952e-16 (tol 3.0e-14)
PASS rel_l2=2.898e-16 rel_max=4.059e-16 (tol 1e-12) L=12 B=64
PASS map-chain m=600: rel_l2=4.155e-14 (anchor 3.621e-14, tol 1.0e-10)
PASS rel_l2=2.898e-16 rel_max=4.059e-16 (tol 1e-12) L=12 B=64
PASS map-2-step: rel_l2=8.959e-16 (tol 3.0e-14)
PASS rel_l2=2.944e-16 rel_max=4.114e-16 (tol 1e-12) L=12 B=64
PASS map-chain m=600: rel_l2=4.321e-14 (anchor 3.621e-14, tol 1.0e-10)
PASS rel_l2=2.944e-16 rel_max=4.114e-16 (tol 1e-12) L=12 B=64
PASS map-2-step: rel_l2=9.206e-16 (tol 3.0e-14)
PASS rel_l2=2.915e-16 rel_max=4.059e-16 (tol 1e-12) L=12 B=64
PASS map-chain m=600: rel_l2=4.268e-14 (anchor 3.621e-14, tol 1.0e-10)
PASS rel_l2=2.906e-16 rel_max=4.059e-16 (tol 1e-12) L=12 B=64
PASS map-2-step: rel_l2=9.023e-16 (tol 3.0e-14)
PASS rel_l2=2.915e-16 rel_max=4.059e-16 (tol 1e-12) L=12 B=64
PASS map-chain m=600: rel_l2=4.268e-14 (anchor 3.621e-14, tol 1.0e-10)
PASS rel_l2=2.915e-16 rel_max=4.059e-16 (tol 1e-12) L=12 B=64
PASS map-2-step: rel_l2=9.066e-16 (tol 3.0e-14)
PASS rel_l2=2.888e-16 rel_max=3.373e-16 (tol 1e-12) L=12 B=64
PASS map-chain m=600: rel_l2=4.072e-14 (anchor 3.621e-14, tol 1.0e-10)
PASS rel_l2=2.888e-16 rel_max=3.373e-16 (tol 1e-12) L=12 B=64
PASS map-2-step: rel_l2=9.186e-16 (tol 3.0e-14)
PASS rel_l2=4.803e-16 rel_max=5.626e-16 (tol 1e-12) L=12 B=64
PASS map-chain m=600: rel_l2=8.188e-14 (anchor 3.621e-14, tol 1.0e-10)
PASS rel_l2=4.803e-16 rel_max=5.626e-16 (tol 1e-12) L=12 B=64
PASS map-2-step: rel_l2=1.393e-15 (tol 3.0e-14)
PASS rel_l2=2.970e-16 rel_max=3.556e-16 (tol 1e-12) L=12 B=64
PASS map-chain m=600: rel_l2=5.074e-14 (anchor 3.621e-14, tol 1.0e-10)
PASS rel_l2=2.970e-16 rel_max=3.556e-16 (tol 1e-12) L=12 B=64
PASS map-2-step: rel_l2=9.230e-16 (tol 3.0e-14)
PASS rel_l2=2.977e-16 rel_max=3.373e-16 (tol 1e-12) L=12 B=64
PASS map-chain m=600: rel_l2=6.094e-14 (anchor 3.621e-14, tol 1.0e-10)
PASS rel_l2=2.977e-16 rel_max=3.373e-16 (tol 1e-12) L=12 B=64
PASS map-2-step: rel_l2=9.420e-16 (tol 3.0e-14)
PASS rel_l2=2.888e-16 rel_max=3.373e-16 (tol 1e-12) L=12 B=64
PASS map-chain m=600: rel_l2=4.072e-14 (anchor 3.621e-14, tol 1.0e-10)
PASS rel_l2=2.888e-16 rel_max=3.373e-16 (tol 1e-12) L=12 B=64
PASS map-2-step: rel_l2=9.186e-16 (tol 3.0e-14)
PASS rel_l2=2.867e-16 rel_max=3.002e-16 (tol 1e-12) L=12 B=64
PASS map-chain m=600: rel_l2=5.400e-14 (anchor 3.621e-14, tol 1.0e-10)
PASS rel_l2=2.867e-16 rel_max=3.002e-16 (tol 1e-12) L=12 B=64
PASS map-2-step: rel_l2=9.159e-16 (tol 3.0e-14)
PASS rel_l2=2.867e-16 rel_max=3.002e-16 (tol 1e-12) L=12 B=64
PASS map-chain m=600: rel_l2=5.400e-14 (anchor 3.621e-14, tol 1.0e-10)
PASS rel_l2=2.867e-16 rel_max=3.002e-16 (tol 1e-12) L=12 B=64
PASS map-2-step: rel_l2=9.159e-16 (tol 3.0e-14)
PASS rel_l2=2.959e-16 rel_max=3.094e-16 (tol 1e-12) L=12 B=64
PASS map-chain m=600: rel_l2=5.268e-14 (anchor 3.621e-14, tol 1.0e-10)
PASS rel_l2=2.959e-16 rel_max=3.094e-16 (tol 1e-12) L=12 B=64
PASS map-2-step: rel_l2=9.598e-16 (tol 3.0e-14)
PASS rel_l2=2.944e-16 rel_max=4.114e-16 (tol 1e-12) L=12 B=64
PASS map-chain m=600: rel_l2=4.321e-14 (anchor 3.621e-14, tol 1.0e-10)
PASS rel_l2=2.944e-16 rel_max=4.114e-16 (tol 1e-12) L=12 B=64
PASS map-2-step: rel_l2=9.206e-16 (tol 3.0e-14)
PASS rel_l2=2.888e-16 rel_max=3.373e-16 (tol 1e-12) L=12 B=64
PASS map-chain m=600: rel_l2=4.106e-14 (anchor 3.621e-14, tol 1.0e-10)
PASS rel_l2=2.888e-16 rel_max=3.373e-16 (tol 1e-12) L=12 B=64
PASS map-2-step: rel_l2=9.046e-16 (tol 3.0e-14)
PASS rel_l2=6.598e-16 rel_max=6.896e-16 (tol 1e-12) L=15 B=32
PASS map-chain m=600: rel_l2=2.707e-13 (anchor 4.348e-14, tol 1.0e-10)
PASS rel_l2=6.598e-16 rel_max=6.896e-16 (tol 1e-12) L=15 B=32
PASS map-2-step: rel_l2=1.981e-15 (tol 3.0e-14)
PASS rel_l2=2.693e-16 rel_max=3.638e-16 (tol 1e-12) L=15 B=32
PASS map-chain m=600: rel_l2=3.459e-14 (anchor 4.348e-14, tol 1.0e-10)
PASS rel_l2=2.693e-16 rel_max=3.638e-16 (tol 1e-12) L=15 B=32
PASS map-2-step: rel_l2=9.507e-16 (tol 3.0e-14)
PASS rel_l2=3.354e-16 rel_max=3.734e-16 (tol 1e-12) L=15 B=32
PASS map-chain m=600: rel_l2=5.173e-14 (anchor 4.348e-14, tol 1.0e-10)
PASS rel_l2=3.354e-16 rel_max=3.734e-16 (tol 1e-12) L=15 B=32
PASS map-2-step: rel_l2=1.150e-15 (tol 3.0e-14)
PASS rel_l2=3.255e-16 rel_max=3.869e-16 (tol 1e-12) L=15 B=32
PASS map-chain m=600: rel_l2=4.966e-14 (anchor 4.348e-14, tol 1.0e-10)
PASS rel_l2=3.255e-16 rel_max=3.869e-16 (tol 1e-12) L=15 B=32
PASS map-2-step: rel_l2=1.139e-15 (tol 3.0e-14)
PASS rel_l2=3.354e-16 rel_max=3.734e-16 (tol 1e-12) L=15 B=32
PASS map-chain m=600: rel_l2=5.173e-14 (anchor 4.348e-14, tol 1.0e-10)
PASS rel_l2=3.354e-16 rel_max=3.734e-16 (tol 1e-12) L=15 B=32
PASS map-2-step: rel_l2=1.150e-15 (tol 3.0e-14)
PASS rel_l2=3.407e-16 rel_max=4.000e-16 (tol 1e-12) L=15 B=32
PASS map-chain m=600: rel_l2=5.097e-14 (anchor 4.348e-14, tol 1.0e-10)
PASS rel_l2=3.354e-16 rel_max=3.734e-16 (tol 1e-12) L=15 B=32
PASS map-2-step: rel_l2=1.150e-15 (tol 3.0e-14)
PASS rel_l2=3.141e-16 rel_max=3.037e-16 (tol 1e-12) L=15 B=32
PASS map-chain m=600: rel_l2=5.445e-14 (anchor 4.348e-14, tol 1.0e-10)
PASS rel_l2=3.141e-16 rel_max=3.037e-16 (tol 1e-12) L=15 B=32
PASS map-2-step: rel_l2=1.124e-15 (tol 3.0e-14)
PASS rel_l2=5.725e-16 rel_max=6.483e-16 (tol 1e-12) L=15 B=32
PASS map-chain m=600: rel_l2=9.265e-14 (anchor 4.348e-14, tol 1.0e-10)
PASS rel_l2=5.725e-16 rel_max=6.483e-16 (tol 1e-12) L=15 B=32
PASS map-2-step: rel_l2=1.708e-15 (tol 3.0e-14)
PASS rel_l2=3.303e-16 rel_max=3.675e-16 (tol 1e-12) L=15 B=32
PASS map-chain m=600: rel_l2=4.786e-14 (anchor 4.348e-14, tol 1.0e-10)
PASS rel_l2=3.303e-16 rel_max=3.675e-16 (tol 1e-12) L=15 B=32
PASS map-2-step: rel_l2=1.152e-15 (tol 3.0e-14)
PASS rel_l2=3.318e-16 rel_max=3.685e-16 (tol 1e-12) L=15 B=32
PASS map-chain m=600: rel_l2=4.802e-14 (anchor 4.348e-14, tol 1.0e-10)
PASS rel_l2=3.318e-16 rel_max=3.685e-16 (tol 1e-12) L=15 B=32
PASS map-2-step: rel_l2=1.156e-15 (tol 3.0e-14)
PASS rel_l2=3.141e-16 rel_max=3.037e-16 (tol 1e-12) L=15 B=32
PASS map-chain m=600: rel_l2=5.445e-14 (anchor 4.348e-14, tol 1.0e-10)
PASS rel_l2=3.141e-16 rel_max=3.037e-16 (tol 1e-12) L=15 B=32
PASS map-2-step: rel_l2=1.124e-15 (tol 3.0e-14)
PASS rel_l2=3.429e-16 rel_max=3.329e-16 (tol 1e-12) L=15 B=32
PASS map-chain m=600: rel_l2=5.327e-14 (anchor 4.348e-14, tol 1.0e-10)
PASS rel_l2=3.429e-16 rel_max=3.329e-16 (tol 1e-12) L=15 B=32
PASS map-2-step: rel_l2=1.188e-15 (tol 3.0e-14)
PASS rel_l2=3.429e-16 rel_max=3.329e-16 (tol 1e-12) L=15 B=32
PASS map-chain m=600: rel_l2=5.327e-14 (anchor 4.348e-14, tol 1.0e-10)
PASS rel_l2=3.429e-16 rel_max=3.329e-16 (tol 1e-12) L=15 B=32
PASS map-2-step: rel_l2=1.188e-15 (tol 3.0e-14)
PASS rel_l2=3.380e-16 rel_max=3.265e-16 (tol 1e-12) L=15 B=32
PASS map-chain m=600: rel_l2=4.964e-14 (anchor 4.348e-14, tol 1.0e-10)
PASS rel_l2=3.380e-16 rel_max=3.265e-16 (tol 1e-12) L=15 B=32
PASS map-2-step: rel_l2=1.189e-15 (tol 3.0e-14)
PASS rel_l2=3.555e-16 rel_max=3.910e-16 (tol 1e-12) L=15 B=32
PASS map-chain m=600: rel_l2=5.754e-14 (anchor 4.348e-14, tol 1.0e-10)
PASS rel_l2=3.555e-16 rel_max=3.910e-16 (tol 1e-12) L=15 B=32
PASS map-2-step: rel_l2=1.199e-15 (tol 3.0e-14)
PASS rel_l2=3.506e-16 rel_max=3.629e-16 (tol 1e-12) L=15 B=32
PASS map-chain m=600: rel_l2=5.197e-14 (anchor 4.348e-14, tol 1.0e-10)
PASS rel_l2=3.506e-16 rel_max=3.629e-16 (tol 1e-12) L=15 B=32
PASS map-2-step: rel_l2=1.181e-15 (tol 3.0e-14)
PASS rel_l2=5.421e-16 rel_max=6.363e-16 (tol 1e-12) L=20 B=32
PASS map-chain m=256: rel_l2=9.652e-14 (anchor 2.366e-14, tol 1.0e-10)
PASS rel_l2=5.421e-16 rel_max=6.363e-16 (tol 1e-12) L=20 B=32
PASS map-2-step: rel_l2=1.766e-15 (tol 3.0e-14)
PASS rel_l2=2.767e-16 rel_max=3.441e-16 (tol 1e-12) L=20 B=32
PASS map-chain m=256: rel_l2=2.502e-14 (anchor 2.366e-14, tol 1.0e-10)
PASS rel_l2=2.767e-16 rel_max=3.441e-16 (tol 1e-12) L=20 B=32
PASS map-2-step: rel_l2=1.112e-15 (tol 3.0e-14)
PASS rel_l2=3.029e-16 rel_max=3.427e-16 (tol 1e-12) L=20 B=32
PASS map-chain m=256: rel_l2=2.549e-14 (anchor 2.366e-14, tol 1.0e-10)
PASS rel_l2=3.029e-16 rel_max=3.427e-16 (tol 1e-12) L=20 B=32
PASS map-2-step: rel_l2=1.180e-15 (tol 3.0e-14)
PASS rel_l2=3.055e-16 rel_max=3.821e-16 (tol 1e-12) L=20 B=32
PASS map-chain m=256: rel_l2=2.408e-14 (anchor 2.366e-14, tol 1.0e-10)
PASS rel_l2=3.055e-16 rel_max=3.821e-16 (tol 1e-12) L=20 B=32
PASS map-2-step: rel_l2=1.193e-15 (tol 3.0e-14)
PASS rel_l2=3.054e-16 rel_max=3.244e-16 (tol 1e-12) L=20 B=32
PASS map-chain m=256: rel_l2=2.618e-14 (anchor 2.366e-14, tol 1.0e-10)
PASS rel_l2=3.054e-16 rel_max=3.244e-16 (tol 1e-12) L=20 B=32
PASS map-2-step: rel_l2=1.207e-15 (tol 3.0e-14)
PASS rel_l2=3.029e-16 rel_max=3.427e-16 (tol 1e-12) L=20 B=32
PASS map-chain m=256: rel_l2=2.549e-14 (anchor 2.366e-14, tol 1.0e-10)
PASS rel_l2=3.029e-16 rel_max=3.427e-16 (tol 1e-12) L=20 B=32
PASS map-2-step: rel_l2=1.180e-15 (tol 3.0e-14)
PASS rel_l2=2.970e-16 rel_max=3.831e-16 (tol 1e-12) L=20 B=32
PASS map-chain m=256: rel_l2=2.720e-14 (anchor 2.366e-14, tol 1.0e-10)
PASS rel_l2=2.970e-16 rel_max=3.831e-16 (tol 1e-12) L=20 B=32
PASS map-2-step: rel_l2=1.171e-15 (tol 3.0e-14)
PASS rel_l2=6.032e-16 rel_max=7.199e-16 (tol 1e-12) L=20 B=32
PASS map-chain m=256: rel_l2=4.142e-14 (anchor 2.366e-14, tol 1.0e-10)
PASS rel_l2=6.032e-16 rel_max=7.199e-16 (tol 1e-12) L=20 B=32
PASS map-2-step: rel_l2=1.783e-15 (tol 3.0e-14)
PASS rel_l2=3.334e-16 rel_max=3.935e-16 (tol 1e-12) L=20 B=32
PASS map-chain m=256: rel_l2=2.721e-14 (anchor 2.366e-14, tol 1.0e-10)
PASS rel_l2=3.334e-16 rel_max=3.935e-16 (tol 1e-12) L=20 B=32
PASS map-2-step: rel_l2=1.310e-15 (tol 3.0e-14)
PASS rel_l2=3.327e-16 rel_max=3.870e-16 (tol 1e-12) L=20 B=32
PASS map-chain m=256: rel_l2=2.928e-14 (anchor 2.366e-14, tol 1.0e-10)
PASS rel_l2=3.327e-16 rel_max=3.870e-16 (tol 1e-12) L=20 B=32
PASS map-2-step: rel_l2=1.292e-15 (tol 3.0e-14)
PASS rel_l2=2.970e-16 rel_max=3.831e-16 (tol 1e-12) L=20 B=32
PASS map-chain m=256: rel_l2=2.720e-14 (anchor 2.366e-14, tol 1.0e-10)
PASS rel_l2=2.970e-16 rel_max=3.831e-16 (tol 1e-12) L=20 B=32
PASS map-2-step: rel_l2=1.171e-15 (tol 3.0e-14)
PASS rel_l2=3.240e-16 rel_max=3.831e-16 (tol 1e-12) L=20 B=32
PASS map-chain m=256: rel_l2=2.629e-14 (anchor 2.366e-14, tol 1.0e-10)
PASS rel_l2=3.240e-16 rel_max=3.831e-16 (tol 1e-12) L=20 B=32
PASS map-2-step: rel_l2=1.276e-15 (tol 3.0e-14)
PASS rel_l2=3.240e-16 rel_max=3.831e-16 (tol 1e-12) L=20 B=32
PASS map-chain m=256: rel_l2=2.629e-14 (anchor 2.366e-14, tol 1.0e-10)
PASS rel_l2=3.240e-16 rel_max=3.831e-16 (tol 1e-12) L=20 B=32
PASS map-2-step: rel_l2=1.276e-15 (tol 3.0e-14)
PASS rel_l2=3.338e-16 rel_max=3.847e-16 (tol 1e-12) L=20 B=32
PASS map-chain m=256: rel_l2=2.800e-14 (anchor 2.366e-14, tol 1.0e-10)
PASS rel_l2=3.338e-16 rel_max=3.847e-16 (tol 1e-12) L=20 B=32
PASS map-2-step: rel_l2=1.298e-15 (tol 3.0e-14)
PASS rel_l2=3.656e-16 rel_max=4.000e-16 (tol 1e-12) L=20 B=32
PASS map-chain m=256: rel_l2=3.324e-14 (anchor 2.366e-14, tol 1.0e-10)
PASS rel_l2=3.656e-16 rel_max=4.000e-16 (tol 1e-12) L=20 B=32
PASS map-2-step: rel_l2=1.443e-15 (tol 3.0e-14)
PASS rel_l2=3.652e-16 rel_max=3.977e-16 (tol 1e-12) L=20 B=32
PASS map-chain m=256: rel_l2=3.326e-14 (anchor 2.366e-14, tol 1.0e-10)
PASS rel_l2=3.652e-16 rel_max=3.977e-16 (tol 1e-12) L=20 B=32
PASS map-2-step: rel_l2=1.453e-15 (tol 3.0e-14)
PASS rel_l2=7.744e-16 rel_max=7.992e-16 (tol 1e-12) L=25 B=16
PASS map-chain m=256: rel_l2=1.351e-13 (anchor 3.431e-14, tol 1.0e-10)
PASS rel_l2=7.744e-16 rel_max=7.992e-16 (tol 1e-12) L=25 B=16
PASS map-2-step: rel_l2=2.930e-15 (tol 3.0e-14)
PASS rel_l2=3.081e-16 rel_max=3.574e-16 (tol 1e-12) L=25 B=16
PASS map-chain m=256: rel_l2=3.121e-14 (anchor 3.431e-14, tol 1.0e-10)
PASS rel_l2=3.081e-16 rel_max=3.574e-16 (tol 1e-12) L=25 B=16
PASS map-2-step: rel_l2=1.318e-15 (tol 3.0e-14)
PASS rel_l2=3.700e-16 rel_max=3.877e-16 (tol 1e-12) L=25 B=16
PASS map-chain m=256: rel_l2=4.063e-14 (anchor 3.431e-14, tol 1.0e-10)
PASS rel_l2=3.700e-16 rel_max=3.877e-16 (tol 1e-12) L=25 B=16
PASS map-2-step: rel_l2=1.589e-15 (tol 3.0e-14)
PASS rel_l2=3.916e-16 rel_max=3.955e-16 (tol 1e-12) L=25 B=16
PASS map-chain m=256: rel_l2=4.135e-14 (anchor 3.431e-14, tol 1.0e-10)
PASS rel_l2=3.916e-16 rel_max=3.955e-16 (tol 1e-12) L=25 B=16
PASS map-2-step: rel_l2=1.680e-15 (tol 3.0e-14)
PASS rel_l2=3.700e-16 rel_max=3.877e-16 (tol 1e-12) L=25 B=16
PASS map-chain m=256: rel_l2=4.063e-14 (anchor 3.431e-14, tol 1.0e-10)
PASS rel_l2=3.700e-16 rel_max=3.877e-16 (tol 1e-12) L=25 B=16
PASS map-2-step: rel_l2=1.589e-15 (tol 3.0e-14)
PASS rel_l2=3.700e-16 rel_max=3.877e-16 (tol 1e-12) L=25 B=16
PASS map-chain m=256: rel_l2=4.063e-14 (anchor 3.431e-14, tol 1.0e-10)
PASS rel_l2=3.700e-16 rel_max=3.877e-16 (tol 1e-12) L=25 B=16
PASS map-2-step: rel_l2=1.589e-15 (tol 3.0e-14)
PASS rel_l2=6.476e-16 rel_max=6.770e-16 (tol 1e-12) L=25 B=16
PASS map-chain m=256: rel_l2=5.783e-14 (anchor 3.431e-14, tol 1.0e-10)
PASS rel_l2=6.476e-16 rel_max=6.770e-16 (tol 1e-12) L=25 B=16
PASS map-2-step: rel_l2=2.083e-15 (tol 3.0e-14)
PASS rel_l2=3.865e-16 rel_max=4.334e-16 (tol 1e-12) L=25 B=16
PASS map-chain m=256: rel_l2=4.027e-14 (anchor 3.431e-14, tol 1.0e-10)
PASS rel_l2=3.865e-16 rel_max=4.334e-16 (tol 1e-12) L=25 B=16
PASS map-2-step: rel_l2=1.572e-15 (tol 3.0e-14)
PASS rel_l2=3.709e-16 rel_max=4.420e-16 (tol 1e-12) L=25 B=16
PASS map-chain m=256: rel_l2=4.214e-14 (anchor 3.431e-14, tol 1.0e-10)
PASS rel_l2=3.709e-16 rel_max=4.420e-16 (tol 1e-12) L=25 B=16
PASS map-2-step: rel_l2=1.580e-15 (tol 3.0e-14)
PASS rel_l2=3.603e-16 rel_max=3.703e-16 (tol 1e-12) L=25 B=16
PASS map-chain m=256: rel_l2=3.742e-14 (anchor 3.431e-14, tol 1.0e-10)
PASS rel_l2=3.603e-16 rel_max=3.703e-16 (tol 1e-12) L=25 B=16
PASS map-2-step: rel_l2=1.467e-15 (tol 3.0e-14)
PASS rel_l2=3.709e-16 rel_max=4.420e-16 (tol 1e-12) L=25 B=16
PASS map-chain m=256: rel_l2=4.214e-14 (anchor 3.431e-14, tol 1.0e-10)
PASS rel_l2=3.709e-16 rel_max=4.420e-16 (tol 1e-12) L=25 B=16
PASS map-2-step: rel_l2=1.580e-15 (tol 3.0e-14)
PASS rel_l2=3.697e-16 rel_max=4.334e-16 (tol 1e-12) L=25 B=16
PASS map-chain m=256: rel_l2=3.610e-14 (anchor 3.431e-14, tol 1.0e-10)
PASS rel_l2=3.697e-16 rel_max=4.334e-16 (tol 1e-12) L=25 B=16
PASS map-2-step: rel_l2=1.520e-15 (tol 3.0e-14)
PASS rel_l2=4.124e-16 rel_max=4.420e-16 (tol 1e-12) L=25 B=16
PASS map-chain m=256: rel_l2=3.841e-14 (anchor 3.431e-14, tol 1.0e-10)
PASS rel_l2=4.124e-16 rel_max=4.420e-16 (tol 1e-12) L=25 B=16
PASS map-2-step: rel_l2=1.722e-15 (tol 3.0e-14)
PASS rel_l2=4.120e-16 rel_max=4.895e-16 (tol 1e-12) L=25 B=16
PASS map-chain m=256: rel_l2=4.091e-14 (anchor 3.431e-14, tol 1.0e-10)
PASS rel_l2=4.120e-16 rel_max=4.895e-16 (tol 1e-12) L=25 B=16
PASS map-2-step: rel_l2=1.750e-15 (tol 3.0e-14)
PASS rel_l2=7.905e-16 rel_max=8.668e-16 (tol 1e-12) L=27 B=16
PASS map-chain m=200: rel_l2=1.076e-13 (anchor 2.555e-14, tol 1.0e-10)
PASS rel_l2=7.905e-16 rel_max=8.668e-16 (tol 1e-12) L=27 B=16
PASS map-2-step: rel_l2=2.964e-15 (tol 3.0e-14)
PASS rel_l2=3.216e-16 rel_max=4.097e-16 (tol 1e-12) L=27 B=16
PASS map-chain m=200: rel_l2=2.466e-14 (anchor 2.555e-14, tol 1.0e-10)
PASS rel_l2=3.216e-16 rel_max=4.097e-16 (tol 1e-12) L=27 B=16
PASS map-2-step: rel_l2=1.418e-15 (tol 3.0e-14)
PASS rel_l2=3.607e-16 rel_max=4.653e-16 (tol 1e-12) L=27 B=16
PASS map-chain m=200: rel_l2=3.180e-14 (anchor 2.555e-14, tol 1.0e-10)
PASS rel_l2=3.607e-16 rel_max=4.653e-16 (tol 1e-12) L=27 B=16
PASS map-2-step: rel_l2=1.545e-15 (tol 3.0e-14)
PASS rel_l2=3.653e-16 rel_max=4.391e-16 (tol 1e-12) L=27 B=16
PASS map-chain m=200: rel_l2=2.995e-14 (anchor 2.555e-14, tol 1.0e-10)
PASS rel_l2=3.625e-16 rel_max=4.089e-16 (tol 1e-12) L=27 B=16
PASS map-2-step: rel_l2=1.555e-15 (tol 3.0e-14)
PASS rel_l2=3.735e-16 rel_max=4.960e-16 (tol 1e-12) L=27 B=16
PASS map-chain m=200: rel_l2=3.006e-14 (anchor 2.555e-14, tol 1.0e-10)
PASS rel_l2=3.742e-16 rel_max=4.897e-16 (tol 1e-12) L=27 B=16
PASS map-2-step: rel_l2=1.579e-15 (tol 3.0e-14)
PASS rel_l2=3.742e-16 rel_max=4.897e-16 (tol 1e-12) L=27 B=16
PASS map-chain m=200: rel_l2=3.024e-14 (anchor 2.555e-14, tol 1.0e-10)
PASS rel_l2=3.735e-16 rel_max=4.960e-16 (tol 1e-12) L=27 B=16
PASS map-2-step: rel_l2=1.580e-15 (tol 3.0e-14)
PASS rel_l2=5.588e-16 rel_max=6.574e-16 (tol 1e-12) L=27 B=16
PASS map-chain m=200: rel_l2=4.767e-14 (anchor 2.555e-14, tol 1.0e-10)
PASS rel_l2=5.588e-16 rel_max=6.574e-16 (tol 1e-12) L=27 B=16
PASS map-2-step: rel_l2=2.351e-15 (tol 3.0e-14)
PASS rel_l2=4.125e-16 rel_max=5.300e-16 (tol 1e-12) L=27 B=16
PASS map-chain m=200: rel_l2=3.122e-14 (anchor 2.555e-14, tol 1.0e-10)
PASS rel_l2=4.125e-16 rel_max=5.300e-16 (tol 1e-12) L=27 B=16
PASS map-2-step: rel_l2=1.698e-15 (tol 3.0e-14)
PASS rel_l2=4.001e-16 rel_max=4.391e-16 (tol 1e-12) L=27 B=16
PASS map-chain m=200: rel_l2=3.072e-14 (anchor 2.555e-14, tol 1.0e-10)
PASS rel_l2=4.001e-16 rel_max=4.391e-16 (tol 1e-12) L=27 B=16
PASS map-2-step: rel_l2=1.667e-15 (tol 3.0e-14)
PASS rel_l2=3.728e-16 rel_max=4.649e-16 (tol 1e-12) L=27 B=16
PASS map-chain m=200: rel_l2=3.140e-14 (anchor 2.555e-14, tol 1.0e-10)
PASS rel_l2=3.728e-16 rel_max=4.649e-16 (tol 1e-12) L=27 B=16
PASS map-2-step: rel_l2=1.601e-15 (tol 3.0e-14)
PASS rel_l2=4.001e-16 rel_max=4.391e-16 (tol 1e-12) L=27 B=16
PASS map-chain m=200: rel_l2=3.256e-14 (anchor 2.555e-14, tol 1.0e-10)
PASS rel_l2=4.001e-16 rel_max=4.391e-16 (tol 1e-12) L=27 B=16
PASS map-2-step: rel_l2=1.686e-15 (tol 3.0e-14)
PASS rel_l2=3.879e-16 rel_max=4.471e-16 (tol 1e-12) L=27 B=16
PASS map-chain m=200: rel_l2=3.207e-14 (anchor 2.555e-14, tol 1.0e-10)
PASS rel_l2=3.879e-16 rel_max=4.471e-16 (tol 1e-12) L=27 B=16
PASS map-2-step: rel_l2=1.680e-15 (tol 3.0e-14)
PASS rel_l2=3.707e-16 rel_max=4.485e-16 (tol 1e-12) L=27 B=16
PASS map-chain m=200: rel_l2=3.206e-14 (anchor 2.555e-14, tol 1.0e-10)
PASS rel_l2=3.707e-16 rel_max=4.485e-16 (tol 1e-12) L=27 B=16
PASS map-2-step: rel_l2=1.571e-15 (tol 3.0e-14)
PASS rel_l2=3.707e-16 rel_max=4.485e-16 (tol 1e-12) L=27 B=16
PASS map-chain m=200: rel_l2=3.206e-14 (anchor 2.555e-14, tol 1.0e-10)
PASS rel_l2=3.707e-16 rel_max=4.485e-16 (tol 1e-12) L=27 B=16
PASS map-2-step: rel_l2=1.571e-15 (tol 3.0e-14)
PASS rel_l2=8.122e-16 rel_max=9.154e-16 (tol 1e-12) L=31 B=16
PASS map-chain m=140: rel_l2=7.862e-14 (anchor 1.804e-14, tol 1.0e-10)
PASS rel_l2=8.122e-16 rel_max=9.154e-16 (tol 1e-12) L=31 B=16
PASS map-2-step: rel_l2=3.230e-15 (tol 3.0e-14)
PASS rel_l2=3.207e-16 rel_max=3.817e-16 (tol 1e-12) L=31 B=16
PASS map-chain m=140: rel_l2=2.000e-14 (anchor 1.804e-14, tol 1.0e-10)
PASS rel_l2=3.207e-16 rel_max=3.817e-16 (tol 1e-12) L=31 B=16
PASS map-2-step: rel_l2=1.473e-15 (tol 3.0e-14)
PASS rel_l2=3.917e-16 rel_max=4.464e-16 (tol 1e-12) L=31 B=16
PASS map-chain m=140: rel_l2=2.558e-14 (anchor 1.804e-14, tol 1.0e-10)
PASS rel_l2=3.917e-16 rel_max=4.464e-16 (tol 1e-12) L=31 B=16
PASS map-2-step: rel_l2=1.749e-15 (tol 3.0e-14)
PASS rel_l2=3.917e-16 rel_max=4.464e-16 (tol 1e-12) L=31 B=16
PASS map-chain m=140: rel_l2=2.558e-14 (anchor 1.804e-14, tol 1.0e-10)
PASS rel_l2=3.917e-16 rel_max=4.464e-16 (tol 1e-12) L=31 B=16
PASS map-2-step: rel_l2=1.749e-15 (tol 3.0e-14)
PASS rel_l2=3.917e-16 rel_max=4.464e-16 (tol 1e-12) L=31 B=16
PASS map-chain m=140: rel_l2=2.558e-14 (anchor 1.804e-14, tol 1.0e-10)
PASS rel_l2=3.917e-16 rel_max=4.464e-16 (tol 1e-12) L=31 B=16
PASS map-2-step: rel_l2=1.749e-15 (tol 3.0e-14)
PASS rel_l2=3.917e-16 rel_max=4.464e-16 (tol 1e-12) L=31 B=16
PASS map-chain m=140: rel_l2=2.558e-14 (anchor 1.804e-14, tol 1.0e-10)
PASS rel_l2=3.917e-16 rel_max=4.464e-16 (tol 1e-12) L=31 B=16
PASS map-2-step: rel_l2=1.749e-15 (tol 3.0e-14)
PASS rel_l2=5.646e-16 rel_max=5.816e-16 (tol 1e-12) L=31 B=16
PASS map-chain m=140: rel_l2=4.073e-14 (anchor 1.804e-14, tol 1.0e-10)
PASS rel_l2=5.646e-16 rel_max=5.816e-16 (tol 1e-12) L=31 B=16
PASS map-2-step: rel_l2=2.637e-15 (tol 3.0e-14)
PASS rel_l2=3.913e-16 rel_max=4.235e-16 (tol 1e-12) L=31 B=16
PASS map-chain m=140: rel_l2=2.653e-14 (anchor 1.804e-14, tol 1.0e-10)
PASS rel_l2=3.913e-16 rel_max=4.235e-16 (tol 1e-12) L=31 B=16
PASS map-2-step: rel_l2=1.773e-15 (tol 3.0e-14)
PASS rel_l2=4.016e-16 rel_max=5.090e-16 (tol 1e-12) L=31 B=16
PASS map-chain m=140: rel_l2=2.482e-14 (anchor 1.804e-14, tol 1.0e-10)
PASS rel_l2=4.016e-16 rel_max=5.090e-16 (tol 1e-12) L=31 B=16
PASS map-2-step: rel_l2=1.840e-15 (tol 3.0e-14)
PASS rel_l2=4.022e-16 rel_max=5.090e-16 (tol 1e-12) L=31 B=16
PASS map-chain m=140: rel_l2=2.578e-14 (anchor 1.804e-14, tol 1.0e-10)
PASS rel_l2=4.022e-16 rel_max=5.090e-16 (tol 1e-12) L=31 B=16
PASS map-2-step: rel_l2=1.806e-15 (tol 3.0e-14)
PASS rel_l2=4.022e-16 rel_max=5.090e-16 (tol 1e-12) L=31 B=16
PASS map-chain m=140: rel_l2=2.578e-14 (anchor 1.804e-14, tol 1.0e-10)
PASS rel_l2=4.022e-16 rel_max=5.090e-16 (tol 1e-12) L=31 B=16
PASS map-2-step: rel_l2=1.806e-15 (tol 3.0e-14)
PASS rel_l2=4.061e-16 rel_max=4.430e-16 (tol 1e-12) L=31 B=16
PASS map-chain m=140: rel_l2=2.588e-14 (anchor 1.804e-14, tol 1.0e-10)
PASS rel_l2=4.061e-16 rel_max=4.430e-16 (tol 1e-12) L=31 B=16
PASS map-2-step: rel_l2=1.899e-15 (tol 3.0e-14)
PASS rel_l2=4.022e-16 rel_max=5.090e-16 (tol 1e-12) L=31 B=16
PASS map-chain m=140: rel_l2=2.605e-14 (anchor 1.804e-14, tol 1.0e-10)
PASS rel_l2=4.022e-16 rel_max=5.090e-16 (tol 1e-12) L=31 B=16
PASS map-2-step: rel_l2=1.806e-15 (tol 3.0e-14)
PASS rel_l2=4.223e-16 rel_max=5.090e-16 (tol 1e-12) L=31 B=16
PASS map-chain m=140: rel_l2=3.082e-14 (anchor 1.804e-14, tol 1.0e-10)
PASS rel_l2=4.223e-16 rel_max=5.090e-16 (tol 1e-12) L=31 B=16
PASS map-2-step: rel_l2=1.985e-15 (tol 3.0e-14)
PASS rel_l2=4.223e-16 rel_max=5.090e-16 (tol 1e-12) L=31 B=16
PASS map-chain m=140: rel_l2=3.082e-14 (anchor 1.804e-14, tol 1.0e-10)
PASS rel_l2=4.223e-16 rel_max=5.090e-16 (tol 1e-12) L=31 B=16
PASS map-2-step: rel_l2=1.985e-15 (tol 3.0e-14)
PASS rel_l2=6.736e-16 rel_max=7.835e-16 (tol 1e-12) L=32 B=8
PASS map-chain m=250: rel_l2=1.160e-13 (anchor 0.000e+00, tol 1.0e-10)
PASS rel_l2=6.736e-16 rel_max=7.835e-16 (tol 1e-12) L=32 B=8
PASS map-2-step: rel_l2=2.484e-15 (tol 3.0e-14)
PASS rel_l2=2.481e-16 rel_max=2.849e-16 (tol 1e-12) L=32 B=8
PASS map-chain m=250: rel_l2=2.407e-14 (anchor 0.000e+00, tol 1.0e-10)
PASS rel_l2=2.481e-16 rel_max=2.849e-16 (tol 1e-12) L=32 B=8
PASS map-2-step: rel_l2=1.200e-15 (tol 3.0e-14)
PASS rel_l2=3.003e-16 rel_max=3.624e-16 (tol 1e-12) L=32 B=8
PASS map-chain m=250: rel_l2=3.232e-14 (anchor 0.000e+00, tol 1.0e-10)
PASS rel_l2=3.003e-16 rel_max=3.624e-16 (tol 1e-12) L=32 B=8
PASS map-2-step: rel_l2=1.402e-15 (tol 3.0e-14)
PASS rel_l2=2.926e-16 rel_max=3.153e-16 (tol 1e-12) L=32 B=8
PASS map-chain m=250: rel_l2=3.607e-14 (anchor 0.000e+00, tol 1.0e-10)
PASS rel_l2=2.926e-16 rel_max=3.153e-16 (tol 1e-12) L=32 B=8
PASS map-2-step: rel_l2=1.391e-15 (tol 3.0e-14)
PASS rel_l2=3.003e-16 rel_max=3.624e-16 (tol 1e-12) L=32 B=8
PASS map-chain m=250: rel_l2=3.232e-14 (anchor 0.000e+00, tol 1.0e-10)
PASS rel_l2=3.092e-16 rel_max=3.674e-16 (tol 1e-12) L=32 B=8
PASS map-2-step: rel_l2=1.432e-15 (tol 3.0e-14)
PASS rel_l2=3.092e-16 rel_max=3.674e-16 (tol 1e-12) L=32 B=8
PASS map-chain m=250: rel_l2=3.305e-14 (anchor 0.000e+00, tol 1.0e-10)
PASS rel_l2=3.049e-16 rel_max=3.702e-16 (tol 1e-12) L=32 B=8
PASS map-2-step: rel_l2=1.416e-15 (tol 3.0e-14)
PASS rel_l2=4.697e-16 rel_max=5.019e-16 (tol 1e-12) L=32 B=8
PASS map-chain m=250: rel_l2=4.759e-14 (anchor 0.000e+00, tol 1.0e-10)
PASS rel_l2=4.697e-16 rel_max=5.019e-16 (tol 1e-12) L=32 B=8
PASS map-2-step: rel_l2=2.196e-15 (tol 3.0e-14)
PASS rel_l2=3.562e-16 rel_max=3.820e-16 (tol 1e-12) L=32 B=8
PASS map-chain m=250: rel_l2=3.719e-14 (anchor 0.000e+00, tol 1.0e-10)
PASS rel_l2=3.562e-16 rel_max=3.820e-16 (tol 1e-12) L=32 B=8
PASS map-2-step: rel_l2=1.660e-15 (tol 3.0e-14)
PASS rel_l2=3.237e-16 rel_max=3.624e-16 (tol 1e-12) L=32 B=8
PASS map-chain m=250: rel_l2=3.652e-14 (anchor 0.000e+00, tol 1.0e-10)
PASS rel_l2=3.237e-16 rel_max=3.624e-16 (tol 1e-12) L=32 B=8
PASS map-2-step: rel_l2=1.531e-15 (tol 3.0e-14)
PASS rel_l2=2.900e-16 rel_max=3.637e-16 (tol 1e-12) L=32 B=8
PASS map-chain m=250: rel_l2=3.918e-14 (anchor 0.000e+00, tol 1.0e-10)
PASS rel_l2=2.900e-16 rel_max=3.637e-16 (tol 1e-12) L=32 B=8
PASS map-2-step: rel_l2=1.388e-15 (tol 3.0e-14)
PASS rel_l2=3.237e-16 rel_max=3.624e-16 (tol 1e-12) L=32 B=8
PASS map-chain m=250: rel_l2=3.652e-14 (anchor 0.000e+00, tol 1.0e-10)
PASS rel_l2=3.237e-16 rel_max=3.624e-16 (tol 1e-12) L=32 B=8
PASS map-2-step: rel_l2=1.531e-15 (tol 3.0e-14)
PASS rel_l2=3.237e-16 rel_max=3.624e-16 (tol 1e-12) L=32 B=8
PASS map-chain m=250: rel_l2=3.434e-14 (anchor 0.000e+00, tol 1.0e-10)
PASS rel_l2=3.237e-16 rel_max=3.624e-16 (tol 1e-12) L=32 B=8
PASS map-2-step: rel_l2=1.498e-15 (tol 3.0e-14)
PASS rel_l2=2.907e-16 rel_max=3.624e-16 (tol 1e-12) L=32 B=8
PASS map-chain m=250: rel_l2=3.669e-14 (anchor 0.000e+00, tol 1.0e-10)
PASS rel_l2=2.907e-16 rel_max=3.624e-16 (tol 1e-12) L=32 B=8
PASS map-2-step: rel_l2=1.456e-15 (tol 3.0e-14)
PASS rel_l2=2.895e-16 rel_max=3.624e-16 (tol 1e-12) L=32 B=8
PASS map-chain m=250: rel_l2=3.567e-14 (anchor 0.000e+00, tol 1.0e-10)
PASS rel_l2=2.895e-16 rel_max=3.624e-16 (tol 1e-12) L=32 B=8
PASS map-2-step: rel_l2=1.408e-15 (tol 3.0e-14)
PASS rel_l2=6.385e-16 rel_max=7.234e-16 (tol 1e-12) L=40 B=8
PASS map-chain m=128: rel_l2=6.084e-14 (anchor 1.807e-14, tol 1.0e-10)
PASS rel_l2=6.385e-16 rel_max=7.234e-16 (tol 1e-12) L=40 B=8
PASS map-2-step: rel_l2=2.632e-15 (tol 3.0e-14)
PASS rel_l2=3.108e-16 rel_max=3.515e-16 (tol 1e-12) L=40 B=8
PASS map-chain m=128: rel_l2=2.181e-14 (anchor 1.807e-14, tol 1.0e-10)
PASS rel_l2=3.108e-16 rel_max=3.515e-16 (tol 1e-12) L=40 B=8
PASS map-2-step: rel_l2=1.627e-15 (tol 3.0e-14)
PASS rel_l2=3.592e-16 rel_max=4.156e-16 (tol 1e-12) L=40 B=8
PASS map-chain m=128: rel_l2=2.216e-14 (anchor 1.807e-14, tol 1.0e-10)
PASS rel_l2=3.592e-16 rel_max=4.156e-16 (tol 1e-12) L=40 B=8
PASS map-2-step: rel_l2=1.756e-15 (tol 3.0e-14)
PASS rel_l2=3.693e-16 rel_max=4.516e-16 (tol 1e-12) L=40 B=8
PASS map-chain m=128: rel_l2=2.656e-14 (anchor 1.807e-14, tol 1.0e-10)
PASS rel_l2=3.706e-16 rel_max=4.263e-16 (tol 1e-12) L=40 B=8
PASS map-2-step: rel_l2=1.719e-15 (tol 3.0e-14)
PASS rel_l2=3.701e-16 rel_max=4.263e-16 (tol 1e-12) L=40 B=8
PASS map-chain m=128: rel_l2=2.432e-14 (anchor 1.807e-14, tol 1.0e-10)
PASS rel_l2=3.584e-16 rel_max=3.890e-16 (tol 1e-12) L=40 B=8
PASS map-2-step: rel_l2=1.712e-15 (tol 3.0e-14)
PASS rel_l2=3.564e-16 rel_max=4.044e-16 (tol 1e-12) L=40 B=8
PASS map-chain m=128: rel_l2=2.258e-14 (anchor 1.807e-14, tol 1.0e-10)
PASS rel_l2=3.564e-16 rel_max=4.044e-16 (tol 1e-12) L=40 B=8
PASS map-2-step: rel_l2=1.739e-15 (tol 3.0e-14)
PASS rel_l2=5.139e-16 rel_max=6.940e-16 (tol 1e-12) L=40 B=8
PASS map-chain m=128: rel_l2=3.771e-14 (anchor 1.807e-14, tol 1.0e-10)
PASS rel_l2=5.139e-16 rel_max=6.940e-16 (tol 1e-12) L=40 B=8
PASS map-2-step: rel_l2=2.435e-15 (tol 3.0e-14)
PASS rel_l2=3.993e-16 rel_max=4.766e-16 (tol 1e-12) L=40 B=8
PASS map-chain m=128: rel_l2=2.610e-14 (anchor 1.807e-14, tol 1.0e-10)
PASS rel_l2=3.993e-16 rel_max=4.766e-16 (tol 1e-12) L=40 B=8
PASS map-2-step: rel_l2=1.862e-15 (tol 3.0e-14)
PASS rel_l2=3.583e-16 rel_max=4.311e-16 (tol 1e-12) L=40 B=8
PASS map-chain m=128: rel_l2=2.262e-14 (anchor 1.807e-14, tol 1.0e-10)
PASS rel_l2=3.583e-16 rel_max=4.311e-16 (tol 1e-12) L=40 B=8
PASS map-2-step: rel_l2=1.784e-15 (tol 3.0e-14)
PASS rel_l2=3.785e-16 rel_max=4.311e-16 (tol 1e-12) L=40 B=8
PASS map-chain m=128: rel_l2=2.273e-14 (anchor 1.807e-14, tol 1.0e-10)
PASS rel_l2=3.785e-16 rel_max=4.311e-16 (tol 1e-12) L=40 B=8
PASS map-2-step: rel_l2=1.828e-15 (tol 3.0e-14)
PASS rel_l2=3.785e-16 rel_max=4.311e-16 (tol 1e-12) L=40 B=8
PASS map-chain m=128: rel_l2=2.273e-14 (anchor 1.807e-14, tol 1.0e-10)
PASS rel_l2=3.785e-16 rel_max=4.311e-16 (tol 1e-12) L=40 B=8
PASS map-2-step: rel_l2=1.828e-15 (tol 3.0e-14)
PASS rel_l2=3.775e-16 rel_max=4.482e-16 (tol 1e-12) L=40 B=8
PASS map-chain m=128: rel_l2=2.311e-14 (anchor 1.807e-14, tol 1.0e-10)
PASS rel_l2=3.775e-16 rel_max=4.482e-16 (tol 1e-12) L=40 B=8
PASS map-2-step: rel_l2=1.802e-15 (tol 3.0e-14)
PASS rel_l2=5.048e-16 rel_max=6.337e-16 (tol 1e-12) L=40 B=8
PASS map-chain m=128: rel_l2=4.224e-14 (anchor 1.807e-14, tol 1.0e-10)
PASS rel_l2=5.048e-16 rel_max=6.337e-16 (tol 1e-12) L=40 B=8
PASS map-2-step: rel_l2=2.264e-15 (tol 3.0e-14)
PASS rel_l2=4.193e-16 rel_max=4.823e-16 (tol 1e-12) L=40 B=8
PASS map-chain m=128: rel_l2=2.720e-14 (anchor 1.807e-14, tol 1.0e-10)
PASS rel_l2=4.193e-16 rel_max=4.823e-16 (tol 1e-12) L=40 B=8
PASS map-2-step: rel_l2=1.989e-15 (tol 3.0e-14)
PASS rel_l2=8.638e-16 rel_max=9.169e-16 (tol 1e-12) L=50 B=4
PASS map-chain m=128: rel_l2=7.879e-14 (anchor 2.661e-14, tol 1.0e-10)
PASS rel_l2=8.638e-16 rel_max=9.169e-16 (tol 1e-12) L=50 B=4
PASS map-2-step: rel_l2=3.675e-15 (tol 3.0e-14)
PASS rel_l2=3.525e-16 rel_max=3.855e-16 (tol 1e-12) L=50 B=4
PASS map-chain m=128: rel_l2=2.259e-14 (anchor 2.661e-14, tol 1.0e-10)
PASS rel_l2=3.525e-16 rel_max=3.855e-16 (tol 1e-12) L=50 B=4
PASS map-2-step: rel_l2=1.789e-15 (tol 3.0e-14)
PASS rel_l2=4.491e-16 rel_max=5.384e-16 (tol 1e-12) L=50 B=4
PASS map-chain m=128: rel_l2=3.275e-14 (anchor 2.661e-14, tol 1.0e-10)
PASS rel_l2=4.491e-16 rel_max=5.384e-16 (tol 1e-12) L=50 B=4
PASS map-2-step: rel_l2=2.143e-15 (tol 3.0e-14)
PASS rel_l2=4.413e-16 rel_max=5.117e-16 (tol 1e-12) L=50 B=4
PASS map-chain m=128: rel_l2=3.718e-14 (anchor 2.661e-14, tol 1.0e-10)
PASS rel_l2=4.390e-16 rel_max=4.964e-16 (tol 1e-12) L=50 B=4
PASS map-2-step: rel_l2=2.180e-15 (tol 3.0e-14)
PASS rel_l2=4.371e-16 rel_max=4.900e-16 (tol 1e-12) L=50 B=4
PASS map-chain m=128: rel_l2=3.133e-14 (anchor 2.661e-14, tol 1.0e-10)
PASS rel_l2=4.408e-16 rel_max=4.678e-16 (tol 1e-12) L=50 B=4
PASS map-2-step: rel_l2=2.190e-15 (tol 3.0e-14)
PASS rel_l2=4.371e-16 rel_max=4.900e-16 (tol 1e-12) L=50 B=4
PASS map-chain m=128: rel_l2=3.133e-14 (anchor 2.661e-14, tol 1.0e-10)
PASS rel_l2=4.371e-16 rel_max=4.900e-16 (tol 1e-12) L=50 B=4
PASS map-2-step: rel_l2=2.146e-15 (tol 3.0e-14)
PASS rel_l2=6.395e-16 rel_max=7.230e-16 (tol 1e-12) L=50 B=4
PASS map-chain m=128: rel_l2=3.860e-14 (anchor 2.661e-14, tol 1.0e-10)
PASS rel_l2=6.395e-16 rel_max=7.230e-16 (tol 1e-12) L=50 B=4
PASS map-2-step: rel_l2=2.848e-15 (tol 3.0e-14)
PASS rel_l2=4.774e-16 rel_max=6.029e-16 (tol 1e-12) L=50 B=4
PASS map-chain m=128: rel_l2=3.364e-14 (anchor 2.661e-14, tol 1.0e-10)
PASS rel_l2=4.774e-16 rel_max=6.029e-16 (tol 1e-12) L=50 B=4
PASS map-2-step: rel_l2=2.419e-15 (tol 3.0e-14)
PASS rel_l2=4.342e-16 rel_max=5.325e-16 (tol 1e-12) L=50 B=4
PASS map-chain m=128: rel_l2=3.283e-14 (anchor 2.661e-14, tol 1.0e-10)
PASS rel_l2=4.342e-16 rel_max=5.325e-16 (tol 1e-12) L=50 B=4
PASS map-2-step: rel_l2=2.120e-15 (tol 3.0e-14)
PASS rel_l2=4.399e-16 rel_max=4.900e-16 (tol 1e-12) L=50 B=4
PASS map-chain m=128: rel_l2=3.319e-14 (anchor 2.661e-14, tol 1.0e-10)
PASS rel_l2=4.399e-16 rel_max=4.900e-16 (tol 1e-12) L=50 B=4
PASS map-2-step: rel_l2=2.208e-15 (tol 3.0e-14)
PASS rel_l2=4.342e-16 rel_max=5.325e-16 (tol 1e-12) L=50 B=4
PASS map-chain m=128: rel_l2=3.283e-14 (anchor 2.661e-14, tol 1.0e-10)
PASS rel_l2=4.342e-16 rel_max=5.325e-16 (tol 1e-12) L=50 B=4
PASS map-2-step: rel_l2=2.120e-15 (tol 3.0e-14)
PASS rel_l2=4.302e-16 rel_max=4.886e-16 (tol 1e-12) L=50 B=4
PASS map-chain m=128: rel_l2=3.209e-14 (anchor 2.661e-14, tol 1.0e-10)
PASS rel_l2=4.302e-16 rel_max=4.886e-16 (tol 1e-12) L=50 B=4
PASS map-2-step: rel_l2=2.166e-15 (tol 3.0e-14)
PASS rel_l2=4.527e-16 rel_max=5.143e-16 (tol 1e-12) L=50 B=4
PASS map-chain m=128: rel_l2=3.117e-14 (anchor 2.661e-14, tol 1.0e-10)
PASS rel_l2=4.527e-16 rel_max=5.143e-16 (tol 1e-12) L=50 B=4
PASS map-2-step: rel_l2=2.173e-15 (tol 3.0e-14)
PASS rel_l2=4.615e-16 rel_max=5.046e-16 (tol 1e-12) L=50 B=4
PASS map-chain m=128: rel_l2=3.101e-14 (anchor 2.661e-14, tol 1.0e-10)
PASS rel_l2=4.615e-16 rel_max=5.046e-16 (tol 1e-12) L=50 B=4
PASS map-2-step: rel_l2=2.305e-15 (tol 3.0e-14)
PASS rel_l2=4.607e-16 rel_max=5.143e-16 (tol 1e-12) L=50 B=4
PASS map-chain m=128: rel_l2=3.319e-14 (anchor 2.661e-14, tol 1.0e-10)
PASS rel_l2=4.607e-16 rel_max=5.143e-16 (tol 1e-12) L=50 B=4
PASS map-2-step: rel_l2=2.344e-15 (tol 3.0e-14)
PASS rel_l2=9.395e-16 rel_max=1.227e-15 (tol 1e-12) L=100 B=1
PASS map-chain m=64: rel_l2=5.539e-14 (anchor 1.884e-14, tol 1.0e-10)
PASS rel_l2=9.395e-16 rel_max=1.227e-15 (tol 1e-12) L=100 B=1
PASS map-2-step: rel_l2=5.336e-15 (tol 3.0e-14)
PASS rel_l2=3.875e-16 rel_max=4.293e-16 (tol 1e-12) L=100 B=1
PASS map-chain m=64: rel_l2=2.360e-14 (anchor 1.884e-14, tol 1.0e-10)
PASS rel_l2=3.875e-16 rel_max=4.293e-16 (tol 1e-12) L=100 B=1
PASS map-2-step: rel_l2=3.045e-15 (tol 3.0e-14)
PASS rel_l2=4.666e-16 rel_max=5.383e-16 (tol 1e-12) L=100 B=1
PASS map-chain m=64: rel_l2=3.004e-14 (anchor 1.884e-14, tol 1.0e-10)
PASS rel_l2=4.666e-16 rel_max=5.383e-16 (tol 1e-12) L=100 B=1
PASS map-2-step: rel_l2=3.289e-15 (tol 3.0e-14)
PASS rel_l2=4.525e-16 rel_max=5.438e-16 (tol 1e-12) L=100 B=1
PASS map-chain m=64: rel_l2=2.664e-14 (anchor 1.884e-14, tol 1.0e-10)
PASS rel_l2=4.525e-16 rel_max=5.438e-16 (tol 1e-12) L=100 B=1
PASS map-2-step: rel_l2=3.043e-15 (tol 3.0e-14)
PASS rel_l2=4.677e-16 rel_max=5.332e-16 (tol 1e-12) L=100 B=1
PASS map-chain m=64: rel_l2=3.309e-14 (anchor 1.884e-14, tol 1.0e-10)
PASS rel_l2=4.699e-16 rel_max=5.332e-16 (tol 1e-12) L=100 B=1
PASS map-2-step: rel_l2=3.053e-15 (tol 3.0e-14)
PASS rel_l2=4.511e-16 rel_max=5.406e-16 (tol 1e-12) L=100 B=1
PASS map-chain m=64: rel_l2=2.725e-14 (anchor 1.884e-14, tol 1.0e-10)
PASS rel_l2=4.510e-16 rel_max=4.774e-16 (tol 1e-12) L=100 B=1
PASS map-2-step: rel_l2=3.211e-15 (tol 3.0e-14)
PASS rel_l2=7.428e-16 rel_max=8.351e-16 (tol 1e-12) L=100 B=1
PASS map-chain m=64: rel_l2=3.507e-14 (anchor 1.884e-14, tol 1.0e-10)
PASS rel_l2=7.428e-16 rel_max=8.351e-16 (tol 1e-12) L=100 B=1
PASS map-2-step: rel_l2=4.135e-15 (tol 3.0e-14)
PASS rel_l2=5.651e-16 rel_max=6.831e-16 (tol 1e-12) L=100 B=1
PASS map-chain m=64: rel_l2=3.771e-14 (anchor 1.884e-14, tol 1.0e-10)
PASS rel_l2=5.651e-16 rel_max=6.831e-16 (tol 1e-12) L=100 B=1
PASS map-2-step: rel_l2=3.945e-15 (tol 3.0e-14)
PASS rel_l2=4.516e-16 rel_max=5.468e-16 (tol 1e-12) L=100 B=1
PASS map-chain m=64: rel_l2=2.744e-14 (anchor 1.884e-14, tol 1.0e-10)
PASS rel_l2=4.516e-16 rel_max=5.468e-16 (tol 1e-12) L=100 B=1
PASS map-2-step: rel_l2=3.010e-15 (tol 3.0e-14)
PASS rel_l2=4.660e-16 rel_max=5.057e-16 (tol 1e-12) L=100 B=1
PASS map-chain m=64: rel_l2=2.986e-14 (anchor 1.884e-14, tol 1.0e-10)
PASS rel_l2=4.660e-16 rel_max=5.057e-16 (tol 1e-12) L=100 B=1
PASS map-2-step: rel_l2=3.354e-15 (tol 3.0e-14)
PASS rel_l2=4.516e-16 rel_max=5.468e-16 (tol 1e-12) L=100 B=1
PASS map-chain m=64: rel_l2=2.744e-14 (anchor 1.884e-14, tol 1.0e-10)
PASS rel_l2=4.516e-16 rel_max=5.468e-16 (tol 1e-12) L=100 B=1
PASS map-2-step: rel_l2=3.010e-15 (tol 3.0e-14)
PASS rel_l2=4.660e-16 rel_max=5.057e-16 (tol 1e-12) L=100 B=1
PASS map-chain m=64: rel_l2=2.986e-14 (anchor 1.884e-14, tol 1.0e-10)
PASS rel_l2=4.660e-16 rel_max=5.057e-16 (tol 1e-12) L=100 B=1
PASS map-2-step: rel_l2=3.354e-15 (tol 3.0e-14)
PASS rel_l2=4.818e-16 rel_max=5.725e-16 (tol 1e-12) L=100 B=1
PASS map-chain m=64: rel_l2=2.351e-14 (anchor 1.884e-14, tol 1.0e-10)
PASS rel_l2=4.818e-16 rel_max=5.725e-16 (tol 1e-12) L=100 B=1
PASS map-2-step: rel_l2=2.902e-15 (tol 3.0e-14)
PASS rel_l2=5.094e-16 rel_max=5.997e-16 (tol 1e-12) L=100 B=1
PASS map-chain m=64: rel_l2=2.774e-14 (anchor 1.884e-14, tol 1.0e-10)
PASS rel_l2=5.094e-16 rel_max=5.997e-16 (tol 1e-12) L=100 B=1
PASS map-2-step: rel_l2=3.411e-15 (tol 3.0e-14)
PASS rel_l2=5.103e-16 rel_max=5.997e-16 (tol 1e-12) L=100 B=1
PASS map-chain m=64: rel_l2=2.704e-14 (anchor 1.884e-14, tol 1.0e-10)
PASS rel_l2=5.103e-16 rel_max=5.997e-16 (tol 1e-12) L=100 B=1
PASS map-2-step: rel_l2=3.361e-15 (tol 3.0e-14)
