gen_pfa_large: does not support L=10
gen_pfa_large: does not support L=10
gen_pow2: does not support L=10
gen_pow2: does not support L=10
gen_powp: does not support L=10
gen_powp: does not support L=10
gen_rader: does not support L=10
gen_rader: does not support L=10
gen_pfa_large: does not support L=12
gen_pfa_large: does not support L=12
gen_pow2: does not support L=12
gen_pow2: does not support L=12
gen_powp: does not support L=12
gen_powp: does not support L=12
gen_rader: does not support L=12
gen_rader: does not support L=12
gen_pfa_large: does not support L=15
gen_pfa_large: does not support L=15
gen_pow2: does not support L=15
gen_pow2: does not support L=15
gen_powp: does not support L=15
gen_powp: does not support L=15
gen_rader: does not support L=15
gen_rader: does not support L=15
gen_pfa_large: does not support L=20
gen_pfa_large: does not support L=20
gen_pow2: does not support L=20
gen_pow2: does not support L=20
gen_powp: does not support L=20
gen_powp: does not support L=20
gen_rader: does not support L=20
gen_rader: does not support L=20
gen_batchlane: does not support L=25
gen_batchlane: does not support L=25
gen_dense_prime: does not support L=25
gen_dense_prime: does not support L=25
gen_pfa_large: does not support L=25
gen_pfa_large: does not support L=25
gen_pfa_small: does not support L=25
gen_pfa_small: does not support L=25
gen_pow2: does not support L=25
gen_pow2: does not support L=25
gen_rader: does not support L=25
gen_rader: does not support L=25
gen_batchlane: does not support L=27
gen_batchlane: does not support L=27
gen_dense_prime: does not support L=27
gen_dense_prime: does not support L=27
gen_pfa_large: does not support L=27
gen_pfa_large: does not support L=27
gen_pfa_small: does not support L=27
gen_pfa_small: does not support L=27
gen_pow2: does not support L=27
gen_pow2: does not support L=27
gen_rader: does not support L=27
gen_rader: does not support L=27
gen_batchlane: does not support L=31
gen_batchlane: does not support L=31
gen_pfa_large: does not support L=31
gen_pfa_large: does not support L=31
gen_pfa_small: does not support L=31
gen_pfa_small: does not support L=31
gen_pow2: does not support L=31
gen_pow2: does not support L=31
gen_powp: does not support L=31
gen_powp: does not support L=31
gen_batchlane: does not support L=32
gen_batchlane: does not support L=32
gen_dense_prime: does not support L=32
gen_dense_prime: does not support L=32
gen_pfa_large: does not support L=32
gen_pfa_large: does not support L=32
gen_pfa_small: does not support L=32
gen_pfa_small: does not support L=32
gen_powp: does not support L=32
gen_powp: does not support L=32
gen_rader: does not support L=32
gen_rader: does not support L=32
gen_batchlane: does not support L=40
gen_batchlane: does not support L=40
gen_dense_prime: does not support L=40
gen_dense_prime: does not support L=40
gen_pfa_small: does not support L=40
gen_pfa_small: does not support L=40
gen_pow2: does not support L=40
gen_pow2: does not support L=40
gen_powp: does not support L=40
gen_powp: does not support L=40
gen_rader: does not support L=40
gen_rader: does not support L=40
gen_batchlane: does not support L=50
gen_batchlane: does not support L=50
gen_dense_prime: does not support L=50
gen_dense_prime: does not support L=50
gen_pfa_small: does not support L=50
gen_pfa_small: does not support L=50
gen_pow2: does not support L=50
gen_pow2: does not support L=50
gen_rader: does not support L=50
gen_rader: does not support L=50
gen_batchlane: does not support L=100
gen_batchlane: does not support L=100
gen_dense_prime: does not support L=100
gen_dense_prime: does not support L=100
gen_pfa_small: does not support L=100
gen_pfa_small: does not support L=100
gen_pow2: does not support L=100
gen_pow2: does not support L=100
gen_rader: does not support L=100
gen_rader: does not support L=100
