baseline_matrix          L=10  B=64    m=1000  inner=1      min=    46.556 us/xform  median=    46.558  sd=  0.00%      1.07 GF/s  setup=0.000 s
baseline_matrix          L=10  B=64    m=2     inner=1      min=    63.927 us/xform  median=    63.927  sd=  0.00%      0.78 GF/s  setup=0.000 s
ducc0_c2c                L=10  B=64    m=1000  inner=1      min=     7.001 us/xform  median=     7.005  sd=  0.03%      7.12 GF/s  setup=0.000 s
ducc0_c2c                L=10  B=64    m=2     inner=1      min=    14.961 us/xform  median=    14.961  sd=  0.00%      3.33 GF/s  setup=0.000 s
fftw3_estimate           L=10  B=64    m=1000  inner=1      min=     4.369 us/xform  median=     4.369  sd=  0.01%     11.41 GF/s  setup=0.001 s
fftw3_estimate           L=10  B=64    m=2     inner=1      min=     9.365 us/xform  median=     9.365  sd=  0.00%      5.32 GF/s  setup=0.001 s
fftw3_guru               L=10  B=64    m=1000  inner=1      min=     4.516 us/xform  median=     4.517  sd=  0.01%     11.03 GF/s  setup=0.014 s
fftw3_guru               L=10  B=64    m=2     inner=1      min=     8.397 us/xform  median=     8.397  sd=  0.00%      5.93 GF/s  setup=0.013 s
fftw3_measure            L=10  B=64    m=1000  inner=1      min=     4.012 us/xform  median=     4.013  sd=  0.09%     12.42 GF/s  setup=0.016 s
fftw3_measure            L=10  B=64    m=2     inner=2      min=     6.151 us/xform  median=     6.151  sd=  0.00%      8.10 GF/s  setup=0.016 s
fftw3_patient            L=10  B=64    m=1000  inner=1      min=     3.999 us/xform  median=     4.009  sd=  0.14%     12.46 GF/s  setup=0.028 s
fftw3_patient            L=10  B=64    m=2     inner=1      min=     8.797 us/xform  median=     8.797  sd=  0.00%      5.66 GF/s  setup=0.030 s
gen_batchlane            L=10  B=64    m=1000  inner=1      min=     0.898 us/xform  median=     0.898  sd=  2.21%     55.50 GF/s  setup=0.000 s
gen_batchlane            L=10  B=64    m=2     inner=6      min=     2.308 us/xform  median=     2.308  sd=  0.00%     21.59 GF/s  setup=0.000 s
gen_bluestein            L=10  B=64    m=1000  inner=1      min=     7.492 us/xform  median=     7.501  sd= 13.13%      6.65 GF/s  setup=0.000 s
gen_bluestein            L=10  B=64    m=2     inner=1      min=    11.911 us/xform  median=    11.911  sd=  0.00%      4.18 GF/s  setup=0.000 s
gen_dense_prime          L=10  B=64    m=1000  inner=1      min=     2.869 us/xform  median=     2.871  sd=  0.03%     17.37 GF/s  setup=0.000 s
gen_dense_prime          L=10  B=64    m=2     inner=2      min=     5.982 us/xform  median=     5.982  sd=  0.00%      8.33 GF/s  setup=0.000 s
gen_layout               L=10  B=64    m=1000  inner=1      min=     3.346 us/xform  median=     3.352  sd=  0.19%     14.89 GF/s  setup=0.000 s
gen_layout               L=10  B=64    m=2     inner=2      min=     7.118 us/xform  median=     7.118  sd=  0.00%      7.00 GF/s  setup=0.000 s
gen_pfa_small            L=10  B=64    m=1000  inner=1      min=     0.917 us/xform  median=     0.940  sd=  3.32%     54.35 GF/s  setup=0.000 s
gen_pfa_small            L=10  B=64    m=2     inner=6      min=     2.416 us/xform  median=     2.416  sd=  0.00%     20.63 GF/s  setup=0.000 s
gen_planner              L=10  B=64    m=1000  inner=1      min=     1.086 us/xform  median=     1.088  sd=  0.84%     45.87 GF/s  setup=0.007 s
gen_planner              L=10  B=64    m=2     inner=2      min=     5.364 us/xform  median=     5.364  sd=  0.00%      9.29 GF/s  setup=0.003 s
gen_race                 L=10  B=64    m=1000  inner=1      min=     1.126 us/xform  median=     1.127  sd=  0.09%     44.24 GF/s  setup=0.037 s
gen_race                 L=10  B=64    m=2     inner=1      min=     7.779 us/xform  median=     7.779  sd=  0.00%      6.41 GF/s  setup=0.007 s
gen_twiddle              L=10  B=64    m=1000  inner=1      min=     5.684 us/xform  median=     5.695  sd=  0.12%      8.77 GF/s  setup=0.002 s
gen_twiddle              L=10  B=64    m=2     inner=1      min=     8.896 us/xform  median=     8.896  sd=  0.00%      5.60 GF/s  setup=0.002 s
mkl2026_dfti             L=10  B=64    m=1000  inner=1      min=     3.613 us/xform  median=     3.616  sd=  0.06%     13.79 GF/s  setup=0.003 s
mkl2026_dfti             L=10  B=64    m=2     inner=2      min=     5.812 us/xform  median=     5.812  sd=  0.00%      8.57 GF/s  setup=0.002 s
mkl_dfti                 L=10  B=64    m=1000  inner=1      min=     3.608 us/xform  median=     3.614  sd=  0.08%     13.81 GF/s  setup=0.004 s
mkl_dfti                 L=10  B=64    m=2     inner=1      min=     7.756 us/xform  median=     7.756  sd=  0.00%      6.42 GF/s  setup=0.002 s
baseline_matrix          L=12  B=64    m=600   inner=1      min=    95.491 us/xform  median=    95.495  sd=  0.00%      0.97 GF/s  setup=0.000 s
baseline_matrix          L=12  B=64    m=2     inner=1      min=   189.081 us/xform  median=   189.081  sd=  0.00%      0.49 GF/s  setup=0.000 s
ducc0_c2c                L=12  B=64    m=600   inner=1      min=    11.692 us/xform  median=    11.701  sd=  0.05%      7.95 GF/s  setup=0.000 s
ducc0_c2c                L=12  B=64    m=2     inner=1      min=    24.787 us/xform  median=    24.787  sd=  0.00%      3.75 GF/s  setup=0.000 s
fftw3_estimate           L=12  B=64    m=600   inner=1      min=     8.217 us/xform  median=     8.219  sd=  0.01%     11.31 GF/s  setup=0.001 s
fftw3_estimate           L=12  B=64    m=2     inner=1      min=    18.726 us/xform  median=    18.726  sd=  0.00%      4.96 GF/s  setup=0.001 s
fftw3_guru               L=12  B=64    m=600   inner=1      min=     7.877 us/xform  median=     7.888  sd=  2.62%     11.80 GF/s  setup=0.013 s
fftw3_guru               L=12  B=64    m=2     inner=1      min=    14.211 us/xform  median=    14.211  sd=  0.00%      6.54 GF/s  setup=0.013 s
fftw3_measure            L=12  B=64    m=600   inner=1      min=     6.966 us/xform  median=     6.969  sd=  0.03%     13.34 GF/s  setup=0.018 s
fftw3_measure            L=12  B=64    m=2     inner=1      min=    15.328 us/xform  median=    15.328  sd=  0.00%      6.06 GF/s  setup=0.020 s
fftw3_patient            L=12  B=64    m=600   inner=1      min=     7.013 us/xform  median=     7.014  sd=  0.05%     13.25 GF/s  setup=0.030 s
fftw3_patient            L=12  B=64    m=2     inner=1      min=     9.694 us/xform  median=     9.694  sd=  0.00%      9.59 GF/s  setup=0.029 s
gen_batchlane            L=12  B=64    m=600   inner=1      min=     1.521 us/xform  median=     1.521  sd=  0.01%     61.08 GF/s  setup=0.000 s
gen_batchlane            L=12  B=64    m=2     inner=2      min=     4.107 us/xform  median=     4.107  sd=  0.00%     22.63 GF/s  setup=0.000 s
gen_bluestein            L=12  B=64    m=600   inner=1      min=    11.717 us/xform  median=    11.720  sd=  0.02%      7.93 GF/s  setup=0.000 s
gen_bluestein            L=12  B=64    m=2     inner=1      min=    22.226 us/xform  median=    22.226  sd=  0.00%      4.18 GF/s  setup=0.000 s
gen_dense_prime          L=12  B=64    m=600   inner=1      min=     4.264 us/xform  median=     4.265  sd=  0.04%     21.79 GF/s  setup=0.000 s
gen_dense_prime          L=12  B=64    m=2     inner=1      min=     9.649 us/xform  median=     9.649  sd=  0.00%      9.63 GF/s  setup=0.000 s
gen_layout               L=12  B=64    m=600   inner=1      min=     5.361 us/xform  median=     5.363  sd=  0.03%     17.33 GF/s  setup=0.001 s
gen_layout               L=12  B=64    m=2     inner=1      min=    10.809 us/xform  median=    10.809  sd=  0.00%      8.60 GF/s  setup=0.000 s
gen_pfa_small            L=12  B=64    m=600   inner=1      min=     1.512 us/xform  median=     2.652  sd= 35.29%     61.47 GF/s  setup=0.000 s
gen_pfa_small            L=12  B=64    m=2     inner=2      min=     5.277 us/xform  median=     5.277  sd=  0.00%     17.61 GF/s  setup=0.000 s
gen_planner              L=12  B=64    m=600   inner=1      min=     1.889 us/xform  median=     1.891  sd=  0.05%     49.18 GF/s  setup=0.008 s
gen_planner              L=12  B=64    m=2     inner=1      min=     9.393 us/xform  median=     9.393  sd=  0.00%      9.89 GF/s  setup=0.004 s
gen_race                 L=12  B=64    m=600   inner=1      min=     1.966 us/xform  median=     1.968  sd=  0.05%     47.26 GF/s  setup=0.037 s
gen_race                 L=12  B=64    m=2     inner=1      min=     9.082 us/xform  median=     9.082  sd=  0.00%     10.23 GF/s  setup=0.005 s
gen_twiddle              L=12  B=64    m=600   inner=1      min=     7.620 us/xform  median=     7.621  sd=  0.22%     12.19 GF/s  setup=0.002 s
gen_twiddle              L=12  B=64    m=2     inner=1      min=    17.594 us/xform  median=    17.594  sd=  0.00%      5.28 GF/s  setup=0.004 s
mkl2026_dfti             L=12  B=64    m=600   inner=1      min=     6.473 us/xform  median=     6.475  sd=  0.03%     14.36 GF/s  setup=0.003 s
mkl2026_dfti             L=12  B=64    m=2     inner=1      min=    14.139 us/xform  median=    14.139  sd=  0.00%      6.57 GF/s  setup=0.003 s
mkl_dfti                 L=12  B=64    m=600   inner=1      min=     6.291 us/xform  median=     6.340  sd=  0.38%     14.77 GF/s  setup=0.002 s
mkl_dfti                 L=12  B=64    m=2     inner=1      min=    10.939 us/xform  median=    10.939  sd=  0.00%      8.49 GF/s  setup=0.001 s
baseline_matrix          L=15  B=32    m=600   inner=1      min=   231.582 us/xform  median=   232.109  sd=  0.12%      0.85 GF/s  setup=0.000 s
baseline_matrix          L=15  B=32    m=2     inner=1      min=   456.017 us/xform  median=   456.017  sd=  0.00%      0.43 GF/s  setup=0.000 s
ducc0_c2c                L=15  B=32    m=600   inner=1      min=    23.120 us/xform  median=    23.136  sd=  0.05%      8.55 GF/s  setup=0.000 s
ducc0_c2c                L=15  B=32    m=2     inner=1      min=    49.014 us/xform  median=    49.014  sd=  0.00%      4.04 GF/s  setup=0.000 s
fftw3_estimate           L=15  B=32    m=600   inner=1      min=    16.008 us/xform  median=    16.032  sd=  0.60%     12.36 GF/s  setup=0.001 s
fftw3_estimate           L=15  B=32    m=2     inner=1      min=    27.469 us/xform  median=    27.469  sd=  0.00%      7.20 GF/s  setup=0.001 s
fftw3_guru               L=15  B=32    m=600   inner=1      min=    18.842 us/xform  median=    18.846  sd=  0.01%     10.50 GF/s  setup=0.014 s
fftw3_guru               L=15  B=32    m=2     inner=1      min=    33.526 us/xform  median=    33.526  sd=  0.00%      5.90 GF/s  setup=0.014 s
fftw3_measure            L=15  B=32    m=600   inner=1      min=    14.789 us/xform  median=    14.805  sd=  0.06%     13.37 GF/s  setup=0.014 s
fftw3_measure            L=15  B=32    m=2     inner=1      min=    25.662 us/xform  median=    25.662  sd=  0.00%      7.71 GF/s  setup=0.014 s
fftw3_patient            L=15  B=32    m=600   inner=1      min=    14.847 us/xform  median=    14.856  sd=  0.72%     13.32 GF/s  setup=0.025 s
fftw3_patient            L=15  B=32    m=2     inner=1      min=    24.465 us/xform  median=    24.465  sd=  0.00%      8.08 GF/s  setup=0.024 s
gen_batchlane            L=15  B=32    m=600   inner=1      min=     3.578 us/xform  median=     3.578  sd=  0.01%     55.29 GF/s  setup=0.000 s
gen_batchlane            L=15  B=32    m=2     inner=2      min=    10.350 us/xform  median=    10.350  sd=  0.00%     19.11 GF/s  setup=0.000 s
gen_bluestein            L=15  B=32    m=600   inner=1      min=    19.963 us/xform  median=    19.986  sd=  0.17%      9.91 GF/s  setup=0.000 s
gen_bluestein            L=15  B=32    m=2     inner=1      min=    32.883 us/xform  median=    32.883  sd=  0.00%      6.01 GF/s  setup=0.000 s
gen_dense_prime          L=15  B=32    m=600   inner=1      min=     8.457 us/xform  median=     8.670  sd=  2.38%     23.39 GF/s  setup=0.000 s
gen_dense_prime          L=15  B=32    m=2     inner=1      min=    18.126 us/xform  median=    18.126  sd=  0.00%     10.91 GF/s  setup=0.000 s
gen_layout               L=15  B=32    m=600   inner=1      min=    12.091 us/xform  median=    12.112  sd=  1.47%     16.36 GF/s  setup=0.000 s
gen_layout               L=15  B=32    m=2     inner=1      min=    20.407 us/xform  median=    20.407  sd=  0.00%      9.69 GF/s  setup=0.000 s
gen_pfa_small            L=15  B=32    m=600   inner=1      min=     3.583 us/xform  median=     3.585  sd=  0.03%     55.20 GF/s  setup=0.000 s
gen_pfa_small            L=15  B=32    m=2     inner=2      min=    10.184 us/xform  median=    10.184  sd=  0.00%     19.42 GF/s  setup=0.000 s
gen_planner              L=15  B=32    m=600   inner=1      min=     4.402 us/xform  median=     4.406  sd=  1.76%     44.93 GF/s  setup=0.006 s
gen_planner              L=15  B=32    m=2     inner=1      min=    18.381 us/xform  median=    18.381  sd=  0.00%     10.76 GF/s  setup=0.003 s
gen_race                 L=15  B=32    m=600   inner=1      min=     4.203 us/xform  median=     4.205  sd=  0.04%     47.06 GF/s  setup=0.030 s
gen_race                 L=15  B=32    m=2     inner=1      min=    18.377 us/xform  median=    18.377  sd=  0.00%     10.76 GF/s  setup=0.003 s
gen_twiddle              L=15  B=32    m=600   inner=1      min=    16.068 us/xform  median=    16.093  sd=  0.11%     12.31 GF/s  setup=0.003 s
gen_twiddle              L=15  B=32    m=2     inner=1      min=    33.953 us/xform  median=    33.953  sd=  0.00%      5.83 GF/s  setup=0.004 s
mkl2026_dfti             L=15  B=32    m=600   inner=1      min=    13.520 us/xform  median=    13.532  sd=  0.05%     14.63 GF/s  setup=0.002 s
mkl2026_dfti             L=15  B=32    m=2     inner=1      min=    31.096 us/xform  median=    31.096  sd=  0.00%      6.36 GF/s  setup=0.002 s
mkl_dfti                 L=15  B=32    m=600   inner=1      min=    13.576 us/xform  median=    13.580  sd=  0.03%     14.57 GF/s  setup=0.003 s
mkl_dfti                 L=15  B=32    m=2     inner=1      min=    24.428 us/xform  median=    24.428  sd=  0.00%      8.10 GF/s  setup=0.001 s
baseline_matrix          L=20  B=32    m=256   inner=1      min=   723.703 us/xform  median=   724.738  sd=  0.08%      0.72 GF/s  setup=0.000 s
baseline_matrix          L=20  B=32    m=2     inner=1      min=   730.735 us/xform  median=   730.735  sd=  0.00%      0.71 GF/s  setup=0.000 s
ducc0_c2c                L=20  B=32    m=256   inner=1      min=    52.742 us/xform  median=    52.757  sd=  0.02%      9.83 GF/s  setup=0.000 s
ducc0_c2c                L=20  B=32    m=2     inner=1      min=    82.893 us/xform  median=    82.893  sd=  0.00%      6.26 GF/s  setup=0.000 s
fftw3_estimate           L=20  B=32    m=256   inner=1      min=    40.149 us/xform  median=    40.152  sd=  0.02%     12.92 GF/s  setup=0.001 s
fftw3_estimate           L=20  B=32    m=2     inner=1      min=    65.448 us/xform  median=    65.448  sd=  0.00%      7.92 GF/s  setup=0.001 s
fftw3_guru               L=20  B=32    m=256   inner=1      min=    44.431 us/xform  median=    44.466  sd=  0.37%     11.67 GF/s  setup=0.097 s
fftw3_guru               L=20  B=32    m=2     inner=1      min=    55.398 us/xform  median=    55.398  sd=  0.00%      9.36 GF/s  setup=0.098 s
fftw3_measure            L=20  B=32    m=256   inner=1      min=    35.445 us/xform  median=    35.459  sd=  0.52%     14.63 GF/s  setup=0.106 s
fftw3_measure            L=20  B=32    m=2     inner=1      min=    40.946 us/xform  median=    40.946  sd=  0.00%     12.67 GF/s  setup=0.106 s
fftw3_patient            L=20  B=32    m=256   inner=1      min=    34.754 us/xform  median=    34.774  sd=  2.12%     14.92 GF/s  setup=0.354 s
fftw3_patient            L=20  B=32    m=2     inner=1      min=    43.731 us/xform  median=    43.731  sd=  0.00%     11.86 GF/s  setup=0.354 s
gen_batchlane            L=20  B=32    m=256   inner=1      min=     8.694 us/xform  median=     8.704  sd=  1.58%     59.66 GF/s  setup=0.001 s
gen_batchlane            L=20  B=32    m=2     inner=1      min=    25.631 us/xform  median=    25.631  sd=  0.00%     20.23 GF/s  setup=0.001 s
gen_bluestein            L=20  B=32    m=256   inner=1      min=    65.523 us/xform  median=    65.556  sd=  0.03%      7.92 GF/s  setup=0.000 s
gen_bluestein            L=20  B=32    m=2     inner=1      min=    94.266 us/xform  median=    94.266  sd=  0.00%      5.50 GF/s  setup=0.000 s
gen_dense_prime          L=20  B=32    m=256   inner=1      min=    23.148 us/xform  median=    23.157  sd=  0.02%     22.41 GF/s  setup=0.000 s
gen_dense_prime          L=20  B=32    m=2     inner=1      min=    41.889 us/xform  median=    41.889  sd=  0.00%     12.38 GF/s  setup=0.000 s
gen_layout               L=20  B=32    m=256   inner=1      min=    26.589 us/xform  median=    26.668  sd=  0.14%     19.51 GF/s  setup=0.000 s
gen_layout               L=20  B=32    m=2     inner=1      min=    41.790 us/xform  median=    41.790  sd=  0.00%     12.41 GF/s  setup=0.000 s
gen_pfa_small            L=20  B=32    m=256   inner=1      min=     8.653 us/xform  median=     8.752  sd=  0.55%     59.93 GF/s  setup=0.001 s
gen_pfa_small            L=20  B=32    m=2     inner=1      min=    25.422 us/xform  median=    25.422  sd=  0.00%     20.40 GF/s  setup=0.001 s
gen_planner              L=20  B=32    m=256   inner=1      min=    12.643 us/xform  median=    12.649  sd=  0.05%     41.02 GF/s  setup=0.015 s
gen_planner              L=20  B=32    m=2     inner=1      min=    50.027 us/xform  median=    50.027  sd=  0.00%     10.37 GF/s  setup=0.008 s
gen_race                 L=20  B=32    m=256   inner=1      min=    12.593 us/xform  median=    13.056  sd=  2.47%     41.18 GF/s  setup=0.050 s
gen_race                 L=20  B=32    m=2     inner=1      min=    48.886 us/xform  median=    48.886  sd=  0.00%     10.61 GF/s  setup=0.006 s
gen_twiddle              L=20  B=32    m=256   inner=1      min=    30.034 us/xform  median=    30.704  sd=  1.70%     17.27 GF/s  setup=0.003 s
gen_twiddle              L=20  B=32    m=2     inner=1      min=    50.679 us/xform  median=    50.679  sd=  0.00%     10.23 GF/s  setup=0.003 s
mkl2026_dfti             L=20  B=32    m=256   inner=1      min=    42.986 us/xform  median=    43.302  sd=  0.58%     12.07 GF/s  setup=0.076 s
mkl2026_dfti             L=20  B=32    m=2     inner=1      min=    62.427 us/xform  median=    62.427  sd=  0.00%      8.31 GF/s  setup=0.069 s
mkl_dfti                 L=20  B=32    m=256   inner=1      min=    43.013 us/xform  median=    43.056  sd=  0.87%     12.06 GF/s  setup=0.051 s
mkl_dfti                 L=20  B=32    m=2     inner=1      min=    63.138 us/xform  median=    63.138  sd=  0.00%      8.21 GF/s  setup=0.090 s
baseline_matrix          L=25  B=16    m=256   inner=1      min=  1756.456 us/xform  median=  1758.108  sd=  0.11%      0.62 GF/s  setup=0.000 s
baseline_matrix          L=25  B=16    m=2     inner=1      min=  2307.285 us/xform  median=  2307.285  sd=  0.00%      0.47 GF/s  setup=0.000 s
ducc0_c2c                L=25  B=16    m=256   inner=1      min=   108.125 us/xform  median=   108.217  sd=  0.11%     10.07 GF/s  setup=0.000 s
ducc0_c2c                L=25  B=16    m=2     inner=1      min=   171.547 us/xform  median=   171.547  sd=  0.00%      6.34 GF/s  setup=0.000 s
fftw3_estimate           L=25  B=16    m=256   inner=1      min=    97.559 us/xform  median=    97.589  sd=  0.02%     11.16 GF/s  setup=0.001 s
fftw3_estimate           L=25  B=16    m=2     inner=1      min=   160.429 us/xform  median=   160.429  sd=  0.00%      6.78 GF/s  setup=0.001 s
fftw3_guru               L=25  B=16    m=256   inner=1      min=   111.428 us/xform  median=   111.447  sd=  0.01%      9.77 GF/s  setup=0.040 s
fftw3_guru               L=25  B=16    m=2     inner=1      min=   170.642 us/xform  median=   170.642  sd=  0.00%      6.38 GF/s  setup=0.040 s
fftw3_measure            L=25  B=16    m=256   inner=1      min=    80.271 us/xform  median=    80.294  sd=  0.02%     13.56 GF/s  setup=0.035 s
fftw3_measure            L=25  B=16    m=2     inner=1      min=   133.344 us/xform  median=   133.344  sd=  0.00%      8.16 GF/s  setup=0.035 s
fftw3_patient            L=25  B=16    m=256   inner=1      min=    80.450 us/xform  median=    80.481  sd=  1.62%     13.53 GF/s  setup=0.143 s
fftw3_patient            L=25  B=16    m=2     inner=1      min=   102.044 us/xform  median=   102.044  sd=  0.00%     10.67 GF/s  setup=0.118 s
gen_bluestein            L=25  B=16    m=256   inner=1      min=   114.204 us/xform  median=   115.162  sd=  0.77%      9.53 GF/s  setup=0.000 s
gen_bluestein            L=25  B=16    m=2     inner=1      min=   168.216 us/xform  median=   168.216  sd=  0.00%      6.47 GF/s  setup=0.000 s
gen_layout               L=25  B=16    m=256   inner=1      min=    61.883 us/xform  median=    61.885  sd=  0.01%     17.59 GF/s  setup=0.001 s
gen_layout               L=25  B=16    m=2     inner=1      min=   103.060 us/xform  median=   103.060  sd=  0.00%     10.56 GF/s  setup=0.000 s
gen_planner              L=25  B=16    m=256   inner=1      min=    28.363 us/xform  median=    28.379  sd=  0.03%     38.37 GF/s  setup=0.019 s
gen_planner              L=25  B=16    m=2     inner=1      min=   136.991 us/xform  median=   136.991  sd=  0.00%      7.95 GF/s  setup=0.011 s
gen_powp                 L=25  B=16    m=256   inner=1      min=    24.286 us/xform  median=    24.290  sd=  0.01%     44.82 GF/s  setup=0.245 s
gen_powp                 L=25  B=16    m=2     inner=1      min=    74.874 us/xform  median=    74.874  sd=  0.00%     14.54 GF/s  setup=0.003 s
gen_race                 L=25  B=16    m=256   inner=1      min=    28.319 us/xform  median=    28.322  sd=  0.01%     38.43 GF/s  setup=0.046 s
gen_race                 L=25  B=16    m=2     inner=1      min=   136.565 us/xform  median=   136.565  sd=  0.00%      7.97 GF/s  setup=0.005 s
gen_twiddle              L=25  B=16    m=256   inner=1      min=    64.196 us/xform  median=    64.363  sd=  0.13%     16.95 GF/s  setup=0.003 s
gen_twiddle              L=25  B=16    m=2     inner=1      min=   109.319 us/xform  median=   109.319  sd=  0.00%      9.96 GF/s  setup=0.003 s
mkl2026_dfti             L=25  B=16    m=256   inner=1      min=    89.310 us/xform  median=    89.356  sd=  0.57%     12.19 GF/s  setup=0.071 s
mkl2026_dfti             L=25  B=16    m=2     inner=1      min=   126.570 us/xform  median=   126.570  sd=  0.00%      8.60 GF/s  setup=0.067 s
mkl_dfti                 L=25  B=16    m=256   inner=1      min=    85.792 us/xform  median=    85.921  sd=  0.34%     12.69 GF/s  setup=0.030 s
mkl_dfti                 L=25  B=16    m=2     inner=1      min=   127.636 us/xform  median=   127.636  sd=  0.00%      8.53 GF/s  setup=0.076 s
baseline_matrix          L=27  B=16    m=200   inner=1      min=  2386.685 us/xform  median=  2388.869  sd=  0.07%      0.59 GF/s  setup=0.000 s
baseline_matrix          L=27  B=16    m=2     inner=1      min=  4676.738 us/xform  median=  4676.738  sd=  0.00%      0.30 GF/s  setup=0.000 s
ducc0_c2c                L=27  B=16    m=200   inner=1      min=   140.493 us/xform  median=   140.783  sd=  0.10%      9.99 GF/s  setup=0.000 s
ducc0_c2c                L=27  B=16    m=2     inner=1      min=   181.116 us/xform  median=   181.116  sd=  0.00%      7.75 GF/s  setup=0.000 s
fftw3_estimate           L=27  B=16    m=200   inner=1      min=   179.553 us/xform  median=   181.131  sd=  0.69%      7.82 GF/s  setup=0.003 s
fftw3_estimate           L=27  B=16    m=2     inner=1      min=   291.126 us/xform  median=   291.126  sd=  0.00%      4.82 GF/s  setup=0.003 s
fftw3_guru               L=27  B=16    m=200   inner=1      min=   189.242 us/xform  median=   189.671  sd=  0.85%      7.42 GF/s  setup=0.059 s
fftw3_guru               L=27  B=16    m=2     inner=1      min=   399.780 us/xform  median=   399.780  sd=  0.00%      3.51 GF/s  setup=0.058 s
fftw3_measure            L=27  B=16    m=200   inner=1      min=   159.960 us/xform  median=   160.206  sd=  0.64%      8.78 GF/s  setup=0.044 s
fftw3_measure            L=27  B=16    m=2     inner=1      min=   341.789 us/xform  median=   341.789  sd=  0.00%      4.11 GF/s  setup=0.045 s
fftw3_patient            L=27  B=16    m=200   inner=1      min=   149.928 us/xform  median=   150.432  sd=  0.26%      9.36 GF/s  setup=0.170 s
fftw3_patient            L=27  B=16    m=2     inner=1      min=   179.916 us/xform  median=   179.916  sd=  0.00%      7.80 GF/s  setup=0.160 s
gen_bluestein            L=27  B=16    m=200   inner=1      min=   134.198 us/xform  median=   134.455  sd=  1.19%     10.46 GF/s  setup=0.000 s
gen_bluestein            L=27  B=16    m=2     inner=1      min=   271.960 us/xform  median=   271.960  sd=  0.00%      5.16 GF/s  setup=0.000 s
gen_layout               L=27  B=16    m=200   inner=1      min=    78.065 us/xform  median=    78.205  sd=  0.10%     17.98 GF/s  setup=0.000 s
gen_layout               L=27  B=16    m=2     inner=1      min=   124.641 us/xform  median=   124.641  sd=  0.00%     11.26 GF/s  setup=0.000 s
gen_planner              L=27  B=16    m=200   inner=1      min=    59.507 us/xform  median=    59.536  sd=  0.03%     23.59 GF/s  setup=0.017 s
gen_planner              L=27  B=16    m=2     inner=1      min=   100.075 us/xform  median=   100.075  sd=  0.00%     14.03 GF/s  setup=0.005 s
gen_powp                 L=27  B=16    m=200   inner=1      min=    34.577 us/xform  median=    34.591  sd=  0.02%     40.60 GF/s  setup=0.433 s
gen_powp                 L=27  B=16    m=2     inner=1      min=    99.287 us/xform  median=    99.287  sd=  0.00%     14.14 GF/s  setup=0.004 s
gen_race                 L=27  B=16    m=200   inner=1      min=    68.044 us/xform  median=    68.100  sd=  0.04%     20.63 GF/s  setup=0.094 s
gen_race                 L=27  B=16    m=2     inner=1      min=   302.087 us/xform  median=   302.087  sd=  0.00%      4.65 GF/s  setup=0.007 s
gen_twiddle              L=27  B=16    m=200   inner=1      min=   120.599 us/xform  median=   120.736  sd=  0.11%     11.64 GF/s  setup=0.003 s
gen_twiddle              L=27  B=16    m=2     inner=1      min=   184.511 us/xform  median=   184.511  sd=  0.00%      7.61 GF/s  setup=0.004 s
mkl2026_dfti             L=27  B=16    m=200   inner=1      min=   105.486 us/xform  median=   106.777  sd=  1.12%     13.31 GF/s  setup=0.076 s
mkl2026_dfti             L=27  B=16    m=2     inner=1      min=   151.904 us/xform  median=   151.904  sd=  0.00%      9.24 GF/s  setup=0.070 s
mkl_dfti                 L=27  B=16    m=200   inner=1      min=    99.739 us/xform  median=   101.009  sd=  1.31%     14.08 GF/s  setup=0.071 s
mkl_dfti                 L=27  B=16    m=2     inner=1      min=   156.218 us/xform  median=   156.218  sd=  0.00%      8.99 GF/s  setup=0.068 s
baseline_matrix          L=31  B=16    m=140   inner=1      min=  4138.054 us/xform  median=  4139.416  sd=  0.05%      0.53 GF/s  setup=0.000 s
baseline_matrix          L=31  B=16    m=2     inner=1      min=  4153.865 us/xform  median=  4153.865  sd=  0.00%      0.53 GF/s  setup=0.000 s
ducc0_c2c                L=31  B=16    m=140   inner=1      min=   481.277 us/xform  median=   482.573  sd=  0.34%      4.60 GF/s  setup=0.000 s
ducc0_c2c                L=31  B=16    m=2     inner=1      min=   507.740 us/xform  median=   507.740  sd=  0.00%      4.36 GF/s  setup=0.000 s
fftw3_estimate           L=31  B=16    m=140   inner=1      min=   650.754 us/xform  median=   650.969  sd=  0.03%      3.40 GF/s  setup=0.002 s
fftw3_estimate           L=31  B=16    m=2     inner=1      min=   679.174 us/xform  median=   679.174  sd=  0.00%      3.26 GF/s  setup=0.002 s
fftw3_guru               L=31  B=16    m=140   inner=1      min=   615.905 us/xform  median=   624.391  sd=  0.71%      3.59 GF/s  setup=0.106 s
fftw3_guru               L=31  B=16    m=2     inner=1      min=   643.228 us/xform  median=   643.228  sd=  0.00%      3.44 GF/s  setup=0.124 s
fftw3_measure            L=31  B=16    m=140   inner=1      min=   651.971 us/xform  median=   652.332  sd=  0.03%      3.40 GF/s  setup=0.104 s
fftw3_measure            L=31  B=16    m=2     inner=1      min=  1303.159 us/xform  median=  1303.159  sd=  0.00%      1.70 GF/s  setup=0.121 s
fftw3_patient            L=31  B=16    m=140   inner=1      min=   651.229 us/xform  median=   651.416  sd=  0.03%      3.40 GF/s  setup=0.316 s
fftw3_patient            L=31  B=16    m=2     inner=1      min=   681.137 us/xform  median=   681.137  sd=  0.00%      3.25 GF/s  setup=0.261 s
gen_bluestein            L=31  B=16    m=140   inner=1      min=   177.459 us/xform  median=   177.641  sd=  1.79%     12.48 GF/s  setup=0.000 s
gen_bluestein            L=31  B=16    m=2     inner=1      min=   278.419 us/xform  median=   278.419  sd=  0.00%      7.95 GF/s  setup=0.000 s
gen_dense_prime          L=31  B=16    m=140   inner=1      min=    86.972 us/xform  median=    87.014  sd=  0.02%     25.45 GF/s  setup=0.000 s
gen_dense_prime          L=31  B=16    m=2     inner=1      min=   145.115 us/xform  median=   145.115  sd=  0.00%     15.26 GF/s  setup=0.001 s
gen_layout               L=31  B=16    m=140   inner=1      min=   120.079 us/xform  median=   120.185  sd=  0.06%     18.44 GF/s  setup=0.000 s
gen_layout               L=31  B=16    m=2     inner=1      min=   206.161 us/xform  median=   206.161  sd=  0.00%     10.74 GF/s  setup=0.000 s
gen_planner              L=31  B=16    m=140   inner=1      min=   104.406 us/xform  median=   104.471  sd=  0.05%     21.20 GF/s  setup=0.037 s
gen_planner              L=31  B=16    m=2     inner=1      min=   302.752 us/xform  median=   302.752  sd=  0.00%      7.31 GF/s  setup=0.027 s
gen_race                 L=31  B=16    m=140   inner=1      min=   105.862 us/xform  median=   105.961  sd=  0.09%     20.91 GF/s  setup=0.086 s
gen_race                 L=31  B=16    m=2     inner=1      min=   366.427 us/xform  median=   366.427  sd=  0.00%      6.04 GF/s  setup=0.006 s
gen_rader                L=31  B=16    m=140   inner=1      min=    65.084 us/xform  median=    77.520  sd= 10.27%     34.02 GF/s  setup=0.008 s
gen_rader                L=31  B=16    m=2     inner=1      min=   127.811 us/xform  median=   127.811  sd=  0.00%     17.32 GF/s  setup=0.008 s
gen_twiddle              L=31  B=16    m=140   inner=1      min=   154.398 us/xform  median=   154.595  sd=  0.06%     14.34 GF/s  setup=0.005 s
gen_twiddle              L=31  B=16    m=2     inner=1      min=   259.414 us/xform  median=   259.414  sd=  0.00%      8.53 GF/s  setup=0.005 s
mkl2026_dfti             L=31  B=16    m=140   inner=1      min=   578.037 us/xform  median=   578.443  sd=  0.03%      3.83 GF/s  setup=0.099 s
mkl2026_dfti             L=31  B=16    m=2     inner=1      min=   643.111 us/xform  median=   643.111  sd=  0.00%      3.44 GF/s  setup=0.076 s
mkl_dfti                 L=31  B=16    m=140   inner=1      min=   575.757 us/xform  median=   576.185  sd=  0.38%      3.85 GF/s  setup=0.072 s
mkl_dfti                 L=31  B=16    m=2     inner=1      min=   637.687 us/xform  median=   637.687  sd=  0.00%      3.47 GF/s  setup=0.076 s
baseline_matrix          L=32  B=8     m=250   inner=1      min=  4715.632 us/xform  median=  4719.261  sd=  0.05%      0.52 GF/s  setup=0.000 s
baseline_matrix          L=32  B=8     m=2     inner=1      min=  7582.582 us/xform  median=  7582.582  sd=  0.00%      0.32 GF/s  setup=0.000 s
ducc0_c2c                L=32  B=8     m=250   inner=1      min=   220.643 us/xform  median=   220.788  sd=  0.03%     11.14 GF/s  setup=0.000 s
ducc0_c2c                L=32  B=8     m=2     inner=1      min=   373.224 us/xform  median=   373.224  sd=  0.00%      6.58 GF/s  setup=0.000 s
fftw3_estimate           L=32  B=8     m=250   inner=1      min=   183.038 us/xform  median=   183.070  sd=  0.01%     13.43 GF/s  setup=0.001 s
fftw3_estimate           L=32  B=8     m=2     inner=1      min=   294.288 us/xform  median=   294.288  sd=  0.00%      8.35 GF/s  setup=0.001 s
fftw3_guru               L=32  B=8     m=250   inner=1      min=   207.826 us/xform  median=   208.225  sd=  0.16%     11.83 GF/s  setup=0.089 s
fftw3_guru               L=32  B=8     m=2     inner=1      min=   237.756 us/xform  median=   237.756  sd=  0.00%     10.34 GF/s  setup=0.087 s
fftw3_measure            L=32  B=8     m=250   inner=1      min=   161.737 us/xform  median=   161.845  sd=  0.03%     15.20 GF/s  setup=0.101 s
fftw3_measure            L=32  B=8     m=2     inner=1      min=   201.534 us/xform  median=   201.534  sd=  0.00%     12.19 GF/s  setup=0.100 s
fftw3_patient            L=32  B=8     m=250   inner=1      min=   160.751 us/xform  median=   161.299  sd=  0.26%     15.29 GF/s  setup=0.496 s
fftw3_patient            L=32  B=8     m=2     inner=1      min=   191.292 us/xform  median=   191.292  sd=  0.00%     12.85 GF/s  setup=0.499 s
gen_bluestein            L=32  B=8     m=250   inner=1      min=   210.212 us/xform  median=   210.235  sd=  0.01%     11.69 GF/s  setup=0.000 s
gen_bluestein            L=32  B=8     m=2     inner=1      min=   299.711 us/xform  median=   299.711  sd=  0.00%      8.20 GF/s  setup=0.000 s
gen_layout               L=32  B=8     m=250   inner=1      min=   119.271 us/xform  median=   119.307  sd=  0.01%     20.61 GF/s  setup=0.000 s
gen_layout               L=32  B=8     m=2     inner=1      min=   191.971 us/xform  median=   191.971  sd=  0.00%     12.80 GF/s  setup=0.000 s
gen_planner              L=32  B=8     m=250   inner=1      min=    99.414 us/xform  median=   102.104  sd=  1.52%     24.72 GF/s  setup=0.040 s
gen_planner              L=32  B=8     m=2     inner=1      min=   219.390 us/xform  median=   219.390  sd=  0.00%     11.20 GF/s  setup=0.004 s
gen_pow2                 L=32  B=8     m=250   inner=1      min=    41.297 us/xform  median=    41.300  sd=  0.02%     59.51 GF/s  setup=0.000 s
gen_pow2                 L=32  B=8     m=2     inner=1      min=   132.341 us/xform  median=   132.341  sd=  0.00%     18.57 GF/s  setup=0.000 s
gen_race                 L=32  B=8     m=250   inner=1      min=    89.157 us/xform  median=    89.172  sd=  0.11%     27.56 GF/s  setup=0.171 s
gen_race                 L=32  B=8     m=2     inner=1      min=   201.857 us/xform  median=   201.857  sd=  0.00%     12.17 GF/s  setup=0.006 s
gen_twiddle              L=32  B=8     m=250   inner=1      min=   195.746 us/xform  median=   196.197  sd=  1.29%     12.56 GF/s  setup=0.006 s
gen_twiddle              L=32  B=8     m=2     inner=1      min=   305.138 us/xform  median=   305.138  sd=  0.00%      8.05 GF/s  setup=0.004 s
mkl2026_dfti             L=32  B=8     m=250   inner=1      min=   145.989 us/xform  median=   146.013  sd=  0.12%     16.83 GF/s  setup=0.003 s
mkl2026_dfti             L=32  B=8     m=2     inner=1      min=   241.537 us/xform  median=   241.537  sd=  0.00%     10.17 GF/s  setup=0.002 s
mkl_dfti                 L=32  B=8     m=250   inner=1      min=   138.325 us/xform  median=   138.432  sd=  0.51%     17.77 GF/s  setup=0.002 s
mkl_dfti                 L=32  B=8     m=2     inner=1      min=   233.316 us/xform  median=   233.316  sd=  0.00%     10.53 GF/s  setup=0.001 s
baseline_matrix          L=40  B=8     m=128   inner=1      min= 11410.485 us/xform  median= 11421.064  sd=  0.05%      0.45 GF/s  setup=0.000 s
baseline_matrix          L=40  B=8     m=2     inner=1      min= 11462.940 us/xform  median= 11462.940  sd=  0.00%      0.45 GF/s  setup=0.000 s
ducc0_c2c                L=40  B=8     m=128   inner=1      min=   415.000 us/xform  median=   415.114  sd=  0.01%     12.31 GF/s  setup=0.000 s
ducc0_c2c                L=40  B=8     m=2     inner=1      min=   925.362 us/xform  median=   925.362  sd=  0.00%      5.52 GF/s  setup=0.000 s
fftw3_estimate           L=40  B=8     m=128   inner=1      min=   913.609 us/xform  median=   914.363  sd=  0.13%      5.59 GF/s  setup=0.002 s
fftw3_estimate           L=40  B=8     m=2     inner=1      min=  1159.830 us/xform  median=  1159.830  sd=  0.00%      4.40 GF/s  setup=0.002 s
fftw3_guru               L=40  B=8     m=128   inner=1      min=   454.462 us/xform  median=   455.116  sd=  0.12%     11.24 GF/s  setup=0.193 s
fftw3_guru               L=40  B=8     m=2     inner=1      min=   538.587 us/xform  median=   538.587  sd=  0.00%      9.49 GF/s  setup=0.194 s
fftw3_measure            L=40  B=8     m=128   inner=1      min=   399.408 us/xform  median=   412.061  sd=  1.84%     12.79 GF/s  setup=0.186 s
fftw3_measure            L=40  B=8     m=2     inner=1      min=   487.826 us/xform  median=   487.826  sd=  0.00%     10.47 GF/s  setup=0.188 s
fftw3_patient            L=40  B=8     m=128   inner=1      min=   368.359 us/xform  median=   368.791  sd=  0.23%     13.87 GF/s  setup=1.215 s
fftw3_patient            L=40  B=8     m=2     inner=1      min=   505.819 us/xform  median=   505.819  sd=  0.00%     10.10 GF/s  setup=1.230 s
gen_bluestein            L=40  B=8     m=128   inner=1      min=   612.273 us/xform  median=   612.582  sd=  0.03%      8.34 GF/s  setup=0.000 s
gen_bluestein            L=40  B=8     m=2     inner=1      min=  1210.133 us/xform  median=  1210.133  sd=  0.00%      4.22 GF/s  setup=0.000 s
gen_layout               L=40  B=8     m=128   inner=1      min=   278.970 us/xform  median=   279.064  sd=  0.02%     18.31 GF/s  setup=0.001 s
gen_layout               L=40  B=8     m=2     inner=1      min=   432.838 us/xform  median=   432.838  sd=  0.00%     11.80 GF/s  setup=0.000 s
gen_pfa_large            L=40  B=8     m=128   inner=1      min=   124.907 us/xform  median=   124.940  sd=  0.09%     40.90 GF/s  setup=0.752 s
gen_pfa_large            L=40  B=8     m=2     inner=1      min=   216.801 us/xform  median=   216.801  sd=  0.00%     23.57 GF/s  setup=0.001 s
gen_planner              L=40  B=8     m=128   inner=1      min=   208.757 us/xform  median=   208.791  sd=  0.06%     24.47 GF/s  setup=0.072 s
gen_planner              L=40  B=8     m=2     inner=1      min=   360.364 us/xform  median=   360.364  sd=  0.00%     14.18 GF/s  setup=0.006 s
gen_race                 L=40  B=8     m=128   inner=1      min=   194.305 us/xform  median=   194.425  sd=  0.06%     26.29 GF/s  setup=0.231 s
gen_race                 L=40  B=8     m=2     inner=1      min=   334.984 us/xform  median=   334.984  sd=  0.00%     15.25 GF/s  setup=0.003 s
gen_twiddle              L=40  B=8     m=128   inner=1      min=   329.524 us/xform  median=   330.082  sd=  0.09%     15.50 GF/s  setup=0.007 s
gen_twiddle              L=40  B=8     m=2     inner=1      min=   544.530 us/xform  median=   544.530  sd=  0.00%      9.38 GF/s  setup=0.007 s
mkl2026_dfti             L=40  B=8     m=128   inner=1      min=   299.070 us/xform  median=   302.756  sd=  0.85%     17.08 GF/s  setup=0.003 s
mkl2026_dfti             L=40  B=8     m=2     inner=1      min=   500.730 us/xform  median=   500.730  sd=  0.00%     10.20 GF/s  setup=0.002 s
mkl_dfti                 L=40  B=8     m=128   inner=1      min=   300.668 us/xform  median=   306.224  sd=  2.89%     16.99 GF/s  setup=0.002 s
mkl_dfti                 L=40  B=8     m=2     inner=1      min=   482.894 us/xform  median=   482.894  sd=  0.00%     10.58 GF/s  setup=0.003 s
baseline_matrix          L=50  B=4     m=128   inner=1      min= 27864.034 us/xform  median= 27867.139  sd=  0.01%      0.38 GF/s  setup=0.000 s
baseline_matrix          L=50  B=4     m=2     inner=1      min= 28029.887 us/xform  median= 28029.887  sd=  0.00%      0.38 GF/s  setup=0.000 s
ducc0_c2c                L=50  B=4     m=128   inner=1      min=   880.096 us/xform  median=   880.251  sd=  0.02%     12.02 GF/s  setup=0.000 s
ducc0_c2c                L=50  B=4     m=2     inner=1      min=  1013.786 us/xform  median=  1013.786  sd=  0.00%     10.44 GF/s  setup=0.000 s
fftw3_estimate           L=50  B=4     m=128   inner=1      min=  1138.158 us/xform  median=  1139.188  sd=  0.06%      9.30 GF/s  setup=0.002 s
fftw3_estimate           L=50  B=4     m=2     inner=1      min=  1707.718 us/xform  median=  1707.718  sd=  0.00%      6.20 GF/s  setup=0.003 s
fftw3_guru               L=50  B=4     m=128   inner=1      min=  1188.097 us/xform  median=  1190.026  sd=  0.14%      8.91 GF/s  setup=0.125 s
fftw3_guru               L=50  B=4     m=2     inner=1      min=  1242.332 us/xform  median=  1242.332  sd=  0.00%      8.52 GF/s  setup=0.125 s
fftw3_measure            L=50  B=4     m=128   inner=1      min=   891.081 us/xform  median=   895.959  sd=  0.29%     11.88 GF/s  setup=0.105 s
fftw3_measure            L=50  B=4     m=2     inner=1      min=  1101.541 us/xform  median=  1101.541  sd=  0.00%      9.61 GF/s  setup=0.105 s
fftw3_patient            L=50  B=4     m=128   inner=1      min=   858.552 us/xform  median=   869.318  sd=  1.20%     12.33 GF/s  setup=1.078 s
fftw3_patient            L=50  B=4     m=2     inner=1      min=  1000.604 us/xform  median=  1000.604  sd=  0.00%     10.58 GF/s  setup=0.895 s
gen_bluestein            L=50  B=4     m=128   inner=1      min=  1039.166 us/xform  median=  1039.838  sd=  0.04%     10.18 GF/s  setup=0.000 s
gen_bluestein            L=50  B=4     m=2     inner=1      min=  1174.623 us/xform  median=  1174.623  sd=  0.00%      9.01 GF/s  setup=0.000 s
gen_layout               L=50  B=4     m=128   inner=1      min=   756.355 us/xform  median=   756.845  sd=  0.03%     13.99 GF/s  setup=0.001 s
gen_layout               L=50  B=4     m=2     inner=1      min=  1146.999 us/xform  median=  1146.999  sd=  0.00%      9.23 GF/s  setup=0.001 s
gen_pfa_large            L=50  B=4     m=128   inner=1      min=   324.003 us/xform  median=   324.239  sd=  0.04%     32.66 GF/s  setup=1.265 s
gen_pfa_large            L=50  B=4     m=2     inner=1      min=   542.099 us/xform  median=   542.099  sd=  0.00%     19.52 GF/s  setup=0.001 s
gen_planner              L=50  B=4     m=128   inner=1      min=   499.096 us/xform  median=   499.137  sd=  0.00%     21.20 GF/s  setup=0.042 s
gen_planner              L=50  B=4     m=2     inner=1      min=   730.887 us/xform  median=   730.887  sd=  0.00%     14.48 GF/s  setup=0.012 s
gen_powp                 L=50  B=4     m=128   inner=1      min=   300.328 us/xform  median=   332.042  sd=  4.72%     35.24 GF/s  setup=0.924 s
gen_powp                 L=50  B=4     m=2     inner=1      min=   738.718 us/xform  median=   738.718  sd=  0.00%     14.33 GF/s  setup=0.003 s
gen_race                 L=50  B=4     m=128   inner=1      min=   499.943 us/xform  median=   499.984  sd=  0.01%     21.17 GF/s  setup=0.071 s
gen_race                 L=50  B=4     m=2     inner=1      min=   848.940 us/xform  median=   848.940  sd=  0.00%     12.47 GF/s  setup=0.003 s
gen_twiddle              L=50  B=4     m=128   inner=1      min=   720.841 us/xform  median=   721.774  sd=  0.11%     14.68 GF/s  setup=0.012 s
gen_twiddle              L=50  B=4     m=2     inner=1      min=  1188.823 us/xform  median=  1188.823  sd=  0.00%      8.90 GF/s  setup=0.012 s
mkl2026_dfti             L=50  B=4     m=128   inner=1      min=   663.547 us/xform  median=   663.713  sd=  0.13%     15.95 GF/s  setup=0.086 s
mkl2026_dfti             L=50  B=4     m=2     inner=1      min=  1018.631 us/xform  median=  1018.631  sd=  0.00%     10.39 GF/s  setup=0.078 s
mkl_dfti                 L=50  B=4     m=128   inner=1      min=   663.213 us/xform  median=   672.736  sd=  0.81%     15.96 GF/s  setup=0.054 s
mkl_dfti                 L=50  B=4     m=2     inner=1      min=  1045.528 us/xform  median=  1045.528  sd=  0.00%     10.12 GF/s  setup=0.069 s
baseline_matrix          L=100 B=1     m=64    inner=1      min=487459.684 us/xform  median=487523.964  sd=  1.15%      0.20 GF/s  setup=0.000 s
baseline_matrix          L=100 B=1     m=2     inner=1      min=492009.950 us/xform  median=492009.950  sd=  0.00%      0.20 GF/s  setup=0.000 s
ducc0_c2c                L=100 B=1     m=64    inner=1      min=  6987.060 us/xform  median=  7003.675  sd=  0.14%     14.26 GF/s  setup=0.000 s
ducc0_c2c                L=100 B=1     m=2     inner=1      min=  9803.597 us/xform  median=  9803.597  sd=  0.00%     10.17 GF/s  setup=0.000 s
fftw3_estimate           L=100 B=1     m=64    inner=1      min=  9372.445 us/xform  median=  9383.102  sd=  0.09%     10.63 GF/s  setup=0.003 s
fftw3_estimate           L=100 B=1     m=2     inner=1      min= 11002.979 us/xform  median= 11002.979  sd=  0.00%      9.06 GF/s  setup=0.002 s
fftw3_guru               L=100 B=1     m=64    inner=1      min=  8534.094 us/xform  median=  8545.342  sd=  0.12%     11.68 GF/s  setup=0.362 s
fftw3_guru               L=100 B=1     m=2     inner=1      min=  9884.131 us/xform  median=  9884.131  sd=  0.00%     10.08 GF/s  setup=0.362 s
fftw3_measure            L=100 B=1     m=64    inner=1      min=  7726.542 us/xform  median=  7753.859  sd=  0.24%     12.90 GF/s  setup=0.302 s
fftw3_measure            L=100 B=1     m=2     inner=1      min=  9538.181 us/xform  median=  9538.181  sd=  0.00%     10.45 GF/s  setup=0.308 s
fftw3_patient            L=100 B=1     m=64    inner=1      min=  6872.255 us/xform  median=  6943.471  sd=  0.55%     14.50 GF/s  setup=11.901 s
fftw3_patient            L=100 B=1     m=2     inner=1      min=  7884.038 us/xform  median=  7884.038  sd=  0.00%     12.64 GF/s  setup=11.842 s
gen_bluestein            L=100 B=1     m=64    inner=1      min=  9647.375 us/xform  median=  9660.669  sd=  0.09%     10.33 GF/s  setup=0.000 s
gen_bluestein            L=100 B=1     m=2     inner=1      min= 10932.734 us/xform  median= 10932.734  sd=  0.00%      9.12 GF/s  setup=0.000 s
gen_layout               L=100 B=1     m=64    inner=1      min=  9417.839 us/xform  median=  9438.129  sd=  0.13%     10.58 GF/s  setup=0.004 s
gen_layout               L=100 B=1     m=2     inner=1      min=  9250.134 us/xform  median=  9250.134  sd=  0.00%     10.77 GF/s  setup=0.004 s
gen_pfa_large            L=100 B=1     m=64    inner=1      min=  2938.800 us/xform  median=  2948.669  sd=  0.29%     33.91 GF/s  setup=2.570 s
gen_pfa_large            L=100 B=1     m=2     inner=1      min=  4511.310 us/xform  median=  4511.310  sd=  0.00%     22.09 GF/s  setup=0.003 s
gen_planner              L=100 B=1     m=64    inner=1      min=  4021.159 us/xform  median=  4028.602  sd=  0.23%     24.78 GF/s  setup=0.205 s
gen_planner              L=100 B=1     m=2     inner=1      min=  5012.040 us/xform  median=  5012.040  sd=  0.00%     19.88 GF/s  setup=0.070 s
gen_powp                 L=100 B=1     m=64    inner=1      min=  2926.769 us/xform  median=  2930.853  sd=  0.19%     34.05 GF/s  setup=1.699 s
gen_powp                 L=100 B=1     m=2     inner=1      min=  6209.343 us/xform  median=  6209.343  sd=  0.00%     16.05 GF/s  setup=0.004 s
gen_race                 L=100 B=1     m=64    inner=1      min=  3874.030 us/xform  median=  3876.178  sd=  0.13%     25.72 GF/s  setup=0.511 s
gen_race                 L=100 B=1     m=2     inner=1      min=  5385.567 us/xform  median=  5385.567  sd=  0.00%     18.50 GF/s  setup=0.005 s
gen_twiddle              L=100 B=1     m=64    inner=1      min=  6556.257 us/xform  median=  6559.328  sd=  0.11%     15.20 GF/s  setup=0.076 s
gen_twiddle              L=100 B=1     m=2     inner=1      min=  8214.118 us/xform  median=  8214.118  sd=  0.00%     12.13 GF/s  setup=0.080 s
mkl2026_dfti             L=100 B=1     m=64    inner=1      min=  5468.873 us/xform  median=  5486.640  sd=  0.46%     18.22 GF/s  setup=0.069 s
mkl2026_dfti             L=100 B=1     m=2     inner=1      min=  8641.353 us/xform  median=  8641.353  sd=  0.00%     11.53 GF/s  setup=0.073 s
mkl_dfti                 L=100 B=1     m=64    inner=1      min=  5380.666 us/xform  median=  5453.320  sd=  1.85%     18.52 GF/s  setup=0.053 s
mkl_dfti                 L=100 B=1     m=2     inner=1      min=  8561.726 us/xform  median=  8561.726  sd=  0.00%     11.64 GF/s  setup=0.064 s
