host: p55n3
Intel(R) Xeon(R) Gold 5218 CPU @ 2.30GHz
isa: avx2 avx512_vnni avx512bw avx512cd avx512dq avx512f avx512vl fma 
L2: 32 MiB (32 instances)   L3: 44 MiB (2 instances)
== building on this node with -march=native (AVX-512 available) ==
-- L=17 B=1 --
[L17_matrixsimd tune] dense 17x17 matrix/axis, conj-folded, 512-bit, fused transpose              26.32 us/transform
[L17_matrixsimd tune] dense 17x17 matrix/axis, conj-folded, 512-bit, split transpose              33.22 us/transform
[L17_matrixsimd tune] dense 17x17 matrix/axis, conj-folded, 512-bit, k-blocked                    20.76 us/transform
[L17_matrixsimd tune] dense 17x17 matrix/axis, conj-folded, 512-bit, k-blocked+L1 butterfly       17.07 us/transform  <== kept
[L17_matrixsimd tune] dense 17x17 matrix/axis, conj-folded, 256-bit, fused transpose              19.53 us/transform
[L17_matrixsimd tune] dense 17x17 matrix/axis, conj-folded, 256-bit, split transpose              24.00 us/transform
[L17_matrixsimd tune] dense 17x17 matrix/axis, conj-folded, 256-bit, k-blocked                    20.75 us/transform
[L17_matrixsimd tune] dense 17x17 matrix/axis, conj-folded, 256-bit, k-blocked+L1 butterfly       20.88 us/transform
L17_matrixsimd           L=17  B=1     inner=1154     min=    16.994 us  median=    17.085 us  sd=  1.29%     17.73 GF/s  setup=0.038 s
      PASS rel_l2=3.192e-16 rel_max=2.983e-16 (tol 1e-12) L=17 B=1
mkl_dfti                 L=17  B=1     inner=276      min=    98.792 us  median=    98.944 us  sd=  0.18%      3.05 GF/s  setup=0.055 s
      PASS rel_l2=3.156e-16 rel_max=3.510e-16 (tol 1e-12) L=17 B=1
-- L=17 B=8 --
[L17_matrixsimd tune] dense 17x17 matrix/axis, conj-folded, 512-bit, fused transpose              21.63 us/transform
[L17_matrixsimd tune] dense 17x17 matrix/axis, conj-folded, 512-bit, split transpose              30.81 us/transform
[L17_matrixsimd tune] dense 17x17 matrix/axis, conj-folded, 512-bit, k-blocked                    19.29 us/transform  <== kept
[L17_matrixsimd tune] dense 17x17 matrix/axis, conj-folded, 512-bit, k-blocked+L1 butterfly       19.42 us/transform
[L17_matrixsimd tune] dense 17x17 matrix/axis, conj-folded, 256-bit, fused transpose              21.84 us/transform
[L17_matrixsimd tune] dense 17x17 matrix/axis, conj-folded, 256-bit, split transpose              26.16 us/transform
[L17_matrixsimd tune] dense 17x17 matrix/axis, conj-folded, 256-bit, k-blocked                    23.21 us/transform
[L17_matrixsimd tune] dense 17x17 matrix/axis, conj-folded, 256-bit, k-blocked+L1 butterfly       23.21 us/transform
L17_matrixsimd           L=17  B=8     inner=128      min=   154.940 us  median=   155.021 us  sd=  1.49%     15.55 GF/s  setup=0.042 s
      PASS rel_l2=3.229e-16 rel_max=3.398e-16 (tol 1e-12) L=17 B=8
mkl_dfti                 L=17  B=8     inner=24       min=   798.935 us  median=   799.454 us  sd=  0.15%      3.02 GF/s  setup=0.056 s
      PASS rel_l2=3.103e-16 rel_max=3.521e-16 (tol 1e-12) L=17 B=8
-- L=17 B=256 --
[L17_matrixsimd tune] dense 17x17 matrix/axis, conj-folded, 512-bit, fused transpose              20.34 us/transform
[L17_matrixsimd tune] dense 17x17 matrix/axis, conj-folded, 512-bit, split transpose              23.93 us/transform
[L17_matrixsimd tune] dense 17x17 matrix/axis, conj-folded, 512-bit, k-blocked                    19.99 us/transform
[L17_matrixsimd tune] dense 17x17 matrix/axis, conj-folded, 512-bit, k-blocked+L1 butterfly       19.92 us/transform  <== kept
[L17_matrixsimd tune] dense 17x17 matrix/axis, conj-folded, 256-bit, fused transpose              22.14 us/transform
[L17_matrixsimd tune] dense 17x17 matrix/axis, conj-folded, 256-bit, split transpose              26.97 us/transform
[L17_matrixsimd tune] dense 17x17 matrix/axis, conj-folded, 256-bit, k-blocked                    23.89 us/transform
[L17_matrixsimd tune] dense 17x17 matrix/axis, conj-folded, 256-bit, k-blocked+L1 butterfly       23.68 us/transform
[L17_matrixsimd tune] nv=256  plain 27.90 us/transform   NT-store 32.76 us/transform  -> plain
L17_matrixsimd           L=17  B=256   inner=4        min=  7216.521 us  median=  7287.344 us  sd=  0.67%     10.69 GF/s  setup=0.128 s
      PASS rel_l2=3.224e-16 rel_max=4.467e-16 (tol 1e-12) L=17 B=256
mkl_dfti                 L=17  B=256   inner=1        min= 25917.597 us  median= 25946.094 us  sd=  0.05%      2.98 GF/s  setup=0.054 s
      PASS rel_l2=3.126e-16 rel_max=3.741e-16 (tol 1e-12) L=17 B=256
== probe of L17_matrixsimd complete ==
