# round cmp_gen_vs_ice
host: a80n0.lqcd.mit   date: 2026-09-04T13:39:17-04:00   slurm_job: 440515
cpu: Intel(R) Xeon(R) Gold 6326 CPU @ 2.90GHz
isa: avx2 avx512_bitalg avx512bw avx512cd avx512dq avx512f avx512ifma avx512_vbmi avx512vbmi avx512vl avx512_vnni avx512_vpopcntdq fma 
cores: 64   governor: schedutil
gcc: gcc (Ubuntu 11.4.0-1ubuntu1~22.04) 11.4.0
== building on a80n0.lqcd.mit ==
cc -O3 -march=native -mtune=native -std=gnu11 -fno-math-errno -funroll-loops -I. -c -o build/a80n0/driver.o driver.c
cc -O3 -march=native -mtune=native -std=gnu11 -fno-math-errno -funroll-loops -I. -o build/a80n0/bin/baseline_matrix impl/baseline_matrix.c build/a80n0/driver.o -lm
cc -O3 -march=native -mtune=native -std=gnu11 -fno-math-errno -funroll-loops -I. -o build/a80n0/bin/gen_batchlane impl/gen_batchlane.c build/a80n0/driver.o -lm
cc -O3 -march=native -mtune=native -std=gnu11 -fno-math-errno -funroll-loops -I. -o build/a80n0/bin/gen_bluestein impl/gen_bluestein.c build/a80n0/driver.o -lm
cc -O3 -march=native -mtune=native -std=gnu11 -fno-math-errno -funroll-loops -I. -o build/a80n0/bin/gen_dense_prime impl/gen_dense_prime.c build/a80n0/driver.o -lm
cc -O3 -march=native -mtune=native -std=gnu11 -fno-math-errno -funroll-loops -I. -o build/a80n0/bin/gen_layout impl/gen_layout.c build/a80n0/driver.o -lm
cc -O3 -march=native -mtune=native -std=gnu11 -fno-math-errno -funroll-loops -I. -o build/a80n0/bin/gen_pfa_large impl/gen_pfa_large.c build/a80n0/driver.o -lm
# round cmp_gen_vs_ice
host: a80n0.lqcd.mit   date: 2026-09-04T14:55:10-04:00   slurm_job: 440515
cpu: Intel(R) Xeon(R) Gold 6326 CPU @ 2.90GHz
isa: avx2 avx512_bitalg avx512bw avx512cd avx512dq avx512f avx512ifma avx512_vbmi avx512vbmi avx512vl avx512_vnni avx512_vpopcntdq fma 
cores: 64   governor: schedutil
gcc: gcc (Ubuntu 11.4.0-1ubuntu1~22.04) 11.4.0
== building on a80n0.lqcd.mit ==
cc -O3 -march=native -mtune=native -std=gnu11 -fno-math-errno -funroll-loops -I. -c -o build/a80n0/driver.o driver.c
cc -O3 -march=native -mtune=native -std=gnu11 -fno-math-errno -funroll-loops -I. -o build/a80n0/bin/baseline_matrix impl/baseline_matrix.c build/a80n0/driver.o -lm
cc -O3 -march=native -mtune=native -std=gnu11 -fno-math-errno -funroll-loops -I. -o build/a80n0/bin/gen_batchlane impl/gen_batchlane.c build/a80n0/driver.o -lm
cc -O3 -march=native -mtune=native -std=gnu11 -fno-math-errno -funroll-loops -I. -o build/a80n0/bin/gen_bluestein impl/gen_bluestein.c build/a80n0/driver.o -lm
cc -O3 -march=native -mtune=native -std=gnu11 -fno-math-errno -funroll-loops -I. -o build/a80n0/bin/gen_dense_prime impl/gen_dense_prime.c build/a80n0/driver.o -lm
cc -O3 -march=native -mtune=native -std=gnu11 -fno-math-errno -funroll-loops -I. -o build/a80n0/bin/gen_layout impl/gen_layout.c build/a80n0/driver.o -lm
cc -O3 -march=native -mtune=native -std=gnu11 -fno-math-errno -funroll-loops -I. -o build/a80n0/bin/gen_pfa_large impl/gen_pfa_large.c build/a80n0/driver.o -lm
cc -O3 -march=native -mtune=native -std=gnu11 -fno-math-errno -funroll-loops -I. -o build/a80n0/bin/gen_pfa_small impl/gen_pfa_small.c build/a80n0/driver.o -lm
cc -O3 -march=native -mtune=native -std=gnu11 -fno-math-errno -funroll-loops -I. -o build/a80n0/bin/gen_planner impl/gen_planner.c build/a80n0/driver.o -lm
cc -O3 -march=native -mtune=native -std=gnu11 -fno-math-errno -funroll-loops -I. -o build/a80n0/bin/gen_pow2 impl/gen_pow2.c build/a80n0/driver.o -lm
cc -O3 -march=native -mtune=native -std=gnu11 -fno-math-errno -funroll-loops -I. -o build/a80n0/bin/gen_powp impl/gen_powp.c build/a80n0/driver.o -lm
cc -O3 -march=native -mtune=native -std=gnu11 -fno-math-errno -funroll-loops -I. -o build/a80n0/bin/gen_race impl/gen_race.c build/a80n0/driver.o -lm
cc -O3 -march=native -mtune=native -std=gnu11 -fno-math-errno -funroll-loops -I. -o build/a80n0/bin/gen_rader impl/gen_rader.c build/a80n0/driver.o -lm
cc -O3 -march=native -mtune=native -std=gnu11 -fno-math-errno -funroll-loops -I. -o build/a80n0/bin/gen_twiddle impl/gen_twiddle.c build/a80n0/driver.o -lm
cc -O3 -march=native -mtune=native -std=gnu11 -fno-math-errno -funroll-loops -I. -o build/a80n0/bin/L13_direct impl/L13_direct.c build/a80n0/driver.o -lm
cc -O3 -march=native -mtune=native -std=gnu11 -fno-math-errno -funroll-loops -I. -o build/a80n0/bin/L13_rader impl/L13_rader.c build/a80n0/driver.o -lm
cc -O3 -march=native -mtune=native -std=gnu11 -fno-math-errno -funroll-loops -I. -o build/a80n0/bin/L17_matrixsimd impl/L17_matrixsimd.c build/a80n0/driver.o -lm
cc -O3 -march=native -mtune=native -std=gnu11 -fno-math-errno -funroll-loops -I. -o build/a80n0/bin/L17_rader impl/L17_rader.c build/a80n0/driver.o -lm
cc -O3 -march=native -mtune=native -std=gnu11 -fno-math-errno -funroll-loops -I. -o build/a80n0/bin/L17_winograd impl/L17_winograd.c build/a80n0/driver.o -lm
cc -O3 -march=native -mtune=native -std=gnu11 -fno-math-errno -funroll-loops -I. -o build/a80n0/bin/L23_matrixsimd impl/L23_matrixsimd.c build/a80n0/driver.o -lm
cc -O3 -march=native -mtune=native -std=gnu11 -fno-math-errno -funroll-loops -I. -o build/a80n0/bin/L23_rader impl/L23_rader.c build/a80n0/driver.o -lm
cc -O3 -march=native -mtune=native -std=gnu11 -fno-math-errno -funroll-loops -I. -o build/a80n0/bin/L36_mixedradix impl/L36_mixedradix.c build/a80n0/driver.o -lm
cc -O3 -march=native -mtune=native -std=gnu11 -fno-math-errno -funroll-loops -I. -o build/a80n0/bin/L36_pencilfused impl/L36_pencilfused.c build/a80n0/driver.o -lm
cc -O3 -march=native -mtune=native -std=gnu11 -fno-math-errno -funroll-loops -I. -o build/a80n0/bin/L36_pfa impl/L36_pfa.c build/a80n0/driver.o -lm
cc -O3 -march=native -mtune=native -std=gnu11 -fno-math-errno -funroll-loops -I. -o build/a80n0/bin/L45_mixedradix impl/L45_mixedradix.c build/a80n0/driver.o -lm
cc -O3 -march=native -mtune=native -std=gnu11 -fno-math-errno -funroll-loops -I. -o build/a80n0/bin/L45_pfa impl/L45_pfa.c build/a80n0/driver.o -lm
cc -O3 -march=native -mtune=native -std=gnu11 -fno-math-errno -funroll-loops -I. -o build/a80n0/bin/L64_blocked impl/L64_blocked.c build/a80n0/driver.o -lm
cc -O3 -march=native -mtune=native -std=gnu11 -fno-math-errno -funroll-loops -I. -o build/a80n0/bin/L64_radix8 impl/L64_radix8.c build/a80n0/driver.o -lm
cc -O3 -march=native -mtune=native -std=gnu11 -fno-math-errno -funroll-loops -I. -o build/a80n0/bin/L6_pfa impl/L6_pfa.c build/a80n0/driver.o -lm
cc -O3 -march=native -mtune=native -std=gnu11 -fno-math-errno -funroll-loops -I. -o build/a80n0/bin/L6_unrolled impl/L6_unrolled.c build/a80n0/driver.o -lm
cc -O3 -march=native -mtune=native -std=gnu11 -fno-math-errno -funroll-loops -I. -o build/a80n0/bin/L8_batchsimd impl/L8_batchsimd.c build/a80n0/driver.o -lm
cc -O3 -march=native -mtune=native -std=gnu11 -fno-math-errno -funroll-loops -I. -o build/a80n0/bin/L8_fusedaxes impl/L8_fusedaxes.c build/a80n0/driver.o -lm
cc -O3 -march=native -mtune=native -std=gnu11 -fno-math-errno -funroll-loops -I. -o build/a80n0/bin/L8_radix8 impl/L8_radix8.c build/a80n0/driver.o -lm
cc -O3 -march=native -mtune=native -std=gnu11 -fno-math-errno -funroll-loops -I. -I/home/lqcd/wdetmold/fft/ext/install/include -DPLAN_FLAG=FFTW_ESTIMATE -DPLAN_NAME='"fftw3_estimate"' \
  -o build/a80n0/bin/fftw3_estimate sota/fftw3.c build/a80n0/driver.o -L/home/lqcd/wdetmold/fft/ext/install/lib -Wl,-rpath,/home/lqcd/wdetmold/fft/ext/install/lib -lfftw3 -lm
cc -O3 -march=native -mtune=native -std=gnu11 -fno-math-errno -funroll-loops -I. -I/home/lqcd/wdetmold/fft/ext/install/include -DPLAN_FLAG=FFTW_MEASURE -DPLAN_NAME='"fftw3_measure"' \
  -o build/a80n0/bin/fftw3_measure sota/fftw3.c build/a80n0/driver.o -L/home/lqcd/wdetmold/fft/ext/install/lib -Wl,-rpath,/home/lqcd/wdetmold/fft/ext/install/lib -lfftw3 -lm
cc -O3 -march=native -mtune=native -std=gnu11 -fno-math-errno -funroll-loops -I. -I/home/lqcd/wdetmold/fft/ext/install/include -DPLAN_FLAG=FFTW_PATIENT -DPLAN_NAME='"fftw3_patient"' \
  -o build/a80n0/bin/fftw3_patient sota/fftw3.c build/a80n0/driver.o -L/home/lqcd/wdetmold/fft/ext/install/lib -Wl,-rpath,/home/lqcd/wdetmold/fft/ext/install/lib -lfftw3 -lm
cc -O3 -march=native -mtune=native -std=gnu11 -fno-math-errno -funroll-loops -I. -I/home/lqcd/wdetmold/fft/ext/install/include -o build/a80n0/bin/fftw3_guru sota/fftw3_guru.c build/a80n0/driver.o -L/home/lqcd/wdetmold/fft/ext/install/lib -Wl,-rpath,/home/lqcd/wdetmold/fft/ext/install/lib -lfftw3 -lm
cc -O3 -march=native -mtune=native -std=gnu11 -fno-math-errno -funroll-loops -I. -I/opt/software/intel/oneapi/mkl/2022.0.2/include -o build/a80n0/bin/mkl_dfti sota/mkl_dfti.c build/a80n0/driver.o \
  -L/opt/software/intel/oneapi/mkl/2022.0.2/lib/intel64 -Wl,-rpath,/opt/software/intel/oneapi/mkl/2022.0.2/lib/intel64 \
  -lmkl_intel_lp64 -lmkl_sequential -lmkl_core -lm
cc -O3 -march=native -mtune=native -std=gnu11 -fno-math-errno -funroll-loops -I. -I/home/lqcd/wdetmold/fft/venv/include -DMKL_BACKEND_NAME='"mkl2026_dfti"' \
  -DMKL_BACKEND_DESC='"oneMKL 2026.1 (pip wheel) DFTI, sequential, batched"' \
  -o build/a80n0/bin/mkl2026_dfti sota/mkl_dfti.c build/a80n0/driver.o -Wl,-rpath,/home/lqcd/wdetmold/fft/venv/lib \
  /home/lqcd/wdetmold/fft/venv/lib/libmkl_intel_lp64.so.3 /home/lqcd/wdetmold/fft/venv/lib/libmkl_sequential.so.3 \
  /home/lqcd/wdetmold/fft/venv/lib/libmkl_core.so.3 -lm
g++ -O3 -march=native -mtune=native -std=c++17 -fno-math-errno -I. -I/home/lqcd/wdetmold/fft/ext/src/ducc/src -o build/a80n0/bin/ducc0_c2c sota/ducc0_c2c.cc /home/lqcd/wdetmold/fft/ext/src/ducc/src/ducc0/fft/fft_inst2.cc \
  /home/lqcd/wdetmold/fft/ext/src/ducc/src/ducc0/infra/mav.cc /home/lqcd/wdetmold/fft/ext/src/ducc/src/ducc0/infra/string_utils.cc \
  /home/lqcd/wdetmold/fft/ext/src/ducc/src/ducc0/infra/threading.cc /home/lqcd/wdetmold/fft/ext/src/ducc/src/ducc0/infra/system.cc \
  build/a80n0/driver.o -lpthread -lm
host:            a80n0  (binaries in build/a80n0/bin)
implementations: baseline_matrix gen_batchlane gen_bluestein gen_dense_prime gen_layout gen_pfa_large gen_pfa_small gen_planner gen_pow2 gen_powp gen_race gen_rader gen_twiddle L13_direct L13_rader L17_matrixsimd L17_rader L17_winograd L23_matrixsimd L23_rader L36_mixedradix L36_pencilfused L36_pfa L45_mixedradix L45_pfa L64_blocked L64_radix8 L6_pfa L6_unrolled L8_batchsimd L8_fusedaxes L8_radix8
sota:            fftw3_estimate fftw3_measure fftw3_patient fftw3_guru mkl_dfti mkl2026_dfti ducc0_c2c
== backends: baseline_matrix
ducc0_c2c
fftw3_estimate
fftw3_guru
fftw3_measure
fftw3_patient
gen_batchlane
gen_bluestein
gen_dense_prime
gen_layout
gen_pfa_large
gen_pfa_small
gen_planner
gen_pow2
gen_powp
gen_race
gen_rader
gen_twiddle
L13_direct
L13_rader
L17_matrixsimd
L17_rader
L17_winograd
L23_matrixsimd
L23_rader
L36_mixedradix
L36_pencilfused
L36_pfa
L45_mixedradix
L45_pfa
L64_blocked
L64_radix8
L6_pfa
L6_unrolled
L8_batchsimd
L8_fusedaxes
L8_radix8
mkl2026_dfti
mkl_dfti ==
   done L=6 B=64
   done L=8 B=64
   done L=13 B=32
   done L=17 B=32
   done L=23 B=16
   done L=36 B=8
   done L=45 B=4
   done L=64 B=2
   done L=6 B=64
   done L=8 B=64
   done L=13 B=32
   done L=17 B=32
   done L=23 B=16
   done L=36 B=8
   done L=45 B=4
   done L=64 B=2
=== round cmp_gen_vs_ice ===
# round cmp_gen_vs_ice
host: a80n0.lqcd.mit   date: 2026-09-04T14:55:10-04:00   slurm_job: 440515
cpu: Intel(R) Xeon(R) Gold 6326 CPU @ 2.90GHz
isa: avx2 avx512_bitalg avx512bw avx512cd avx512dq avx512f avx512ifma avx512_vbmi avx512vbmi avx512vl avx512_vnni avx512_vpopcntdq fma 
cores: 64   governor: schedutil
gcc: gcc (Ubuntu 11.4.0-1ubuntu1~22.04) 11.4.0

-- L=6 (batched B=64), volume 216, working set 0.42 MiB --
   backend                   per-transform     per-call     GF/s  run spread     setup  correctness
   L6_unrolled                    0.179 us    11.456 us    46.79       0.7%    0.323s  ok 2.4e-16       1.00x
   L6_pfa                         0.179 us    11.478 us    46.70       0.6%    0.650s  ok 2.4e-16       1.00x
   mkl_dfti                       0.288 us    18.416 us    29.11      13.1%    0.002s  ok 2.4e-16       1.61x
   mkl2026_dfti                   0.345 us    22.051 us    24.31       1.1%    0.002s  ok 2.5e-16       1.92x
   gen_planner                    0.355 us    22.721 us    23.59      15.2%    0.003s  ok 2.5e-16       1.98x
   gen_race                       0.370 us    23.707 us    22.61      10.1%    0.008s  ok 2.5e-16       2.07x
   fftw3_measure                  0.451 us    28.866 us    18.57       1.8%    0.012s  ok 2.0e-16       2.52x
   fftw3_patient                  0.451 us    28.894 us    18.55       4.0%    0.020s  ok 2.0e-16       2.52x
   gen_pfa_small                  0.471 us    30.123 us    17.79      18.3%    0.000s  ok 2.1e-16       2.63x
   fftw3_guru                     0.962 us    61.541 us     8.71      21.4%    0.011s  ok 2.0e-16       5.37x
   fftw3_estimate                 1.026 us    65.669 us     8.16       0.2%    0.001s  ok 2.0e-16       5.73x
   gen_layout                     1.036 us    66.273 us     8.09      14.2%    0.000s  ok 2.5e-16       5.78x
   gen_twiddle                    1.156 us    74.006 us     7.24       4.1%    0.003s  ok 2.6e-16       6.46x
   gen_bluestein                  2.082 us   133.218 us     4.02       3.5%    0.000s  ok 4.0e-16       11.63x
   ducc0_c2c                      2.226 us   142.450 us     3.76       0.6%    0.000s  ok 1.9e-16       12.43x
   baseline_matrix                6.718 us   429.932 us     1.25      20.7%    0.000s  ok 6.0e-16       37.53x

-- L=8 (batched B=64), volume 512, working set 1.00 MiB --
   backend                   per-transform     per-call     GF/s  run spread     setup  correctness
   L8_batchsimd                   0.411 us    26.274 us    56.12       0.5%    0.000s  ok 2.3e-16       1.00x
   L8_fusedaxes                   0.416 us    26.630 us    55.37      38.0%    0.231s  ok 2.3e-16       1.01x
   L8_radix8                      0.439 us    28.105 us    52.47      18.4%    0.040s  ok 2.3e-16       1.07x
   mkl2026_dfti                   0.515 us    32.939 us    44.77      15.3%    0.002s  ok 1.6e-16       1.25x
   mkl_dfti                       0.553 us    35.405 us    41.65       9.0%    0.002s  ok 1.6e-16       1.35x
   gen_race                       0.681 us    43.552 us    33.86      17.4%    0.005s  ok 2.3e-16       1.66x
   gen_planner                    0.721 us    46.155 us    31.95      12.8%    0.003s  ok 2.3e-16       1.76x
   fftw3_measure                  0.876 us    56.049 us    26.31      18.7%    0.013s  ok 1.8e-16       2.13x
   fftw3_patient                  1.030 us    65.929 us    22.37       7.8%    0.022s  ok 1.8e-16       2.51x
   gen_twiddle                    1.127 us    72.142 us    20.44      14.8%    0.004s  ok 2.3e-16       2.75x
   gen_layout                     2.316 us   148.229 us     9.95       1.0%    0.001s  ok 2.3e-16       5.64x
   fftw3_guru                     3.214 us   205.665 us     7.17      19.1%    0.010s  ok 1.4e-16       7.83x
   ducc0_c2c                      3.219 us   206.006 us     7.16       1.0%    0.000s  ok 1.3e-16       7.84x
   gen_bluestein                  3.347 us   214.206 us     6.88       0.3%    0.000s  ok 3.9e-16       8.15x
   fftw3_estimate                 4.833 us   309.343 us     4.77       0.8%    0.001s  ok 1.7e-16       11.77x
   gen_pow2                       7.467 us   477.882 us     3.09      21.3%    0.000s  ok 1.4e-16       18.19x
   baseline_matrix               21.203 us  1356.992 us     1.09      20.9%    0.000s  ok 3.9e-16       51.65x

-- L=13 (batched B=32), volume 2197, working set 2.15 MiB --
   backend                   per-transform     per-call     GF/s  run spread     setup  correctness
   L13_direct                     3.805 us   121.754 us    32.05       0.1%    0.194s  ok 2.9e-16       1.00x
   gen_race                       4.400 us   140.796 us    27.72      18.6%    0.009s  ok 3.1e-16       1.16x
   gen_rader                      4.405 us   140.954 us    27.69      17.2%    0.001s  ok 3.1e-16       1.16x
   L13_rader                      4.418 us   141.390 us    27.60       1.0%    0.000s  ok 3.0e-16       1.16x
   mkl_dfti                       5.316 us   170.108 us    22.94      16.3%    0.002s  ok 3.2e-16       1.40x
   mkl2026_dfti                   5.936 us   189.937 us    20.55       2.2%    0.002s  ok 3.3e-16       1.56x
   fftw3_measure                  7.915 us   253.289 us    15.41       5.2%    0.012s  ok 3.2e-16       2.08x
   fftw3_estimate                 8.517 us   272.542 us    14.32      15.0%    0.001s  ok 3.2e-16       2.24x
   fftw3_patient                  8.675 us   277.600 us    14.06      11.9%    0.022s  ok 3.2e-16       2.28x
   gen_planner                   10.337 us   330.769 us    11.80      17.5%    0.003s  ok 2.9e-16       2.72x
   gen_dense_prime               10.890 us   348.465 us    11.20      24.1%    0.000s  ok 2.7e-16       2.86x
   gen_layout                    13.187 us   421.992 us     9.25      15.9%    0.001s  ok 2.9e-16       3.47x
   gen_twiddle                   17.557 us   561.833 us     6.95      10.6%    0.003s  ok 2.9e-16       4.61x
   gen_bluestein                 17.838 us   570.813 us     6.84      26.4%    0.000s  ok 5.7e-16       4.69x
   fftw3_guru                    28.947 us   926.295 us     4.21      17.8%    0.011s  ok 3.4e-16       7.61x
   ducc0_c2c                     36.412 us  1165.188 us     3.35       0.4%    0.000s  ok 2.5e-16       9.57x
   baseline_matrix              177.977 us  5695.250 us     0.69       0.7%    0.000s  ok 7.8e-16       46.78x

-- L=17 (batched B=32), volume 4913, working set 4.80 MiB --
   backend                   per-transform     per-call     GF/s  run spread     setup  correctness
   L17_matrixsimd                10.544 us   337.397 us    28.57      46.3%    1.590s  ok 3.3e-16       1.00x
   L17_winograd                  14.130 us   452.144 us    21.32      17.3%    0.617s  ok 3.3e-16       1.34x
   L17_rader                     16.117 us   515.756 us    18.69      29.5%    0.791s  ok 3.2e-16       1.53x
   gen_rader                     18.877 us   604.064 us    15.96      34.5%    0.002s  ok 3.6e-16       1.79x
   gen_race                      24.546 us   785.456 us    12.27       0.8%    0.019s  ok 3.6e-16       2.33x
   gen_planner                   26.543 us   849.384 us    11.35      14.8%    0.004s  ok 3.2e-16       2.52x
   gen_layout                    27.274 us   872.762 us    11.04       0.3%    0.000s  ok 3.2e-16       2.59x
   gen_dense_prime               34.149 us  1092.771 us     8.82       7.7%    0.000s  ok 3.1e-16       3.24x
   gen_twiddle                   42.769 us  1368.611 us     7.04       8.6%    0.004s  ok 3.2e-16       4.06x
   gen_bluestein                 54.507 us  1744.226 us     5.53       2.1%    0.000s  ok 4.9e-16       5.17x
   mkl2026_dfti                  83.817 us  2682.142 us     3.59       0.4%    0.039s  ok 3.1e-16       7.95x
   mkl_dfti                      84.419 us  2701.395 us     3.57       0.0%    0.036s  ok 3.1e-16       8.01x
   ducc0_c2c                     89.253 us  2856.098 us     3.37       2.9%    0.000s  ok 2.6e-16       8.47x
   fftw3_measure                 91.630 us  2932.162 us     3.29       0.1%    0.008s  ok 3.0e-16       8.69x
   fftw3_patient                 91.688 us  2934.028 us     3.29       3.3%    0.017s  ok 3.0e-16       8.70x
   fftw3_estimate                92.098 us  2947.121 us     3.27       0.6%    0.002s  ok 3.0e-16       8.73x
   fftw3_guru                   111.622 us  3571.898 us     2.70      10.4%    0.012s  ok 3.0e-16       10.59x
   baseline_matrix              522.356 us 16715.383 us     0.58       0.2%    0.000s  ok 8.4e-16       49.54x

-- L=23 (batched B=16), volume 12167, working set 5.94 MiB --
   backend                   per-transform     per-call     GF/s  run spread     setup  correctness
   L23_rader                     33.368 us   533.883 us    24.74      39.0%    0.647s  ok 3.8e-16       1.00x
   L23_matrixsimd                40.017 us   640.271 us    20.63      15.2%    0.789s  ok 3.8e-16       1.20x
   gen_planner                   56.815 us   909.047 us    14.53      23.1%    0.015s  ok 3.8e-16       1.70x
   gen_race                      65.660 us  1050.554 us    12.57      24.9%    0.006s  ok 3.8e-16       1.97x
   gen_rader                     66.343 us  1061.488 us    12.44      20.3%    0.003s  ok 3.7e-16       1.99x
   gen_dense_prime               81.845 us  1309.528 us    10.09       7.4%    0.000s  ok 3.7e-16       2.45x
   gen_layout                    83.291 us  1332.654 us     9.91      10.4%    0.000s  ok 3.8e-16       2.50x
   gen_twiddle                  109.973 us  1759.571 us     7.51      10.7%    0.004s  ok 3.8e-16       3.30x
   gen_bluestein                130.561 us  2088.984 us     6.32      19.0%    0.000s  ok 6.5e-16       3.91x
   fftw3_patient                233.191 us  3731.054 us     3.54       0.2%    0.028s  ok 3.7e-16       6.99x
   mkl_dfti                     256.230 us  4099.687 us     3.22       0.4%    0.033s  ok 4.2e-16       7.68x
   fftw3_guru                   259.960 us  4159.352 us     3.18      21.1%    0.014s  ok 3.7e-16       7.79x
   ducc0_c2c                    265.816 us  4253.049 us     3.11      15.8%    0.000s  ok 2.8e-16       7.97x
   mkl2026_dfti                 281.111 us  4497.775 us     2.94       4.0%    0.054s  ok 4.2e-16       8.42x
   fftw3_measure                281.857 us  4509.706 us     2.93       0.2%    0.012s  ok 3.7e-16       8.45x
   fftw3_estimate               282.094 us  4513.510 us     2.93       0.1%    0.002s  ok 3.7e-16       8.45x
   baseline_matrix             1444.788 us 23116.612 us     0.57      20.9%    0.000s  ok 7.4e-16       43.30x

-- L=36 (batched B=8), volume 46656, working set 11.39 MiB --
   backend                   per-transform     per-call     GF/s  run spread     setup  correctness
   L36_pencilfused               99.274 us   794.196 us    36.45      13.8%    0.964s  ok 3.6e-16       1.00x
   L36_pfa                      101.522 us   812.174 us    35.64       1.9%    0.714s  ok 3.6e-16       1.02x
   L36_mixedradix               144.956 us  1159.652 us    24.96       1.7%    0.359s  ok 3.6e-16       1.46x
   mkl_dfti                     187.712 us  1501.696 us    19.27       0.2%    0.034s  ok 3.9e-16       1.89x
   mkl2026_dfti                 191.368 us  1530.948 us    18.91       0.0%    0.050s  ok 4.0e-16       1.93x
   gen_planner                  222.482 us  1779.858 us    16.26       0.9%    0.049s  ok 3.9e-16       2.24x
   gen_race                     228.672 us  1829.372 us    15.82       9.6%    0.012s  ok 3.9e-16       2.30x
   gen_twiddle                  251.810 us  2014.476 us    14.37      11.6%    0.006s  ok 3.8e-16       2.54x
   fftw3_patient                289.720 us  2317.763 us    12.49       2.1%    0.957s  ok 3.6e-16       2.92x
   gen_layout                   325.494 us  2603.952 us    11.12       3.4%    0.001s  ok 4.1e-16       3.28x
   fftw3_measure                338.233 us  2705.867 us    10.70       1.1%    0.125s  ok 3.8e-16       3.41x
   gen_pfa_small                356.510 us  2852.083 us    10.15       0.5%    0.004s  ok 3.9e-16       3.59x
   fftw3_estimate               398.767 us  3190.134 us     9.07       8.6%    0.004s  ok 3.5e-16       4.02x
   ducc0_c2c                    406.401 us  3251.208 us     8.90       7.8%    0.000s  ok 3.0e-16       4.09x
   gen_bluestein                565.051 us  4520.407 us     6.40       8.5%    0.000s  ok 6.8e-16       5.69x
   fftw3_guru                   590.048 us  4720.383 us     6.13      38.9%    0.130s  ok 3.8e-16       5.94x
   baseline_matrix            10517.011 us 84136.089 us     0.34       0.0%    0.000s  ok 8.0e-16       105.94x

-- L=45 (batched B=4), volume 91125, working set 11.12 MiB --
   backend                   per-transform     per-call     GF/s  run spread     setup  correctness
   L45_pfa                      220.768 us   883.073 us    34.00      29.8%    1.542s  ok 4.0e-16       1.00x
   L45_mixedradix               268.829 us  1075.315 us    27.92       0.8%    0.489s  ok 4.1e-16       1.22x
   mkl_dfti                     544.285 us  2177.139 us    13.79       2.3%    0.028s  ok 4.4e-16       2.47x
   mkl2026_dfti                 577.393 us  2309.572 us    13.00       3.6%    0.050s  ok 4.5e-16       2.62x
   gen_twiddle                  722.298 us  2889.193 us    10.39      18.7%    0.010s  ok 4.2e-16       3.27x
   gen_planner                  753.275 us  3013.100 us     9.97       0.8%    0.011s  ok 4.3e-16       3.41x
   gen_race                     764.466 us  3057.862 us     9.82       3.8%    0.025s  ok 4.3e-16       3.46x
   gen_pfa_small                791.890 us  3167.561 us     9.48       5.5%    0.011s  ok 4.1e-16       3.59x
   fftw3_patient                799.924 us  3199.698 us     9.38       3.3%    0.670s  ok 4.3e-16       3.62x
   ducc0_c2c                    874.737 us  3498.947 us     8.58       1.6%    0.000s  ok 3.7e-16       3.96x
   fftw3_measure                914.542 us  3658.167 us     8.21       1.2%    0.064s  ok 4.2e-16       4.14x
   gen_layout                  1082.864 us  4331.457 us     6.93       3.4%    0.001s  ok 4.5e-16       4.90x
   gen_bluestein               1117.480 us  4469.920 us     6.72       1.5%    0.000s  ok 6.0e-16       5.06x
   fftw3_estimate              1131.247 us  4524.987 us     6.64       0.2%    0.002s  ok 4.2e-16       5.12x
   fftw3_guru                  1805.693 us  7222.771 us     4.16       7.0%    0.085s  ok 4.3e-16       8.18x
   baseline_matrix            26698.745 us 106794.981 us     0.28       0.0%    0.000s  ok 8.0e-16       120.94x

-- L=64 (batched B=2), volume 262144, working set 16.00 MiB --
   backend                   per-transform     per-call     GF/s  run spread     setup  correctness
   L64_radix8                   798.651 us  1597.302 us    29.54      14.1%    0.937s  ok 4.5e-16       1.00x
   gen_race                     860.729 us  1721.459 us    27.41       9.2%    0.010s  ok 3.2e-16       1.08x
   gen_pow2                     873.199 us  1746.398 us    27.02       7.7%    0.000s  ok 3.2e-16       1.09x
   L64_blocked                  878.175 us  1756.350 us    26.87       0.3%    0.057s  ok 4.5e-16       1.10x
   mkl_dfti                    1041.718 us  2083.436 us    22.65      18.4%    0.032s  ok 3.4e-16       1.30x
   mkl2026_dfti                1181.382 us  2362.765 us    19.97       4.7%    0.050s  ok 3.4e-16       1.48x
   gen_planner                 1198.487 us  2396.974 us    19.69       0.9%    0.019s  ok 3.7e-16       1.50x
   fftw3_patient               1255.600 us  2511.199 us    18.79       1.2%    3.868s  ok 3.6e-16       1.57x
   fftw3_measure               1595.341 us  3190.681 us    14.79      15.2%    0.272s  ok 3.5e-16       2.00x
   gen_twiddle                 1597.409 us  3194.819 us    14.77      33.8%    0.020s  ok 3.6e-16       2.00x
   ducc0_c2c                   2101.400 us  4202.800 us    11.23       5.6%    0.000s  ok 3.0e-16       2.63x
   gen_layout                  2381.641 us  4763.283 us     9.91       0.6%    0.002s  ok 3.8e-16       2.98x
   gen_bluestein               2755.293 us  5510.586 us     8.56      27.9%    0.000s  ok 5.7e-16       3.45x
   fftw3_estimate              3182.458 us  6364.916 us     7.41       0.8%    0.001s  ok 3.5e-16       3.98x
   fftw3_guru                  4446.027 us  8892.053 us     5.31       5.9%    0.218s  ok 3.3e-16       5.57x
   baseline_matrix            94593.936 us 189187.872 us     0.25       0.0%    0.000s  ok 7.8e-16       118.44x

backends:
   L13_direct               conj-folded dense 13x13 per axis, lanes=lines, pinned sines; 512b all-pinned zsolidY+xmm-tail X-first+ov; chain=S8[B>=8] soa8-2sweep-pinned map@Ystore(v0) r8[fz-xstep-fused hp2M rk0 lz0] else pairmap+mz1; chain-ab[B32]=zs3750,ov3676,oz3885,op4158,os3738,pf4172 ns/vol pick=ov(inc); fch-ab=cz5927,cv5936,v15458,v25466,v45467,m15277,m25295 pick=m1(inc)
   L13_rader                Rader-13; ice_r7 SoA BATCH-LANE chain (8 vols/zmm split re/im, zero-shuffle vertical pencils, 2 sweeps/step: map+z+y per L1 x-plane, then x-pencils; kernel=rader-split186 mf=3 sqr=1; convert 1/m; mined from 1000f989/v5_3907583b/v6_f40c5e25), tails+B<8 = r6 vm classic, 512-bit; exec=ov chain=soa8
   L17_matrixsimd           nested cyclic/negacyclic 17-pt/axis, merged-reordered, 512-bit+ymm tail, pinned, X-first, deferred-Z, addr-safe t1, pf=0, pw=0, pt=0, b1dec[yz/kyz/x/kx]=8.31/7.81/3.83/3.62, clk512/256=2.90/2.90 GHz, d256=2.90, chain=v7 map=s6q4x2 mg2 volsoa4-inplace xs1 p11 v7p1=0 sf1
   L17_rader                Rader-17 cyclic/negacyclic (kernel from L17_winograd), plane-fused; tuned: xl 512 pin, pf=0, pfw=0, clk256=2.90 clk512=2.90, xrace xl/xfs=20.81/23.46, probe ph/xp/fu=15.45/6.88/22.90 us/vol, chain ch=ms7 11.27 nm=17.75 msr=13.92 msnm=10.24 msok=1 ms6=14.34 ms6nm=9.82 ok6=1 ms7=11.27 ms7nm=7.34 ok7=1 us/step
   L17_winograd             17-pt cyclic+negacyclic module (296 FP instr), 3 rotating passes, sched=0, var=h8, pf=0, pfw=0, cw=0, clk256=2.90GHz, clk512=2.90GHz, p1=5.92 f23=8.63 fu=14.64 fu4=15.41, chain=msa8 rok=1 rok2=1 rok3=1, mch[nv=4,m=16]: mh8=18.39 mx8=16.86 mc8=18.26 mh4=20.74 mi4=20.70 mxc8=16.93 msp8=16.94 mspc8=16.94 mrot8=15.20 mrotc8=15.19 mrp8=17.09 mrpc8=17.11 msa8=11.56 msac8=11.91
   L23_matrixsimd           dense 23x23/axis conj-folded, 512-bit, pinned, X-first, deferred-Z, za, pf=0, pw=0, chain[vol-res inplace ZPLAIN-rot+cab yt20 map@store pcmp sfold mapv=1], tune[ch pick=45.62 inc=46.70 us/t nv=16], clk512/256=2.90/2.90 GHz
   L23_rader                rader23 folded pair, 512-bit, pinned two-sweep, X-first, pf=0 pw=0, zmap=nr, ch=z, tuner pick=46.81 inc=46.81 us/t nv=8, chAB h=42.34 z=41.27 y=43.87 r=43.58
   L36_mixedradix           PFA 4x9 2-sweep chain (per-vol in-place, arena hp=2); pick=v1+nF3-pf1 prot=p2map-cperm pinD=2112 B=8 cpv=8 nF3-pf1=127.7 nF4-pf1=127.3 nF-pf1=131.2 nE-pf1=135.7 nF-pf0=140.3 mQ-pf1=136.7
   L36_pencilfused          L=36 PFA4x9; fchain pw=4 volres inplace TRNC-passA(r8) EAGER map@passB cperm hyb12B:6D r8[mapl110.9 vs 102.2]; exec tuner pw=4 mode=bcst+vr (B=8); chain probe us ip4=164.4 cs4=163.6 is04=174.5 bc4=154.1 xv4=169.1 xr4=158.6 vr4=138.7 nt4=153.6 nv4=149.6
   L36_pfa                  GT-PFA 4x9 (n1_9 DAG) two-sweep +fused map chain (ch=1 chm=0 mix=7 sp=0 pcc=118.2 clk=2.90); tuner pick: pw=4 mode=inplace pf=0 tr=1 (B=8, nv=8, nc=21); probe us p1=68.0 p1t=66.3 p1z=32.1 p1y=22.8 p2w=23.7 fu=89.5
   L45_mixedradix           PFA 9x5 2-sweep; pick=v1-tr-pf1-pfw (B=4, arena=4, stream=0, 10 cand); chain=vg4-custody ov0 ms0 mp1 cpf1/1 d1 w1 n0 k0 v1; nv1 us fu=275.8 p1=247.5 p1z=109.0 p1y=109.8 p1t=227.2 p1zt=82.0 p1yt=118.6 p2w=71.8; fe dsb=0.71 mite=0.29 upc=1.63; po cyc/vol=798k p0=0.54 p5=0.56 ld=0.44 st=0.14
   L45_pfa                  GT-PFA 9x5 2-sweep +tr(bcast-gather p1); pick pw4-tr0 308.8 us/vol (tr0=308.8 ip0=341.2 il0=377.3) B=4 nv=4 clk=2.90 | ch=qc 367.3us/step ms0 xf1 qc1 (qc=367.3 qc2=399.7 q4-pf=-1.0 q4=-1.0 xf-pf=-1.0 xf=-1.0 vt-pf=-1.0 vt=-1.0 vm-zs=-1.0 uf=-1.0 vs=-1.0 vs2=-1.0)
   L64_blocked              L64 zsplit-custody chain (ice_r8: EXACT all-FMA map md=3 2quad rsqrt+2quad rcp; r7 ztail inline, zvp=0, zapf2@T3, zms=0 zs2=0) zs=1 ck=0 xk=1; exec pw=4 mode=cached pf=8 st=3(split-sc) pro=1 sb=0 (B=2)
   L64_radix8               radix-8^2/axis split-cplx AVX-512; r6 custody chain ckind=2 + ice_r7 pipes mp=1 lp=0 (map-ahead pencils, two-lb line phase) ck=1; pick[B=2]=fused-plain+slabpf0+pro1+p10+sc0
   L6_pfa                   Good-Thomas PFA 2x3 per axis, no twiddles, zmm/ymm mixed, chain-pingpong-raced; variant=z512x tier=s ch=s8 cst=0.240us clkS256=2.90 clkD256=2.90 clkS512=2.90 kclk=2.90GHz bf=195.8 bsp=194.9 bx=56.2 byz=136.9ns
   L6_unrolled              L=6: unrolled PFA 2x3 codelet (48 flop/36 instr, no twiddles), zmm-x/ymm-yz zxf incumbent, fused fft3d_chain (ice_r8: SoA 8-volumes-per-zmm group chain, map+c fused at the z-sweep store, H/R2 sqrt-rcp alternation [warm impl_3907 gC]; pair/ipdiv tail); variant=zxf cmap=g8f tier=fast g8rcp=0 kclk=2.90GHz ab1=y189.8,z176.1ns zwd=-3.3% xod=+2.4%
   L8_batchsimd             radix-8 split; ice_r8 bl8 BATCH-LANE SoA chain [B%8==0; 8 vols/zmm, zero-shuffle steady step, X/C one page-pinned block (C-X==2048 mod 4096), plane pad 1056, DIF codelet cd=0 bpf=0, exact rsqrt14+2N+1div map]; other B: r7 hp vol-major chain; pick[B=64]: mode=FUSEDAA3 nt=0 pf=s0 chain{bl8,sig=0,perm=hp} alloc=r8(a64,si512)
   L8_fusedaxes             8^3 fused/AA/AA2 c52 + bl8 batch-lane chain[pf=0;map=0;c52=1;sched=1;B%8==0] fb=vm3[sig=0,so=1,go=0,gs=2;fb2=slot+pfs]; B=64 pick=fusedAA2+pfs (chain-tuned) chain-arena{fused+pfs=0.532,fusedAA2=0.551,fusedAA2+pfs=0.536,fusedAA2b=0.553,fusedAA2b+pfs=0.541} vm-arena{s0=0.665,s8=0.665,s16=0.665,s24=0.665,s40=0.664,s48=0.664,s56=0.664|nn=0.664,dn=0.665,nr=0.666,dr=0.665,gn=0.666,gd=0.663,hp=0.630,hf=0.730} pmc/vol[cyc,aa,sf] pick_d0=1594,79.1,0.0 pick_d32=1561,76.1,0.0 aa2_d0=1653,71.7,0.0 kclk=2.90 dsb%=100
   L8_radix8                radix-8 52-instr codelet; 2p/1f/3p; chain=bl[B%8==0] (batch-lane SoA, map=rsqrt14+2NR+div) else ch=6; pick[B=64]=avx512-1faa-pfs (default) arena{1faa-pfs=0.497 1f-pfs=0.492 1faa=0.522 3p-pfs*=0.473}
   baseline_matrix          row-column dense DFT matrix, O(L^4)/volume/axis
   ducc0_c2c                ducc0 0.41 c2c, no planning, 1 thread
   fftw3_estimate           FFTW 3.3.10 plan_many_dft, fftw3_estimate
   fftw3_guru               FFTW 3.3.10 guru split-array dft, FFTW_MEASURE, fused split chain
   fftw3_measure            FFTW 3.3.10 plan_many_dft, fftw3_measure
   fftw3_patient            FFTW 3.3.10 plan_many_dft, fftw3_patient
   gen_bluestein            Bluestein chirp-Z for ANY L: {2,3,5,7}*2^k radix-4/16 DIF/DIT convolution (no bit-reversal; twiddle-free DFT-3/5/7 and PFA-6/10/14 fused middles cut M up to 37% below next_pow2; r13 sub-32 grid 20/24/28/40/56 via clamp-overlapped transpose blocks collapses L=9..14,17..20,25..28 to 3-pass chains), 8-row SoA lanes, gather/scatter fused into the pruned end stages (masked dual-run loads keep seam groups vectorized; masked contig pipeline for nv<8 tail groups), axis-2 transpose-scatter final layer as 256-bit half stores (gen_pow2 extract-to-memory, -8 p5/block), owned in-place map chain -- map fused into the axis-0 scatter while state+c fit LLC, else axis-0-first k-plane-blocked custody with the map fused into the axis-1 scatter reading a custody-ordered c (two aligned sequential streams; gen_pow2 GP2_CT), r14 single-shot execute() shares the chain's blocked schedule past LLC reach (the B=1 benchFFT seam), gen_twiddle exact tables
   gen_dense_prime          folded dense prime p<=31 (any prime in class supported): 4h^2-FMA conjugate-pair fold, z-pass fused into the x-contraction with the z-combine folded straight into U/V (no stack round-trip), fully in-place L2-resident chain on a padded 31x31x32 state (64B-aligned, mask-free), register-tiled EXACT-TILE GEMM in 24-accumulator 6-column x 4-zmm groups (rotating broadcast register; drains every 360 FMAs, 0.417 loads/FMA, no spills) with exact 1..5-column k-tails and 1..3-zmm d-tails -- no wasted FMA slots at any L; L=31 z-phase GEMM likewise 24-acc (gen_r9: 3 mirrored pairs per group, split C/S loops, 0.417 loads/FMA); cross-plane software-pipelined y-pass raced and REJECTED in gen_r12 (+7%, port uops identical, l1d.replacement +33%: the y-pass hot set sits at the 48 KB L1D boundary and cross-plane concurrency thrashes it; default OFF behind -DGDP_YPIPE / -DGDP_YPIPE_S, cross-arch knobs); vectorized any-L z-pass, zmm z-row fold, LAZY map fused into the next step's z-loads at L=31 (only the last step's map materializes); PAIRED divides in the standalone map pass (gen_r10: one vdivpd per 16 points via rp=1/(dA*dB); the fused-site form lost and sits behind -DGDP_MAPZ_PAIR); 6-row 24-acc generic z-kernel selected per L at plan time (odd L >= 17, the ICX race verdicts); generic custody/lazy-map generalizations raced and rejected in gen_r6 (cross-arch knobs); gen_r13: the small scored composites (10/12/15/20) run COMPILE-TIME instantiations -- literal-shape fold cores, a row-quad z kernel with immediate masks, staggered joint scratch, plan-owned +2048-phase chain volumes at 12/20 -- bit-identical outputs, -38..-42% at the B=1 and batched 10/12 cells; gen_r14: fft3d_execute() shares the fast engines at every size -- FLAT literal-shape x/y cores at 10/15 (zero copies; -27%/-13% at B=1 execute), 12/20/31 already routed; the padded copy-in reroute raced and REJECTED at 31 (+17%) and the bare primes (-DGDP_EXP31 / -DGDP_NOFXE cross-arch knobs)
   gen_layout               LIBRARY LAYER (scored by adoption): THP arenas, 4K stagger/collision-model placement + stream audit & measured pitch picker, pencil SoA pack (adopt: #define GEN_LAYOUT_LIB_ONLY + #include gen_layout.c); entry=any-L conjugate-pair-folded dense matrixsimd demo of the layer, r3: packed cross-plane axis-1 lanes + trailing axis-2 through a 4-plane collision-picked window; r4: fold-load software prefetch (~L row streams beat the L2 streamer), NT full-line stores on DRAM-resident volumes, fused transpose+interleave scatter; r5: graded map fused into the axis-2 exit (gl_map8/gl_map16 in-register map primitives), chain in place, zt volume deleted; r6: even-L second-level fold (k-parity split over j<->L/2-j, halves the kernel j-sweep at every even L); r7: third-level k-fold at 4|L (rows k and L/2-k share one j-sweep via the column sign (-1)^j, parity-sorted columns; halves the sweep again) + exit-map packing for kcnt 4/2 tail chunks; r8: insert-load 8x8 transpose in the axis-2 staging (VINSERTF64X4 from memory is a load-port uop: 16 shuffles vs 24, port-5/FMA relief), kcnt=1 exit-map packing (8 rows one ladder), unrolled constant-index full-chunk exit (spill diet); r9: 4-lane (ymm) SoA library family gl_deint4/int4/tr4x4/pack4/unpack4 + gl_map4 (PMU-audit avenue 4 / gen_planner G=4 ask: unlocks batch-lane layout at B=4 and B%8 remainder lanes; ymm FP dispatches on the otherwise-idle port 1), dogfooded in the kcnt=2 exit-map tail (zero-shuffle ymm ladders, bit-identical to gl_map8; plan-gated m4t = L<=GL_M4T_MAX, r10 default 0: the ICX verdict is the zmm packing wins on the scoring host -- SPR builds want -DGL_M4T_MAX=16); r10: counter-directed audit round -- PMU dashboard measured (25/32 run AT the node's ~2.1 uops/cycle dispatch cap, loads the largest port class; 50/100 traffic-bound), m4t ICX A/B banked as a deterministic plan gate + race-flippable knob; r11 (all hands on L=100): gl_thp_bytes smaps THP verification (the brief's layout ask; finding: THP=madvise on the scoring node leaves the driver's 32 MB buffers 4K-backed, kernel 5.15 has no MADV_COLLAPSE) + zero-copy chain-state re-home into the THP arena (last step exits to final_out directly; c staged once per call), gated by the measured smaps verdict per buffer pair; r12: T1 fold-source prefetch on DRAM-resident sources (LFB vs L2-superqueue; -1.3..2.2% at L=100) + differential-counter protocol; r13 (B=1 small-L round): pencil-lane kit for adopters -- gl_tr8x8_ld promoted (insert-load 8x8 transpose, load-port VINSERTF64X4), gl_pack8_ld (-33% port-5 entry pack, stride=L gives 8 z-pencils of one volume per lane group), gl_map8s/gl_map4s (graded map in split lane form, zero shuffles, bit-identical to gl_map8: a B=1 chain stays lane-resident for all m steps, packing once and unpacking once); r14 (execute()-reroute round): register-form entry/exit kit -- gl_tr8x8_st (extract-store 8x8 transpose: VEXTRACTF64X4 to memory is store-port-only on ICX/SPR, 16 shuffles + 16 stores vs 24 + 8), gl_ldi8x8/gl_sti8x8 (8 sites x 8 interleaved streams <-> split site-major registers, zero memory round trip: fuse pack into pass-1 loads and unpack into last-pass stores so single-shot execute() stops paying the B=1 pack/unpack sandwich), gl_unpack8_st (standalone -33% p5 unpack)
   gen_pfa_small            PFA coprime (10=2x5,12=3x4,15=3x5,20=4x5), no twiddles; interleaved site SoA 8 vols/zmm, padded planes 256 mod 4096, in-place slot codelets, zy sweep + x-pass w/ in-register fused map; B%8 split path; r3: generic runtime-table coprime P*Q engine (modules 2,3,4,5,7,8,9) for 6,14,18,21,24,28,35,36,45,56,63; r4: register-explicit 10/12 pencils, in-place generic pencils where Q==1 mod P (14,18,21,36,56); r5: per-size map ladder BODY+tail (bl hs-form + rcp at 12, bl + div at 15/20, legacy + div at 10), raced same-core; r6: modules widened to {2,3,4,5,7,8,9,11,13,15,16,17,19,21,23,25,27,29,31} + nested-PFA composite odd modules (21,33,35,39,45,51,55,57,63) -- 53 new sizes, all coprime P*Q in 14..127 except 50/80/100 (pfa_large/powp cells); r7: B=1/B%8 chain rebuilt -- map fused into the stride-1 pass (map_span pass gone), half-turn z-pass (transpose-in only, swapped stores, parity-alternating c) vs dense stage-matrix broadcast-FMA pencil (lit 11 Tier 2) raced per size via -DSPLITZ<L>; r8: the rotation fused-map split chain ported to the GENERIC engine (site-buffer gather + the existing in-place gpen codelets, L >= 8) -- B%8 remainder volumes r <= GSPLIT_RMAX no longer lane-replicate; r9: phi-lifted DFT5 v-pair (6 ops vs 8; borrowed gen_batchlane r7 / lit 08 6.3) in D5CORE + M_DFT5 -- pencil FP 84/156/208 at 10/15/20 batched and in the split pencils; -DLIFT5=0 races back; r10: factor-swapped fused-map x-pencils at 10/15/20 (small factor in stage 2 where the map fuses; borrowed gen_batchlane r9 incl. their 12-loses verdict), -DSWAP<L> races back; r11 (all hands on L=100): CLAIMS 50=2x25 and 100=4x25 -- module 25 as twiddled 5x5 CT (borrowed gen_pfa_large r1's DFT25 shape; long-double tables; -DG25CT=0 races the fold) and a slab-FUSED split step for L>=GSLAB_MIN (passes 2+3 per L2-resident x-slab, natural-order map-fused stores, no rotation: one volume round trip per step gone vs r8); r12: WITHIN-VOLUME SoA chain for EVERY generic size at small batch (borrowed gen_batchlane r11, approach #4): lanes = 8 x-planes of one volume in the batched engine's site format -- shuffle-free zy sweeps per L2-resident slab, x-pass via tr8-bracketed 16 KB scratch pencil with the map fused at its stage-2 stores, c prepacked in consumption order, exact-zero pads; beats the r8 rotation form at every measured size (-16..-25%); at 50/100 the pencils are FORMULA-baked (pragma-unrolled GT/CRT index literals, no table loads) and 100 runs role-SWAPPED (gdft25 stage 1 map-free, map at the DFT4 stage-2 -- the r10 swap verdict; 50 keeps the map on the DFT25 side per gen_batchlane r10); -DGWVS=0 races the r11 slab form back, -DGWVS_MIN/-DGWVSSW/-DGWVSSW50/-DGWVSPF race per host; r13 (the new B=1 cells 10:1/12:1): tuned split chain rebuilt -- register-explicit fused pass 3 (tr8 feeds named DFT registers, map8c at the rotated stores; the r7 array form kept its lane buffers in MEMORY) + the whole m-loop in one function (-13.5%/-10.6% at 10/12 B=1, bit-identical) + p3tail partial transposes (2/4 columns by pair loads, not a full tr8); pass-3/pass-1 fusion built and REJECTED (+12/+13%: 2L live site registers across L map ladders spill); -DSPLITZ10/12 in {0,1,2,3,4} races all forms; r14 (the execute() reroute): B=1/B%8 fft3d_execute now runs the fast chain passes map-free -- tuned 10/12 register-explicit exec3 blocks, 15/20 memory form -- with the output interleave FUSED into pass 3's transpose-back (exst4: one tr8 of (re,im) register pairs = natural interleaved rows; no rotation, no separate interleave pass; the r6 sandwich is -DEXEC3=0; exec scheduler raced separately, stock wins -5.6%/-2% over sched-pressure, -DEXPS=1 races back; exst2 2-slot tail at 10); pass 1 reads the caller's interleaved input in registers (pencil*_ii via deint8, no standalone deinterleave pass); generic sizes route execute() remainders through the r12 WVS engine with Wc=NULL (map-free step; lane replication's 8x B=1 waste gone; -DGEXECWVS=0 races it back); deinterleave/interleave vectorized (bit-transparent)
   gen_planner              planner layer: L -> {ct,gt-pfa,rader,bluestein,dense} candidate trees + generic strided-row executor (in-place, fused twiddles, register-resident fused CT/GT codelets, hard leaves 2/3/4/5/7/8) + volume-resident fused chain, any 2<=L<=128; alternating-layout one-transpose THP-re-homed chain at L>80, and at L<=12 a transpose-FREE chain (gen_r14) sharing the execute() fast path, with a whole-volume exactly-paired map span (gen_r13, the B=1 small-L cells), raced against a within-volume 8-x-plane split-lane chain (slab-fused z+y sweeps, trans8-bracketed x-pass, map fused in the split stores; gen_r12, from gen_batchlane r11; gen_r13: small-L fused-codelet mode with a register-resident x-pass group); noise-gated create() race with banked per-host picks (@f custody playoff); adopt via GEN_PLANNER_LIB include
   gen_pow2                 2^k axes: custody split-complex chain engine over G=L/8 (L=16/32/64/128: TR8 z-codelets, x-fastest c, lazy exact map, DSB-resident bodies, dual-select FMA-folded twiddles; r8 adds the G=16 DRAM-regime engine; r9 re-forms z-codelet output slots via 256-bit extract-to-memory stores; r11 fuses the L=128 chain step into ONE tile-resident sweep (x-stage-2+map+z+y+x-stage-1, tile-order c): -61% DRAM reads, -14% wall; r12 fuses the next step's z-rows into stage-2's L1-hot row completion (-8% wall at 128) and flips the fused sweep ON at 64 (-11%); r13 fuses the custody conversions into the EXECUTE path's z-loads and x-stores (GP2_XFE: the benchFFT B=1 single-call lever, two custody-volume round trips deleted per call); r14 reroutes execute() at 64/128 through the r11/r12 TILED one-sweep structure (GP64_XT/GP128_XT: z-nat+y+x-stage-1 per group, x-stage-2 emits straight to natural per 16-plane tile -- the in-place x-pass write and the cust_to_nat read both deleted), NT zmm emit for 64-B-aligned callers (GP128_NTE), and alignment-safe LDU/STU on ALL caller buffers (benchFFT's malloc+16 buffers segfaulted every r13 fused path)), other 2^k in 2..8 generic radix-2
   gen_race                 LIBRARY LAYER (scored by adoption): plan-time candidate race (interleaved sample-major since r4; NEW r9 NOISE GATE: an upset must clear max(jitter, 6%% floor) or win a fresh-evidence confirmation, reverted upsets never stored -- banked, deterministic picks per PMU audit avenue 1) + per-host wisdom cache incl. string wisdom + drop_prefix (adopt: #define GEN_RACE_LIB_ONLY + #include gen_race.c); demo = the ASSEMBLED trunk: pln_enumerate trees + split-group arms (@s1/2/3/4) + tile + fm (all THREE pv forms) + cf custody + p4 races, r11: the ALT one-transpose chain (planner r11, L>80) own-gated and raced per host, r12: planner's NEW within-volume split-lane chain (pln_wv, L>80 -- gen_batchlane's r11 L=100 design generalized) own-gated and raced vs the incumbent form, then the r8 CROSS-CLASS stage: class entries compiled at plan time as .so (cached per source-hash; r9 prefetches ALL on the first cold create so heavyweight compiles land before their cells), dlopened, gated, raced as whole-graded-chain arms vs self, winner ships by vtable forwarding (r11: gen_batchlane's within-volume engine routed at 50/100; r12: their BL_FUSE100 knob raced as a variant arm at 100, their record's ask; r13: the eng race chain length now tracks the graded amortization at tiny volumes -- m cap 64 -> 4096 -- so the new B=1 small-L cells route to the class B=1 engines on honest terms; r14: execute() gets its OWN raced verdict [exe14] -- the benchFFT single-shot seam: self pln_p3d_exec [planner's r14 transposed-store exec codelets] vs every class arm's fft3d_execute, absolute exegate vs the self reference, winner ships on a separate vtable while the chain keeps its own -- execute() and chain() each forward to whatever measured fastest); salts chain14/tile14/chaingate14/fm14/cf14/p414/alt14/wv14/eng14/exe14
   gen_rader                Rader-class primes 3..127: at 31, conjugate fold -> cyclic-15 (cos) + negacyclic-15 (sin; odd-N sign-twist), Winograd-C3 x dense-C5 on a fully padded huge-page arena (64B-aligned, anti-4K pitch, c mirror phase-split); 43/67/79/103 via OUTER-C3 Rader (the same Winograd-C3-over-dense-blocks at runtime tables, 8m^2 vs 18m^2 conv FMA); even-h primes (p=1 mod 4, 13..113) via the E-side C2 CRT split + O-side negacyclic Karatsuba (5m^2 vs 8m^2); any other prime via the generic folded half-system engine; generic chain on a padded gl_map_huge arena for p<=61 (alias-free pitch, tail-free x/y), flat above; r7: blocked convs pinned rolled (front-end fix, -7..-21% at 61..113), dead map arms compiled out, x-pass stream prefetch at p>=107; r8: paired-column (2-wide) chunks share broadcast constants (dense engine -25.5% at 127; 2-wide+stord at m>=25), rolled fold/combine on the 1-wide kernels at m=15..24 (-1..-10% at 61/73/89); r9/r10: 2-wide RP3_WINO at p=103 CLOSED -- loses on BOTH graded architectures (SPR +35%, ICL +13%; rp3's ~1:2 glue:conv ratio); r10: rp2 pairing boundary fully raced, 2-wide+stord extended to m=24 (p=97, -4..6% on ICL); r11: unchanged (.text-identical) -- flat-chain memcpy deletion and gen_layout-r11 zero-copy THP re-home both raced and REJECTED at 127 (+0.6% / +4.1% at m=2: in-place chains pay no RFO, NT memcpy is the optimal prologue, TLB prize measured 0.6% of cycles); r12: 4-wide dense chunks with an E/O phase split at p>=59 (table walk once per 16 columns at the 2-wide 512b load ratio; -12.2% at 127, -9.6% at 107, -6..9% at 59..83 -- broadcast-uop deletion, port_2_3 -20%/step); r13: COMPILE-TIME tiny-prime execute engines (the benchFFT B=1 small-L round, applied to this class: MKL beat the runtime-table engines at every p <= 13 at B=1) -- p=13 rp2-m3 arithmetic with hardcoded Rader index tables (rp13_*, create()-verified vs rp2_build), p=3/5/7/11 via rp_chunk instantiated at literal p/h (rpd_*); strides, masks and trip counts all compile-time: -40..-57% (13: 8.4 -> 4.2 us B=1, 1.44x over MKL; 5/7 now ahead, 11 at MKL-4%); outputs bit-identical to r12 at p >= 17 and 31; r14 (the B=1 execute() round): execute()-onto-the-padded-arena raced and REJECTED at 31 (+15-20% B=1, 4/4 -- execute IS m=1: the third buffer pushes src+st+dst past L2; flat execute's z is already out-of-place and sits AT its 3-pass model, 76 us vs libraries' 755+; kept opt-in as -DR31_PADEXEC); DENSE Z-ROWS at p=11 (r31_zrow shape at compile-time 11: one-zmm fold vs lane-reversed mirror, k=0..3 zmm + k=4..5 ymm halves co-issuing on idle port 1, ~1 port-5 shuffle/row vs the transpose-quad's ~12): -4.2% at 11 B=1, MKL gap -5% -> -1.5%; self-check gated; s6 map from gen_dense_prime, arena from gen_layout
   gen_twiddle              LIBRARY LAYER (scored by adoption): octant-folded exact twiddles <=0.51 ulp (tw_cis/tw_chirp) + NEW dual-select FMA form tw_cis_ds (lit 11 Tier 1: every stored ratio <=1, first performant validation), consumption-order CT/DFT/Rader(+folded)/chirp/fold-half/SIMD-dense fillers + ulp audits + primitive roots + long-double DFT oracle (adopt: #define GEN_TWIDDLE_LIB_ONLY + #include gen_twiddle.c); entry = any-L mixed-radix zmm-lane demo (gen_r5: conjugate-fold prime butterflies; gen_r6: register-resident whole-level codelets for r=2/3/4/5, -30..-44% bit-identical; gen_r7: fused fold-combine codelet for combine radices 7/11/13; gen_r8: shuffle-free split-group handoff axes 1->2, axis-2 gather deleted, bit-identical; gen_r9: axis-1 pencil groups PACKED across plane seams via two-pointer masked gather/scatter + masked w<8 tails, per-plane scalar z-tails deleted, bit-identical; gen_r10: radix-8 levels -- one whole combine pass deleted at 8|L -- + transpose last stage as extract-to-memory stores, -8 p5/tr8x8, from gen_pow2 r9; gen_r11: radix-10 levels via PFA 2x5 DFT10 codelets, zero internal twiddles -- depth-minimizing factorizer deletes one whole level pass at 10/30/50/70/90/100/110, tw muls 155->90 per group at 100; gen_r12: PFA 4x5 leaf20 + gated axis-0 L2 prefetch; gen_r13: PFA 4x3 leaf12 and 3x5 leaf15 -- whole combine level deleted at the new B=1 cells 12 [4,3]->[12] and at 15/36/45/48/75/84/96/105/120; gen_r14: radix-16 leaf (2x twd_leaf8 DFT8 + W16 combine, exact c16/s16) -- whole level deleted at the benchFFT B=1 sizes 16 [8,2]->[16] and 128 [8,8,2]->[8,16], plus 112), self-audited at create(), owned in-place fused-map chain
   mkl2026_dfti             oneMKL 2026.1 (pip wheel) DFTI, sequential, batched
   mkl_dfti                 oneMKL 2022.0.2 DFTI, sequential, batched
== round cmp_gen_vs_ice complete: results/cmp_gen_vs_ice ==
