baseline_matrix          L=10  B=64    m=1000  inner=1      min=    54.694 us/xform  median=    54.696  sd=  0.00%      0.91 GF/s  setup=0.000 s
baseline_matrix          L=10  B=64    m=1000  inner=1      min=    54.687 us/xform  median=    54.687  sd=  0.00%      0.91 GF/s  setup=0.000 s
baseline_matrix          L=10  B=64    m=1000  inner=1      min=    54.687 us/xform  median=    54.687  sd=  0.00%      0.91 GF/s  setup=0.000 s
baseline_matrix          L=10  B=64    m=2     inner=1      min=    66.925 us/xform  median=    66.925  sd=  0.00%      0.74 GF/s  setup=0.000 s
ducc0_c2c                L=10  B=64    m=1000  inner=1      min=    10.031 us/xform  median=    10.035  sd=  0.03%      4.97 GF/s  setup=0.000 s
ducc0_c2c                L=10  B=64    m=1000  inner=1      min=     9.772 us/xform  median=     9.774  sd=  0.03%      5.10 GF/s  setup=0.000 s
ducc0_c2c                L=10  B=64    m=1000  inner=1      min=     9.775 us/xform  median=     9.779  sd=  0.04%      5.10 GF/s  setup=0.000 s
ducc0_c2c                L=10  B=64    m=2     inner=1      min=    15.037 us/xform  median=    15.037  sd=  0.00%      3.31 GF/s  setup=0.000 s
fftw3_estimate           L=10  B=64    m=1000  inner=1      min=     7.329 us/xform  median=     7.329  sd=  0.01%      6.80 GF/s  setup=0.001 s
fftw3_estimate           L=10  B=64    m=1000  inner=1      min=     7.320 us/xform  median=     7.321  sd=  0.00%      6.81 GF/s  setup=0.001 s
fftw3_estimate           L=10  B=64    m=1000  inner=1      min=     7.317 us/xform  median=     7.318  sd=  0.01%      6.81 GF/s  setup=0.001 s
fftw3_estimate           L=10  B=64    m=2     inner=1      min=     8.897 us/xform  median=     8.897  sd=  0.00%      5.60 GF/s  setup=0.001 s
fftw3_guru               L=10  B=64    m=1000  inner=1      min=     6.368 us/xform  median=     6.368  sd=  0.00%      7.82 GF/s  setup=0.010 s
fftw3_guru               L=10  B=64    m=1000  inner=1      min=     6.372 us/xform  median=     6.372  sd=  0.01%      7.82 GF/s  setup=0.010 s
fftw3_guru               L=10  B=64    m=1000  inner=1      min=     6.376 us/xform  median=     6.376  sd=  0.04%      7.81 GF/s  setup=0.010 s
fftw3_guru               L=10  B=64    m=2     inner=1      min=     8.856 us/xform  median=     8.856  sd=  0.00%      5.63 GF/s  setup=0.010 s
fftw3_measure            L=10  B=64    m=1000  inner=1      min=     4.976 us/xform  median=     4.979  sd=  0.05%     10.01 GF/s  setup=0.013 s
fftw3_measure            L=10  B=64    m=1000  inner=1      min=     5.178 us/xform  median=     5.178  sd=  0.01%      9.62 GF/s  setup=0.013 s
fftw3_measure            L=10  B=64    m=1000  inner=1      min=     5.368 us/xform  median=     5.369  sd=  0.01%      9.28 GF/s  setup=0.013 s
fftw3_measure            L=10  B=64    m=2     inner=2      min=     6.487 us/xform  median=     6.487  sd=  0.00%      7.68 GF/s  setup=0.013 s
fftw3_patient            L=10  B=64    m=1000  inner=1      min=     5.340 us/xform  median=     5.341  sd=  0.01%      9.33 GF/s  setup=0.022 s
fftw3_patient            L=10  B=64    m=1000  inner=1      min=     5.346 us/xform  median=     5.348  sd=  0.01%      9.32 GF/s  setup=0.022 s
fftw3_patient            L=10  B=64    m=1000  inner=1      min=     5.341 us/xform  median=     5.341  sd=  0.01%      9.33 GF/s  setup=0.022 s
fftw3_patient            L=10  B=64    m=2     inner=2      min=     6.391 us/xform  median=     6.391  sd=  0.00%      7.80 GF/s  setup=0.022 s
gen_batchlane            L=10  B=64    m=1000  inner=1      min=     1.148 us/xform  median=     1.157  sd=  6.61%     43.40 GF/s  setup=0.000 s
gen_batchlane            L=10  B=64    m=1000  inner=1      min=     1.148 us/xform  median=     1.148  sd=  0.02%     43.41 GF/s  setup=0.000 s
gen_batchlane            L=10  B=64    m=1000  inner=1      min=     1.148 us/xform  median=     1.149  sd=  0.04%     43.41 GF/s  setup=0.000 s
gen_batchlane            L=10  B=64    m=2     inner=6      min=     2.154 us/xform  median=     2.154  sd=  0.00%     23.14 GF/s  setup=0.000 s
gen_bluestein            L=10  B=64    m=1000  inner=1      min=    13.476 us/xform  median=    13.477  sd=  0.01%      3.70 GF/s  setup=0.000 s
gen_bluestein            L=10  B=64    m=1000  inner=1      min=    13.362 us/xform  median=    13.365  sd=  0.02%      3.73 GF/s  setup=0.000 s
gen_bluestein            L=10  B=64    m=1000  inner=1      min=    13.472 us/xform  median=    13.474  sd=  0.01%      3.70 GF/s  setup=0.000 s
gen_bluestein            L=10  B=64    m=2     inner=1      min=    15.276 us/xform  median=    15.276  sd=  0.00%      3.26 GF/s  setup=0.000 s
gen_dense_prime          L=10  B=64    m=1000  inner=1      min=     5.526 us/xform  median=     5.527  sd=  0.01%      9.02 GF/s  setup=0.000 s
gen_dense_prime          L=10  B=64    m=1000  inner=1      min=     5.063 us/xform  median=     5.064  sd=  0.01%      9.84 GF/s  setup=0.000 s
gen_dense_prime          L=10  B=64    m=1000  inner=1      min=     5.168 us/xform  median=     5.169  sd=  0.01%      9.64 GF/s  setup=0.000 s
gen_dense_prime          L=10  B=64    m=2     inner=2      min=     7.094 us/xform  median=     7.094  sd=  0.00%      7.02 GF/s  setup=0.000 s
gen_layout               L=10  B=64    m=1000  inner=1      min=     4.914 us/xform  median=     4.918  sd=  0.05%     10.14 GF/s  setup=0.000 s
gen_layout               L=10  B=64    m=1000  inner=1      min=     5.051 us/xform  median=     5.053  sd=  0.02%      9.86 GF/s  setup=0.000 s
gen_layout               L=10  B=64    m=1000  inner=1      min=     4.888 us/xform  median=     4.892  sd=  0.04%     10.19 GF/s  setup=0.000 s
gen_layout               L=10  B=64    m=2     inner=2      min=     5.676 us/xform  median=     5.676  sd=  0.00%      8.78 GF/s  setup=0.000 s
gen_pfa_small            L=10  B=64    m=1000  inner=1      min=     1.152 us/xform  median=     1.153  sd=  0.04%     43.26 GF/s  setup=0.000 s
gen_pfa_small            L=10  B=64    m=1000  inner=1      min=     1.152 us/xform  median=     1.153  sd=  0.06%     43.27 GF/s  setup=0.000 s
gen_pfa_small            L=10  B=64    m=1000  inner=1      min=     1.152 us/xform  median=     1.153  sd=  0.06%     43.25 GF/s  setup=0.000 s
gen_pfa_small            L=10  B=64    m=2     inner=6      min=     2.229 us/xform  median=     2.229  sd=  0.00%     22.35 GF/s  setup=0.000 s
gen_planner              L=10  B=64    m=1000  inner=1      min=     1.325 us/xform  median=     1.325  sd=  0.04%     37.62 GF/s  setup=0.004 s
gen_planner              L=10  B=64    m=1000  inner=1      min=     1.324 us/xform  median=     1.507  sd=  4.80%     37.62 GF/s  setup=0.002 s
gen_planner              L=10  B=64    m=1000  inner=1      min=     1.332 us/xform  median=     1.333  sd=  0.03%     37.40 GF/s  setup=0.001 s
gen_planner              L=10  B=64    m=2     inner=2      min=     4.504 us/xform  median=     4.504  sd=  0.00%     11.06 GF/s  setup=0.002 s
gen_race                 L=10  B=64    m=1000  inner=1      min=     1.146 us/xform  median=     1.147  sd=  0.03%     43.47 GF/s  setup=9.601 s
gen_race                 L=10  B=64    m=1000  inner=1      min=     1.215 us/xform  median=     1.306  sd=  2.01%     41.01 GF/s  setup=0.009 s
gen_race                 L=10  B=64    m=1000  inner=1      min=     1.305 us/xform  median=     1.306  sd=  0.03%     38.18 GF/s  setup=0.010 s
gen_race                 L=10  B=64    m=2     inner=6      min=     2.263 us/xform  median=     2.263  sd=  0.00%     22.02 GF/s  setup=0.006 s
gen_twiddle              L=10  B=64    m=1000  inner=1      min=     6.589 us/xform  median=     6.589  sd=  0.01%      7.56 GF/s  setup=0.003 s
gen_twiddle              L=10  B=64    m=1000  inner=1      min=     6.460 us/xform  median=     6.460  sd=  0.00%      7.71 GF/s  setup=0.002 s
gen_twiddle              L=10  B=64    m=1000  inner=1      min=     6.607 us/xform  median=     6.608  sd=  0.01%      7.54 GF/s  setup=0.004 s
gen_twiddle              L=10  B=64    m=2     inner=1      min=     7.642 us/xform  median=     7.642  sd=  0.00%      6.52 GF/s  setup=0.003 s
mkl2026_dfti             L=10  B=64    m=1000  inner=1      min=     4.653 us/xform  median=     4.654  sd=  0.01%     10.71 GF/s  setup=0.002 s
mkl2026_dfti             L=10  B=64    m=1000  inner=1      min=     4.655 us/xform  median=     4.655  sd=  0.01%     10.71 GF/s  setup=0.001 s
mkl2026_dfti             L=10  B=64    m=1000  inner=1      min=     4.651 us/xform  median=     4.652  sd=  0.01%     10.71 GF/s  setup=0.001 s
mkl2026_dfti             L=10  B=64    m=2     inner=2      min=     5.697 us/xform  median=     5.697  sd=  0.00%      8.75 GF/s  setup=0.002 s
mkl_dfti                 L=10  B=64    m=1000  inner=1      min=     4.593 us/xform  median=     4.595  sd=  0.04%     10.85 GF/s  setup=0.002 s
mkl_dfti                 L=10  B=64    m=1000  inner=1      min=     4.595 us/xform  median=     4.597  sd=  0.04%     10.85 GF/s  setup=0.001 s
mkl_dfti                 L=10  B=64    m=1000  inner=1      min=     4.577 us/xform  median=     4.578  sd=  0.04%     10.89 GF/s  setup=0.002 s
mkl_dfti                 L=10  B=64    m=2     inner=2      min=     5.801 us/xform  median=     5.801  sd=  0.00%      8.59 GF/s  setup=0.002 s
baseline_matrix          L=12  B=64    m=600   inner=1      min=   112.142 us/xform  median=   112.146  sd=  0.00%      0.83 GF/s  setup=0.000 s
baseline_matrix          L=12  B=64    m=600   inner=1      min=   112.126 us/xform  median=   112.127  sd=  0.00%      0.83 GF/s  setup=0.000 s
baseline_matrix          L=12  B=64    m=600   inner=1      min=   112.125 us/xform  median=   112.126  sd=  0.00%      0.83 GF/s  setup=0.000 s
baseline_matrix          L=12  B=64    m=2     inner=1      min=   138.798 us/xform  median=   138.798  sd=  0.00%      0.67 GF/s  setup=0.000 s
ducc0_c2c                L=12  B=64    m=600   inner=1      min=    16.599 us/xform  median=    16.618  sd=  0.09%      5.60 GF/s  setup=0.000 s
ducc0_c2c                L=12  B=64    m=600   inner=1      min=    16.314 us/xform  median=    16.322  sd=  0.06%      5.70 GF/s  setup=0.000 s
ducc0_c2c                L=12  B=64    m=600   inner=1      min=    16.037 us/xform  median=    16.051  sd=  0.06%      5.79 GF/s  setup=0.000 s
ducc0_c2c                L=12  B=64    m=2     inner=1      min=    18.823 us/xform  median=    18.823  sd=  0.00%      4.94 GF/s  setup=0.000 s
fftw3_estimate           L=12  B=64    m=600   inner=1      min=    19.317 us/xform  median=    19.318  sd=  0.00%      4.81 GF/s  setup=0.001 s
fftw3_estimate           L=12  B=64    m=600   inner=1      min=    19.314 us/xform  median=    19.315  sd=  0.00%      4.81 GF/s  setup=0.001 s
fftw3_estimate           L=12  B=64    m=600   inner=1      min=    19.351 us/xform  median=    19.352  sd=  0.00%      4.80 GF/s  setup=0.001 s
fftw3_estimate           L=12  B=64    m=2     inner=1      min=    21.115 us/xform  median=    21.115  sd=  0.00%      4.40 GF/s  setup=0.001 s
fftw3_guru               L=12  B=64    m=600   inner=1      min=    10.182 us/xform  median=    10.183  sd=  0.05%      9.13 GF/s  setup=0.011 s
fftw3_guru               L=12  B=64    m=600   inner=1      min=    10.219 us/xform  median=    10.220  sd=  0.01%      9.09 GF/s  setup=0.012 s
fftw3_guru               L=12  B=64    m=600   inner=1      min=    10.194 us/xform  median=    10.196  sd=  0.01%      9.12 GF/s  setup=0.011 s
fftw3_guru               L=12  B=64    m=2     inner=1      min=    14.242 us/xform  median=    14.242  sd=  0.00%      6.52 GF/s  setup=0.011 s
fftw3_measure            L=12  B=64    m=600   inner=1      min=     9.276 us/xform  median=     9.287  sd=  0.06%     10.02 GF/s  setup=0.014 s
fftw3_measure            L=12  B=64    m=600   inner=1      min=     8.757 us/xform  median=     8.783  sd=  0.17%     10.61 GF/s  setup=0.015 s
fftw3_measure            L=12  B=64    m=600   inner=1      min=     8.879 us/xform  median=     8.879  sd=  0.01%     10.47 GF/s  setup=0.015 s
fftw3_measure            L=12  B=64    m=2     inner=1      min=    10.734 us/xform  median=    10.734  sd=  0.00%      8.66 GF/s  setup=0.014 s
fftw3_patient            L=12  B=64    m=600   inner=1      min=     8.897 us/xform  median=     8.899  sd=  0.01%     10.44 GF/s  setup=0.023 s
fftw3_patient            L=12  B=64    m=600   inner=1      min=     8.801 us/xform  median=     8.811  sd=  0.13%     10.56 GF/s  setup=0.024 s
fftw3_patient            L=12  B=64    m=600   inner=1      min=     8.643 us/xform  median=     8.664  sd=  0.09%     10.75 GF/s  setup=0.023 s
fftw3_patient            L=12  B=64    m=2     inner=1      min=    11.028 us/xform  median=    11.028  sd=  0.00%      8.43 GF/s  setup=0.023 s
gen_batchlane            L=12  B=64    m=600   inner=1      min=     1.918 us/xform  median=     1.920  sd=  6.50%     48.45 GF/s  setup=0.000 s
gen_batchlane            L=12  B=64    m=600   inner=1      min=     1.914 us/xform  median=     1.915  sd=  0.05%     48.54 GF/s  setup=0.000 s
gen_batchlane            L=12  B=64    m=600   inner=1      min=     1.917 us/xform  median=     1.918  sd=  0.03%     48.48 GF/s  setup=0.000 s
gen_batchlane            L=12  B=64    m=2     inner=4      min=     3.795 us/xform  median=     3.795  sd=  0.00%     24.49 GF/s  setup=0.000 s
gen_bluestein            L=12  B=64    m=600   inner=1      min=    19.449 us/xform  median=    19.454  sd=  0.01%      4.78 GF/s  setup=0.000 s
gen_bluestein            L=12  B=64    m=600   inner=1      min=    19.741 us/xform  median=    19.745  sd=  0.01%      4.71 GF/s  setup=0.000 s
gen_bluestein            L=12  B=64    m=600   inner=1      min=    19.527 us/xform  median=    19.532  sd=  0.01%      4.76 GF/s  setup=0.000 s
gen_bluestein            L=12  B=64    m=2     inner=1      min=    22.136 us/xform  median=    22.136  sd=  0.00%      4.20 GF/s  setup=0.000 s
gen_dense_prime          L=12  B=64    m=600   inner=1      min=     7.756 us/xform  median=     7.758  sd=  0.01%     11.98 GF/s  setup=0.000 s
gen_dense_prime          L=12  B=64    m=600   inner=1      min=     7.715 us/xform  median=     7.717  sd=  0.02%     12.04 GF/s  setup=0.000 s
gen_dense_prime          L=12  B=64    m=600   inner=1      min=     7.915 us/xform  median=     7.918  sd=  0.02%     11.74 GF/s  setup=0.000 s
gen_dense_prime          L=12  B=64    m=2     inner=1      min=     9.801 us/xform  median=     9.801  sd=  0.00%      9.48 GF/s  setup=0.000 s
gen_layout               L=12  B=64    m=600   inner=1      min=     8.092 us/xform  median=     8.098  sd=  0.05%     11.48 GF/s  setup=0.000 s
gen_layout               L=12  B=64    m=600   inner=1      min=     8.341 us/xform  median=     8.345  sd=  0.03%     11.14 GF/s  setup=0.000 s
gen_layout               L=12  B=64    m=600   inner=1      min=     8.126 us/xform  median=     8.130  sd=  0.02%     11.43 GF/s  setup=0.000 s
gen_layout               L=12  B=64    m=2     inner=1      min=     9.694 us/xform  median=     9.694  sd=  0.00%      9.59 GF/s  setup=0.000 s
gen_pfa_small            L=12  B=64    m=600   inner=1      min=     1.913 us/xform  median=     1.916  sd=  6.81%     48.57 GF/s  setup=0.000 s
gen_pfa_small            L=12  B=64    m=600   inner=1      min=     1.913 us/xform  median=     1.913  sd=  0.02%     48.58 GF/s  setup=0.000 s
gen_pfa_small            L=12  B=64    m=600   inner=1      min=     1.911 us/xform  median=     1.912  sd=  0.03%     48.63 GF/s  setup=0.000 s
gen_pfa_small            L=12  B=64    m=2     inner=4      min=     3.780 us/xform  median=     3.780  sd=  0.00%     24.58 GF/s  setup=0.000 s
gen_planner              L=12  B=64    m=600   inner=1      min=     2.334 us/xform  median=     2.335  sd=  0.03%     39.82 GF/s  setup=0.006 s
gen_planner              L=12  B=64    m=600   inner=1      min=     2.345 us/xform  median=     2.669  sd=  5.90%     39.63 GF/s  setup=0.003 s
gen_planner              L=12  B=64    m=600   inner=1      min=     2.354 us/xform  median=     2.355  sd=  0.03%     39.48 GF/s  setup=0.004 s
gen_planner              L=12  B=64    m=2     inner=1      min=     7.919 us/xform  median=     7.919  sd=  0.00%     11.73 GF/s  setup=0.002 s
gen_race                 L=12  B=64    m=600   inner=1      min=     1.916 us/xform  median=     1.917  sd=  0.03%     48.49 GF/s  setup=0.181 s
gen_race                 L=12  B=64    m=600   inner=1      min=     1.912 us/xform  median=     1.914  sd=  0.04%     48.59 GF/s  setup=0.015 s
gen_race                 L=12  B=64    m=600   inner=1      min=     1.917 us/xform  median=     1.918  sd=  0.04%     48.47 GF/s  setup=0.015 s
gen_race                 L=12  B=64    m=2     inner=4      min=     3.825 us/xform  median=     3.825  sd=  0.00%     24.29 GF/s  setup=0.008 s
gen_twiddle              L=12  B=64    m=600   inner=1      min=     9.453 us/xform  median=     9.457  sd=  0.05%      9.83 GF/s  setup=0.003 s
gen_twiddle              L=12  B=64    m=600   inner=1      min=     9.125 us/xform  median=     9.131  sd=  0.06%     10.18 GF/s  setup=0.003 s
gen_twiddle              L=12  B=64    m=600   inner=1      min=     9.224 us/xform  median=     9.228  sd=  0.02%     10.07 GF/s  setup=0.002 s
gen_twiddle              L=12  B=64    m=2     inner=1      min=    11.819 us/xform  median=    11.819  sd=  0.00%      7.86 GF/s  setup=0.003 s
mkl2026_dfti             L=12  B=64    m=600   inner=1      min=     7.798 us/xform  median=     7.799  sd=  0.01%     11.92 GF/s  setup=0.002 s
mkl2026_dfti             L=12  B=64    m=600   inner=1      min=     7.792 us/xform  median=     7.792  sd=  0.01%     11.93 GF/s  setup=0.001 s
mkl2026_dfti             L=12  B=64    m=600   inner=1      min=     7.830 us/xform  median=     7.830  sd=  0.01%     11.87 GF/s  setup=0.002 s
mkl2026_dfti             L=12  B=64    m=2     inner=1      min=    14.638 us/xform  median=    14.638  sd=  0.00%      6.35 GF/s  setup=0.002 s
mkl_dfti                 L=12  B=64    m=600   inner=1      min=     7.770 us/xform  median=     7.771  sd=  0.01%     11.96 GF/s  setup=0.003 s
mkl_dfti                 L=12  B=64    m=600   inner=1      min=     7.799 us/xform  median=     7.799  sd=  0.01%     11.91 GF/s  setup=0.002 s
mkl_dfti                 L=12  B=64    m=600   inner=1      min=     7.800 us/xform  median=     7.801  sd=  0.01%     11.91 GF/s  setup=0.001 s
mkl_dfti                 L=12  B=64    m=2     inner=1      min=    10.959 us/xform  median=    10.959  sd=  0.00%      8.48 GF/s  setup=0.002 s
baseline_matrix          L=15  B=32    m=600   inner=1      min=   272.448 us/xform  median=   272.453  sd=  0.00%      0.73 GF/s  setup=0.000 s
baseline_matrix          L=15  B=32    m=600   inner=1      min=   272.472 us/xform  median=   272.476  sd=  0.00%      0.73 GF/s  setup=0.000 s
baseline_matrix          L=15  B=32    m=600   inner=1      min=   272.458 us/xform  median=   272.461  sd=  0.00%      0.73 GF/s  setup=0.000 s
baseline_matrix          L=15  B=32    m=2     inner=1      min=   333.552 us/xform  median=   333.552  sd=  0.00%      0.59 GF/s  setup=0.000 s
ducc0_c2c                L=15  B=32    m=600   inner=1      min=    32.815 us/xform  median=    32.831  sd=  0.06%      6.03 GF/s  setup=0.000 s
ducc0_c2c                L=15  B=32    m=600   inner=1      min=    32.459 us/xform  median=    32.484  sd=  0.06%      6.09 GF/s  setup=0.000 s
ducc0_c2c                L=15  B=32    m=600   inner=1      min=    32.544 us/xform  median=    32.583  sd=  0.07%      6.08 GF/s  setup=0.000 s
ducc0_c2c                L=15  B=32    m=2     inner=1      min=    41.014 us/xform  median=    41.014  sd=  0.00%      4.82 GF/s  setup=0.000 s
fftw3_estimate           L=15  B=32    m=600   inner=1      min=    20.661 us/xform  median=    20.668  sd=  0.02%      9.57 GF/s  setup=0.001 s
fftw3_estimate           L=15  B=32    m=600   inner=1      min=    20.714 us/xform  median=    20.743  sd=  0.08%      9.55 GF/s  setup=0.001 s
fftw3_estimate           L=15  B=32    m=600   inner=1      min=    20.990 us/xform  median=    20.991  sd=  0.01%      9.42 GF/s  setup=0.001 s
fftw3_estimate           L=15  B=32    m=2     inner=1      min=    28.416 us/xform  median=    28.416  sd=  0.00%      6.96 GF/s  setup=0.001 s
fftw3_guru               L=15  B=32    m=600   inner=1      min=    26.996 us/xform  median=    27.017  sd=  0.17%      7.33 GF/s  setup=0.011 s
fftw3_guru               L=15  B=32    m=600   inner=1      min=    26.687 us/xform  median=    26.711  sd=  0.05%      7.41 GF/s  setup=0.010 s
fftw3_guru               L=15  B=32    m=600   inner=1      min=    26.193 us/xform  median=    26.492  sd=  0.44%      7.55 GF/s  setup=0.012 s
fftw3_guru               L=15  B=32    m=2     inner=1      min=    36.176 us/xform  median=    36.176  sd=  0.00%      5.47 GF/s  setup=0.011 s
fftw3_measure            L=15  B=32    m=600   inner=1      min=    19.689 us/xform  median=    19.692  sd=  0.01%     10.05 GF/s  setup=0.010 s
fftw3_measure            L=15  B=32    m=600   inner=1      min=    19.704 us/xform  median=    19.706  sd=  0.01%     10.04 GF/s  setup=0.010 s
fftw3_measure            L=15  B=32    m=600   inner=1      min=    19.747 us/xform  median=    19.748  sd=  0.01%     10.02 GF/s  setup=0.010 s
fftw3_measure            L=15  B=32    m=2     inner=1      min=    26.362 us/xform  median=    26.362  sd=  0.00%      7.50 GF/s  setup=0.011 s
fftw3_patient            L=15  B=32    m=600   inner=1      min=    19.859 us/xform  median=    19.860  sd=  0.01%      9.96 GF/s  setup=0.020 s
fftw3_patient            L=15  B=32    m=600   inner=1      min=    19.922 us/xform  median=    19.924  sd=  0.01%      9.93 GF/s  setup=0.019 s
fftw3_patient            L=15  B=32    m=600   inner=1      min=    19.879 us/xform  median=    19.882  sd=  0.01%      9.95 GF/s  setup=0.019 s
fftw3_patient            L=15  B=32    m=2     inner=1      min=    26.728 us/xform  median=    26.728  sd=  0.00%      7.40 GF/s  setup=0.020 s
gen_batchlane            L=15  B=32    m=600   inner=1      min=     4.377 us/xform  median=     4.745  sd=  6.62%     45.19 GF/s  setup=0.000 s
gen_batchlane            L=15  B=32    m=600   inner=1      min=     4.376 us/xform  median=     4.380  sd=  0.10%     45.20 GF/s  setup=0.000 s
gen_batchlane            L=15  B=32    m=600   inner=1      min=     4.379 us/xform  median=     4.383  sd=  0.05%     45.17 GF/s  setup=0.000 s
gen_batchlane            L=15  B=32    m=2     inner=2      min=     9.353 us/xform  median=     9.353  sd=  0.00%     21.15 GF/s  setup=0.000 s
gen_bluestein            L=15  B=32    m=600   inner=1      min=    34.247 us/xform  median=    34.264  sd=  0.02%      5.78 GF/s  setup=0.000 s
gen_bluestein            L=15  B=32    m=600   inner=1      min=    34.261 us/xform  median=    34.276  sd=  0.05%      5.77 GF/s  setup=0.000 s
gen_bluestein            L=15  B=32    m=600   inner=1      min=    34.363 us/xform  median=    34.384  sd=  0.05%      5.76 GF/s  setup=0.000 s
gen_bluestein            L=15  B=32    m=2     inner=1      min=    37.147 us/xform  median=    37.147  sd=  0.00%      5.32 GF/s  setup=0.000 s
gen_dense_prime          L=15  B=32    m=600   inner=1      min=    15.666 us/xform  median=    15.669  sd=  0.01%     12.63 GF/s  setup=0.000 s
gen_dense_prime          L=15  B=32    m=600   inner=1      min=    15.309 us/xform  median=    15.315  sd=  0.02%     12.92 GF/s  setup=0.000 s
gen_dense_prime          L=15  B=32    m=600   inner=1      min=    15.218 us/xform  median=    15.222  sd=  0.01%     13.00 GF/s  setup=0.000 s
gen_dense_prime          L=15  B=32    m=2     inner=1      min=    22.046 us/xform  median=    22.046  sd=  0.00%      8.97 GF/s  setup=0.000 s
gen_layout               L=15  B=32    m=600   inner=1      min=    19.445 us/xform  median=    19.452  sd=  0.05%     10.17 GF/s  setup=0.000 s
gen_layout               L=15  B=32    m=600   inner=1      min=    19.804 us/xform  median=    19.814  sd=  0.02%      9.99 GF/s  setup=0.001 s
gen_layout               L=15  B=32    m=600   inner=1      min=    19.613 us/xform  median=    19.623  sd=  0.03%     10.08 GF/s  setup=0.000 s
gen_layout               L=15  B=32    m=2     inner=1      min=    23.254 us/xform  median=    23.254  sd=  0.00%      8.51 GF/s  setup=0.000 s
gen_pfa_small            L=15  B=32    m=600   inner=1      min=     4.424 us/xform  median=     4.426  sd=  0.21%     44.71 GF/s  setup=0.000 s
gen_pfa_small            L=15  B=32    m=600   inner=1      min=     4.421 us/xform  median=     4.424  sd=  0.03%     44.74 GF/s  setup=0.000 s
gen_pfa_small            L=15  B=32    m=600   inner=1      min=     4.416 us/xform  median=     4.419  sd=  0.06%     44.79 GF/s  setup=0.000 s
gen_pfa_small            L=15  B=32    m=2     inner=2      min=     9.679 us/xform  median=     9.679  sd=  0.00%     20.43 GF/s  setup=0.000 s
gen_planner              L=15  B=32    m=600   inner=1      min=     5.581 us/xform  median=     5.582  sd=  0.01%     35.44 GF/s  setup=0.008 s
gen_planner              L=15  B=32    m=600   inner=1      min=     5.730 us/xform  median=     5.731  sd=  0.01%     34.52 GF/s  setup=0.004 s
gen_planner              L=15  B=32    m=600   inner=1      min=     5.542 us/xform  median=     6.508  sd=  8.08%     35.69 GF/s  setup=0.005 s
gen_planner              L=15  B=32    m=2     inner=1      min=    17.264 us/xform  median=    17.264  sd=  0.00%     11.46 GF/s  setup=0.003 s
gen_race                 L=15  B=32    m=600   inner=1      min=     4.381 us/xform  median=     4.383  sd=  0.02%     45.14 GF/s  setup=0.188 s
gen_race                 L=15  B=32    m=600   inner=1      min=     4.374 us/xform  median=     4.378  sd=  0.07%     45.22 GF/s  setup=0.009 s
gen_race                 L=15  B=32    m=600   inner=1      min=     4.391 us/xform  median=     4.394  sd=  0.04%     45.04 GF/s  setup=0.008 s
gen_race                 L=15  B=32    m=2     inner=2      min=     9.969 us/xform  median=     9.969  sd=  0.00%     19.84 GF/s  setup=0.008 s
gen_twiddle              L=15  B=32    m=600   inner=1      min=    19.816 us/xform  median=    19.822  sd=  0.06%      9.98 GF/s  setup=0.003 s
gen_twiddle              L=15  B=32    m=600   inner=1      min=    20.141 us/xform  median=    20.147  sd=  0.01%      9.82 GF/s  setup=0.004 s
gen_twiddle              L=15  B=32    m=600   inner=1      min=    19.759 us/xform  median=    19.764  sd=  0.01%     10.01 GF/s  setup=0.002 s
gen_twiddle              L=15  B=32    m=2     inner=1      min=    22.899 us/xform  median=    22.899  sd=  0.00%      8.64 GF/s  setup=0.003 s
mkl2026_dfti             L=15  B=32    m=600   inner=1      min=    16.674 us/xform  median=    16.676  sd=  0.01%     11.86 GF/s  setup=0.002 s
mkl2026_dfti             L=15  B=32    m=600   inner=1      min=    16.686 us/xform  median=    16.687  sd=  0.01%     11.85 GF/s  setup=0.001 s
mkl2026_dfti             L=15  B=32    m=600   inner=1      min=    16.741 us/xform  median=    16.742  sd=  0.01%     11.81 GF/s  setup=0.002 s
mkl2026_dfti             L=15  B=32    m=2     inner=1      min=    21.977 us/xform  median=    21.977  sd=  0.00%      9.00 GF/s  setup=0.001 s
mkl_dfti                 L=15  B=32    m=600   inner=1      min=    16.529 us/xform  median=    16.530  sd=  0.01%     11.97 GF/s  setup=0.002 s
mkl_dfti                 L=15  B=32    m=600   inner=1      min=    16.502 us/xform  median=    16.503  sd=  0.01%     11.99 GF/s  setup=0.002 s
mkl_dfti                 L=15  B=32    m=600   inner=1      min=    16.505 us/xform  median=    16.506  sd=  0.01%     11.98 GF/s  setup=0.002 s
mkl_dfti                 L=15  B=32    m=2     inner=1      min=    22.878 us/xform  median=    22.878  sd=  0.00%      8.65 GF/s  setup=0.002 s
baseline_matrix          L=20  B=32    m=256   inner=1      min=   850.325 us/xform  median=   850.353  sd=  0.01%      0.61 GF/s  setup=0.000 s
baseline_matrix          L=20  B=32    m=256   inner=1      min=   850.286 us/xform  median=   850.294  sd=  0.00%      0.61 GF/s  setup=0.000 s
baseline_matrix          L=20  B=32    m=256   inner=1      min=   850.313 us/xform  median=   850.322  sd=  0.00%      0.61 GF/s  setup=0.000 s
baseline_matrix          L=20  B=32    m=2     inner=1      min=  1035.184 us/xform  median=  1035.184  sd=  0.00%      0.50 GF/s  setup=0.000 s
ducc0_c2c                L=20  B=32    m=256   inner=1      min=    72.724 us/xform  median=    72.813  sd=  0.14%      7.13 GF/s  setup=0.000 s
ducc0_c2c                L=20  B=32    m=256   inner=1      min=    73.475 us/xform  median=    73.563  sd=  0.14%      7.06 GF/s  setup=0.000 s
ducc0_c2c                L=20  B=32    m=256   inner=1      min=    72.677 us/xform  median=    72.762  sd=  0.14%      7.14 GF/s  setup=0.000 s
ducc0_c2c                L=20  B=32    m=2     inner=1      min=    95.295 us/xform  median=    95.295  sd=  0.00%      5.44 GF/s  setup=0.000 s
fftw3_estimate           L=20  B=32    m=256   inner=1      min=    91.938 us/xform  median=    92.035  sd=  0.06%      5.64 GF/s  setup=0.001 s
fftw3_estimate           L=20  B=32    m=256   inner=1      min=    91.934 us/xform  median=    92.018  sd=  0.06%      5.64 GF/s  setup=0.001 s
fftw3_estimate           L=20  B=32    m=256   inner=1      min=    92.009 us/xform  median=    92.114  sd=  0.06%      5.64 GF/s  setup=0.001 s
fftw3_estimate           L=20  B=32    m=2     inner=1      min=    98.849 us/xform  median=    98.849  sd=  0.00%      5.25 GF/s  setup=0.001 s
fftw3_guru               L=20  B=32    m=256   inner=1      min=    60.194 us/xform  median=    60.215  sd=  0.02%      8.62 GF/s  setup=0.075 s
fftw3_guru               L=20  B=32    m=256   inner=1      min=    60.185 us/xform  median=    60.193  sd=  0.02%      8.62 GF/s  setup=0.075 s
fftw3_guru               L=20  B=32    m=256   inner=1      min=    60.118 us/xform  median=    60.125  sd=  0.01%      8.63 GF/s  setup=0.075 s
fftw3_guru               L=20  B=32    m=2     inner=1      min=    84.567 us/xform  median=    84.567  sd=  0.00%      6.13 GF/s  setup=0.077 s
fftw3_measure            L=20  B=32    m=256   inner=1      min=    44.985 us/xform  median=    44.997  sd=  0.02%     11.53 GF/s  setup=0.083 s
fftw3_measure            L=20  B=32    m=256   inner=1      min=    44.947 us/xform  median=    44.953  sd=  0.02%     11.54 GF/s  setup=0.084 s
fftw3_measure            L=20  B=32    m=256   inner=1      min=    45.515 us/xform  median=    45.521  sd=  0.02%     11.39 GF/s  setup=0.084 s
fftw3_measure            L=20  B=32    m=2     inner=1      min=    54.205 us/xform  median=    54.205  sd=  0.00%      9.57 GF/s  setup=0.082 s
fftw3_patient            L=20  B=32    m=256   inner=1      min=    45.221 us/xform  median=    45.238  sd=  0.03%     11.47 GF/s  setup=0.316 s
fftw3_patient            L=20  B=32    m=256   inner=1      min=    45.184 us/xform  median=    45.187  sd=  0.02%     11.48 GF/s  setup=0.297 s
fftw3_patient            L=20  B=32    m=256   inner=1      min=    45.368 us/xform  median=    45.378  sd=  0.02%     11.43 GF/s  setup=0.297 s
fftw3_patient            L=20  B=32    m=2     inner=1      min=    54.686 us/xform  median=    54.686  sd=  0.00%      9.48 GF/s  setup=0.303 s
gen_batchlane            L=20  B=32    m=256   inner=1      min=    12.939 us/xform  median=    12.980  sd= 12.87%     40.08 GF/s  setup=0.001 s
gen_batchlane            L=20  B=32    m=256   inner=1      min=    12.952 us/xform  median=    12.973  sd=  0.12%     40.04 GF/s  setup=0.001 s
gen_batchlane            L=20  B=32    m=256   inner=1      min=    12.770 us/xform  median=    12.824  sd= 10.36%     40.61 GF/s  setup=0.001 s
gen_batchlane            L=20  B=32    m=2     inner=1      min=    26.620 us/xform  median=    26.620  sd=  0.00%     19.48 GF/s  setup=0.001 s
gen_bluestein            L=20  B=32    m=256   inner=1      min=    83.811 us/xform  median=    83.832  sd=  0.03%      6.19 GF/s  setup=0.000 s
gen_bluestein            L=20  B=32    m=256   inner=1      min=    82.140 us/xform  median=    82.225  sd=  0.05%      6.31 GF/s  setup=0.000 s
gen_bluestein            L=20  B=32    m=256   inner=1      min=    83.528 us/xform  median=    83.557  sd=  0.02%      6.21 GF/s  setup=0.000 s
gen_bluestein            L=20  B=32    m=2     inner=1      min=    96.565 us/xform  median=    96.565  sd=  0.00%      5.37 GF/s  setup=0.000 s
gen_dense_prime          L=20  B=32    m=256   inner=1      min=    38.849 us/xform  median=    38.851  sd=  0.01%     13.35 GF/s  setup=0.000 s
gen_dense_prime          L=20  B=32    m=256   inner=1      min=    38.990 us/xform  median=    38.992  sd=  0.01%     13.30 GF/s  setup=0.000 s
gen_dense_prime          L=20  B=32    m=256   inner=1      min=    39.091 us/xform  median=    39.097  sd=  0.02%     13.27 GF/s  setup=0.000 s
gen_dense_prime          L=20  B=32    m=2     inner=1      min=    49.361 us/xform  median=    49.361  sd=  0.00%     10.51 GF/s  setup=0.000 s
gen_layout               L=20  B=32    m=256   inner=1      min=    34.200 us/xform  median=    34.207  sd=  0.02%     15.16 GF/s  setup=0.000 s
gen_layout               L=20  B=32    m=256   inner=1      min=    35.647 us/xform  median=    35.673  sd=  0.05%     14.55 GF/s  setup=0.001 s
gen_layout               L=20  B=32    m=256   inner=1      min=    35.256 us/xform  median=    35.266  sd=  0.01%     14.71 GF/s  setup=0.000 s
gen_layout               L=20  B=32    m=2     inner=1      min=    42.463 us/xform  median=    42.463  sd=  0.00%     12.21 GF/s  setup=0.001 s
gen_pfa_small            L=20  B=32    m=256   inner=1      min=    13.194 us/xform  median=    13.199  sd=  0.03%     39.31 GF/s  setup=0.001 s
gen_pfa_small            L=20  B=32    m=256   inner=1      min=    13.048 us/xform  median=    14.470  sd= 13.60%     39.75 GF/s  setup=0.001 s
gen_pfa_small            L=20  B=32    m=256   inner=1      min=    13.214 us/xform  median=    13.220  sd=  0.03%     39.25 GF/s  setup=0.001 s
gen_pfa_small            L=20  B=32    m=2     inner=1      min=    27.631 us/xform  median=    27.631  sd=  0.00%     18.77 GF/s  setup=0.001 s
gen_planner              L=20  B=32    m=256   inner=1      min=    17.599 us/xform  median=    17.601  sd=  0.03%     29.47 GF/s  setup=0.016 s
gen_planner              L=20  B=32    m=256   inner=1      min=    17.340 us/xform  median=    17.346  sd= 10.07%     29.91 GF/s  setup=0.009 s
gen_planner              L=20  B=32    m=256   inner=1      min=    17.563 us/xform  median=    17.565  sd=  0.03%     29.53 GF/s  setup=0.008 s
gen_planner              L=20  B=32    m=2     inner=1      min=    52.733 us/xform  median=    52.733  sd=  0.00%      9.84 GF/s  setup=0.006 s
gen_race                 L=20  B=32    m=256   inner=1      min=    13.099 us/xform  median=    13.114  sd=  0.08%     39.59 GF/s  setup=0.264 s
gen_race                 L=20  B=32    m=256   inner=1      min=    12.964 us/xform  median=    17.052  sd= 11.15%     40.01 GF/s  setup=0.019 s
gen_race                 L=20  B=32    m=256   inner=1      min=    12.971 us/xform  median=    14.993  sd=  6.04%     39.98 GF/s  setup=0.017 s
gen_race                 L=20  B=32    m=2     inner=1      min=    28.160 us/xform  median=    28.160  sd=  0.00%     18.42 GF/s  setup=0.009 s
gen_twiddle              L=20  B=32    m=256   inner=1      min=    37.016 us/xform  median=    37.024  sd=  0.01%     14.01 GF/s  setup=0.003 s
gen_twiddle              L=20  B=32    m=256   inner=1      min=    38.102 us/xform  median=    38.111  sd=  0.02%     13.61 GF/s  setup=0.003 s
gen_twiddle              L=20  B=32    m=256   inner=1      min=    37.572 us/xform  median=    37.580  sd=  0.02%     13.80 GF/s  setup=0.004 s
gen_twiddle              L=20  B=32    m=2     inner=1      min=    46.928 us/xform  median=    46.928  sd=  0.00%     11.05 GF/s  setup=0.003 s
mkl2026_dfti             L=20  B=32    m=256   inner=1      min=    57.712 us/xform  median=    57.829  sd=  0.11%      8.99 GF/s  setup=0.051 s
mkl2026_dfti             L=20  B=32    m=256   inner=1      min=    59.830 us/xform  median=    59.884  sd=  0.04%      8.67 GF/s  setup=0.053 s
mkl2026_dfti             L=20  B=32    m=256   inner=1      min=    57.608 us/xform  median=    57.694  sd=  0.10%      9.00 GF/s  setup=0.047 s
mkl2026_dfti             L=20  B=32    m=2     inner=1      min=   112.564 us/xform  median=   112.564  sd=  0.00%      4.61 GF/s  setup=0.049 s
mkl_dfti                 L=20  B=32    m=256   inner=1      min=    58.455 us/xform  median=    58.596  sd=  0.11%      8.87 GF/s  setup=0.031 s
mkl_dfti                 L=20  B=32    m=256   inner=1      min=    58.259 us/xform  median=    58.354  sd=  0.13%      8.90 GF/s  setup=0.051 s
mkl_dfti                 L=20  B=32    m=256   inner=1      min=    58.313 us/xform  median=    58.417  sd=  0.14%      8.89 GF/s  setup=0.048 s
mkl_dfti                 L=20  B=32    m=2     inner=1      min=   105.097 us/xform  median=   105.097  sd=  0.00%      4.93 GF/s  setup=0.045 s
baseline_matrix          L=25  B=16    m=256   inner=1      min=  2061.011 us/xform  median=  2061.098  sd=  0.00%      0.53 GF/s  setup=0.000 s
baseline_matrix          L=25  B=16    m=256   inner=1      min=  2061.345 us/xform  median=  2061.387  sd=  0.00%      0.53 GF/s  setup=0.000 s
baseline_matrix          L=25  B=16    m=256   inner=1      min=  2061.396 us/xform  median=  2061.438  sd=  0.00%      0.53 GF/s  setup=0.000 s
baseline_matrix          L=25  B=16    m=2     inner=1      min=  2078.739 us/xform  median=  2078.739  sd=  0.00%      0.52 GF/s  setup=0.000 s
ducc0_c2c                L=25  B=16    m=256   inner=1      min=   146.173 us/xform  median=   146.277  sd=  0.15%      7.45 GF/s  setup=0.000 s
ducc0_c2c                L=25  B=16    m=256   inner=1      min=   146.289 us/xform  median=   146.429  sd=  0.13%      7.44 GF/s  setup=0.000 s
ducc0_c2c                L=25  B=16    m=256   inner=1      min=   144.659 us/xform  median=   144.853  sd=  0.14%      7.52 GF/s  setup=0.000 s
ducc0_c2c                L=25  B=16    m=2     inner=1      min=   186.945 us/xform  median=   186.945  sd=  0.00%      5.82 GF/s  setup=0.000 s
fftw3_estimate           L=25  B=16    m=256   inner=1      min=   136.124 us/xform  median=   136.157  sd=  0.04%      8.00 GF/s  setup=0.001 s
fftw3_estimate           L=25  B=16    m=256   inner=1      min=   131.911 us/xform  median=   132.034  sd=  0.05%      8.25 GF/s  setup=0.001 s
fftw3_estimate           L=25  B=16    m=256   inner=1      min=   133.030 us/xform  median=   133.098  sd=  0.03%      8.18 GF/s  setup=0.001 s
fftw3_estimate           L=25  B=16    m=2     inner=1      min=   153.375 us/xform  median=   153.375  sd=  0.00%      7.10 GF/s  setup=0.001 s
fftw3_guru               L=25  B=16    m=256   inner=1      min=   175.162 us/xform  median=   175.206  sd=  0.05%      6.21 GF/s  setup=0.030 s
fftw3_guru               L=25  B=16    m=256   inner=1      min=   175.449 us/xform  median=   175.486  sd=  0.01%      6.20 GF/s  setup=0.029 s
fftw3_guru               L=25  B=16    m=256   inner=1      min=   175.110 us/xform  median=   175.149  sd=  0.01%      6.22 GF/s  setup=0.029 s
fftw3_guru               L=25  B=16    m=2     inner=1      min=   234.678 us/xform  median=   234.678  sd=  0.00%      4.64 GF/s  setup=0.032 s
fftw3_measure            L=25  B=16    m=256   inner=1      min=   110.573 us/xform  median=   110.628  sd=  0.03%      9.84 GF/s  setup=0.028 s
fftw3_measure            L=25  B=16    m=256   inner=1      min=   108.681 us/xform  median=   108.703  sd=  0.01%     10.01 GF/s  setup=0.029 s
fftw3_measure            L=25  B=16    m=256   inner=1      min=   112.115 us/xform  median=   112.143  sd=  0.03%      9.71 GF/s  setup=0.029 s
fftw3_measure            L=25  B=16    m=2     inner=1      min=   151.856 us/xform  median=   151.856  sd=  0.00%      7.17 GF/s  setup=0.028 s
fftw3_patient            L=25  B=16    m=256   inner=1      min=   110.997 us/xform  median=   111.021  sd=  0.01%      9.81 GF/s  setup=0.103 s
fftw3_patient            L=25  B=16    m=256   inner=1      min=   111.942 us/xform  median=   111.972  sd=  0.02%      9.72 GF/s  setup=0.112 s
fftw3_patient            L=25  B=16    m=256   inner=1      min=   113.196 us/xform  median=   113.226  sd=  0.02%      9.62 GF/s  setup=0.107 s
fftw3_patient            L=25  B=16    m=2     inner=1      min=   144.947 us/xform  median=   144.947  sd=  0.00%      7.51 GF/s  setup=0.110 s
gen_bluestein            L=25  B=16    m=256   inner=1      min=   192.287 us/xform  median=   192.451  sd=  0.08%      5.66 GF/s  setup=0.000 s
gen_bluestein            L=25  B=16    m=256   inner=1      min=   180.699 us/xform  median=   180.824  sd=  0.06%      6.02 GF/s  setup=0.000 s
gen_bluestein            L=25  B=16    m=256   inner=1      min=   180.879 us/xform  median=   181.180  sd=  0.07%      6.02 GF/s  setup=0.000 s
gen_bluestein            L=25  B=16    m=2     inner=1      min=   209.045 us/xform  median=   209.045  sd=  0.00%      5.21 GF/s  setup=0.000 s
gen_layout               L=25  B=16    m=256   inner=1      min=    95.622 us/xform  median=    95.678  sd=  0.03%     11.38 GF/s  setup=0.000 s
gen_layout               L=25  B=16    m=256   inner=1      min=    95.769 us/xform  median=    95.836  sd=  0.03%     11.36 GF/s  setup=0.000 s
gen_layout               L=25  B=16    m=256   inner=1      min=    94.095 us/xform  median=    94.123  sd=  0.02%     11.57 GF/s  setup=0.000 s
gen_layout               L=25  B=16    m=2     inner=1      min=   111.000 us/xform  median=   111.000  sd=  0.00%      9.81 GF/s  setup=0.000 s
gen_planner              L=25  B=16    m=256   inner=1      min=    40.192 us/xform  median=    40.204  sd= 14.26%     27.08 GF/s  setup=0.029 s
gen_planner              L=25  B=16    m=256   inner=1      min=    41.362 us/xform  median=    41.371  sd=  0.03%     26.31 GF/s  setup=0.016 s
gen_planner              L=25  B=16    m=256   inner=1      min=    40.716 us/xform  median=    40.723  sd=  0.03%     26.73 GF/s  setup=0.011 s
gen_planner              L=25  B=16    m=2     inner=1      min=   159.257 us/xform  median=   159.257  sd=  0.00%      6.83 GF/s  setup=0.012 s
gen_powp                 L=25  B=16    m=256   inner=1      min=    41.041 us/xform  median=    41.046  sd=  0.11%     26.52 GF/s  setup=0.485 s
gen_powp                 L=25  B=16    m=256   inner=1      min=    41.025 us/xform  median=    41.033  sd=  0.03%     26.53 GF/s  setup=0.004 s
gen_powp                 L=25  B=16    m=256   inner=1      min=    41.041 us/xform  median=    41.046  sd=  0.03%     26.52 GF/s  setup=0.004 s
gen_powp                 L=25  B=16    m=2     inner=1      min=    56.372 us/xform  median=    56.372  sd=  0.00%     19.31 GF/s  setup=0.003 s
gen_race                 L=25  B=16    m=256   inner=1      min=    45.423 us/xform  median=    45.458  sd=  0.06%     23.96 GF/s  setup=30.238 s
gen_race                 L=25  B=16    m=256   inner=1      min=    41.437 us/xform  median=    41.478  sd=  0.06%     26.27 GF/s  setup=0.012 s
gen_race                 L=25  B=16    m=256   inner=1      min=    40.083 us/xform  median=    40.154  sd=  4.91%     27.15 GF/s  setup=0.009 s
gen_race                 L=25  B=16    m=2     inner=1      min=   152.246 us/xform  median=   152.246  sd=  0.00%      7.15 GF/s  setup=0.005 s
gen_twiddle              L=25  B=16    m=256   inner=1      min=    84.362 us/xform  median=    84.388  sd=  0.02%     12.90 GF/s  setup=0.003 s
gen_twiddle              L=25  B=16    m=256   inner=1      min=    81.845 us/xform  median=    81.862  sd=  0.02%     13.30 GF/s  setup=0.004 s
gen_twiddle              L=25  B=16    m=256   inner=1      min=    80.971 us/xform  median=    80.987  sd=  0.01%     13.44 GF/s  setup=0.004 s
gen_twiddle              L=25  B=16    m=2     inner=1      min=    97.896 us/xform  median=    97.896  sd=  0.00%     11.12 GF/s  setup=0.003 s
mkl2026_dfti             L=25  B=16    m=256   inner=1      min=   124.663 us/xform  median=   125.177  sd=  0.23%      8.73 GF/s  setup=0.075 s
mkl2026_dfti             L=25  B=16    m=256   inner=1      min=   124.042 us/xform  median=   125.258  sd=  0.40%      8.77 GF/s  setup=0.071 s
mkl2026_dfti             L=25  B=16    m=256   inner=1      min=   124.388 us/xform  median=   124.589  sd=  0.18%      8.75 GF/s  setup=0.066 s
mkl2026_dfti             L=25  B=16    m=2     inner=1      min=   292.088 us/xform  median=   292.088  sd=  0.00%      3.73 GF/s  setup=0.065 s
mkl_dfti                 L=25  B=16    m=256   inner=1      min=   121.028 us/xform  median=   122.868  sd=  0.72%      8.99 GF/s  setup=0.044 s
mkl_dfti                 L=25  B=16    m=256   inner=1      min=   120.680 us/xform  median=   121.064  sd=  0.13%      9.02 GF/s  setup=0.054 s
mkl_dfti                 L=25  B=16    m=256   inner=1      min=   121.063 us/xform  median=   121.328  sd=  0.12%      8.99 GF/s  setup=0.049 s
mkl_dfti                 L=25  B=16    m=2     inner=1      min=   227.757 us/xform  median=   227.757  sd=  0.00%      4.78 GF/s  setup=0.047 s
baseline_matrix          L=27  B=16    m=200   inner=1      min=  2799.031 us/xform  median=  2799.089  sd=  0.01%      0.50 GF/s  setup=0.000 s
baseline_matrix          L=27  B=16    m=200   inner=1      min=  2799.141 us/xform  median=  2799.278  sd=  0.01%      0.50 GF/s  setup=0.000 s
baseline_matrix          L=27  B=16    m=200   inner=1      min=  2799.704 us/xform  median=  2799.907  sd=  0.04%      0.50 GF/s  setup=0.000 s
baseline_matrix          L=27  B=16    m=2     inner=1      min=  2823.415 us/xform  median=  2823.415  sd=  0.00%      0.50 GF/s  setup=0.000 s
ducc0_c2c                L=27  B=16    m=200   inner=1      min=   189.608 us/xform  median=   189.890  sd=  0.17%      7.40 GF/s  setup=0.000 s
ducc0_c2c                L=27  B=16    m=200   inner=1      min=   196.084 us/xform  median=   196.510  sd=  0.20%      7.16 GF/s  setup=0.000 s
ducc0_c2c                L=27  B=16    m=200   inner=1      min=   189.076 us/xform  median=   189.429  sd=  0.19%      7.42 GF/s  setup=0.000 s
ducc0_c2c                L=27  B=16    m=2     inner=1      min=   243.380 us/xform  median=   243.380  sd=  0.00%      5.77 GF/s  setup=0.000 s
fftw3_estimate           L=27  B=16    m=200   inner=1      min=   256.808 us/xform  median=   257.473  sd=  0.15%      5.47 GF/s  setup=0.002 s
fftw3_estimate           L=27  B=16    m=200   inner=1      min=   258.181 us/xform  median=   258.562  sd=  0.08%      5.44 GF/s  setup=0.003 s
fftw3_estimate           L=27  B=16    m=200   inner=1      min=   252.515 us/xform  median=   252.952  sd=  0.12%      5.56 GF/s  setup=0.003 s
fftw3_estimate           L=27  B=16    m=2     inner=1      min=   326.193 us/xform  median=   326.193  sd=  0.00%      4.30 GF/s  setup=0.003 s
fftw3_guru               L=27  B=16    m=200   inner=1      min=   261.635 us/xform  median=   262.012  sd=  0.06%      5.37 GF/s  setup=0.043 s
fftw3_guru               L=27  B=16    m=200   inner=1      min=   259.815 us/xform  median=   260.289  sd=  0.19%      5.40 GF/s  setup=0.041 s
fftw3_guru               L=27  B=16    m=200   inner=1      min=   258.940 us/xform  median=   259.122  sd=  0.06%      5.42 GF/s  setup=0.044 s
fftw3_guru               L=27  B=16    m=2     inner=1      min=   347.376 us/xform  median=   347.376  sd=  0.00%      4.04 GF/s  setup=0.043 s
fftw3_measure            L=27  B=16    m=200   inner=1      min=   225.956 us/xform  median=   225.993  sd=  0.01%      6.21 GF/s  setup=0.034 s
fftw3_measure            L=27  B=16    m=200   inner=1      min=   226.284 us/xform  median=   226.603  sd=  0.08%      6.20 GF/s  setup=0.034 s
fftw3_measure            L=27  B=16    m=200   inner=1      min=   220.846 us/xform  median=   220.902  sd=  0.16%      6.36 GF/s  setup=0.033 s
fftw3_measure            L=27  B=16    m=2     inner=1      min=   295.486 us/xform  median=   295.486  sd=  0.00%      4.75 GF/s  setup=0.034 s
fftw3_patient            L=27  B=16    m=200   inner=1      min=   205.068 us/xform  median=   205.171  sd=  0.03%      6.85 GF/s  setup=0.139 s
fftw3_patient            L=27  B=16    m=200   inner=1      min=   207.798 us/xform  median=   207.844  sd=  0.03%      6.76 GF/s  setup=0.137 s
fftw3_patient            L=27  B=16    m=200   inner=1      min=   205.119 us/xform  median=   205.163  sd=  0.01%      6.84 GF/s  setup=0.138 s
fftw3_patient            L=27  B=16    m=2     inner=1      min=   233.054 us/xform  median=   233.054  sd=  0.00%      6.02 GF/s  setup=0.144 s
gen_bluestein            L=27  B=16    m=200   inner=1      min=   215.572 us/xform  median=   215.800  sd=  0.21%      6.51 GF/s  setup=0.000 s
gen_bluestein            L=27  B=16    m=200   inner=1      min=   214.650 us/xform  median=   214.957  sd=  0.06%      6.54 GF/s  setup=0.000 s
gen_bluestein            L=27  B=16    m=200   inner=1      min=   214.323 us/xform  median=   214.596  sd=  0.17%      6.55 GF/s  setup=0.000 s
gen_bluestein            L=27  B=16    m=2     inner=1      min=   254.294 us/xform  median=   254.294  sd=  0.00%      5.52 GF/s  setup=0.000 s
gen_layout               L=27  B=16    m=200   inner=1      min=   125.207 us/xform  median=   125.243  sd=  0.03%     11.21 GF/s  setup=0.001 s
gen_layout               L=27  B=16    m=200   inner=1      min=   123.839 us/xform  median=   123.955  sd=  0.03%     11.34 GF/s  setup=0.001 s
gen_layout               L=27  B=16    m=200   inner=1      min=   125.151 us/xform  median=   125.274  sd=  0.12%     11.22 GF/s  setup=0.000 s
gen_layout               L=27  B=16    m=2     inner=1      min=   149.287 us/xform  median=   149.287  sd=  0.00%      9.40 GF/s  setup=0.000 s
gen_planner              L=27  B=16    m=200   inner=1      min=    60.441 us/xform  median=    60.461  sd=  0.05%     23.23 GF/s  setup=0.033 s
gen_planner              L=27  B=16    m=200   inner=1      min=    60.516 us/xform  median=    60.541  sd=  0.33%     23.20 GF/s  setup=0.013 s
gen_planner              L=27  B=16    m=200   inner=1      min=    60.241 us/xform  median=    60.257  sd=  1.14%     23.30 GF/s  setup=0.018 s
gen_planner              L=27  B=16    m=2     inner=1      min=   219.910 us/xform  median=   219.910  sd=  0.00%      6.38 GF/s  setup=0.016 s
gen_powp                 L=27  B=16    m=200   inner=1      min=    43.357 us/xform  median=    43.375  sd=  0.05%     32.38 GF/s  setup=0.515 s
gen_powp                 L=27  B=16    m=200   inner=1      min=    44.298 us/xform  median=    44.306  sd=  0.05%     31.69 GF/s  setup=0.005 s
gen_powp                 L=27  B=16    m=200   inner=1      min=    43.362 us/xform  median=    43.410  sd=  0.37%     32.38 GF/s  setup=0.004 s
gen_powp                 L=27  B=16    m=2     inner=1      min=    93.276 us/xform  median=    93.276  sd=  0.00%     15.05 GF/s  setup=0.003 s
gen_race                 L=27  B=16    m=200   inner=1      min=    44.435 us/xform  median=    44.440  sd=  0.04%     31.59 GF/s  setup=0.316 s
gen_race                 L=27  B=16    m=200   inner=1      min=    44.482 us/xform  median=    44.488  sd=  0.03%     31.56 GF/s  setup=0.010 s
gen_race                 L=27  B=16    m=200   inner=1      min=    43.689 us/xform  median=    43.699  sd=  0.04%     32.13 GF/s  setup=0.015 s
gen_race                 L=27  B=16    m=2     inner=1      min=    95.974 us/xform  median=    95.974  sd=  0.00%     14.63 GF/s  setup=0.011 s
gen_twiddle              L=27  B=16    m=200   inner=1      min=   128.318 us/xform  median=   128.365  sd=  0.03%     10.94 GF/s  setup=0.004 s
gen_twiddle              L=27  B=16    m=200   inner=1      min=   128.897 us/xform  median=   128.939  sd=  0.25%     10.89 GF/s  setup=0.005 s
gen_twiddle              L=27  B=16    m=200   inner=1      min=   129.304 us/xform  median=   129.346  sd=  0.02%     10.86 GF/s  setup=0.005 s
gen_twiddle              L=27  B=16    m=2     inner=1      min=   164.985 us/xform  median=   164.985  sd=  0.00%      8.51 GF/s  setup=0.004 s
mkl2026_dfti             L=27  B=16    m=200   inner=1      min=   147.928 us/xform  median=   148.121  sd=  0.04%      9.49 GF/s  setup=0.052 s
mkl2026_dfti             L=27  B=16    m=200   inner=1      min=   147.852 us/xform  median=   148.052  sd=  0.19%      9.50 GF/s  setup=0.030 s
mkl2026_dfti             L=27  B=16    m=200   inner=1      min=   148.179 us/xform  median=   148.226  sd=  0.03%      9.47 GF/s  setup=0.053 s
mkl2026_dfti             L=27  B=16    m=2     inner=1      min=   167.902 us/xform  median=   167.902  sd=  0.00%      8.36 GF/s  setup=0.051 s
mkl_dfti                 L=27  B=16    m=200   inner=1      min=   144.395 us/xform  median=   144.525  sd=  0.04%      9.72 GF/s  setup=0.030 s
mkl_dfti                 L=27  B=16    m=200   inner=1      min=   144.445 us/xform  median=   144.539  sd=  0.12%      9.72 GF/s  setup=0.047 s
mkl_dfti                 L=27  B=16    m=200   inner=1      min=   144.242 us/xform  median=   144.393  sd=  0.15%      9.73 GF/s  setup=0.051 s
mkl_dfti                 L=27  B=16    m=2     inner=1      min=   267.024 us/xform  median=   267.024  sd=  0.00%      5.26 GF/s  setup=0.048 s
baseline_matrix          L=31  B=16    m=140   inner=1      min=  4853.623 us/xform  median=  4853.847  sd=  0.02%      0.46 GF/s  setup=0.000 s
baseline_matrix          L=31  B=16    m=140   inner=1      min=  4852.868 us/xform  median=  4852.997  sd=  0.01%      0.46 GF/s  setup=0.000 s
baseline_matrix          L=31  B=16    m=140   inner=1      min=  4853.047 us/xform  median=  4853.645  sd=  0.01%      0.46 GF/s  setup=0.000 s
baseline_matrix          L=31  B=16    m=2     inner=1      min=  4883.668 us/xform  median=  4883.668  sd=  0.00%      0.45 GF/s  setup=0.000 s
ducc0_c2c                L=31  B=16    m=140   inner=1      min=   721.841 us/xform  median=   722.853  sd=  0.14%      3.07 GF/s  setup=0.000 s
ducc0_c2c                L=31  B=16    m=140   inner=1      min=   768.400 us/xform  median=   769.931  sd=  0.15%      2.88 GF/s  setup=0.000 s
ducc0_c2c                L=31  B=16    m=140   inner=1      min=   717.096 us/xform  median=   718.866  sd=  0.17%      3.09 GF/s  setup=0.000 s
ducc0_c2c                L=31  B=16    m=2     inner=1      min=   782.448 us/xform  median=   782.448  sd=  0.00%      2.83 GF/s  setup=0.000 s
fftw3_estimate           L=31  B=16    m=140   inner=1      min=   860.302 us/xform  median=   860.442  sd=  0.06%      2.57 GF/s  setup=0.002 s
fftw3_estimate           L=31  B=16    m=140   inner=1      min=   859.121 us/xform  median=   859.656  sd=  0.07%      2.58 GF/s  setup=0.002 s
fftw3_estimate           L=31  B=16    m=140   inner=1      min=   859.488 us/xform  median=   859.623  sd=  0.06%      2.58 GF/s  setup=0.002 s
fftw3_estimate           L=31  B=16    m=2     inner=1      min=   885.408 us/xform  median=   885.408  sd=  0.00%      2.50 GF/s  setup=0.002 s
fftw3_guru               L=31  B=16    m=140   inner=1      min=   836.730 us/xform  median=   836.852  sd=  0.01%      2.65 GF/s  setup=0.088 s
fftw3_guru               L=31  B=16    m=140   inner=1      min=   832.965 us/xform  median=   833.108  sd=  0.11%      2.66 GF/s  setup=0.094 s
fftw3_guru               L=31  B=16    m=140   inner=1      min=   834.813 us/xform  median=   835.523  sd=  0.07%      2.65 GF/s  setup=0.093 s
fftw3_guru               L=31  B=16    m=2     inner=1      min=   888.501 us/xform  median=   888.501  sd=  0.00%      2.49 GF/s  setup=0.089 s
fftw3_measure            L=31  B=16    m=140   inner=1      min=   863.683 us/xform  median=   863.856  sd=  0.01%      2.56 GF/s  setup=0.085 s
fftw3_measure            L=31  B=16    m=140   inner=1      min=   859.968 us/xform  median=   860.078  sd=  0.04%      2.57 GF/s  setup=0.089 s
fftw3_measure            L=31  B=16    m=140   inner=1      min=   859.077 us/xform  median=   859.624  sd=  0.04%      2.58 GF/s  setup=0.088 s
fftw3_measure            L=31  B=16    m=2     inner=1      min=   885.151 us/xform  median=   885.151  sd=  0.00%      2.50 GF/s  setup=0.085 s
fftw3_patient            L=31  B=16    m=140   inner=1      min=   860.315 us/xform  median=   860.455  sd=  0.01%      2.57 GF/s  setup=0.241 s
fftw3_patient            L=31  B=16    m=140   inner=1      min=   862.888 us/xform  median=   863.009  sd=  0.02%      2.57 GF/s  setup=0.241 s
fftw3_patient            L=31  B=16    m=140   inner=1      min=   860.052 us/xform  median=   860.179  sd=  0.02%      2.57 GF/s  setup=0.241 s
fftw3_patient            L=31  B=16    m=2     inner=1      min=   884.344 us/xform  median=   884.344  sd=  0.00%      2.50 GF/s  setup=0.225 s
gen_bluestein            L=31  B=16    m=140   inner=1      min=   294.037 us/xform  median=   294.709  sd=  0.14%      7.53 GF/s  setup=0.000 s
gen_bluestein            L=31  B=16    m=140   inner=1      min=   294.596 us/xform  median=   295.234  sd=  0.11%      7.51 GF/s  setup=0.000 s
gen_bluestein            L=31  B=16    m=140   inner=1      min=   292.564 us/xform  median=   293.135  sd=  0.11%      7.57 GF/s  setup=0.000 s
gen_bluestein            L=31  B=16    m=2     inner=1      min=   346.944 us/xform  median=   346.944  sd=  0.00%      6.38 GF/s  setup=0.000 s
gen_dense_prime          L=31  B=16    m=140   inner=1      min=   113.939 us/xform  median=   113.981  sd=  0.04%     19.43 GF/s  setup=0.001 s
gen_dense_prime          L=31  B=16    m=140   inner=1      min=   113.845 us/xform  median=   113.876  sd=  0.04%     19.45 GF/s  setup=0.001 s
gen_dense_prime          L=31  B=16    m=140   inner=1      min=   113.507 us/xform  median=   113.579  sd=  0.04%     19.50 GF/s  setup=0.001 s
gen_dense_prime          L=31  B=16    m=2     inner=1      min=   173.777 us/xform  median=   173.777  sd=  0.00%     12.74 GF/s  setup=0.001 s
gen_layout               L=31  B=16    m=140   inner=1      min=   202.432 us/xform  median=   202.505  sd=  0.03%     10.94 GF/s  setup=0.001 s
gen_layout               L=31  B=16    m=140   inner=1      min=   199.976 us/xform  median=   200.064  sd=  0.02%     11.07 GF/s  setup=0.001 s
gen_layout               L=31  B=16    m=140   inner=1      min=   201.592 us/xform  median=   201.642  sd=  0.03%     10.98 GF/s  setup=0.001 s
gen_layout               L=31  B=16    m=2     inner=1      min=   228.269 us/xform  median=   228.269  sd=  0.00%      9.70 GF/s  setup=0.000 s
gen_planner              L=31  B=16    m=140   inner=1      min=   140.122 us/xform  median=   140.208  sd=  0.05%     15.80 GF/s  setup=0.040 s
gen_planner              L=31  B=16    m=140   inner=1      min=   140.041 us/xform  median=   140.095  sd=  0.04%     15.81 GF/s  setup=0.031 s
gen_planner              L=31  B=16    m=140   inner=1      min=   140.427 us/xform  median=   140.478  sd=  0.05%     15.77 GF/s  setup=0.024 s
gen_planner              L=31  B=16    m=2     inner=1      min=   371.491 us/xform  median=   371.491  sd=  0.00%      5.96 GF/s  setup=0.023 s
gen_race                 L=31  B=16    m=140   inner=1      min=    85.133 us/xform  median=    97.633  sd=  5.14%     26.00 GF/s  setup=10.129 s
gen_race                 L=31  B=16    m=140   inner=1      min=    85.028 us/xform  median=    85.154  sd=  0.08%     26.04 GF/s  setup=0.020 s
gen_race                 L=31  B=16    m=140   inner=1      min=    84.858 us/xform  median=    85.012  sd=  6.02%     26.09 GF/s  setup=0.025 s
gen_race                 L=31  B=16    m=2     inner=1      min=   140.191 us/xform  median=   140.191  sd=  0.00%     15.79 GF/s  setup=0.014 s
gen_rader                L=31  B=16    m=140   inner=1      min=    84.745 us/xform  median=    84.933  sd=  4.37%     26.12 GF/s  setup=0.008 s
gen_rader                L=31  B=16    m=140   inner=1      min=    85.331 us/xform  median=    85.491  sd=  0.10%     25.94 GF/s  setup=0.009 s
gen_rader                L=31  B=16    m=140   inner=1      min=    85.760 us/xform  median=    85.802  sd=  0.08%     25.81 GF/s  setup=0.010 s
gen_rader                L=31  B=16    m=2     inner=1      min=   140.669 us/xform  median=   140.669  sd=  0.00%     15.74 GF/s  setup=0.007 s
gen_twiddle              L=31  B=16    m=140   inner=1      min=   272.286 us/xform  median=   272.435  sd=  0.03%      8.13 GF/s  setup=0.005 s
gen_twiddle              L=31  B=16    m=140   inner=1      min=   272.442 us/xform  median=   272.654  sd=  0.03%      8.13 GF/s  setup=0.004 s
gen_twiddle              L=31  B=16    m=140   inner=1      min=   267.735 us/xform  median=   267.810  sd=  0.02%      8.27 GF/s  setup=0.006 s
gen_twiddle              L=31  B=16    m=2     inner=1      min=   307.544 us/xform  median=   307.544  sd=  0.00%      7.20 GF/s  setup=0.005 s
mkl2026_dfti             L=31  B=16    m=140   inner=1      min=   883.236 us/xform  median=   883.369  sd=  0.01%      2.51 GF/s  setup=0.049 s
mkl2026_dfti             L=31  B=16    m=140   inner=1      min=   883.028 us/xform  median=   883.176  sd=  0.01%      2.51 GF/s  setup=0.051 s
mkl2026_dfti             L=31  B=16    m=140   inner=1      min=   883.760 us/xform  median=   883.887  sd=  0.04%      2.51 GF/s  setup=0.048 s
mkl2026_dfti             L=31  B=16    m=2     inner=1      min=   910.595 us/xform  median=   910.595  sd=  0.00%      2.43 GF/s  setup=0.044 s
mkl_dfti                 L=31  B=16    m=140   inner=1      min=   848.573 us/xform  median=   848.673  sd=  0.01%      2.61 GF/s  setup=0.037 s
mkl_dfti                 L=31  B=16    m=140   inner=1      min=   848.661 us/xform  median=   848.732  sd=  0.01%      2.61 GF/s  setup=0.050 s
mkl_dfti                 L=31  B=16    m=140   inner=1      min=   849.036 us/xform  median=   849.161  sd=  0.01%      2.61 GF/s  setup=0.050 s
mkl_dfti                 L=31  B=16    m=2     inner=1      min=   876.447 us/xform  median=   876.447  sd=  0.00%      2.53 GF/s  setup=0.050 s
baseline_matrix          L=32  B=8     m=250   inner=1      min=  5753.768 us/xform  median=  5753.889  sd=  0.01%      0.43 GF/s  setup=0.000 s
baseline_matrix          L=32  B=8     m=250   inner=1      min=  5754.363 us/xform  median=  5754.736  sd=  0.01%      0.43 GF/s  setup=0.000 s
baseline_matrix          L=32  B=8     m=250   inner=1      min=  5752.818 us/xform  median=  5753.059  sd=  0.01%      0.43 GF/s  setup=0.000 s
baseline_matrix          L=32  B=8     m=2     inner=1      min=  5780.750 us/xform  median=  5780.750  sd=  0.00%      0.43 GF/s  setup=0.000 s
ducc0_c2c                L=32  B=8     m=250   inner=1      min=   311.659 us/xform  median=   312.002  sd=  0.11%      7.89 GF/s  setup=0.000 s
ducc0_c2c                L=32  B=8     m=250   inner=1      min=   311.997 us/xform  median=   312.283  sd=  0.12%      7.88 GF/s  setup=0.000 s
ducc0_c2c                L=32  B=8     m=250   inner=1      min=   309.793 us/xform  median=   310.116  sd=  0.10%      7.93 GF/s  setup=0.000 s
ducc0_c2c                L=32  B=8     m=2     inner=1      min=   409.879 us/xform  median=   409.879  sd=  0.00%      6.00 GF/s  setup=0.000 s
fftw3_estimate           L=32  B=8     m=250   inner=1      min=   406.899 us/xform  median=   407.144  sd=  0.05%      6.04 GF/s  setup=0.001 s
fftw3_estimate           L=32  B=8     m=250   inner=1      min=   407.536 us/xform  median=   407.980  sd=  0.05%      6.03 GF/s  setup=0.001 s
fftw3_estimate           L=32  B=8     m=250   inner=1      min=   407.590 us/xform  median=   407.759  sd=  0.03%      6.03 GF/s  setup=0.001 s
fftw3_estimate           L=32  B=8     m=2     inner=1      min=   501.122 us/xform  median=   501.122  sd=  0.00%      4.90 GF/s  setup=0.001 s
fftw3_guru               L=32  B=8     m=250   inner=1      min=   289.426 us/xform  median=   290.602  sd=  0.34%      8.49 GF/s  setup=0.071 s
fftw3_guru               L=32  B=8     m=250   inner=1      min=   294.681 us/xform  median=   295.350  sd=  0.13%      8.34 GF/s  setup=0.070 s
fftw3_guru               L=32  B=8     m=250   inner=1      min=   303.587 us/xform  median=   303.668  sd=  0.03%      8.10 GF/s  setup=0.074 s
fftw3_guru               L=32  B=8     m=2     inner=1      min=   399.329 us/xform  median=   399.329  sd=  0.00%      6.15 GF/s  setup=0.073 s
fftw3_measure            L=32  B=8     m=250   inner=1      min=   208.781 us/xform  median=   208.814  sd=  0.02%     11.77 GF/s  setup=0.083 s
fftw3_measure            L=32  B=8     m=250   inner=1      min=   210.499 us/xform  median=   210.535  sd=  0.01%     11.68 GF/s  setup=0.082 s
fftw3_measure            L=32  B=8     m=250   inner=1      min=   210.356 us/xform  median=   210.435  sd=  0.04%     11.68 GF/s  setup=0.087 s
fftw3_measure            L=32  B=8     m=2     inner=1      min=   288.247 us/xform  median=   288.247  sd=  0.00%      8.53 GF/s  setup=0.086 s
fftw3_patient            L=32  B=8     m=250   inner=1      min=   213.541 us/xform  median=   213.591  sd=  0.02%     11.51 GF/s  setup=0.541 s
fftw3_patient            L=32  B=8     m=250   inner=1      min=   209.733 us/xform  median=   209.799  sd=  0.02%     11.72 GF/s  setup=0.542 s
fftw3_patient            L=32  B=8     m=250   inner=1      min=   207.515 us/xform  median=   207.577  sd=  0.04%     11.84 GF/s  setup=0.511 s
fftw3_patient            L=32  B=8     m=2     inner=1      min=   248.409 us/xform  median=   248.409  sd=  0.00%      9.89 GF/s  setup=0.501 s
gen_bluestein            L=32  B=8     m=250   inner=1      min=   316.973 us/xform  median=   317.004  sd=  0.01%      7.75 GF/s  setup=0.000 s
gen_bluestein            L=32  B=8     m=250   inner=1      min=   313.265 us/xform  median=   313.339  sd=  0.17%      7.85 GF/s  setup=0.000 s
gen_bluestein            L=32  B=8     m=250   inner=1      min=   317.613 us/xform  median=   317.648  sd=  0.01%      7.74 GF/s  setup=0.000 s
gen_bluestein            L=32  B=8     m=2     inner=1      min=   341.506 us/xform  median=   341.506  sd=  0.00%      7.20 GF/s  setup=0.000 s
gen_layout               L=32  B=8     m=250   inner=1      min=   149.143 us/xform  median=   149.180  sd=  0.02%     16.48 GF/s  setup=0.000 s
gen_layout               L=32  B=8     m=250   inner=1      min=   151.513 us/xform  median=   151.539  sd=  0.16%     16.22 GF/s  setup=0.001 s
gen_layout               L=32  B=8     m=250   inner=1      min=   150.776 us/xform  median=   150.803  sd=  0.02%     16.30 GF/s  setup=0.000 s
gen_layout               L=32  B=8     m=2     inner=1      min=   164.137 us/xform  median=   164.137  sd=  0.00%     14.97 GF/s  setup=0.000 s
gen_planner              L=32  B=8     m=250   inner=1      min=   106.279 us/xform  median=   106.315  sd=  0.02%     23.12 GF/s  setup=0.049 s
gen_planner              L=32  B=8     m=250   inner=1      min=   105.565 us/xform  median=   105.587  sd=  0.02%     23.28 GF/s  setup=0.005 s
gen_planner              L=32  B=8     m=250   inner=1      min=   106.257 us/xform  median=   106.311  sd=  0.03%     23.13 GF/s  setup=0.003 s
gen_planner              L=32  B=8     m=2     inner=1      min=   138.254 us/xform  median=   138.254  sd=  0.00%     17.78 GF/s  setup=0.003 s
gen_pow2                 L=32  B=8     m=250   inner=1      min=    56.455 us/xform  median=    56.478  sd=  0.39%     43.53 GF/s  setup=0.000 s
gen_pow2                 L=32  B=8     m=250   inner=1      min=    56.998 us/xform  median=    57.018  sd=  0.04%     43.12 GF/s  setup=0.000 s
gen_pow2                 L=32  B=8     m=250   inner=1      min=    56.768 us/xform  median=    56.781  sd=  0.03%     43.29 GF/s  setup=0.000 s
gen_pow2                 L=32  B=8     m=2     inner=1      min=   109.676 us/xform  median=   109.676  sd=  0.00%     22.41 GF/s  setup=0.000 s
gen_race                 L=32  B=8     m=250   inner=1      min=    70.009 us/xform  median=    70.034  sd=  0.09%     35.10 GF/s  setup=3.180 s
gen_race                 L=32  B=8     m=250   inner=1      min=    56.598 us/xform  median=    64.473  sd=  6.17%     43.42 GF/s  setup=0.011 s
gen_race                 L=32  B=8     m=250   inner=1      min=    55.326 us/xform  median=    62.981  sd=  5.62%     44.42 GF/s  setup=0.011 s
gen_race                 L=32  B=8     m=2     inner=1      min=   107.987 us/xform  median=   107.987  sd=  0.00%     22.76 GF/s  setup=0.005 s
gen_twiddle              L=32  B=8     m=250   inner=1      min=   196.411 us/xform  median=   196.470  sd=  0.15%     12.51 GF/s  setup=0.005 s
gen_twiddle              L=32  B=8     m=250   inner=1      min=   198.085 us/xform  median=   198.147  sd=  0.01%     12.41 GF/s  setup=0.004 s
gen_twiddle              L=32  B=8     m=250   inner=1      min=   196.951 us/xform  median=   197.001  sd=  0.02%     12.48 GF/s  setup=0.006 s
gen_twiddle              L=32  B=8     m=2     inner=1      min=   251.580 us/xform  median=   251.580  sd=  0.00%      9.77 GF/s  setup=0.005 s
mkl2026_dfti             L=32  B=8     m=250   inner=1      min=   184.852 us/xform  median=   185.353  sd=  0.18%     13.29 GF/s  setup=0.002 s
mkl2026_dfti             L=32  B=8     m=250   inner=1      min=   187.913 us/xform  median=   188.464  sd=  0.15%     13.08 GF/s  setup=0.001 s
mkl2026_dfti             L=32  B=8     m=250   inner=1      min=   186.518 us/xform  median=   187.464  sd=  0.18%     13.18 GF/s  setup=0.001 s
mkl2026_dfti             L=32  B=8     m=2     inner=1      min=   243.387 us/xform  median=   243.387  sd=  0.00%     10.10 GF/s  setup=0.001 s
mkl_dfti                 L=32  B=8     m=250   inner=1      min=   173.822 us/xform  median=   174.139  sd=  0.17%     14.14 GF/s  setup=0.002 s
mkl_dfti                 L=32  B=8     m=250   inner=1      min=   173.351 us/xform  median=   177.078  sd=  0.81%     14.18 GF/s  setup=0.002 s
mkl_dfti                 L=32  B=8     m=250   inner=1      min=   174.117 us/xform  median=   174.834  sd=  0.18%     14.11 GF/s  setup=0.002 s
mkl_dfti                 L=32  B=8     m=2     inner=1      min=   251.528 us/xform  median=   251.528  sd=  0.00%      9.77 GF/s  setup=0.002 s
baseline_matrix          L=40  B=8     m=128   inner=1      min= 13454.964 us/xform  median= 13455.725  sd=  0.01%      0.38 GF/s  setup=0.000 s
baseline_matrix          L=40  B=8     m=128   inner=1      min= 13481.899 us/xform  median= 13484.917  sd=  0.01%      0.38 GF/s  setup=0.000 s
baseline_matrix          L=40  B=8     m=128   inner=1      min= 13461.520 us/xform  median= 13465.343  sd=  0.02%      0.38 GF/s  setup=0.000 s
baseline_matrix          L=40  B=8     m=2     inner=1      min= 13579.864 us/xform  median= 13579.864  sd=  0.00%      0.38 GF/s  setup=0.000 s
ducc0_c2c                L=40  B=8     m=128   inner=1      min=   599.271 us/xform  median=   601.177  sd=  0.25%      8.53 GF/s  setup=0.000 s
ducc0_c2c                L=40  B=8     m=128   inner=1      min=   597.652 us/xform  median=   600.032  sd=  0.28%      8.55 GF/s  setup=0.000 s
ducc0_c2c                L=40  B=8     m=128   inner=1      min=   603.132 us/xform  median=   604.724  sd=  0.28%      8.47 GF/s  setup=0.000 s
ducc0_c2c                L=40  B=8     m=2     inner=1      min=   691.974 us/xform  median=   691.974  sd=  0.00%      7.38 GF/s  setup=0.000 s
fftw3_estimate           L=40  B=8     m=128   inner=1      min=  1614.965 us/xform  median=  1618.431  sd=  0.12%      3.16 GF/s  setup=0.002 s
fftw3_estimate           L=40  B=8     m=128   inner=1      min=  1612.130 us/xform  median=  1615.589  sd=  0.12%      3.17 GF/s  setup=0.002 s
fftw3_estimate           L=40  B=8     m=128   inner=1      min=  1611.004 us/xform  median=  1612.375  sd=  0.15%      3.17 GF/s  setup=0.002 s
fftw3_estimate           L=40  B=8     m=2     inner=1      min=  1684.930 us/xform  median=  1684.930  sd=  0.00%      3.03 GF/s  setup=0.002 s
fftw3_guru               L=40  B=8     m=128   inner=1      min=   683.332 us/xform  median=   684.165  sd=  0.16%      7.48 GF/s  setup=0.152 s
fftw3_guru               L=40  B=8     m=128   inner=1      min=   669.117 us/xform  median=   674.532  sd=  0.34%      7.64 GF/s  setup=0.158 s
fftw3_guru               L=40  B=8     m=128   inner=1      min=   670.449 us/xform  median=   671.489  sd=  0.18%      7.62 GF/s  setup=0.152 s
fftw3_guru               L=40  B=8     m=2     inner=1      min=   807.829 us/xform  median=   807.829  sd=  0.00%      6.32 GF/s  setup=0.154 s
fftw3_measure            L=40  B=8     m=128   inner=1      min=   553.431 us/xform  median=   553.903  sd=  0.04%      9.23 GF/s  setup=0.154 s
fftw3_measure            L=40  B=8     m=128   inner=1      min=   550.724 us/xform  median=   551.067  sd=  0.03%      9.28 GF/s  setup=0.154 s
fftw3_measure            L=40  B=8     m=128   inner=1      min=   551.817 us/xform  median=   552.281  sd=  0.25%      9.26 GF/s  setup=0.153 s
fftw3_measure            L=40  B=8     m=2     inner=1      min=   626.554 us/xform  median=   626.554  sd=  0.00%      8.15 GF/s  setup=0.148 s
fftw3_patient            L=40  B=8     m=128   inner=1      min=   525.977 us/xform  median=   526.509  sd=  0.05%      9.71 GF/s  setup=1.398 s
fftw3_patient            L=40  B=8     m=128   inner=1      min=   536.954 us/xform  median=   537.641  sd=  0.26%      9.51 GF/s  setup=1.478 s
fftw3_patient            L=40  B=8     m=128   inner=1      min=   530.330 us/xform  median=   530.688  sd=  0.04%      9.63 GF/s  setup=1.393 s
fftw3_patient            L=40  B=8     m=2     inner=1      min=   594.478 us/xform  median=   594.478  sd=  0.00%      8.59 GF/s  setup=1.294 s
gen_bluestein            L=40  B=8     m=128   inner=1      min=   621.679 us/xform  median=   622.063  sd=  0.27%      8.22 GF/s  setup=0.000 s
gen_bluestein            L=40  B=8     m=128   inner=1      min=   617.531 us/xform  median=   617.747  sd=  0.02%      8.27 GF/s  setup=0.000 s
gen_bluestein            L=40  B=8     m=128   inner=1      min=   617.744 us/xform  median=   618.057  sd=  0.03%      8.27 GF/s  setup=0.000 s
gen_bluestein            L=40  B=8     m=2     inner=1      min=   863.145 us/xform  median=   863.145  sd=  0.00%      5.92 GF/s  setup=0.000 s
gen_layout               L=40  B=8     m=128   inner=1      min=   334.422 us/xform  median=   334.486  sd=  0.05%     15.28 GF/s  setup=0.001 s
gen_layout               L=40  B=8     m=128   inner=1      min=   333.692 us/xform  median=   333.748  sd=  0.02%     15.31 GF/s  setup=0.001 s
gen_layout               L=40  B=8     m=128   inner=1      min=   333.492 us/xform  median=   333.663  sd=  0.02%     15.32 GF/s  setup=0.001 s
gen_layout               L=40  B=8     m=2     inner=1      min=   418.918 us/xform  median=   418.918  sd=  0.00%     12.20 GF/s  setup=0.001 s
gen_pfa_large            L=40  B=8     m=128   inner=1      min=   160.105 us/xform  median=   160.158  sd=  0.07%     31.91 GF/s  setup=1.305 s
gen_pfa_large            L=40  B=8     m=128   inner=1      min=   159.708 us/xform  median=   159.748  sd=  9.84%     31.99 GF/s  setup=0.003 s
gen_pfa_large            L=40  B=8     m=128   inner=1      min=   159.729 us/xform  median=   159.779  sd=  0.05%     31.99 GF/s  setup=0.002 s
gen_pfa_large            L=40  B=8     m=2     inner=1      min=   243.148 us/xform  median=   243.148  sd=  0.00%     21.01 GF/s  setup=0.002 s
gen_planner              L=40  B=8     m=128   inner=1      min=   235.309 us/xform  median=   235.353  sd=  0.05%     21.71 GF/s  setup=0.113 s
gen_planner              L=40  B=8     m=128   inner=1      min=   238.683 us/xform  median=   238.755  sd=  0.08%     21.41 GF/s  setup=0.007 s
gen_planner              L=40  B=8     m=128   inner=1      min=   238.481 us/xform  median=   238.583  sd=  0.05%     21.42 GF/s  setup=0.006 s
gen_planner              L=40  B=8     m=2     inner=1      min=   345.270 us/xform  median=   345.270  sd=  0.00%     14.80 GF/s  setup=0.005 s
gen_race                 L=40  B=8     m=128   inner=1      min=   241.810 us/xform  median=   241.871  sd=  0.05%     21.13 GF/s  setup=30.653 s
gen_race                 L=40  B=8     m=128   inner=1      min=   241.952 us/xform  median=   242.017  sd=  0.05%     21.12 GF/s  setup=0.008 s
gen_race                 L=40  B=8     m=128   inner=1      min=   242.684 us/xform  median=   242.733  sd=  1.58%     21.05 GF/s  setup=0.007 s
gen_race                 L=40  B=8     m=2     inner=1      min=   338.154 us/xform  median=   338.154  sd=  0.00%     15.11 GF/s  setup=0.005 s
gen_twiddle              L=40  B=8     m=128   inner=1      min=   342.279 us/xform  median=   342.412  sd=  0.41%     14.93 GF/s  setup=0.006 s
gen_twiddle              L=40  B=8     m=128   inner=1      min=   343.017 us/xform  median=   343.074  sd=  0.02%     14.89 GF/s  setup=0.007 s
gen_twiddle              L=40  B=8     m=128   inner=1      min=   339.515 us/xform  median=   339.613  sd=  0.02%     15.05 GF/s  setup=0.005 s
gen_twiddle              L=40  B=8     m=2     inner=1      min=   429.429 us/xform  median=   429.429  sd=  0.00%     11.90 GF/s  setup=0.006 s
mkl2026_dfti             L=40  B=8     m=128   inner=1      min=   407.923 us/xform  median=   418.370  sd=  1.30%     12.52 GF/s  setup=0.002 s
mkl2026_dfti             L=40  B=8     m=128   inner=1      min=   405.049 us/xform  median=   405.730  sd=  0.10%     12.61 GF/s  setup=0.002 s
mkl2026_dfti             L=40  B=8     m=128   inner=1      min=   407.101 us/xform  median=   407.768  sd=  0.06%     12.55 GF/s  setup=0.002 s
mkl2026_dfti             L=40  B=8     m=2     inner=1      min=   679.038 us/xform  median=   679.038  sd=  0.00%      7.52 GF/s  setup=0.002 s
mkl_dfti                 L=40  B=8     m=128   inner=1      min=   404.384 us/xform  median=   404.779  sd=  0.06%     12.63 GF/s  setup=0.033 s
mkl_dfti                 L=40  B=8     m=128   inner=1      min=   406.736 us/xform  median=   407.017  sd=  0.05%     12.56 GF/s  setup=0.002 s
mkl_dfti                 L=40  B=8     m=128   inner=1      min=   407.126 us/xform  median=   407.409  sd=  0.03%     12.55 GF/s  setup=0.002 s
mkl_dfti                 L=40  B=8     m=2     inner=1      min=   675.211 us/xform  median=   675.211  sd=  0.00%      7.57 GF/s  setup=0.002 s
baseline_matrix          L=50  B=4     m=128   inner=1      min= 33961.212 us/xform  median= 33974.496  sd=  0.02%      0.31 GF/s  setup=0.000 s
baseline_matrix          L=50  B=4     m=128   inner=1      min= 34676.989 us/xform  median= 34690.620  sd=  0.02%      0.31 GF/s  setup=0.000 s
baseline_matrix          L=50  B=4     m=128   inner=1      min= 34687.873 us/xform  median= 34698.264  sd=  0.02%      0.31 GF/s  setup=0.000 s
baseline_matrix          L=50  B=4     m=2     inner=1      min= 34296.500 us/xform  median= 34296.500  sd=  0.00%      0.31 GF/s  setup=0.000 s
ducc0_c2c                L=50  B=4     m=128   inner=1      min=  1277.308 us/xform  median=  1281.634  sd=  0.25%      8.28 GF/s  setup=0.000 s
ducc0_c2c                L=50  B=4     m=128   inner=1      min=  1270.889 us/xform  median=  1275.012  sd=  0.25%      8.33 GF/s  setup=0.000 s
ducc0_c2c                L=50  B=4     m=128   inner=1      min=  1271.791 us/xform  median=  1275.673  sd=  0.25%      8.32 GF/s  setup=0.000 s
ducc0_c2c                L=50  B=4     m=2     inner=1      min=  1658.406 us/xform  median=  1658.406  sd=  0.00%      6.38 GF/s  setup=0.000 s
fftw3_estimate           L=50  B=4     m=128   inner=1      min=  1640.113 us/xform  median=  1642.054  sd=  0.11%      6.45 GF/s  setup=0.002 s
fftw3_estimate           L=50  B=4     m=128   inner=1      min=  1631.917 us/xform  median=  1632.849  sd=  0.03%      6.48 GF/s  setup=0.002 s
fftw3_estimate           L=50  B=4     m=128   inner=1      min=  1618.710 us/xform  median=  1622.866  sd=  0.13%      6.54 GF/s  setup=0.002 s
fftw3_estimate           L=50  B=4     m=2     inner=1      min=  1755.687 us/xform  median=  1755.687  sd=  0.00%      6.03 GF/s  setup=0.002 s
fftw3_guru               L=50  B=4     m=128   inner=1      min=  1655.125 us/xform  median=  1655.760  sd=  0.10%      6.39 GF/s  setup=0.115 s
fftw3_guru               L=50  B=4     m=128   inner=1      min=  1636.933 us/xform  median=  1637.883  sd=  0.06%      6.46 GF/s  setup=0.115 s
fftw3_guru               L=50  B=4     m=128   inner=1      min=  1728.880 us/xform  median=  1731.895  sd=  0.10%      6.12 GF/s  setup=0.116 s
fftw3_guru               L=50  B=4     m=2     inner=1      min=  1920.156 us/xform  median=  1920.156  sd=  0.00%      5.51 GF/s  setup=0.109 s
fftw3_measure            L=50  B=4     m=128   inner=1      min=  1197.525 us/xform  median=  1198.239  sd=  0.03%      8.84 GF/s  setup=0.092 s
fftw3_measure            L=50  B=4     m=128   inner=1      min=  1200.016 us/xform  median=  1202.210  sd=  0.08%      8.82 GF/s  setup=0.091 s
fftw3_measure            L=50  B=4     m=128   inner=1      min=  1205.814 us/xform  median=  1209.128  sd=  0.14%      8.78 GF/s  setup=0.092 s
fftw3_measure            L=50  B=4     m=2     inner=1      min=  1357.639 us/xform  median=  1357.639  sd=  0.00%      7.79 GF/s  setup=0.089 s
fftw3_patient            L=50  B=4     m=128   inner=1      min=  1167.969 us/xform  median=  1168.663  sd=  0.04%      9.06 GF/s  setup=1.230 s
fftw3_patient            L=50  B=4     m=128   inner=1      min=  1167.598 us/xform  median=  1168.153  sd=  0.03%      9.06 GF/s  setup=1.105 s
fftw3_patient            L=50  B=4     m=128   inner=1      min=  1191.074 us/xform  median=  1191.959  sd=  0.03%      8.88 GF/s  setup=1.291 s
fftw3_patient            L=50  B=4     m=2     inner=1      min=  1300.429 us/xform  median=  1300.429  sd=  0.00%      8.14 GF/s  setup=1.112 s
gen_bluestein            L=50  B=4     m=128   inner=1      min=  1393.495 us/xform  median=  1394.233  sd=  0.02%      7.59 GF/s  setup=0.000 s
gen_bluestein            L=50  B=4     m=128   inner=1      min=  1392.512 us/xform  median=  1393.191  sd=  0.08%      7.60 GF/s  setup=0.000 s
gen_bluestein            L=50  B=4     m=128   inner=1      min=  1395.549 us/xform  median=  1396.195  sd=  0.02%      7.58 GF/s  setup=0.000 s
gen_bluestein            L=50  B=4     m=2     inner=1      min=  1740.939 us/xform  median=  1740.939  sd=  0.00%      6.08 GF/s  setup=0.000 s
gen_layout               L=50  B=4     m=128   inner=1      min=   951.991 us/xform  median=   952.360  sd=  0.03%     11.12 GF/s  setup=0.001 s
gen_layout               L=50  B=4     m=128   inner=1      min=   944.056 us/xform  median=   944.521  sd=  0.02%     11.21 GF/s  setup=0.001 s
gen_layout               L=50  B=4     m=128   inner=1      min=   943.965 us/xform  median=   944.185  sd=  0.02%     11.21 GF/s  setup=0.001 s
gen_layout               L=50  B=4     m=2     inner=1      min=  1137.573 us/xform  median=  1137.573  sd=  0.00%      9.30 GF/s  setup=0.001 s
gen_pfa_large            L=50  B=4     m=128   inner=1      min=   423.230 us/xform  median=   423.406  sd=  0.17%     25.00 GF/s  setup=2.137 s
gen_pfa_large            L=50  B=4     m=128   inner=1      min=   416.640 us/xform  median=   416.750  sd=  4.50%     25.40 GF/s  setup=0.005 s
gen_pfa_large            L=50  B=4     m=128   inner=1      min=   425.189 us/xform  median=   425.319  sd=  0.04%     24.89 GF/s  setup=0.003 s
gen_pfa_large            L=50  B=4     m=2     inner=1      min=   618.856 us/xform  median=   618.856  sd=  0.00%     17.10 GF/s  setup=0.003 s
gen_planner              L=50  B=4     m=128   inner=1      min=   560.500 us/xform  median=   560.554  sd=  0.05%     18.88 GF/s  setup=0.041 s
gen_planner              L=50  B=4     m=128   inner=1      min=   561.272 us/xform  median=   561.370  sd=  0.03%     18.85 GF/s  setup=0.014 s
gen_planner              L=50  B=4     m=128   inner=1      min=   556.441 us/xform  median=   556.614  sd=  0.13%     19.02 GF/s  setup=0.013 s
gen_planner              L=50  B=4     m=2     inner=1      min=   821.467 us/xform  median=   821.467  sd=  0.00%     12.88 GF/s  setup=0.013 s
gen_powp                 L=50  B=4     m=128   inner=1      min=   433.380 us/xform  median=   433.467  sd=  0.05%     24.42 GF/s  setup=1.869 s
gen_powp                 L=50  B=4     m=128   inner=1      min=   421.653 us/xform  median=   421.784  sd=  0.05%     25.10 GF/s  setup=0.005 s
gen_powp                 L=50  B=4     m=128   inner=1      min=   424.666 us/xform  median=   424.743  sd=  0.04%     24.92 GF/s  setup=0.002 s
gen_powp                 L=50  B=4     m=2     inner=1      min=   521.650 us/xform  median=   521.650  sd=  0.00%     20.29 GF/s  setup=0.002 s
gen_race                 L=50  B=4     m=128   inner=1      min=   410.896 us/xform  median=   411.463  sd=  0.16%     25.75 GF/s  setup=0.461 s
gen_race                 L=50  B=4     m=128   inner=1      min=   417.194 us/xform  median=   417.322  sd=  5.59%     25.37 GF/s  setup=0.016 s
gen_race                 L=50  B=4     m=128   inner=1      min=   441.060 us/xform  median=   441.208  sd=  3.74%     23.99 GF/s  setup=0.023 s
gen_race                 L=50  B=4     m=2     inner=1      min=   561.265 us/xform  median=   561.265  sd=  0.00%     18.85 GF/s  setup=0.010 s
gen_twiddle              L=50  B=4     m=128   inner=1      min=   725.371 us/xform  median=   725.549  sd=  0.02%     14.59 GF/s  setup=0.011 s
gen_twiddle              L=50  B=4     m=128   inner=1      min=   725.817 us/xform  median=   725.928  sd=  0.12%     14.58 GF/s  setup=0.010 s
gen_twiddle              L=50  B=4     m=128   inner=1      min=   726.525 us/xform  median=   726.621  sd=  0.02%     14.57 GF/s  setup=0.010 s
gen_twiddle              L=50  B=4     m=2     inner=1      min=  1035.292 us/xform  median=  1035.292  sd=  0.00%     10.22 GF/s  setup=0.011 s
mkl2026_dfti             L=50  B=4     m=128   inner=1      min=   963.154 us/xform  median=   964.271  sd=  0.09%     10.99 GF/s  setup=0.048 s
mkl2026_dfti             L=50  B=4     m=128   inner=1      min=   962.994 us/xform  median=   965.003  sd=  0.10%     10.99 GF/s  setup=0.048 s
mkl2026_dfti             L=50  B=4     m=128   inner=1      min=   961.411 us/xform  median=   961.959  sd=  0.02%     11.01 GF/s  setup=0.048 s
mkl2026_dfti             L=50  B=4     m=2     inner=1      min=  1479.691 us/xform  median=  1479.691  sd=  0.00%      7.15 GF/s  setup=0.047 s
mkl_dfti                 L=50  B=4     m=128   inner=1      min=   949.502 us/xform  median=   949.704  sd=  0.03%     11.15 GF/s  setup=0.037 s
mkl_dfti                 L=50  B=4     m=128   inner=1      min=   948.763 us/xform  median=   949.547  sd=  0.10%     11.15 GF/s  setup=0.050 s
mkl_dfti                 L=50  B=4     m=128   inner=1      min=   946.694 us/xform  median=   947.759  sd=  0.07%     11.18 GF/s  setup=0.049 s
mkl_dfti                 L=50  B=4     m=2     inner=1      min=  1469.543 us/xform  median=  1469.543  sd=  0.00%      7.20 GF/s  setup=0.049 s
baseline_matrix          L=100 B=1     m=2     inner=1      min=605076.279 us/xform  median=605076.279  sd=  0.00%      0.16 GF/s  setup=0.000 s
ducc0_c2c                L=100 B=1     m=64    inner=1      min= 11831.326 us/xform  median= 11870.271  sd=  0.47%      8.42 GF/s  setup=0.000 s
ducc0_c2c                L=100 B=1     m=64    inner=1      min= 11877.576 us/xform  median= 11918.285  sd=  0.48%      8.39 GF/s  setup=0.000 s
ducc0_c2c                L=100 B=1     m=64    inner=1      min= 12005.863 us/xform  median= 12060.846  sd=  0.46%      8.30 GF/s  setup=0.000 s
ducc0_c2c                L=100 B=1     m=2     inner=1      min= 14255.989 us/xform  median= 14255.989  sd=  0.00%      6.99 GF/s  setup=0.000 s
fftw3_estimate           L=100 B=1     m=64    inner=1      min= 20714.008 us/xform  median= 20721.349  sd=  0.03%      4.81 GF/s  setup=0.002 s
fftw3_estimate           L=100 B=1     m=64    inner=1      min= 20585.360 us/xform  median= 20593.337  sd=  0.02%      4.84 GF/s  setup=0.002 s
fftw3_estimate           L=100 B=1     m=64    inner=1      min= 20657.917 us/xform  median= 20665.101  sd=  0.03%      4.82 GF/s  setup=0.002 s
fftw3_estimate           L=100 B=1     m=2     inner=1      min= 21470.787 us/xform  median= 21470.787  sd=  0.00%      4.64 GF/s  setup=0.002 s
fftw3_guru               L=100 B=1     m=64    inner=1      min= 15670.410 us/xform  median= 15676.816  sd=  0.02%      6.36 GF/s  setup=0.381 s
fftw3_guru               L=100 B=1     m=64    inner=1      min= 14206.952 us/xform  median= 14222.167  sd=  0.15%      7.01 GF/s  setup=0.381 s
fftw3_guru               L=100 B=1     m=64    inner=1      min= 14504.784 us/xform  median= 14525.880  sd=  0.07%      6.87 GF/s  setup=0.360 s
fftw3_guru               L=100 B=1     m=2     inner=1      min= 16556.146 us/xform  median= 16556.146  sd=  0.00%      6.02 GF/s  setup=0.334 s
fftw3_measure            L=100 B=1     m=64    inner=1      min= 11974.629 us/xform  median= 11987.327  sd=  0.12%      8.32 GF/s  setup=0.315 s
fftw3_measure            L=100 B=1     m=64    inner=1      min= 11935.549 us/xform  median= 11955.266  sd=  0.09%      8.35 GF/s  setup=0.311 s
fftw3_measure            L=100 B=1     m=64    inner=1      min= 11925.156 us/xform  median= 11946.984  sd=  0.11%      8.36 GF/s  setup=0.317 s
fftw3_measure            L=100 B=1     m=2     inner=1      min= 12961.527 us/xform  median= 12961.527  sd=  0.00%      7.69 GF/s  setup=0.277 s
fftw3_patient            L=100 B=1     m=64    inner=1      min=  9928.302 us/xform  median=  9938.624  sd=  0.05%     10.04 GF/s  setup=17.387 s
fftw3_patient            L=100 B=1     m=64    inner=1      min=  9944.942 us/xform  median=  9952.152  sd=  0.09%     10.02 GF/s  setup=17.550 s
fftw3_patient            L=100 B=1     m=64    inner=1      min= 10212.791 us/xform  median= 10219.520  sd=  0.04%      9.76 GF/s  setup=17.402 s
fftw3_patient            L=100 B=1     m=2     inner=1      min= 10612.339 us/xform  median= 10612.339  sd=  0.00%      9.39 GF/s  setup=17.211 s
gen_bluestein            L=100 B=1     m=64    inner=1      min= 14324.962 us/xform  median= 14340.197  sd=  0.05%      6.96 GF/s  setup=0.000 s
gen_bluestein            L=100 B=1     m=64    inner=1      min= 14366.935 us/xform  median= 14380.171  sd=  0.05%      6.94 GF/s  setup=0.000 s
gen_bluestein            L=100 B=1     m=64    inner=1      min= 14404.243 us/xform  median= 14407.291  sd=  0.26%      6.92 GF/s  setup=0.000 s
gen_bluestein            L=100 B=1     m=2     inner=1      min= 17487.175 us/xform  median= 17487.175  sd=  0.00%      5.70 GF/s  setup=0.000 s
gen_layout               L=100 B=1     m=64    inner=1      min=  9340.184 us/xform  median=  9345.282  sd=  0.05%     10.67 GF/s  setup=0.005 s
gen_layout               L=100 B=1     m=64    inner=1      min=  9307.864 us/xform  median=  9314.591  sd=  0.29%     10.71 GF/s  setup=0.005 s
gen_layout               L=100 B=1     m=64    inner=1      min=  9351.287 us/xform  median=  9357.228  sd=  0.04%     10.66 GF/s  setup=0.004 s
gen_layout               L=100 B=1     m=2     inner=1      min=  9545.434 us/xform  median=  9545.434  sd=  0.00%     10.44 GF/s  setup=0.004 s
gen_pfa_large            L=100 B=1     m=64    inner=1      min=  4660.974 us/xform  median=  4667.095  sd=  0.44%     21.38 GF/s  setup=4.351 s
gen_pfa_large            L=100 B=1     m=64    inner=1      min=  4577.981 us/xform  median=  4581.336  sd=  0.08%     21.77 GF/s  setup=0.003 s
gen_pfa_large            L=100 B=1     m=64    inner=1      min=  4567.719 us/xform  median=  4571.406  sd=  0.09%     21.82 GF/s  setup=0.002 s
gen_pfa_large            L=100 B=1     m=2     inner=1      min=  5584.568 us/xform  median=  5584.568  sd=  0.00%     17.85 GF/s  setup=0.002 s
gen_planner              L=100 B=1     m=64    inner=1      min=  4978.108 us/xform  median=  4982.350  sd=  0.16%     20.02 GF/s  setup=0.320 s
gen_planner              L=100 B=1     m=64    inner=1      min=  4997.086 us/xform  median=  5004.338  sd=  0.45%     19.94 GF/s  setup=0.080 s
gen_planner              L=100 B=1     m=64    inner=1      min=  4990.496 us/xform  median=  4995.781  sd=  0.13%     19.97 GF/s  setup=0.080 s
gen_planner              L=100 B=1     m=2     inner=1      min=  6140.284 us/xform  median=  6140.284  sd=  0.00%     16.23 GF/s  setup=0.070 s
gen_powp                 L=100 B=1     m=64    inner=1      min=  5385.587 us/xform  median=  5452.631  sd=  0.60%     18.50 GF/s  setup=3.350 s
gen_powp                 L=100 B=1     m=64    inner=1      min=  4596.649 us/xform  median=  4604.686  sd=  0.58%     21.68 GF/s  setup=0.005 s
gen_powp                 L=100 B=1     m=64    inner=1      min=  4603.849 us/xform  median=  4609.330  sd=  0.08%     21.65 GF/s  setup=0.004 s
gen_powp                 L=100 B=1     m=2     inner=1      min=  5434.111 us/xform  median=  5434.111  sd=  0.00%     18.34 GF/s  setup=0.002 s
gen_race                 L=100 B=1     m=64    inner=1      min=  4562.285 us/xform  median=  4566.065  sd=  0.19%     21.84 GF/s  setup=2.079 s
gen_race                 L=100 B=1     m=64    inner=1      min=  4638.449 us/xform  median=  4645.971  sd=  0.10%     21.49 GF/s  setup=0.018 s
gen_race                 L=100 B=1     m=64    inner=1      min=  4575.765 us/xform  median=  4580.750  sd=  0.07%     21.78 GF/s  setup=0.014 s
gen_race                 L=100 B=1     m=2     inner=1      min=  6119.231 us/xform  median=  6119.231  sd=  0.00%     16.29 GF/s  setup=0.012 s
gen_twiddle              L=100 B=1     m=64    inner=1      min=  7317.669 us/xform  median=  7323.272  sd=  0.04%     13.62 GF/s  setup=0.074 s
gen_twiddle              L=100 B=1     m=64    inner=1      min=  7321.936 us/xform  median=  7327.281  sd=  0.05%     13.61 GF/s  setup=0.075 s
gen_twiddle              L=100 B=1     m=64    inner=1      min=  7495.915 us/xform  median=  7504.577  sd=  0.07%     13.29 GF/s  setup=0.085 s
gen_twiddle              L=100 B=1     m=2     inner=1      min=  8972.898 us/xform  median=  8972.898  sd=  0.00%     11.11 GF/s  setup=0.076 s
mkl2026_dfti             L=100 B=1     m=64    inner=1      min=  8426.947 us/xform  median=  8487.971  sd=  0.30%     11.83 GF/s  setup=0.051 s
mkl2026_dfti             L=100 B=1     m=64    inner=1      min=  7839.344 us/xform  median=  7845.757  sd=  0.14%     12.71 GF/s  setup=0.051 s
mkl2026_dfti             L=100 B=1     m=64    inner=1      min=  7839.055 us/xform  median=  7846.520  sd=  0.05%     12.71 GF/s  setup=0.054 s
mkl2026_dfti             L=100 B=1     m=2     inner=1      min=  9246.937 us/xform  median=  9246.937  sd=  0.00%     10.78 GF/s  setup=0.049 s
mkl_dfti                 L=100 B=1     m=64    inner=1      min=  7814.514 us/xform  median=  7821.294  sd=  0.06%     12.75 GF/s  setup=0.032 s
mkl_dfti                 L=100 B=1     m=64    inner=1      min=  7824.280 us/xform  median=  7833.398  sd=  0.06%     12.74 GF/s  setup=0.047 s
mkl_dfti                 L=100 B=1     m=64    inner=1      min=  7802.441 us/xform  median=  7812.127  sd=  0.08%     12.77 GF/s  setup=0.051 s
mkl_dfti                 L=100 B=1     m=2     inner=1      min=  9426.191 us/xform  median=  9426.191  sd=  0.00%     10.57 GF/s  setup=0.049 s
