d1_batchlane: does not support L=4096
d1_batchlane: does not support L=4096
d1_batchlane: does not support L=4096
d1_batchlane: does not support L=4096
d1_composite: does not support L=4096
d1_composite: does not support L=4096
d1_composite: does not support L=4096
d1_composite: does not support L=4096
d1_prime: does not support L=4096
d1_prime: does not support L=4096
d1_prime: does not support L=4096
d1_prime: does not support L=4096
d1_rader: does not support L=4096
d1_rader: does not support L=4096
d1_rader: does not support L=4096
d1_rader: does not support L=4096
fftw1d_custom: does not support L=4096
fftw1d_custom: does not support L=4096
fftw1d_custom: does not support L=4096
fftw1d_custom: does not support L=4096
fftw1d_custom_soa: does not support L=4096
fftw1d_custom_soa: does not support L=4096
fftw1d_custom_soa: does not support L=4096
fftw1d_custom_soa: does not support L=4096
d1_batchlane: does not support L=16384
d1_batchlane: does not support L=16384
d1_batchlane: does not support L=16384
d1_batchlane: does not support L=16384
d1_batchlane: does not support L=16384
d1_batchlane: does not support L=16384
d1_batchlane: does not support L=16384
d1_batchlane: does not support L=16384
d1_batchlane: does not support L=16384
d1_composite: does not support L=16384
d1_composite: does not support L=16384
d1_composite: does not support L=16384
d1_composite: does not support L=16384
d1_composite: does not support L=16384
d1_composite: does not support L=16384
d1_composite: does not support L=16384
d1_composite: does not support L=16384
d1_composite: does not support L=16384
d1_prime: does not support L=16384
d1_prime: does not support L=16384
d1_prime: does not support L=16384
d1_prime: does not support L=16384
d1_prime: does not support L=16384
d1_prime: does not support L=16384
d1_prime: does not support L=16384
d1_prime: does not support L=16384
d1_prime: does not support L=16384
d1_rader: does not support L=16384
d1_rader: does not support L=16384
d1_rader: does not support L=16384
d1_rader: does not support L=16384
d1_rader: does not support L=16384
d1_rader: does not support L=16384
d1_rader: does not support L=16384
d1_rader: does not support L=16384
d1_rader: does not support L=16384
fftw1d_custom: does not support L=16384
fftw1d_custom: does not support L=16384
fftw1d_custom: does not support L=16384
fftw1d_custom: does not support L=16384
fftw1d_custom: does not support L=16384
fftw1d_custom: does not support L=16384
fftw1d_custom: does not support L=16384
fftw1d_custom: does not support L=16384
fftw1d_custom: does not support L=16384
fftw1d_custom_soa: does not support L=16384
fftw1d_custom_soa: does not support L=16384
fftw1d_custom_soa: does not support L=16384
fftw1d_custom_soa: does not support L=16384
fftw1d_custom_soa: does not support L=16384
fftw1d_custom_soa: does not support L=16384
fftw1d_custom_soa: does not support L=16384
fftw1d_custom_soa: does not support L=16384
fftw1d_custom_soa: does not support L=16384
d1_batchlane: does not support L=100003
d1_batchlane: does not support L=100003
d1_batchlane: does not support L=100003
d1_batchlane: does not support L=100003
d1_batchlane: does not support L=100003
d1_batchlane: does not support L=100003
d1_batchlane: does not support L=100003
d1_batchlane: does not support L=100003
d1_batchlane: does not support L=100003
d1_composite: does not support L=100003
d1_composite: does not support L=100003
d1_composite: does not support L=100003
d1_composite: does not support L=100003
d1_composite: does not support L=100003
d1_composite: does not support L=100003
d1_composite: does not support L=100003
d1_composite: does not support L=100003
d1_composite: does not support L=100003
d1_pow2: does not support L=100003
d1_pow2: does not support L=100003
d1_pow2: does not support L=100003
d1_pow2: does not support L=100003
d1_pow2: does not support L=100003
d1_pow2: does not support L=100003
d1_pow2: does not support L=100003
d1_pow2: does not support L=100003
d1_pow2: does not support L=100003
d1_prime: does not support L=100003
d1_prime: does not support L=100003
d1_prime: does not support L=100003
d1_prime: does not support L=100003
d1_prime: does not support L=100003
d1_prime: does not support L=100003
d1_prime: does not support L=100003
d1_prime: does not support L=100003
d1_prime: does not support L=100003
d1_rader: does not support L=100003
d1_rader: does not support L=100003
d1_rader: does not support L=100003
d1_rader: does not support L=100003
d1_rader: does not support L=100003
d1_rader: does not support L=100003
d1_rader: does not support L=100003
d1_rader: does not support L=100003
d1_rader: does not support L=100003
d1_twiddle: does not support L=100003
d1_twiddle: does not support L=100003
d1_twiddle: does not support L=100003
d1_twiddle: does not support L=100003
d1_twiddle: does not support L=100003
d1_twiddle: does not support L=100003
d1_twiddle: does not support L=100003
d1_twiddle: does not support L=100003
d1_twiddle: does not support L=100003
fftw1d_custom: does not support L=100003
fftw1d_custom: does not support L=100003
fftw1d_custom: does not support L=100003
fftw1d_custom: does not support L=100003
fftw1d_custom: does not support L=100003
fftw1d_custom: does not support L=100003
fftw1d_custom: does not support L=100003
fftw1d_custom: does not support L=100003
fftw1d_custom: does not support L=100003
fftw1d_custom_soa: does not support L=100003
fftw1d_custom_soa: does not support L=100003
fftw1d_custom_soa: does not support L=100003
fftw1d_custom_soa: does not support L=100003
fftw1d_custom_soa: does not support L=100003
fftw1d_custom_soa: does not support L=100003
fftw1d_custom_soa: does not support L=100003
fftw1d_custom_soa: does not support L=100003
fftw1d_custom_soa: does not support L=100003
d1_batchlane: does not support L=65537
d1_batchlane: does not support L=65537
d1_batchlane: does not support L=65537
d1_batchlane: does not support L=65537
d1_batchlane: does not support L=65537
d1_batchlane: does not support L=65537
d1_batchlane: does not support L=65537
d1_batchlane: does not support L=65537
d1_batchlane: does not support L=65537
d1_composite: does not support L=65537
d1_composite: does not support L=65537
d1_composite: does not support L=65537
d1_composite: does not support L=65537
d1_composite: does not support L=65537
d1_composite: does not support L=65537
d1_composite: does not support L=65537
d1_composite: does not support L=65537
d1_composite: does not support L=65537
d1_pow2: does not support L=65537
d1_pow2: does not support L=65537
d1_pow2: does not support L=65537
d1_pow2: does not support L=65537
d1_pow2: does not support L=65537
d1_pow2: does not support L=65537
d1_pow2: does not support L=65537
d1_pow2: does not support L=65537
d1_pow2: does not support L=65537
d1_prime: does not support L=65537
d1_prime: does not support L=65537
d1_prime: does not support L=65537
d1_prime: does not support L=65537
d1_prime: does not support L=65537
d1_prime: does not support L=65537
d1_prime: does not support L=65537
d1_prime: does not support L=65537
d1_prime: does not support L=65537
d1_twiddle: does not support L=65537
d1_twiddle: does not support L=65537
d1_twiddle: does not support L=65537
d1_twiddle: does not support L=65537
d1_twiddle: does not support L=65537
d1_twiddle: does not support L=65537
d1_twiddle: does not support L=65537
d1_twiddle: does not support L=65537
d1_twiddle: does not support L=65537
fftw1d_custom: does not support L=65537
fftw1d_custom: does not support L=65537
fftw1d_custom: does not support L=65537
fftw1d_custom: does not support L=65537
fftw1d_custom: does not support L=65537
fftw1d_custom: does not support L=65537
fftw1d_custom: does not support L=65537
fftw1d_custom: does not support L=65537
fftw1d_custom: does not support L=65537
fftw1d_custom_soa: does not support L=65537
fftw1d_custom_soa: does not support L=65537
fftw1d_custom_soa: does not support L=65537
fftw1d_custom_soa: does not support L=65537
fftw1d_custom_soa: does not support L=65537
fftw1d_custom_soa: does not support L=65537
fftw1d_custom_soa: does not support L=65537
fftw1d_custom_soa: does not support L=65537
fftw1d_custom_soa: does not support L=65537
d1_batchlane: does not support L=4096
d1_batchlane: does not support L=4096
d1_batchlane: does not support L=4096
d1_batchlane: does not support L=4096
d1_batchlane: does not support L=4096
d1_batchlane: does not support L=4096
d1_batchlane: does not support L=4096
d1_batchlane: does not support L=4096
d1_batchlane: does not support L=4096
d1_composite: does not support L=4096
d1_composite: does not support L=4096
d1_composite: does not support L=4096
d1_composite: does not support L=4096
d1_composite: does not support L=4096
d1_composite: does not support L=4096
d1_composite: does not support L=4096
d1_composite: does not support L=4096
d1_composite: does not support L=4096
d1_prime: does not support L=4096
d1_prime: does not support L=4096
d1_prime: does not support L=4096
d1_prime: does not support L=4096
d1_prime: does not support L=4096
d1_prime: does not support L=4096
d1_prime: does not support L=4096
d1_prime: does not support L=4096
d1_prime: does not support L=4096
d1_rader: does not support L=4096
d1_rader: does not support L=4096
d1_rader: does not support L=4096
d1_rader: does not support L=4096
d1_rader: does not support L=4096
d1_rader: does not support L=4096
d1_rader: does not support L=4096
d1_rader: does not support L=4096
d1_rader: does not support L=4096
fftw1d_custom: does not support L=4096
fftw1d_custom: does not support L=4096
fftw1d_custom: does not support L=4096
fftw1d_custom: does not support L=4096
fftw1d_custom: does not support L=4096
fftw1d_custom: does not support L=4096
fftw1d_custom: does not support L=4096
fftw1d_custom: does not support L=4096
fftw1d_custom: does not support L=4096
fftw1d_custom_soa: does not support L=4096
fftw1d_custom_soa: does not support L=4096
fftw1d_custom_soa: does not support L=4096
fftw1d_custom_soa: does not support L=4096
fftw1d_custom_soa: does not support L=4096
fftw1d_custom_soa: does not support L=4096
fftw1d_custom_soa: does not support L=4096
fftw1d_custom_soa: does not support L=4096
fftw1d_custom_soa: does not support L=4096
d1_batchlane: does not support L=10007
d1_batchlane: does not support L=10007
d1_batchlane: does not support L=10007
d1_batchlane: does not support L=10007
d1_composite: does not support L=10007
d1_composite: does not support L=10007
d1_composite: does not support L=10007
d1_composite: does not support L=10007
d1_pow2: does not support L=10007
d1_pow2: does not support L=10007
d1_pow2: does not support L=10007
d1_pow2: does not support L=10007
d1_prime: does not support L=10007
d1_prime: does not support L=10007
d1_prime: does not support L=10007
d1_prime: does not support L=10007
d1_rader: does not support L=10007
d1_rader: does not support L=10007
d1_rader: does not support L=10007
d1_rader: does not support L=10007
d1_twiddle: does not support L=10007
d1_twiddle: does not support L=10007
d1_twiddle: does not support L=10007
d1_twiddle: does not support L=10007
fftw1d_custom: does not support L=10007
fftw1d_custom: does not support L=10007
fftw1d_custom: does not support L=10007
fftw1d_custom: does not support L=10007
fftw1d_custom_soa: does not support L=10007
fftw1d_custom_soa: does not support L=10007
fftw1d_custom_soa: does not support L=10007
fftw1d_custom_soa: does not support L=10007
d1_batchlane: does not support L=100003
d1_batchlane: does not support L=100003
d1_batchlane: does not support L=100003
d1_batchlane: does not support L=100003
d1_composite: does not support L=100003
d1_composite: does not support L=100003
d1_composite: does not support L=100003
d1_composite: does not support L=100003
d1_pow2: does not support L=100003
d1_pow2: does not support L=100003
d1_pow2: does not support L=100003
d1_pow2: does not support L=100003
d1_prime: does not support L=100003
d1_prime: does not support L=100003
d1_prime: does not support L=100003
d1_prime: does not support L=100003
d1_rader: does not support L=100003
d1_rader: does not support L=100003
d1_rader: does not support L=100003
d1_rader: does not support L=100003
d1_twiddle: does not support L=100003
d1_twiddle: does not support L=100003
d1_twiddle: does not support L=100003
d1_twiddle: does not support L=100003
fftw1d_custom: does not support L=100003
fftw1d_custom: does not support L=100003
fftw1d_custom: does not support L=100003
fftw1d_custom: does not support L=100003
fftw1d_custom_soa: does not support L=100003
fftw1d_custom_soa: does not support L=100003
fftw1d_custom_soa: does not support L=100003
fftw1d_custom_soa: does not support L=100003
d1_batchlane: does not support L=1024
d1_batchlane: does not support L=1024
d1_batchlane: does not support L=1024
d1_batchlane: does not support L=1024
d1_composite: does not support L=1024
d1_composite: does not support L=1024
d1_composite: does not support L=1024
d1_composite: does not support L=1024
d1_prime: does not support L=1024
d1_prime: does not support L=1024
d1_prime: does not support L=1024
d1_prime: does not support L=1024
d1_rader: does not support L=1024
d1_rader: does not support L=1024
d1_rader: does not support L=1024
d1_rader: does not support L=1024
fftw1d_custom: does not support L=1024
fftw1d_custom: does not support L=1024
fftw1d_custom: does not support L=1024
fftw1d_custom: does not support L=1024
fftw1d_custom_soa: does not support L=1024
fftw1d_custom_soa: does not support L=1024
fftw1d_custom_soa: does not support L=1024
fftw1d_custom_soa: does not support L=1024
d1_batchlane: does not support L=10007
d1_batchlane: does not support L=10007
d1_batchlane: does not support L=10007
d1_batchlane: does not support L=10007
d1_batchlane: does not support L=10007
d1_batchlane: does not support L=10007
d1_batchlane: does not support L=10007
d1_batchlane: does not support L=10007
d1_batchlane: does not support L=10007
d1_composite: does not support L=10007
d1_composite: does not support L=10007
d1_composite: does not support L=10007
d1_composite: does not support L=10007
d1_composite: does not support L=10007
d1_composite: does not support L=10007
d1_composite: does not support L=10007
d1_composite: does not support L=10007
d1_composite: does not support L=10007
d1_pow2: does not support L=10007
d1_pow2: does not support L=10007
d1_pow2: does not support L=10007
d1_pow2: does not support L=10007
d1_pow2: does not support L=10007
d1_pow2: does not support L=10007
d1_pow2: does not support L=10007
d1_pow2: does not support L=10007
d1_pow2: does not support L=10007
d1_prime: does not support L=10007
d1_prime: does not support L=10007
d1_prime: does not support L=10007
d1_prime: does not support L=10007
d1_prime: does not support L=10007
d1_prime: does not support L=10007
d1_prime: does not support L=10007
d1_prime: does not support L=10007
d1_prime: does not support L=10007
d1_rader: does not support L=10007
d1_rader: does not support L=10007
d1_rader: does not support L=10007
d1_rader: does not support L=10007
d1_rader: does not support L=10007
d1_rader: does not support L=10007
d1_rader: does not support L=10007
d1_rader: does not support L=10007
d1_rader: does not support L=10007
d1_twiddle: does not support L=10007
d1_twiddle: does not support L=10007
d1_twiddle: does not support L=10007
d1_twiddle: does not support L=10007
d1_twiddle: does not support L=10007
d1_twiddle: does not support L=10007
d1_twiddle: does not support L=10007
d1_twiddle: does not support L=10007
d1_twiddle: does not support L=10007
fftw1d_custom: does not support L=10007
fftw1d_custom: does not support L=10007
fftw1d_custom: does not support L=10007
fftw1d_custom: does not support L=10007
fftw1d_custom: does not support L=10007
fftw1d_custom: does not support L=10007
fftw1d_custom: does not support L=10007
fftw1d_custom: does not support L=10007
fftw1d_custom: does not support L=10007
fftw1d_custom_soa: does not support L=10007
fftw1d_custom_soa: does not support L=10007
fftw1d_custom_soa: does not support L=10007
fftw1d_custom_soa: does not support L=10007
fftw1d_custom_soa: does not support L=10007
fftw1d_custom_soa: does not support L=10007
fftw1d_custom_soa: does not support L=10007
fftw1d_custom_soa: does not support L=10007
fftw1d_custom_soa: does not support L=10007
d1_batchlane: does not support L=1021
d1_batchlane: does not support L=1021
d1_batchlane: does not support L=1021
d1_batchlane: does not support L=1021
d1_composite: does not support L=1021
d1_composite: does not support L=1021
d1_composite: does not support L=1021
d1_composite: does not support L=1021
d1_pow2: does not support L=1021
d1_pow2: does not support L=1021
d1_pow2: does not support L=1021
d1_pow2: does not support L=1021
d1_prime: does not support L=1021
d1_prime: does not support L=1021
d1_prime: does not support L=1021
d1_prime: does not support L=1021
d1_twiddle: does not support L=1021
d1_twiddle: does not support L=1021
d1_twiddle: does not support L=1021
d1_twiddle: does not support L=1021
fftw1d_custom: does not support L=1021
fftw1d_custom: does not support L=1021
fftw1d_custom: does not support L=1021
fftw1d_custom: does not support L=1021
fftw1d_custom_soa: does not support L=1021
fftw1d_custom_soa: does not support L=1021
fftw1d_custom_soa: does not support L=1021
fftw1d_custom_soa: does not support L=1021
d1_batchlane: does not support L=1024
d1_batchlane: does not support L=1024
d1_batchlane: does not support L=1024
d1_batchlane: does not support L=1024
d1_batchlane: does not support L=1024
d1_batchlane: does not support L=1024
d1_batchlane: does not support L=1024
d1_batchlane: does not support L=1024
d1_batchlane: does not support L=1024
d1_composite: does not support L=1024
d1_composite: does not support L=1024
d1_composite: does not support L=1024
d1_composite: does not support L=1024
d1_composite: does not support L=1024
d1_composite: does not support L=1024
d1_composite: does not support L=1024
d1_composite: does not support L=1024
d1_composite: does not support L=1024
d1_prime: does not support L=1024
d1_prime: does not support L=1024
d1_prime: does not support L=1024
d1_prime: does not support L=1024
d1_prime: does not support L=1024
d1_prime: does not support L=1024
d1_prime: does not support L=1024
d1_prime: does not support L=1024
d1_prime: does not support L=1024
d1_rader: does not support L=1024
d1_rader: does not support L=1024
d1_rader: does not support L=1024
d1_rader: does not support L=1024
d1_rader: does not support L=1024
d1_rader: does not support L=1024
d1_rader: does not support L=1024
d1_rader: does not support L=1024
d1_rader: does not support L=1024
fftw1d_custom: does not support L=1024
fftw1d_custom: does not support L=1024
fftw1d_custom: does not support L=1024
fftw1d_custom: does not support L=1024
fftw1d_custom: does not support L=1024
fftw1d_custom: does not support L=1024
fftw1d_custom: does not support L=1024
fftw1d_custom: does not support L=1024
fftw1d_custom: does not support L=1024
fftw1d_custom_soa: does not support L=1024
fftw1d_custom_soa: does not support L=1024
fftw1d_custom_soa: does not support L=1024
fftw1d_custom_soa: does not support L=1024
fftw1d_custom_soa: does not support L=1024
fftw1d_custom_soa: does not support L=1024
fftw1d_custom_soa: does not support L=1024
fftw1d_custom_soa: does not support L=1024
fftw1d_custom_soa: does not support L=1024
d1_composite: does not support L=64
d1_composite: does not support L=64
d1_composite: does not support L=64
d1_composite: does not support L=64
d1_prime: does not support L=64
d1_prime: does not support L=64
d1_prime: does not support L=64
d1_prime: does not support L=64
d1_rader: does not support L=64
d1_rader: does not support L=64
d1_rader: does not support L=64
d1_rader: does not support L=64
d1_batchlane: does not support L=10007
d1_batchlane: does not support L=10007
d1_batchlane: does not support L=10007
d1_batchlane: does not support L=10007
d1_composite: does not support L=10007
d1_composite: does not support L=10007
d1_composite: does not support L=10007
d1_composite: does not support L=10007
d1_pow2: does not support L=10007
d1_pow2: does not support L=10007
d1_pow2: does not support L=10007
d1_pow2: does not support L=10007
d1_prime: does not support L=10007
d1_prime: does not support L=10007
d1_prime: does not support L=10007
d1_prime: does not support L=10007
d1_rader: does not support L=10007
d1_rader: does not support L=10007
d1_rader: does not support L=10007
d1_rader: does not support L=10007
d1_twiddle: does not support L=10007
d1_twiddle: does not support L=10007
d1_twiddle: does not support L=10007
d1_twiddle: does not support L=10007
fftw1d_custom: does not support L=10007
fftw1d_custom: does not support L=10007
fftw1d_custom: does not support L=10007
fftw1d_custom: does not support L=10007
fftw1d_custom_soa: does not support L=10007
fftw1d_custom_soa: does not support L=10007
fftw1d_custom_soa: does not support L=10007
fftw1d_custom_soa: does not support L=10007
d1_composite: does not support L=32
d1_composite: does not support L=32
d1_composite: does not support L=32
d1_composite: does not support L=32
d1_prime: does not support L=32
d1_prime: does not support L=32
d1_prime: does not support L=32
d1_prime: does not support L=32
d1_rader: does not support L=32
d1_rader: does not support L=32
d1_rader: does not support L=32
d1_rader: does not support L=32
d1_batchlane: does not support L=1021
d1_batchlane: does not support L=1021
d1_batchlane: does not support L=1021
d1_batchlane: does not support L=1021
d1_batchlane: does not support L=1021
d1_batchlane: does not support L=1021
d1_batchlane: does not support L=1021
d1_batchlane: does not support L=1021
d1_batchlane: does not support L=1021
d1_composite: does not support L=1021
d1_composite: does not support L=1021
d1_composite: does not support L=1021
d1_composite: does not support L=1021
d1_composite: does not support L=1021
d1_composite: does not support L=1021
d1_composite: does not support L=1021
d1_composite: does not support L=1021
d1_composite: does not support L=1021
d1_pow2: does not support L=1021
d1_pow2: does not support L=1021
d1_pow2: does not support L=1021
d1_pow2: does not support L=1021
d1_pow2: does not support L=1021
d1_pow2: does not support L=1021
d1_pow2: does not support L=1021
d1_pow2: does not support L=1021
d1_pow2: does not support L=1021
d1_prime: does not support L=1021
d1_prime: does not support L=1021
d1_prime: does not support L=1021
d1_prime: does not support L=1021
d1_prime: does not support L=1021
d1_prime: does not support L=1021
d1_prime: does not support L=1021
d1_prime: does not support L=1021
d1_prime: does not support L=1021
d1_twiddle: does not support L=1021
d1_twiddle: does not support L=1021
d1_twiddle: does not support L=1021
d1_twiddle: does not support L=1021
d1_twiddle: does not support L=1021
d1_twiddle: does not support L=1021
d1_twiddle: does not support L=1021
d1_twiddle: does not support L=1021
d1_twiddle: does not support L=1021
fftw1d_custom: does not support L=1021
fftw1d_custom: does not support L=1021
fftw1d_custom: does not support L=1021
fftw1d_custom: does not support L=1021
fftw1d_custom: does not support L=1021
fftw1d_custom: does not support L=1021
fftw1d_custom: does not support L=1021
fftw1d_custom: does not support L=1021
fftw1d_custom: does not support L=1021
fftw1d_custom_soa: does not support L=1021
fftw1d_custom_soa: does not support L=1021
fftw1d_custom_soa: does not support L=1021
fftw1d_custom_soa: does not support L=1021
fftw1d_custom_soa: does not support L=1021
fftw1d_custom_soa: does not support L=1021
fftw1d_custom_soa: does not support L=1021
fftw1d_custom_soa: does not support L=1021
fftw1d_custom_soa: does not support L=1021
d1_composite: does not support L=128
d1_composite: does not support L=128
d1_composite: does not support L=128
d1_composite: does not support L=128
d1_composite: does not support L=128
d1_composite: does not support L=128
d1_composite: does not support L=128
d1_composite: does not support L=128
d1_composite: does not support L=128
d1_prime: does not support L=128
d1_prime: does not support L=128
d1_prime: does not support L=128
d1_prime: does not support L=128
d1_prime: does not support L=128
d1_prime: does not support L=128
d1_prime: does not support L=128
d1_prime: does not support L=128
d1_prime: does not support L=128
d1_rader: does not support L=128
d1_rader: does not support L=128
d1_rader: does not support L=128
d1_rader: does not support L=128
d1_rader: does not support L=128
d1_rader: does not support L=128
d1_rader: does not support L=128
d1_rader: does not support L=128
d1_rader: does not support L=128
d1_composite: does not support L=64
d1_composite: does not support L=64
d1_composite: does not support L=64
d1_composite: does not support L=64
d1_composite: does not support L=64
d1_composite: does not support L=64
d1_composite: does not support L=64
d1_composite: does not support L=64
d1_composite: does not support L=64
d1_prime: does not support L=64
d1_prime: does not support L=64
d1_prime: does not support L=64
d1_prime: does not support L=64
d1_prime: does not support L=64
d1_prime: does not support L=64
d1_prime: does not support L=64
d1_prime: does not support L=64
d1_prime: does not support L=64
d1_rader: does not support L=64
d1_rader: does not support L=64
d1_rader: does not support L=64
d1_rader: does not support L=64
d1_rader: does not support L=64
d1_rader: does not support L=64
d1_rader: does not support L=64
d1_rader: does not support L=64
d1_rader: does not support L=64
d1_batchlane: does not support L=1024
d1_batchlane: does not support L=1024
d1_batchlane: does not support L=1024
d1_batchlane: does not support L=1024
d1_batchlane: does not support L=1024
d1_batchlane: does not support L=1024
d1_batchlane: does not support L=1024
d1_batchlane: does not support L=1024
d1_batchlane: does not support L=1024
d1_composite: does not support L=1024
d1_composite: does not support L=1024
d1_composite: does not support L=1024
d1_composite: does not support L=1024
d1_composite: does not support L=1024
d1_composite: does not support L=1024
d1_composite: does not support L=1024
d1_composite: does not support L=1024
d1_composite: does not support L=1024
d1_prime: does not support L=1024
d1_prime: does not support L=1024
d1_prime: does not support L=1024
d1_prime: does not support L=1024
d1_prime: does not support L=1024
d1_prime: does not support L=1024
d1_prime: does not support L=1024
d1_prime: does not support L=1024
d1_prime: does not support L=1024
d1_rader: does not support L=1024
d1_rader: does not support L=1024
d1_rader: does not support L=1024
d1_rader: does not support L=1024
d1_rader: does not support L=1024
d1_rader: does not support L=1024
d1_rader: does not support L=1024
d1_rader: does not support L=1024
d1_rader: does not support L=1024
fftw1d_custom: does not support L=1024
fftw1d_custom: does not support L=1024
fftw1d_custom: does not support L=1024
fftw1d_custom: does not support L=1024
fftw1d_custom: does not support L=1024
fftw1d_custom: does not support L=1024
fftw1d_custom: does not support L=1024
fftw1d_custom: does not support L=1024
fftw1d_custom: does not support L=1024
fftw1d_custom_soa: does not support L=1024
fftw1d_custom_soa: does not support L=1024
fftw1d_custom_soa: does not support L=1024
fftw1d_custom_soa: does not support L=1024
fftw1d_custom_soa: does not support L=1024
fftw1d_custom_soa: does not support L=1024
fftw1d_custom_soa: does not support L=1024
fftw1d_custom_soa: does not support L=1024
fftw1d_custom_soa: does not support L=1024
d1_composite: does not support L=31
d1_composite: does not support L=31
d1_composite: does not support L=31
d1_composite: does not support L=31
d1_composite: does not support L=31
d1_composite: does not support L=31
d1_composite: does not support L=31
d1_composite: does not support L=31
d1_composite: does not support L=31
d1_pow2: does not support L=31
d1_pow2: does not support L=31
d1_pow2: does not support L=31
d1_pow2: does not support L=31
d1_pow2: does not support L=31
d1_pow2: does not support L=31
d1_pow2: does not support L=31
d1_pow2: does not support L=31
d1_pow2: does not support L=31
d1_twiddle: does not support L=31
d1_twiddle: does not support L=31
d1_twiddle: does not support L=31
d1_twiddle: does not support L=31
d1_twiddle: does not support L=31
d1_twiddle: does not support L=31
d1_twiddle: does not support L=31
d1_twiddle: does not support L=31
d1_twiddle: does not support L=31
d1_composite: does not support L=32
d1_composite: does not support L=32
d1_composite: does not support L=32
d1_composite: does not support L=32
d1_composite: does not support L=32
d1_composite: does not support L=32
d1_composite: does not support L=32
d1_composite: does not support L=32
d1_composite: does not support L=32
d1_prime: does not support L=32
d1_prime: does not support L=32
d1_prime: does not support L=32
d1_prime: does not support L=32
d1_prime: does not support L=32
d1_prime: does not support L=32
d1_prime: does not support L=32
d1_prime: does not support L=32
d1_prime: does not support L=32
d1_rader: does not support L=32
d1_rader: does not support L=32
d1_rader: does not support L=32
d1_rader: does not support L=32
d1_rader: does not support L=32
d1_rader: does not support L=32
d1_rader: does not support L=32
d1_rader: does not support L=32
d1_rader: does not support L=32
d1_composite: does not support L=128
d1_composite: does not support L=128
d1_composite: does not support L=128
d1_composite: does not support L=128
d1_composite: does not support L=128
d1_composite: does not support L=128
d1_composite: does not support L=128
d1_composite: does not support L=128
d1_composite: does not support L=128
d1_prime: does not support L=128
d1_prime: does not support L=128
d1_prime: does not support L=128
d1_prime: does not support L=128
d1_prime: does not support L=128
d1_prime: does not support L=128
d1_prime: does not support L=128
d1_prime: does not support L=128
d1_prime: does not support L=128
d1_rader: does not support L=128
d1_rader: does not support L=128
d1_rader: does not support L=128
d1_rader: does not support L=128
d1_rader: does not support L=128
d1_rader: does not support L=128
d1_rader: does not support L=128
d1_rader: does not support L=128
d1_rader: does not support L=128
fftw1d_custom_soa: fft1d_create failed for L=128 batch=1
fftw1d_custom_soa: fft1d_create failed for L=128 batch=1
fftw1d_custom_soa: fft1d_create failed for L=128 batch=1
fftw1d_custom_soa: fft1d_create failed for L=128 batch=1
fftw1d_custom_soa: fft1d_create failed for L=128 batch=1
fftw1d_custom_soa: fft1d_create failed for L=128 batch=1
fftw1d_custom_soa: fft1d_create failed for L=128 batch=1
fftw1d_custom_soa: fft1d_create failed for L=128 batch=1
fftw1d_custom_soa: fft1d_create failed for L=128 batch=1
d1_composite: does not support L=128
d1_composite: does not support L=128
d1_composite: does not support L=128
d1_composite: does not support L=128
d1_prime: does not support L=128
d1_prime: does not support L=128
d1_prime: does not support L=128
d1_prime: does not support L=128
d1_rader: does not support L=128
d1_rader: does not support L=128
d1_rader: does not support L=128
d1_rader: does not support L=128
d1_composite: does not support L=13
d1_composite: does not support L=13
d1_composite: does not support L=13
d1_composite: does not support L=13
d1_composite: does not support L=13
d1_composite: does not support L=13
d1_composite: does not support L=13
d1_composite: does not support L=13
d1_composite: does not support L=13
d1_pow2: does not support L=13
d1_pow2: does not support L=13
d1_pow2: does not support L=13
d1_pow2: does not support L=13
d1_pow2: does not support L=13
d1_pow2: does not support L=13
d1_pow2: does not support L=13
d1_pow2: does not support L=13
d1_pow2: does not support L=13
d1_twiddle: does not support L=13
d1_twiddle: does not support L=13
d1_twiddle: does not support L=13
d1_twiddle: does not support L=13
d1_twiddle: does not support L=13
d1_twiddle: does not support L=13
d1_twiddle: does not support L=13
d1_twiddle: does not support L=13
d1_twiddle: does not support L=13
fftw1d_custom_soa: fft1d_create failed for L=13 batch=1
fftw1d_custom_soa: fft1d_create failed for L=13 batch=1
fftw1d_custom_soa: fft1d_create failed for L=13 batch=1
fftw1d_custom_soa: fft1d_create failed for L=13 batch=1
fftw1d_custom_soa: fft1d_create failed for L=13 batch=1
fftw1d_custom_soa: fft1d_create failed for L=13 batch=1
fftw1d_custom_soa: fft1d_create failed for L=13 batch=1
fftw1d_custom_soa: fft1d_create failed for L=13 batch=1
fftw1d_custom_soa: fft1d_create failed for L=13 batch=1
d1_composite: does not support L=32
d1_composite: does not support L=32
d1_composite: does not support L=32
d1_composite: does not support L=32
d1_composite: does not support L=32
d1_composite: does not support L=32
d1_composite: does not support L=32
d1_composite: does not support L=32
d1_composite: does not support L=32
d1_prime: does not support L=32
d1_prime: does not support L=32
d1_prime: does not support L=32
d1_prime: does not support L=32
d1_prime: does not support L=32
d1_prime: does not support L=32
d1_prime: does not support L=32
d1_prime: does not support L=32
d1_prime: does not support L=32
d1_rader: does not support L=32
d1_rader: does not support L=32
d1_rader: does not support L=32
d1_rader: does not support L=32
d1_rader: does not support L=32
d1_rader: does not support L=32
d1_rader: does not support L=32
d1_rader: does not support L=32
d1_rader: does not support L=32
fftw1d_custom_soa: fft1d_create failed for L=32 batch=1
fftw1d_custom_soa: fft1d_create failed for L=32 batch=1
fftw1d_custom_soa: fft1d_create failed for L=32 batch=1
fftw1d_custom_soa: fft1d_create failed for L=32 batch=1
fftw1d_custom_soa: fft1d_create failed for L=32 batch=1
fftw1d_custom_soa: fft1d_create failed for L=32 batch=1
fftw1d_custom_soa: fft1d_create failed for L=32 batch=1
fftw1d_custom_soa: fft1d_create failed for L=32 batch=1
fftw1d_custom_soa: fft1d_create failed for L=32 batch=1
d1_composite: does not support L=31
d1_composite: does not support L=31
d1_composite: does not support L=31
d1_composite: does not support L=31
d1_pow2: does not support L=31
d1_pow2: does not support L=31
d1_pow2: does not support L=31
d1_pow2: does not support L=31
d1_twiddle: does not support L=31
d1_twiddle: does not support L=31
d1_twiddle: does not support L=31
d1_twiddle: does not support L=31
fftw1d_custom_soa: fft1d_create failed for L=31 batch=1
fftw1d_custom_soa: fft1d_create failed for L=31 batch=1
fftw1d_custom_soa: fft1d_create failed for L=31 batch=1
fftw1d_custom_soa: fft1d_create failed for L=31 batch=1
d1_batchlane: does not support L=4096
d1_batchlane: does not support L=4096
d1_batchlane: does not support L=4096
d1_batchlane: does not support L=4096
d1_composite: does not support L=4096
d1_composite: does not support L=4096
d1_composite: does not support L=4096
d1_composite: does not support L=4096
d1_prime: does not support L=4096
d1_prime: does not support L=4096
d1_prime: does not support L=4096
d1_prime: does not support L=4096
d1_rader: does not support L=4096
d1_rader: does not support L=4096
d1_rader: does not support L=4096
d1_rader: does not support L=4096
fftw1d_custom: does not support L=4096
fftw1d_custom: does not support L=4096
fftw1d_custom: does not support L=4096
fftw1d_custom: does not support L=4096
fftw1d_custom_soa: does not support L=4096
fftw1d_custom_soa: does not support L=4096
fftw1d_custom_soa: does not support L=4096
fftw1d_custom_soa: does not support L=4096
d1_composite: does not support L=13
d1_composite: does not support L=13
d1_composite: does not support L=13
d1_composite: does not support L=13
d1_pow2: does not support L=13
d1_pow2: does not support L=13
d1_pow2: does not support L=13
d1_pow2: does not support L=13
d1_twiddle: does not support L=13
d1_twiddle: does not support L=13
d1_twiddle: does not support L=13
d1_twiddle: does not support L=13
fftw1d_custom_soa: fft1d_create failed for L=13 batch=1
fftw1d_custom_soa: fft1d_create failed for L=13 batch=1
fftw1d_custom_soa: fft1d_create failed for L=13 batch=1
fftw1d_custom_soa: fft1d_create failed for L=13 batch=1
