host: p55n3
Intel(R) Xeon(R) Gold 5218 CPU @ 2.30GHz
isa: avx2 avx512_vnni avx512bw avx512cd avx512dq avx512f avx512vl fma 
L2: 32 MiB (32 instances)   L3: 44 MiB (2 instances)
== building on this node with -march=native (AVX-512 available) ==
-- L=17 B=1 --
L17_rader                L=17  B=1     inner=1292     min=    21.230 us  median=    21.239 us  sd=  0.65%     14.19 GF/s  setup=0.000 s
      PASS rel_l2=4.085e-16 rel_max=4.353e-16 (tol 1e-12) L=17 B=1
mkl_dfti                 L=17  B=1     inner=276      min=    98.762 us  median=    98.823 us  sd=  0.16%      3.05 GF/s  setup=0.089 s
      PASS rel_l2=3.156e-16 rel_max=3.510e-16 (tol 1e-12) L=17 B=1
-- L=17 B=8 --
L17_rader                L=17  B=8     inner=118      min=   177.689 us  median=   177.983 us  sd=  1.85%     13.56 GF/s  setup=0.000 s
      PASS rel_l2=4.083e-16 rel_max=5.213e-16 (tol 1e-12) L=17 B=8
mkl_dfti                 L=17  B=8     inner=48       min=   800.945 us  median=   802.931 us  sd=  2.95%      3.01 GF/s  setup=0.053 s
      PASS rel_l2=3.103e-16 rel_max=3.521e-16 (tol 1e-12) L=17 B=8
-- L=17 B=256 --
L17_rader                L=17  B=256   inner=4        min=  6725.866 us  median=  6741.490 us  sd=  0.23%     11.47 GF/s  setup=0.000 s
      PASS rel_l2=4.074e-16 rel_max=4.563e-16 (tol 1e-12) L=17 B=256
mkl_dfti                 L=17  B=256   inner=1        min= 27017.611 us  median= 27051.427 us  sd=  0.14%      2.85 GF/s  setup=0.040 s
      PASS rel_l2=3.126e-16 rel_max=3.741e-16 (tol 1e-12) L=17 B=256
== probe of L17_rader complete ==
