baseline_matrix          L=10  B=64    m=1000  inner=1      min=    54.687 us/xform  median=    54.687  sd=  0.00%      0.91 GF/s  setup=0.000 s
baseline_matrix          L=10  B=64    m=1000  inner=1      min=    54.687 us/xform  median=    54.688  sd=  0.00%      0.91 GF/s  setup=0.000 s
baseline_matrix          L=10  B=64    m=1000  inner=1      min=    54.687 us/xform  median=    54.688  sd=  0.00%      0.91 GF/s  setup=0.000 s
baseline_matrix          L=10  B=64    m=2     inner=1      min=    66.462 us/xform  median=    66.462  sd=  0.00%      0.75 GF/s  setup=0.000 s
ducc0_c2c                L=10  B=64    m=1000  inner=1      min=     9.675 us/xform  median=     9.683  sd=  0.05%      5.15 GF/s  setup=0.000 s
ducc0_c2c                L=10  B=64    m=1000  inner=1      min=     9.933 us/xform  median=     9.942  sd=  0.05%      5.02 GF/s  setup=0.000 s
ducc0_c2c                L=10  B=64    m=1000  inner=1      min=    10.005 us/xform  median=    10.008  sd=  0.03%      4.98 GF/s  setup=0.000 s
ducc0_c2c                L=10  B=64    m=2     inner=1      min=    12.062 us/xform  median=    12.062  sd=  0.00%      4.13 GF/s  setup=0.000 s
fftw3_estimate           L=10  B=64    m=1000  inner=1      min=     7.328 us/xform  median=     7.328  sd=  0.01%      6.80 GF/s  setup=0.001 s
fftw3_estimate           L=10  B=64    m=1000  inner=1      min=     7.316 us/xform  median=     7.316  sd=  0.01%      6.81 GF/s  setup=0.001 s
fftw3_estimate           L=10  B=64    m=1000  inner=1      min=     7.339 us/xform  median=     7.339  sd=  0.01%      6.79 GF/s  setup=0.001 s
fftw3_estimate           L=10  B=64    m=2     inner=1      min=     8.849 us/xform  median=     8.849  sd=  0.00%      5.63 GF/s  setup=0.001 s
fftw3_guru               L=10  B=64    m=1000  inner=1      min=     6.373 us/xform  median=     6.373  sd=  0.01%      7.82 GF/s  setup=0.010 s
fftw3_guru               L=10  B=64    m=1000  inner=1      min=     6.367 us/xform  median=     6.367  sd=  0.01%      7.83 GF/s  setup=0.011 s
fftw3_guru               L=10  B=64    m=1000  inner=1      min=     6.366 us/xform  median=     6.366  sd=  0.01%      7.83 GF/s  setup=0.011 s
fftw3_guru               L=10  B=64    m=2     inner=1      min=     8.879 us/xform  median=     8.879  sd=  0.00%      5.61 GF/s  setup=0.010 s
fftw3_measure            L=10  B=64    m=1000  inner=1      min=     5.219 us/xform  median=     5.219  sd=  0.01%      9.55 GF/s  setup=0.013 s
fftw3_measure            L=10  B=64    m=1000  inner=1      min=     5.136 us/xform  median=     5.147  sd=  0.14%      9.70 GF/s  setup=0.013 s
fftw3_measure            L=10  B=64    m=1000  inner=1      min=     5.192 us/xform  median=     5.198  sd=  0.13%      9.60 GF/s  setup=0.013 s
fftw3_measure            L=10  B=64    m=2     inner=2      min=     6.506 us/xform  median=     6.506  sd=  0.00%      7.66 GF/s  setup=0.013 s
fftw3_patient            L=10  B=64    m=1000  inner=1      min=     5.185 us/xform  median=     5.185  sd=  0.01%      9.61 GF/s  setup=0.022 s
fftw3_patient            L=10  B=64    m=1000  inner=1      min=     5.201 us/xform  median=     5.201  sd=  0.00%      9.58 GF/s  setup=0.022 s
fftw3_patient            L=10  B=64    m=1000  inner=1      min=     5.212 us/xform  median=     5.213  sd=  0.01%      9.56 GF/s  setup=0.021 s
fftw3_patient            L=10  B=64    m=2     inner=2      min=     5.829 us/xform  median=     5.829  sd=  0.00%      8.55 GF/s  setup=0.022 s
gen_batchlane            L=10  B=64    m=1000  inner=1      min=     1.155 us/xform  median=     1.316  sd=  5.85%     43.13 GF/s  setup=0.000 s
gen_batchlane            L=10  B=64    m=1000  inner=1      min=     1.317 us/xform  median=     1.317  sd=  0.02%     37.84 GF/s  setup=0.000 s
gen_batchlane            L=10  B=64    m=1000  inner=1      min=     1.156 us/xform  median=     1.156  sd=  0.02%     43.12 GF/s  setup=0.001 s
gen_batchlane            L=10  B=64    m=2     inner=6      min=     2.274 us/xform  median=     2.274  sd=  0.00%     21.91 GF/s  setup=0.000 s
gen_bluestein            L=10  B=64    m=1000  inner=1      min=    13.421 us/xform  median=    13.426  sd=  0.02%      3.71 GF/s  setup=0.000 s
gen_bluestein            L=10  B=64    m=1000  inner=1      min=    13.484 us/xform  median=    13.487  sd=  0.02%      3.70 GF/s  setup=0.000 s
gen_bluestein            L=10  B=64    m=1000  inner=1      min=    13.410 us/xform  median=    13.414  sd=  0.02%      3.72 GF/s  setup=0.000 s
gen_bluestein            L=10  B=64    m=2     inner=1      min=    14.546 us/xform  median=    14.546  sd=  0.00%      3.43 GF/s  setup=0.000 s
gen_dense_prime          L=10  B=64    m=1000  inner=1      min=     5.462 us/xform  median=     5.463  sd=  0.06%      9.12 GF/s  setup=0.000 s
gen_dense_prime          L=10  B=64    m=1000  inner=1      min=     5.431 us/xform  median=     5.432  sd=  0.01%      9.18 GF/s  setup=0.000 s
gen_dense_prime          L=10  B=64    m=1000  inner=1      min=     5.591 us/xform  median=     5.593  sd=  0.02%      8.91 GF/s  setup=0.000 s
gen_dense_prime          L=10  B=64    m=2     inner=2      min=     7.299 us/xform  median=     7.299  sd=  0.00%      6.83 GF/s  setup=0.000 s
gen_layout               L=10  B=64    m=1000  inner=1      min=     5.200 us/xform  median=     5.202  sd=  0.02%      9.58 GF/s  setup=0.000 s
gen_layout               L=10  B=64    m=1000  inner=1      min=     5.266 us/xform  median=     5.268  sd=  0.03%      9.46 GF/s  setup=0.000 s
gen_layout               L=10  B=64    m=1000  inner=1      min=     5.259 us/xform  median=     5.260  sd=  0.02%      9.47 GF/s  setup=0.000 s
gen_layout               L=10  B=64    m=2     inner=2      min=     5.736 us/xform  median=     5.736  sd=  0.00%      8.69 GF/s  setup=0.000 s
gen_pfa_small            L=10  B=64    m=1000  inner=1      min=     1.156 us/xform  median=     1.157  sd=  0.22%     43.10 GF/s  setup=0.000 s
gen_pfa_small            L=10  B=64    m=1000  inner=1      min=     1.156 us/xform  median=     1.157  sd=  0.06%     43.10 GF/s  setup=0.000 s
gen_pfa_small            L=10  B=64    m=1000  inner=1      min=     1.156 us/xform  median=     1.157  sd=  0.05%     43.10 GF/s  setup=0.000 s
gen_pfa_small            L=10  B=64    m=2     inner=6      min=     2.149 us/xform  median=     2.149  sd=  0.00%     23.18 GF/s  setup=0.000 s
gen_planner              L=10  B=64    m=1000  inner=1      min=     1.429 us/xform  median=     1.434  sd=  0.22%     34.87 GF/s  setup=0.005 s
gen_planner              L=10  B=64    m=1000  inner=1      min=     1.418 us/xform  median=     1.614  sd=  5.15%     35.14 GF/s  setup=0.004 s
gen_planner              L=10  B=64    m=1000  inner=1      min=     1.422 us/xform  median=     1.427  sd=  0.13%     35.04 GF/s  setup=0.003 s
gen_planner              L=10  B=64    m=2     inner=2      min=     4.872 us/xform  median=     4.872  sd=  0.00%     10.23 GF/s  setup=0.003 s
gen_race                 L=10  B=64    m=1000  inner=1      min=     1.424 us/xform  median=     1.428  sd=  0.11%     34.98 GF/s  setup=0.046 s
gen_race                 L=10  B=64    m=1000  inner=1      min=     1.620 us/xform  median=     1.622  sd=  0.07%     30.75 GF/s  setup=0.012 s
gen_race                 L=10  B=64    m=1000  inner=1      min=     1.433 us/xform  median=     1.609  sd=  3.18%     34.76 GF/s  setup=0.008 s
gen_race                 L=10  B=64    m=2     inner=2      min=     4.580 us/xform  median=     4.580  sd=  0.00%     10.88 GF/s  setup=0.003 s
gen_twiddle              L=10  B=64    m=1000  inner=1      min=     6.309 us/xform  median=     6.311  sd=  0.01%      7.90 GF/s  setup=0.003 s
gen_twiddle              L=10  B=64    m=1000  inner=1      min=     6.291 us/xform  median=     6.293  sd=  0.01%      7.92 GF/s  setup=0.003 s
gen_twiddle              L=10  B=64    m=1000  inner=1      min=     6.249 us/xform  median=     6.250  sd=  0.01%      7.97 GF/s  setup=0.002 s
gen_twiddle              L=10  B=64    m=2     inner=1      min=     7.822 us/xform  median=     7.822  sd=  0.00%      6.37 GF/s  setup=0.003 s
mkl2026_dfti             L=10  B=64    m=1000  inner=1      min=     4.653 us/xform  median=     4.654  sd=  0.01%     10.71 GF/s  setup=0.002 s
mkl2026_dfti             L=10  B=64    m=1000  inner=1      min=     4.652 us/xform  median=     4.653  sd=  0.01%     10.71 GF/s  setup=0.001 s
mkl2026_dfti             L=10  B=64    m=1000  inner=1      min=     4.646 us/xform  median=     4.646  sd=  0.01%     10.73 GF/s  setup=0.002 s
mkl2026_dfti             L=10  B=64    m=2     inner=2      min=     5.417 us/xform  median=     5.417  sd=  0.00%      9.20 GF/s  setup=0.001 s
mkl_dfti                 L=10  B=64    m=1000  inner=1      min=     4.571 us/xform  median=     4.572  sd=  0.03%     10.90 GF/s  setup=0.002 s
mkl_dfti                 L=10  B=64    m=1000  inner=1      min=     4.580 us/xform  median=     4.581  sd=  0.02%     10.88 GF/s  setup=0.002 s
mkl_dfti                 L=10  B=64    m=1000  inner=1      min=     4.569 us/xform  median=     4.571  sd=  0.02%     10.90 GF/s  setup=0.002 s
mkl_dfti                 L=10  B=64    m=2     inner=2      min=     5.696 us/xform  median=     5.696  sd=  0.00%      8.75 GF/s  setup=0.002 s
baseline_matrix          L=12  B=64    m=600   inner=1      min=   112.181 us/xform  median=   112.183  sd=  0.00%      0.83 GF/s  setup=0.000 s
baseline_matrix          L=12  B=64    m=600   inner=1      min=   112.157 us/xform  median=   112.158  sd=  0.00%      0.83 GF/s  setup=0.000 s
baseline_matrix          L=12  B=64    m=600   inner=1      min=   112.155 us/xform  median=   112.158  sd=  0.00%      0.83 GF/s  setup=0.000 s
baseline_matrix          L=12  B=64    m=2     inner=1      min=   138.654 us/xform  median=   138.654  sd=  0.00%      0.67 GF/s  setup=0.000 s
ducc0_c2c                L=12  B=64    m=600   inner=1      min=    16.040 us/xform  median=    16.047  sd=  0.07%      5.79 GF/s  setup=0.000 s
ducc0_c2c                L=12  B=64    m=600   inner=1      min=    16.125 us/xform  median=    16.132  sd=  0.07%      5.76 GF/s  setup=0.000 s
ducc0_c2c                L=12  B=64    m=600   inner=1      min=    16.137 us/xform  median=    16.147  sd=  0.06%      5.76 GF/s  setup=0.000 s
ducc0_c2c                L=12  B=64    m=2     inner=1      min=    21.059 us/xform  median=    21.059  sd=  0.00%      4.41 GF/s  setup=0.000 s
fftw3_estimate           L=12  B=64    m=600   inner=1      min=    19.298 us/xform  median=    19.299  sd=  0.00%      4.82 GF/s  setup=0.001 s
fftw3_estimate           L=12  B=64    m=600   inner=1      min=    19.295 us/xform  median=    19.297  sd=  0.00%      4.82 GF/s  setup=0.001 s
fftw3_estimate           L=12  B=64    m=600   inner=1      min=    19.307 us/xform  median=    19.309  sd=  0.00%      4.81 GF/s  setup=0.001 s
fftw3_estimate           L=12  B=64    m=2     inner=1      min=    23.751 us/xform  median=    23.751  sd=  0.00%      3.91 GF/s  setup=0.001 s
fftw3_guru               L=12  B=64    m=600   inner=1      min=    10.326 us/xform  median=    10.327  sd=  0.01%      9.00 GF/s  setup=0.010 s
fftw3_guru               L=12  B=64    m=600   inner=1      min=    10.219 us/xform  median=    10.220  sd=  0.01%      9.09 GF/s  setup=0.010 s
fftw3_guru               L=12  B=64    m=600   inner=1      min=    10.319 us/xform  median=    10.322  sd=  0.01%      9.01 GF/s  setup=0.010 s
fftw3_guru               L=12  B=64    m=2     inner=1      min=    14.190 us/xform  median=    14.190  sd=  0.00%      6.55 GF/s  setup=0.011 s
fftw3_measure            L=12  B=64    m=600   inner=1      min=     8.591 us/xform  median=     8.624  sd=  0.16%     10.82 GF/s  setup=0.014 s
fftw3_measure            L=12  B=64    m=600   inner=1      min=     8.674 us/xform  median=     8.676  sd=  0.02%     10.71 GF/s  setup=0.014 s
fftw3_measure            L=12  B=64    m=600   inner=1      min=     8.634 us/xform  median=     8.636  sd=  0.01%     10.76 GF/s  setup=0.014 s
fftw3_measure            L=12  B=64    m=2     inner=1      min=    12.263 us/xform  median=    12.263  sd=  0.00%      7.58 GF/s  setup=0.014 s
fftw3_patient            L=12  B=64    m=600   inner=1      min=     8.517 us/xform  median=     8.537  sd=  0.13%     10.91 GF/s  setup=0.023 s
fftw3_patient            L=12  B=64    m=600   inner=1      min=     8.545 us/xform  median=     8.563  sd=  0.12%     10.87 GF/s  setup=0.024 s
fftw3_patient            L=12  B=64    m=600   inner=1      min=     8.735 us/xform  median=     8.763  sd=  0.14%     10.64 GF/s  setup=0.024 s
fftw3_patient            L=12  B=64    m=2     inner=1      min=    12.509 us/xform  median=    12.509  sd=  0.00%      7.43 GF/s  setup=0.023 s
gen_batchlane            L=12  B=64    m=600   inner=1      min=     1.914 us/xform  median=     2.178  sd=  6.40%     48.56 GF/s  setup=0.000 s
gen_batchlane            L=12  B=64    m=600   inner=1      min=     1.911 us/xform  median=     1.913  sd=  0.03%     48.62 GF/s  setup=0.000 s
gen_batchlane            L=12  B=64    m=600   inner=1      min=     1.913 us/xform  median=     1.915  sd=  0.05%     48.57 GF/s  setup=0.000 s
gen_batchlane            L=12  B=64    m=2     inner=4      min=     3.812 us/xform  median=     3.812  sd=  0.00%     24.37 GF/s  setup=0.000 s
gen_bluestein            L=12  B=64    m=600   inner=1      min=    19.622 us/xform  median=    19.627  sd=  0.01%      4.74 GF/s  setup=0.000 s
gen_bluestein            L=12  B=64    m=600   inner=1      min=    19.390 us/xform  median=    19.391  sd=  0.01%      4.79 GF/s  setup=0.000 s
gen_bluestein            L=12  B=64    m=600   inner=1      min=    19.454 us/xform  median=    19.458  sd=  0.01%      4.78 GF/s  setup=0.000 s
gen_bluestein            L=12  B=64    m=2     inner=1      min=    22.164 us/xform  median=    22.164  sd=  0.00%      4.19 GF/s  setup=0.000 s
gen_dense_prime          L=12  B=64    m=600   inner=1      min=     7.961 us/xform  median=     7.962  sd=  0.06%     11.67 GF/s  setup=0.000 s
gen_dense_prime          L=12  B=64    m=600   inner=1      min=     7.958 us/xform  median=     7.959  sd=  0.01%     11.68 GF/s  setup=0.000 s
gen_dense_prime          L=12  B=64    m=600   inner=1      min=     8.301 us/xform  median=     8.303  sd=  0.02%     11.19 GF/s  setup=0.000 s
gen_dense_prime          L=12  B=64    m=2     inner=1      min=    10.775 us/xform  median=    10.775  sd=  0.00%      8.62 GF/s  setup=0.000 s
gen_layout               L=12  B=64    m=600   inner=1      min=     8.244 us/xform  median=     8.248  sd=  0.03%     11.27 GF/s  setup=0.000 s
gen_layout               L=12  B=64    m=600   inner=1      min=     8.277 us/xform  median=     8.282  sd=  0.04%     11.23 GF/s  setup=0.000 s
gen_layout               L=12  B=64    m=600   inner=1      min=     8.297 us/xform  median=     8.302  sd=  0.03%     11.20 GF/s  setup=0.000 s
gen_layout               L=12  B=64    m=2     inner=1      min=     9.412 us/xform  median=     9.412  sd=  0.00%      9.87 GF/s  setup=0.000 s
gen_pfa_small            L=12  B=64    m=600   inner=1      min=     1.917 us/xform  median=     1.918  sd=  0.24%     48.47 GF/s  setup=0.000 s
gen_pfa_small            L=12  B=64    m=600   inner=1      min=     1.917 us/xform  median=     1.918  sd=  0.03%     48.48 GF/s  setup=0.000 s
gen_pfa_small            L=12  B=64    m=600   inner=1      min=     1.918 us/xform  median=     1.919  sd=  0.03%     48.44 GF/s  setup=0.000 s
gen_pfa_small            L=12  B=64    m=2     inner=4      min=     3.543 us/xform  median=     3.543  sd=  0.00%     26.23 GF/s  setup=0.000 s
gen_planner              L=12  B=64    m=600   inner=1      min=     2.545 us/xform  median=     2.553  sd=  0.13%     36.51 GF/s  setup=0.006 s
gen_planner              L=12  B=64    m=600   inner=1      min=     2.494 us/xform  median=     2.495  sd=  0.04%     37.26 GF/s  setup=0.003 s
gen_planner              L=12  B=64    m=600   inner=1      min=     2.467 us/xform  median=     2.468  sd=  0.05%     37.67 GF/s  setup=0.003 s
gen_planner              L=12  B=64    m=2     inner=1      min=     8.488 us/xform  median=     8.488  sd=  0.00%     10.95 GF/s  setup=0.003 s
gen_race                 L=12  B=64    m=600   inner=1      min=     2.519 us/xform  median=     2.523  sd=  6.33%     36.89 GF/s  setup=0.056 s
gen_race                 L=12  B=64    m=600   inner=1      min=     2.596 us/xform  median=     2.825  sd=  2.36%     35.80 GF/s  setup=0.012 s
gen_race                 L=12  B=64    m=600   inner=1      min=     2.471 us/xform  median=     2.472  sd=  0.02%     37.61 GF/s  setup=0.006 s
gen_race                 L=12  B=64    m=2     inner=1      min=     7.991 us/xform  median=     7.991  sd=  0.00%     11.63 GF/s  setup=0.003 s
gen_twiddle              L=12  B=64    m=600   inner=1      min=     8.714 us/xform  median=     8.718  sd=  0.07%     10.66 GF/s  setup=0.003 s
gen_twiddle              L=12  B=64    m=600   inner=1      min=     8.757 us/xform  median=     8.759  sd=  0.02%     10.61 GF/s  setup=0.003 s
gen_twiddle              L=12  B=64    m=600   inner=1      min=     9.254 us/xform  median=     9.257  sd=  0.02%     10.04 GF/s  setup=0.002 s
gen_twiddle              L=12  B=64    m=2     inner=1      min=    11.421 us/xform  median=    11.421  sd=  0.00%      8.14 GF/s  setup=0.003 s
mkl2026_dfti             L=12  B=64    m=600   inner=1      min=     7.834 us/xform  median=     7.835  sd=  0.01%     11.86 GF/s  setup=0.002 s
mkl2026_dfti             L=12  B=64    m=600   inner=1      min=     7.792 us/xform  median=     7.793  sd=  0.01%     11.93 GF/s  setup=0.002 s
mkl2026_dfti             L=12  B=64    m=600   inner=1      min=     7.794 us/xform  median=     7.795  sd=  0.01%     11.92 GF/s  setup=0.001 s
mkl2026_dfti             L=12  B=64    m=2     inner=1      min=    10.971 us/xform  median=    10.971  sd=  0.00%      8.47 GF/s  setup=0.002 s
mkl_dfti                 L=12  B=64    m=600   inner=1      min=     7.768 us/xform  median=     7.768  sd=  0.01%     11.96 GF/s  setup=0.002 s
mkl_dfti                 L=12  B=64    m=600   inner=1      min=     7.773 us/xform  median=     7.773  sd=  0.01%     11.96 GF/s  setup=0.001 s
mkl_dfti                 L=12  B=64    m=600   inner=1      min=     7.765 us/xform  median=     7.766  sd=  0.01%     11.97 GF/s  setup=0.002 s
mkl_dfti                 L=12  B=64    m=2     inner=1      min=    10.932 us/xform  median=    10.932  sd=  0.00%      8.50 GF/s  setup=0.002 s
baseline_matrix          L=15  B=32    m=600   inner=1      min=   272.394 us/xform  median=   272.399  sd=  0.00%      0.73 GF/s  setup=0.000 s
baseline_matrix          L=15  B=32    m=600   inner=1      min=   272.442 us/xform  median=   272.446  sd=  0.00%      0.73 GF/s  setup=0.000 s
baseline_matrix          L=15  B=32    m=600   inner=1      min=   272.298 us/xform  median=   272.453  sd=  0.02%      0.73 GF/s  setup=0.000 s
baseline_matrix          L=15  B=32    m=2     inner=1      min=   333.233 us/xform  median=   333.233  sd=  0.00%      0.59 GF/s  setup=0.000 s
ducc0_c2c                L=15  B=32    m=600   inner=1      min=    32.427 us/xform  median=    32.479  sd=  0.08%      6.10 GF/s  setup=0.000 s
ducc0_c2c                L=15  B=32    m=600   inner=1      min=    32.872 us/xform  median=    32.884  sd=  0.06%      6.02 GF/s  setup=0.000 s
ducc0_c2c                L=15  B=32    m=600   inner=1      min=    33.066 us/xform  median=    33.093  sd=  0.07%      5.98 GF/s  setup=0.000 s
ducc0_c2c                L=15  B=32    m=2     inner=1      min=    40.618 us/xform  median=    40.618  sd=  0.00%      4.87 GF/s  setup=0.000 s
fftw3_estimate           L=15  B=32    m=600   inner=1      min=    20.879 us/xform  median=    20.892  sd=  0.03%      9.47 GF/s  setup=0.001 s
fftw3_estimate           L=15  B=32    m=600   inner=1      min=    21.017 us/xform  median=    21.021  sd=  0.01%      9.41 GF/s  setup=0.001 s
fftw3_estimate           L=15  B=32    m=600   inner=1      min=    20.713 us/xform  median=    20.716  sd=  0.02%      9.55 GF/s  setup=0.001 s
fftw3_estimate           L=15  B=32    m=2     inner=1      min=    28.525 us/xform  median=    28.525  sd=  0.00%      6.93 GF/s  setup=0.001 s
fftw3_guru               L=15  B=32    m=600   inner=1      min=    26.182 us/xform  median=    26.186  sd=  0.01%      7.55 GF/s  setup=0.010 s
fftw3_guru               L=15  B=32    m=600   inner=1      min=    26.369 us/xform  median=    26.399  sd=  0.05%      7.50 GF/s  setup=0.010 s
fftw3_guru               L=15  B=32    m=600   inner=1      min=    26.395 us/xform  median=    26.399  sd=  0.01%      7.49 GF/s  setup=0.010 s
fftw3_guru               L=15  B=32    m=2     inner=1      min=    36.163 us/xform  median=    36.163  sd=  0.00%      5.47 GF/s  setup=0.011 s
fftw3_measure            L=15  B=32    m=600   inner=1      min=    20.254 us/xform  median=    20.256  sd=  0.01%      9.77 GF/s  setup=0.010 s
fftw3_measure            L=15  B=32    m=600   inner=1      min=    20.177 us/xform  median=    20.179  sd=  0.00%      9.80 GF/s  setup=0.011 s
fftw3_measure            L=15  B=32    m=600   inner=1      min=    19.929 us/xform  median=    19.932  sd=  0.01%      9.92 GF/s  setup=0.011 s
fftw3_measure            L=15  B=32    m=2     inner=1      min=    23.670 us/xform  median=    23.670  sd=  0.00%      8.36 GF/s  setup=0.010 s
fftw3_patient            L=15  B=32    m=600   inner=1      min=    19.689 us/xform  median=    19.691  sd=  0.01%     10.05 GF/s  setup=0.019 s
fftw3_patient            L=15  B=32    m=600   inner=1      min=    19.678 us/xform  median=    19.680  sd=  0.01%     10.05 GF/s  setup=0.019 s
fftw3_patient            L=15  B=32    m=600   inner=1      min=    19.693 us/xform  median=    19.695  sd=  0.01%     10.04 GF/s  setup=0.019 s
fftw3_patient            L=15  B=32    m=2     inner=1      min=    27.687 us/xform  median=    27.687  sd=  0.00%      7.14 GF/s  setup=0.020 s
gen_batchlane            L=15  B=32    m=600   inner=1      min=     4.419 us/xform  median=     4.428  sd=  6.20%     44.76 GF/s  setup=0.000 s
gen_batchlane            L=15  B=32    m=600   inner=1      min=     4.412 us/xform  median=     4.416  sd=  0.07%     44.83 GF/s  setup=0.000 s
gen_batchlane            L=15  B=32    m=600   inner=1      min=     4.418 us/xform  median=     4.423  sd=  0.06%     44.77 GF/s  setup=0.000 s
gen_batchlane            L=15  B=32    m=2     inner=2      min=     9.567 us/xform  median=     9.567  sd=  0.00%     20.67 GF/s  setup=0.000 s
gen_bluestein            L=15  B=32    m=600   inner=1      min=    34.116 us/xform  median=    34.120  sd=  0.01%      5.80 GF/s  setup=0.000 s
gen_bluestein            L=15  B=32    m=600   inner=1      min=    34.233 us/xform  median=    34.239  sd=  0.03%      5.78 GF/s  setup=0.000 s
gen_bluestein            L=15  B=32    m=600   inner=1      min=    34.064 us/xform  median=    34.079  sd=  0.02%      5.81 GF/s  setup=0.000 s
gen_bluestein            L=15  B=32    m=2     inner=1      min=    39.212 us/xform  median=    39.212  sd=  0.00%      5.04 GF/s  setup=0.000 s
gen_dense_prime          L=15  B=32    m=600   inner=1      min=    14.846 us/xform  median=    14.854  sd=  0.03%     13.32 GF/s  setup=0.000 s
gen_dense_prime          L=15  B=32    m=600   inner=1      min=    15.921 us/xform  median=    15.926  sd=  0.01%     12.42 GF/s  setup=0.000 s
gen_dense_prime          L=15  B=32    m=600   inner=1      min=    14.914 us/xform  median=    14.918  sd=  0.02%     13.26 GF/s  setup=0.000 s
gen_dense_prime          L=15  B=32    m=2     inner=1      min=    21.224 us/xform  median=    21.224  sd=  0.00%      9.32 GF/s  setup=0.000 s
gen_layout               L=15  B=32    m=600   inner=1      min=    18.810 us/xform  median=    18.817  sd=  0.04%     10.51 GF/s  setup=0.000 s
gen_layout               L=15  B=32    m=600   inner=1      min=    19.320 us/xform  median=    19.331  sd=  0.04%     10.24 GF/s  setup=0.000 s
gen_layout               L=15  B=32    m=600   inner=1      min=    19.138 us/xform  median=    19.142  sd=  0.02%     10.33 GF/s  setup=0.000 s
gen_layout               L=15  B=32    m=2     inner=1      min=    22.805 us/xform  median=    22.805  sd=  0.00%      8.67 GF/s  setup=0.000 s
gen_pfa_small            L=15  B=32    m=600   inner=1      min=     4.407 us/xform  median=     4.413  sd=  5.92%     44.88 GF/s  setup=0.000 s
gen_pfa_small            L=15  B=32    m=600   inner=1      min=     4.406 us/xform  median=     5.027  sd=  5.69%     44.89 GF/s  setup=0.000 s
gen_pfa_small            L=15  B=32    m=600   inner=1      min=     4.417 us/xform  median=     4.420  sd=  0.04%     44.78 GF/s  setup=0.000 s
gen_pfa_small            L=15  B=32    m=2     inner=2      min=     9.885 us/xform  median=     9.885  sd=  0.00%     20.01 GF/s  setup=0.000 s
gen_planner              L=15  B=32    m=600   inner=1      min=     5.518 us/xform  median=     5.519  sd=  0.02%     35.85 GF/s  setup=0.008 s
gen_planner              L=15  B=32    m=600   inner=1      min=     5.581 us/xform  median=     5.583  sd=  0.02%     35.44 GF/s  setup=0.005 s
gen_planner              L=15  B=32    m=600   inner=1      min=     5.622 us/xform  median=     5.624  sd=  4.01%     35.18 GF/s  setup=0.004 s
gen_planner              L=15  B=32    m=2     inner=1      min=    17.109 us/xform  median=    17.109  sd=  0.00%     11.56 GF/s  setup=0.004 s
gen_race                 L=15  B=32    m=600   inner=1      min=     5.789 us/xform  median=     5.791  sd=  0.02%     34.17 GF/s  setup=0.046 s
gen_race                 L=15  B=32    m=600   inner=1      min=     5.591 us/xform  median=     5.593  sd=  0.01%     35.38 GF/s  setup=0.007 s
gen_race                 L=15  B=32    m=600   inner=1      min=     5.595 us/xform  median=     5.596  sd=  0.02%     35.35 GF/s  setup=0.007 s
gen_race                 L=15  B=32    m=2     inner=1      min=    18.323 us/xform  median=    18.323  sd=  0.00%     10.79 GF/s  setup=0.005 s
gen_twiddle              L=15  B=32    m=600   inner=1      min=    19.750 us/xform  median=    19.751  sd=  0.01%     10.01 GF/s  setup=0.003 s
gen_twiddle              L=15  B=32    m=600   inner=1      min=    19.613 us/xform  median=    19.632  sd=  0.04%     10.08 GF/s  setup=0.004 s
gen_twiddle              L=15  B=32    m=600   inner=1      min=    19.968 us/xform  median=    19.971  sd=  0.01%      9.91 GF/s  setup=0.002 s
gen_twiddle              L=15  B=32    m=2     inner=1      min=    24.066 us/xform  median=    24.066  sd=  0.00%      8.22 GF/s  setup=0.003 s
mkl2026_dfti             L=15  B=32    m=600   inner=1      min=    16.697 us/xform  median=    16.700  sd=  0.01%     11.85 GF/s  setup=0.003 s
mkl2026_dfti             L=15  B=32    m=600   inner=1      min=    16.699 us/xform  median=    16.700  sd=  0.01%     11.84 GF/s  setup=0.001 s
mkl2026_dfti             L=15  B=32    m=600   inner=1      min=    16.695 us/xform  median=    16.696  sd=  0.00%     11.85 GF/s  setup=0.001 s
mkl2026_dfti             L=15  B=32    m=2     inner=1      min=    23.159 us/xform  median=    23.159  sd=  0.00%      8.54 GF/s  setup=0.002 s
mkl_dfti                 L=15  B=32    m=600   inner=1      min=    16.562 us/xform  median=    16.564  sd=  0.01%     11.94 GF/s  setup=0.003 s
mkl_dfti                 L=15  B=32    m=600   inner=1      min=    16.557 us/xform  median=    16.558  sd=  0.00%     11.95 GF/s  setup=0.001 s
mkl_dfti                 L=15  B=32    m=600   inner=1      min=    16.651 us/xform  median=    16.652  sd=  0.01%     11.88 GF/s  setup=0.001 s
mkl_dfti                 L=15  B=32    m=2     inner=1      min=    23.072 us/xform  median=    23.072  sd=  0.00%      8.57 GF/s  setup=0.001 s
baseline_matrix          L=20  B=32    m=256   inner=1      min=   850.491 us/xform  median=   850.502  sd=  0.00%      0.61 GF/s  setup=0.000 s
baseline_matrix          L=20  B=32    m=256   inner=1      min=   850.363 us/xform  median=   850.378  sd=  0.00%      0.61 GF/s  setup=0.000 s
baseline_matrix          L=20  B=32    m=256   inner=1      min=   850.302 us/xform  median=   850.319  sd=  0.00%      0.61 GF/s  setup=0.000 s
baseline_matrix          L=20  B=32    m=2     inner=1      min=   859.428 us/xform  median=   859.428  sd=  0.00%      0.60 GF/s  setup=0.000 s
ducc0_c2c                L=20  B=32    m=256   inner=1      min=    73.431 us/xform  median=    73.532  sd=  0.15%      7.06 GF/s  setup=0.000 s
ducc0_c2c                L=20  B=32    m=256   inner=1      min=    72.856 us/xform  median=    72.931  sd=  0.14%      7.12 GF/s  setup=0.000 s
ducc0_c2c                L=20  B=32    m=256   inner=1      min=    74.146 us/xform  median=    74.251  sd=  0.15%      6.99 GF/s  setup=0.000 s
ducc0_c2c                L=20  B=32    m=2     inner=1      min=    82.193 us/xform  median=    82.193  sd=  0.00%      6.31 GF/s  setup=0.000 s
fftw3_estimate           L=20  B=32    m=256   inner=1      min=    91.986 us/xform  median=    92.118  sd=  0.09%      5.64 GF/s  setup=0.001 s
fftw3_estimate           L=20  B=32    m=256   inner=1      min=    92.258 us/xform  median=    92.325  sd=  0.04%      5.62 GF/s  setup=0.001 s
fftw3_estimate           L=20  B=32    m=256   inner=1      min=    91.909 us/xform  median=    91.967  sd=  0.05%      5.64 GF/s  setup=0.001 s
fftw3_estimate           L=20  B=32    m=2     inner=1      min=   112.898 us/xform  median=   112.898  sd=  0.00%      4.59 GF/s  setup=0.001 s
fftw3_guru               L=20  B=32    m=256   inner=1      min=    60.371 us/xform  median=    60.393  sd=  0.02%      8.59 GF/s  setup=0.075 s
fftw3_guru               L=20  B=32    m=256   inner=1      min=    60.104 us/xform  median=    60.116  sd=  0.02%      8.63 GF/s  setup=0.075 s
fftw3_guru               L=20  B=32    m=256   inner=1      min=    60.977 us/xform  median=    61.003  sd=  0.03%      8.51 GF/s  setup=0.077 s
fftw3_guru               L=20  B=32    m=2     inner=1      min=    72.175 us/xform  median=    72.175  sd=  0.00%      7.19 GF/s  setup=0.077 s
fftw3_measure            L=20  B=32    m=256   inner=1      min=    45.263 us/xform  median=    45.274  sd=  0.02%     11.46 GF/s  setup=0.082 s
fftw3_measure            L=20  B=32    m=256   inner=1      min=    44.822 us/xform  median=    44.828  sd=  0.02%     11.57 GF/s  setup=0.085 s
fftw3_measure            L=20  B=32    m=256   inner=1      min=    44.810 us/xform  median=    44.821  sd=  0.02%     11.57 GF/s  setup=0.081 s
fftw3_measure            L=20  B=32    m=2     inner=1      min=    54.323 us/xform  median=    54.323  sd=  0.00%      9.55 GF/s  setup=0.082 s
fftw3_patient            L=20  B=32    m=256   inner=1      min=    45.913 us/xform  median=    45.923  sd=  0.01%     11.30 GF/s  setup=0.299 s
fftw3_patient            L=20  B=32    m=256   inner=1      min=    45.860 us/xform  median=    45.884  sd=  0.03%     11.31 GF/s  setup=0.318 s
fftw3_patient            L=20  B=32    m=256   inner=1      min=    45.383 us/xform  median=    45.403  sd=  0.03%     11.43 GF/s  setup=0.317 s
fftw3_patient            L=20  B=32    m=2     inner=1      min=    54.155 us/xform  median=    54.155  sd=  0.00%      9.58 GF/s  setup=0.304 s
gen_batchlane            L=20  B=32    m=256   inner=1      min=    12.872 us/xform  median=    12.879  sd=  0.03%     40.29 GF/s  setup=0.001 s
gen_batchlane            L=20  B=32    m=256   inner=1      min=    12.866 us/xform  median=    12.876  sd=  0.03%     40.31 GF/s  setup=0.001 s
gen_batchlane            L=20  B=32    m=256   inner=1      min=    13.054 us/xform  median=    13.058  sd=  0.02%     39.73 GF/s  setup=0.001 s
gen_batchlane            L=20  B=32    m=2     inner=1      min=    27.754 us/xform  median=    27.754  sd=  0.00%     18.69 GF/s  setup=0.001 s
gen_bluestein            L=20  B=32    m=256   inner=1      min=    83.162 us/xform  median=    83.212  sd=  0.03%      6.24 GF/s  setup=0.000 s
gen_bluestein            L=20  B=32    m=256   inner=1      min=    83.371 us/xform  median=    83.408  sd=  0.02%      6.22 GF/s  setup=0.000 s
gen_bluestein            L=20  B=32    m=256   inner=1      min=    82.906 us/xform  median=    82.919  sd=  0.01%      6.26 GF/s  setup=0.000 s
gen_bluestein            L=20  B=32    m=2     inner=1      min=    96.516 us/xform  median=    96.516  sd=  0.00%      5.37 GF/s  setup=0.000 s
gen_dense_prime          L=20  B=32    m=256   inner=1      min=    40.120 us/xform  median=    40.123  sd=  0.01%     12.93 GF/s  setup=0.000 s
gen_dense_prime          L=20  B=32    m=256   inner=1      min=    38.872 us/xform  median=    38.876  sd=  0.01%     13.34 GF/s  setup=0.000 s
gen_dense_prime          L=20  B=32    m=256   inner=1      min=    38.893 us/xform  median=    38.897  sd=  0.01%     13.33 GF/s  setup=0.000 s
gen_dense_prime          L=20  B=32    m=2     inner=1      min=    50.083 us/xform  median=    50.083  sd=  0.00%     10.36 GF/s  setup=0.000 s
gen_layout               L=20  B=32    m=256   inner=1      min=    38.209 us/xform  median=    38.219  sd=  0.02%     13.57 GF/s  setup=0.000 s
gen_layout               L=20  B=32    m=256   inner=1      min=    38.117 us/xform  median=    38.128  sd=  0.03%     13.61 GF/s  setup=0.000 s
gen_layout               L=20  B=32    m=256   inner=1      min=    38.973 us/xform  median=    38.984  sd=  0.03%     13.31 GF/s  setup=0.000 s
gen_layout               L=20  B=32    m=2     inner=1      min=    46.208 us/xform  median=    46.208  sd=  0.00%     11.22 GF/s  setup=0.000 s
gen_pfa_small            L=20  B=32    m=256   inner=1      min=    13.022 us/xform  median=    13.045  sd= 11.34%     39.83 GF/s  setup=0.001 s
gen_pfa_small            L=20  B=32    m=256   inner=1      min=    12.867 us/xform  median=    15.823  sd= 10.13%     40.31 GF/s  setup=0.001 s
gen_pfa_small            L=20  B=32    m=256   inner=1      min=    13.056 us/xform  median=    13.074  sd=  0.08%     39.72 GF/s  setup=0.001 s
gen_pfa_small            L=20  B=32    m=2     inner=1      min=    29.077 us/xform  median=    29.077  sd=  0.00%     17.84 GF/s  setup=0.001 s
gen_planner              L=20  B=32    m=256   inner=1      min=    18.111 us/xform  median=    18.114  sd=  0.03%     28.64 GF/s  setup=0.017 s
gen_planner              L=20  B=32    m=256   inner=1      min=    19.145 us/xform  median=    19.149  sd=  0.03%     27.09 GF/s  setup=0.008 s
gen_planner              L=20  B=32    m=256   inner=1      min=    19.018 us/xform  median=    19.034  sd= 11.03%     27.27 GF/s  setup=0.010 s
gen_planner              L=20  B=32    m=2     inner=1      min=    57.965 us/xform  median=    57.965  sd=  0.00%      8.95 GF/s  setup=0.006 s
gen_race                 L=20  B=32    m=256   inner=1      min=    19.188 us/xform  median=    19.191  sd=  0.03%     27.03 GF/s  setup=0.064 s
gen_race                 L=20  B=32    m=256   inner=1      min=    19.631 us/xform  median=    19.634  sd=  0.02%     26.42 GF/s  setup=0.007 s
gen_race                 L=20  B=32    m=256   inner=1      min=    19.145 us/xform  median=    19.161  sd= 10.08%     27.09 GF/s  setup=0.008 s
gen_race                 L=20  B=32    m=2     inner=1      min=    57.164 us/xform  median=    57.164  sd=  0.00%      9.07 GF/s  setup=0.004 s
gen_twiddle              L=20  B=32    m=256   inner=1      min=    35.991 us/xform  median=    35.997  sd=  0.02%     14.41 GF/s  setup=0.003 s
gen_twiddle              L=20  B=32    m=256   inner=1      min=    36.573 us/xform  median=    36.587  sd=  0.02%     14.18 GF/s  setup=0.004 s
gen_twiddle              L=20  B=32    m=256   inner=1      min=    37.366 us/xform  median=    37.372  sd=  0.02%     13.88 GF/s  setup=0.004 s
gen_twiddle              L=20  B=32    m=2     inner=1      min=    46.721 us/xform  median=    46.721  sd=  0.00%     11.10 GF/s  setup=0.003 s
mkl2026_dfti             L=20  B=32    m=256   inner=1      min=    58.352 us/xform  median=    58.711  sd=  0.37%      8.89 GF/s  setup=0.055 s
mkl2026_dfti             L=20  B=32    m=256   inner=1      min=    57.439 us/xform  median=    57.552  sd=  0.11%      9.03 GF/s  setup=0.050 s
mkl2026_dfti             L=20  B=32    m=256   inner=1      min=    58.850 us/xform  median=    58.963  sd=  0.20%      8.81 GF/s  setup=0.049 s
mkl2026_dfti             L=20  B=32    m=2     inner=1      min=   113.517 us/xform  median=   113.517  sd=  0.00%      4.57 GF/s  setup=0.051 s
mkl_dfti                 L=20  B=32    m=256   inner=1      min=    58.184 us/xform  median=    58.419  sd=  0.21%      8.91 GF/s  setup=0.031 s
mkl_dfti                 L=20  B=32    m=256   inner=1      min=    58.055 us/xform  median=    58.245  sd=  0.15%      8.93 GF/s  setup=0.049 s
mkl_dfti                 L=20  B=32    m=256   inner=1      min=    58.719 us/xform  median=    58.903  sd=  0.16%      8.83 GF/s  setup=0.049 s
mkl_dfti                 L=20  B=32    m=2     inner=1      min=   114.248 us/xform  median=   114.248  sd=  0.00%      4.54 GF/s  setup=0.052 s
baseline_matrix          L=25  B=16    m=256   inner=1      min=  2061.229 us/xform  median=  2061.265  sd=  0.00%      0.53 GF/s  setup=0.000 s
baseline_matrix          L=25  B=16    m=256   inner=1      min=  2061.522 us/xform  median=  2061.553  sd=  0.00%      0.53 GF/s  setup=0.000 s
baseline_matrix          L=25  B=16    m=256   inner=1      min=  2061.602 us/xform  median=  2061.627  sd=  0.00%      0.53 GF/s  setup=0.000 s
baseline_matrix          L=25  B=16    m=2     inner=1      min=  2079.145 us/xform  median=  2079.145  sd=  0.00%      0.52 GF/s  setup=0.000 s
ducc0_c2c                L=25  B=16    m=256   inner=1      min=   145.730 us/xform  median=   145.916  sd=  0.14%      7.47 GF/s  setup=0.000 s
ducc0_c2c                L=25  B=16    m=256   inner=1      min=   146.950 us/xform  median=   147.397  sd=  2.61%      7.41 GF/s  setup=0.000 s
ducc0_c2c                L=25  B=16    m=256   inner=1      min=   150.688 us/xform  median=   150.982  sd=  0.14%      7.22 GF/s  setup=0.000 s
ducc0_c2c                L=25  B=16    m=2     inner=1      min=   183.326 us/xform  median=   183.326  sd=  0.00%      5.94 GF/s  setup=0.000 s
fftw3_estimate           L=25  B=16    m=256   inner=1      min=   132.581 us/xform  median=   132.770  sd=  0.06%      8.21 GF/s  setup=0.001 s
fftw3_estimate           L=25  B=16    m=256   inner=1      min=   134.978 us/xform  median=   137.301  sd=  0.71%      8.06 GF/s  setup=0.001 s
fftw3_estimate           L=25  B=16    m=256   inner=1      min=   129.952 us/xform  median=   135.818  sd=  2.11%      8.38 GF/s  setup=0.001 s
fftw3_estimate           L=25  B=16    m=2     inner=1      min=   174.489 us/xform  median=   174.489  sd=  0.00%      6.24 GF/s  setup=0.001 s
fftw3_guru               L=25  B=16    m=256   inner=1      min=   187.967 us/xform  median=   187.996  sd=  0.04%      5.79 GF/s  setup=0.032 s
fftw3_guru               L=25  B=16    m=256   inner=1      min=   174.932 us/xform  median=   174.982  sd=  0.01%      6.22 GF/s  setup=0.029 s
fftw3_guru               L=25  B=16    m=256   inner=1      min=   175.124 us/xform  median=   175.167  sd=  0.01%      6.22 GF/s  setup=0.029 s
fftw3_guru               L=25  B=16    m=2     inner=1      min=   203.100 us/xform  median=   203.100  sd=  0.00%      5.36 GF/s  setup=0.030 s
fftw3_measure            L=25  B=16    m=256   inner=1      min=   108.832 us/xform  median=   108.852  sd=  0.02%     10.00 GF/s  setup=0.028 s
fftw3_measure            L=25  B=16    m=256   inner=1      min=   108.193 us/xform  median=   108.215  sd=  0.02%     10.06 GF/s  setup=0.029 s
fftw3_measure            L=25  B=16    m=256   inner=1      min=   110.448 us/xform  median=   110.488  sd=  0.02%      9.85 GF/s  setup=0.029 s
fftw3_measure            L=25  B=16    m=2     inner=1      min=   152.093 us/xform  median=   152.093  sd=  0.00%      7.16 GF/s  setup=0.028 s
fftw3_patient            L=25  B=16    m=256   inner=1      min=   108.286 us/xform  median=   108.324  sd=  0.02%     10.05 GF/s  setup=0.110 s
fftw3_patient            L=25  B=16    m=256   inner=1      min=   110.681 us/xform  median=   110.704  sd=  0.03%      9.83 GF/s  setup=0.104 s
fftw3_patient            L=25  B=16    m=256   inner=1      min=   111.508 us/xform  median=   111.527  sd=  0.02%      9.76 GF/s  setup=0.103 s
fftw3_patient            L=25  B=16    m=2     inner=1      min=   128.032 us/xform  median=   128.032  sd=  0.00%      8.50 GF/s  setup=0.104 s
gen_bluestein            L=25  B=16    m=256   inner=1      min=   180.816 us/xform  median=   180.853  sd=  0.02%      6.02 GF/s  setup=0.000 s
gen_bluestein            L=25  B=16    m=256   inner=1      min=   183.081 us/xform  median=   183.098  sd=  0.01%      5.94 GF/s  setup=0.000 s
gen_bluestein            L=25  B=16    m=256   inner=1      min=   180.573 us/xform  median=   180.593  sd=  0.02%      6.03 GF/s  setup=0.000 s
gen_bluestein            L=25  B=16    m=2     inner=1      min=   214.205 us/xform  median=   214.205  sd=  0.00%      5.08 GF/s  setup=0.000 s
gen_layout               L=25  B=16    m=256   inner=1      min=    96.573 us/xform  median=    96.587  sd=  0.01%     11.27 GF/s  setup=0.001 s
gen_layout               L=25  B=16    m=256   inner=1      min=    96.057 us/xform  median=    96.102  sd=  0.02%     11.33 GF/s  setup=0.000 s
gen_layout               L=25  B=16    m=256   inner=1      min=    96.917 us/xform  median=    96.938  sd=  0.01%     11.23 GF/s  setup=0.000 s
gen_layout               L=25  B=16    m=2     inner=1      min=   113.290 us/xform  median=   113.290  sd=  0.00%      9.61 GF/s  setup=0.000 s
gen_planner              L=25  B=16    m=256   inner=1      min=    40.560 us/xform  median=    40.600  sd=  5.94%     26.83 GF/s  setup=0.026 s
gen_planner              L=25  B=16    m=256   inner=1      min=    40.414 us/xform  median=    40.417  sd=  0.03%     26.93 GF/s  setup=0.011 s
gen_planner              L=25  B=16    m=256   inner=1      min=    39.681 us/xform  median=    39.696  sd=  4.18%     27.43 GF/s  setup=0.016 s
gen_planner              L=25  B=16    m=2     inner=1      min=   160.207 us/xform  median=   160.207  sd=  0.00%      6.79 GF/s  setup=0.013 s
gen_powp                 L=25  B=16    m=256   inner=1      min=    32.015 us/xform  median=    32.019  sd=  0.03%     34.00 GF/s  setup=0.471 s
gen_powp                 L=25  B=16    m=256   inner=1      min=    31.971 us/xform  median=    31.981  sd=  0.03%     34.04 GF/s  setup=0.005 s
gen_powp                 L=25  B=16    m=256   inner=1      min=    31.981 us/xform  median=    31.992  sd=  0.03%     34.03 GF/s  setup=0.004 s
gen_powp                 L=25  B=16    m=2     inner=1      min=    70.296 us/xform  median=    70.296  sd=  0.00%     15.48 GF/s  setup=0.004 s
gen_race                 L=25  B=16    m=256   inner=1      min=    41.248 us/xform  median=    41.257  sd=  0.04%     26.39 GF/s  setup=0.054 s
gen_race                 L=25  B=16    m=256   inner=1      min=    41.715 us/xform  median=    41.727  sd=  5.66%     26.09 GF/s  setup=0.009 s
gen_race                 L=25  B=16    m=256   inner=1      min=    41.586 us/xform  median=    41.604  sd=  7.63%     26.17 GF/s  setup=0.007 s
gen_race                 L=25  B=16    m=2     inner=1      min=   153.822 us/xform  median=   153.822  sd=  0.00%      7.08 GF/s  setup=0.005 s
gen_twiddle              L=25  B=16    m=256   inner=1      min=    78.837 us/xform  median=    78.859  sd=  0.02%     13.81 GF/s  setup=0.004 s
gen_twiddle              L=25  B=16    m=256   inner=1      min=    80.512 us/xform  median=    80.553  sd=  0.02%     13.52 GF/s  setup=0.003 s
gen_twiddle              L=25  B=16    m=256   inner=1      min=    80.895 us/xform  median=    80.911  sd=  0.01%     13.45 GF/s  setup=0.003 s
gen_twiddle              L=25  B=16    m=2     inner=1      min=   102.259 us/xform  median=   102.259  sd=  0.00%     10.64 GF/s  setup=0.004 s
mkl2026_dfti             L=25  B=16    m=256   inner=1      min=   123.987 us/xform  median=   124.592  sd=  0.20%      8.78 GF/s  setup=0.048 s
mkl2026_dfti             L=25  B=16    m=256   inner=1      min=   123.957 us/xform  median=   124.559  sd=  0.28%      8.78 GF/s  setup=0.048 s
mkl2026_dfti             L=25  B=16    m=256   inner=1      min=   123.899 us/xform  median=   124.395  sd=  0.18%      8.78 GF/s  setup=0.051 s
mkl2026_dfti             L=25  B=16    m=2     inner=1      min=   247.899 us/xform  median=   247.899  sd=  0.00%      4.39 GF/s  setup=0.054 s
mkl_dfti                 L=25  B=16    m=256   inner=1      min=   120.627 us/xform  median=   120.806  sd=  0.11%      9.02 GF/s  setup=0.037 s
mkl_dfti                 L=25  B=16    m=256   inner=1      min=   121.044 us/xform  median=   121.398  sd=  0.18%      8.99 GF/s  setup=0.048 s
mkl_dfti                 L=25  B=16    m=256   inner=1      min=   120.379 us/xform  median=   120.612  sd=  0.09%      9.04 GF/s  setup=0.050 s
mkl_dfti                 L=25  B=16    m=2     inner=1      min=   229.701 us/xform  median=   229.701  sd=  0.00%      4.74 GF/s  setup=0.051 s
baseline_matrix          L=27  B=16    m=200   inner=1      min=  2799.295 us/xform  median=  2799.345  sd=  0.00%      0.50 GF/s  setup=0.000 s
baseline_matrix          L=27  B=16    m=200   inner=1      min=  2799.503 us/xform  median=  2799.553  sd=  0.00%      0.50 GF/s  setup=0.000 s
baseline_matrix          L=27  B=16    m=200   inner=1      min=  2799.172 us/xform  median=  2799.275  sd=  0.00%      0.50 GF/s  setup=0.000 s
baseline_matrix          L=27  B=16    m=2     inner=1      min=  2822.661 us/xform  median=  2822.661  sd=  0.00%      0.50 GF/s  setup=0.000 s
ducc0_c2c                L=27  B=16    m=200   inner=1      min=   189.893 us/xform  median=   189.997  sd=  0.13%      7.39 GF/s  setup=0.000 s
ducc0_c2c                L=27  B=16    m=200   inner=1      min=   191.924 us/xform  median=   192.390  sd=  0.18%      7.31 GF/s  setup=0.000 s
ducc0_c2c                L=27  B=16    m=200   inner=1      min=   191.691 us/xform  median=   192.062  sd=  0.19%      7.32 GF/s  setup=0.000 s
ducc0_c2c                L=27  B=16    m=2     inner=1      min=   243.570 us/xform  median=   243.570  sd=  0.00%      5.76 GF/s  setup=0.000 s
fftw3_estimate           L=27  B=16    m=200   inner=1      min=   256.038 us/xform  median=   256.683  sd=  0.14%      5.48 GF/s  setup=0.003 s
fftw3_estimate           L=27  B=16    m=200   inner=1      min=   256.078 us/xform  median=   256.309  sd=  0.09%      5.48 GF/s  setup=0.003 s
fftw3_estimate           L=27  B=16    m=200   inner=1      min=   256.457 us/xform  median=   256.970  sd=  0.13%      5.47 GF/s  setup=0.002 s
fftw3_estimate           L=27  B=16    m=2     inner=1      min=   332.181 us/xform  median=   332.181  sd=  0.00%      4.23 GF/s  setup=0.003 s
fftw3_guru               L=27  B=16    m=200   inner=1      min=   260.417 us/xform  median=   260.665  sd=  0.09%      5.39 GF/s  setup=0.042 s
fftw3_guru               L=27  B=16    m=200   inner=1      min=   258.240 us/xform  median=   258.775  sd=  0.13%      5.44 GF/s  setup=0.043 s
fftw3_guru               L=27  B=16    m=200   inner=1      min=   262.961 us/xform  median=   263.097  sd=  0.10%      5.34 GF/s  setup=0.044 s
fftw3_guru               L=27  B=16    m=2     inner=1      min=   302.012 us/xform  median=   302.012  sd=  0.00%      4.65 GF/s  setup=0.041 s
fftw3_measure            L=27  B=16    m=200   inner=1      min=   226.625 us/xform  median=   226.794  sd=  0.05%      6.19 GF/s  setup=0.034 s
fftw3_measure            L=27  B=16    m=200   inner=1      min=   223.404 us/xform  median=   223.534  sd=  0.04%      6.28 GF/s  setup=0.034 s
fftw3_measure            L=27  B=16    m=200   inner=1      min=   235.699 us/xform  median=   235.745  sd=  0.03%      5.96 GF/s  setup=0.034 s
fftw3_measure            L=27  B=16    m=2     inner=1      min=   298.971 us/xform  median=   298.971  sd=  0.00%      4.70 GF/s  setup=0.034 s
fftw3_patient            L=27  B=16    m=200   inner=1      min=   205.023 us/xform  median=   205.064  sd=  0.01%      6.85 GF/s  setup=0.139 s
fftw3_patient            L=27  B=16    m=200   inner=1      min=   208.874 us/xform  median=   208.926  sd=  0.01%      6.72 GF/s  setup=0.151 s
fftw3_patient            L=27  B=16    m=200   inner=1      min=   205.024 us/xform  median=   205.159  sd=  0.04%      6.85 GF/s  setup=0.151 s
fftw3_patient            L=27  B=16    m=2     inner=1      min=   224.142 us/xform  median=   224.142  sd=  0.00%      6.26 GF/s  setup=0.148 s
gen_bluestein            L=27  B=16    m=200   inner=1      min=   217.913 us/xform  median=   217.995  sd=  0.03%      6.44 GF/s  setup=0.000 s
gen_bluestein            L=27  B=16    m=200   inner=1      min=   214.669 us/xform  median=   214.837  sd=  0.03%      6.54 GF/s  setup=0.000 s
gen_bluestein            L=27  B=16    m=200   inner=1      min=   214.723 us/xform  median=   215.099  sd=  0.07%      6.54 GF/s  setup=0.000 s
gen_bluestein            L=27  B=16    m=2     inner=1      min=   236.032 us/xform  median=   236.032  sd=  0.00%      5.95 GF/s  setup=0.000 s
gen_layout               L=27  B=16    m=200   inner=1      min=   124.086 us/xform  median=   124.256  sd=  0.06%     11.31 GF/s  setup=0.000 s
gen_layout               L=27  B=16    m=200   inner=1      min=   124.690 us/xform  median=   124.804  sd=  0.04%     11.26 GF/s  setup=0.000 s
gen_layout               L=27  B=16    m=200   inner=1      min=   125.040 us/xform  median=   125.112  sd=  0.06%     11.23 GF/s  setup=0.000 s
gen_layout               L=27  B=16    m=2     inner=1      min=   149.848 us/xform  median=   149.848  sd=  0.00%      9.37 GF/s  setup=0.000 s
gen_planner              L=27  B=16    m=200   inner=1      min=    60.576 us/xform  median=    60.595  sd=  0.04%     23.17 GF/s  setup=0.032 s
gen_planner              L=27  B=16    m=200   inner=1      min=    60.373 us/xform  median=    60.393  sd=  6.42%     23.25 GF/s  setup=0.020 s
gen_planner              L=27  B=16    m=200   inner=1      min=    60.537 us/xform  median=    60.561  sd=  0.04%     23.19 GF/s  setup=0.018 s
gen_planner              L=27  B=16    m=2     inner=1      min=   219.134 us/xform  median=   219.134  sd=  0.00%      6.41 GF/s  setup=0.016 s
gen_powp                 L=27  B=16    m=200   inner=1      min=    45.067 us/xform  median=    45.072  sd=  0.04%     31.15 GF/s  setup=0.518 s
gen_powp                 L=27  B=16    m=200   inner=1      min=    44.544 us/xform  median=    44.598  sd=  6.16%     31.52 GF/s  setup=0.005 s
gen_powp                 L=27  B=16    m=200   inner=1      min=    45.508 us/xform  median=    45.513  sd=  0.03%     30.85 GF/s  setup=0.003 s
gen_powp                 L=27  B=16    m=2     inner=1      min=    95.978 us/xform  median=    95.978  sd=  0.00%     14.63 GF/s  setup=0.004 s
gen_race                 L=27  B=16    m=200   inner=1      min=    59.016 us/xform  median=    59.024  sd=  0.04%     23.79 GF/s  setup=0.083 s
gen_race                 L=27  B=16    m=200   inner=1      min=    60.305 us/xform  median=    60.320  sd=  7.49%     23.28 GF/s  setup=0.008 s
gen_race                 L=27  B=16    m=200   inner=1      min=    60.192 us/xform  median=    60.208  sd=  0.04%     23.32 GF/s  setup=0.007 s
gen_race                 L=27  B=16    m=2     inner=1      min=   207.716 us/xform  median=   207.716  sd=  0.00%      6.76 GF/s  setup=0.005 s
gen_twiddle              L=27  B=16    m=200   inner=1      min=   130.418 us/xform  median=   130.453  sd=  0.02%     10.76 GF/s  setup=0.004 s
gen_twiddle              L=27  B=16    m=200   inner=1      min=   132.959 us/xform  median=   132.996  sd=  0.02%     10.56 GF/s  setup=0.005 s
gen_twiddle              L=27  B=16    m=200   inner=1      min=   130.063 us/xform  median=   130.123  sd=  0.02%     10.79 GF/s  setup=0.005 s
gen_twiddle              L=27  B=16    m=2     inner=1      min=   163.297 us/xform  median=   163.297  sd=  0.00%      8.60 GF/s  setup=0.004 s
mkl2026_dfti             L=27  B=16    m=200   inner=1      min=   148.370 us/xform  median=   148.541  sd=  0.05%      9.46 GF/s  setup=0.048 s
mkl2026_dfti             L=27  B=16    m=200   inner=1      min=   148.351 us/xform  median=   148.456  sd=  0.06%      9.46 GF/s  setup=0.054 s
mkl2026_dfti             L=27  B=16    m=200   inner=1      min=   148.831 us/xform  median=   148.926  sd=  0.05%      9.43 GF/s  setup=0.049 s
mkl2026_dfti             L=27  B=16    m=2     inner=1      min=   269.723 us/xform  median=   269.723  sd=  0.00%      5.20 GF/s  setup=0.049 s
mkl_dfti                 L=27  B=16    m=200   inner=1      min=   144.428 us/xform  median=   144.518  sd=  0.04%      9.72 GF/s  setup=0.033 s
mkl_dfti                 L=27  B=16    m=200   inner=1      min=   144.552 us/xform  median=   144.608  sd=  0.03%      9.71 GF/s  setup=0.049 s
mkl_dfti                 L=27  B=16    m=200   inner=1      min=   144.394 us/xform  median=   144.478  sd=  0.03%      9.72 GF/s  setup=0.048 s
mkl_dfti                 L=27  B=16    m=2     inner=1      min=   273.509 us/xform  median=   273.509  sd=  0.00%      5.13 GF/s  setup=0.050 s
baseline_matrix          L=31  B=16    m=140   inner=1      min=  4853.766 us/xform  median=  4853.868  sd=  0.00%      0.46 GF/s  setup=0.000 s
baseline_matrix          L=31  B=16    m=140   inner=1      min=  4852.701 us/xform  median=  4852.985  sd=  0.00%      0.46 GF/s  setup=0.000 s
baseline_matrix          L=31  B=16    m=140   inner=1      min=  4852.944 us/xform  median=  4853.090  sd=  0.00%      0.46 GF/s  setup=0.000 s
baseline_matrix          L=31  B=16    m=2     inner=1      min=  4878.277 us/xform  median=  4878.277  sd=  0.00%      0.45 GF/s  setup=0.000 s
ducc0_c2c                L=31  B=16    m=140   inner=1      min=   719.293 us/xform  median=   720.299  sd=  0.10%      3.08 GF/s  setup=0.000 s
ducc0_c2c                L=31  B=16    m=140   inner=1      min=   731.759 us/xform  median=   732.977  sd=  0.11%      3.03 GF/s  setup=0.000 s
ducc0_c2c                L=31  B=16    m=140   inner=1      min=   729.602 us/xform  median=   730.346  sd=  0.09%      3.03 GF/s  setup=0.000 s
ducc0_c2c                L=31  B=16    m=2     inner=1      min=   797.432 us/xform  median=   797.432  sd=  0.00%      2.78 GF/s  setup=0.000 s
fftw3_estimate           L=31  B=16    m=140   inner=1      min=   859.689 us/xform  median=   860.468  sd=  0.05%      2.58 GF/s  setup=0.002 s
fftw3_estimate           L=31  B=16    m=140   inner=1      min=   859.911 us/xform  median=   859.979  sd=  0.01%      2.57 GF/s  setup=0.002 s
fftw3_estimate           L=31  B=16    m=140   inner=1      min=   859.080 us/xform  median=   859.141  sd=  0.01%      2.58 GF/s  setup=0.002 s
fftw3_estimate           L=31  B=16    m=2     inner=1      min=   884.452 us/xform  median=   884.452  sd=  0.00%      2.50 GF/s  setup=0.002 s
fftw3_guru               L=31  B=16    m=140   inner=1      min=   833.660 us/xform  median=   833.798  sd=  0.01%      2.66 GF/s  setup=0.093 s
fftw3_guru               L=31  B=16    m=140   inner=1      min=   833.685 us/xform  median=   833.910  sd=  0.02%      2.66 GF/s  setup=0.088 s
fftw3_guru               L=31  B=16    m=140   inner=1      min=   835.971 us/xform  median=   836.151  sd=  0.01%      2.65 GF/s  setup=0.093 s
fftw3_guru               L=31  B=16    m=2     inner=1      min=   888.004 us/xform  median=   888.004  sd=  0.00%      2.49 GF/s  setup=0.088 s
fftw3_measure            L=31  B=16    m=140   inner=1      min=   859.434 us/xform  median=   859.522  sd=  0.01%      2.58 GF/s  setup=0.089 s
fftw3_measure            L=31  B=16    m=140   inner=1      min=   860.678 us/xform  median=   860.764  sd=  0.01%      2.57 GF/s  setup=0.089 s
fftw3_measure            L=31  B=16    m=140   inner=1      min=   859.915 us/xform  median=   859.982  sd=  0.01%      2.57 GF/s  setup=0.089 s
fftw3_measure            L=31  B=16    m=2     inner=1      min=   885.344 us/xform  median=   885.344  sd=  0.00%      2.50 GF/s  setup=0.085 s
fftw3_patient            L=31  B=16    m=140   inner=1      min=   860.785 us/xform  median=   860.829  sd=  0.00%      2.57 GF/s  setup=0.240 s
fftw3_patient            L=31  B=16    m=140   inner=1      min=   859.593 us/xform  median=   859.704  sd=  0.01%      2.58 GF/s  setup=0.225 s
fftw3_patient            L=31  B=16    m=140   inner=1      min=   863.268 us/xform  median=   863.320  sd=  0.00%      2.56 GF/s  setup=0.226 s
fftw3_patient            L=31  B=16    m=2     inner=1      min=   887.857 us/xform  median=   887.857  sd=  0.00%      2.49 GF/s  setup=0.225 s
gen_bluestein            L=31  B=16    m=140   inner=1      min=   292.982 us/xform  median=   293.268  sd=  0.06%      7.56 GF/s  setup=0.000 s
gen_bluestein            L=31  B=16    m=140   inner=1      min=   293.418 us/xform  median=   293.709  sd=  0.06%      7.55 GF/s  setup=0.000 s
gen_bluestein            L=31  B=16    m=140   inner=1      min=   288.579 us/xform  median=   288.708  sd=  0.03%      7.67 GF/s  setup=0.000 s
gen_bluestein            L=31  B=16    m=2     inner=1      min=   348.279 us/xform  median=   348.279  sd=  0.00%      6.36 GF/s  setup=0.000 s
gen_dense_prime          L=31  B=16    m=140   inner=1      min=   120.716 us/xform  median=   120.731  sd=  0.03%     18.34 GF/s  setup=0.001 s
gen_dense_prime          L=31  B=16    m=140   inner=1      min=   120.708 us/xform  median=   120.749  sd=  0.04%     18.34 GF/s  setup=0.001 s
gen_dense_prime          L=31  B=16    m=140   inner=1      min=   121.607 us/xform  median=   121.643  sd=  0.04%     18.21 GF/s  setup=0.000 s
gen_dense_prime          L=31  B=16    m=2     inner=1      min=   179.144 us/xform  median=   179.144  sd=  0.00%     12.36 GF/s  setup=0.001 s
gen_layout               L=31  B=16    m=140   inner=1      min=   200.777 us/xform  median=   200.836  sd=  0.04%     11.03 GF/s  setup=0.001 s
gen_layout               L=31  B=16    m=140   inner=1      min=   201.073 us/xform  median=   201.135  sd=  0.03%     11.01 GF/s  setup=0.001 s
gen_layout               L=31  B=16    m=140   inner=1      min=   200.807 us/xform  median=   200.860  sd=  0.02%     11.02 GF/s  setup=0.000 s
gen_layout               L=31  B=16    m=2     inner=1      min=   222.358 us/xform  median=   222.358  sd=  0.00%      9.96 GF/s  setup=0.000 s
gen_planner              L=31  B=16    m=140   inner=1      min=   140.972 us/xform  median=   141.001  sd=  0.04%     15.70 GF/s  setup=0.044 s
gen_planner              L=31  B=16    m=140   inner=1      min=   139.729 us/xform  median=   139.775  sd=  0.04%     15.84 GF/s  setup=0.029 s
gen_planner              L=31  B=16    m=140   inner=1      min=   138.210 us/xform  median=   138.234  sd=  0.04%     16.02 GF/s  setup=0.029 s
gen_planner              L=31  B=16    m=2     inner=1      min=   354.699 us/xform  median=   354.699  sd=  0.00%      6.24 GF/s  setup=0.024 s
gen_race                 L=31  B=16    m=140   inner=1      min=   140.290 us/xform  median=   140.332  sd=  0.04%     15.78 GF/s  setup=0.105 s
gen_race                 L=31  B=16    m=140   inner=1      min=   138.928 us/xform  median=   138.959  sd=  0.04%     15.94 GF/s  setup=0.014 s
gen_race                 L=31  B=16    m=140   inner=1      min=   139.896 us/xform  median=   139.921  sd=  0.03%     15.83 GF/s  setup=0.008 s
gen_race                 L=31  B=16    m=2     inner=1      min=   363.475 us/xform  median=   363.475  sd=  0.00%      6.09 GF/s  setup=0.003 s
gen_rader                L=31  B=16    m=140   inner=1      min=    85.524 us/xform  median=    85.614  sd=  0.23%     25.89 GF/s  setup=0.007 s
gen_rader                L=31  B=16    m=140   inner=1      min=    85.466 us/xform  median=    85.577  sd=  2.76%     25.90 GF/s  setup=0.009 s
gen_rader                L=31  B=16    m=140   inner=1      min=    84.801 us/xform  median=    84.927  sd=  0.09%     26.11 GF/s  setup=0.007 s
gen_rader                L=31  B=16    m=2     inner=1      min=   138.665 us/xform  median=   138.665  sd=  0.00%     15.97 GF/s  setup=0.007 s
gen_twiddle              L=31  B=16    m=140   inner=1      min=   268.617 us/xform  median=   268.721  sd=  0.04%      8.24 GF/s  setup=0.005 s
gen_twiddle              L=31  B=16    m=140   inner=1      min=   276.250 us/xform  median=   276.311  sd=  0.02%      8.01 GF/s  setup=0.006 s
gen_twiddle              L=31  B=16    m=140   inner=1      min=   270.924 us/xform  median=   271.281  sd=  0.07%      8.17 GF/s  setup=0.004 s
gen_twiddle              L=31  B=16    m=2     inner=1      min=   314.270 us/xform  median=   314.270  sd=  0.00%      7.04 GF/s  setup=0.005 s
mkl2026_dfti             L=31  B=16    m=140   inner=1      min=   883.079 us/xform  median=   883.185  sd=  0.01%      2.51 GF/s  setup=0.048 s
mkl2026_dfti             L=31  B=16    m=140   inner=1      min=   883.106 us/xform  median=   883.195  sd=  0.01%      2.51 GF/s  setup=0.050 s
mkl2026_dfti             L=31  B=16    m=140   inner=1      min=   883.472 us/xform  median=   883.544  sd=  0.01%      2.51 GF/s  setup=0.050 s
mkl2026_dfti             L=31  B=16    m=2     inner=1      min=   909.989 us/xform  median=   909.989  sd=  0.00%      2.43 GF/s  setup=0.050 s
mkl_dfti                 L=31  B=16    m=140   inner=1      min=   848.976 us/xform  median=   849.089  sd=  0.01%      2.61 GF/s  setup=0.032 s
mkl_dfti                 L=31  B=16    m=140   inner=1      min=   849.179 us/xform  median=   849.288  sd=  0.01%      2.61 GF/s  setup=0.049 s
mkl_dfti                 L=31  B=16    m=140   inner=1      min=   848.537 us/xform  median=   848.813  sd=  0.01%      2.61 GF/s  setup=0.051 s
mkl_dfti                 L=31  B=16    m=2     inner=1      min=   880.180 us/xform  median=   880.180  sd=  0.00%      2.52 GF/s  setup=0.046 s
baseline_matrix          L=32  B=8     m=250   inner=1      min=  5752.387 us/xform  median=  5752.420  sd=  0.00%      0.43 GF/s  setup=0.000 s
baseline_matrix          L=32  B=8     m=250   inner=1      min=  5752.543 us/xform  median=  5752.618  sd=  0.00%      0.43 GF/s  setup=0.000 s
baseline_matrix          L=32  B=8     m=250   inner=1      min=  5752.772 us/xform  median=  5753.241  sd=  0.00%      0.43 GF/s  setup=0.000 s
baseline_matrix          L=32  B=8     m=2     inner=1      min=  5784.011 us/xform  median=  5784.011  sd=  0.00%      0.42 GF/s  setup=0.000 s
ducc0_c2c                L=32  B=8     m=250   inner=1      min=   310.307 us/xform  median=   310.636  sd=  0.11%      7.92 GF/s  setup=0.000 s
ducc0_c2c                L=32  B=8     m=250   inner=1      min=   311.702 us/xform  median=   311.941  sd=  0.14%      7.88 GF/s  setup=0.000 s
ducc0_c2c                L=32  B=8     m=250   inner=1      min=   310.390 us/xform  median=   310.990  sd=  0.14%      7.92 GF/s  setup=0.000 s
ducc0_c2c                L=32  B=8     m=2     inner=1      min=   357.818 us/xform  median=   357.818  sd=  0.00%      6.87 GF/s  setup=0.000 s
fftw3_estimate           L=32  B=8     m=250   inner=1      min=   407.913 us/xform  median=   408.165  sd=  0.02%      6.02 GF/s  setup=0.001 s
fftw3_estimate           L=32  B=8     m=250   inner=1      min=   409.112 us/xform  median=   409.320  sd=  0.04%      6.01 GF/s  setup=0.001 s
fftw3_estimate           L=32  B=8     m=250   inner=1      min=   407.759 us/xform  median=   408.003  sd=  0.04%      6.03 GF/s  setup=0.001 s
fftw3_estimate           L=32  B=8     m=2     inner=1      min=   504.046 us/xform  median=   504.046  sd=  0.00%      4.88 GF/s  setup=0.001 s
fftw3_guru               L=32  B=8     m=250   inner=1      min=   302.103 us/xform  median=   303.642  sd=  0.16%      8.13 GF/s  setup=0.070 s
fftw3_guru               L=32  B=8     m=250   inner=1      min=   304.689 us/xform  median=   304.998  sd=  0.04%      8.07 GF/s  setup=0.073 s
fftw3_guru               L=32  B=8     m=250   inner=1      min=   298.974 us/xform  median=   299.086  sd=  0.03%      8.22 GF/s  setup=0.072 s
fftw3_guru               L=32  B=8     m=2     inner=1      min=   338.289 us/xform  median=   338.289  sd=  0.00%      7.26 GF/s  setup=0.070 s
fftw3_measure            L=32  B=8     m=250   inner=1      min=   211.979 us/xform  median=   212.011  sd=  0.02%     11.59 GF/s  setup=0.086 s
fftw3_measure            L=32  B=8     m=250   inner=1      min=   210.327 us/xform  median=   210.367  sd=  0.02%     11.68 GF/s  setup=0.087 s
fftw3_measure            L=32  B=8     m=250   inner=1      min=   210.143 us/xform  median=   210.203  sd=  0.02%     11.69 GF/s  setup=0.086 s
fftw3_measure            L=32  B=8     m=2     inner=1      min=   283.505 us/xform  median=   283.505  sd=  0.00%      8.67 GF/s  setup=0.086 s
fftw3_patient            L=32  B=8     m=250   inner=1      min=   208.633 us/xform  median=   208.667  sd=  0.01%     11.78 GF/s  setup=0.492 s
fftw3_patient            L=32  B=8     m=250   inner=1      min=   211.522 us/xform  median=   211.564  sd=  0.01%     11.62 GF/s  setup=0.542 s
fftw3_patient            L=32  B=8     m=250   inner=1      min=   209.728 us/xform  median=   209.757  sd=  0.01%     11.72 GF/s  setup=0.492 s
fftw3_patient            L=32  B=8     m=2     inner=1      min=   249.137 us/xform  median=   249.137  sd=  0.00%      9.86 GF/s  setup=0.498 s
gen_bluestein            L=32  B=8     m=250   inner=1      min=   317.266 us/xform  median=   317.302  sd=  0.01%      7.75 GF/s  setup=0.000 s
gen_bluestein            L=32  B=8     m=250   inner=1      min=   314.695 us/xform  median=   314.732  sd=  0.01%      7.81 GF/s  setup=0.000 s
gen_bluestein            L=32  B=8     m=250   inner=1      min=   317.074 us/xform  median=   317.118  sd=  0.01%      7.75 GF/s  setup=0.000 s
gen_bluestein            L=32  B=8     m=2     inner=1      min=   366.354 us/xform  median=   366.354  sd=  0.00%      6.71 GF/s  setup=0.000 s
gen_layout               L=32  B=8     m=250   inner=1      min=   172.732 us/xform  median=   172.819  sd=  0.03%     14.23 GF/s  setup=0.001 s
gen_layout               L=32  B=8     m=250   inner=1      min=   175.913 us/xform  median=   175.955  sd=  0.02%     13.97 GF/s  setup=0.001 s
gen_layout               L=32  B=8     m=250   inner=1      min=   174.352 us/xform  median=   174.385  sd=  0.02%     14.10 GF/s  setup=0.001 s
gen_layout               L=32  B=8     m=2     inner=1      min=   204.909 us/xform  median=   204.909  sd=  0.00%     11.99 GF/s  setup=0.001 s
gen_planner              L=32  B=8     m=250   inner=1      min=   109.458 us/xform  median=   109.493  sd=  0.04%     22.45 GF/s  setup=0.052 s
gen_planner              L=32  B=8     m=250   inner=1      min=   105.717 us/xform  median=   105.744  sd=  0.72%     23.25 GF/s  setup=0.006 s
gen_planner              L=32  B=8     m=250   inner=1      min=   106.279 us/xform  median=   106.299  sd=  0.02%     23.12 GF/s  setup=0.004 s
gen_planner              L=32  B=8     m=2     inner=1      min=   168.202 us/xform  median=   168.202  sd=  0.00%     14.61 GF/s  setup=0.004 s
gen_pow2                 L=32  B=8     m=250   inner=1      min=    56.524 us/xform  median=    56.544  sd=  7.13%     43.48 GF/s  setup=0.000 s
gen_pow2                 L=32  B=8     m=250   inner=1      min=    56.628 us/xform  median=    56.645  sd=  0.03%     43.40 GF/s  setup=0.000 s
gen_pow2                 L=32  B=8     m=250   inner=1      min=    56.532 us/xform  median=    56.542  sd=  0.03%     43.47 GF/s  setup=0.000 s
gen_pow2                 L=32  B=8     m=2     inner=1      min=   106.411 us/xform  median=   106.411  sd=  0.00%     23.10 GF/s  setup=0.000 s
gen_race                 L=32  B=8     m=250   inner=1      min=   106.306 us/xform  median=   106.341  sd=  0.02%     23.12 GF/s  setup=0.152 s
gen_race                 L=32  B=8     m=250   inner=1      min=   105.534 us/xform  median=   105.583  sd=  0.03%     23.29 GF/s  setup=0.007 s
gen_race                 L=32  B=8     m=250   inner=1      min=   111.433 us/xform  median=   111.567  sd=  4.76%     22.05 GF/s  setup=0.010 s
gen_race                 L=32  B=8     m=2     inner=1      min=   139.739 us/xform  median=   139.739  sd=  0.00%     17.59 GF/s  setup=0.003 s
gen_twiddle              L=32  B=8     m=250   inner=1      min=   195.573 us/xform  median=   195.603  sd=  0.01%     12.57 GF/s  setup=0.004 s
gen_twiddle              L=32  B=8     m=250   inner=1      min=   196.465 us/xform  median=   196.522  sd=  0.02%     12.51 GF/s  setup=0.006 s
gen_twiddle              L=32  B=8     m=250   inner=1      min=   198.398 us/xform  median=   198.427  sd=  0.01%     12.39 GF/s  setup=0.006 s
gen_twiddle              L=32  B=8     m=2     inner=1      min=   249.311 us/xform  median=   249.311  sd=  0.00%      9.86 GF/s  setup=0.005 s
mkl2026_dfti             L=32  B=8     m=250   inner=1      min=   192.801 us/xform  median=   193.359  sd=  0.12%     12.75 GF/s  setup=0.003 s
mkl2026_dfti             L=32  B=8     m=250   inner=1      min=   187.565 us/xform  median=   188.020  sd=  0.11%     13.10 GF/s  setup=0.002 s
mkl2026_dfti             L=32  B=8     m=250   inner=1      min=   194.715 us/xform  median=   195.105  sd=  0.09%     12.62 GF/s  setup=0.001 s
mkl2026_dfti             L=32  B=8     m=2     inner=1      min=   241.568 us/xform  median=   241.568  sd=  0.00%     10.17 GF/s  setup=0.001 s
mkl_dfti                 L=32  B=8     m=250   inner=1      min=   172.876 us/xform  median=   173.162  sd=  0.10%     14.22 GF/s  setup=0.002 s
mkl_dfti                 L=32  B=8     m=250   inner=1      min=   172.882 us/xform  median=   173.072  sd=  0.08%     14.22 GF/s  setup=0.001 s
mkl_dfti                 L=32  B=8     m=250   inner=1      min=   172.086 us/xform  median=   172.280  sd=  0.06%     14.28 GF/s  setup=0.002 s
mkl_dfti                 L=32  B=8     m=2     inner=1      min=   230.186 us/xform  median=   230.186  sd=  0.00%     10.68 GF/s  setup=0.002 s
baseline_matrix          L=40  B=8     m=128   inner=1      min= 13462.232 us/xform  median= 13462.470  sd=  0.00%      0.38 GF/s  setup=0.000 s
baseline_matrix          L=40  B=8     m=128   inner=1      min= 13461.066 us/xform  median= 13461.443  sd=  0.00%      0.38 GF/s  setup=0.000 s
baseline_matrix          L=40  B=8     m=128   inner=1      min= 13473.911 us/xform  median= 13474.232  sd=  0.00%      0.38 GF/s  setup=0.000 s
baseline_matrix          L=40  B=8     m=2     inner=1      min= 13545.248 us/xform  median= 13545.248  sd=  0.00%      0.38 GF/s  setup=0.000 s
ducc0_c2c                L=40  B=8     m=128   inner=1      min=   602.287 us/xform  median=   603.541  sd=  0.22%      8.48 GF/s  setup=0.000 s
ducc0_c2c                L=40  B=8     m=128   inner=1      min=   599.803 us/xform  median=   602.104  sd=  0.30%      8.52 GF/s  setup=0.000 s
ducc0_c2c                L=40  B=8     m=128   inner=1      min=   605.829 us/xform  median=   608.288  sd=  0.32%      8.43 GF/s  setup=0.000 s
ducc0_c2c                L=40  B=8     m=2     inner=1      min=   783.406 us/xform  median=   783.406  sd=  0.00%      6.52 GF/s  setup=0.000 s
fftw3_estimate           L=40  B=8     m=128   inner=1      min=  1610.318 us/xform  median=  1614.000  sd=  0.10%      3.17 GF/s  setup=0.002 s
fftw3_estimate           L=40  B=8     m=128   inner=1      min=  1611.850 us/xform  median=  1616.178  sd=  0.10%      3.17 GF/s  setup=0.002 s
fftw3_estimate           L=40  B=8     m=128   inner=1      min=  1608.970 us/xform  median=  1610.590  sd=  0.06%      3.18 GF/s  setup=0.002 s
fftw3_estimate           L=40  B=8     m=2     inner=1      min=  1898.253 us/xform  median=  1898.253  sd=  0.00%      2.69 GF/s  setup=0.002 s
fftw3_guru               L=40  B=8     m=128   inner=1      min=   680.898 us/xform  median=   682.674  sd=  0.19%      7.50 GF/s  setup=0.157 s
fftw3_guru               L=40  B=8     m=128   inner=1      min=   680.223 us/xform  median=   682.690  sd=  0.16%      7.51 GF/s  setup=0.152 s
fftw3_guru               L=40  B=8     m=128   inner=1      min=   702.772 us/xform  median=   706.710  sd=  0.23%      7.27 GF/s  setup=0.154 s
fftw3_guru               L=40  B=8     m=2     inner=1      min=   796.144 us/xform  median=   796.144  sd=  0.00%      6.42 GF/s  setup=0.153 s
fftw3_measure            L=40  B=8     m=128   inner=1      min=   560.456 us/xform  median=   560.852  sd=  0.04%      9.12 GF/s  setup=0.154 s
fftw3_measure            L=40  B=8     m=128   inner=1      min=   559.300 us/xform  median=   559.687  sd=  0.04%      9.13 GF/s  setup=0.154 s
fftw3_measure            L=40  B=8     m=128   inner=1      min=   564.754 us/xform  median=   564.968  sd=  0.02%      9.05 GF/s  setup=0.154 s
fftw3_measure            L=40  B=8     m=2     inner=1      min=   622.023 us/xform  median=   622.023  sd=  0.00%      8.21 GF/s  setup=0.150 s
fftw3_patient            L=40  B=8     m=128   inner=1      min=   520.007 us/xform  median=   520.470  sd=  0.05%      9.82 GF/s  setup=1.291 s
fftw3_patient            L=40  B=8     m=128   inner=1      min=   522.662 us/xform  median=   523.044  sd=  0.04%      9.78 GF/s  setup=1.295 s
fftw3_patient            L=40  B=8     m=128   inner=1      min=   522.119 us/xform  median=   522.386  sd=  0.02%      9.79 GF/s  setup=1.474 s
fftw3_patient            L=40  B=8     m=2     inner=1      min=   597.286 us/xform  median=   597.286  sd=  0.00%      8.55 GF/s  setup=1.295 s
gen_bluestein            L=40  B=8     m=128   inner=1      min=   620.182 us/xform  median=   620.557  sd=  0.03%      8.24 GF/s  setup=0.000 s
gen_bluestein            L=40  B=8     m=128   inner=1      min=   624.152 us/xform  median=   624.524  sd=  0.04%      8.19 GF/s  setup=0.000 s
gen_bluestein            L=40  B=8     m=128   inner=1      min=   622.902 us/xform  median=   623.416  sd=  0.04%      8.20 GF/s  setup=0.000 s
gen_bluestein            L=40  B=8     m=2     inner=1      min=   801.100 us/xform  median=   801.100  sd=  0.00%      6.38 GF/s  setup=0.000 s
gen_layout               L=40  B=8     m=128   inner=1      min=   399.920 us/xform  median=   400.009  sd=  0.03%     12.78 GF/s  setup=0.001 s
gen_layout               L=40  B=8     m=128   inner=1      min=   391.754 us/xform  median=   391.853  sd=  0.03%     13.04 GF/s  setup=0.001 s
gen_layout               L=40  B=8     m=128   inner=1      min=   394.404 us/xform  median=   394.491  sd=  0.03%     12.95 GF/s  setup=0.001 s
gen_layout               L=40  B=8     m=2     inner=1      min=   536.503 us/xform  median=   536.503  sd=  0.00%      9.52 GF/s  setup=0.001 s
gen_pfa_large            L=40  B=8     m=128   inner=1      min=   162.460 us/xform  median=   162.504  sd=  0.06%     31.45 GF/s  setup=1.176 s
gen_pfa_large            L=40  B=8     m=128   inner=1      min=   160.560 us/xform  median=   160.652  sd= 11.73%     31.82 GF/s  setup=0.005 s
gen_pfa_large            L=40  B=8     m=128   inner=1      min=   162.267 us/xform  median=   162.342  sd=  5.38%     31.49 GF/s  setup=0.004 s
gen_pfa_large            L=40  B=8     m=2     inner=1      min=   238.137 us/xform  median=   238.137  sd=  0.00%     21.45 GF/s  setup=0.002 s
gen_planner              L=40  B=8     m=128   inner=1      min=   242.356 us/xform  median=   242.421  sd=  0.04%     21.08 GF/s  setup=0.104 s
gen_planner              L=40  B=8     m=128   inner=1      min=   239.911 us/xform  median=   239.928  sd=  0.05%     21.30 GF/s  setup=0.010 s
gen_planner              L=40  B=8     m=128   inner=1      min=   243.237 us/xform  median=   243.297  sd=  0.05%     21.00 GF/s  setup=0.007 s
gen_planner              L=40  B=8     m=2     inner=1      min=   314.809 us/xform  median=   314.809  sd=  0.00%     16.23 GF/s  setup=0.005 s
gen_race                 L=40  B=8     m=128   inner=1      min=   241.312 us/xform  median=   241.397  sd=  0.05%     21.17 GF/s  setup=0.314 s
gen_race                 L=40  B=8     m=128   inner=1      min=   238.821 us/xform  median=   238.895  sd=  0.09%     21.39 GF/s  setup=0.010 s
gen_race                 L=40  B=8     m=128   inner=1      min=   236.997 us/xform  median=   237.081  sd=  0.05%     21.56 GF/s  setup=0.007 s
gen_race                 L=40  B=8     m=2     inner=1      min=   336.131 us/xform  median=   336.131  sd=  0.00%     15.20 GF/s  setup=0.008 s
gen_twiddle              L=40  B=8     m=128   inner=1      min=   339.232 us/xform  median=   339.271  sd=  0.02%     15.06 GF/s  setup=0.006 s
gen_twiddle              L=40  B=8     m=128   inner=1      min=   345.461 us/xform  median=   345.497  sd=  0.02%     14.79 GF/s  setup=0.006 s
gen_twiddle              L=40  B=8     m=128   inner=1      min=   344.699 us/xform  median=   344.759  sd=  0.03%     14.82 GF/s  setup=0.007 s
gen_twiddle              L=40  B=8     m=2     inner=1      min=   471.347 us/xform  median=   471.347  sd=  0.00%     10.84 GF/s  setup=0.007 s
mkl2026_dfti             L=40  B=8     m=128   inner=1      min=   405.446 us/xform  median=   406.606  sd=  0.14%     12.60 GF/s  setup=0.003 s
mkl2026_dfti             L=40  B=8     m=128   inner=1      min=   404.415 us/xform  median=   404.749  sd=  0.06%     12.63 GF/s  setup=0.002 s
mkl2026_dfti             L=40  B=8     m=128   inner=1      min=   407.009 us/xform  median=   407.300  sd=  0.08%     12.55 GF/s  setup=0.002 s
mkl2026_dfti             L=40  B=8     m=2     inner=1      min=   670.633 us/xform  median=   670.633  sd=  0.00%      7.62 GF/s  setup=0.002 s
mkl_dfti                 L=40  B=8     m=128   inner=1      min=   407.183 us/xform  median=   407.573  sd=  0.04%     12.55 GF/s  setup=0.003 s
mkl_dfti                 L=40  B=8     m=128   inner=1      min=   406.121 us/xform  median=   406.487  sd=  0.07%     12.58 GF/s  setup=0.002 s
mkl_dfti                 L=40  B=8     m=128   inner=1      min=   405.615 us/xform  median=   405.829  sd=  0.04%     12.60 GF/s  setup=0.002 s
mkl_dfti                 L=40  B=8     m=2     inner=1      min=   656.885 us/xform  median=   656.885  sd=  0.00%      7.78 GF/s  setup=0.001 s
baseline_matrix          L=50  B=4     m=128   inner=1      min= 34809.552 us/xform  median= 34812.244  sd=  0.00%      0.30 GF/s  setup=0.000 s
baseline_matrix          L=50  B=4     m=128   inner=1      min= 34344.207 us/xform  median= 34347.899  sd=  0.00%      0.31 GF/s  setup=0.000 s
baseline_matrix          L=50  B=4     m=128   inner=1      min= 34402.719 us/xform  median= 34409.533  sd=  0.01%      0.31 GF/s  setup=0.000 s
baseline_matrix          L=50  B=4     m=2     inner=1      min= 35157.122 us/xform  median= 35157.122  sd=  0.00%      0.30 GF/s  setup=0.000 s
ducc0_c2c                L=50  B=4     m=128   inner=1      min=  1283.135 us/xform  median=  1286.470  sd=  0.25%      8.25 GF/s  setup=0.000 s
ducc0_c2c                L=50  B=4     m=128   inner=1      min=  1297.693 us/xform  median=  1301.808  sd=  0.25%      8.15 GF/s  setup=0.000 s
ducc0_c2c                L=50  B=4     m=128   inner=1      min=  1300.972 us/xform  median=  1306.217  sd=  0.25%      8.13 GF/s  setup=0.000 s
ducc0_c2c                L=50  B=4     m=2     inner=1      min=  1649.717 us/xform  median=  1649.717  sd=  0.00%      6.41 GF/s  setup=0.000 s
fftw3_estimate           L=50  B=4     m=128   inner=1      min=  1612.430 us/xform  median=  1613.380  sd=  0.04%      6.56 GF/s  setup=0.002 s
fftw3_estimate           L=50  B=4     m=128   inner=1      min=  1621.306 us/xform  median=  1623.255  sd=  0.05%      6.53 GF/s  setup=0.003 s
fftw3_estimate           L=50  B=4     m=128   inner=1      min=  1636.012 us/xform  median=  1636.871  sd=  0.06%      6.47 GF/s  setup=0.003 s
fftw3_estimate           L=50  B=4     m=2     inner=1      min=  2027.354 us/xform  median=  2027.354  sd=  0.00%      5.22 GF/s  setup=0.003 s
fftw3_guru               L=50  B=4     m=128   inner=1      min=  1661.764 us/xform  median=  1663.455  sd=  0.11%      6.37 GF/s  setup=0.107 s
fftw3_guru               L=50  B=4     m=128   inner=1      min=  1673.869 us/xform  median=  1676.383  sd=  0.09%      6.32 GF/s  setup=0.106 s
fftw3_guru               L=50  B=4     m=128   inner=1      min=  1668.025 us/xform  median=  1670.588  sd=  0.08%      6.34 GF/s  setup=0.108 s
fftw3_guru               L=50  B=4     m=2     inner=1      min=  1933.816 us/xform  median=  1933.816  sd=  0.00%      5.47 GF/s  setup=0.109 s
fftw3_measure            L=50  B=4     m=128   inner=1      min=  1197.946 us/xform  median=  1198.708  sd=  0.03%      8.83 GF/s  setup=0.091 s
fftw3_measure            L=50  B=4     m=128   inner=1      min=  1195.204 us/xform  median=  1197.097  sd=  0.08%      8.85 GF/s  setup=0.091 s
fftw3_measure            L=50  B=4     m=128   inner=1      min=  1221.297 us/xform  median=  1221.814  sd=  0.03%      8.66 GF/s  setup=0.088 s
fftw3_measure            L=50  B=4     m=2     inner=1      min=  1382.305 us/xform  median=  1382.305  sd=  0.00%      7.66 GF/s  setup=0.091 s
fftw3_patient            L=50  B=4     m=128   inner=1      min=  1161.847 us/xform  median=  1162.696  sd=  0.03%      9.11 GF/s  setup=1.236 s
fftw3_patient            L=50  B=4     m=128   inner=1      min=  1210.607 us/xform  median=  1210.781  sd=  0.02%      8.74 GF/s  setup=1.369 s
fftw3_patient            L=50  B=4     m=128   inner=1      min=  1160.001 us/xform  median=  1160.843  sd=  0.04%      9.12 GF/s  setup=1.325 s
fftw3_patient            L=50  B=4     m=2     inner=1      min=  1301.716 us/xform  median=  1301.716  sd=  0.00%      8.13 GF/s  setup=1.120 s
gen_bluestein            L=50  B=4     m=128   inner=1      min=  1771.651 us/xform  median=  1772.109  sd=  0.02%      5.97 GF/s  setup=0.000 s
gen_bluestein            L=50  B=4     m=128   inner=1      min=  1791.790 us/xform  median=  1792.448  sd=  0.01%      5.91 GF/s  setup=0.000 s
gen_bluestein            L=50  B=4     m=128   inner=1      min=  1786.749 us/xform  median=  1787.380  sd=  0.01%      5.92 GF/s  setup=0.000 s
gen_bluestein            L=50  B=4     m=2     inner=1      min=  2352.180 us/xform  median=  2352.180  sd=  0.00%      4.50 GF/s  setup=0.000 s
gen_layout               L=50  B=4     m=128   inner=1      min=   951.460 us/xform  median=   951.677  sd=  0.02%     11.12 GF/s  setup=0.001 s
gen_layout               L=50  B=4     m=128   inner=1      min=   956.458 us/xform  median=   956.858  sd=  0.02%     11.06 GF/s  setup=0.001 s
gen_layout               L=50  B=4     m=128   inner=1      min=   941.267 us/xform  median=   941.495  sd=  0.02%     11.24 GF/s  setup=0.001 s
gen_layout               L=50  B=4     m=2     inner=1      min=  1145.948 us/xform  median=  1145.948  sd=  0.00%      9.23 GF/s  setup=0.001 s
gen_pfa_large            L=50  B=4     m=128   inner=1      min=   426.233 us/xform  median=   426.300  sd=  0.05%     24.83 GF/s  setup=1.771 s
gen_pfa_large            L=50  B=4     m=128   inner=1      min=   424.210 us/xform  median=   424.283  sd=  0.05%     24.95 GF/s  setup=0.003 s
gen_pfa_large            L=50  B=4     m=128   inner=1      min=   420.018 us/xform  median=   420.056  sd=  0.04%     25.19 GF/s  setup=0.003 s
gen_pfa_large            L=50  B=4     m=2     inner=1      min=   553.947 us/xform  median=   553.947  sd=  0.00%     19.10 GF/s  setup=0.003 s
gen_planner              L=50  B=4     m=128   inner=1      min=   569.237 us/xform  median=   569.328  sd=  0.04%     18.59 GF/s  setup=0.038 s
gen_planner              L=50  B=4     m=128   inner=1      min=   569.740 us/xform  median=   569.811  sd=  0.04%     18.57 GF/s  setup=0.015 s
gen_planner              L=50  B=4     m=128   inner=1      min=   566.668 us/xform  median=   566.727  sd=  0.03%     18.67 GF/s  setup=0.014 s
gen_planner              L=50  B=4     m=2     inner=1      min=   834.815 us/xform  median=   834.815  sd=  0.00%     12.68 GF/s  setup=0.011 s
gen_powp                 L=50  B=4     m=128   inner=1      min=   420.597 us/xform  median=   420.699  sd=  0.05%     25.16 GF/s  setup=1.679 s
gen_powp                 L=50  B=4     m=128   inner=1      min=   429.626 us/xform  median=   429.686  sd=  0.04%     24.63 GF/s  setup=0.004 s
gen_powp                 L=50  B=4     m=128   inner=1      min=   415.524 us/xform  median=   415.695  sd=  0.05%     25.47 GF/s  setup=0.003 s
gen_powp                 L=50  B=4     m=2     inner=1      min=   568.260 us/xform  median=   568.260  sd=  0.00%     18.62 GF/s  setup=0.002 s
gen_race                 L=50  B=4     m=128   inner=1      min=   567.789 us/xform  median=   567.889  sd=  0.05%     18.64 GF/s  setup=0.078 s
gen_race                 L=50  B=4     m=128   inner=1      min=   567.466 us/xform  median=   567.561  sd=  0.03%     18.65 GF/s  setup=0.008 s
gen_race                 L=50  B=4     m=128   inner=1      min=   568.434 us/xform  median=   568.534  sd=  0.03%     18.62 GF/s  setup=0.008 s
gen_race                 L=50  B=4     m=2     inner=1      min=   763.505 us/xform  median=   763.505  sd=  0.00%     13.86 GF/s  setup=0.005 s
gen_twiddle              L=50  B=4     m=128   inner=1      min=   753.703 us/xform  median=   753.861  sd=  0.02%     14.04 GF/s  setup=0.011 s
gen_twiddle              L=50  B=4     m=128   inner=1      min=   747.660 us/xform  median=   747.807  sd=  0.03%     14.15 GF/s  setup=0.012 s
gen_twiddle              L=50  B=4     m=128   inner=1      min=   757.299 us/xform  median=   757.441  sd=  0.02%     13.97 GF/s  setup=0.012 s
gen_twiddle              L=50  B=4     m=2     inner=1      min=  1070.739 us/xform  median=  1070.739  sd=  0.00%      9.88 GF/s  setup=0.012 s
mkl2026_dfti             L=50  B=4     m=128   inner=1      min=   965.357 us/xform  median=   967.406  sd=  0.10%     10.96 GF/s  setup=0.052 s
mkl2026_dfti             L=50  B=4     m=128   inner=1      min=   961.036 us/xform  median=   962.255  sd=  0.11%     11.01 GF/s  setup=0.051 s
mkl2026_dfti             L=50  B=4     m=128   inner=1      min=   960.449 us/xform  median=   961.925  sd=  0.07%     11.02 GF/s  setup=0.050 s
mkl2026_dfti             L=50  B=4     m=2     inner=1      min=  1531.779 us/xform  median=  1531.779  sd=  0.00%      6.91 GF/s  setup=0.052 s
mkl_dfti                 L=50  B=4     m=128   inner=1      min=   943.923 us/xform  median=   945.013  sd=  0.04%     11.21 GF/s  setup=0.032 s
mkl_dfti                 L=50  B=4     m=128   inner=1      min=   947.296 us/xform  median=   948.697  sd=  0.08%     11.17 GF/s  setup=0.051 s
mkl_dfti                 L=50  B=4     m=128   inner=1      min=   945.179 us/xform  median=   945.905  sd=  0.08%     11.20 GF/s  setup=0.050 s
mkl_dfti                 L=50  B=4     m=2     inner=1      min=  1478.729 us/xform  median=  1478.729  sd=  0.00%      7.16 GF/s  setup=0.049 s
baseline_matrix          L=100 B=1     m=2     inner=1      min=607147.233 us/xform  median=607147.233  sd=  0.00%      0.16 GF/s  setup=0.000 s
ducc0_c2c                L=100 B=1     m=64    inner=1      min= 11910.594 us/xform  median= 11939.606  sd=  0.42%      8.37 GF/s  setup=0.000 s
ducc0_c2c                L=100 B=1     m=64    inner=1      min= 11954.657 us/xform  median= 12007.790  sd=  0.47%      8.34 GF/s  setup=0.000 s
ducc0_c2c                L=100 B=1     m=64    inner=1      min= 11947.533 us/xform  median= 11999.343  sd=  0.47%      8.34 GF/s  setup=0.000 s
ducc0_c2c                L=100 B=1     m=2     inner=1      min= 12659.997 us/xform  median= 12659.997  sd=  0.00%      7.87 GF/s  setup=0.000 s
fftw3_estimate           L=100 B=1     m=64    inner=1      min= 20588.506 us/xform  median= 20598.269  sd=  0.02%      4.84 GF/s  setup=0.002 s
fftw3_estimate           L=100 B=1     m=64    inner=1      min= 20666.388 us/xform  median= 20678.094  sd=  0.03%      4.82 GF/s  setup=0.002 s
fftw3_estimate           L=100 B=1     m=64    inner=1      min= 20624.449 us/xform  median= 20641.414  sd=  0.04%      4.83 GF/s  setup=0.002 s
fftw3_estimate           L=100 B=1     m=2     inner=1      min= 24740.180 us/xform  median= 24740.180  sd=  0.00%      4.03 GF/s  setup=0.002 s
fftw3_guru               L=100 B=1     m=64    inner=1      min= 14348.435 us/xform  median= 14419.227  sd=  0.18%      6.95 GF/s  setup=0.333 s
fftw3_guru               L=100 B=1     m=64    inner=1      min= 15849.988 us/xform  median= 15868.642  sd=  0.05%      6.29 GF/s  setup=0.384 s
fftw3_guru               L=100 B=1     m=64    inner=1      min= 14398.710 us/xform  median= 14415.867  sd=  0.09%      6.92 GF/s  setup=0.333 s
fftw3_guru               L=100 B=1     m=2     inner=1      min= 16525.057 us/xform  median= 16525.057  sd=  0.00%      6.03 GF/s  setup=0.332 s
fftw3_measure            L=100 B=1     m=64    inner=1      min= 11148.960 us/xform  median= 11164.261  sd=  0.07%      8.94 GF/s  setup=0.306 s
fftw3_measure            L=100 B=1     m=64    inner=1      min= 12107.331 us/xform  median= 12121.737  sd=  0.07%      8.23 GF/s  setup=0.315 s
fftw3_measure            L=100 B=1     m=64    inner=1      min= 12028.889 us/xform  median= 12048.106  sd=  0.12%      8.28 GF/s  setup=0.313 s
fftw3_measure            L=100 B=1     m=2     inner=1      min= 11561.431 us/xform  median= 11561.431  sd=  0.00%      8.62 GF/s  setup=0.276 s
fftw3_patient            L=100 B=1     m=64    inner=1      min=  9982.696 us/xform  median=  9991.415  sd=  0.04%      9.98 GF/s  setup=17.506 s
fftw3_patient            L=100 B=1     m=64    inner=1      min=  9961.371 us/xform  median=  9966.068  sd=  0.04%     10.00 GF/s  setup=17.483 s
fftw3_patient            L=100 B=1     m=64    inner=1      min= 10071.976 us/xform  median= 10079.454  sd=  0.05%      9.89 GF/s  setup=17.473 s
fftw3_patient            L=100 B=1     m=2     inner=1      min= 10659.103 us/xform  median= 10659.103  sd=  0.00%      9.35 GF/s  setup=17.343 s
gen_bluestein            L=100 B=1     m=64    inner=1      min= 15562.968 us/xform  median= 15567.724  sd=  0.02%      6.40 GF/s  setup=0.000 s
gen_bluestein            L=100 B=1     m=64    inner=1      min= 15819.734 us/xform  median= 15822.017  sd=  0.04%      6.30 GF/s  setup=0.000 s
gen_bluestein            L=100 B=1     m=64    inner=1      min= 15951.254 us/xform  median= 15953.364  sd=  0.04%      6.25 GF/s  setup=0.000 s
gen_bluestein            L=100 B=1     m=2     inner=1      min= 18889.721 us/xform  median= 18889.721  sd=  0.00%      5.28 GF/s  setup=0.000 s
gen_layout               L=100 B=1     m=64    inner=1      min= 12099.883 us/xform  median= 12102.257  sd=  0.04%      8.24 GF/s  setup=0.004 s
gen_layout               L=100 B=1     m=64    inner=1      min= 12205.279 us/xform  median= 12210.453  sd=  0.03%      8.17 GF/s  setup=0.005 s
gen_layout               L=100 B=1     m=64    inner=1      min= 12112.068 us/xform  median= 12115.779  sd=  0.03%      8.23 GF/s  setup=0.005 s
gen_layout               L=100 B=1     m=2     inner=1      min= 12534.401 us/xform  median= 12534.401  sd=  0.00%      7.95 GF/s  setup=0.004 s
gen_pfa_large            L=100 B=1     m=64    inner=1      min=  4581.782 us/xform  median=  4588.875  sd=  0.14%     21.75 GF/s  setup=3.832 s
gen_pfa_large            L=100 B=1     m=64    inner=1      min=  4570.267 us/xform  median=  4575.044  sd=  0.09%     21.81 GF/s  setup=0.003 s
gen_pfa_large            L=100 B=1     m=64    inner=1      min=  4618.119 us/xform  median=  4622.139  sd=  0.10%     21.58 GF/s  setup=0.004 s
gen_pfa_large            L=100 B=1     m=2     inner=1      min=  5341.747 us/xform  median=  5341.747  sd=  0.00%     18.66 GF/s  setup=0.002 s
gen_planner              L=100 B=1     m=64    inner=1      min=  5058.392 us/xform  median=  5061.700  sd=  0.18%     19.70 GF/s  setup=0.315 s
gen_planner              L=100 B=1     m=64    inner=1      min=  5179.195 us/xform  median=  5186.076  sd=  0.09%     19.24 GF/s  setup=0.082 s
gen_planner              L=100 B=1     m=64    inner=1      min=  5115.331 us/xform  median=  5120.667  sd=  0.07%     19.48 GF/s  setup=0.082 s
gen_planner              L=100 B=1     m=2     inner=1      min=  6344.623 us/xform  median=  6344.623  sd=  0.00%     15.71 GF/s  setup=0.071 s
gen_powp                 L=100 B=1     m=64    inner=1      min=  5002.499 us/xform  median=  5009.344  sd=  0.09%     19.92 GF/s  setup=3.334 s
gen_powp                 L=100 B=1     m=64    inner=1      min=  4682.462 us/xform  median=  4689.513  sd=  0.09%     21.28 GF/s  setup=0.003 s
gen_powp                 L=100 B=1     m=64    inner=1      min=  4617.510 us/xform  median=  4623.329  sd=  0.08%     21.58 GF/s  setup=0.003 s
gen_powp                 L=100 B=1     m=2     inner=1      min=  5899.310 us/xform  median=  5899.310  sd=  0.00%     16.89 GF/s  setup=0.003 s
gen_race                 L=100 B=1     m=64    inner=1      min=  5200.083 us/xform  median=  5206.493  sd=  0.14%     19.16 GF/s  setup=0.708 s
gen_race                 L=100 B=1     m=64    inner=1      min=  5271.265 us/xform  median=  5277.769  sd=  0.09%     18.91 GF/s  setup=0.008 s
gen_race                 L=100 B=1     m=64    inner=1      min=  5208.864 us/xform  median=  5217.643  sd=  0.10%     19.13 GF/s  setup=0.007 s
gen_race                 L=100 B=1     m=2     inner=1      min=  6434.491 us/xform  median=  6434.491  sd=  0.00%     15.49 GF/s  setup=0.005 s
gen_twiddle              L=100 B=1     m=64    inner=1      min=  7734.618 us/xform  median=  7742.789  sd=  0.05%     12.88 GF/s  setup=0.086 s
gen_twiddle              L=100 B=1     m=64    inner=1      min=  7751.875 us/xform  median=  7755.802  sd=  0.04%     12.86 GF/s  setup=0.086 s
gen_twiddle              L=100 B=1     m=64    inner=1      min=  8054.753 us/xform  median=  8061.846  sd=  0.07%     12.37 GF/s  setup=0.088 s
gen_twiddle              L=100 B=1     m=2     inner=1      min=  9275.140 us/xform  median=  9275.140  sd=  0.00%     10.74 GF/s  setup=0.077 s
mkl2026_dfti             L=100 B=1     m=64    inner=1      min=  7800.217 us/xform  median=  7811.288  sd=  0.08%     12.78 GF/s  setup=0.055 s
mkl2026_dfti             L=100 B=1     m=64    inner=1      min=  7819.646 us/xform  median=  7829.060  sd=  0.07%     12.74 GF/s  setup=0.054 s
mkl2026_dfti             L=100 B=1     m=64    inner=1      min=  7845.665 us/xform  median=  7850.308  sd=  0.05%     12.70 GF/s  setup=0.053 s
mkl2026_dfti             L=100 B=1     m=2     inner=1      min=  8591.398 us/xform  median=  8591.398  sd=  0.00%     11.60 GF/s  setup=0.029 s
mkl_dfti                 L=100 B=1     m=64    inner=1      min=  7817.485 us/xform  median=  7824.636  sd=  0.06%     12.75 GF/s  setup=0.037 s
mkl_dfti                 L=100 B=1     m=64    inner=1      min=  7797.120 us/xform  median=  7802.284  sd=  0.05%     12.78 GF/s  setup=0.047 s
mkl_dfti                 L=100 B=1     m=64    inner=1      min=  7804.220 us/xform  median=  7816.253  sd=  0.07%     12.77 GF/s  setup=0.049 s
mkl_dfti                 L=100 B=1     m=2     inner=1      min=  9083.786 us/xform  median=  9083.786  sd=  0.00%     10.97 GF/s  setup=0.048 s
