fftw1d_estimate          L=13  B=1     m=1     inner=1499344 min=     0.027 us/xform  median=     0.027  sd=  0.09%      9.05 GF/s  setup=0.001 s
fftw1d_estimate          L=13  B=1     m=1     inner=1170336 min=     0.026 us/xform  median=     0.026  sd=  0.10%      9.12 GF/s  setup=0.001 s
fftw1d_estimate          L=13  B=1     m=1     inner=1154680 min=     0.023 us/xform  median=     0.023  sd=  0.08%     10.63 GF/s  setup=0.001 s
fftw1d_measure           L=13  B=1     m=1     inner=752362 min=     0.026 us/xform  median=     0.026  sd=  0.16%      9.10 GF/s  setup=0.001 s
fftw1d_measure           L=13  B=1     m=1     inner=1204322 min=     0.026 us/xform  median=     0.026  sd=  0.11%      9.12 GF/s  setup=0.001 s
fftw1d_measure           L=13  B=1     m=1     inner=1075892 min=     0.030 us/xform  median=     0.030  sd=  0.10%      8.11 GF/s  setup=0.001 s
fftw1d_patient           L=13  B=1     m=1     inner=754585 min=     0.026 us/xform  median=     0.026  sd=  0.15%      9.13 GF/s  setup=0.001 s
fftw1d_patient           L=13  B=1     m=1     inner=1201820 min=     0.027 us/xform  median=     0.027  sd=  0.13%      9.07 GF/s  setup=0.001 s
fftw1d_patient           L=13  B=1     m=1     inner=1178122 min=     0.027 us/xform  median=     0.027  sd=  0.14%      9.01 GF/s  setup=0.001 s
fftw1d_custom            L=13  B=1     m=1     inner=701116 min=     0.057 us/xform  median=     0.057  sd=  0.12%      4.24 GF/s  setup=0.000 s
fftw1d_custom            L=13  B=1     m=1     inner=569212 min=     0.057 us/xform  median=     0.057  sd=  0.16%      4.24 GF/s  setup=0.000 s
fftw1d_custom            L=13  B=1     m=1     inner=571176 min=     0.057 us/xform  median=     0.057  sd=  0.14%      4.24 GF/s  setup=0.000 s
mkl1d_dfti               L=13  B=1     m=1     inner=954402 min=     0.026 us/xform  median=     0.026  sd=  0.26%      9.30 GF/s  setup=0.050 s
mkl1d_dfti               L=13  B=1     m=1     inner=770666 min=     0.026 us/xform  median=     0.026  sd=  0.40%      9.27 GF/s  setup=0.036 s
mkl1d_dfti               L=13  B=1     m=1     inner=772233 min=     0.026 us/xform  median=     0.026  sd=  0.22%      9.29 GF/s  setup=0.014 s
fftw1d_estimate          L=13  B=512   m=1     inner=1936   min=     0.040 us/xform  median=     0.040  sd=  0.04%      6.02 GF/s  setup=0.001 s
fftw1d_estimate          L=13  B=512   m=1     inner=1546   min=     0.040 us/xform  median=     0.040  sd=  0.07%      6.02 GF/s  setup=0.001 s
fftw1d_estimate          L=13  B=512   m=1     inner=1954   min=     0.040 us/xform  median=     0.040  sd=  0.06%      6.02 GF/s  setup=0.001 s
fftw1d_measure           L=13  B=512   m=1     inner=2249   min=     0.014 us/xform  median=     0.014  sd=  0.11%     16.93 GF/s  setup=0.002 s
fftw1d_measure           L=13  B=512   m=1     inner=5430   min=     0.014 us/xform  median=     0.014  sd=  0.03%     16.94 GF/s  setup=0.002 s
fftw1d_measure           L=13  B=512   m=1     inner=5356   min=     0.014 us/xform  median=     0.014  sd=  0.04%     16.72 GF/s  setup=0.002 s
fftw1d_patient           L=13  B=512   m=1     inner=4544   min=     0.014 us/xform  median=     0.014  sd=  0.09%     17.40 GF/s  setup=0.003 s
fftw1d_patient           L=13  B=512   m=1     inner=4306   min=     0.014 us/xform  median=     0.014  sd=  0.04%     16.76 GF/s  setup=0.003 s
fftw1d_patient           L=13  B=512   m=1     inner=4140   min=     0.014 us/xform  median=     0.014  sd=  0.05%     17.08 GF/s  setup=0.003 s
fftw1d_custom            L=13  B=512   m=1     inner=1598   min=     0.049 us/xform  median=     0.049  sd=  0.04%      4.93 GF/s  setup=0.000 s
fftw1d_custom            L=13  B=512   m=1     inner=1210   min=     0.049 us/xform  median=     0.049  sd=  0.03%      4.94 GF/s  setup=0.000 s
fftw1d_custom            L=13  B=512   m=1     inner=1268   min=     0.049 us/xform  median=     0.049  sd=  0.02%      4.94 GF/s  setup=0.000 s
fftw1d_custom_soa        L=13  B=512   m=1     inner=2070   min=     0.037 us/xform  median=     0.037  sd=  0.06%      6.52 GF/s  setup=0.000 s
fftw1d_custom_soa        L=13  B=512   m=1     inner=1592   min=     0.037 us/xform  median=     0.037  sd=  0.33%      6.52 GF/s  setup=0.000 s
fftw1d_custom_soa        L=13  B=512   m=1     inner=2100   min=     0.037 us/xform  median=     0.037  sd=  0.03%      6.53 GF/s  setup=0.000 s
mkl1d_dfti               L=13  B=512   m=1     inner=2196   min=     0.019 us/xform  median=     0.019  sd=  1.24%     12.47 GF/s  setup=0.051 s
mkl1d_dfti               L=13  B=512   m=1     inner=3984   min=     0.019 us/xform  median=     0.019  sd=  0.19%     12.51 GF/s  setup=0.036 s
mkl1d_dfti               L=13  B=512   m=1     inner=3998   min=     0.019 us/xform  median=     0.019  sd=  0.11%     12.51 GF/s  setup=0.034 s
fftw1d_estimate          L=31  B=1     m=1     inner=98648  min=     0.314 us/xform  median=     0.315  sd=  0.12%      2.45 GF/s  setup=0.001 s
fftw1d_estimate          L=31  B=1     m=1     inner=73670  min=     0.314 us/xform  median=     0.315  sd=  0.09%      2.45 GF/s  setup=0.001 s
fftw1d_estimate          L=31  B=1     m=1     inner=116236 min=     0.313 us/xform  median=     0.315  sd=  0.13%      2.45 GF/s  setup=0.001 s
fftw1d_measure           L=31  B=1     m=1     inner=77386  min=     0.313 us/xform  median=     0.315  sd=  0.13%      2.45 GF/s  setup=0.043 s
fftw1d_measure           L=31  B=1     m=1     inner=83886  min=     0.316 us/xform  median=     0.317  sd=  0.14%      2.43 GF/s  setup=0.043 s
fftw1d_measure           L=31  B=1     m=1     inner=86244  min=     0.318 us/xform  median=     0.318  sd=  0.09%      2.42 GF/s  setup=0.043 s
fftw1d_patient           L=31  B=1     m=1     inner=75948  min=     0.316 us/xform  median=     0.317  sd=  0.12%      2.43 GF/s  setup=0.121 s
fftw1d_patient           L=31  B=1     m=1     inner=68012  min=     0.330 us/xform  median=     0.331  sd=  0.14%      2.33 GF/s  setup=0.121 s
fftw1d_patient           L=31  B=1     m=1     inner=90514  min=     0.319 us/xform  median=     0.320  sd=  0.11%      2.41 GF/s  setup=0.119 s
fftw1d_custom            L=31  B=1     m=1     inner=94394  min=     0.214 us/xform  median=     0.215  sd=  0.29%      3.58 GF/s  setup=0.000 s
fftw1d_custom            L=31  B=1     m=1     inner=95656  min=     0.217 us/xform  median=     0.218  sd=  0.26%      3.54 GF/s  setup=0.000 s
fftw1d_custom            L=31  B=1     m=1     inner=94290  min=     0.217 us/xform  median=     0.217  sd=  0.21%      3.54 GF/s  setup=0.000 s
mkl1d_dfti               L=31  B=1     m=1     inner=49738  min=     0.283 us/xform  median=     0.283  sd=  4.95%      2.72 GF/s  setup=0.048 s
mkl1d_dfti               L=31  B=1     m=1     inner=80808  min=     0.297 us/xform  median=     0.297  sd=  0.03%      2.58 GF/s  setup=0.034 s
mkl1d_dfti               L=31  B=1     m=1     inner=79832  min=     0.279 us/xform  median=     0.280  sd=  0.07%      2.75 GF/s  setup=0.015 s
fftw1d_estimate          L=31  B=512   m=1     inner=172    min=     0.318 us/xform  median=     0.319  sd=  0.05%      2.41 GF/s  setup=0.001 s
fftw1d_estimate          L=31  B=512   m=1     inner=244    min=     0.318 us/xform  median=     0.319  sd=  0.10%      2.42 GF/s  setup=0.001 s
fftw1d_estimate          L=31  B=512   m=1     inner=244    min=     0.318 us/xform  median=     0.319  sd=  0.08%      2.41 GF/s  setup=0.001 s
fftw1d_measure           L=31  B=512   m=1     inner=242    min=     0.318 us/xform  median=     0.319  sd=  0.08%      2.42 GF/s  setup=0.043 s
fftw1d_measure           L=31  B=512   m=1     inner=244    min=     0.318 us/xform  median=     0.319  sd=  0.09%      2.42 GF/s  setup=0.043 s
fftw1d_measure           L=31  B=512   m=1     inner=244    min=     0.318 us/xform  median=     0.319  sd=  0.08%      2.41 GF/s  setup=0.043 s
fftw1d_patient           L=31  B=512   m=1     inner=242    min=     0.318 us/xform  median=     0.319  sd=  0.09%      2.41 GF/s  setup=0.120 s
fftw1d_patient           L=31  B=512   m=1     inner=244    min=     0.264 us/xform  median=     0.319  sd=  7.79%      2.91 GF/s  setup=0.119 s
fftw1d_patient           L=31  B=512   m=1     inner=240    min=     0.321 us/xform  median=     0.322  sd=  0.09%      2.39 GF/s  setup=0.120 s
fftw1d_custom            L=31  B=512   m=1     inner=402    min=     0.193 us/xform  median=     0.193  sd=  0.04%      3.98 GF/s  setup=0.000 s
fftw1d_custom            L=31  B=512   m=1     inner=314    min=     0.197 us/xform  median=     0.197  sd=  0.04%      3.90 GF/s  setup=0.000 s
fftw1d_custom            L=31  B=512   m=1     inner=300    min=     0.197 us/xform  median=     0.197  sd=  0.08%      3.90 GF/s  setup=0.000 s
fftw1d_custom_soa        L=31  B=512   m=1     inner=740    min=     0.105 us/xform  median=     0.110  sd=  2.21%      7.32 GF/s  setup=0.000 s
fftw1d_custom_soa        L=31  B=512   m=1     inner=566    min=     0.092 us/xform  median=     0.092  sd=  0.58%      8.33 GF/s  setup=0.000 s
fftw1d_custom_soa        L=31  B=512   m=1     inner=423    min=     0.092 us/xform  median=     0.092  sd=  0.05%      8.32 GF/s  setup=0.000 s
mkl1d_dfti               L=31  B=512   m=1     inner=156    min=     0.274 us/xform  median=     0.274  sd=  1.04%      2.81 GF/s  setup=0.054 s
mkl1d_dfti               L=31  B=512   m=1     inner=276    min=     0.274 us/xform  median=     0.274  sd=  0.03%      2.81 GF/s  setup=0.037 s
mkl1d_dfti               L=31  B=512   m=1     inner=284    min=     0.273 us/xform  median=     0.274  sd=  0.05%      2.81 GF/s  setup=0.014 s
fftw1d_estimate          L=32  B=1     m=1     inner=836918 min=     0.047 us/xform  median=     0.047  sd=  0.27%     16.97 GF/s  setup=0.001 s
fftw1d_estimate          L=32  B=1     m=1     inner=564874 min=     0.053 us/xform  median=     0.053  sd=  0.41%     15.08 GF/s  setup=0.001 s
fftw1d_estimate          L=32  B=1     m=1     inner=657994 min=     0.047 us/xform  median=     0.047  sd=  0.30%     16.95 GF/s  setup=0.001 s
fftw1d_measure           L=32  B=1     m=1     inner=544524 min=     0.036 us/xform  median=     0.037  sd=  0.98%     22.30 GF/s  setup=0.008 s
fftw1d_measure           L=32  B=1     m=1     inner=444286 min=     0.045 us/xform  median=     0.045  sd=  0.42%     17.91 GF/s  setup=0.007 s
fftw1d_measure           L=32  B=1     m=1     inner=851538 min=     0.039 us/xform  median=     0.039  sd=  1.05%     20.76 GF/s  setup=0.008 s
fftw1d_patient           L=32  B=1     m=1     inner=884586 min=     0.040 us/xform  median=     0.041  sd=  0.71%     19.76 GF/s  setup=0.016 s
fftw1d_patient           L=32  B=1     m=1     inner=948708 min=     0.037 us/xform  median=     0.038  sd=  0.45%     21.44 GF/s  setup=0.015 s
fftw1d_patient           L=32  B=1     m=1     inner=875178 min=     0.042 us/xform  median=     0.042  sd=  0.17%     19.08 GF/s  setup=0.015 s
fftw1d_custom            L=32  B=1     m=1     inner=196116 min=     0.108 us/xform  median=     0.108  sd=  0.19%      7.41 GF/s  setup=0.000 s
fftw1d_custom            L=32  B=1     m=1     inner=311228 min=     0.111 us/xform  median=     0.112  sd=  0.07%      7.18 GF/s  setup=0.000 s
fftw1d_custom            L=32  B=1     m=1     inner=289708 min=     0.113 us/xform  median=     0.113  sd=  0.13%      7.10 GF/s  setup=0.000 s
mkl1d_dfti               L=32  B=1     m=1     inner=775937 min=     0.026 us/xform  median=     0.026  sd=  0.48%     31.17 GF/s  setup=0.002 s
mkl1d_dfti               L=32  B=1     m=1     inner=1029952 min=     0.031 us/xform  median=     0.032  sd=  0.64%     25.60 GF/s  setup=0.002 s
mkl1d_dfti               L=32  B=1     m=1     inner=1238060 min=     0.025 us/xform  median=     0.025  sd=  0.56%     31.64 GF/s  setup=0.002 s
fftw1d_estimate          L=32  B=512   m=1     inner=382    min=     0.102 us/xform  median=     0.102  sd=  0.16%      7.85 GF/s  setup=0.001 s
fftw1d_estimate          L=32  B=512   m=1     inner=764    min=     0.102 us/xform  median=     0.102  sd=  0.03%      7.83 GF/s  setup=0.001 s
fftw1d_estimate          L=32  B=512   m=1     inner=385    min=     0.101 us/xform  median=     0.101  sd=  0.11%      7.91 GF/s  setup=0.001 s
fftw1d_measure           L=32  B=512   m=1     inner=2540   min=     0.025 us/xform  median=     0.026  sd=  6.55%     31.56 GF/s  setup=0.010 s
fftw1d_measure           L=32  B=512   m=1     inner=2296   min=     0.029 us/xform  median=     0.029  sd=  0.02%     27.56 GF/s  setup=0.010 s
fftw1d_measure           L=32  B=512   m=1     inner=1964   min=     0.026 us/xform  median=     0.026  sd=  0.05%     30.68 GF/s  setup=0.011 s
fftw1d_patient           L=32  B=512   m=1     inner=2986   min=     0.025 us/xform  median=     0.025  sd=  0.05%     31.86 GF/s  setup=0.056 s
fftw1d_patient           L=32  B=512   m=1     inner=2928   min=     0.025 us/xform  median=     0.025  sd=  0.03%     32.21 GF/s  setup=0.056 s
fftw1d_patient           L=32  B=512   m=1     inner=2806   min=     0.026 us/xform  median=     0.026  sd=  0.03%     30.44 GF/s  setup=0.056 s
fftw1d_custom            L=32  B=512   m=1     inner=359    min=     0.109 us/xform  median=     0.111  sd=  2.77%      7.32 GF/s  setup=0.000 s
fftw1d_custom            L=32  B=512   m=1     inner=554    min=     0.111 us/xform  median=     0.111  sd=  0.04%      7.24 GF/s  setup=0.000 s
fftw1d_custom            L=32  B=512   m=1     inner=694    min=     0.111 us/xform  median=     0.111  sd=  0.01%      7.22 GF/s  setup=0.000 s
fftw1d_custom_soa        L=32  B=512   m=1     inner=910    min=     0.085 us/xform  median=     0.085  sd=  0.04%      9.37 GF/s  setup=0.000 s
fftw1d_custom_soa        L=32  B=512   m=1     inner=606    min=     0.104 us/xform  median=     0.104  sd=  0.08%      7.68 GF/s  setup=0.000 s
fftw1d_custom_soa        L=32  B=512   m=1     inner=606    min=     0.101 us/xform  median=     0.101  sd=  0.03%      7.94 GF/s  setup=0.000 s
mkl1d_dfti               L=32  B=512   m=1     inner=4434   min=     0.017 us/xform  median=     0.017  sd=  0.01%     45.93 GF/s  setup=0.002 s
mkl1d_dfti               L=32  B=512   m=1     inner=3684   min=     0.015 us/xform  median=     0.015  sd=  0.01%     52.31 GF/s  setup=0.002 s
mkl1d_dfti               L=32  B=512   m=1     inner=5060   min=     0.015 us/xform  median=     0.015  sd=  0.01%     52.31 GF/s  setup=0.001 s
fftw1d_estimate          L=60  B=1     m=1     inner=413592 min=     0.096 us/xform  median=     0.096  sd=  0.07%     18.47 GF/s  setup=0.001 s
fftw1d_estimate          L=60  B=1     m=1     inner=318154 min=     0.095 us/xform  median=     0.095  sd=  0.10%     18.73 GF/s  setup=0.001 s
fftw1d_estimate          L=60  B=1     m=1     inner=317362 min=     0.085 us/xform  median=     0.086  sd=  0.06%     20.76 GF/s  setup=0.001 s
fftw1d_measure           L=60  B=1     m=1     inner=526302 min=     0.075 us/xform  median=     0.075  sd=  0.41%     23.75 GF/s  setup=0.046 s
fftw1d_measure           L=60  B=1     m=1     inner=542722 min=     0.073 us/xform  median=     0.073  sd=  0.13%     24.22 GF/s  setup=0.047 s
fftw1d_measure           L=60  B=1     m=1     inner=648436 min=     0.061 us/xform  median=     0.062  sd=  0.10%     28.83 GF/s  setup=0.045 s
fftw1d_patient           L=60  B=1     m=1     inner=468762 min=     0.085 us/xform  median=     0.085  sd=  0.30%     20.97 GF/s  setup=0.128 s
fftw1d_patient           L=60  B=1     m=1     inner=566122 min=     0.069 us/xform  median=     0.069  sd=  0.63%     25.68 GF/s  setup=0.128 s
fftw1d_patient           L=60  B=1     m=1     inner=620252 min=     0.064 us/xform  median=     0.064  sd=  0.34%     27.70 GF/s  setup=0.125 s
fftw1d_custom            L=60  B=1     m=1     inner=94810  min=     0.278 us/xform  median=     0.279  sd=  0.27%      6.38 GF/s  setup=0.000 s
fftw1d_custom            L=60  B=1     m=1     inner=84214  min=     0.230 us/xform  median=     0.232  sd=  0.80%      7.69 GF/s  setup=0.000 s
fftw1d_custom            L=60  B=1     m=1     inner=132356 min=     0.231 us/xform  median=     0.232  sd=  0.31%      7.68 GF/s  setup=0.000 s
mkl1d_dfti               L=60  B=1     m=1     inner=697384 min=     0.054 us/xform  median=     0.054  sd=  0.18%     33.00 GF/s  setup=0.001 s
mkl1d_dfti               L=60  B=1     m=1     inner=737484 min=     0.054 us/xform  median=     0.054  sd=  0.25%     32.81 GF/s  setup=0.001 s
mkl1d_dfti               L=60  B=1     m=1     inner=342164 min=     0.058 us/xform  median=     0.058  sd=  0.13%     30.42 GF/s  setup=0.001 s
fftw1d_estimate          L=60  B=512   m=1     inner=395    min=     0.098 us/xform  median=     0.098  sd=  0.97%     18.10 GF/s  setup=0.001 s
fftw1d_estimate          L=60  B=512   m=1     inner=594    min=     0.099 us/xform  median=     0.099  sd=  0.13%     17.89 GF/s  setup=0.001 s
fftw1d_estimate          L=60  B=512   m=1     inner=548    min=     0.110 us/xform  median=     0.110  sd=  0.08%     16.18 GF/s  setup=0.001 s
fftw1d_measure           L=60  B=512   m=1     inner=836    min=     0.092 us/xform  median=     0.093  sd=  0.24%     19.20 GF/s  setup=0.046 s
fftw1d_measure           L=60  B=512   m=1     inner=742    min=     0.104 us/xform  median=     0.104  sd=  0.10%     17.00 GF/s  setup=0.047 s
fftw1d_measure           L=60  B=512   m=1     inner=980    min=     0.079 us/xform  median=     0.081  sd=  0.76%     22.33 GF/s  setup=0.046 s
fftw1d_patient           L=60  B=512   m=1     inner=1114   min=     0.070 us/xform  median=     0.070  sd=  0.04%     25.40 GF/s  setup=0.386 s
fftw1d_patient           L=60  B=512   m=1     inner=990    min=     0.075 us/xform  median=     0.076  sd=  0.08%     23.49 GF/s  setup=0.437 s
fftw1d_patient           L=60  B=512   m=1     inner=1122   min=     0.069 us/xform  median=     0.069  sd=  0.05%     25.67 GF/s  setup=0.390 s
fftw1d_custom            L=60  B=512   m=1     inner=276    min=     0.286 us/xform  median=     0.304  sd=  2.04%      6.20 GF/s  setup=0.000 s
fftw1d_custom            L=60  B=512   m=1     inner=129    min=     0.302 us/xform  median=     0.303  sd=  0.07%      5.87 GF/s  setup=0.000 s
fftw1d_custom            L=60  B=512   m=1     inner=210    min=     0.383 us/xform  median=     0.386  sd=  0.18%      4.63 GF/s  setup=0.000 s
fftw1d_custom_soa        L=60  B=512   m=1     inner=334    min=     0.243 us/xform  median=     0.263  sd=  2.78%      7.30 GF/s  setup=0.000 s
fftw1d_custom_soa        L=60  B=512   m=1     inner=246    min=     0.198 us/xform  median=     0.198  sd=  2.25%      8.94 GF/s  setup=0.000 s
fftw1d_custom_soa        L=60  B=512   m=1     inner=302    min=     0.215 us/xform  median=     0.261  sd=  6.62%      8.23 GF/s  setup=0.000 s
mkl1d_dfti               L=60  B=512   m=1     inner=1528   min=     0.050 us/xform  median=     0.051  sd=  0.59%     35.59 GF/s  setup=0.002 s
mkl1d_dfti               L=60  B=512   m=1     inner=1072   min=     0.048 us/xform  median=     0.048  sd=  1.30%     37.08 GF/s  setup=0.002 s
mkl1d_dfti               L=60  B=512   m=1     inner=1788   min=     0.043 us/xform  median=     0.044  sd=  0.04%     40.75 GF/s  setup=0.001 s
fftw1d_estimate          L=64  B=1     m=1     inner=234871 min=     0.080 us/xform  median=     0.080  sd=  2.25%     24.11 GF/s  setup=0.001 s
fftw1d_estimate          L=64  B=1     m=1     inner=246921 min=     0.080 us/xform  median=     0.081  sd=  0.47%     23.95 GF/s  setup=0.001 s
fftw1d_estimate          L=64  B=1     m=1     inner=482960 min=     0.082 us/xform  median=     0.082  sd=  0.16%     23.43 GF/s  setup=0.000 s
fftw1d_measure           L=64  B=1     m=1     inner=602478 min=     0.066 us/xform  median=     0.066  sd=  0.06%     29.06 GF/s  setup=0.022 s
fftw1d_measure           L=64  B=1     m=1     inner=581416 min=     0.066 us/xform  median=     0.066  sd=  0.31%     29.12 GF/s  setup=0.023 s
fftw1d_measure           L=64  B=1     m=1     inner=449986 min=     0.087 us/xform  median=     0.088  sd=  0.11%     21.95 GF/s  setup=0.023 s
fftw1d_patient           L=64  B=1     m=1     inner=603582 min=     0.066 us/xform  median=     0.066  sd=  0.07%     29.10 GF/s  setup=0.054 s
fftw1d_patient           L=64  B=1     m=1     inner=679964 min=     0.058 us/xform  median=     0.058  sd=  0.27%     33.09 GF/s  setup=0.054 s
fftw1d_patient           L=64  B=1     m=1     inner=685202 min=     0.058 us/xform  median=     0.058  sd=  0.23%     33.26 GF/s  setup=0.054 s
fftw1d_custom            L=64  B=1     m=1     inner=92464  min=     0.272 us/xform  median=     0.273  sd=  0.13%      7.06 GF/s  setup=0.000 s
fftw1d_custom            L=64  B=1     m=1     inner=96084  min=     0.297 us/xform  median=     0.297  sd=  0.07%      6.47 GF/s  setup=0.000 s
fftw1d_custom            L=64  B=1     m=1     inner=93878  min=     0.272 us/xform  median=     0.273  sd=  0.15%      7.05 GF/s  setup=0.000 s
mkl1d_dfti               L=64  B=1     m=1     inner=813778 min=     0.049 us/xform  median=     0.049  sd=  0.18%     39.17 GF/s  setup=0.001 s
mkl1d_dfti               L=64  B=1     m=1     inner=646810 min=     0.049 us/xform  median=     0.049  sd=  0.09%     39.23 GF/s  setup=0.002 s
mkl1d_dfti               L=64  B=1     m=1     inner=626708 min=     0.045 us/xform  median=     0.045  sd=  0.11%     42.76 GF/s  setup=0.002 s
fftw1d_estimate          L=64  B=512   m=1     inner=352    min=     0.222 us/xform  median=     0.228  sd=  1.18%      8.67 GF/s  setup=0.001 s
fftw1d_estimate          L=64  B=512   m=1     inner=278    min=     0.192 us/xform  median=     0.192  sd=  0.28%     10.00 GF/s  setup=0.001 s
fftw1d_estimate          L=64  B=512   m=1     inner=394    min=     0.197 us/xform  median=     0.197  sd=  0.09%      9.76 GF/s  setup=0.000 s
fftw1d_measure           L=64  B=512   m=1     inner=1020   min=     0.065 us/xform  median=     0.065  sd=  0.07%     29.47 GF/s  setup=0.027 s
fftw1d_measure           L=64  B=512   m=1     inner=938    min=     0.073 us/xform  median=     0.073  sd=  0.05%     26.30 GF/s  setup=0.029 s
fftw1d_measure           L=64  B=512   m=1     inner=1094   min=     0.065 us/xform  median=     0.065  sd=  0.16%     29.61 GF/s  setup=0.026 s
fftw1d_patient           L=64  B=512   m=1     inner=880    min=     0.086 us/xform  median=     0.086  sd=  0.11%     22.26 GF/s  setup=0.240 s
fftw1d_patient           L=64  B=512   m=1     inner=1096   min=     0.065 us/xform  median=     0.065  sd=  0.14%     29.61 GF/s  setup=0.221 s
fftw1d_patient           L=64  B=512   m=1     inner=936    min=     0.083 us/xform  median=     0.083  sd=  0.10%     23.24 GF/s  setup=0.244 s
fftw1d_custom            L=64  B=512   m=1     inner=268    min=     0.260 us/xform  median=     0.260  sd=  0.81%      7.39 GF/s  setup=0.000 s
fftw1d_custom            L=64  B=512   m=1     inner=290    min=     0.259 us/xform  median=     0.260  sd=  0.03%      7.40 GF/s  setup=0.000 s
fftw1d_custom            L=64  B=512   m=1     inner=202    min=     0.267 us/xform  median=     0.267  sd=  0.11%      7.20 GF/s  setup=0.000 s
fftw1d_custom_soa        L=64  B=512   m=1     inner=340    min=     0.211 us/xform  median=     0.211  sd=  0.68%      9.10 GF/s  setup=0.000 s
fftw1d_custom_soa        L=64  B=512   m=1     inner=262    min=     0.215 us/xform  median=     0.215  sd=  0.02%      8.93 GF/s  setup=0.000 s
fftw1d_custom_soa        L=64  B=512   m=1     inner=360    min=     0.214 us/xform  median=     0.214  sd=  0.03%      8.98 GF/s  setup=0.000 s
mkl1d_dfti               L=64  B=512   m=1     inner=1912   min=     0.038 us/xform  median=     0.038  sd=  0.55%     50.15 GF/s  setup=0.001 s
mkl1d_dfti               L=64  B=512   m=1     inner=1394   min=     0.041 us/xform  median=     0.041  sd=  0.06%     47.10 GF/s  setup=0.002 s
mkl1d_dfti               L=64  B=512   m=1     inner=1992   min=     0.039 us/xform  median=     0.039  sd=  0.04%     49.20 GF/s  setup=0.001 s
fftw1d_estimate          L=128 B=1     m=1     inner=229642 min=     0.172 us/xform  median=     0.173  sd=  0.27%     26.06 GF/s  setup=0.001 s
fftw1d_estimate          L=128 B=1     m=1     inner=183028 min=     0.151 us/xform  median=     0.152  sd=  0.30%     29.63 GF/s  setup=0.001 s
fftw1d_estimate          L=128 B=1     m=1     inner=176994 min=     0.171 us/xform  median=     0.172  sd=  0.32%     26.21 GF/s  setup=0.001 s
fftw1d_measure           L=128 B=1     m=1     inner=322662 min=     0.123 us/xform  median=     0.124  sd=  0.06%     36.29 GF/s  setup=0.040 s
fftw1d_measure           L=128 B=1     m=1     inner=308528 min=     0.129 us/xform  median=     0.129  sd=  0.04%     34.74 GF/s  setup=0.040 s
fftw1d_measure           L=128 B=1     m=1     inner=314098 min=     0.127 us/xform  median=     0.127  sd=  0.08%     35.40 GF/s  setup=0.040 s
fftw1d_patient           L=128 B=1     m=1     inner=338222 min=     0.104 us/xform  median=     0.118  sd=  5.13%     43.27 GF/s  setup=0.136 s
fftw1d_patient           L=128 B=1     m=1     inner=337094 min=     0.118 us/xform  median=     0.118  sd=  0.03%     37.92 GF/s  setup=0.136 s
fftw1d_patient           L=128 B=1     m=1     inner=372802 min=     0.107 us/xform  median=     0.107  sd=  0.03%     41.84 GF/s  setup=0.135 s
fftw1d_custom            L=128 B=1     m=1     inner=45400  min=     0.772 us/xform  median=     0.772  sd=  0.02%      5.80 GF/s  setup=0.000 s
fftw1d_custom            L=128 B=1     m=1     inner=47042  min=     0.692 us/xform  median=     0.772  sd=  2.71%      6.48 GF/s  setup=0.000 s
fftw1d_custom            L=128 B=1     m=1     inner=36198  min=     0.772 us/xform  median=     0.772  sd=  0.03%      5.80 GF/s  setup=0.000 s
mkl1d_dfti               L=128 B=1     m=1     inner=190420 min=     0.105 us/xform  median=     0.105  sd=  0.37%     42.78 GF/s  setup=0.002 s
mkl1d_dfti               L=128 B=1     m=1     inner=319104 min=     0.091 us/xform  median=     0.092  sd=  0.32%     49.14 GF/s  setup=0.002 s
mkl1d_dfti               L=128 B=1     m=1     inner=288822 min=     0.092 us/xform  median=     0.093  sd=  0.33%     48.60 GF/s  setup=0.001 s
fftw1d_estimate          L=128 B=512   m=1     inner=160    min=     0.456 us/xform  median=     0.457  sd=  0.91%      9.82 GF/s  setup=0.001 s
fftw1d_estimate          L=128 B=512   m=1     inner=170    min=     0.456 us/xform  median=     0.456  sd=  0.06%      9.83 GF/s  setup=0.001 s
fftw1d_estimate          L=128 B=512   m=1     inner=118    min=     0.524 us/xform  median=     0.686  sd=  9.88%      8.55 GF/s  setup=0.001 s
fftw1d_measure           L=128 B=512   m=1     inner=318    min=     0.211 us/xform  median=     0.211  sd=  0.45%     21.25 GF/s  setup=0.049 s
fftw1d_measure           L=128 B=512   m=1     inner=358    min=     0.191 us/xform  median=     0.191  sd=  4.44%     23.51 GF/s  setup=0.048 s
fftw1d_measure           L=128 B=512   m=1     inner=408    min=     0.191 us/xform  median=     0.191  sd=  0.03%     23.50 GF/s  setup=0.046 s
fftw1d_patient           L=128 B=512   m=1     inner=204    min=     0.198 us/xform  median=     0.223  sd=  8.13%     22.57 GF/s  setup=0.860 s
fftw1d_patient           L=128 B=512   m=1     inner=210    min=     0.186 us/xform  median=     0.186  sd=  0.02%     24.09 GF/s  setup=0.702 s
fftw1d_patient           L=128 B=512   m=1     inner=404    min=     0.193 us/xform  median=     0.193  sd=  0.05%     23.21 GF/s  setup=0.713 s
fftw1d_custom            L=128 B=512   m=1     inner=90     min=     0.880 us/xform  median=     1.177  sd= 10.14%      5.09 GF/s  setup=0.000 s
fftw1d_custom            L=128 B=512   m=1     inner=58     min=     0.743 us/xform  median=     0.744  sd=  3.70%      6.03 GF/s  setup=0.000 s
fftw1d_custom            L=128 B=512   m=1     inner=104    min=     0.741 us/xform  median=     0.742  sd=  0.04%      6.04 GF/s  setup=0.000 s
fftw1d_custom_soa        L=128 B=512   m=1     inner=138    min=     0.586 us/xform  median=     0.614  sd=  1.35%      7.64 GF/s  setup=0.000 s
fftw1d_custom_soa        L=128 B=512   m=1     inner=126    min=     0.511 us/xform  median=     0.613  sd=  8.78%      8.77 GF/s  setup=0.000 s
fftw1d_custom_soa        L=128 B=512   m=1     inner=114    min=     0.525 us/xform  median=     0.525  sd=  0.02%      8.54 GF/s  setup=0.000 s
mkl1d_dfti               L=128 B=512   m=1     inner=504    min=     0.149 us/xform  median=     0.150  sd=  0.47%     30.00 GF/s  setup=0.001 s
mkl1d_dfti               L=128 B=512   m=1     inner=267    min=     0.148 us/xform  median=     0.148  sd=  0.09%     30.35 GF/s  setup=0.001 s
mkl1d_dfti               L=128 B=512   m=1     inner=516    min=     0.150 us/xform  median=     0.150  sd=  0.08%     29.88 GF/s  setup=0.001 s
fftw1d_estimate          L=1024 B=1     m=1     inner=14033  min=     1.338 us/xform  median=     1.347  sd=  2.31%     38.28 GF/s  setup=0.001 s
fftw1d_estimate          L=1024 B=1     m=1     inner=14843  min=     1.350 us/xform  median=     1.354  sd=  0.20%     37.92 GF/s  setup=0.001 s
fftw1d_estimate          L=1024 B=1     m=1     inner=14820  min=     1.345 us/xform  median=     1.352  sd=  0.26%     38.07 GF/s  setup=0.001 s
fftw1d_measure           L=1024 B=1     m=1     inner=29630  min=     1.169 us/xform  median=     1.172  sd=  0.11%     43.78 GF/s  setup=0.115 s
fftw1d_measure           L=1024 B=1     m=1     inner=30396  min=     1.179 us/xform  median=     1.183  sd=  0.14%     43.43 GF/s  setup=0.115 s
fftw1d_measure           L=1024 B=1     m=1     inner=31372  min=     1.160 us/xform  median=     1.161  sd=  0.06%     44.15 GF/s  setup=0.114 s
fftw1d_patient           L=1024 B=1     m=1     inner=32146  min=     1.154 us/xform  median=     1.155  sd=  0.10%     44.38 GF/s  setup=0.791 s
fftw1d_patient           L=1024 B=1     m=1     inner=31372  min=     1.163 us/xform  median=     1.164  sd=  0.08%     44.02 GF/s  setup=0.792 s
fftw1d_patient           L=1024 B=1     m=1     inner=29846  min=     1.174 us/xform  median=     1.176  sd=  0.06%     43.60 GF/s  setup=0.795 s
mkl1d_dfti               L=1024 B=1     m=1     inner=27356  min=     1.090 us/xform  median=     1.090  sd=  0.01%     46.99 GF/s  setup=0.001 s
mkl1d_dfti               L=1024 B=1     m=1     inner=27934  min=     1.084 us/xform  median=     1.085  sd=  0.22%     47.22 GF/s  setup=0.001 s
mkl1d_dfti               L=1024 B=1     m=1     inner=29068  min=     1.087 us/xform  median=     1.087  sd=  0.02%     47.10 GF/s  setup=0.001 s
fftw1d_estimate          L=1024 B=512   m=1     inner=26     min=     2.372 us/xform  median=     2.380  sd=  0.36%     21.59 GF/s  setup=0.001 s
fftw1d_estimate          L=1024 B=512   m=1     inner=30     min=     2.395 us/xform  median=     2.404  sd=  0.31%     21.38 GF/s  setup=0.001 s
fftw1d_estimate          L=1024 B=512   m=1     inner=24     min=     2.840 us/xform  median=     3.696  sd=  8.64%     18.03 GF/s  setup=0.001 s
fftw1d_measure           L=1024 B=512   m=1     inner=30     min=     2.487 us/xform  median=     2.493  sd=  0.17%     20.59 GF/s  setup=0.117 s
fftw1d_measure           L=1024 B=512   m=1     inner=40     min=     1.843 us/xform  median=     1.846  sd=  0.31%     27.79 GF/s  setup=0.116 s
fftw1d_measure           L=1024 B=512   m=1     inner=38     min=     1.976 us/xform  median=     1.985  sd=  0.30%     25.91 GF/s  setup=0.115 s
fftw1d_patient           L=1024 B=512   m=1     inner=38     min=     1.960 us/xform  median=     1.964  sd=  0.32%     26.12 GF/s  setup=11.486 s
fftw1d_patient           L=1024 B=512   m=1     inner=42     min=     1.805 us/xform  median=     1.810  sd=  0.18%     28.36 GF/s  setup=11.482 s
fftw1d_patient           L=1024 B=512   m=1     inner=40     min=     1.866 us/xform  median=     1.869  sd=  0.25%     27.44 GF/s  setup=11.944 s
mkl1d_dfti               L=1024 B=512   m=1     inner=38     min=     2.007 us/xform  median=     2.010  sd=  0.13%     25.51 GF/s  setup=0.002 s
mkl1d_dfti               L=1024 B=512   m=1     inner=34     min=     1.691 us/xform  median=     1.838  sd=  8.80%     30.28 GF/s  setup=0.002 s
mkl1d_dfti               L=1024 B=512   m=1     inner=44     min=     1.684 us/xform  median=     1.688  sd=  0.19%     30.41 GF/s  setup=0.001 s
fftw1d_estimate          L=4096 B=1     m=1     inner=1186   min=    15.822 us/xform  median=    15.826  sd=  2.38%     15.53 GF/s  setup=0.001 s
fftw1d_estimate          L=4096 B=1     m=1     inner=1278   min=    15.726 us/xform  median=    15.730  sd=  0.01%     15.63 GF/s  setup=0.001 s
fftw1d_estimate          L=4096 B=1     m=1     inner=1784   min=    17.856 us/xform  median=    17.859  sd=  0.02%     13.76 GF/s  setup=0.001 s
fftw1d_measure           L=4096 B=1     m=1     inner=4658   min=     8.473 us/xform  median=     8.475  sd=  0.02%     29.01 GF/s  setup=0.234 s
fftw1d_measure           L=4096 B=1     m=1     inner=4616   min=     7.473 us/xform  median=     7.476  sd=  6.50%     32.89 GF/s  setup=0.234 s
fftw1d_measure           L=4096 B=1     m=1     inner=2758   min=     7.264 us/xform  median=     7.267  sd=  0.03%     33.83 GF/s  setup=0.220 s
fftw1d_patient           L=4096 B=1     m=1     inner=5786   min=     6.846 us/xform  median=     6.849  sd=  0.02%     35.90 GF/s  setup=1.933 s
fftw1d_patient           L=4096 B=1     m=1     inner=5952   min=     6.714 us/xform  median=     6.717  sd=  0.03%     36.61 GF/s  setup=1.933 s
fftw1d_patient           L=4096 B=1     m=1     inner=5836   min=     6.823 us/xform  median=     6.824  sd=  0.02%     36.02 GF/s  setup=1.931 s
mkl1d_dfti               L=4096 B=1     m=1     inner=4496   min=     6.042 us/xform  median=     6.043  sd=  0.04%     40.68 GF/s  setup=0.002 s
mkl1d_dfti               L=4096 B=1     m=1     inner=4742   min=     6.860 us/xform  median=     6.862  sd=  0.01%     35.82 GF/s  setup=0.002 s
mkl1d_dfti               L=4096 B=1     m=1     inner=4576   min=     6.003 us/xform  median=     6.004  sd=  0.02%     40.94 GF/s  setup=0.002 s
fftw1d_estimate          L=4096 B=256   m=1     inner=4      min=    32.161 us/xform  median=    32.295  sd=  0.31%      7.64 GF/s  setup=0.001 s
fftw1d_estimate          L=4096 B=256   m=1     inner=4      min=    31.718 us/xform  median=    31.886  sd=  0.37%      7.75 GF/s  setup=0.001 s
fftw1d_estimate          L=4096 B=256   m=1     inner=4      min=    31.377 us/xform  median=    31.449  sd=  0.10%      7.83 GF/s  setup=0.001 s
fftw1d_measure           L=4096 B=256   m=1     inner=6      min=    15.087 us/xform  median=    15.159  sd=  3.98%     16.29 GF/s  setup=0.234 s
fftw1d_measure           L=4096 B=256   m=1     inner=10     min=    15.227 us/xform  median=    15.313  sd=  0.33%     16.14 GF/s  setup=0.221 s
fftw1d_measure           L=4096 B=256   m=1     inner=4      min=    25.338 us/xform  median=    25.591  sd=  0.61%      9.70 GF/s  setup=0.235 s
fftw1d_patient           L=4096 B=256   m=1     inner=12     min=    11.248 us/xform  median=    11.291  sd=  0.30%     21.85 GF/s  setup=45.655 s
fftw1d_patient           L=4096 B=256   m=1     inner=12     min=    11.208 us/xform  median=    11.229  sd=  0.33%     21.93 GF/s  setup=45.408 s
fftw1d_patient           L=4096 B=256   m=1     inner=7      min=    11.124 us/xform  median=    11.159  sd=  0.59%     22.09 GF/s  setup=45.215 s
mkl1d_dfti               L=4096 B=256   m=1     inner=10     min=    16.557 us/xform  median=    16.623  sd=  0.37%     14.84 GF/s  setup=0.003 s
mkl1d_dfti               L=4096 B=256   m=1     inner=8      min=    13.982 us/xform  median=    14.657  sd=  2.47%     17.58 GF/s  setup=0.002 s
mkl1d_dfti               L=4096 B=256   m=1     inner=8      min=    13.898 us/xform  median=    13.941  sd=  2.61%     17.68 GF/s  setup=0.002 s
fftw1d_estimate          L=16384 B=1     m=1     inner=253    min=    78.808 us/xform  median=    78.842  sd=  0.04%     14.55 GF/s  setup=0.001 s
fftw1d_estimate          L=16384 B=1     m=1     inner=396    min=    69.868 us/xform  median=    69.877  sd=  0.02%     16.41 GF/s  setup=0.001 s
fftw1d_estimate          L=16384 B=1     m=1     inner=378    min=    79.705 us/xform  median=    79.719  sd=  0.02%     14.39 GF/s  setup=0.001 s
fftw1d_measure           L=16384 B=1     m=1     inner=992    min=    40.126 us/xform  median=    40.137  sd=  0.04%     28.58 GF/s  setup=0.616 s
fftw1d_measure           L=16384 B=1     m=1     inner=992    min=    40.269 us/xform  median=    40.279  sd=  0.01%     28.48 GF/s  setup=0.617 s
fftw1d_measure           L=16384 B=1     m=1     inner=1102   min=    36.083 us/xform  median=    36.088  sd=  0.02%     31.78 GF/s  setup=0.587 s
fftw1d_patient           L=16384 B=1     m=1     inner=620    min=    32.245 us/xform  median=    32.256  sd=  0.02%     35.57 GF/s  setup=6.386 s
fftw1d_patient           L=16384 B=1     m=1     inner=1230   min=    32.287 us/xform  median=    32.294  sd=  0.02%     35.52 GF/s  setup=6.375 s
fftw1d_patient           L=16384 B=1     m=1     inner=1242   min=    32.112 us/xform  median=    32.121  sd=  0.02%     35.71 GF/s  setup=6.252 s
mkl1d_dfti               L=16384 B=1     m=1     inner=926    min=    41.830 us/xform  median=    49.648  sd=  6.27%     27.42 GF/s  setup=0.002 s
mkl1d_dfti               L=16384 B=1     m=1     inner=706    min=    35.571 us/xform  median=    35.592  sd=  1.49%     32.24 GF/s  setup=0.003 s
mkl1d_dfti               L=16384 B=1     m=1     inner=1116   min=    35.651 us/xform  median=    35.656  sd=  0.01%     32.17 GF/s  setup=0.001 s
fftw1d_estimate          L=16384 B=64    m=1     inner=4      min=   113.442 us/xform  median=   129.269  sd=  3.51%     10.11 GF/s  setup=0.001 s
fftw1d_estimate          L=16384 B=64    m=1     inner=4      min=   133.544 us/xform  median=   133.946  sd=  0.35%      8.59 GF/s  setup=0.001 s
fftw1d_estimate          L=16384 B=64    m=1     inner=4      min=   130.211 us/xform  median=   130.681  sd=  0.24%      8.81 GF/s  setup=0.001 s
fftw1d_measure           L=16384 B=64    m=1     inner=6      min=    98.794 us/xform  median=    99.158  sd=  0.32%     11.61 GF/s  setup=0.618 s
fftw1d_measure           L=16384 B=64    m=1     inner=8      min=    62.028 us/xform  median=    62.190  sd=  0.20%     18.49 GF/s  setup=0.600 s
fftw1d_measure           L=16384 B=64    m=1     inner=6      min=    92.637 us/xform  median=    92.933  sd=  0.22%     12.38 GF/s  setup=0.617 s
fftw1d_patient           L=16384 B=64    m=1     inner=12     min=    46.673 us/xform  median=    46.752  sd=  0.23%     24.57 GF/s  setup=68.100 s
fftw1d_patient           L=16384 B=64    m=1     inner=12     min=    45.657 us/xform  median=    45.766  sd=  0.22%     25.12 GF/s  setup=68.051 s
fftw1d_patient           L=16384 B=64    m=1     inner=12     min=    47.051 us/xform  median=    47.145  sd=  0.31%     24.38 GF/s  setup=68.282 s
mkl1d_dfti               L=16384 B=64    m=1     inner=10     min=    58.797 us/xform  median=    64.428  sd=  2.29%     19.51 GF/s  setup=0.004 s
mkl1d_dfti               L=16384 B=64    m=1     inner=8      min=    62.567 us/xform  median=    62.746  sd=  1.05%     18.33 GF/s  setup=0.003 s
mkl1d_dfti               L=16384 B=64    m=1     inner=8      min=    78.237 us/xform  median=    78.358  sd=  0.15%     14.66 GF/s  setup=0.003 s
fftw1d_estimate          L=1021 B=1     m=1     inner=1373   min=    14.663 us/xform  median=    14.683  sd=  0.09%      3.48 GF/s  setup=0.001 s
fftw1d_estimate          L=1021 B=1     m=1     inner=2170   min=    12.773 us/xform  median=    12.781  sd=  0.06%      3.99 GF/s  setup=0.001 s
fftw1d_estimate          L=1021 B=1     m=1     inner=1568   min=    12.798 us/xform  median=    12.822  sd=  0.07%      3.99 GF/s  setup=0.001 s
fftw1d_measure           L=1021 B=1     m=1     inner=2740   min=    13.995 us/xform  median=    14.009  sd=  0.04%      3.65 GF/s  setup=0.294 s
fftw1d_measure           L=1021 B=1     m=1     inner=2802   min=    13.894 us/xform  median=    13.905  sd=  0.04%      3.67 GF/s  setup=0.296 s
fftw1d_measure           L=1021 B=1     m=1     inner=2864   min=    13.464 us/xform  median=    13.536  sd=  0.15%      3.79 GF/s  setup=0.295 s
fftw1d_patient           L=1021 B=1     m=1     inner=3178   min=    12.005 us/xform  median=    12.013  sd=  0.04%      4.25 GF/s  setup=2.988 s
fftw1d_patient           L=1021 B=1     m=1     inner=3154   min=    12.164 us/xform  median=    12.169  sd=  0.04%      4.20 GF/s  setup=2.992 s
fftw1d_patient           L=1021 B=1     m=1     inner=1706   min=    11.838 us/xform  median=    11.850  sd=  0.07%      4.31 GF/s  setup=2.987 s
mkl1d_dfti               L=1021 B=1     m=1     inner=2286   min=     9.891 us/xform  median=     9.896  sd=  0.68%      5.16 GF/s  setup=0.048 s
mkl1d_dfti               L=1021 B=1     m=1     inner=4202   min=     9.406 us/xform  median=     9.410  sd=  0.02%      5.43 GF/s  setup=0.038 s
mkl1d_dfti               L=1021 B=1     m=1     inner=4150   min=     9.418 us/xform  median=     9.419  sd=  0.02%      5.42 GF/s  setup=0.051 s
fftw1d_estimate          L=1021 B=256   m=1     inner=10     min=    12.973 us/xform  median=    12.981  sd=  0.04%      3.93 GF/s  setup=0.001 s
fftw1d_estimate          L=1021 B=256   m=1     inner=10     min=    12.986 us/xform  median=    12.995  sd=  0.05%      3.93 GF/s  setup=0.001 s
fftw1d_estimate          L=1021 B=256   m=1     inner=10     min=    14.845 us/xform  median=    15.354  sd=  1.06%      3.44 GF/s  setup=0.001 s
fftw1d_measure           L=1021 B=256   m=1     inner=12     min=    12.253 us/xform  median=    12.271  sd=  0.07%      4.16 GF/s  setup=0.285 s
fftw1d_measure           L=1021 B=256   m=1     inner=12     min=    12.016 us/xform  median=    12.026  sd=  0.05%      4.25 GF/s  setup=0.288 s
fftw1d_measure           L=1021 B=256   m=1     inner=12     min=    12.218 us/xform  median=    12.228  sd=  0.06%      4.18 GF/s  setup=0.288 s
fftw1d_patient           L=1021 B=256   m=1     inner=12     min=    12.237 us/xform  median=    12.254  sd=  0.06%      4.17 GF/s  setup=2.953 s
fftw1d_patient           L=1021 B=256   m=1     inner=12     min=    12.206 us/xform  median=    12.215  sd=  0.11%      4.18 GF/s  setup=2.987 s
fftw1d_patient           L=1021 B=256   m=1     inner=12     min=    12.158 us/xform  median=    12.168  sd=  0.05%      4.20 GF/s  setup=2.954 s
mkl1d_dfti               L=1021 B=256   m=1     inner=10     min=    10.063 us/xform  median=    10.667  sd=  2.12%      5.07 GF/s  setup=0.048 s
mkl1d_dfti               L=1021 B=256   m=1     inner=14     min=    10.634 us/xform  median=    10.641  sd=  0.02%      4.80 GF/s  setup=0.036 s
mkl1d_dfti               L=1021 B=256   m=1     inner=14     min=    10.635 us/xform  median=    10.638  sd=  0.01%      4.80 GF/s  setup=0.035 s
fftw1d_estimate          L=10007 B=1     m=1     inner=78     min=   466.637 us/xform  median=   467.214  sd=  0.47%      1.42 GF/s  setup=0.002 s
fftw1d_estimate          L=10007 B=1     m=1     inner=56     min=   562.413 us/xform  median=   589.518  sd=  1.91%      1.18 GF/s  setup=0.002 s
fftw1d_estimate          L=10007 B=1     m=1     inner=52     min=   462.966 us/xform  median=   463.416  sd=  0.60%      1.44 GF/s  setup=0.002 s
fftw1d_measure           L=10007 B=1     m=1     inner=122    min=   324.763 us/xform  median=   325.078  sd=  0.07%      2.05 GF/s  setup=1.133 s
fftw1d_measure           L=10007 B=1     m=1     inner=62     min=   323.444 us/xform  median=   323.897  sd=  0.06%      2.06 GF/s  setup=1.141 s
fftw1d_measure           L=10007 B=1     m=1     inner=118    min=   329.432 us/xform  median=   329.816  sd=  0.20%      2.02 GF/s  setup=1.153 s
fftw1d_patient           L=10007 B=1     m=1     inner=96     min=   199.874 us/xform  median=   202.844  sd=  0.82%      3.33 GF/s  setup=19.724 s
fftw1d_patient           L=10007 B=1     m=1     inner=196    min=   196.694 us/xform  median=   201.640  sd=  1.25%      3.38 GF/s  setup=19.844 s
fftw1d_patient           L=10007 B=1     m=1     inner=202    min=   197.562 us/xform  median=   197.971  sd=  0.09%      3.37 GF/s  setup=19.854 s
mkl1d_dfti               L=10007 B=1     m=1     inner=108    min=   266.308 us/xform  median=   266.411  sd=  0.52%      2.50 GF/s  setup=0.003 s
mkl1d_dfti               L=10007 B=1     m=1     inner=144    min=   265.479 us/xform  median=   265.556  sd=  0.12%      2.50 GF/s  setup=0.002 s
mkl1d_dfti               L=10007 B=1     m=1     inner=102    min=   306.867 us/xform  median=   357.255  sd=  5.88%      2.17 GF/s  setup=0.003 s
fftw1d_estimate          L=10007 B=64    m=1     inner=1      min=   464.880 us/xform  median=   465.456  sd=  0.06%      1.43 GF/s  setup=0.002 s
fftw1d_estimate          L=10007 B=64    m=1     inner=1      min=   453.095 us/xform  median=   453.753  sd=  0.10%      1.47 GF/s  setup=0.002 s
fftw1d_estimate          L=10007 B=64    m=1     inner=1      min=   455.959 us/xform  median=   456.199  sd=  0.06%      1.46 GF/s  setup=0.002 s
fftw1d_measure           L=10007 B=64    m=1     inner=2      min=   219.691 us/xform  median=   220.714  sd=  0.32%      3.03 GF/s  setup=1.273 s
fftw1d_measure           L=10007 B=64    m=1     inner=2      min=   216.261 us/xform  median=   217.458  sd=  0.26%      3.07 GF/s  setup=1.135 s
fftw1d_measure           L=10007 B=64    m=1     inner=2      min=   218.776 us/xform  median=   220.715  sd=  9.22%      3.04 GF/s  setup=1.256 s
fftw1d_patient           L=10007 B=64    m=1     inner=2      min=   215.044 us/xform  median=   216.821  sd=  0.49%      3.09 GF/s  setup=19.747 s
fftw1d_patient           L=10007 B=64    m=1     inner=2      min=   211.228 us/xform  median=   213.023  sd=  0.37%      3.15 GF/s  setup=19.794 s
fftw1d_patient           L=10007 B=64    m=1     inner=2      min=   206.954 us/xform  median=   207.525  sd=  0.21%      3.21 GF/s  setup=19.752 s
mkl1d_dfti               L=10007 B=64    m=1     inner=1      min=   328.807 us/xform  median=   359.061  sd=  2.43%      2.02 GF/s  setup=0.050 s
mkl1d_dfti               L=10007 B=64    m=1     inner=1      min=   360.540 us/xform  median=   360.904  sd=  0.08%      1.84 GF/s  setup=0.017 s
mkl1d_dfti               L=10007 B=64    m=1     inner=1      min=   357.916 us/xform  median=   358.522  sd=  0.15%      1.86 GF/s  setup=0.038 s
fftw1d_estimate          L=65537 B=1     m=1     inner=20     min=  1943.525 us/xform  median=  2150.483  sd=  3.75%      2.70 GF/s  setup=0.008 s
fftw1d_estimate          L=65537 B=1     m=1     inner=16     min=  2184.692 us/xform  median=  2185.587  sd=  0.02%      2.40 GF/s  setup=0.010 s
fftw1d_estimate          L=65537 B=1     m=1     inner=16     min=  2174.896 us/xform  median=  2176.189  sd=  0.03%      2.41 GF/s  setup=0.010 s
fftw1d_measure           L=65537 B=1     m=1     inner=24     min=  1569.802 us/xform  median=  1572.178  sd=  0.08%      3.34 GF/s  setup=4.452 s
fftw1d_measure           L=65537 B=1     m=1     inner=24     min=  1586.574 us/xform  median=  1587.711  sd=  0.04%      3.30 GF/s  setup=4.259 s
fftw1d_measure           L=65537 B=1     m=1     inner=24     min=  1580.036 us/xform  median=  1582.356  sd=  0.07%      3.32 GF/s  setup=4.377 s
fftw1d_patient           L=65537 B=1     m=1     inner=26     min=  1468.505 us/xform  median=  1471.241  sd=  0.08%      3.57 GF/s  setup=57.981 s
fftw1d_patient           L=65537 B=1     m=1     inner=26     min=  1473.022 us/xform  median=  1474.559  sd=  0.06%      3.56 GF/s  setup=58.478 s
