# round gen_r11
host: a80n0.lqcd.mit   date: 2026-08-26T12:13:40-04:00   slurm_job: 438881
cpu: Intel(R) Xeon(R) Gold 6326 CPU @ 2.90GHz
isa: avx2 avx512_bitalg avx512bw avx512cd avx512dq avx512f avx512ifma avx512_vbmi avx512vbmi avx512vl avx512_vnni avx512_vpopcntdq fma 
cores: 64   governor: schedutil
gcc: gcc (Ubuntu 11.4.0-1ubuntu1~22.04) 11.4.0
== building on a80n0.lqcd.mit ==
cc -O3 -march=native -mtune=native -std=gnu11 -fno-math-errno -funroll-loops -I. -c -o build/a80n0/driver.o driver.c
cc -O3 -march=native -mtune=native -std=gnu11 -fno-math-errno -funroll-loops -I. -o build/a80n0/bin/baseline_matrix impl/baseline_matrix.c build/a80n0/driver.o -lm
cc -O3 -march=native -mtune=native -std=gnu11 -fno-math-errno -funroll-loops -I. -o build/a80n0/bin/gen_batchlane impl/gen_batchlane.c build/a80n0/driver.o -lm
cc -O3 -march=native -mtune=native -std=gnu11 -fno-math-errno -funroll-loops -I. -o build/a80n0/bin/gen_bluestein impl/gen_bluestein.c build/a80n0/driver.o -lm
cc -O3 -march=native -mtune=native -std=gnu11 -fno-math-errno -funroll-loops -I. -o build/a80n0/bin/gen_dense_prime impl/gen_dense_prime.c build/a80n0/driver.o -lm
cc -O3 -march=native -mtune=native -std=gnu11 -fno-math-errno -funroll-loops -I. -o build/a80n0/bin/gen_layout impl/gen_layout.c build/a80n0/driver.o -lm
cc -O3 -march=native -mtune=native -std=gnu11 -fno-math-errno -funroll-loops -I. -o build/a80n0/bin/gen_pfa_large impl/gen_pfa_large.c build/a80n0/driver.o -lm
cc -O3 -march=native -mtune=native -std=gnu11 -fno-math-errno -funroll-loops -I. -o build/a80n0/bin/gen_pfa_small impl/gen_pfa_small.c build/a80n0/driver.o -lm
cc -O3 -march=native -mtune=native -std=gnu11 -fno-math-errno -funroll-loops -I. -o build/a80n0/bin/gen_planner impl/gen_planner.c build/a80n0/driver.o -lm
cc -O3 -march=native -mtune=native -std=gnu11 -fno-math-errno -funroll-loops -I. -o build/a80n0/bin/gen_pow2 impl/gen_pow2.c build/a80n0/driver.o -lm
cc -O3 -march=native -mtune=native -std=gnu11 -fno-math-errno -funroll-loops -I. -o build/a80n0/bin/gen_powp impl/gen_powp.c build/a80n0/driver.o -lm
cc -O3 -march=native -mtune=native -std=gnu11 -fno-math-errno -funroll-loops -I. -o build/a80n0/bin/gen_race impl/gen_race.c build/a80n0/driver.o -lm
cc -O3 -march=native -mtune=native -std=gnu11 -fno-math-errno -funroll-loops -I. -o build/a80n0/bin/gen_rader impl/gen_rader.c build/a80n0/driver.o -lm
cc -O3 -march=native -mtune=native -std=gnu11 -fno-math-errno -funroll-loops -I. -o build/a80n0/bin/gen_twiddle impl/gen_twiddle.c build/a80n0/driver.o -lm
cc -O3 -march=native -mtune=native -std=gnu11 -fno-math-errno -funroll-loops -I. -I/home/lqcd/wdetmold/fft/ext/install/include -DPLAN_FLAG=FFTW_ESTIMATE -DPLAN_NAME='"fftw3_estimate"' \
  -o build/a80n0/bin/fftw3_estimate sota/fftw3.c build/a80n0/driver.o -L/home/lqcd/wdetmold/fft/ext/install/lib -Wl,-rpath,/home/lqcd/wdetmold/fft/ext/install/lib -lfftw3 -lm
cc -O3 -march=native -mtune=native -std=gnu11 -fno-math-errno -funroll-loops -I. -I/home/lqcd/wdetmold/fft/ext/install/include -DPLAN_FLAG=FFTW_MEASURE -DPLAN_NAME='"fftw3_measure"' \
  -o build/a80n0/bin/fftw3_measure sota/fftw3.c build/a80n0/driver.o -L/home/lqcd/wdetmold/fft/ext/install/lib -Wl,-rpath,/home/lqcd/wdetmold/fft/ext/install/lib -lfftw3 -lm
cc -O3 -march=native -mtune=native -std=gnu11 -fno-math-errno -funroll-loops -I. -I/home/lqcd/wdetmold/fft/ext/install/include -DPLAN_FLAG=FFTW_PATIENT -DPLAN_NAME='"fftw3_patient"' \
  -o build/a80n0/bin/fftw3_patient sota/fftw3.c build/a80n0/driver.o -L/home/lqcd/wdetmold/fft/ext/install/lib -Wl,-rpath,/home/lqcd/wdetmold/fft/ext/install/lib -lfftw3 -lm
cc -O3 -march=native -mtune=native -std=gnu11 -fno-math-errno -funroll-loops -I. -I/home/lqcd/wdetmold/fft/ext/install/include -o build/a80n0/bin/fftw3_guru sota/fftw3_guru.c build/a80n0/driver.o -L/home/lqcd/wdetmold/fft/ext/install/lib -Wl,-rpath,/home/lqcd/wdetmold/fft/ext/install/lib -lfftw3 -lm
cc -O3 -march=native -mtune=native -std=gnu11 -fno-math-errno -funroll-loops -I. -o build/a80n0/bin/fftw3_custom sota/fftw3_custom.c build/a80n0/driver.o -lm
cc -O3 -march=native -mtune=native -std=gnu11 -fno-math-errno -funroll-loops -DCUSTOM_SOA -I. -o build/a80n0/bin/fftw3_custom_soa sota/fftw3_custom.c build/a80n0/driver.o -lm
cc -O3 -march=native -mtune=native -std=gnu11 -fno-math-errno -funroll-loops -I. -I/opt/software/intel/oneapi/mkl/2022.0.2/include -o build/a80n0/bin/mkl_dfti sota/mkl_dfti.c build/a80n0/driver.o \
  -L/opt/software/intel/oneapi/mkl/2022.0.2/lib/intel64 -Wl,-rpath,/opt/software/intel/oneapi/mkl/2022.0.2/lib/intel64 \
  -lmkl_intel_lp64 -lmkl_sequential -lmkl_core -lm
cc -O3 -march=native -mtune=native -std=gnu11 -fno-math-errno -funroll-loops -I. -I/home/lqcd/wdetmold/fft/venv/include -DMKL_BACKEND_NAME='"mkl2026_dfti"' \
  -DMKL_BACKEND_DESC='"oneMKL 2026.1 (pip wheel) DFTI, sequential, batched"' \
  -o build/a80n0/bin/mkl2026_dfti sota/mkl_dfti.c build/a80n0/driver.o -Wl,-rpath,/home/lqcd/wdetmold/fft/venv/lib \
  /home/lqcd/wdetmold/fft/venv/lib/libmkl_intel_lp64.so.3 /home/lqcd/wdetmold/fft/venv/lib/libmkl_sequential.so.3 \
  /home/lqcd/wdetmold/fft/venv/lib/libmkl_core.so.3 -lm
g++ -O3 -march=native -mtune=native -std=c++17 -fno-math-errno -I. -I/home/lqcd/wdetmold/fft/ext/src/ducc/src -o build/a80n0/bin/ducc0_c2c sota/ducc0_c2c.cc /home/lqcd/wdetmold/fft/ext/src/ducc/src/ducc0/fft/fft_inst2.cc \
  /home/lqcd/wdetmold/fft/ext/src/ducc/src/ducc0/infra/mav.cc /home/lqcd/wdetmold/fft/ext/src/ducc/src/ducc0/infra/string_utils.cc \
  /home/lqcd/wdetmold/fft/ext/src/ducc/src/ducc0/infra/threading.cc /home/lqcd/wdetmold/fft/ext/src/ducc/src/ducc0/infra/system.cc \
  build/a80n0/driver.o -lpthread -lm
host:            a80n0  (binaries in build/a80n0/bin)
implementations: baseline_matrix gen_batchlane gen_bluestein gen_dense_prime gen_layout gen_pfa_large gen_pfa_small gen_planner gen_pow2 gen_powp gen_race gen_rader gen_twiddle
sota:            fftw3_estimate fftw3_measure fftw3_patient fftw3_guru fftw3_custom fftw3_custom_soa mkl_dfti mkl2026_dfti ducc0_c2c
== backends: baseline_matrix
ducc0_c2c
fftw3_custom
fftw3_custom_soa
fftw3_estimate
fftw3_guru
fftw3_measure
fftw3_patient
gen_batchlane
gen_bluestein
gen_dense_prime
gen_layout
gen_pfa_large
gen_pfa_small
gen_planner
gen_pow2
gen_powp
gen_race
gen_rader
gen_twiddle
mkl2026_dfti
mkl_dfti ==
   done L=10 B=64
   done L=12 B=64
   done L=15 B=32
   done L=20 B=32
   done L=25 B=16
   done L=27 B=16
   done L=31 B=16
   done L=32 B=8
   done L=40 B=8
   done L=50 B=4
   done L=100 B=1
=== round gen_r11 ===
# round gen_r11
host: a80n0.lqcd.mit   date: 2026-08-26T12:13:40-04:00   slurm_job: 438881
cpu: Intel(R) Xeon(R) Gold 6326 CPU @ 2.90GHz
isa: avx2 avx512_bitalg avx512bw avx512cd avx512dq avx512f avx512ifma avx512_vbmi avx512vbmi avx512vl avx512_vnni avx512_vpopcntdq fma 
cores: 64   governor: schedutil
gcc: gcc (Ubuntu 11.4.0-1ubuntu1~22.04) 11.4.0

-- L=10 (batched B=64, chain m=1000), volume 1000, working set 1.95 MiB --
   backend                   per-transform     per-call     GF/s  run spread     setup  correctness
   gen_pfa_small                  1.121 us 71754.236 us    44.44       0.1%    0.000s  ok ch=1.7e-13/1e-10 1s=9e-16 1.00x
   gen_batchlane                  1.122 us 71838.362 us    44.39       0.1%    0.000s  ok ch=1.7e-13/1e-10 1s=9e-16 1.00x
   gen_race                       1.124 us 71911.756 us    44.35      13.9%   12.184s  ok ch=1.7e-13/1e-10 1s=9e-16 1.00x
   gen_planner                    1.323 us 84702.425 us    37.65       0.7%    0.002s  ok ch=1.6e-13/1e-10 1s=1e-15 1.18x
   gen_twiddle                    4.251 us 272046.626 us    11.72       2.3%    0.003s  ok ch=1.3e-13/1e-10 1s=9e-16 3.79x
   fftw3_custom_soa               4.451 us 284836.591 us    11.20       3.1%    0.000s  ok ch=1.4e-13/1e-10 1s=8e-16 3.97x
   mkl_dfti                       4.553 us 291408.051 us    10.94       2.5%    0.002s  ok ch=1.9e-13/1e-10 1s=1e-15 4.06x
   mkl2026_dfti                   4.669 us 298826.735 us    10.67       0.2%    0.001s  ok ch=1.6e-13/1e-10 1s=1e-15 4.16x
   gen_layout                     4.935 us 315834.854 us    10.10       2.1%    0.000s  ok ch=1.6e-13/1e-10 1s=9e-16 4.40x
   gen_dense_prime                5.025 us 321619.274 us     9.92       3.9%    0.000s  ok ch=1.2e-13/1e-10 1s=9e-16 4.48x
   fftw3_measure                  5.093 us 325975.815 us     9.78       2.5%    0.012s  ok ch=1.8e-13/1e-10 1s=8e-16 4.54x
   fftw3_patient                  5.170 us 330908.376 us     9.64       0.8%    0.022s  ok ch=1.5e-13/1e-10 1s=8e-16 4.61x
   fftw3_custom                   5.976 us 382476.437 us     8.34       3.6%    0.000s  ok ch=1.4e-13/1e-10 1s=8e-16 5.33x
   fftw3_guru                     6.361 us 407124.049 us     7.83       0.2%    0.011s  ok ch=1.5e-13/1e-10 1s=9e-16 5.67x
   fftw3_estimate                 7.357 us 470867.367 us     6.77       0.2%    0.001s  ok ch=1.8e-13/1e-10 1s=8e-16 6.56x
   ducc0_c2c                      9.660 us 618229.162 us     5.16       1.7%    0.000s  ok ch=1.4e-13/1e-10 1s=8e-16 8.62x
   gen_bluestein                 12.832 us 821249.324 us     3.88       0.8%    0.000s  ok ch=2.5e-13/1e-10 1s=1e-15 11.45x
   baseline_matrix               54.687 us 3499980.130 us     0.91       0.1%    0.000s  ok ch=3.6e-13/1e-10 1s=1e-15 48.78x

-- L=12 (batched B=64, chain m=600), volume 1728, working set 3.38 MiB --
   backend                   per-transform     per-call     GF/s  run spread     setup  correctness
   gen_race                       1.915 us 73542.157 us    48.52      14.2%    0.182s  ok ch=6.8e-14/1e-10 1s=9e-16 1.00x
   gen_batchlane                  1.915 us 73551.517 us    48.51       0.3%    0.000s  ok ch=6.8e-14/1e-10 1s=9e-16 1.00x
   gen_pfa_small                  1.916 us 73565.244 us    48.50       0.2%    0.000s  ok ch=6.8e-14/1e-10 1s=9e-16 1.00x
   gen_planner                    2.339 us 89828.912 us    39.72       0.2%    0.005s  ok ch=8.7e-14/1e-10 1s=9e-16 1.22x
   gen_dense_prime                7.659 us 294089.367 us    12.13       1.8%    0.000s  ok ch=6.6e-14/1e-10 1s=1e-15 4.00x
   mkl_dfti                       7.740 us 297216.519 us    12.01       2.1%    0.002s  ok ch=5.2e-14/1e-10 1s=9e-16 4.04x
   gen_twiddle                    7.771 us 298422.999 us    11.96       4.7%    0.003s  ok ch=6.0e-14/1e-10 1s=1e-15 4.06x
   mkl2026_dfti                   7.827 us 300542.720 us    11.87       1.4%    0.001s  ok ch=5.7e-14/1e-10 1s=9e-16 4.09x
   gen_layout                     8.154 us 313095.743 us    11.40       2.6%    0.000s  ok ch=6.4e-14/1e-10 1s=1e-15 4.26x
   fftw3_patient                  8.515 us 326981.582 us    10.91       5.2%    0.024s  ok ch=7.2e-14/1e-10 1s=9e-16 4.45x
   fftw3_custom_soa               8.559 us 328668.704 us    10.86       0.1%    0.000s  ok ch=5.2e-14/1e-10 1s=9e-16 4.47x
   fftw3_measure                  8.855 us 340025.465 us    10.49       0.8%    0.014s  ok ch=5.6e-14/1e-10 1s=9e-16 4.62x
   fftw3_guru                    10.170 us 390537.169 us     9.14       3.3%    0.011s  ok ch=5.7e-14/1e-10 1s=9e-16 5.31x
   fftw3_custom                  10.466 us 401900.326 us     8.88       1.8%    0.000s  ok ch=5.2e-14/1e-10 1s=9e-16 5.46x
   ducc0_c2c                     16.035 us 615760.040 us     5.79       2.1%    0.000s  ok ch=3.6e-14/1e-10 1s=7e-16 8.37x
   gen_bluestein                 18.954 us 727842.324 us     4.90       1.7%    0.000s  ok ch=1.0e-13/1e-10 1s=1e-15 9.90x
   fftw3_estimate                19.303 us 741252.149 us     4.81       0.0%    0.001s  ok ch=7.2e-14/1e-10 1s=9e-16 10.08x
   baseline_matrix              112.127 us 4305686.290 us     0.83       0.1%    0.000s  ok ch=2.9e-13/1e-10 1s=2e-15 58.55x

-- L=15 (batched B=32, chain m=600), volume 3375, working set 3.30 MiB --
   backend                   per-transform     per-call     GF/s  run spread     setup  correctness
   gen_batchlane                  4.340 us 83336.391 us    45.57       1.8%    0.000s  ok ch=5.8e-14/1e-10 1s=1e-15 1.00x
   gen_race                       4.346 us 83443.443 us    45.51      14.3%    0.016s  ok ch=5.8e-14/1e-10 1s=1e-15 1.00x
   gen_pfa_small                  4.348 us 83490.266 us    45.48       0.4%    0.000s  ok ch=5.8e-14/1e-10 1s=1e-15 1.00x
   gen_planner                    5.622 us 107944.377 us    35.18       1.6%    0.011s  ok ch=5.7e-14/1e-10 1s=1e-15 1.30x
   gen_dense_prime               15.220 us 292233.389 us    12.99       3.9%    0.000s  ok ch=5.2e-14/1e-10 1s=1e-15 3.51x
   fftw3_custom_soa              15.414 us 295953.158 us    12.83       4.1%    0.000s  ok ch=5.1e-14/1e-10 1s=1e-15 3.55x
   mkl_dfti                      16.490 us 316605.586 us    11.99       1.5%    0.002s  ok ch=5.9e-14/1e-10 1s=1e-15 3.80x
   mkl2026_dfti                  16.664 us 319954.476 us    11.87       0.5%    0.003s  ok ch=6.8e-14/1e-10 1s=1e-15 3.84x
   gen_twiddle                   18.013 us 345858.688 us    10.98       3.0%    0.002s  ok ch=5.9e-14/1e-10 1s=1e-15 4.15x
   fftw3_patient                 19.593 us 376189.966 us    10.09       1.7%    0.019s  ok ch=5.1e-14/1e-10 1s=1e-15 4.51x
   fftw3_measure                 19.658 us 377425.811 us    10.06       3.3%    0.011s  ok ch=5.1e-14/1e-10 1s=1e-15 4.53x
   gen_layout                    19.727 us 378750.566 us    10.03       1.5%    0.000s  ok ch=5.3e-14/1e-10 1s=1e-15 4.54x
   fftw3_estimate                20.628 us 396049.294 us     9.59       0.8%    0.001s  ok ch=5.1e-14/1e-10 1s=1e-15 4.75x
   fftw3_custom                  25.179 us 483432.039 us     7.86       2.9%    0.000s  ok ch=5.1e-14/1e-10 1s=1e-15 5.80x
   fftw3_guru                    26.162 us 502312.404 us     7.56       1.7%    0.010s  ok ch=5.1e-14/1e-10 1s=1e-15 6.03x
   ducc0_c2c                     32.490 us 623801.527 us     6.09       1.9%    0.000s  ok ch=4.3e-14/1e-10 1s=1e-15 7.49x
   gen_bluestein                 32.974 us 633097.852 us     6.00       1.1%    0.000s  ok ch=8.6e-14/1e-10 1s=2e-15 7.60x
   baseline_matrix              272.445 us 5230944.120 us     0.73       0.0%    0.000s  ok ch=2.8e-13/1e-10 1s=2e-15 62.77x

-- L=20 (batched B=32, chain m=256), volume 8000, working set 7.81 MiB --
   backend                   per-transform     per-call     GF/s  run spread     setup  correctness
   gen_batchlane                 12.597 us 103190.895 us    41.17       5.8%    0.001s  ok ch=3.1e-14/1e-10 1s=1e-15 1.00x
   gen_race                      12.694 us 103988.645 us    40.86       4.8%    0.261s  ok ch=3.1e-14/1e-10 1s=1e-15 1.01x
   gen_pfa_small                 13.275 us 108750.775 us    39.07       0.1%    0.001s  ok ch=3.1e-14/1e-10 1s=1e-15 1.05x
   gen_planner                   18.134 us 148552.998 us    28.60       1.0%    0.007s  ok ch=3.3e-14/1e-10 1s=1e-15 1.44x
   gen_twiddle                   32.903 us 269540.926 us    15.76       3.3%    0.003s  ok ch=3.4e-14/1e-10 1s=1e-15 2.61x
   gen_layout                    34.483 us 282483.377 us    15.04       3.7%    0.000s  ok ch=3.2e-14/1e-10 1s=1e-15 2.74x
   gen_dense_prime               38.123 us 312306.402 us    13.60       1.3%    0.000s  ok ch=3.5e-14/1e-10 1s=1e-15 3.03x
   fftw3_custom_soa              41.407 us 339204.402 us    12.53       2.0%    0.000s  ok ch=2.8e-14/1e-10 1s=1e-15 3.29x
   fftw3_measure                 44.922 us 368004.720 us    11.55       1.8%    0.081s  ok ch=3.4e-14/1e-10 1s=1e-15 3.57x
   fftw3_patient                 45.145 us 369831.778 us    11.49       0.4%    0.316s  ok ch=3.6e-14/1e-10 1s=1e-15 3.58x
   mkl2026_dfti                  57.423 us 470411.385 us     9.03       4.1%    0.049s  ok ch=3.7e-14/1e-10 1s=1e-15 4.56x
   mkl_dfti                      57.878 us 474133.291 us     8.96       1.0%    0.030s  ok ch=4.0e-14/1e-10 1s=2e-15 4.59x
   fftw3_guru                    60.254 us 493601.599 us     8.61       2.5%    0.079s  ok ch=3.0e-14/1e-10 1s=1e-15 4.78x
   fftw3_custom                  63.810 us 522732.561 us     8.13       3.9%    0.000s  ok ch=2.8e-14/1e-10 1s=1e-15 5.07x
   ducc0_c2c                     73.121 us 599005.365 us     7.09       1.4%    0.000s  ok ch=2.8e-14/1e-10 1s=1e-15 5.80x
   gen_bluestein                 82.181 us 673225.219 us     6.31       0.2%    0.000s  ok ch=4.7e-14/1e-10 1s=2e-15 6.52x
   fftw3_estimate                91.881 us 752687.418 us     5.64       0.3%    0.001s  ok ch=3.4e-14/1e-10 1s=1e-15 7.29x
   baseline_matrix              850.387 us 6966367.640 us     0.61       0.0%    0.000s  ok ch=9.7e-14/1e-10 1s=2e-15 67.51x

-- L=25 (batched B=16, chain m=256), volume 15625, working set 7.63 MiB --
   backend                   per-transform     per-call     GF/s  run spread     setup  correctness
   gen_powp                      30.857 us 126388.707 us    35.27       2.2%    0.004s  ok ch=4.8e-14/1e-10 1s=2e-15 1.00x
   gen_race                      31.164 us 127648.176 us    34.92       1.8%    0.268s  ok ch=4.8e-14/1e-10 1s=2e-15 1.01x
   gen_planner                   39.642 us 162374.956 us    27.46       6.0%    0.013s  ok ch=4.5e-14/1e-10 1s=2e-15 1.28x
   gen_twiddle                   74.364 us 304594.324 us    14.64       3.5%    0.003s  ok ch=4.4e-14/1e-10 1s=2e-15 2.41x
   fftw3_custom_soa              75.145 us 307795.964 us    14.48       1.6%    0.000s  ok ch=4.2e-14/1e-10 1s=1e-15 2.44x
   gen_layout                    94.269 us 386124.696 us    11.55       0.7%    0.000s  ok ch=5.2e-14/1e-10 1s=2e-15 3.06x
   fftw3_measure                107.869 us 441830.313 us    10.09      10.7%    0.028s  ok ch=4.1e-14/1e-10 1s=2e-15 3.50x
   fftw3_patient                108.372 us 443891.669 us    10.04       3.3%    0.103s  ok ch=4.1e-14/1e-10 1s=2e-15 3.51x
   mkl_dfti                     120.773 us 494688.035 us     9.01       3.5%    0.050s  ok ch=4.4e-14/1e-10 1s=2e-15 3.91x
   mkl2026_dfti                 123.453 us 505665.366 us     8.82       0.3%    0.047s  ok ch=4.5e-14/1e-10 1s=2e-15 4.00x
   fftw3_estimate               132.391 us 542274.903 us     8.22       1.7%    0.001s  ok ch=4.1e-14/1e-10 1s=2e-15 4.29x
   ducc0_c2c                    145.184 us 594675.448 us     7.50       1.2%    0.000s  ok ch=2.9e-14/1e-10 1s=1e-15 4.71x
   fftw3_custom                 160.280 us 656505.815 us     6.79       1.7%    0.000s  ok ch=4.2e-14/1e-10 1s=1e-15 5.19x
   gen_bluestein                169.373 us 693750.754 us     6.43       2.4%    0.000s  ok ch=5.2e-14/1e-10 1s=2e-15 5.49x
   fftw3_guru                   174.947 us 716581.888 us     6.22       6.9%    0.029s  ok ch=4.0e-14/1e-10 1s=2e-15 5.67x
   baseline_matrix             2061.151 us 8442474.470 us     0.53       0.0%    0.000s  ok ch=1.3e-13/1e-10 1s=3e-15 66.80x

-- L=27 (batched B=16, chain m=200), volume 19683, working set 9.61 MiB --
   backend                   per-transform     per-call     GF/s  run spread     setup  correctness
   gen_powp                      43.484 us 139148.416 us    32.28       5.6%    0.005s  ok ch=5.5e-14/1e-10 1s=2e-15 1.00x
   gen_race                      43.545 us 139344.105 us    32.24       1.7%    0.308s  ok ch=5.5e-14/1e-10 1s=2e-15 1.00x
   gen_planner                   60.129 us 192413.978 us    23.35       2.1%    0.020s  ok ch=3.8e-14/1e-10 1s=2e-15 1.38x
   fftw3_custom_soa              96.257 us 308021.479 us    14.58       8.3%    0.000s  ok ch=2.7e-14/1e-10 1s=2e-15 2.21x
   gen_twiddle                  122.608 us 392346.296 us    11.45       0.5%    0.004s  ok ch=3.4e-14/1e-10 1s=2e-15 2.82x
   gen_layout                   124.665 us 398926.696 us    11.26       0.8%    0.001s  ok ch=3.6e-14/1e-10 1s=2e-15 2.87x
   mkl_dfti                     144.451 us 462243.773 us     9.72       0.1%    0.048s  ok ch=5.0e-14/1e-10 1s=2e-15 3.32x
   mkl2026_dfti                 147.939 us 473404.791 us     9.49       0.8%    0.048s  ok ch=5.0e-14/1e-10 1s=2e-15 3.40x
   ducc0_c2c                    190.013 us 608040.373 us     7.39       2.8%    0.000s  ok ch=2.9e-14/1e-10 1s=1e-15 4.37x
   gen_bluestein                202.482 us 647943.260 us     6.93       1.2%    0.000s  ok ch=5.4e-14/1e-10 1s=2e-15 4.66x
   fftw3_custom                 203.479 us 651133.777 us     6.90       0.7%    0.000s  ok ch=2.7e-14/1e-10 1s=2e-15 4.68x
   fftw3_patient                204.983 us 655945.363 us     6.85       1.8%    0.139s  ok ch=3.9e-14/1e-10 1s=2e-15 4.71x
   fftw3_measure                223.610 us 715553.007 us     6.28       2.7%    0.033s  ok ch=3.8e-14/1e-10 1s=2e-15 5.14x
   fftw3_estimate               253.912 us 812519.708 us     5.53       1.6%    0.003s  ok ch=4.4e-14/1e-10 1s=2e-15 5.84x
   fftw3_guru                   260.938 us 835002.690 us     5.38       4.1%    0.043s  ok ch=3.1e-14/1e-10 1s=2e-15 6.00x
   baseline_matrix             2799.377 us 8958006.520 us     0.50       0.0%    0.000s  ok ch=1.1e-13/1e-10 1s=3e-15 64.38x

-- L=31 (batched B=16, chain m=140), volume 29791, working set 14.55 MiB --
   backend                   per-transform     per-call     GF/s  run spread     setup  correctness
   gen_race                      84.549 us 189388.724 us    26.18       0.8%    0.725s  ok ch=3.4e-14/1e-10 1s=2e-15 1.00x
   gen_rader                     84.776 us 189898.324 us    26.11       1.0%    0.012s  ok ch=3.4e-14/1e-10 1s=2e-15 1.00x
   gen_dense_prime              111.117 us 248902.176 us    19.92       0.6%    0.001s  ok ch=2.5e-14/1e-10 1s=2e-15 1.31x
   gen_planner                  139.154 us 311706.053 us    15.91       4.0%    0.024s  ok ch=2.6e-14/1e-10 1s=2e-15 1.65x
   gen_layout                   203.297 us 455385.771 us    10.89       0.9%    0.001s  ok ch=2.8e-14/1e-10 1s=2e-15 2.40x
   fftw3_custom_soa             213.361 us 477929.153 us    10.38       3.5%    0.000s  ok ch=3.3e-14/1e-10 1s=2e-15 2.52x
   gen_twiddle                  258.929 us 580001.767 us     8.55       1.6%    0.005s  ok ch=2.5e-14/1e-10 1s=2e-15 3.06x
   gen_bluestein                274.252 us 614324.520 us     8.07       1.1%    0.000s  ok ch=6.3e-14/1e-10 1s=3e-15 3.24x
   fftw3_custom                 499.155 us 1118107.180 us     4.44       1.1%    0.000s  ok ch=3.3e-14/1e-10 1s=2e-15 5.90x
   ducc0_c2c                    714.242 us 1599901.450 us     3.10       3.1%    0.000s  ok ch=2.4e-14/1e-10 1s=1e-15 8.45x
   fftw3_guru                   830.118 us 1859463.390 us     2.67       1.3%    0.089s  ok ch=2.5e-14/1e-10 1s=2e-15 9.82x
   mkl_dfti                     848.750 us 1901199.900 us     2.61       0.0%    0.051s  ok ch=3.1e-14/1e-10 1s=2e-15 10.04x
   fftw3_patient                859.776 us 1925898.500 us     2.57       0.1%    0.241s  ok ch=2.5e-14/1e-10 1s=2e-15 10.17x
   fftw3_estimate               859.789 us 1925927.060 us     2.57       0.0%    0.002s  ok ch=2.5e-14/1e-10 1s=2e-15 10.17x
   fftw3_measure                860.190 us 1926825.760 us     2.57       0.3%    0.089s  ok ch=2.5e-14/1e-10 1s=2e-15 10.17x
   mkl2026_dfti                 882.853 us 1977591.130 us     2.51       0.1%    0.054s  ok ch=3.1e-14/1e-10 1s=2e-15 10.44x
   baseline_matrix             4852.279 us 10869104.200 us     0.46       0.0%    0.000s  ok ch=8.7e-14/1e-10 1s=3e-15 57.39x

-- L=32 (batched B=8, chain m=250), volume 32768, working set 8.00 MiB --
   backend                   per-transform     per-call     GF/s  run spread     setup  correctness
   gen_pow2                      53.809 us 107617.703 us    45.67       1.8%    0.000s  ok ch=2.9e-14/1e-10 1s=1e-15 1.00x
   gen_race                      54.041 us 108082.556 us    45.48       3.4%    0.020s  ok ch=2.9e-14/1e-10 1s=1e-15 1.00x
   gen_planner                  108.888 us 217775.614 us    22.57       0.9%    0.005s  ok ch=3.3e-14/1e-10 1s=1e-15 2.02x
   gen_layout                   150.060 us 300120.498 us    16.38       3.7%    0.001s  ok ch=3.3e-14/1e-10 1s=1e-15 2.79x
   gen_twiddle                  153.846 us 307691.593 us    15.97       2.7%    0.005s  ok ch=3.4e-14/1e-10 1s=1e-15 2.86x
   mkl_dfti                     170.663 us 341326.787 us    14.40       0.6%    0.003s  ok ch=2.7e-14/1e-10 1s=1e-15 3.17x
   mkl2026_dfti                 184.547 us 369093.174 us    13.32       2.0%    0.002s  ok ch=2.8e-14/1e-10 1s=1e-15 3.43x
   fftw3_custom_soa             186.525 us 373049.696 us    13.18       0.6%    0.000s  ok ch=3.0e-14/1e-10 1s=1e-15 3.47x
   fftw3_patient                209.787 us 419574.439 us    11.71       0.5%    0.542s  ok ch=3.2e-14/1e-10 1s=1e-15 3.90x
   fftw3_measure                210.219 us 420438.034 us    11.69       0.5%    0.086s  ok ch=2.9e-14/1e-10 1s=1e-15 3.91x
   fftw3_guru                   292.804 us 585607.161 us     8.39      10.3%    0.071s  ok ch=3.0e-14/1e-10 1s=1e-15 5.44x
   gen_bluestein                299.705 us 599409.872 us     8.20       2.8%    0.000s  ok ch=5.1e-14/1e-10 1s=2e-15 5.57x
   ducc0_c2c                    311.544 us 623088.179 us     7.89       2.1%    0.000s  ok ch=2.4e-14/1e-10 1s=1e-15 5.79x
   fftw3_estimate               409.160 us 818319.975 us     6.01       0.4%    0.001s  ok ch=2.9e-14/1e-10 1s=1e-15 7.60x
   fftw3_custom                 412.540 us 825080.155 us     5.96       1.2%    0.000s  ok ch=3.0e-14/1e-10 1s=1e-15 7.67x
   baseline_matrix             5751.504 us 11503008.700 us     0.43       0.0%    0.000s  ok ch=1.1e-13/1e-10 1s=2e-15 106.89x

-- L=40 (batched B=8, chain m=128), volume 64000, working set 15.62 MiB --
   backend                   per-transform     per-call     GF/s  run spread     setup  correctness
   gen_race                     159.534 us 163362.803 us    32.02       3.8%    0.752s  ok ch=2.1e-14/1e-10 1s=2e-15 1.00x
   gen_pfa_large                160.033 us 163873.615 us    31.93       3.5%    1.309s  ok ch=2.1e-14/1e-10 1s=2e-15 1.00x
   gen_planner                  239.232 us 244973.949 us    21.36       1.3%    0.157s  ok ch=3.0e-14/1e-10 1s=2e-15 1.50x
   gen_twiddle                  289.075 us 296012.434 us    17.67       1.9%    0.006s  ok ch=2.6e-14/1e-10 1s=2e-15 1.81x
   gen_layout                   329.358 us 337262.404 us    15.51       2.1%    0.001s  ok ch=2.7e-14/1e-10 1s=2e-15 2.06x
   mkl_dfti                     404.658 us 414370.223 us    12.63       0.5%    0.002s  ok ch=3.0e-14/1e-10 1s=2e-15 2.54x
   mkl2026_dfti                 404.989 us 414708.507 us    12.62       0.5%    0.002s  ok ch=4.0e-14/1e-10 1s=2e-15 2.54x
   fftw3_custom_soa             405.058 us 414779.727 us    12.61       6.3%    0.000s  ok ch=2.5e-14/1e-10 1s=2e-15 2.54x
   fftw3_patient                524.668 us 537259.670 us     9.74       5.0%    1.415s  ok ch=3.0e-14/1e-10 1s=2e-15 3.29x
   fftw3_measure                550.540 us 563753.040 us     9.28       3.2%    0.154s  ok ch=4.1e-14/1e-10 1s=2e-15 3.45x
   ducc0_c2c                    599.118 us 613496.363 us     8.53       2.0%    0.000s  ok ch=2.9e-14/1e-10 1s=1e-15 3.76x
   gen_bluestein                603.859 us 618351.494 us     8.46       3.3%    0.000s  ok ch=3.9e-14/1e-10 1s=3e-15 3.79x
   fftw3_guru                   686.300 us 702771.356 us     7.44       0.9%    0.157s  ok ch=2.5e-14/1e-10 1s=2e-15 4.30x
   fftw3_custom                 780.318 us 799045.753 us     6.55       3.6%    0.000s  ok ch=2.5e-14/1e-10 1s=2e-15 4.89x
   fftw3_estimate              1603.025 us 1641497.320 us     3.19       0.7%    0.002s  ok ch=2.3e-14/1e-10 1s=2e-15 10.05x
   baseline_matrix            13460.603 us 13783657.200 us     0.38       0.1%    0.000s  ok ch=6.5e-14/1e-10 1s=2e-15 84.37x

-- L=50 (batched B=4, chain m=128), volume 125000, working set 15.26 MiB --
   backend                   per-transform     per-call     GF/s  run spread     setup  correctness
   gen_race                     410.975 us 210419.433 us    25.75       5.4%    0.022s  ok ch=3.3e-14/1e-10 1s=2e-15 1.00x
   gen_powp                     413.898 us 211915.611 us    25.57       5.5%    1.435s  ok ch=3.3e-14/1e-10 1s=2e-15 1.01x
   gen_pfa_large                417.960 us 213995.453 us    25.32       4.9%    2.097s  ok ch=3.3e-14/1e-10 1s=2e-15 1.02x
   gen_batchlane                475.524 us 243468.214 us    22.25       0.7%    0.001s  ok ch=3.1e-14/1e-10 1s=2e-15 1.16x
   gen_planner                  547.776 us 280461.265 us    19.32       1.4%    0.011s  ok ch=3.3e-14/1e-10 1s=2e-15 1.33x
   gen_twiddle                  629.904 us 322510.650 us    16.80       3.0%    0.012s  ok ch=3.3e-14/1e-10 1s=2e-15 1.53x
   gen_pfa_small                726.599 us 372018.465 us    14.56       1.4%    0.009s  ok ch=3.3e-14/1e-10 1s=3e-15 1.77x
   gen_layout                   932.821 us 477604.607 us    11.34       2.2%    0.001s  ok ch=3.2e-14/1e-10 1s=2e-15 2.27x
   mkl_dfti                     946.334 us 484523.099 us    11.18       0.4%    0.032s  ok ch=3.6e-14/1e-10 1s=3e-15 2.30x
   mkl2026_dfti                 961.820 us 492451.663 us    11.00       0.3%    0.050s  ok ch=3.2e-14/1e-10 1s=2e-15 2.34x
   fftw3_patient               1149.318 us 588450.976 us     9.21       6.0%    1.352s  ok ch=3.0e-14/1e-10 1s=2e-15 2.80x
   fftw3_measure               1200.311 us 614559.405 us     8.82       2.5%    0.090s  ok ch=3.1e-14/1e-10 1s=2e-15 2.92x
   ducc0_c2c                   1267.800 us 649113.563 us     8.35       2.5%    0.000s  ok ch=2.3e-14/1e-10 1s=2e-15 3.08x
   gen_bluestein               1375.304 us 704155.451 us     7.69       1.6%    0.000s  ok ch=4.9e-14/1e-10 1s=3e-15 3.35x
   fftw3_estimate              1616.745 us 827773.366 us     6.55       0.4%    0.003s  ok ch=3.5e-14/1e-10 1s=2e-15 3.93x
   fftw3_guru                  1649.989 us 844794.617 us     6.41       5.9%    0.107s  ok ch=3.0e-14/1e-10 1s=2e-15 4.01x
   fftw3_custom                1664.428 us 852186.982 us     6.36       0.8%    0.000s  ok ch=3.0e-14/1e-10 1s=2e-15 4.05x
   baseline_matrix            33868.530 us 17340687.600 us     0.31       1.0%    0.000s  ok ch=9.1e-14/1e-10 1s=4e-15 82.41x

-- L=100 (non-batched, chain m=64), volume 1000000, working set 30.52 MiB --
   backend                   per-transform     per-call     GF/s  run spread     setup  correctness
   gen_race                    4071.340 us 260565.746 us    24.48       4.6%    2.777s  ok ch=2.8e-14/1e-10 1s=3e-15 1.00x
   gen_batchlane               4072.315 us 260628.151 us    24.47       4.7%    0.007s  ok ch=2.8e-14/1e-10 1s=3e-15 1.00x
   gen_powp                    4465.201 us 285772.894 us    22.32       2.3%    0.014s  ok ch=2.2e-14/1e-10 1s=3e-15 1.10x
   gen_pfa_large               4554.717 us 291501.918 us    21.88       2.8%    0.002s  ok ch=2.2e-14/1e-10 1s=3e-15 1.12x
   gen_planner                 4570.502 us 292512.106 us    21.80       1.6%    0.150s  ok ch=2.3e-14/1e-10 1s=3e-15 1.12x
   gen_pfa_small               6066.165 us 388234.578 us    16.43       1.3%    0.062s  ok ch=2.6e-14/1e-10 1s=3e-15 1.49x
   gen_twiddle                 6451.397 us 412889.430 us    15.45       1.8%    0.071s  ok ch=2.4e-14/1e-10 1s=3e-15 1.58x
   mkl_dfti                    7812.381 us 499992.381 us    12.76       0.6%    0.049s  ok ch=2.6e-14/1e-10 1s=3e-15 1.92x
   mkl2026_dfti                7844.147 us 502025.403 us    12.70       0.9%    0.055s  ok ch=2.6e-14/1e-10 1s=3e-15 1.93x
   gen_layout                  9255.848 us 592374.241 us    10.77       1.2%    0.011s  ok ch=2.3e-14/1e-10 1s=3e-15 2.27x
   fftw3_patient               9842.092 us 629893.884 us    10.13       1.4%   17.592s  ok ch=2.5e-14/1e-10 1s=3e-15 2.42x
   fftw3_measure              11196.249 us 716559.918 us     8.90       6.8%    0.310s  ok ch=2.3e-14/1e-10 1s=3e-15 2.75x
   ducc0_c2c                  11917.809 us 762739.759 us     8.36       1.0%    0.000s  ok ch=2.0e-14/1e-10 1s=3e-15 2.93x
   gen_bluestein              13536.809 us 866355.778 us     7.36       1.0%    0.000s  ok ch=3.0e-14/1e-10 1s=4e-15 3.32x
   fftw3_guru                 14236.396 us 911129.365 us     7.00      11.2%    0.387s  ok ch=2.3e-14/1e-10 1s=3e-15 3.50x
   fftw3_estimate             20675.437 us 1323227.970 us     4.82       0.5%    0.002s  ok ch=2.7e-14/1e-10 1s=3e-15 5.08x

backends:
   baseline_matrix          row-column dense DFT matrix, O(L^4)/volume/axis
   ducc0_c2c                ducc0 0.41 c2c, no planning, 1 thread
   fftw3_custom             genfft custom codelets (17/23/31), split arrays, scalar DAG + autovec
   fftw3_custom_soa         genfft custom codelets (17/23/31), SoA 8-volume batch-lane split-complex
   fftw3_estimate           FFTW 3.3.10 plan_many_dft, fftw3_estimate
   fftw3_guru               FFTW 3.3.10 guru split-array dft, FFTW_MEASURE, fused split chain
   fftw3_measure            FFTW 3.3.10 plan_many_dft, fftw3_measure
   fftw3_patient            FFTW 3.3.10 plan_many_dft, fftw3_patient
   gen_batchlane            SoA 8-vol/zmm batch-lane (bl8 lineage): twiddle-free 2-stage PFA pencils (10=2x5,12=3x4,15=3x5,20=4x5; r6 adds 7-smooth 14/21/28/35 via a DFT7 module; r8 adds 11-smooth 22/33/44/55 via a DFT11 module; r7 LIFTED DFT5 v-pair -- sin72=phi*sin36 exact, 6 ops not 8, lit 08 6.3), register-explicit at 10/12 (2L ld + 2L st) and in the 15 zy-sweep (r7 hybrid), memory form elsewhere with r6 SAFE PLACEMENT (stage-1 store permutation makes every stage-2 group in-place on its own mod-P residue class), L1 zy-sweep + x-pass, fused chain in SoA with eager rsqrt14 map (rcp14 ladder at 12, vdivpd elsewhere), r9 FACTOR-SWAPPED map x-pencils at 10/15/20 (large factor stage 1 in place, small factor + map stage 2: kills the fused-map spills, -1..-2%), r10 extends the swap to the wide-module family 21/22/28/33/35/44/55 (-1.7..-4.7%; 14 keeps the unswapped order), r11 adds L=100 WITHIN-VOLUME SoA (lanes = 8 x-planes of one volume, B=1 native: shuffle-free zy sweeps fused per slab, trans8-bracketed x-pass, PFA 4x25 with DFT25=5x5 CT through an L1 scratch, 9 compiled-in w25 twiddle constants -- the file's first twiddles), sched-pressure on 10/12 only, THP arena (gen_layout), plane stride 256 mod 4096
   gen_bluestein            Bluestein chirp-Z for ANY L: {2,3,5,7}*2^k radix-4/16 DIF/DIT convolution (no bit-reversal; twiddle-free DFT-3/5/7 and PFA-6/10/14 fused middles cut M up to 37% below next_pow2), 8-row SoA lanes, gather/scatter fused into the pruned end stages (masked dual-run loads keep seam groups vectorized; masked contig pipeline for nv<8 tail groups), axis-2 transpose-scatter final layer as 256-bit half stores (gen_pow2 extract-to-memory, -8 p5/block), owned in-place map chain -- map fused into the axis-0 scatter while state+c fit LLC, else axis-0-first k-plane-blocked custody with the map fused into the axis-1 scatter reading a custody-ordered c (two aligned sequential streams; gen_pow2 GP2_CT), gen_twiddle exact tables
   gen_dense_prime          folded dense prime p<=31 (any prime in class supported): 4h^2-FMA conjugate-pair fold, z-pass fused into the x-contraction with the z-combine folded straight into U/V (no stack round-trip), fully in-place L2-resident chain on a padded 31x31x32 state (64B-aligned, mask-free), register-tiled EXACT-TILE GEMM in 24-accumulator 6-column x 4-zmm groups (rotating broadcast register; drains every 360 FMAs, 0.417 loads/FMA, no spills) with exact 1..5-column k-tails and 1..3-zmm d-tails -- no wasted FMA slots at any L; L=31 z-phase GEMM likewise 24-acc (gen_r9: 3 mirrored pairs per group, split C/S loops, 0.417 loads/FMA); vectorized any-L z-pass, zmm z-row fold, LAZY map fused into the next step's z-loads at L=31 (only the last step's map materializes); PAIRED divides in the standalone map pass (gen_r10: one vdivpd per 16 points via rp=1/(dA*dB); the fused-site form lost and sits behind -DGDP_MAPZ_PAIR); 6-row 24-acc generic z-kernel selected per L at plan time (odd L >= 17, the ICX race verdicts); generic custody/lazy-map generalizations raced and rejected in gen_r6 (cross-arch knobs)
   gen_layout               LIBRARY LAYER (scored by adoption): THP arenas, 4K stagger/collision-model placement + stream audit & measured pitch picker, pencil SoA pack (adopt: #define GEN_LAYOUT_LIB_ONLY + #include gen_layout.c); entry=any-L conjugate-pair-folded dense matrixsimd demo of the layer, r3: packed cross-plane axis-1 lanes + trailing axis-2 through a 4-plane collision-picked window; r4: fold-load software prefetch (~L row streams beat the L2 streamer), NT full-line stores on DRAM-resident volumes, fused transpose+interleave scatter; r5: graded map fused into the axis-2 exit (gl_map8/gl_map16 in-register map primitives), chain in place, zt volume deleted; r6: even-L second-level fold (k-parity split over j<->L/2-j, halves the kernel j-sweep at every even L); r7: third-level k-fold at 4|L (rows k and L/2-k share one j-sweep via the column sign (-1)^j, parity-sorted columns; halves the sweep again) + exit-map packing for kcnt 4/2 tail chunks; r8: insert-load 8x8 transpose in the axis-2 staging (VINSERTF64X4 from memory is a load-port uop: 16 shuffles vs 24, port-5/FMA relief), kcnt=1 exit-map packing (8 rows one ladder), unrolled constant-index full-chunk exit (spill diet); r9: 4-lane (ymm) SoA library family gl_deint4/int4/tr4x4/pack4/unpack4 + gl_map4 (PMU-audit avenue 4 / gen_planner G=4 ask: unlocks batch-lane layout at B=4 and B%8 remainder lanes; ymm FP dispatches on the otherwise-idle port 1), dogfooded in the kcnt=2 exit-map tail (zero-shuffle ymm ladders, bit-identical to gl_map8; plan-gated m4t = L<=GL_M4T_MAX, r10 default 0: the ICX verdict is the zmm packing wins on the scoring host -- SPR builds want -DGL_M4T_MAX=16); r10: counter-directed audit round -- PMU dashboard measured (25/32 run AT the node's ~2.1 uops/cycle dispatch cap, loads the largest port class; 50/100 traffic-bound), m4t ICX A/B banked as a deterministic plan gate + race-flippable knob; r11 (all hands on L=100): gl_thp_bytes smaps THP verification (the brief's layout ask; finding: THP=madvise on the scoring node leaves the driver's 32 MB buffers 4K-backed, kernel 5.15 has no MADV_COLLAPSE) + zero-copy chain-state re-home into the THP arena (last step exits to final_out directly; c staged once per call), gated by the measured smaps verdict per buffer pair
   gen_pfa_large            GT-PFA 8x5 two-sweep (exact-tw modules) + owned chain (NR map); pick: l40-ip0 (B=8)
   gen_pfa_small            PFA coprime (10=2x5,12=3x4,15=3x5,20=4x5), no twiddles; interleaved site SoA 8 vols/zmm, padded planes 256 mod 4096, in-place slot codelets, zy sweep + x-pass w/ in-register fused map; B%8 split path; r3: generic runtime-table coprime P*Q engine (modules 2,3,4,5,7,8,9) for 6,14,18,21,24,28,35,36,45,56,63; r4: register-explicit 10/12 pencils, in-place generic pencils where Q==1 mod P (14,18,21,36,56); r5: per-size map ladder BODY+tail (bl hs-form + rcp at 12, bl + div at 15/20, legacy + div at 10), raced same-core; r6: modules widened to {2,3,4,5,7,8,9,11,13,15,16,17,19,21,23,25,27,29,31} + nested-PFA composite odd modules (21,33,35,39,45,51,55,57,63) -- 53 new sizes, all coprime P*Q in 14..127 except 50/80/100 (pfa_large/powp cells); r7: B=1/B%8 chain rebuilt -- map fused into the stride-1 pass (map_span pass gone), half-turn z-pass (transpose-in only, swapped stores, parity-alternating c) vs dense stage-matrix broadcast-FMA pencil (lit 11 Tier 2) raced per size via -DSPLITZ<L>; r8: the rotation fused-map split chain ported to the GENERIC engine (site-buffer gather + the existing in-place gpen codelets, L >= 8) -- B%8 remainder volumes r <= GSPLIT_RMAX no longer lane-replicate; r9: phi-lifted DFT5 v-pair (6 ops vs 8; borrowed gen_batchlane r7 / lit 08 6.3) in D5CORE + M_DFT5 -- pencil FP 84/156/208 at 10/15/20 batched and in the split pencils; -DLIFT5=0 races back; r10: factor-swapped fused-map x-pencils at 10/15/20 (small factor in stage 2 where the map fuses; borrowed gen_batchlane r9 incl. their 12-loses verdict), -DSWAP<L> races back; r11 (all hands on L=100): CLAIMS 50=2x25 and 100=4x25 -- module 25 as twiddled 5x5 CT (borrowed gen_pfa_large r1's DFT25 shape; long-double tables; -DG25CT=0 races the fold) and a slab-FUSED split step for L>=GSLAB_MIN (passes 2+3 per L2-resident x-slab, natural-order map-fused stores, no rotation: one volume round trip per step gone vs r8)
   gen_planner              planner layer: L -> {ct,gt-pfa,rader,bluestein,dense} candidate trees + generic strided-row executor (in-place, fused twiddles, register-resident fused CT/GT codelets, hard leaves 2/3/4/5/7/8) + volume-resident fused chain, any 2<=L<=128; alternating-layout one-transpose THP-re-homed chain at L>80; noise-gated create() race with banked per-host picks (@f custody playoff); adopt via GEN_PLANNER_LIB include
   gen_pow2                 2^k axes: custody split-complex chain engine over G=L/8 (L=16/32/64/128: TR8 z-codelets, x-fastest c, lazy exact map, DSB-resident bodies, dual-select FMA-folded twiddles; r8 adds the G=16 DRAM-regime engine; r9 re-forms z-codelet output slots via 256-bit extract-to-memory stores; r11 fuses the L=128 chain step into ONE tile-resident sweep (x-stage-2+map+z+y+x-stage-1, tile-order c): -61% DRAM reads, -14% wall), other 2^k in 2..8 generic radix-2
   gen_powp                 powp CT 3x9(3x3) exact tw, SoA-8 lane chain (DIF/DIT in place); pick: l27-soa (B=16)
   gen_race                 LIBRARY LAYER (scored by adoption): plan-time candidate race (interleaved sample-major since r4; NEW r9 NOISE GATE: an upset must clear max(jitter, 6%% floor) or win a fresh-evidence confirmation, reverted upsets never stored -- banked, deterministic picks per PMU audit avenue 1) + per-host wisdom cache incl. string wisdom + drop_prefix (adopt: #define GEN_RACE_LIB_ONLY + #include gen_race.c); demo = the ASSEMBLED trunk: pln_enumerate trees + split-group arms (@s1/2/3/4) + tile + fm (all THREE pv forms) + cf custody + p4 races, r11: the ALT one-transpose chain (planner r11, L>80) own-gated and raced per host, then the r8 CROSS-CLASS stage: class entries compiled at plan time as .so (cached per source-hash; r9 prefetches ALL on the first cold create so heavyweight compiles land before their cells), dlopened, gated, raced as whole-graded-chain arms vs self, winner ships by vtable forwarding (r11: gen_batchlane's within-volume engine routed at 50/100); salts chain11/tile11/chaingate11/fm11/cf11/p411/alt11/eng11
   gen_rader                Rader-class primes 3..127: at 31, conjugate fold -> cyclic-15 (cos) + negacyclic-15 (sin; odd-N sign-twist), Winograd-C3 x dense-C5 on a fully padded huge-page arena (64B-aligned, anti-4K pitch, c mirror phase-split); 43/67/79/103 via OUTER-C3 Rader (the same Winograd-C3-over-dense-blocks at runtime tables, 8m^2 vs 18m^2 conv FMA); even-h primes (p=1 mod 4, 13..113) via the E-side C2 CRT split + O-side negacyclic Karatsuba (5m^2 vs 8m^2); any other prime via the generic folded half-system engine; generic chain on a padded gl_map_huge arena for p<=61 (alias-free pitch, tail-free x/y), flat above; r7: blocked convs pinned rolled (front-end fix, -7..-21% at 61..113), dead map arms compiled out, x-pass stream prefetch at p>=107; r8: paired-column (2-wide) chunks share broadcast constants (dense engine -25.5% at 127; 2-wide+stord at m>=25), rolled fold/combine on the 1-wide kernels at m=15..24 (-1..-10% at 61/73/89); r9/r10: 2-wide RP3_WINO at p=103 CLOSED -- loses on BOTH graded architectures (SPR +35%, ICL +13%; rp3's ~1:2 glue:conv ratio); r10: rp2 pairing boundary fully raced, 2-wide+stord extended to m=24 (p=97, -4..6% on ICL); r11: unchanged (.text-identical) -- flat-chain memcpy deletion and gen_layout-r11 zero-copy THP re-home both raced and REJECTED at 127 (+0.6% / +4.1% at m=2: in-place chains pay no RFO, NT memcpy is the optimal prologue, TLB prize measured 0.6% of cycles); self-check gated; s6 map from gen_dense_prime, arena from gen_layout
   gen_twiddle              LIBRARY LAYER (scored by adoption): octant-folded exact twiddles <=0.51 ulp (tw_cis/tw_chirp) + NEW dual-select FMA form tw_cis_ds (lit 11 Tier 1: every stored ratio <=1, first performant validation), consumption-order CT/DFT/Rader(+folded)/chirp/fold-half/SIMD-dense fillers + ulp audits + primitive roots + long-double DFT oracle (adopt: #define GEN_TWIDDLE_LIB_ONLY + #include gen_twiddle.c); entry = any-L mixed-radix zmm-lane demo (gen_r5: conjugate-fold prime butterflies; gen_r6: register-resident whole-level codelets for r=2/3/4/5, -30..-44% bit-identical; gen_r7: fused fold-combine codelet for combine radices 7/11/13; gen_r8: shuffle-free split-group handoff axes 1->2, axis-2 gather deleted, bit-identical; gen_r9: axis-1 pencil groups PACKED across plane seams via two-pointer masked gather/scatter + masked w<8 tails, per-plane scalar z-tails deleted, bit-identical; gen_r10: radix-8 levels -- one whole combine pass deleted at 8|L -- + transpose last stage as extract-to-memory stores, -8 p5/tr8x8, from gen_pow2 r9; gen_r11: radix-10 levels via PFA 2x5 DFT10 codelets, zero internal twiddles -- depth-minimizing factorizer deletes one whole level pass at 10/30/50/70/90/100/110, tw muls 155->90 per group at 100), self-audited at create(), owned in-place fused-map chain
   mkl2026_dfti             oneMKL 2026.1 (pip wheel) DFTI, sequential, batched
   mkl_dfti                 oneMKL 2022.0.2 DFTI, sequential, batched
== round gen_r11 complete: results/gen_r11 ==
