PASS rel_l2=3.013e-16 rel_max=3.781e-16 (tol 1e-12) L=4096 B=256
PASS map-chain m=400: rel_l2=4.547e-14 (anchor 0.000e+00, tol 1.0e-10)
PASS rel_l2=3.013e-16 rel_max=3.781e-16 (tol 1e-12) L=4096 B=256
PASS map-2-step: rel_l2=1.118e-15 (tol 3.0e-14)
PASS rel_l2=3.064e-16 rel_max=3.545e-16 (tol 1e-12) L=4096 B=256
PASS map-chain m=400: rel_l2=6.545e-14 (anchor 0.000e+00, tol 1.0e-10)
PASS rel_l2=3.064e-16 rel_max=3.545e-16 (tol 1e-12) L=4096 B=256
PASS map-2-step: rel_l2=1.141e-15 (tol 3.0e-14)
PASS rel_l2=3.066e-16 rel_max=3.781e-16 (tol 1e-12) L=4096 B=256
PASS map-chain m=400: rel_l2=6.746e-14 (anchor 0.000e+00, tol 1.0e-10)
PASS rel_l2=3.066e-16 rel_max=3.781e-16 (tol 1e-12) L=4096 B=256
PASS map-2-step: rel_l2=1.155e-15 (tol 3.0e-14)
PASS rel_l2=3.078e-16 rel_max=3.731e-16 (tol 1e-12) L=4096 B=256
PASS map-chain m=400: rel_l2=6.746e-14 (anchor 0.000e+00, tol 1.0e-10)
PASS rel_l2=3.078e-16 rel_max=3.731e-16 (tol 1e-12) L=4096 B=256
PASS map-2-step: rel_l2=1.155e-15 (tol 3.0e-14)
PASS rel_l2=3.078e-16 rel_max=3.731e-16 (tol 1e-12) L=4096 B=256
PASS map-chain m=400: rel_l2=5.439e-14 (anchor 0.000e+00, tol 1.0e-10)
PASS rel_l2=3.078e-16 rel_max=3.731e-16 (tol 1e-12) L=4096 B=256
PASS map-2-step: rel_l2=1.169e-15 (tol 3.0e-14)
PASS rel_l2=3.128e-16 rel_max=3.685e-16 (tol 1e-12) L=4096 B=256
PASS map-chain m=400: rel_l2=5.796e-14 (anchor 0.000e+00, tol 1.0e-10)
PASS rel_l2=3.128e-16 rel_max=3.685e-16 (tol 1e-12) L=4096 B=256
PASS map-2-step: rel_l2=1.146e-15 (tol 3.0e-14)
PASS rel_l2=3.083e-16 rel_max=4.000e-16 (tol 1e-12) L=4096 B=256
PASS map-chain m=400: rel_l2=5.141e-14 (anchor 0.000e+00, tol 1.0e-10)
PASS rel_l2=3.083e-16 rel_max=4.000e-16 (tol 1e-12) L=4096 B=256
PASS map-2-step: rel_l2=1.148e-15 (tol 3.0e-14)
PASS rel_l2=3.092e-16 rel_max=3.520e-16 (tol 1e-12) L=4096 B=256
PASS map-chain m=400: rel_l2=4.552e-14 (anchor 0.000e+00, tol 1.0e-10)
PASS rel_l2=3.100e-16 rel_max=3.833e-16 (tol 1e-12) L=4096 B=256
PASS map-2-step: rel_l2=1.157e-15 (tol 3.0e-14)
PASS rel_l2=3.107e-16 rel_max=3.685e-16 (tol 1e-12) L=4096 B=256
PASS map-chain m=400: rel_l2=4.401e-14 (anchor 0.000e+00, tol 1.0e-10)
PASS rel_l2=3.107e-16 rel_max=3.685e-16 (tol 1e-12) L=4096 B=256
PASS map-2-step: rel_l2=1.147e-15 (tol 3.0e-14)
PASS rel_l2=3.353e-16 rel_max=4.334e-16 (tol 1e-12) L=16384 B=64
PASS map-chain m=150: rel_l2=2.644e-14 (anchor 0.000e+00, tol 1.0e-10)
PASS rel_l2=3.353e-16 rel_max=4.334e-16 (tol 1e-12) L=16384 B=64
PASS map-2-step: rel_l2=1.452e-15 (tol 3.0e-14)
PASS rel_l2=3.391e-16 rel_max=3.577e-16 (tol 1e-12) L=16384 B=64
PASS map-chain m=150: rel_l2=3.514e-14 (anchor 0.000e+00, tol 1.0e-10)
PASS rel_l2=3.391e-16 rel_max=3.577e-16 (tol 1e-12) L=16384 B=64
PASS map-2-step: rel_l2=1.482e-15 (tol 3.0e-14)
PASS rel_l2=3.409e-16 rel_max=4.044e-16 (tol 1e-12) L=16384 B=64
PASS map-chain m=150: rel_l2=2.673e-14 (anchor 0.000e+00, tol 1.0e-10)
PASS rel_l2=3.409e-16 rel_max=4.044e-16 (tol 1e-12) L=16384 B=64
PASS map-2-step: rel_l2=1.485e-15 (tol 3.0e-14)
PASS rel_l2=3.364e-16 rel_max=4.186e-16 (tol 1e-12) L=16384 B=64
PASS map-chain m=150: rel_l2=3.514e-14 (anchor 0.000e+00, tol 1.0e-10)
PASS rel_l2=3.364e-16 rel_max=4.186e-16 (tol 1e-12) L=16384 B=64
PASS map-2-step: rel_l2=1.482e-15 (tol 3.0e-14)
PASS rel_l2=3.364e-16 rel_max=4.186e-16 (tol 1e-12) L=16384 B=64
PASS map-chain m=150: rel_l2=2.375e-14 (anchor 0.000e+00, tol 1.0e-10)
PASS rel_l2=3.364e-16 rel_max=4.186e-16 (tol 1e-12) L=16384 B=64
PASS map-2-step: rel_l2=1.470e-15 (tol 3.0e-14)
PASS rel_l2=3.501e-16 rel_max=4.165e-16 (tol 1e-12) L=16384 B=64
PASS map-chain m=150: rel_l2=2.586e-14 (anchor 0.000e+00, tol 1.0e-10)
PASS rel_l2=3.501e-16 rel_max=4.165e-16 (tol 1e-12) L=16384 B=64
PASS map-2-step: rel_l2=1.494e-15 (tol 3.0e-14)
PASS rel_l2=3.439e-16 rel_max=3.819e-16 (tol 1e-12) L=16384 B=64
PASS map-chain m=150: rel_l2=2.594e-14 (anchor 0.000e+00, tol 1.0e-10)
PASS rel_l2=3.439e-16 rel_max=3.819e-16 (tol 1e-12) L=16384 B=64
PASS map-2-step: rel_l2=1.469e-15 (tol 3.0e-14)
PASS rel_l2=3.458e-16 rel_max=3.725e-16 (tol 1e-12) L=16384 B=64
PASS map-chain m=150: rel_l2=2.747e-14 (anchor 0.000e+00, tol 1.0e-10)
PASS rel_l2=3.480e-16 rel_max=3.823e-16 (tol 1e-12) L=16384 B=64
PASS map-2-step: rel_l2=1.502e-15 (tol 3.0e-14)
PASS rel_l2=3.359e-16 rel_max=3.785e-16 (tol 1e-12) L=16384 B=64
PASS map-chain m=150: rel_l2=2.677e-14 (anchor 0.000e+00, tol 1.0e-10)
PASS rel_l2=3.359e-16 rel_max=3.785e-16 (tol 1e-12) L=16384 B=64
PASS map-2-step: rel_l2=1.455e-15 (tol 3.0e-14)
PASS rel_l2=5.667e-16 rel_max=6.081e-16 (tol 1e-12) L=1021 B=256
PASS map-chain m=400: rel_l2=8.784e-14 (anchor 5.644e-14, tol 1.0e-10)
PASS rel_l2=5.667e-16 rel_max=6.081e-16 (tol 1e-12) L=1021 B=256
PASS map-2-step: rel_l2=1.769e-15 (tol 3.0e-14)
PASS rel_l2=6.324e-16 rel_max=7.431e-16 (tol 1e-12) L=1021 B=256
PASS map-chain m=400: rel_l2=9.313e-14 (anchor 5.644e-14, tol 1.0e-10)
PASS rel_l2=6.324e-16 rel_max=7.431e-16 (tol 1e-12) L=1021 B=256
PASS map-2-step: rel_l2=1.839e-15 (tol 3.0e-14)
PASS rel_l2=9.947e-16 rel_max=9.927e-16 (tol 1e-12) L=1021 B=256
PASS map-chain m=400: rel_l2=9.313e-14 (anchor 5.644e-14, tol 1.0e-10)
PASS rel_l2=9.947e-16 rel_max=9.927e-16 (tol 1e-12) L=1021 B=256
PASS map-2-step: rel_l2=1.839e-15 (tol 3.0e-14)
PASS rel_l2=9.947e-16 rel_max=9.927e-16 (tol 1e-12) L=1021 B=256
PASS map-chain m=400: rel_l2=1.986e-13 (anchor 5.644e-14, tol 1.0e-10)
PASS rel_l2=9.947e-16 rel_max=9.927e-16 (tol 1e-12) L=1021 B=256
PASS map-2-step: rel_l2=3.012e-15 (tol 3.0e-14)
PASS rel_l2=5.794e-16 rel_max=6.510e-16 (tol 1e-12) L=1021 B=256
PASS map-chain m=400: rel_l2=8.830e-14 (anchor 5.644e-14, tol 1.0e-10)
PASS rel_l2=5.794e-16 rel_max=6.510e-16 (tol 1e-12) L=1021 B=256
PASS map-2-step: rel_l2=1.805e-15 (tol 3.0e-14)
PASS rel_l2=5.645e-16 rel_max=5.607e-16 (tol 1e-12) L=1021 B=256
PASS map-chain m=400: rel_l2=8.512e-14 (anchor 5.644e-14, tol 1.0e-10)
PASS rel_l2=5.728e-16 rel_max=6.448e-16 (tol 1e-12) L=1021 B=256
PASS map-2-step: rel_l2=1.779e-15 (tol 3.0e-14)
PASS rel_l2=5.728e-16 rel_max=6.448e-16 (tol 1e-12) L=1021 B=256
PASS map-chain m=400: rel_l2=8.908e-14 (anchor 5.644e-14, tol 1.0e-10)
PASS rel_l2=5.728e-16 rel_max=6.448e-16 (tol 1e-12) L=1021 B=256
PASS map-2-step: rel_l2=1.779e-15 (tol 3.0e-14)
PASS rel_l2=5.729e-16 rel_max=6.448e-16 (tol 1e-12) L=1021 B=256
PASS map-chain m=400: rel_l2=8.428e-14 (anchor 5.644e-14, tol 1.0e-10)
PASS rel_l2=5.729e-16 rel_max=6.448e-16 (tol 1e-12) L=1021 B=256
PASS map-2-step: rel_l2=1.775e-15 (tol 3.0e-14)
PASS rel_l2=7.130e-16 rel_max=7.518e-16 (tol 1e-12) L=10007 B=64
PASS map-chain m=80: rel_l2=3.285e-14 (anchor 2.643e-14, tol 1.0e-10)
PASS rel_l2=7.130e-16 rel_max=7.518e-16 (tol 1e-12) L=10007 B=64
PASS map-2-step: rel_l2=2.970e-15 (tol 3.0e-14)
PASS rel_l2=7.130e-16 rel_max=7.518e-16 (tol 1e-12) L=10007 B=64
PASS map-chain m=80: rel_l2=3.312e-14 (anchor 2.643e-14, tol 1.0e-10)
PASS rel_l2=7.130e-16 rel_max=7.518e-16 (tol 1e-12) L=10007 B=64
PASS map-2-step: rel_l2=2.961e-15 (tol 3.0e-14)
PASS rel_l2=7.130e-16 rel_max=7.518e-16 (tol 1e-12) L=10007 B=64
PASS map-chain m=80: rel_l2=3.312e-14 (anchor 2.643e-14, tol 1.0e-10)
PASS rel_l2=7.130e-16 rel_max=7.518e-16 (tol 1e-12) L=10007 B=64
PASS map-2-step: rel_l2=2.961e-15 (tol 3.0e-14)
PASS rel_l2=8.489e-16 rel_max=9.759e-16 (tol 1e-12) L=10007 B=64
PASS map-chain m=80: rel_l2=3.731e-14 (anchor 2.643e-14, tol 1.0e-10)
PASS rel_l2=8.489e-16 rel_max=9.759e-16 (tol 1e-12) L=10007 B=64
PASS map-2-step: rel_l2=3.196e-15 (tol 3.0e-14)
PASS rel_l2=8.037e-16 rel_max=9.548e-16 (tol 1e-12) L=10007 B=64
PASS map-chain m=80: rel_l2=3.233e-14 (anchor 2.643e-14, tol 1.0e-10)
PASS rel_l2=8.011e-16 rel_max=8.940e-16 (tol 1e-12) L=10007 B=64
PASS map-2-step: rel_l2=3.110e-15 (tol 3.0e-14)
PASS rel_l2=8.007e-16 rel_max=9.010e-16 (tol 1e-12) L=10007 B=64
PASS map-chain m=80: rel_l2=3.356e-14 (anchor 2.643e-14, tol 1.0e-10)
PASS rel_l2=8.037e-16 rel_max=9.548e-16 (tol 1e-12) L=10007 B=64
PASS map-2-step: rel_l2=3.073e-15 (tol 3.0e-14)
PASS rel_l2=6.755e-16 rel_max=7.068e-16 (tol 1e-12) L=10007 B=64
PASS map-chain m=80: rel_l2=3.138e-14 (anchor 2.643e-14, tol 1.0e-10)
PASS rel_l2=6.755e-16 rel_max=7.068e-16 (tol 1e-12) L=10007 B=64
PASS map-2-step: rel_l2=2.822e-15 (tol 3.0e-14)
PASS rel_l2=1.238e-15 rel_max=1.375e-15 (tol 1e-12) L=65537 B=16
PASS map-chain m=20: rel_l2=1.524e-14 (anchor 1.358e-14, tol 1.0e-10)
PASS rel_l2=1.238e-15 rel_max=1.375e-15 (tol 1e-12) L=65537 B=16
PASS map-2-step: rel_l2=4.066e-15 (tol 3.0e-14)
PASS rel_l2=1.238e-15 rel_max=1.375e-15 (tol 1e-12) L=65537 B=16
PASS map-chain m=20: rel_l2=1.524e-14 (anchor 1.358e-14, tol 1.0e-10)
PASS rel_l2=1.238e-15 rel_max=1.375e-15 (tol 1e-12) L=65537 B=16
PASS map-2-step: rel_l2=4.055e-15 (tol 3.0e-14)
PASS rel_l2=1.368e-15 rel_max=1.423e-15 (tol 1e-12) L=65537 B=16
PASS map-chain m=20: rel_l2=1.974e-14 (anchor 1.358e-14, tol 1.0e-10)
PASS rel_l2=1.368e-15 rel_max=1.423e-15 (tol 1e-12) L=65537 B=16
PASS map-2-step: rel_l2=4.640e-15 (tol 3.0e-14)
PASS rel_l2=1.368e-15 rel_max=1.423e-15 (tol 1e-12) L=65537 B=16
PASS map-chain m=20: rel_l2=1.974e-14 (anchor 1.358e-14, tol 1.0e-10)
PASS rel_l2=1.368e-15 rel_max=1.423e-15 (tol 1e-12) L=65537 B=16
PASS map-2-step: rel_l2=4.640e-15 (tol 3.0e-14)
PASS rel_l2=1.202e-15 rel_max=1.302e-15 (tol 1e-12) L=65537 B=16
PASS map-chain m=20: rel_l2=1.522e-14 (anchor 1.358e-14, tol 1.0e-10)
PASS rel_l2=1.202e-15 rel_max=1.302e-15 (tol 1e-12) L=65537 B=16
PASS map-2-step: rel_l2=4.097e-15 (tol 3.0e-14)
PASS rel_l2=1.211e-15 rel_max=1.318e-15 (tol 1e-12) L=65537 B=16
PASS map-chain m=20: rel_l2=1.634e-14 (anchor 1.358e-14, tol 1.0e-10)
PASS rel_l2=1.210e-15 rel_max=1.322e-15 (tol 1e-12) L=65537 B=16
PASS map-2-step: rel_l2=4.105e-15 (tol 3.0e-14)
PASS rel_l2=1.203e-15 rel_max=1.233e-15 (tol 1e-12) L=65537 B=16
PASS map-chain m=20: rel_l2=1.631e-14 (anchor 1.358e-14, tol 1.0e-10)
PASS rel_l2=1.203e-15 rel_max=1.233e-15 (tol 1e-12) L=65537 B=16
PASS map-2-step: rel_l2=4.192e-15 (tol 3.0e-14)
PASS rel_l2=1.021e-15 rel_max=1.194e-15 (tol 1e-12) L=65537 B=16
PASS map-chain m=20: rel_l2=1.507e-14 (anchor 1.358e-14, tol 1.0e-10)
PASS rel_l2=1.021e-15 rel_max=1.194e-15 (tol 1e-12) L=65537 B=16
PASS map-2-step: rel_l2=3.934e-15 (tol 3.0e-14)
PASS rel_l2=4.886e-16 rel_max=6.175e-16 (tol 1e-12) L=13 B=1
PASS rel_l2=1.090e-16 rel_max=9.488e-17 (tol 1e-12) L=13 B=1
PASS rel_l2=2.194e-16 rel_max=2.234e-16 (tol 1e-12) L=13 B=1
PASS rel_l2=1.090e-16 rel_max=9.488e-17 (tol 1e-12) L=13 B=1
PASS rel_l2=1.416e-16 rel_max=1.841e-16 (tol 1e-12) L=13 B=1
PASS rel_l2=1.416e-16 rel_max=1.841e-16 (tol 1e-12) L=13 B=1
PASS rel_l2=1.416e-16 rel_max=1.841e-16 (tol 1e-12) L=13 B=1
PASS rel_l2=1.358e-16 rel_max=1.302e-16 (tol 1e-12) L=13 B=1
PASS rel_l2=1.630e-16 rel_max=1.987e-16 (tol 1e-12) L=13 B=1
PASS rel_l2=1.630e-16 rel_max=1.987e-16 (tol 1e-12) L=13 B=1
PASS rel_l2=1.630e-16 rel_max=1.987e-16 (tol 1e-12) L=13 B=1
PASS rel_l2=1.273e-16 rel_max=1.845e-16 (tol 1e-12) L=13 B=1
PASS rel_l2=4.094e-16 rel_max=4.122e-16 (tol 1e-12) L=13 B=512
PASS rel_l2=1.379e-16 rel_max=2.024e-16 (tol 1e-12) L=13 B=512
PASS rel_l2=1.841e-16 rel_max=3.010e-16 (tol 1e-12) L=13 B=512
PASS rel_l2=1.379e-16 rel_max=2.024e-16 (tol 1e-12) L=13 B=512
PASS rel_l2=1.731e-16 rel_max=2.236e-16 (tol 1e-12) L=13 B=512
PASS rel_l2=1.379e-16 rel_max=2.024e-16 (tol 1e-12) L=13 B=512
PASS rel_l2=1.731e-16 rel_max=2.236e-16 (tol 1e-12) L=13 B=512
PASS rel_l2=1.813e-16 rel_max=2.294e-16 (tol 1e-12) L=13 B=512
PASS rel_l2=1.813e-16 rel_max=2.294e-16 (tol 1e-12) L=13 B=512
PASS rel_l2=1.847e-16 rel_max=2.236e-16 (tol 1e-12) L=13 B=512
PASS rel_l2=1.847e-16 rel_max=2.236e-16 (tol 1e-12) L=13 B=512
PASS rel_l2=1.847e-16 rel_max=2.236e-16 (tol 1e-12) L=13 B=512
PASS rel_l2=1.745e-16 rel_max=2.114e-16 (tol 1e-12) L=13 B=512
PASS rel_l2=4.294e-16 rel_max=6.055e-16 (tol 1e-12) L=31 B=1
PASS rel_l2=2.346e-16 rel_max=3.049e-16 (tol 1e-12) L=31 B=1
PASS rel_l2=3.418e-16 rel_max=3.859e-16 (tol 1e-12) L=31 B=1
PASS rel_l2=2.346e-16 rel_max=3.049e-16 (tol 1e-12) L=31 B=1
PASS rel_l2=2.961e-16 rel_max=3.290e-16 (tol 1e-12) L=31 B=1
PASS rel_l2=2.961e-16 rel_max=3.290e-16 (tol 1e-12) L=31 B=1
PASS rel_l2=2.961e-16 rel_max=3.290e-16 (tol 1e-12) L=31 B=1
PASS rel_l2=3.197e-16 rel_max=2.942e-16 (tol 1e-12) L=31 B=1
PASS rel_l2=2.054e-16 rel_max=3.191e-16 (tol 1e-12) L=31 B=1
PASS rel_l2=2.054e-16 rel_max=3.191e-16 (tol 1e-12) L=31 B=1
PASS rel_l2=2.054e-16 rel_max=3.191e-16 (tol 1e-12) L=31 B=1
PASS rel_l2=2.085e-16 rel_max=2.080e-16 (tol 1e-12) L=31 B=1
PASS rel_l2=4.254e-16 rel_max=5.096e-16 (tol 1e-12) L=31 B=512
PASS rel_l2=2.095e-16 rel_max=2.918e-16 (tol 1e-12) L=31 B=512
PASS rel_l2=3.280e-16 rel_max=3.969e-16 (tol 1e-12) L=31 B=512
PASS rel_l2=2.095e-16 rel_max=2.918e-16 (tol 1e-12) L=31 B=512
PASS rel_l2=2.897e-16 rel_max=3.327e-16 (tol 1e-12) L=31 B=512
PASS rel_l2=2.897e-16 rel_max=3.327e-16 (tol 1e-12) L=31 B=512
PASS rel_l2=2.897e-16 rel_max=3.327e-16 (tol 1e-12) L=31 B=512
PASS rel_l2=2.577e-16 rel_max=2.740e-16 (tol 1e-12) L=31 B=512
PASS rel_l2=2.577e-16 rel_max=2.740e-16 (tol 1e-12) L=31 B=512
PASS rel_l2=2.090e-16 rel_max=3.279e-16 (tol 1e-12) L=31 B=512
PASS rel_l2=2.090e-16 rel_max=3.279e-16 (tol 1e-12) L=31 B=512
PASS rel_l2=2.090e-16 rel_max=3.279e-16 (tol 1e-12) L=31 B=512
PASS rel_l2=2.297e-16 rel_max=3.279e-16 (tol 1e-12) L=31 B=512
PASS rel_l2=2.743e-16 rel_max=2.950e-16 (tol 1e-12) L=32 B=1
PASS rel_l2=1.168e-16 rel_max=1.340e-16 (tol 1e-12) L=32 B=1
PASS rel_l2=1.311e-16 rel_max=1.894e-16 (tol 1e-12) L=32 B=1
PASS rel_l2=1.168e-16 rel_max=1.340e-16 (tol 1e-12) L=32 B=1
PASS rel_l2=1.168e-16 rel_max=1.340e-16 (tol 1e-12) L=32 B=1
PASS rel_l2=1.220e-16 rel_max=1.498e-16 (tol 1e-12) L=32 B=1
PASS rel_l2=1.220e-16 rel_max=1.498e-16 (tol 1e-12) L=32 B=1
PASS rel_l2=9.755e-17 rel_max=1.235e-16 (tol 1e-12) L=32 B=1
PASS rel_l2=1.098e-16 rel_max=1.340e-16 (tol 1e-12) L=32 B=1
PASS rel_l2=1.373e-16 rel_max=1.340e-16 (tol 1e-12) L=32 B=1
PASS rel_l2=1.590e-16 rel_max=1.894e-16 (tol 1e-12) L=32 B=1
PASS rel_l2=1.366e-16 rel_max=1.694e-16 (tol 1e-12) L=32 B=1
PASS rel_l2=4.295e-16 rel_max=6.738e-16 (tol 1e-12) L=60 B=1
PASS rel_l2=2.230e-16 rel_max=2.353e-16 (tol 1e-12) L=60 B=1
PASS rel_l2=1.521e-16 rel_max=1.860e-16 (tol 1e-12) L=60 B=1
PASS rel_l2=2.230e-16 rel_max=2.353e-16 (tol 1e-12) L=60 B=1
PASS rel_l2=2.230e-16 rel_max=2.353e-16 (tol 1e-12) L=60 B=1
PASS rel_l2=2.230e-16 rel_max=2.353e-16 (tol 1e-12) L=60 B=1
PASS rel_l2=1.555e-16 rel_max=2.353e-16 (tol 1e-12) L=60 B=1
PASS rel_l2=2.053e-16 rel_max=2.003e-16 (tol 1e-12) L=60 B=1
PASS rel_l2=2.273e-16 rel_max=2.263e-16 (tol 1e-12) L=60 B=1
PASS rel_l2=2.075e-16 rel_max=2.982e-16 (tol 1e-12) L=60 B=1
PASS rel_l2=1.724e-16 rel_max=2.353e-16 (tol 1e-12) L=60 B=1
PASS rel_l2=2.477e-16 rel_max=2.989e-16 (tol 1e-12) L=60 B=1
PASS rel_l2=3.518e-16 rel_max=3.728e-16 (tol 1e-12) L=64 B=1
PASS rel_l2=1.832e-16 rel_max=1.808e-16 (tol 1e-12) L=64 B=1
PASS rel_l2=1.850e-16 rel_max=2.916e-16 (tol 1e-12) L=64 B=1
PASS rel_l2=1.994e-16 rel_max=2.149e-16 (tol 1e-12) L=64 B=1
PASS rel_l2=1.994e-16 rel_max=2.149e-16 (tol 1e-12) L=64 B=1
PASS rel_l2=1.832e-16 rel_max=1.808e-16 (tol 1e-12) L=64 B=1
PASS rel_l2=2.012e-16 rel_max=2.022e-16 (tol 1e-12) L=64 B=1
PASS rel_l2=1.877e-16 rel_max=2.288e-16 (tol 1e-12) L=64 B=1
PASS rel_l2=1.817e-16 rel_max=2.149e-16 (tol 1e-12) L=64 B=1
PASS rel_l2=1.649e-16 rel_max=1.808e-16 (tol 1e-12) L=64 B=1
PASS rel_l2=1.649e-16 rel_max=1.808e-16 (tol 1e-12) L=64 B=1
PASS rel_l2=1.589e-16 rel_max=1.808e-16 (tol 1e-12) L=64 B=1
PASS rel_l2=5.157e-16 rel_max=5.862e-16 (tol 1e-12) L=128 B=1
PASS rel_l2=2.107e-16 rel_max=2.428e-16 (tol 1e-12) L=128 B=1
PASS rel_l2=2.086e-16 rel_max=2.127e-16 (tol 1e-12) L=128 B=1
PASS rel_l2=2.086e-16 rel_max=2.127e-16 (tol 1e-12) L=128 B=1
PASS rel_l2=2.165e-16 rel_max=2.852e-16 (tol 1e-12) L=128 B=1
PASS rel_l2=2.107e-16 rel_max=2.428e-16 (tol 1e-12) L=128 B=1
PASS rel_l2=1.979e-16 rel_max=2.017e-16 (tol 1e-12) L=128 B=1
PASS rel_l2=2.121e-16 rel_max=2.255e-16 (tol 1e-12) L=128 B=1
PASS rel_l2=2.275e-16 rel_max=3.252e-16 (tol 1e-12) L=128 B=1
PASS rel_l2=2.069e-16 rel_max=2.127e-16 (tol 1e-12) L=128 B=1
PASS rel_l2=2.069e-16 rel_max=2.127e-16 (tol 1e-12) L=128 B=1
PASS rel_l2=2.145e-16 rel_max=3.025e-16 (tol 1e-12) L=128 B=1
PASS rel_l2=1.099e-15 rel_max=1.616e-15 (tol 1e-12) L=1024 B=1
PASS rel_l2=2.745e-16 rel_max=3.723e-16 (tol 1e-12) L=1024 B=1
PASS rel_l2=2.745e-16 rel_max=3.723e-16 (tol 1e-12) L=1024 B=1
PASS rel_l2=2.678e-16 rel_max=3.510e-16 (tol 1e-12) L=1024 B=1
PASS rel_l2=2.662e-16 rel_max=3.510e-16 (tol 1e-12) L=1024 B=1
PASS rel_l2=2.662e-16 rel_max=3.510e-16 (tol 1e-12) L=1024 B=1
PASS rel_l2=2.739e-16 rel_max=3.103e-16 (tol 1e-12) L=1024 B=1
PASS rel_l2=2.742e-16 rel_max=3.901e-16 (tol 1e-12) L=1024 B=1
PASS rel_l2=2.742e-16 rel_max=3.901e-16 (tol 1e-12) L=1024 B=1
PASS rel_l2=2.720e-16 rel_max=4.967e-16 (tol 1e-12) L=1024 B=1
PASS rel_l2=3.101e-16 rel_max=3.498e-16 (tol 1e-12) L=4096 B=1
PASS rel_l2=3.105e-16 rel_max=3.320e-16 (tol 1e-12) L=4096 B=1
PASS rel_l2=3.089e-16 rel_max=3.542e-16 (tol 1e-12) L=4096 B=1
PASS rel_l2=3.139e-16 rel_max=3.365e-16 (tol 1e-12) L=4096 B=1
PASS rel_l2=3.139e-16 rel_max=3.365e-16 (tol 1e-12) L=4096 B=1
PASS rel_l2=3.179e-16 rel_max=4.502e-16 (tol 1e-12) L=4096 B=1
PASS rel_l2=3.164e-16 rel_max=3.498e-16 (tol 1e-12) L=4096 B=1
PASS rel_l2=3.133e-16 rel_max=3.721e-16 (tol 1e-12) L=4096 B=1
PASS rel_l2=3.151e-16 rel_max=3.542e-16 (tol 1e-12) L=4096 B=1
PASS rel_l2=3.359e-16 rel_max=4.296e-16 (tol 1e-12) L=16384 B=1
PASS rel_l2=3.396e-16 rel_max=3.886e-16 (tol 1e-12) L=16384 B=1
PASS rel_l2=3.397e-16 rel_max=3.965e-16 (tol 1e-12) L=16384 B=1
PASS rel_l2=3.367e-16 rel_max=3.267e-16 (tol 1e-12) L=16384 B=1
PASS rel_l2=3.367e-16 rel_max=3.267e-16 (tol 1e-12) L=16384 B=1
PASS rel_l2=3.512e-16 rel_max=4.005e-16 (tol 1e-12) L=16384 B=1
PASS rel_l2=3.414e-16 rel_max=3.642e-16 (tol 1e-12) L=16384 B=1
PASS rel_l2=3.459e-16 rel_max=3.965e-16 (tol 1e-12) L=16384 B=1
PASS rel_l2=3.368e-16 rel_max=3.953e-16 (tol 1e-12) L=16384 B=1
PASS rel_l2=1.189e-15 rel_max=1.395e-15 (tol 1e-12) L=1021 B=1
PASS rel_l2=5.648e-16 rel_max=5.093e-16 (tol 1e-12) L=1021 B=1
PASS rel_l2=6.323e-16 rel_max=5.588e-16 (tol 1e-12) L=1021 B=1
PASS rel_l2=9.883e-16 rel_max=7.931e-16 (tol 1e-12) L=1021 B=1
PASS rel_l2=9.883e-16 rel_max=7.931e-16 (tol 1e-12) L=1021 B=1
PASS rel_l2=5.727e-16 rel_max=5.160e-16 (tol 1e-12) L=1021 B=1
PASS rel_l2=5.607e-16 rel_max=6.061e-16 (tol 1e-12) L=1021 B=1
PASS rel_l2=5.692e-16 rel_max=4.184e-16 (tol 1e-12) L=1021 B=1
PASS rel_l2=5.744e-16 rel_max=4.791e-16 (tol 1e-12) L=1021 B=1
PASS rel_l2=7.152e-16 rel_max=7.334e-16 (tol 1e-12) L=10007 B=1
PASS rel_l2=7.152e-16 rel_max=7.334e-16 (tol 1e-12) L=10007 B=1
PASS rel_l2=7.152e-16 rel_max=7.334e-16 (tol 1e-12) L=10007 B=1
PASS rel_l2=8.447e-16 rel_max=8.328e-16 (tol 1e-12) L=10007 B=1
PASS rel_l2=7.952e-16 rel_max=8.189e-16 (tol 1e-12) L=10007 B=1
PASS rel_l2=7.952e-16 rel_max=8.189e-16 (tol 1e-12) L=10007 B=1
PASS rel_l2=6.727e-16 rel_max=6.976e-16 (tol 1e-12) L=10007 B=1
PASS rel_l2=1.238e-15 rel_max=1.143e-15 (tol 1e-12) L=65537 B=1
PASS rel_l2=1.238e-15 rel_max=1.143e-15 (tol 1e-12) L=65537 B=1
PASS rel_l2=1.238e-15 rel_max=1.143e-15 (tol 1e-12) L=65537 B=1
PASS rel_l2=1.366e-15 rel_max=1.345e-15 (tol 1e-12) L=65537 B=1
PASS rel_l2=1.203e-15 rel_max=1.145e-15 (tol 1e-12) L=65537 B=1
PASS rel_l2=1.211e-15 rel_max=1.065e-15 (tol 1e-12) L=65537 B=1
PASS rel_l2=1.208e-15 rel_max=1.157e-15 (tol 1e-12) L=65537 B=1
PASS rel_l2=1.020e-15 rel_max=1.088e-15 (tol 1e-12) L=65537 B=1
PASS rel_l2=1.038e-15 rel_max=1.361e-15 (tol 1e-12) L=100003 B=1
PASS rel_l2=1.038e-15 rel_max=1.361e-15 (tol 1e-12) L=100003 B=1
PASS rel_l2=1.038e-15 rel_max=1.361e-15 (tol 1e-12) L=100003 B=1
PASS rel_l2=9.154e-16 rel_max=1.045e-15 (tol 1e-12) L=100003 B=1
PASS rel_l2=9.065e-16 rel_max=8.969e-16 (tol 1e-12) L=100003 B=1
PASS rel_l2=9.063e-16 rel_max=9.000e-16 (tol 1e-12) L=100003 B=1
PASS rel_l2=8.830e-16 rel_max=1.059e-15 (tol 1e-12) L=100003 B=1
PASS rel_l2=1.035e-15 rel_max=1.185e-15 (tol 1e-12) L=100003 B=8
PASS map-chain m=15: rel_l2=1.677e-14 (anchor 1.427e-14, tol 1.0e-10)
PASS rel_l2=1.035e-15 rel_max=1.185e-15 (tol 1e-12) L=100003 B=8
PASS map-2-step: rel_l2=4.103e-15 (tol 3.0e-14)
PASS rel_l2=1.035e-15 rel_max=1.185e-15 (tol 1e-12) L=100003 B=8
PASS map-chain m=15: rel_l2=1.655e-14 (anchor 1.427e-14, tol 1.0e-10)
PASS rel_l2=1.035e-15 rel_max=1.185e-15 (tol 1e-12) L=100003 B=8
PASS map-2-step: rel_l2=4.130e-15 (tol 3.0e-14)
PASS rel_l2=1.035e-15 rel_max=1.185e-15 (tol 1e-12) L=100003 B=8
PASS map-chain m=15: rel_l2=1.655e-14 (anchor 1.427e-14, tol 1.0e-10)
PASS rel_l2=1.035e-15 rel_max=1.185e-15 (tol 1e-12) L=100003 B=8
PASS map-2-step: rel_l2=4.130e-15 (tol 3.0e-14)
PASS rel_l2=9.128e-16 rel_max=9.791e-16 (tol 1e-12) L=100003 B=8
PASS map-chain m=15: rel_l2=1.667e-14 (anchor 1.427e-14, tol 1.0e-10)
PASS rel_l2=9.128e-16 rel_max=9.791e-16 (tol 1e-12) L=100003 B=8
PASS map-2-step: rel_l2=4.501e-15 (tol 3.0e-14)
PASS rel_l2=9.042e-16 rel_max=9.778e-16 (tol 1e-12) L=100003 B=8
PASS map-chain m=15: rel_l2=1.563e-14 (anchor 1.427e-14, tol 1.0e-10)
PASS rel_l2=9.042e-16 rel_max=1.031e-15 (tol 1e-12) L=100003 B=8
PASS map-2-step: rel_l2=4.558e-15 (tol 3.0e-14)
PASS rel_l2=9.042e-16 rel_max=9.778e-16 (tol 1e-12) L=100003 B=8
PASS map-chain m=15: rel_l2=1.563e-14 (anchor 1.427e-14, tol 1.0e-10)
PASS rel_l2=9.042e-16 rel_max=9.778e-16 (tol 1e-12) L=100003 B=8
PASS map-2-step: rel_l2=4.372e-15 (tol 3.0e-14)
PASS rel_l2=8.824e-16 rel_max=9.932e-16 (tol 1e-12) L=100003 B=8
PASS map-chain m=15: rel_l2=1.647e-14 (anchor 1.427e-14, tol 1.0e-10)
PASS rel_l2=8.824e-16 rel_max=9.932e-16 (tol 1e-12) L=100003 B=8
PASS map-2-step: rel_l2=4.168e-15 (tol 3.0e-14)
PASS rel_l2=2.101e-16 rel_max=2.830e-16 (tol 1e-12) L=128 B=512
PASS map-chain m=250: rel_l2=2.357e-14 (anchor 0.000e+00, tol 1.0e-10)
PASS rel_l2=2.101e-16 rel_max=2.830e-16 (tol 1e-12) L=128 B=512
PASS map-2-step: rel_l2=5.421e-16 (tol 3.0e-14)
PASS rel_l2=2.167e-16 rel_max=2.830e-16 (tol 1e-12) L=128 B=512
PASS map-chain m=250: rel_l2=2.265e-14 (anchor 0.000e+00, tol 1.0e-10)
PASS rel_l2=2.167e-16 rel_max=2.830e-16 (tol 1e-12) L=128 B=512
PASS map-2-step: rel_l2=5.310e-16 (tol 3.0e-14)
PASS rel_l2=2.167e-16 rel_max=2.830e-16 (tol 1e-12) L=128 B=512
PASS map-chain m=250: rel_l2=2.578e-14 (anchor 0.000e+00, tol 1.0e-10)
PASS rel_l2=2.167e-16 rel_max=2.830e-16 (tol 1e-12) L=128 B=512
PASS map-2-step: rel_l2=5.314e-16 (tol 3.0e-14)
PASS rel_l2=2.177e-16 rel_max=2.830e-16 (tol 1e-12) L=128 B=512
PASS map-chain m=250: rel_l2=3.756e-14 (anchor 0.000e+00, tol 1.0e-10)
PASS rel_l2=2.177e-16 rel_max=2.830e-16 (tol 1e-12) L=128 B=512
PASS map-2-step: rel_l2=5.252e-16 (tol 3.0e-14)
PASS rel_l2=2.101e-16 rel_max=2.830e-16 (tol 1e-12) L=128 B=512
PASS map-chain m=250: rel_l2=2.578e-14 (anchor 0.000e+00, tol 1.0e-10)
PASS rel_l2=2.101e-16 rel_max=2.830e-16 (tol 1e-12) L=128 B=512
PASS map-2-step: rel_l2=5.314e-16 (tol 3.0e-14)
PASS rel_l2=2.070e-16 rel_max=2.704e-16 (tol 1e-12) L=128 B=512
PASS map-chain m=250: rel_l2=2.697e-14 (anchor 0.000e+00, tol 1.0e-10)
PASS rel_l2=2.070e-16 rel_max=2.704e-16 (tol 1e-12) L=128 B=512
PASS map-2-step: rel_l2=5.361e-16 (tol 3.0e-14)
PASS rel_l2=2.122e-16 rel_max=2.685e-16 (tol 1e-12) L=128 B=512
PASS map-chain m=250: rel_l2=2.954e-14 (anchor 0.000e+00, tol 1.0e-10)
PASS rel_l2=2.122e-16 rel_max=2.685e-16 (tol 1e-12) L=128 B=512
PASS map-2-step: rel_l2=5.230e-16 (tol 3.0e-14)
PASS rel_l2=2.122e-16 rel_max=2.685e-16 (tol 1e-12) L=128 B=512
PASS map-chain m=250: rel_l2=2.954e-14 (anchor 0.000e+00, tol 1.0e-10)
PASS rel_l2=2.122e-16 rel_max=2.685e-16 (tol 1e-12) L=128 B=512
PASS map-2-step: rel_l2=5.230e-16 (tol 3.0e-14)
PASS rel_l2=2.148e-16 rel_max=2.830e-16 (tol 1e-12) L=128 B=512
PASS map-chain m=250: rel_l2=2.713e-14 (anchor 0.000e+00, tol 1.0e-10)
PASS rel_l2=2.148e-16 rel_max=2.830e-16 (tol 1e-12) L=128 B=512
PASS map-2-step: rel_l2=5.254e-16 (tol 3.0e-14)
PASS rel_l2=2.182e-16 rel_max=2.830e-16 (tol 1e-12) L=128 B=512
PASS map-chain m=250: rel_l2=2.604e-14 (anchor 0.000e+00, tol 1.0e-10)
PASS rel_l2=2.182e-16 rel_max=2.830e-16 (tol 1e-12) L=128 B=512
PASS map-2-step: rel_l2=5.306e-16 (tol 3.0e-14)
PASS rel_l2=2.182e-16 rel_max=2.830e-16 (tol 1e-12) L=128 B=512
PASS map-chain m=250: rel_l2=2.604e-14 (anchor 0.000e+00, tol 1.0e-10)
PASS rel_l2=2.182e-16 rel_max=2.830e-16 (tol 1e-12) L=128 B=512
PASS map-2-step: rel_l2=5.306e-16 (tol 3.0e-14)
PASS rel_l2=2.131e-16 rel_max=3.180e-16 (tol 1e-12) L=128 B=512
PASS map-chain m=250: rel_l2=3.739e-14 (anchor 0.000e+00, tol 1.0e-10)
PASS rel_l2=2.131e-16 rel_max=3.180e-16 (tol 1e-12) L=128 B=512
PASS map-2-step: rel_l2=5.276e-16 (tol 3.0e-14)
PASS rel_l2=4.039e-16 rel_max=5.393e-16 (tol 1e-12) L=64 B=512
PASS map-chain m=500: rel_l2=2.626e-13 (anchor 0.000e+00, tol 1.0e-10)
PASS rel_l2=4.039e-16 rel_max=5.393e-16 (tol 1e-12) L=64 B=512
PASS map-2-step: rel_l2=7.568e-16 (tol 3.0e-14)
PASS rel_l2=1.761e-16 rel_max=2.593e-16 (tol 1e-12) L=64 B=512
PASS map-chain m=500: rel_l2=9.149e-14 (anchor 0.000e+00, tol 1.0e-10)
PASS rel_l2=1.761e-16 rel_max=2.593e-16 (tol 1e-12) L=64 B=512
PASS map-2-step: rel_l2=4.051e-16 (tol 3.0e-14)
PASS rel_l2=1.755e-16 rel_max=2.558e-16 (tol 1e-12) L=64 B=512
PASS map-chain m=500: rel_l2=1.050e-13 (anchor 0.000e+00, tol 1.0e-10)
PASS rel_l2=1.755e-16 rel_max=2.558e-16 (tol 1e-12) L=64 B=512
PASS map-2-step: rel_l2=4.160e-16 (tol 3.0e-14)
PASS rel_l2=1.761e-16 rel_max=2.593e-16 (tol 1e-12) L=64 B=512
PASS map-chain m=500: rel_l2=9.834e-14 (anchor 0.000e+00, tol 1.0e-10)
PASS rel_l2=1.761e-16 rel_max=2.593e-16 (tol 1e-12) L=64 B=512
PASS map-2-step: rel_l2=4.028e-16 (tol 3.0e-14)
PASS rel_l2=1.761e-16 rel_max=2.593e-16 (tol 1e-12) L=64 B=512
PASS map-chain m=500: rel_l2=9.141e-14 (anchor 0.000e+00, tol 1.0e-10)
PASS rel_l2=1.761e-16 rel_max=2.593e-16 (tol 1e-12) L=64 B=512
PASS map-2-step: rel_l2=4.237e-16 (tol 3.0e-14)
PASS rel_l2=1.761e-16 rel_max=2.593e-16 (tol 1e-12) L=64 B=512
PASS map-chain m=500: rel_l2=9.149e-14 (anchor 0.000e+00, tol 1.0e-10)
PASS rel_l2=1.761e-16 rel_max=2.593e-16 (tol 1e-12) L=64 B=512
PASS map-2-step: rel_l2=4.051e-16 (tol 3.0e-14)
PASS rel_l2=1.807e-16 rel_max=2.696e-16 (tol 1e-12) L=64 B=512
PASS map-chain m=500: rel_l2=1.043e-13 (anchor 0.000e+00, tol 1.0e-10)
PASS rel_l2=1.807e-16 rel_max=2.696e-16 (tol 1e-12) L=64 B=512
PASS map-2-step: rel_l2=4.412e-16 (tol 3.0e-14)
PASS rel_l2=1.760e-16 rel_max=2.572e-16 (tol 1e-12) L=64 B=512
PASS map-chain m=500: rel_l2=1.029e-13 (anchor 0.000e+00, tol 1.0e-10)
PASS rel_l2=1.760e-16 rel_max=2.572e-16 (tol 1e-12) L=64 B=512
PASS map-2-step: rel_l2=4.192e-16 (tol 3.0e-14)
PASS rel_l2=1.760e-16 rel_max=2.572e-16 (tol 1e-12) L=64 B=512
PASS map-chain m=500: rel_l2=1.029e-13 (anchor 0.000e+00, tol 1.0e-10)
PASS rel_l2=1.760e-16 rel_max=2.572e-16 (tol 1e-12) L=64 B=512
PASS map-2-step: rel_l2=4.192e-16 (tol 3.0e-14)
PASS rel_l2=1.840e-16 rel_max=2.696e-16 (tol 1e-12) L=64 B=512
PASS map-chain m=500: rel_l2=1.199e-13 (anchor 0.000e+00, tol 1.0e-10)
PASS rel_l2=1.840e-16 rel_max=2.696e-16 (tol 1e-12) L=64 B=512
PASS map-2-step: rel_l2=4.241e-16 (tol 3.0e-14)
PASS rel_l2=1.840e-16 rel_max=2.696e-16 (tol 1e-12) L=64 B=512
PASS map-chain m=500: rel_l2=1.199e-13 (anchor 0.000e+00, tol 1.0e-10)
PASS rel_l2=1.840e-16 rel_max=2.696e-16 (tol 1e-12) L=64 B=512
PASS map-2-step: rel_l2=4.241e-16 (tol 3.0e-14)
PASS rel_l2=1.840e-16 rel_max=2.696e-16 (tol 1e-12) L=64 B=512
PASS map-chain m=500: rel_l2=1.199e-13 (anchor 0.000e+00, tol 1.0e-10)
PASS rel_l2=1.840e-16 rel_max=2.696e-16 (tol 1e-12) L=64 B=512
PASS map-2-step: rel_l2=4.241e-16 (tol 3.0e-14)
PASS rel_l2=1.738e-16 rel_max=2.593e-16 (tol 1e-12) L=64 B=512
PASS map-chain m=500: rel_l2=9.619e-14 (anchor 0.000e+00, tol 1.0e-10)
PASS rel_l2=1.738e-16 rel_max=2.593e-16 (tol 1e-12) L=64 B=512
PASS map-2-step: rel_l2=4.121e-16 (tol 3.0e-14)
PASS rel_l2=3.426e-16 rel_max=4.591e-16 (tol 1e-12) L=32 B=512
PASS map-chain m=1000: rel_l2=2.993e-12 (anchor 0.000e+00, tol 1.0e-10)
PASS rel_l2=3.426e-16 rel_max=4.591e-16 (tol 1e-12) L=32 B=512
PASS map-2-step: rel_l2=6.145e-16 (tol 3.0e-14)
PASS rel_l2=1.430e-16 rel_max=2.822e-16 (tol 1e-12) L=32 B=512
PASS map-chain m=1000: rel_l2=1.523e-13 (anchor 0.000e+00, tol 1.0e-10)
PASS rel_l2=1.430e-16 rel_max=2.822e-16 (tol 1e-12) L=32 B=512
PASS map-2-step: rel_l2=3.361e-16 (tol 3.0e-14)
PASS rel_l2=1.423e-16 rel_max=2.053e-16 (tol 1e-12) L=32 B=512
PASS map-chain m=1000: rel_l2=1.865e-13 (anchor 0.000e+00, tol 1.0e-10)
PASS rel_l2=1.423e-16 rel_max=2.053e-16 (tol 1e-12) L=32 B=512
PASS map-2-step: rel_l2=3.361e-16 (tol 3.0e-14)
PASS rel_l2=1.430e-16 rel_max=2.822e-16 (tol 1e-12) L=32 B=512
PASS map-chain m=1000: rel_l2=1.993e-13 (anchor 0.000e+00, tol 1.0e-10)
PASS rel_l2=1.430e-16 rel_max=2.822e-16 (tol 1e-12) L=32 B=512
PASS map-2-step: rel_l2=3.658e-16 (tol 3.0e-14)
PASS rel_l2=1.430e-16 rel_max=2.822e-16 (tol 1e-12) L=32 B=512
PASS map-chain m=1000: rel_l2=3.001e-13 (anchor 0.000e+00, tol 1.0e-10)
PASS rel_l2=1.430e-16 rel_max=2.822e-16 (tol 1e-12) L=32 B=512
PASS map-2-step: rel_l2=3.363e-16 (tol 3.0e-14)
PASS rel_l2=1.430e-16 rel_max=2.822e-16 (tol 1e-12) L=32 B=512
PASS map-chain m=1000: rel_l2=1.523e-13 (anchor 0.000e+00, tol 1.0e-10)
PASS rel_l2=1.430e-16 rel_max=2.822e-16 (tol 1e-12) L=32 B=512
PASS map-2-step: rel_l2=3.361e-16 (tol 3.0e-14)
PASS rel_l2=1.436e-16 rel_max=2.822e-16 (tol 1e-12) L=32 B=512
PASS map-chain m=1000: rel_l2=3.685e-13 (anchor 0.000e+00, tol 1.0e-10)
PASS rel_l2=1.436e-16 rel_max=2.822e-16 (tol 1e-12) L=32 B=512
PASS map-2-step: rel_l2=3.579e-16 (tol 3.0e-14)
PASS rel_l2=1.361e-16 rel_max=2.164e-16 (tol 1e-12) L=32 B=512
PASS map-chain m=1000: rel_l2=2.158e-13 (anchor 0.000e+00, tol 1.0e-10)
PASS rel_l2=1.361e-16 rel_max=2.164e-16 (tol 1e-12) L=32 B=512
PASS map-2-step: rel_l2=3.263e-16 (tol 3.0e-14)
PASS rel_l2=1.361e-16 rel_max=2.164e-16 (tol 1e-12) L=32 B=512
PASS map-chain m=1000: rel_l2=2.158e-13 (anchor 0.000e+00, tol 1.0e-10)
PASS rel_l2=1.361e-16 rel_max=2.164e-16 (tol 1e-12) L=32 B=512
PASS map-2-step: rel_l2=3.263e-16 (tol 3.0e-14)
PASS rel_l2=1.544e-16 rel_max=2.822e-16 (tol 1e-12) L=32 B=512
PASS map-chain m=1000: rel_l2=5.578e-13 (anchor 0.000e+00, tol 1.0e-10)
PASS rel_l2=1.544e-16 rel_max=2.822e-16 (tol 1e-12) L=32 B=512
PASS map-2-step: rel_l2=3.448e-16 (tol 3.0e-14)
PASS rel_l2=1.626e-16 rel_max=2.759e-16 (tol 1e-12) L=32 B=512
PASS map-chain m=1000: rel_l2=1.482e-13 (anchor 0.000e+00, tol 1.0e-10)
PASS rel_l2=1.626e-16 rel_max=2.759e-16 (tol 1e-12) L=32 B=512
PASS map-2-step: rel_l2=3.581e-16 (tol 3.0e-14)
PASS rel_l2=1.626e-16 rel_max=2.759e-16 (tol 1e-12) L=32 B=512
PASS map-chain m=1000: rel_l2=1.482e-13 (anchor 0.000e+00, tol 1.0e-10)
PASS rel_l2=1.626e-16 rel_max=2.759e-16 (tol 1e-12) L=32 B=512
PASS map-2-step: rel_l2=3.581e-16 (tol 3.0e-14)
PASS rel_l2=1.331e-16 rel_max=2.164e-16 (tol 1e-12) L=32 B=512
PASS map-chain m=1000: rel_l2=2.818e-13 (anchor 0.000e+00, tol 1.0e-10)
PASS rel_l2=1.331e-16 rel_max=2.164e-16 (tol 1e-12) L=32 B=512
PASS map-2-step: rel_l2=3.209e-16 (tol 3.0e-14)
PASS rel_l2=4.094e-16 rel_max=4.122e-16 (tol 1e-12) L=13 B=512
PASS map-chain m=2000: rel_l2=3.751e-13 (anchor 2.596e-14, tol 1.0e-10)
PASS rel_l2=4.094e-16 rel_max=4.122e-16 (tol 1e-12) L=13 B=512
PASS map-2-step: rel_l2=7.516e-16 (tol 3.0e-14)
PASS rel_l2=1.379e-16 rel_max=2.024e-16 (tol 1e-12) L=13 B=512
PASS map-chain m=2000: rel_l2=4.023e-14 (anchor 2.596e-14, tol 1.0e-10)
PASS rel_l2=1.379e-16 rel_max=2.024e-16 (tol 1e-12) L=13 B=512
PASS map-2-step: rel_l2=3.272e-16 (tol 3.0e-14)
PASS rel_l2=1.841e-16 rel_max=3.010e-16 (tol 1e-12) L=13 B=512
PASS map-chain m=2000: rel_l2=1.639e-14 (anchor 2.596e-14, tol 1.0e-10)
PASS rel_l2=1.841e-16 rel_max=3.010e-16 (tol 1e-12) L=13 B=512
PASS map-2-step: rel_l2=3.208e-16 (tol 3.0e-14)
PASS rel_l2=1.379e-16 rel_max=2.024e-16 (tol 1e-12) L=13 B=512
PASS map-chain m=2000: rel_l2=1.684e-14 (anchor 2.596e-14, tol 1.0e-10)
PASS rel_l2=1.379e-16 rel_max=2.024e-16 (tol 1e-12) L=13 B=512
PASS map-2-step: rel_l2=3.149e-16 (tol 3.0e-14)
PASS rel_l2=1.731e-16 rel_max=2.236e-16 (tol 1e-12) L=13 B=512
PASS map-chain m=2000: rel_l2=1.939e-13 (anchor 2.596e-14, tol 1.0e-10)
PASS rel_l2=1.731e-16 rel_max=2.236e-16 (tol 1e-12) L=13 B=512
PASS map-2-step: rel_l2=3.813e-16 (tol 3.0e-14)
PASS rel_l2=1.379e-16 rel_max=2.024e-16 (tol 1e-12) L=13 B=512
PASS map-chain m=2000: rel_l2=4.023e-14 (anchor 2.596e-14, tol 1.0e-10)
PASS rel_l2=1.379e-16 rel_max=2.024e-16 (tol 1e-12) L=13 B=512
PASS map-2-step: rel_l2=3.272e-16 (tol 3.0e-14)
PASS rel_l2=1.731e-16 rel_max=2.236e-16 (tol 1e-12) L=13 B=512
PASS map-chain m=2000: rel_l2=1.939e-13 (anchor 2.596e-14, tol 1.0e-10)
PASS rel_l2=1.731e-16 rel_max=2.236e-16 (tol 1e-12) L=13 B=512
PASS map-2-step: rel_l2=3.813e-16 (tol 3.0e-14)
PASS rel_l2=1.813e-16 rel_max=2.294e-16 (tol 1e-12) L=13 B=512
PASS map-chain m=2000: rel_l2=5.371e-14 (anchor 2.596e-14, tol 1.0e-10)
PASS rel_l2=1.813e-16 rel_max=2.294e-16 (tol 1e-12) L=13 B=512
PASS map-2-step: rel_l2=3.437e-16 (tol 3.0e-14)
PASS rel_l2=1.813e-16 rel_max=2.294e-16 (tol 1e-12) L=13 B=512
PASS map-chain m=2000: rel_l2=5.371e-14 (anchor 2.596e-14, tol 1.0e-10)
PASS rel_l2=1.813e-16 rel_max=2.294e-16 (tol 1e-12) L=13 B=512
PASS map-2-step: rel_l2=3.437e-16 (tol 3.0e-14)
PASS rel_l2=1.847e-16 rel_max=2.236e-16 (tol 1e-12) L=13 B=512
PASS map-chain m=2000: rel_l2=1.065e-13 (anchor 2.596e-14, tol 1.0e-10)
PASS rel_l2=1.847e-16 rel_max=2.236e-16 (tol 1e-12) L=13 B=512
PASS map-2-step: rel_l2=3.455e-16 (tol 3.0e-14)
PASS rel_l2=1.847e-16 rel_max=2.236e-16 (tol 1e-12) L=13 B=512
PASS map-chain m=2000: rel_l2=1.065e-13 (anchor 2.596e-14, tol 1.0e-10)
PASS rel_l2=1.847e-16 rel_max=2.236e-16 (tol 1e-12) L=13 B=512
PASS map-2-step: rel_l2=3.455e-16 (tol 3.0e-14)
PASS rel_l2=1.847e-16 rel_max=2.236e-16 (tol 1e-12) L=13 B=512
PASS map-chain m=2000: rel_l2=1.065e-13 (anchor 2.596e-14, tol 1.0e-10)
PASS rel_l2=1.847e-16 rel_max=2.236e-16 (tol 1e-12) L=13 B=512
PASS map-2-step: rel_l2=3.455e-16 (tol 3.0e-14)
PASS rel_l2=1.745e-16 rel_max=2.114e-16 (tol 1e-12) L=13 B=512
PASS map-chain m=2000: rel_l2=1.660e-13 (anchor 2.596e-14, tol 1.0e-10)
PASS rel_l2=1.745e-16 rel_max=2.114e-16 (tol 1e-12) L=13 B=512
PASS map-2-step: rel_l2=3.533e-16 (tol 3.0e-14)
PASS rel_l2=2.743e-16 rel_max=2.950e-16 (tol 1e-12) L=32 B=1
PASS map-chain m=100000: rel_l2=1.593e-14 (anchor 0.000e+00, tol 1.0e-10)
PASS rel_l2=2.743e-16 rel_max=2.950e-16 (tol 1e-12) L=32 B=1
PASS map-2-step: rel_l2=4.899e-16 (tol 3.0e-14)
PASS rel_l2=1.168e-16 rel_max=1.340e-16 (tol 1e-12) L=32 B=1
PASS map-chain m=100000: rel_l2=1.755e-15 (anchor 0.000e+00, tol 1.0e-10)
PASS rel_l2=1.168e-16 rel_max=1.340e-16 (tol 1e-12) L=32 B=1
PASS map-2-step: rel_l2=3.948e-16 (tol 3.0e-14)
PASS rel_l2=1.311e-16 rel_max=1.894e-16 (tol 1e-12) L=32 B=1
PASS map-chain m=100000: rel_l2=1.852e-15 (anchor 0.000e+00, tol 1.0e-10)
PASS rel_l2=1.311e-16 rel_max=1.894e-16 (tol 1e-12) L=32 B=1
PASS map-2-step: rel_l2=2.933e-16 (tol 3.0e-14)
PASS rel_l2=1.168e-16 rel_max=1.340e-16 (tol 1e-12) L=32 B=1
PASS map-chain m=100000: rel_l2=1.446e-15 (anchor 0.000e+00, tol 1.0e-10)
PASS rel_l2=1.168e-16 rel_max=1.340e-16 (tol 1e-12) L=32 B=1
PASS map-2-step: rel_l2=3.457e-16 (tol 3.0e-14)
PASS rel_l2=1.168e-16 rel_max=1.340e-16 (tol 1e-12) L=32 B=1
PASS map-chain m=100000: rel_l2=1.438e-15 (anchor 0.000e+00, tol 1.0e-10)
PASS rel_l2=1.168e-16 rel_max=1.340e-16 (tol 1e-12) L=32 B=1
PASS map-2-step: rel_l2=3.024e-16 (tol 3.0e-14)
PASS rel_l2=1.220e-16 rel_max=1.498e-16 (tol 1e-12) L=32 B=1
PASS map-chain m=100000: rel_l2=1.755e-15 (anchor 0.000e+00, tol 1.0e-10)
PASS rel_l2=1.220e-16 rel_max=1.498e-16 (tol 1e-12) L=32 B=1
PASS map-2-step: rel_l2=3.948e-16 (tol 3.0e-14)
PASS rel_l2=1.220e-16 rel_max=1.498e-16 (tol 1e-12) L=32 B=1
PASS map-chain m=100000: rel_l2=4.673e-16 (anchor 0.000e+00, tol 1.0e-10)
PASS rel_l2=1.220e-16 rel_max=1.498e-16 (tol 1e-12) L=32 B=1
PASS map-2-step: rel_l2=3.676e-16 (tol 3.0e-14)
PASS rel_l2=9.755e-17 rel_max=1.235e-16 (tol 1e-12) L=32 B=1
PASS map-chain m=100000: rel_l2=1.374e-15 (anchor 0.000e+00, tol 1.0e-10)
PASS rel_l2=9.755e-17 rel_max=1.235e-16 (tol 1e-12) L=32 B=1
PASS map-2-step: rel_l2=3.259e-16 (tol 3.0e-14)
PASS rel_l2=1.098e-16 rel_max=1.340e-16 (tol 1e-12) L=32 B=1
PASS map-chain m=100000: rel_l2=2.606e-15 (anchor 0.000e+00, tol 1.0e-10)
PASS rel_l2=1.098e-16 rel_max=1.340e-16 (tol 1e-12) L=32 B=1
PASS map-2-step: rel_l2=3.222e-16 (tol 3.0e-14)
PASS rel_l2=1.356e-16 rel_max=1.694e-16 (tol 1e-12) L=32 B=1
PASS map-chain m=100000: rel_l2=3.266e-15 (anchor 0.000e+00, tol 1.0e-10)
PASS rel_l2=1.587e-16 rel_max=1.894e-16 (tol 1e-12) L=32 B=1
PASS map-2-step: rel_l2=3.830e-16 (tol 3.0e-14)
PASS rel_l2=1.587e-16 rel_max=1.894e-16 (tol 1e-12) L=32 B=1
PASS map-chain m=100000: rel_l2=2.923e-15 (anchor 0.000e+00, tol 1.0e-10)
PASS rel_l2=1.587e-16 rel_max=1.894e-16 (tol 1e-12) L=32 B=1
PASS map-2-step: rel_l2=3.830e-16 (tol 3.0e-14)
PASS rel_l2=1.366e-16 rel_max=1.694e-16 (tol 1e-12) L=32 B=1
PASS map-chain m=100000: rel_l2=1.489e-15 (anchor 0.000e+00, tol 1.0e-10)
PASS rel_l2=1.366e-16 rel_max=1.694e-16 (tol 1e-12) L=32 B=1
PASS map-2-step: rel_l2=3.820e-16 (tol 3.0e-14)
PASS rel_l2=3.518e-16 rel_max=3.728e-16 (tol 1e-12) L=64 B=1
PASS map-chain m=60000: rel_l2=2.557e-14 (anchor 0.000e+00, tol 1.0e-10)
PASS rel_l2=3.518e-16 rel_max=3.728e-16 (tol 1e-12) L=64 B=1
PASS map-2-step: rel_l2=8.022e-16 (tol 3.0e-14)
PASS rel_l2=1.832e-16 rel_max=1.808e-16 (tol 1e-12) L=64 B=1
PASS map-chain m=60000: rel_l2=3.029e-15 (anchor 0.000e+00, tol 1.0e-10)
PASS rel_l2=1.832e-16 rel_max=1.808e-16 (tol 1e-12) L=64 B=1
PASS map-2-step: rel_l2=4.524e-16 (tol 3.0e-14)
PASS rel_l2=1.850e-16 rel_max=2.916e-16 (tol 1e-12) L=64 B=1
PASS map-chain m=60000: rel_l2=2.837e-15 (anchor 0.000e+00, tol 1.0e-10)
PASS rel_l2=1.850e-16 rel_max=2.916e-16 (tol 1e-12) L=64 B=1
PASS map-2-step: rel_l2=4.198e-16 (tol 3.0e-14)
PASS rel_l2=1.994e-16 rel_max=2.149e-16 (tol 1e-12) L=64 B=1
PASS map-chain m=60000: rel_l2=2.868e-15 (anchor 0.000e+00, tol 1.0e-10)
PASS rel_l2=1.994e-16 rel_max=2.149e-16 (tol 1e-12) L=64 B=1
PASS map-2-step: rel_l2=4.778e-16 (tol 3.0e-14)
PASS rel_l2=1.994e-16 rel_max=2.149e-16 (tol 1e-12) L=64 B=1
PASS map-chain m=60000: rel_l2=3.082e-15 (anchor 0.000e+00, tol 1.0e-10)
PASS rel_l2=1.994e-16 rel_max=2.149e-16 (tol 1e-12) L=64 B=1
PASS map-2-step: rel_l2=3.953e-16 (tol 3.0e-14)
PASS rel_l2=1.832e-16 rel_max=1.808e-16 (tol 1e-12) L=64 B=1
PASS map-chain m=60000: rel_l2=3.029e-15 (anchor 0.000e+00, tol 1.0e-10)
PASS rel_l2=1.832e-16 rel_max=1.808e-16 (tol 1e-12) L=64 B=1
PASS map-2-step: rel_l2=4.524e-16 (tol 3.0e-14)
PASS rel_l2=2.012e-16 rel_max=2.022e-16 (tol 1e-12) L=64 B=1
PASS map-chain m=60000: rel_l2=2.139e-15 (anchor 0.000e+00, tol 1.0e-10)
PASS rel_l2=2.012e-16 rel_max=2.022e-16 (tol 1e-12) L=64 B=1
PASS map-2-step: rel_l2=3.984e-16 (tol 3.0e-14)
PASS rel_l2=1.877e-16 rel_max=2.288e-16 (tol 1e-12) L=64 B=1
PASS map-chain m=60000: rel_l2=3.416e-15 (anchor 0.000e+00, tol 1.0e-10)
PASS rel_l2=1.877e-16 rel_max=2.288e-16 (tol 1e-12) L=64 B=1
PASS map-2-step: rel_l2=4.803e-16 (tol 3.0e-14)
PASS rel_l2=1.817e-16 rel_max=2.149e-16 (tol 1e-12) L=64 B=1
PASS map-chain m=60000: rel_l2=4.136e-15 (anchor 0.000e+00, tol 1.0e-10)
PASS rel_l2=1.817e-16 rel_max=2.149e-16 (tol 1e-12) L=64 B=1
PASS map-2-step: rel_l2=4.511e-16 (tol 3.0e-14)
PASS rel_l2=1.649e-16 rel_max=1.808e-16 (tol 1e-12) L=64 B=1
PASS map-chain m=60000: rel_l2=4.216e-15 (anchor 0.000e+00, tol 1.0e-10)
PASS rel_l2=1.717e-16 rel_max=1.808e-16 (tol 1e-12) L=64 B=1
PASS map-2-step: rel_l2=4.831e-16 (tol 3.0e-14)
PASS rel_l2=1.717e-16 rel_max=1.808e-16 (tol 1e-12) L=64 B=1
PASS map-chain m=60000: rel_l2=3.693e-15 (anchor 0.000e+00, tol 1.0e-10)
PASS rel_l2=1.649e-16 rel_max=1.808e-16 (tol 1e-12) L=64 B=1
PASS map-2-step: rel_l2=3.470e-16 (tol 3.0e-14)
PASS rel_l2=1.589e-16 rel_max=1.808e-16 (tol 1e-12) L=64 B=1
PASS map-chain m=60000: rel_l2=3.564e-15 (anchor 0.000e+00, tol 1.0e-10)
PASS rel_l2=1.589e-16 rel_max=1.808e-16 (tol 1e-12) L=64 B=1
PASS map-2-step: rel_l2=4.641e-16 (tol 3.0e-14)
PASS rel_l2=1.099e-15 rel_max=1.616e-15 (tol 1e-12) L=1024 B=1
PASS map-chain m=4000: rel_l2=1.180e-11 (anchor 0.000e+00, tol 1.0e-10)
PASS rel_l2=1.099e-15 rel_max=1.616e-15 (tol 1e-12) L=1024 B=1
PASS map-2-step: rel_l2=1.938e-15 (tol 3.0e-14)
PASS rel_l2=2.745e-16 rel_max=3.723e-16 (tol 1e-12) L=1024 B=1
PASS map-chain m=4000: rel_l2=5.842e-12 (anchor 0.000e+00, tol 1.0e-10)
PASS rel_l2=2.745e-16 rel_max=3.723e-16 (tol 1e-12) L=1024 B=1
PASS map-2-step: rel_l2=6.815e-16 (tol 3.0e-14)
PASS rel_l2=2.745e-16 rel_max=3.723e-16 (tol 1e-12) L=1024 B=1
PASS map-chain m=4000: rel_l2=3.880e-12 (anchor 0.000e+00, tol 1.0e-10)
PASS rel_l2=2.745e-16 rel_max=3.723e-16 (tol 1e-12) L=1024 B=1
PASS map-2-step: rel_l2=7.630e-16 (tol 3.0e-14)
PASS rel_l2=2.678e-16 rel_max=3.510e-16 (tol 1e-12) L=1024 B=1
PASS map-chain m=4000: rel_l2=2.264e-12 (anchor 0.000e+00, tol 1.0e-10)
PASS rel_l2=2.678e-16 rel_max=3.510e-16 (tol 1e-12) L=1024 B=1
PASS map-2-step: rel_l2=7.211e-16 (tol 3.0e-14)
PASS rel_l2=2.662e-16 rel_max=3.510e-16 (tol 1e-12) L=1024 B=1
PASS map-chain m=4000: rel_l2=3.880e-12 (anchor 0.000e+00, tol 1.0e-10)
PASS rel_l2=2.662e-16 rel_max=3.510e-16 (tol 1e-12) L=1024 B=1
PASS map-2-step: rel_l2=7.630e-16 (tol 3.0e-14)
PASS rel_l2=2.662e-16 rel_max=3.510e-16 (tol 1e-12) L=1024 B=1
PASS map-chain m=4000: rel_l2=4.799e-12 (anchor 0.000e+00, tol 1.0e-10)
PASS rel_l2=2.662e-16 rel_max=3.510e-16 (tol 1e-12) L=1024 B=1
PASS map-2-step: rel_l2=7.771e-16 (tol 3.0e-14)
PASS rel_l2=2.739e-16 rel_max=3.103e-16 (tol 1e-12) L=1024 B=1
PASS map-chain m=4000: rel_l2=7.846e-12 (anchor 0.000e+00, tol 1.0e-10)
PASS rel_l2=2.739e-16 rel_max=3.103e-16 (tol 1e-12) L=1024 B=1
PASS map-2-step: rel_l2=8.067e-16 (tol 3.0e-14)
PASS rel_l2=2.640e-16 rel_max=3.103e-16 (tol 1e-12) L=1024 B=1
PASS map-chain m=4000: rel_l2=5.760e-12 (anchor 0.000e+00, tol 1.0e-10)
PASS rel_l2=2.742e-16 rel_max=3.901e-16 (tol 1e-12) L=1024 B=1
PASS map-2-step: rel_l2=7.673e-16 (tol 3.0e-14)
PASS rel_l2=2.742e-16 rel_max=3.901e-16 (tol 1e-12) L=1024 B=1
PASS map-chain m=4000: rel_l2=3.373e-12 (anchor 0.000e+00, tol 1.0e-10)
PASS rel_l2=2.640e-16 rel_max=3.103e-16 (tol 1e-12) L=1024 B=1
PASS map-2-step: rel_l2=7.370e-16 (tol 3.0e-14)
PASS rel_l2=2.720e-16 rel_max=4.967e-16 (tol 1e-12) L=1024 B=1
PASS map-chain m=4000: rel_l2=3.064e-12 (anchor 0.000e+00, tol 1.0e-10)
PASS rel_l2=2.720e-16 rel_max=4.967e-16 (tol 1e-12) L=1024 B=1
PASS map-2-step: rel_l2=7.188e-16 (tol 3.0e-14)
PASS rel_l2=3.359e-16 rel_max=4.296e-16 (tol 1e-12) L=16384 B=1
PASS map-chain m=250: rel_l2=2.073e-14 (anchor 0.000e+00, tol 1.0e-10)
PASS rel_l2=3.359e-16 rel_max=4.296e-16 (tol 1e-12) L=16384 B=1
PASS map-2-step: rel_l2=1.352e-15 (tol 3.0e-14)
PASS rel_l2=3.396e-16 rel_max=3.886e-16 (tol 1e-12) L=16384 B=1
PASS map-chain m=250: rel_l2=3.422e-14 (anchor 0.000e+00, tol 1.0e-10)
PASS rel_l2=3.396e-16 rel_max=3.886e-16 (tol 1e-12) L=16384 B=1
PASS map-2-step: rel_l2=1.661e-15 (tol 3.0e-14)
PASS rel_l2=3.397e-16 rel_max=3.965e-16 (tol 1e-12) L=16384 B=1
PASS map-chain m=250: rel_l2=2.744e-14 (anchor 0.000e+00, tol 1.0e-10)
PASS rel_l2=3.397e-16 rel_max=3.965e-16 (tol 1e-12) L=16384 B=1
PASS map-2-step: rel_l2=1.437e-15 (tol 3.0e-14)
PASS rel_l2=3.367e-16 rel_max=3.267e-16 (tol 1e-12) L=16384 B=1
PASS map-chain m=250: rel_l2=3.422e-14 (anchor 0.000e+00, tol 1.0e-10)
PASS rel_l2=3.367e-16 rel_max=3.267e-16 (tol 1e-12) L=16384 B=1
PASS map-2-step: rel_l2=1.661e-15 (tol 3.0e-14)
PASS rel_l2=3.367e-16 rel_max=3.267e-16 (tol 1e-12) L=16384 B=1
PASS map-chain m=250: rel_l2=2.198e-14 (anchor 0.000e+00, tol 1.0e-10)
PASS rel_l2=3.367e-16 rel_max=3.267e-16 (tol 1e-12) L=16384 B=1
PASS map-2-step: rel_l2=1.450e-15 (tol 3.0e-14)
PASS rel_l2=3.512e-16 rel_max=4.005e-16 (tol 1e-12) L=16384 B=1
PASS map-chain m=250: rel_l2=3.038e-14 (anchor 0.000e+00, tol 1.0e-10)
PASS rel_l2=3.512e-16 rel_max=4.005e-16 (tol 1e-12) L=16384 B=1
PASS map-2-step: rel_l2=1.601e-15 (tol 3.0e-14)
PASS rel_l2=3.480e-16 rel_max=3.642e-16 (tol 1e-12) L=16384 B=1
PASS map-chain m=250: rel_l2=2.556e-14 (anchor 0.000e+00, tol 1.0e-10)
PASS rel_l2=3.414e-16 rel_max=3.642e-16 (tol 1e-12) L=16384 B=1
PASS map-2-step: rel_l2=1.439e-15 (tol 3.0e-14)
PASS rel_l2=3.387e-16 rel_max=3.893e-16 (tol 1e-12) L=16384 B=1
PASS map-chain m=250: rel_l2=2.721e-14 (anchor 0.000e+00, tol 1.0e-10)
PASS rel_l2=3.480e-16 rel_max=4.005e-16 (tol 1e-12) L=16384 B=1
PASS map-2-step: rel_l2=1.459e-15 (tol 3.0e-14)
PASS rel_l2=3.368e-16 rel_max=3.953e-16 (tol 1e-12) L=16384 B=1
PASS map-chain m=250: rel_l2=2.641e-14 (anchor 0.000e+00, tol 1.0e-10)
PASS rel_l2=3.368e-16 rel_max=3.953e-16 (tol 1e-12) L=16384 B=1
PASS map-2-step: rel_l2=1.433e-15 (tol 3.0e-14)
PASS rel_l2=7.152e-16 rel_max=7.334e-16 (tol 1e-12) L=10007 B=1
PASS map-chain m=400: rel_l2=9.470e-14 (anchor 8.903e-14, tol 1.0e-10)
PASS rel_l2=7.152e-16 rel_max=7.334e-16 (tol 1e-12) L=10007 B=1
PASS map-2-step: rel_l2=2.521e-15 (tol 3.0e-14)
PASS rel_l2=7.152e-16 rel_max=7.334e-16 (tol 1e-12) L=10007 B=1
PASS map-chain m=400: rel_l2=9.376e-14 (anchor 8.903e-14, tol 1.0e-10)
PASS rel_l2=7.152e-16 rel_max=7.334e-16 (tol 1e-12) L=10007 B=1
PASS map-2-step: rel_l2=2.574e-15 (tol 3.0e-14)
PASS rel_l2=7.152e-16 rel_max=7.334e-16 (tol 1e-12) L=10007 B=1
PASS map-chain m=400: rel_l2=9.470e-14 (anchor 8.903e-14, tol 1.0e-10)
PASS rel_l2=7.152e-16 rel_max=7.334e-16 (tol 1e-12) L=10007 B=1
PASS map-2-step: rel_l2=2.521e-15 (tol 3.0e-14)
PASS rel_l2=8.447e-16 rel_max=8.328e-16 (tol 1e-12) L=10007 B=1
PASS map-chain m=400: rel_l2=9.298e-14 (anchor 8.903e-14, tol 1.0e-10)
PASS rel_l2=8.447e-16 rel_max=8.328e-16 (tol 1e-12) L=10007 B=1
PASS map-2-step: rel_l2=2.689e-15 (tol 3.0e-14)
PASS rel_l2=8.187e-16 rel_max=9.432e-16 (tol 1e-12) L=10007 B=1
PASS map-chain m=400: rel_l2=1.262e-13 (anchor 8.903e-14, tol 1.0e-10)
PASS rel_l2=8.056e-16 rel_max=8.939e-16 (tol 1e-12) L=10007 B=1
PASS map-2-step: rel_l2=2.637e-15 (tol 3.0e-14)
PASS rel_l2=8.131e-16 rel_max=8.189e-16 (tol 1e-12) L=10007 B=1
PASS map-chain m=400: rel_l2=1.111e-13 (anchor 8.903e-14, tol 1.0e-10)
PASS rel_l2=7.952e-16 rel_max=8.189e-16 (tol 1e-12) L=10007 B=1
PASS map-2-step: rel_l2=2.665e-15 (tol 3.0e-14)
PASS rel_l2=6.727e-16 rel_max=6.976e-16 (tol 1e-12) L=10007 B=1
PASS map-chain m=400: rel_l2=9.208e-14 (anchor 8.903e-14, tol 1.0e-10)
PASS rel_l2=6.727e-16 rel_max=6.976e-16 (tol 1e-12) L=10007 B=1
PASS map-2-step: rel_l2=2.289e-15 (tol 3.0e-14)
PASS rel_l2=1.038e-15 rel_max=1.361e-15 (tol 1e-12) L=100003 B=1
PASS map-chain m=40: rel_l2=2.610e-14 (anchor 1.971e-14, tol 1.0e-10)
PASS rel_l2=1.038e-15 rel_max=1.361e-15 (tol 1e-12) L=100003 B=1
PASS map-2-step: rel_l2=4.860e-15 (tol 3.0e-14)
PASS rel_l2=1.038e-15 rel_max=1.361e-15 (tol 1e-12) L=100003 B=1
PASS map-chain m=40: rel_l2=2.543e-14 (anchor 1.971e-14, tol 1.0e-10)
PASS rel_l2=1.038e-15 rel_max=1.361e-15 (tol 1e-12) L=100003 B=1
PASS map-2-step: rel_l2=4.877e-15 (tol 3.0e-14)
PASS rel_l2=1.038e-15 rel_max=1.361e-15 (tol 1e-12) L=100003 B=1
PASS map-chain m=40: rel_l2=2.610e-14 (anchor 1.971e-14, tol 1.0e-10)
PASS rel_l2=1.038e-15 rel_max=1.361e-15 (tol 1e-12) L=100003 B=1
PASS map-2-step: rel_l2=4.860e-15 (tol 3.0e-14)
PASS rel_l2=9.154e-16 rel_max=1.045e-15 (tol 1e-12) L=100003 B=1
PASS map-chain m=40: rel_l2=3.066e-14 (anchor 1.971e-14, tol 1.0e-10)
PASS rel_l2=9.154e-16 rel_max=1.045e-15 (tol 1e-12) L=100003 B=1
PASS map-2-step: rel_l2=5.469e-15 (tol 3.0e-14)
PASS rel_l2=9.122e-16 rel_max=8.955e-16 (tol 1e-12) L=100003 B=1
PASS map-chain m=40: rel_l2=2.677e-14 (anchor 1.971e-14, tol 1.0e-10)
PASS rel_l2=9.063e-16 rel_max=9.000e-16 (tol 1e-12) L=100003 B=1
PASS map-2-step: rel_l2=5.190e-15 (tol 3.0e-14)
PASS rel_l2=9.065e-16 rel_max=8.969e-16 (tol 1e-12) L=100003 B=1
PASS map-chain m=40: rel_l2=2.518e-14 (anchor 1.971e-14, tol 1.0e-10)
PASS rel_l2=9.065e-16 rel_max=8.969e-16 (tol 1e-12) L=100003 B=1
PASS map-2-step: rel_l2=5.144e-15 (tol 3.0e-14)
PASS rel_l2=8.830e-16 rel_max=1.059e-15 (tol 1e-12) L=100003 B=1
PASS map-chain m=40: rel_l2=2.680e-14 (anchor 1.971e-14, tol 1.0e-10)
PASS rel_l2=8.830e-16 rel_max=1.059e-15 (tol 1e-12) L=100003 B=1
PASS map-2-step: rel_l2=5.073e-15 (tol 3.0e-14)
