# round xarch_spr
host: wallaby.lqcd.mit   date: 2026-08-22T10:26:25-04:00   slurm_job: none
cpu: Intel(R) Xeon(R) Gold 6448Y
isa: avx2 avx512_bf avx512_bitalg avx512bw avx512cd avx512dq avx512f avx512_fp avx512ifma avx512_vbmi avx512vbmi avx512vl avx512_vnni avx512_vpopcntdq fma 
cores: 128   governor: powersave
gcc: gcc (Ubuntu 11.4.0-1ubuntu1~22.04) 11.4.0
== building on wallaby.lqcd.mit ==
cc -O3 -march=native -mtune=native -std=gnu11 -fno-math-errno -funroll-loops -I. -c -o build/wallaby/driver.o driver.c
cc -O3 -march=native -mtune=native -std=gnu11 -fno-math-errno -funroll-loops -I. -o build/wallaby/bin/baseline_matrix impl/baseline_matrix.c build/wallaby/driver.o -lm
cc -O3 -march=native -mtune=native -std=gnu11 -fno-math-errno -funroll-loops -I. -o build/wallaby/bin/L13_direct impl/L13_direct.c build/wallaby/driver.o -lm
cc -O3 -march=native -mtune=native -std=gnu11 -fno-math-errno -funroll-loops -I. -o build/wallaby/bin/L13_rader impl/L13_rader.c build/wallaby/driver.o -lm
cc -O3 -march=native -mtune=native -std=gnu11 -fno-math-errno -funroll-loops -I. -o build/wallaby/bin/L17_matrixsimd impl/L17_matrixsimd.c build/wallaby/driver.o -lm
cc -O3 -march=native -mtune=native -std=gnu11 -fno-math-errno -funroll-loops -I. -o build/wallaby/bin/L17_rader impl/L17_rader.c build/wallaby/driver.o -lm
cc -O3 -march=native -mtune=native -std=gnu11 -fno-math-errno -funroll-loops -I. -o build/wallaby/bin/L17_winograd impl/L17_winograd.c build/wallaby/driver.o -lm
cc -O3 -march=native -mtune=native -std=gnu11 -fno-math-errno -funroll-loops -I. -o build/wallaby/bin/L23_matrixsimd impl/L23_matrixsimd.c build/wallaby/driver.o -lm
cc -O3 -march=native -mtune=native -std=gnu11 -fno-math-errno -funroll-loops -I. -o build/wallaby/bin/L23_rader impl/L23_rader.c build/wallaby/driver.o -lm
cc -O3 -march=native -mtune=native -std=gnu11 -fno-math-errno -funroll-loops -I. -o build/wallaby/bin/L36_mixedradix impl/L36_mixedradix.c build/wallaby/driver.o -lm
cc -O3 -march=native -mtune=native -std=gnu11 -fno-math-errno -funroll-loops -I. -o build/wallaby/bin/L36_pencilfused impl/L36_pencilfused.c build/wallaby/driver.o -lm
cc -O3 -march=native -mtune=native -std=gnu11 -fno-math-errno -funroll-loops -I. -o build/wallaby/bin/L36_pfa impl/L36_pfa.c build/wallaby/driver.o -lm
cc -O3 -march=native -mtune=native -std=gnu11 -fno-math-errno -funroll-loops -I. -o build/wallaby/bin/L45_mixedradix impl/L45_mixedradix.c build/wallaby/driver.o -lm
cc -O3 -march=native -mtune=native -std=gnu11 -fno-math-errno -funroll-loops -I. -o build/wallaby/bin/L45_pfa impl/L45_pfa.c build/wallaby/driver.o -lm
cc -O3 -march=native -mtune=native -std=gnu11 -fno-math-errno -funroll-loops -I. -o build/wallaby/bin/L64_blocked impl/L64_blocked.c build/wallaby/driver.o -lm
cc -O3 -march=native -mtune=native -std=gnu11 -fno-math-errno -funroll-loops -I. -o build/wallaby/bin/L64_radix8 impl/L64_radix8.c build/wallaby/driver.o -lm
cc -O3 -march=native -mtune=native -std=gnu11 -fno-math-errno -funroll-loops -I. -o build/wallaby/bin/L6_pfa impl/L6_pfa.c build/wallaby/driver.o -lm
cc -O3 -march=native -mtune=native -std=gnu11 -fno-math-errno -funroll-loops -I. -o build/wallaby/bin/L6_unrolled impl/L6_unrolled.c build/wallaby/driver.o -lm
cc -O3 -march=native -mtune=native -std=gnu11 -fno-math-errno -funroll-loops -I. -o build/wallaby/bin/L8_batchsimd impl/L8_batchsimd.c build/wallaby/driver.o -lm
cc -O3 -march=native -mtune=native -std=gnu11 -fno-math-errno -funroll-loops -I. -o build/wallaby/bin/L8_fusedaxes impl/L8_fusedaxes.c build/wallaby/driver.o -lm
cc -O3 -march=native -mtune=native -std=gnu11 -fno-math-errno -funroll-loops -I. -o build/wallaby/bin/L8_radix8 impl/L8_radix8.c build/wallaby/driver.o -lm
cc -O3 -march=native -mtune=native -std=gnu11 -fno-math-errno -funroll-loops -I. -I/home/lqcd/wdetmold/fft/ext/install/include -DPLAN_FLAG=FFTW_ESTIMATE -DPLAN_NAME='"fftw3_estimate"' \
  -o build/wallaby/bin/fftw3_estimate sota/fftw3.c build/wallaby/driver.o -L/home/lqcd/wdetmold/fft/ext/install/lib -Wl,-rpath,/home/lqcd/wdetmold/fft/ext/install/lib -lfftw3 -lm
cc -O3 -march=native -mtune=native -std=gnu11 -fno-math-errno -funroll-loops -I. -I/home/lqcd/wdetmold/fft/ext/install/include -DPLAN_FLAG=FFTW_MEASURE -DPLAN_NAME='"fftw3_measure"' \
  -o build/wallaby/bin/fftw3_measure sota/fftw3.c build/wallaby/driver.o -L/home/lqcd/wdetmold/fft/ext/install/lib -Wl,-rpath,/home/lqcd/wdetmold/fft/ext/install/lib -lfftw3 -lm
cc -O3 -march=native -mtune=native -std=gnu11 -fno-math-errno -funroll-loops -I. -I/home/lqcd/wdetmold/fft/ext/install/include -DPLAN_FLAG=FFTW_PATIENT -DPLAN_NAME='"fftw3_patient"' \
  -o build/wallaby/bin/fftw3_patient sota/fftw3.c build/wallaby/driver.o -L/home/lqcd/wdetmold/fft/ext/install/lib -Wl,-rpath,/home/lqcd/wdetmold/fft/ext/install/lib -lfftw3 -lm
cc -O3 -march=native -mtune=native -std=gnu11 -fno-math-errno -funroll-loops -I. -I/opt/software/intel/oneapi/mkl/2022.0.2/include -o build/wallaby/bin/mkl_dfti sota/mkl_dfti.c build/wallaby/driver.o \
  -L/opt/software/intel/oneapi/mkl/2022.0.2/lib/intel64 -Wl,-rpath,/opt/software/intel/oneapi/mkl/2022.0.2/lib/intel64 \
  -lmkl_intel_lp64 -lmkl_sequential -lmkl_core -lm
cc -O3 -march=native -mtune=native -std=gnu11 -fno-math-errno -funroll-loops -I. -I/home/lqcd/wdetmold/fft/venv/include -DMKL_BACKEND_NAME='"mkl2026_dfti"' \
  -DMKL_BACKEND_DESC='"oneMKL 2026.1 (pip wheel) DFTI, sequential, batched"' \
  -o build/wallaby/bin/mkl2026_dfti sota/mkl_dfti.c build/wallaby/driver.o -Wl,-rpath,/home/lqcd/wdetmold/fft/venv/lib \
  /home/lqcd/wdetmold/fft/venv/lib/libmkl_intel_lp64.so.3 /home/lqcd/wdetmold/fft/venv/lib/libmkl_sequential.so.3 \
  /home/lqcd/wdetmold/fft/venv/lib/libmkl_core.so.3 -lm
g++ -O3 -march=native -mtune=native -std=c++17 -fno-math-errno -I. -I/home/lqcd/wdetmold/fft/ext/src/ducc/src -o build/wallaby/bin/ducc0_c2c sota/ducc0_c2c.cc /home/lqcd/wdetmold/fft/ext/src/ducc/src/ducc0/fft/fft_inst2.cc \
  /home/lqcd/wdetmold/fft/ext/src/ducc/src/ducc0/infra/mav.cc /home/lqcd/wdetmold/fft/ext/src/ducc/src/ducc0/infra/string_utils.cc \
  /home/lqcd/wdetmold/fft/ext/src/ducc/src/ducc0/infra/threading.cc /home/lqcd/wdetmold/fft/ext/src/ducc/src/ducc0/infra/system.cc \
  build/wallaby/driver.o -lpthread -lm
host:            wallaby  (binaries in build/wallaby/bin)
implementations: baseline_matrix L13_direct L13_rader L17_matrixsimd L17_rader L17_winograd L23_matrixsimd L23_rader L36_mixedradix L36_pencilfused L36_pfa L45_mixedradix L45_pfa L64_blocked L64_radix8 L6_pfa L6_unrolled L8_batchsimd L8_fusedaxes L8_radix8
sota:            fftw3_estimate fftw3_measure fftw3_patient mkl_dfti mkl2026_dfti ducc0_c2c
== backends: baseline_matrix
ducc0_c2c
fftw3_estimate
fftw3_measure
fftw3_patient
L13_direct
L13_rader
L17_matrixsimd
L17_rader
L17_winograd
L23_matrixsimd
L23_rader
L36_mixedradix
L36_pencilfused
L36_pfa
L45_mixedradix
L45_pfa
L64_blocked
L64_radix8
L6_pfa
L6_unrolled
L8_batchsimd
L8_fusedaxes
L8_radix8
mkl2026_dfti
mkl_dfti ==
   done L=6 B=1
   done L=6 B=8
   done L=6 B=64
   done L=6 B=512
   done L=6 B=2048
   done L=8 B=1
   done L=8 B=8
   done L=8 B=64
   done L=8 B=512
   done L=8 B=2048
   done L=13 B=1
   done L=13 B=8
   done L=13 B=64
   done L=13 B=512
   done L=13 B=2048
   done L=17 B=1
   done L=17 B=8
   done L=17 B=64
   done L=17 B=512
   done L=23 B=1
   done L=23 B=8
   done L=23 B=64
   done L=23 B=512
   done L=36 B=1
   done L=36 B=8
   done L=36 B=64
   done L=45 B=1
   done L=45 B=8
   done L=45 B=64
   done L=64 B=1
   done L=64 B=8
   done L=64 B=64
=== round xarch_spr ===
# round xarch_spr
host: wallaby.lqcd.mit   date: 2026-08-22T10:26:25-04:00   slurm_job: none
cpu: Intel(R) Xeon(R) Gold 6448Y
isa: avx2 avx512_bf avx512_bitalg avx512bw avx512cd avx512dq avx512f avx512_fp avx512ifma avx512_vbmi avx512vbmi avx512vl avx512_vnni avx512_vpopcntdq fma 
cores: 128   governor: powersave
gcc: gcc (Ubuntu 11.4.0-1ubuntu1~22.04) 11.4.0

-- L=6 (non-batched), volume 216, working set 0.01 MiB --
   backend                   per-transform     per-call     GF/s  run spread     setup  correctness
   L6_unrolled                    0.129 us     0.129 us    64.75       0.0%    0.395s  ok 2.4e-16       1.00x
   L6_pfa                         0.131 us     0.131 us    63.70       0.0%    0.386s  ok 2.4e-16       1.02x
   mkl_dfti                       0.180 us     0.180 us    46.64       0.1%    0.001s  ok 2.6e-16       1.39x
   mkl2026_dfti                   0.199 us     0.199 us    42.18       9.4%    0.025s  ok 2.5e-16       1.54x
   fftw3_patient                  0.223 us     0.223 us    37.49      94.6%    0.026s  ok 1.9e-16       1.73x
   fftw3_measure                  0.255 us     0.255 us    32.78      94.8%    0.017s  ok 1.9e-16       1.98x
   fftw3_estimate                 0.356 us     0.356 us    23.50       0.1%    0.014s  ok 1.9e-16       2.76x
   ducc0_c2c                      2.404 us     2.404 us     3.48       0.2%    0.000s  ok 1.9e-16       18.59x
   baseline_matrix                5.709 us     5.709 us     1.47      95.3%    0.000s  ok 6.0e-16       44.14x

-- L=6 (batched B=8), volume 216, working set 0.05 MiB --
   backend                   per-transform     per-call     GF/s  run spread     setup  correctness
   L6_pfa                         0.139 us     1.110 us    60.38      96.4%    0.411s  ok 2.4e-16       1.00x
   L6_unrolled                    0.139 us     1.111 us    60.33       0.0%    0.393s  ok 2.4e-16       1.00x
   mkl_dfti                       0.207 us     1.652 us    40.55       1.1%    0.001s  ok 2.4e-16       1.49x
   mkl2026_dfti                   0.214 us     1.710 us    39.18       5.7%    0.002s  ok 2.5e-16       1.54x
   fftw3_measure                  0.257 us     2.054 us    32.62     100.5%    0.017s  ok 2.0e-16       1.85x
   fftw3_patient                  0.270 us     2.157 us    31.06       6.9%    0.027s  ok 2.0e-16       1.94x
   fftw3_estimate                 0.378 us     3.028 us    22.13       1.3%    0.001s  ok 2.0e-16       2.73x
   ducc0_c2c                      1.344 us    10.751 us     6.23       0.4%    0.000s  ok 1.9e-16       9.69x
   baseline_matrix                5.704 us    45.634 us     1.47       0.0%    0.000s  ok 6.1e-16       41.12x

-- L=6 (batched B=64), volume 216, working set 0.42 MiB --
   backend                   per-transform     per-call     GF/s  run spread     setup  correctness
   L6_unrolled                    0.131 us     8.403 us    63.79       5.5%    0.389s  ok 2.4e-16       1.00x
   L6_pfa                         0.138 us     8.862 us    60.48       0.5%    0.360s  ok 2.4e-16       1.05x
   mkl_dfti                       0.208 us    13.285 us    40.35       0.4%    0.001s  ok 2.4e-16       1.58x
   mkl2026_dfti                   0.214 us    13.666 us    39.22      21.0%    0.001s  ok 2.5e-16       1.63x
   fftw3_patient                  0.275 us    17.591 us    30.47       6.6%    0.026s  ok 2.0e-16       2.09x
   fftw3_measure                  0.277 us    17.715 us    30.26       2.2%    0.015s  ok 2.0e-16       2.11x
   fftw3_estimate                 0.378 us    24.219 us    22.13       2.0%    0.001s  ok 2.0e-16       2.88x
   ducc0_c2c                      1.205 us    77.118 us     6.95       1.7%    0.000s  ok 1.9e-16       9.18x
   baseline_matrix                5.704 us   365.079 us     1.47       0.0%    0.000s  ok 6.0e-16       43.45x

-- L=6 (batched B=512), volume 216, working set 3.38 MiB --
   backend                   per-transform     per-call     GF/s  run spread     setup  correctness
   L6_unrolled                    0.169 us    86.549 us    49.55       6.7%    0.436s  ok 2.4e-16       1.00x
   L6_pfa                         0.190 us    97.194 us    44.12       0.3%    0.428s  ok 2.4e-16       1.12x
   mkl_dfti                       0.261 us   133.449 us    32.13      16.3%    0.002s  ok 2.4e-16       1.54x
   mkl2026_dfti                   0.304 us   155.902 us    27.51       6.8%    0.001s  ok 2.5e-16       1.80x
   fftw3_measure                  0.305 us   156.194 us    27.45       5.3%    0.015s  ok 2.0e-16       1.80x
   fftw3_patient                  0.348 us   178.208 us    24.06       3.9%    0.025s  ok 2.0e-16       2.06x
   fftw3_estimate                 0.377 us   193.063 us    22.21       7.7%    0.001s  ok 2.0e-16       2.23x
   ducc0_c2c                      1.236 us   632.601 us     6.78       2.8%    0.000s  ok 1.9e-16       7.31x
   baseline_matrix                5.726 us  2931.461 us     1.46       0.1%    0.000s  ok 6.0e-16       33.87x

-- L=6 (batched B=2048), volume 216, working set 13.50 MiB --
   backend                   per-transform     per-call     GF/s  run spread     setup  correctness
   L6_pfa                         0.186 us   381.040 us    45.02      10.3%    0.449s  ok 2.4e-16       1.00x
   L6_unrolled                    0.189 us   386.662 us    44.36       4.6%    0.437s  ok 2.4e-16       1.01x
   mkl_dfti                       0.262 us   536.659 us    31.96      16.3%    0.001s  ok 2.4e-16       1.41x
   mkl2026_dfti                   0.267 us   547.154 us    31.35      14.6%    0.002s  ok 2.5e-16       1.44x
   fftw3_measure                  0.272 us   556.925 us    30.80       3.1%    0.015s  ok 2.0e-16       1.46x
   fftw3_patient                  0.320 us   656.246 us    26.14      10.5%    0.025s  ok 2.0e-16       1.72x
   fftw3_estimate                 0.419 us   857.434 us    20.00       0.4%    0.001s  ok 2.0e-16       2.25x
   ducc0_c2c                      1.264 us  2588.810 us     6.63       2.9%    0.000s  ok 1.8e-16       6.79x
   baseline_matrix                5.731 us 11737.064 us     1.46       0.1%    0.000s  ok 6.0e-16       30.80x

-- L=8 (non-batched), volume 512, working set 0.02 MiB --
   backend                   per-transform     per-call     GF/s  run spread     setup  correctness
   L8_radix8                      0.324 us     0.324 us    71.03       0.0%    0.021s  ok 1.3e-16       1.00x
   L8_fusedaxes                   0.326 us     0.326 us    70.68       0.1%    0.037s  ok 2.3e-16       1.00x
   L8_batchsimd                   0.327 us     0.327 us    70.37       8.0%    0.002s  ok 2.3e-16       1.01x
   mkl2026_dfti                   0.328 us     0.328 us    70.23       1.7%    0.002s  ok 1.6e-16       1.01x
   mkl_dfti                       0.329 us     0.329 us    70.00       1.7%    0.001s  ok 1.7e-16       1.01x
   fftw3_patient                  0.488 us     0.488 us    47.22      17.8%    0.028s  ok 1.8e-16       1.50x
   fftw3_measure                  0.516 us     0.516 us    44.68       2.8%    0.015s  ok 1.8e-16       1.59x
   fftw3_estimate                 1.302 us     1.302 us    17.70       0.0%    0.001s  ok 1.8e-16       4.01x
   ducc0_c2c                      2.888 us     2.888 us     7.98       5.0%    0.000s  ok 1.3e-16       8.90x
   baseline_matrix               18.014 us    18.014 us     1.28       0.0%    0.000s  ok 3.8e-16       55.53x

-- L=8 (batched B=8), volume 512, working set 0.12 MiB --
   backend                   per-transform     per-call     GF/s  run spread     setup  correctness
   L8_batchsimd                   0.333 us     2.665 us    69.17     100.7%    0.009s  ok 2.3e-16       1.00x
   L8_radix8                      0.342 us     2.739 us    67.30       0.8%    0.022s  ok 2.3e-16       1.03x
   L8_fusedaxes                   0.348 us     2.786 us    66.16       0.3%    0.040s  ok 2.3e-16       1.05x
   mkl2026_dfti                   0.379 us     3.032 us    60.80      21.6%    0.002s  ok 1.6e-16       1.14x
   mkl_dfti                       0.457 us     3.656 us    50.42       1.2%    0.001s  ok 1.6e-16       1.37x
   fftw3_measure                  0.558 us     4.460 us    41.32       0.6%    0.015s  ok 1.8e-16       1.67x
   fftw3_patient                  0.599 us     4.788 us    38.50       5.3%    0.028s  ok 1.8e-16       1.80x
   fftw3_estimate                 1.367 us    10.936 us    16.85       1.0%    0.001s  ok 1.7e-16       4.10x
   ducc0_c2c                      1.926 us    15.409 us    11.96       0.1%    0.000s  ok 1.4e-16       5.78x
   baseline_matrix               18.012 us   144.093 us     1.28       0.0%    0.000s  ok 3.9e-16       54.08x

-- L=8 (batched B=64), volume 512, working set 1.00 MiB --
   backend                   per-transform     per-call     GF/s  run spread     setup  correctness
   L8_fusedaxes                   0.328 us    20.998 us    70.22       3.2%    0.049s  ok 2.3e-16       1.00x
   L8_batchsimd                   0.329 us    21.077 us    69.96       2.9%    0.013s  ok 2.3e-16       1.00x
   L8_radix8                      0.339 us    21.711 us    67.92      95.2%    0.043s  ok 2.3e-16       1.03x
   mkl2026_dfti                   0.381 us    24.359 us    60.53      21.4%    0.002s  ok 1.6e-16       1.16x
   mkl_dfti                       0.459 us    29.383 us    50.18      60.3%    0.001s  ok 1.6e-16       1.40x
   fftw3_measure                  0.550 us    35.225 us    41.86       4.6%    0.016s  ok 1.8e-16       1.68x
   fftw3_patient                  0.608 us    38.888 us    37.92       4.1%    0.026s  ok 1.8e-16       1.85x
   fftw3_estimate                 1.373 us    87.841 us    16.79       0.1%    0.001s  ok 1.7e-16       4.18x
   ducc0_c2c                      1.821 us   116.554 us    12.65      23.6%    0.000s  ok 1.3e-16       5.55x
   baseline_matrix               18.009 us  1152.544 us     1.28       0.0%    0.000s  ok 3.9e-16       54.89x

-- L=8 (batched B=512), volume 512, working set 8.00 MiB --
   backend                   per-transform     per-call     GF/s  run spread     setup  correctness
   L8_radix8                      0.422 us   216.110 us    54.59       0.7%    0.043s  ok 2.3e-16       1.00x
   L8_batchsimd                   0.439 us   224.892 us    52.45       0.7%    0.038s  ok 2.3e-16       1.04x
   L8_fusedaxes                   0.444 us   227.307 us    51.90       5.4%    0.076s  ok 2.3e-16       1.05x
   mkl2026_dfti                   0.601 us   307.967 us    38.30       1.0%    0.001s  ok 1.6e-16       1.43x
   mkl_dfti                       0.630 us   322.810 us    36.54       1.4%    0.002s  ok 1.6e-16       1.49x
   fftw3_measure                  0.662 us   338.775 us    34.82       4.9%    0.015s  ok 1.8e-16       1.57x
   fftw3_patient                  0.816 us   417.986 us    28.22       1.2%    0.026s  ok 1.8e-16       1.93x
   fftw3_estimate                 1.438 us   736.407 us    16.02       2.8%    0.001s  ok 1.7e-16       3.41x
   ducc0_c2c                      2.062 us  1055.776 us    11.17       6.8%    0.000s  ok 1.3e-16       4.89x
   baseline_matrix               18.033 us  9232.932 us     1.28       0.1%    0.000s  ok 3.9e-16       42.72x

-- L=8 (batched B=2048), volume 512, working set 32.00 MiB --
   backend                   per-transform     per-call     GF/s  run spread     setup  correctness
   L8_radix8                      0.431 us   882.759 us    53.45      13.8%    0.091s  ok 2.3e-16       1.00x
   L8_batchsimd                   0.448 us   916.667 us    51.48       4.2%    0.074s  ok 2.3e-16       1.04x
   L8_fusedaxes                   0.456 us   933.868 us    50.53       4.3%    0.117s  ok 2.3e-16       1.06x
   mkl2026_dfti                   0.607 us  1243.337 us    37.95       4.0%    0.001s  ok 1.6e-16       1.41x
   mkl_dfti                       0.647 us  1325.533 us    35.60       1.4%    0.002s  ok 1.6e-16       1.50x
   fftw3_measure                  0.659 us  1349.132 us    34.98       9.0%    0.015s  ok 1.8e-16       1.53x
   fftw3_patient                  0.799 us  1637.022 us    28.82       2.5%    0.028s  ok 1.8e-16       1.85x
   fftw3_estimate                 1.437 us  2942.430 us    16.04       2.9%    0.001s  ok 1.7e-16       3.33x
   ducc0_c2c                      2.089 us  4277.605 us    11.03       8.5%    0.000s  ok 1.3e-16       4.85x
   baseline_matrix               18.048 us 36963.238 us     1.28       0.3%    0.000s  ok 3.9e-16       41.87x

-- L=13 (non-batched), volume 2197, working set 0.07 MiB --
   backend                   per-transform     per-call     GF/s  run spread     setup  correctness
   L13_direct                     2.712 us     2.712 us    44.96       0.0%    0.005s  ok 2.9e-16       1.00x
   L13_rader                      3.236 us     3.236 us    37.68       1.0%    0.001s  ok 4.0e-16       1.19x
   mkl2026_dfti                   3.569 us     3.569 us    34.17       3.3%    0.001s  ok 3.3e-16       1.32x
   mkl_dfti                       3.787 us     3.787 us    32.20       1.3%    0.002s  ok 3.2e-16       1.40x
   fftw3_measure                  4.364 us     4.364 us    27.94       2.6%    0.014s  ok 3.2e-16       1.61x
   fftw3_patient                  4.694 us     4.694 us    25.98      44.4%    0.029s  ok 3.2e-16       1.73x
   fftw3_estimate                 6.175 us     6.175 us    19.75       3.2%    0.001s  ok 3.2e-16       2.28x
   ducc0_c2c                     19.011 us    19.011 us     6.41       1.8%    0.000s  ok 2.5e-16       7.01x
   baseline_matrix              125.480 us   125.480 us     0.97       0.0%    0.000s  ok 7.9e-16       46.26x

-- L=13 (batched B=8), volume 2197, working set 0.54 MiB --
   backend                   per-transform     per-call     GF/s  run spread     setup  correctness
   L13_direct                     2.653 us    21.224 us    45.97       0.3%    0.003s  ok 2.9e-16       1.00x
   L13_rader                      3.255 us    26.041 us    37.46       1.2%    0.001s  ok 4.1e-16       1.23x
   mkl2026_dfti                   3.505 us    28.044 us    34.79       5.5%    0.001s  ok 3.3e-16       1.32x
   mkl_dfti                       3.799 us    30.395 us    32.10       0.1%    0.002s  ok 3.2e-16       1.43x
   fftw3_measure                  4.336 us    34.687 us    28.13       1.8%    0.014s  ok 3.2e-16       1.63x
   fftw3_patient                  4.459 us    35.672 us    27.35       1.0%    0.027s  ok 3.2e-16       1.68x
   fftw3_estimate                 6.409 us    51.275 us    19.03       1.8%    0.001s  ok 3.2e-16       2.42x
   ducc0_c2c                     17.595 us   140.762 us     6.93       3.6%    0.000s  ok 2.5e-16       6.63x
   baseline_matrix              125.489 us  1003.909 us     0.97      10.3%    0.000s  ok 7.8e-16       47.30x

-- L=13 (batched B=64), volume 2197, working set 4.29 MiB --
   backend                   per-transform     per-call     GF/s  run spread     setup  correctness
   L13_direct                     3.043 us   194.728 us    40.08       5.1%    0.011s  ok 2.9e-16       1.00x
   mkl2026_dfti                   3.679 us   235.437 us    33.15       2.9%    0.001s  ok 3.2e-16       1.21x
   mkl_dfti                       3.698 us   236.701 us    32.97       8.8%    0.001s  ok 3.2e-16       1.22x
   L13_rader                      4.015 us   256.962 us    30.37       0.9%    0.010s  ok 4.0e-16       1.32x
   fftw3_patient                  4.627 us   296.105 us    26.36      14.7%    0.028s  ok 3.2e-16       1.52x
   fftw3_estimate                 6.643 us   425.130 us    18.36      92.9%    0.001s  ok 3.2e-16       2.18x
   fftw3_measure                  8.841 us   565.796 us    13.79      11.8%    0.016s  ok 3.3e-16       2.91x
   ducc0_c2c                     18.323 us  1172.658 us     6.66       7.0%    0.000s  ok 2.5e-16       6.02x
   baseline_matrix              125.586 us  8037.528 us     0.97       0.0%    0.000s  ok 7.9e-16       41.28x

-- L=13 (batched B=512), volume 2197, working set 34.33 MiB --
   backend                   per-transform     per-call     GF/s  run spread     setup  correctness
   L13_direct                     3.418 us  1750.007 us    35.68       6.8%    0.005s  ok 2.9e-16       1.00x
   mkl2026_dfti                   3.736 us  1912.864 us    32.64      10.2%    0.001s  ok 3.2e-16       1.09x
   mkl_dfti                       3.758 us  1924.278 us    32.45      11.3%    0.002s  ok 3.2e-16       1.10x
   L13_rader                      3.883 us  1988.210 us    31.40       1.4%    0.067s  ok 4.0e-16       1.14x
   fftw3_patient                  4.851 us  2483.837 us    25.14       8.0%    0.028s  ok 3.3e-16       1.42x
   fftw3_measure                  5.189 us  2656.942 us    23.50       2.0%    0.014s  ok 3.2e-16       1.52x
   fftw3_estimate                 6.255 us  3202.421 us    19.50       8.2%    0.001s  ok 3.2e-16       1.83x
   ducc0_c2c                     19.012 us  9734.384 us     6.41       3.6%    0.000s  ok 2.5e-16       5.56x
   baseline_matrix              125.926 us 64473.857 us     0.97       0.0%    0.000s  ok 7.9e-16       36.84x

-- L=13 (batched B=2048), volume 2197, working set 137.31 MiB --
   backend                   per-transform     per-call     GF/s  run spread     setup  correctness
   L13_direct                     4.815 us  9861.207 us    25.33       5.6%    0.007s  ok 2.9e-16       1.00x
   L13_rader                      5.484 us 11231.981 us    22.24       1.5%    0.581s  ok 4.0e-16       1.14x
   mkl2026_dfti                   5.594 us 11457.222 us    21.80      37.1%    0.001s  ok 3.2e-16       1.16x
   mkl_dfti                       5.822 us 11924.246 us    20.94      25.9%    0.001s  ok 3.2e-16       1.21x
   fftw3_measure                  7.047 us 14433.202 us    17.30      31.3%    0.014s  ok 3.2e-16       1.46x
   fftw3_estimate                 8.240 us 16875.405 us    14.80      25.6%    0.001s  ok 3.2e-16       1.71x
   fftw3_patient                  8.875 us 18176.917 us    13.74       6.1%    0.026s  ok 3.2e-16       1.84x
   ducc0_c2c                     22.242 us 45551.881 us     5.48      11.2%    0.000s  ok 2.5e-16       4.62x

-- L=17 (non-batched), volume 4913, working set 0.15 MiB --
   backend                   per-transform     per-call     GF/s  run spread     setup  correctness
   L17_winograd                   8.690 us     8.690 us    34.66       2.0%    0.368s  ok 3.2e-16       1.00x
   L17_matrixsimd                 8.884 us     8.884 us    33.91       9.9%    0.141s  ok 3.3e-16       1.02x
   L17_rader                      9.346 us     9.346 us    32.23       2.2%    0.285s  ok 3.2e-16       1.08x
   mkl_dfti                      46.165 us    46.165 us     6.52       0.1%    0.054s  ok 3.1e-16       5.31x
   ducc0_c2c                     46.286 us    46.286 us     6.51       2.1%    0.000s  ok 2.6e-16       5.33x
   fftw3_estimate                56.594 us    56.594 us     5.32       1.5%    0.001s  ok 3.0e-16       6.51x
   fftw3_patient                 56.648 us    56.648 us     5.32       1.8%    0.017s  ok 3.0e-16       6.52x
   fftw3_measure                 56.774 us    56.774 us     5.31       0.5%    0.008s  ok 3.0e-16       6.53x
   mkl2026_dfti                  78.593 us    78.593 us     3.83      15.3%    0.087s  ok 3.1e-16       9.04x
   baseline_matrix              367.375 us   367.375 us     0.82       0.0%    0.000s  ok 8.4e-16       42.27x

-- L=17 (batched B=8), volume 4913, working set 1.20 MiB --
   backend                   per-transform     per-call     GF/s  run spread     setup  correctness
   L17_winograd                   8.124 us    64.990 us    37.08       5.4%    0.393s  ok 3.3e-16       1.00x
   L17_matrixsimd                 9.116 us    72.927 us    33.04       9.2%    0.136s  ok 3.3e-16       1.12x
   L17_rader                      9.240 us    73.917 us    32.60       4.7%    0.294s  ok 3.2e-16       1.14x
   ducc0_c2c                     45.205 us   361.643 us     6.66       2.4%    0.000s  ok 2.6e-16       5.56x
   mkl_dfti                      46.154 us   369.230 us     6.53       1.8%    0.077s  ok 3.1e-16       5.68x
   mkl2026_dfti                  46.663 us   373.302 us     6.46       0.6%    0.072s  ok 3.1e-16       5.74x
   fftw3_patient                 56.593 us   452.742 us     5.32       3.4%    0.017s  ok 3.0e-16       6.97x
   fftw3_estimate                56.666 us   453.329 us     5.32       0.8%    0.002s  ok 3.0e-16       6.98x
   fftw3_measure                 57.006 us   456.047 us     5.28       1.9%    0.009s  ok 3.0e-16       7.02x
   baseline_matrix              367.396 us  2939.168 us     0.82       0.3%    0.000s  ok 8.4e-16       45.23x

-- L=17 (batched B=64), volume 4913, working set 9.60 MiB --
   backend                   per-transform     per-call     GF/s  run spread     setup  correctness
   L17_matrixsimd                 8.545 us   546.875 us    35.25       5.0%    0.215s  ok 3.3e-16       1.00x
   L17_winograd                   9.223 us   590.274 us    32.66       9.3%    0.745s  ok 3.3e-16       1.08x
   L17_rader                     10.025 us   641.592 us    30.05       1.9%    0.440s  ok 3.2e-16       1.17x
   mkl_dfti                      46.659 us  2986.147 us     6.46       0.2%    0.056s  ok 3.1e-16       5.46x
   mkl2026_dfti                  46.922 us  3003.023 us     6.42       0.4%    0.067s  ok 3.1e-16       5.49x
   ducc0_c2c                     47.025 us  3009.598 us     6.41       5.2%    0.000s  ok 2.6e-16       5.50x
   fftw3_estimate                57.144 us  3657.194 us     5.27       0.2%    0.002s  ok 3.0e-16       6.69x
   fftw3_measure                 57.233 us  3662.901 us     5.26       0.1%    0.009s  ok 3.0e-16       6.70x
   fftw3_patient                 57.772 us  3697.385 us     5.21       1.3%    0.019s  ok 3.0e-16       6.76x
   baseline_matrix              367.423 us 23515.103 us     0.82       0.0%    0.000s  ok 8.4e-16       43.00x

-- L=17 (batched B=512), volume 4913, working set 76.77 MiB --
   backend                   per-transform     per-call     GF/s  run spread     setup  correctness
   L17_matrixsimd                 9.618 us  4924.597 us    31.32       0.4%    1.764s  ok 3.3e-16       1.00x
   L17_winograd                  10.954 us  5608.491 us    27.50       0.5%    4.084s  ok 3.3e-16       1.14x
   L17_rader                     11.941 us  6113.659 us    25.23      10.4%    2.679s  ok 3.2e-16       1.24x
   mkl_dfti                      47.877 us 24513.118 us     6.29       3.6%    0.057s  ok 3.1e-16       4.98x
   mkl2026_dfti                  48.510 us 24837.194 us     6.21       2.9%    0.052s  ok 3.1e-16       5.04x
   ducc0_c2c                     48.514 us 24839.260 us     6.21       9.4%    0.000s  ok 2.6e-16       5.04x
   fftw3_estimate                58.313 us 29856.284 us     5.17       1.4%    0.002s  ok 3.0e-16       6.06x
   fftw3_patient                 58.774 us 30092.520 us     5.13       1.0%    0.017s  ok 3.0e-16       6.11x
   fftw3_measure                 59.638 us 30534.664 us     5.05       0.3%    0.008s  ok 3.0e-16       6.20x

-- L=23 (non-batched), volume 12167, working set 0.37 MiB --
   backend                   per-transform     per-call     GF/s  run spread     setup  correctness
   L23_matrixsimd                20.969 us    20.969 us    39.37       4.1%    0.258s  ok 3.8e-16       1.00x
   L23_rader                     21.184 us    21.184 us    38.97       0.6%    0.311s  ok 3.8e-16       1.01x
   ducc0_c2c                    133.126 us   133.126 us     6.20       0.5%    0.000s  ok 2.8e-16       6.35x
   mkl_dfti                     142.667 us   142.667 us     5.79       0.2%    0.055s  ok 4.2e-16       6.80x
   mkl2026_dfti                 145.833 us   145.833 us     5.66       0.1%    0.075s  ok 4.2e-16       6.95x
   fftw3_patient                176.209 us   176.209 us     4.69       0.0%    0.026s  ok 3.7e-16       8.40x
   fftw3_measure                182.077 us   182.077 us     4.53       8.5%    0.013s  ok 3.7e-16       8.68x
   fftw3_estimate               344.060 us   344.060 us     2.40       0.0%    0.002s  ok 3.7e-16       16.41x
   baseline_matrix             1230.271 us  1230.271 us     0.67      95.3%    0.000s  ok 7.4e-16       58.67x

-- L=23 (batched B=8), volume 12167, working set 2.97 MiB --
   backend                   per-transform     per-call     GF/s  run spread     setup  correctness
   L23_matrixsimd                23.509 us   188.070 us    35.12       2.0%    0.268s  ok 3.8e-16       1.00x
   L23_rader                     23.727 us   189.813 us    34.80       2.2%    0.324s  ok 3.8e-16       1.01x
   ducc0_c2c                    136.597 us  1092.777 us     6.04       3.4%    0.000s  ok 2.8e-16       5.81x
   mkl_dfti                     143.351 us  1146.811 us     5.76       0.3%    0.055s  ok 4.2e-16       6.10x
   mkl2026_dfti                 147.622 us  1180.976 us     5.59       0.1%    0.077s  ok 4.2e-16       6.28x
   fftw3_patient                177.182 us  1417.459 us     4.66       1.1%    0.026s  ok 3.7e-16       7.54x
   fftw3_measure                177.511 us  1420.090 us     4.65       0.8%    0.010s  ok 3.7e-16       7.55x
   fftw3_estimate               177.676 us  1421.411 us     4.65      95.5%    0.002s  ok 3.7e-16       7.56x
   baseline_matrix             1230.183 us  9841.466 us     0.67       0.0%    0.000s  ok 7.4e-16       52.33x

-- L=23 (batched B=64), volume 12167, working set 23.76 MiB --
   backend                   per-transform     per-call     GF/s  run spread     setup  correctness
   L23_rader                     24.105 us  1542.747 us    34.25       4.1%    0.582s  ok 3.8e-16       1.00x
   L23_matrixsimd                24.388 us  1560.862 us    33.85       1.7%    0.523s  ok 3.8e-16       1.01x
   ducc0_c2c                    138.290 us  8850.551 us     5.97       4.1%    0.000s  ok 2.8e-16       5.74x
   mkl_dfti                     144.195 us  9228.490 us     5.73       0.3%    0.032s  ok 4.2e-16       5.98x
   mkl2026_dfti                 147.599 us  9446.339 us     5.59       0.0%    0.073s  ok 4.2e-16       6.12x
   fftw3_measure                177.475 us 11358.412 us     4.65       0.0%    0.010s  ok 3.7e-16       7.36x
   fftw3_patient                177.550 us 11363.169 us     4.65       3.9%    0.031s  ok 3.7e-16       7.37x
   fftw3_estimate               177.759 us 11376.556 us     4.64       0.1%    0.002s  ok 3.7e-16       7.37x
   baseline_matrix             1230.047 us 78723.004 us     0.67       0.0%    0.000s  ok 7.4e-16       51.03x

-- L=23 (batched B=512), volume 12167, working set 190.11 MiB --
   backend                   per-transform     per-call     GF/s  run spread     setup  correctness
   L23_rader                     30.358 us 15543.112 us    27.19       2.7%    4.658s  ok 3.8e-16       1.00x
   L23_matrixsimd                30.640 us 15687.463 us    26.94       0.4%    4.159s  ok 3.8e-16       1.01x
   mkl_dfti                     154.364 us 79034.483 us     5.35       0.4%    0.072s  ok 4.2e-16       5.08x
   mkl2026_dfti                 158.517 us 81160.867 us     5.21       1.8%    0.075s  ok 4.2e-16       5.22x
   ducc0_c2c                    160.135 us 81988.875 us     5.16       0.2%    0.000s  ok 2.8e-16       5.27x
   fftw3_measure                189.635 us 97092.908 us     4.35       0.8%    0.009s  ok 3.7e-16       6.25x
   fftw3_patient                189.859 us 97207.764 us     4.35       0.1%    0.025s  ok 3.7e-16       6.25x
   fftw3_estimate               191.144 us 97865.617 us     4.32       0.1%    0.001s  ok 3.7e-16       6.30x

-- L=36 (non-batched), volume 46656, working set 1.42 MiB --
   backend                   per-transform     per-call     GF/s  run spread     setup  correctness
   L36_pencilfused               50.784 us    50.784 us    71.25       2.0%    0.104s  ok 3.7e-16       1.00x
   L36_pfa                       54.511 us    54.511 us    66.37       0.3%    0.088s  ok 3.6e-16       1.07x
   L36_mixedradix                55.558 us    55.558 us    65.12      78.9%    0.259s  ok 3.6e-16       1.09x
   mkl_dfti                      78.110 us    78.110 us    46.32       2.5%    0.053s  ok 3.9e-16       1.54x
   mkl2026_dfti                  78.290 us    78.290 us    46.21       7.1%    0.055s  ok 4.0e-16       1.54x
   fftw3_patient                133.006 us   133.006 us    27.20       9.7%    0.886s  ok 3.9e-16       2.62x
   fftw3_measure                166.405 us   166.405 us    21.74      12.1%    0.153s  ok 3.7e-16       3.28x
   ducc0_c2c                    176.943 us   176.943 us    20.45       0.4%    0.000s  ok 3.0e-16       3.48x
   fftw3_estimate               228.823 us   228.823 us    15.81       4.7%    0.003s  ok 3.5e-16       4.51x
   baseline_matrix             7380.708 us  7380.708 us     0.49      35.5%    0.000s  ok 8.1e-16       145.34x

-- L=36 (batched B=8), volume 46656, working set 11.39 MiB --
   backend                   per-transform     per-call     GF/s  run spread     setup  correctness
   L36_pfa                       68.914 us   551.312 us    52.50       1.9%    0.193s  ok 3.6e-16       1.00x
   L36_mixedradix                69.943 us   559.542 us    51.73       2.9%    0.168s  ok 3.6e-16       1.01x
   L36_pencilfused               74.873 us   598.986 us    48.32       2.2%    0.494s  ok 3.8e-16       1.09x
   mkl_dfti                      95.743 us   765.942 us    37.79       1.4%    0.052s  ok 3.9e-16       1.39x
   mkl2026_dfti                  97.631 us   781.047 us    37.06       1.0%    0.031s  ok 4.0e-16       1.42x
   fftw3_patient                154.003 us  1232.026 us    23.49      11.5%    0.871s  ok 3.8e-16       2.23x
   fftw3_measure                179.302 us  1434.413 us    20.18       4.6%    0.153s  ok 3.8e-16       2.60x
   ducc0_c2c                    205.660 us  1645.279 us    17.59      11.5%    0.000s  ok 3.0e-16       2.98x
   fftw3_estimate               232.971 us  1863.767 us    15.53       3.5%    0.004s  ok 3.5e-16       3.38x
   baseline_matrix             7381.218 us 59049.745 us     0.49       0.0%    0.000s  ok 8.0e-16       107.11x

-- L=36 (batched B=64), volume 46656, working set 91.12 MiB --
   backend                   per-transform     per-call     GF/s  run spread     setup  correctness
   L36_pfa                       80.471 us  5150.169 us    44.96       1.6%    3.977s  ok 3.6e-16       1.00x
   L36_mixedradix                81.550 us  5219.182 us    44.37       1.9%    0.544s  ok 3.6e-16       1.01x
   L36_pencilfused               84.077 us  5380.898 us    43.03       2.4%    1.155s  ok 3.6e-16       1.04x
   mkl_dfti                     122.929 us  7867.441 us    29.43      15.3%    0.053s  ok 3.9e-16       1.53x
   mkl2026_dfti                 145.313 us  9300.017 us    24.90      50.7%    0.058s  ok 4.0e-16       1.81x
   fftw3_patient                191.285 us 12242.266 us    18.91       2.1%    0.871s  ok 3.8e-16       2.38x
   fftw3_measure                230.882 us 14776.428 us    15.67       4.7%    0.169s  ok 3.8e-16       2.87x
   fftw3_estimate               279.585 us 17893.458 us    12.94       5.6%    0.003s  ok 3.5e-16       3.47x
   ducc0_c2c                    303.675 us 19435.206 us    11.91       1.3%    0.000s  ok 3.0e-16       3.77x

-- L=45 (non-batched), volume 91125, working set 2.78 MiB --
   backend                   per-transform     per-call     GF/s  run spread     setup  correctness
   L45_mixedradix               172.368 us   172.368 us    43.55      18.2%    0.138s  ok 4.0e-16       1.00x
   L45_pfa                      172.782 us   172.782 us    43.45       1.0%    0.248s  ok 4.0e-16       1.00x
   mkl_dfti                     289.146 us   289.146 us    25.96       5.9%    0.054s  ok 4.4e-16       1.68x
   mkl2026_dfti                 291.021 us   291.021 us    25.79       4.2%    0.057s  ok 4.5e-16       1.69x
   fftw3_patient                421.070 us   421.070 us    17.83       2.7%    0.488s  ok 4.3e-16       2.44x
   fftw3_measure                458.495 us   458.495 us    16.37       5.4%    0.071s  ok 4.3e-16       2.66x
   fftw3_estimate               612.909 us   612.909 us    12.25       1.9%    0.002s  ok 4.2e-16       3.56x
   ducc0_c2c                    720.501 us   720.501 us    10.42       3.4%    0.000s  ok 3.7e-16       4.18x
   baseline_matrix            18033.232 us 18033.232 us     0.42       0.2%    0.000s  ok 8.0e-16       104.62x

-- L=45 (batched B=8), volume 91125, working set 22.25 MiB --
   backend                   per-transform     per-call     GF/s  run spread     setup  correctness
   L45_mixedradix               186.690 us  1493.522 us    40.21      85.8%    0.158s  ok 4.1e-16       1.00x
   L45_pfa                      188.090 us  1504.721 us    39.91       6.3%    0.516s  ok 4.0e-16       1.01x
   mkl2026_dfti                 288.371 us  2306.969 us    26.03       8.3%    0.057s  ok 4.5e-16       1.54x
   mkl_dfti                     315.251 us  2522.005 us    23.81       0.1%    0.030s  ok 4.4e-16       1.69x
   ducc0_c2c                    428.724 us  3429.789 us    17.51      24.3%    0.000s  ok 3.7e-16       2.30x
   fftw3_patient                457.886 us  3663.085 us    16.39       1.4%    0.599s  ok 4.3e-16       2.45x
   fftw3_measure                465.850 us  3726.799 us    16.11       4.3%    0.071s  ok 4.3e-16       2.50x
   fftw3_estimate               608.626 us  4869.010 us    12.33       3.2%    0.002s  ok 4.2e-16       3.26x
   baseline_matrix            18057.822 us 144462.572 us     0.42       0.0%    0.000s  ok 8.0e-16       96.73x

-- L=45 (batched B=64), volume 91125, working set 177.98 MiB --
   backend                   per-transform     per-call     GF/s  run spread     setup  correctness
   L45_pfa                      225.232 us 14414.879 us    33.33       4.7%    1.193s  ok 4.0e-16       1.00x
   L45_mixedradix               245.187 us 15691.992 us    30.62       0.3%    1.543s  ok 4.1e-16       1.09x
   mkl2026_dfti                 397.360 us 25431.031 us    18.89      12.5%    0.072s  ok 4.5e-16       1.76x
   mkl_dfti                     448.585 us 28709.435 us    16.73       0.2%    0.058s  ok 4.4e-16       1.99x
   fftw3_patient                568.485 us 36383.062 us    13.20       0.4%    0.477s  ok 4.3e-16       2.52x
   fftw3_measure                588.529 us 37665.825 us    12.75       8.0%    0.084s  ok 4.3e-16       2.61x
   ducc0_c2c                    646.041 us 41346.654 us    11.62      40.8%    0.000s  ok 3.7e-16       2.87x
   fftw3_estimate               685.061 us 43843.872 us    10.96       9.6%    0.001s  ok 4.2e-16       3.04x

-- L=64 (non-batched), volume 262144, working set 8.00 MiB --
   backend                   per-transform     per-call     GF/s  run spread     setup  correctness
   L64_radix8                   536.969 us   536.969 us    43.94       5.2%    0.140s  ok 4.5e-16       1.00x
   L64_blocked                  544.270 us   544.270 us    43.35      69.9%    0.200s  ok 4.5e-16       1.01x
   mkl_dfti                     662.770 us   662.770 us    35.60       0.5%    0.050s  ok 3.4e-16       1.23x
   mkl2026_dfti                 733.637 us   733.637 us    32.16       1.4%    0.073s  ok 3.4e-16       1.37x
   fftw3_patient                896.952 us   896.952 us    26.30       1.6%    3.237s  ok 3.6e-16       1.67x
   fftw3_measure                959.385 us   959.385 us    24.59       3.1%    0.243s  ok 3.6e-16       1.79x
   fftw3_estimate              1003.805 us  1003.805 us    23.50       5.1%    0.001s  ok 3.5e-16       1.87x
   ducc0_c2c                   1170.116 us  1170.116 us    20.16      18.5%    0.000s  ok 3.0e-16       2.18x
   baseline_matrix            76189.787 us 76189.787 us     0.31       0.4%    0.000s  ok 7.8e-16       141.89x

-- L=64 (batched B=8), volume 262144, working set 64.00 MiB --
   backend                   per-transform     per-call     GF/s  run spread     setup  correctness
   L64_radix8                   550.253 us  4402.025 us    42.88       1.5%    1.183s  ok 4.5e-16       1.00x
   L64_blocked                  565.584 us  4524.671 us    41.71       7.1%    0.799s  ok 4.5e-16       1.03x
   mkl_dfti                     829.915 us  6639.320 us    28.43      59.9%    0.031s  ok 3.4e-16       1.51x
   fftw3_patient               1021.937 us  8175.498 us    23.09       6.1%    3.889s  ok 3.6e-16       1.86x
   fftw3_measure               1111.999 us  8895.995 us    21.22       4.7%    0.338s  ok 3.6e-16       2.02x
   fftw3_estimate              1115.950 us  8927.596 us    21.14       0.7%    0.001s  ok 3.5e-16       2.03x
   ducc0_c2c                   1293.774 us 10350.194 us    18.24      24.4%    0.000s  ok 3.0e-16       2.35x
   mkl2026_dfti                1415.380 us 11323.044 us    16.67       7.8%    0.066s  ok 3.4e-16       2.57x

-- L=64 (batched B=64), volume 262144, working set 512.00 MiB --
   backend                   per-transform     per-call     GF/s  run spread     setup  correctness
   L64_radix8                   622.861 us 39863.116 us    37.88       4.1%    0.978s  ok 4.5e-16       1.00x
   L64_blocked                  675.565 us 43236.149 us    34.92       7.2%    0.579s  ok 4.5e-16       1.08x
   mkl_dfti                    1625.258 us 104016.484 us    14.52       2.6%    0.077s  ok 3.4e-16       2.61x
   fftw3_patient               1644.596 us 105254.115 us    14.35       7.2%    4.057s  ok 3.5e-16       2.64x
   mkl2026_dfti                1713.782 us 109682.068 us    13.77       2.9%    0.073s  ok 3.4e-16       2.75x
   fftw3_estimate              2377.777 us 152177.750 us     9.92       5.4%    0.001s  ok 3.5e-16       3.82x
   fftw3_measure               2468.994 us 158015.610 us     9.56       0.4%    0.238s  ok 3.6e-16       3.96x
   ducc0_c2c                   2662.352 us 170390.531 us     8.86       0.7%    0.000s  ok 3.0e-16       4.27x

backends:
   L13_direct               conj-folded dense 13x13 per axis, lanes=lines, pinned sines; 512b all-pinned zsolidY+xmm-tail X-first; ab[B16]=y22818,zs2671,xt2634,xl3929 ns/vol
   L13_rader                Rader-13 split cyc/nega (186 FP/pt), X-first, 512-bit; fuse=1 um=7 ys=0 pf=0 pw=0 pace=1 znb=22 ab[B1]=i:3287,f0:3309 pick=i
   L17_matrixsimd           nested cyclic/negacyclic 17-pt/axis, 512-bit+ymm tail, pinned, deferred-Z, addr-safe t1, pt=0, b1dec[yz/kyz/x/kx]=5.81/5.57/4.51/4.24, clk512/256=4.10/4.10 GHz, d256=4.10
   L17_rader                Rader-17 cyclic/negacyclic (kernel from L17_winograd), plane-fused; tuned: xl 512, pf=0, pfw=0, clk256=4.10 clk512=4.10, xrace xl/xfs=13.20/14.77, probe ph/xp/fu=7.81/3.76/13.55 us/vol
   L17_winograd             17-pt cyclic+negacyclic module (296 FP instr), 3 rotating passes, var=q8, pf=0, pfw=0, cw=0, clk256=4.10GHz, clk512=4.10GHz, p1=2.76 f23=5.04 fu=7.87 fu4=9.87, sbw[rd/wr/cp/s17]=1.94/2.90/5.49/2.08
   L23_matrixsimd           dense 23x23/axis conj-folded, 512-bit, pinned, X-first, NT planes, pf=2, pw=0, tune[pick=30.26 inc=31.87 tp=32.26 us/t nv=403], sbw[rd/wr/cp/s23]=6.43/12.39/20.38/8.22, clk512/256=4.10/4.10 GHz
   L23_rader                rader23 folded pair, 512-bit, pinned, X-first, NT planes, pf=2 pw=0, tuner pick=30.67 inc=32.05 us/t nv=403
   L36_mixedradix           PFA 4x9 2-sweep, lanes=lines, n1_9 DFT9; pick=v1-cached-pf1 (B=1, arena=1 vol, stream=0, 12 cand, pinD=-1) probe us/vol pf0=142.7 zy=159.9
   L36_pencilfused          L=36 plane-fused y+z then strided x, PFA4x9 interleaved lanes; tuner picked pw=4 mode=istream+pfw (B=8); probe us ip4=82.1 cs4=80.4 is04=87.8
   L36_pfa                  GT-PFA 4x9 (n1_9 DAG) two-sweep; tuner pick: pw=4 mode=inplace pf=0 (B=1, nv=1, nc=14); probe us p1=36.9 p1z=22.3 p1y=13.5 p2w=17.3 fu=53.3
   L45_mixedradix           PFA 9x5 2-sweep; pick=v1-pf0 (B=1, arena=1, stream=0, 4 cand); nv1 us fu=171.8 p1=148.5 p2w=36.7; fe=na
   L45_pfa                  GT-PFA 9x5 two-sweep; tuner pick: pw2-ip-pf3 (B=64, nv=32)
   L64_blocked              L64 8x8 two-stage, hugepage odd-line-padded scratch; tuner pick: pw=4 mode=cached pf=0 st=3(split-sc) pro=1 (B=1, nv=1)
   L64_radix8               radix-8^2 per axis, split-complex AVX-512, padded scratch; tuner pick[B=64]=fused-nt+slabpf1+pro1+p10+sc0+xb0+fo1
   L6_pfa                   Good-Thomas PFA 2x3 per axis, no twiddles, 2 cplx/ymm, plan-raced; variant=fused_d2 clkS256=4.10 clkD256=4.10 clkS512=4.10 kclk=4.10GHz bf=127.7 bsp=127.7 bx=31.7 byz=96.3ns
   L6_unrolled              L=6: unrolled PFA 2x3 codelet (48 flop/36 instr, no twiddles), radix-2-first VD6, ymm; variant=3pass kclk=4.10GHz ab1=f133.6,fx130.1ns abL=f305.8,f3306.0ns xod=-0.1%
   L8_batchsimd             radix-8 split; pick[B=8]: mode=FUSED nt=0 pf=s0 alloc=r8(a64,si512) arena{FUSED/s0=0.348,FUSEDAA/s0=0.343,FUSED/none=0.354}
   L8_fusedaxes             8^3 fused/AA/AA2 c52; B=8 pick=fused (tuned) arena{fused=0.348,fusedAA=0.347,fusedAA2=0.347}
   L8_radix8                radix-8 52-instr codelet; 2p/1f/3p shapes; pick[B=1]=avx512-2p (fixed) arena{2p=0.324 1f520*=0.336 1f*=0.336 3p*=0.308} scr@0x540
   baseline_matrix          row-column dense DFT matrix, O(L^4)/volume/axis
   ducc0_c2c                ducc0 0.41 c2c, no planning, 1 thread
   fftw3_estimate           FFTW 3.3.10 plan_many_dft, fftw3_estimate
   fftw3_measure            FFTW 3.3.10 plan_many_dft, fftw3_measure
   fftw3_patient            FFTW 3.3.10 plan_many_dft, fftw3_patient
   mkl2026_dfti             oneMKL 2026.1 (pip wheel) DFTI, sequential, batched
   mkl_dfti                 oneMKL 2022.0.2 DFTI, sequential, batched
== round xarch_spr complete: results/xarch_spr ==
