PASS rel_l2=4.501e-16 rel_max=5.229e-16 (tol 1e-12) L=10 B=64
PASS map-chain m=1000: rel_l2=3.467e-13 (anchor 1.092e-13, tol 1.0e-10)
PASS rel_l2=4.501e-16 rel_max=5.229e-16 (tol 1e-12) L=10 B=64
PASS map-2-step: rel_l2=1.203e-15 (tol 3.0e-14)
PASS rel_l2=2.265e-16 rel_max=2.941e-16 (tol 1e-12) L=10 B=64
PASS map-chain m=1000: rel_l2=1.086e-13 (anchor 1.092e-13, tol 1.0e-10)
PASS rel_l2=2.265e-16 rel_max=2.941e-16 (tol 1e-12) L=10 B=64
PASS map-2-step: rel_l2=7.389e-16 (tol 3.0e-14)
PASS rel_l2=2.592e-16 rel_max=3.098e-16 (tol 1e-12) L=10 B=64
PASS map-chain m=1000: rel_l2=1.145e-13 (anchor 1.092e-13, tol 1.0e-10)
PASS rel_l2=2.592e-16 rel_max=3.098e-16 (tol 1e-12) L=10 B=64
PASS map-2-step: rel_l2=8.257e-16 (tol 3.0e-14)
PASS rel_l2=2.592e-16 rel_max=3.098e-16 (tol 1e-12) L=10 B=64
PASS map-chain m=1000: rel_l2=1.145e-13 (anchor 1.092e-13, tol 1.0e-10)
PASS rel_l2=2.592e-16 rel_max=3.098e-16 (tol 1e-12) L=10 B=64
PASS map-2-step: rel_l2=8.257e-16 (tol 3.0e-14)
PASS rel_l2=2.664e-16 rel_max=3.243e-16 (tol 1e-12) L=10 B=64
PASS map-chain m=1000: rel_l2=9.508e-14 (anchor 1.092e-13, tol 1.0e-10)
PASS rel_l2=2.664e-16 rel_max=3.243e-16 (tol 1e-12) L=10 B=64
PASS map-2-step: rel_l2=8.294e-16 (tol 3.0e-14)
PASS rel_l2=2.722e-16 rel_max=3.897e-16 (tol 1e-12) L=10 B=64
PASS map-chain m=1000: rel_l2=1.262e-13 (anchor 1.092e-13, tol 1.0e-10)
PASS rel_l2=2.722e-16 rel_max=3.897e-16 (tol 1e-12) L=10 B=64
PASS map-2-step: rel_l2=8.702e-16 (tol 3.0e-14)
PASS rel_l2=2.664e-16 rel_max=3.243e-16 (tol 1e-12) L=10 B=64
PASS map-chain m=1000: rel_l2=9.508e-14 (anchor 1.092e-13, tol 1.0e-10)
PASS rel_l2=2.664e-16 rel_max=3.243e-16 (tol 1e-12) L=10 B=64
PASS map-2-step: rel_l2=8.294e-16 (tol 3.0e-14)
PASS rel_l2=2.691e-16 rel_max=3.897e-16 (tol 1e-12) L=10 B=64
PASS map-chain m=1000: rel_l2=1.096e-13 (anchor 1.092e-13, tol 1.0e-10)
PASS rel_l2=2.683e-16 rel_max=3.438e-16 (tol 1e-12) L=10 B=64
PASS map-2-step: rel_l2=8.415e-16 (tol 3.0e-14)
PASS rel_l2=2.918e-16 rel_max=3.897e-16 (tol 1e-12) L=10 B=64
PASS map-chain m=1000: rel_l2=1.188e-13 (anchor 1.092e-13, tol 1.0e-10)
PASS rel_l2=2.918e-16 rel_max=3.897e-16 (tol 1e-12) L=10 B=64
PASS map-2-step: rel_l2=9.058e-16 (tol 3.0e-14)
PASS rel_l2=4.540e-16 rel_max=5.881e-16 (tol 1e-12) L=10 B=64
PASS map-chain m=1000: rel_l2=1.881e-13 (anchor 1.092e-13, tol 1.0e-10)
PASS rel_l2=4.540e-16 rel_max=5.881e-16 (tol 1e-12) L=10 B=64
PASS map-2-step: rel_l2=1.345e-15 (tol 3.0e-14)
PASS rel_l2=2.816e-16 rel_max=3.935e-16 (tol 1e-12) L=10 B=64
PASS map-chain m=1000: rel_l2=1.229e-13 (anchor 1.092e-13, tol 1.0e-10)
PASS rel_l2=2.816e-16 rel_max=3.935e-16 (tol 1e-12) L=10 B=64
PASS map-2-step: rel_l2=8.869e-16 (tol 3.0e-14)
PASS rel_l2=2.816e-16 rel_max=3.897e-16 (tol 1e-12) L=10 B=64
PASS map-chain m=1000: rel_l2=1.235e-13 (anchor 1.092e-13, tol 1.0e-10)
PASS rel_l2=2.816e-16 rel_max=3.897e-16 (tol 1e-12) L=10 B=64
PASS map-2-step: rel_l2=8.891e-16 (tol 3.0e-14)
PASS rel_l2=2.918e-16 rel_max=3.897e-16 (tol 1e-12) L=10 B=64
PASS map-chain m=1000: rel_l2=1.188e-13 (anchor 1.092e-13, tol 1.0e-10)
PASS rel_l2=2.918e-16 rel_max=3.897e-16 (tol 1e-12) L=10 B=64
PASS map-2-step: rel_l2=9.058e-16 (tol 3.0e-14)
PASS rel_l2=3.080e-16 rel_max=3.897e-16 (tol 1e-12) L=10 B=64
PASS map-chain m=1000: rel_l2=1.561e-13 (anchor 1.092e-13, tol 1.0e-10)
PASS rel_l2=3.080e-16 rel_max=3.897e-16 (tol 1e-12) L=10 B=64
PASS map-2-step: rel_l2=9.607e-16 (tol 3.0e-14)
PASS rel_l2=2.918e-16 rel_max=3.897e-16 (tol 1e-12) L=10 B=64
PASS map-chain m=1000: rel_l2=1.188e-13 (anchor 1.092e-13, tol 1.0e-10)
PASS rel_l2=2.918e-16 rel_max=3.897e-16 (tol 1e-12) L=10 B=64
PASS map-2-step: rel_l2=9.058e-16 (tol 3.0e-14)
PASS rel_l2=2.782e-16 rel_max=3.986e-16 (tol 1e-12) L=10 B=64
PASS map-chain m=1000: rel_l2=1.388e-13 (anchor 1.092e-13, tol 1.0e-10)
PASS rel_l2=2.782e-16 rel_max=3.986e-16 (tol 1e-12) L=10 B=64
PASS map-2-step: rel_l2=8.712e-16 (tol 3.0e-14)
PASS rel_l2=3.159e-16 rel_max=3.875e-16 (tol 1e-12) L=10 B=64
PASS map-chain m=1000: rel_l2=1.289e-13 (anchor 1.092e-13, tol 1.0e-10)
PASS rel_l2=3.159e-16 rel_max=3.875e-16 (tol 1e-12) L=10 B=64
PASS map-2-step: rel_l2=9.713e-16 (tol 3.0e-14)
PASS rel_l2=3.137e-16 rel_max=3.386e-16 (tol 1e-12) L=10 B=64
PASS map-chain m=1000: rel_l2=1.385e-13 (anchor 1.092e-13, tol 1.0e-10)
PASS rel_l2=3.137e-16 rel_max=3.386e-16 (tol 1e-12) L=10 B=64
PASS map-2-step: rel_l2=9.705e-16 (tol 3.0e-14)
PASS rel_l2=6.250e-16 rel_max=7.403e-16 (tol 1e-12) L=12 B=64
PASS map-chain m=600: rel_l2=2.771e-13 (anchor 3.570e-14, tol 1.0e-10)
PASS rel_l2=6.250e-16 rel_max=7.403e-16 (tol 1e-12) L=12 B=64
PASS map-2-step: rel_l2=1.739e-15 (tol 3.0e-14)
PASS rel_l2=1.983e-16 rel_max=2.834e-16 (tol 1e-12) L=12 B=64
PASS map-chain m=600: rel_l2=3.128e-14 (anchor 3.570e-14, tol 1.0e-10)
PASS rel_l2=1.983e-16 rel_max=2.834e-16 (tol 1e-12) L=12 B=64
PASS map-2-step: rel_l2=7.012e-16 (tol 3.0e-14)
PASS rel_l2=2.892e-16 rel_max=3.113e-16 (tol 1e-12) L=12 B=64
PASS map-chain m=600: rel_l2=4.234e-14 (anchor 3.570e-14, tol 1.0e-10)
PASS rel_l2=2.892e-16 rel_max=3.113e-16 (tol 1e-12) L=12 B=64
PASS map-2-step: rel_l2=9.245e-16 (tol 3.0e-14)
PASS rel_l2=2.892e-16 rel_max=3.113e-16 (tol 1e-12) L=12 B=64
PASS map-chain m=600: rel_l2=4.234e-14 (anchor 3.570e-14, tol 1.0e-10)
PASS rel_l2=2.892e-16 rel_max=3.113e-16 (tol 1e-12) L=12 B=64
PASS map-2-step: rel_l2=9.245e-16 (tol 3.0e-14)
PASS rel_l2=2.906e-16 rel_max=3.169e-16 (tol 1e-12) L=12 B=64
PASS map-chain m=600: rel_l2=4.443e-14 (anchor 3.570e-14, tol 1.0e-10)
PASS rel_l2=2.906e-16 rel_max=3.169e-16 (tol 1e-12) L=12 B=64
PASS map-2-step: rel_l2=9.302e-16 (tol 3.0e-14)
PASS rel_l2=2.944e-16 rel_max=3.098e-16 (tol 1e-12) L=12 B=64
PASS map-chain m=600: rel_l2=4.262e-14 (anchor 3.570e-14, tol 1.0e-10)
PASS rel_l2=2.944e-16 rel_max=3.098e-16 (tol 1e-12) L=12 B=64
PASS map-2-step: rel_l2=9.203e-16 (tol 3.0e-14)
PASS rel_l2=2.911e-16 rel_max=3.169e-16 (tol 1e-12) L=12 B=64
PASS map-chain m=600: rel_l2=4.521e-14 (anchor 3.570e-14, tol 1.0e-10)
PASS rel_l2=2.920e-16 rel_max=3.169e-16 (tol 1e-12) L=12 B=64
PASS map-2-step: rel_l2=9.307e-16 (tol 3.0e-14)
PASS rel_l2=2.920e-16 rel_max=3.169e-16 (tol 1e-12) L=12 B=64
PASS map-chain m=600: rel_l2=4.829e-14 (anchor 3.570e-14, tol 1.0e-10)
PASS rel_l2=2.906e-16 rel_max=3.169e-16 (tol 1e-12) L=12 B=64
PASS map-2-step: rel_l2=9.302e-16 (tol 3.0e-14)
PASS rel_l2=2.892e-16 rel_max=3.113e-16 (tol 1e-12) L=12 B=64
PASS map-chain m=600: rel_l2=4.592e-14 (anchor 3.570e-14, tol 1.0e-10)
PASS rel_l2=2.892e-16 rel_max=3.113e-16 (tol 1e-12) L=12 B=64
PASS map-2-step: rel_l2=9.263e-16 (tol 3.0e-14)
PASS rel_l2=4.974e-16 rel_max=5.873e-16 (tol 1e-12) L=12 B=64
PASS map-chain m=600: rel_l2=1.071e-13 (anchor 3.570e-14, tol 1.0e-10)
PASS rel_l2=4.974e-16 rel_max=5.873e-16 (tol 1e-12) L=12 B=64
PASS map-2-step: rel_l2=1.575e-15 (tol 3.0e-14)
PASS rel_l2=2.961e-16 rel_max=3.888e-16 (tol 1e-12) L=12 B=64
PASS map-chain m=600: rel_l2=4.601e-14 (anchor 3.570e-14, tol 1.0e-10)
PASS rel_l2=2.961e-16 rel_max=3.888e-16 (tol 1e-12) L=12 B=64
PASS map-2-step: rel_l2=9.490e-16 (tol 3.0e-14)
PASS rel_l2=2.966e-16 rel_max=3.654e-16 (tol 1e-12) L=12 B=64
PASS map-chain m=600: rel_l2=4.564e-14 (anchor 3.570e-14, tol 1.0e-10)
PASS rel_l2=2.966e-16 rel_max=3.654e-16 (tol 1e-12) L=12 B=64
PASS map-2-step: rel_l2=9.574e-16 (tol 3.0e-14)
PASS rel_l2=2.892e-16 rel_max=3.113e-16 (tol 1e-12) L=12 B=64
PASS map-chain m=600: rel_l2=4.592e-14 (anchor 3.570e-14, tol 1.0e-10)
PASS rel_l2=2.892e-16 rel_max=3.113e-16 (tol 1e-12) L=12 B=64
PASS map-2-step: rel_l2=9.263e-16 (tol 3.0e-14)
PASS rel_l2=2.952e-16 rel_max=3.437e-16 (tol 1e-12) L=12 B=64
PASS map-chain m=600: rel_l2=4.624e-14 (anchor 3.570e-14, tol 1.0e-10)
PASS rel_l2=2.952e-16 rel_max=3.437e-16 (tol 1e-12) L=12 B=64
PASS map-2-step: rel_l2=9.451e-16 (tol 3.0e-14)
PASS rel_l2=2.892e-16 rel_max=3.113e-16 (tol 1e-12) L=12 B=64
PASS map-chain m=600: rel_l2=4.592e-14 (anchor 3.570e-14, tol 1.0e-10)
PASS rel_l2=2.892e-16 rel_max=3.113e-16 (tol 1e-12) L=12 B=64
PASS map-2-step: rel_l2=9.263e-16 (tol 3.0e-14)
PASS rel_l2=2.897e-16 rel_max=3.437e-16 (tol 1e-12) L=12 B=64
PASS map-chain m=600: rel_l2=4.579e-14 (anchor 3.570e-14, tol 1.0e-10)
PASS rel_l2=2.897e-16 rel_max=3.437e-16 (tol 1e-12) L=12 B=64
PASS map-2-step: rel_l2=9.331e-16 (tol 3.0e-14)
PASS rel_l2=2.944e-16 rel_max=3.098e-16 (tol 1e-12) L=12 B=64
PASS map-chain m=600: rel_l2=4.262e-14 (anchor 3.570e-14, tol 1.0e-10)
PASS rel_l2=2.944e-16 rel_max=3.098e-16 (tol 1e-12) L=12 B=64
PASS map-2-step: rel_l2=9.203e-16 (tol 3.0e-14)
PASS rel_l2=2.892e-16 rel_max=3.113e-16 (tol 1e-12) L=12 B=64
PASS map-chain m=600: rel_l2=4.234e-14 (anchor 3.570e-14, tol 1.0e-10)
PASS rel_l2=2.892e-16 rel_max=3.113e-16 (tol 1e-12) L=12 B=64
PASS map-2-step: rel_l2=9.245e-16 (tol 3.0e-14)
PASS rel_l2=6.614e-16 rel_max=7.584e-16 (tol 1e-12) L=15 B=32
PASS map-chain m=600: rel_l2=2.757e-13 (anchor 5.006e-14, tol 1.0e-10)
PASS rel_l2=6.614e-16 rel_max=7.584e-16 (tol 1e-12) L=15 B=32
PASS map-2-step: rel_l2=2.105e-15 (tol 3.0e-14)
PASS rel_l2=2.713e-16 rel_max=3.340e-16 (tol 1e-12) L=15 B=32
PASS map-chain m=600: rel_l2=4.131e-14 (anchor 5.006e-14, tol 1.0e-10)
PASS rel_l2=2.713e-16 rel_max=3.340e-16 (tol 1e-12) L=15 B=32
PASS map-2-step: rel_l2=9.762e-16 (tol 3.0e-14)
PASS rel_l2=3.139e-16 rel_max=3.398e-16 (tol 1e-12) L=15 B=32
PASS map-chain m=600: rel_l2=4.898e-14 (anchor 5.006e-14, tol 1.0e-10)
PASS rel_l2=3.139e-16 rel_max=3.398e-16 (tol 1e-12) L=15 B=32
PASS map-2-step: rel_l2=1.113e-15 (tol 3.0e-14)
PASS rel_l2=3.139e-16 rel_max=3.398e-16 (tol 1e-12) L=15 B=32
PASS map-chain m=600: rel_l2=4.898e-14 (anchor 5.006e-14, tol 1.0e-10)
PASS rel_l2=3.139e-16 rel_max=3.398e-16 (tol 1e-12) L=15 B=32
PASS map-2-step: rel_l2=1.113e-15 (tol 3.0e-14)
PASS rel_l2=3.343e-16 rel_max=4.106e-16 (tol 1e-12) L=15 B=32
PASS map-chain m=600: rel_l2=5.479e-14 (anchor 5.006e-14, tol 1.0e-10)
PASS rel_l2=3.343e-16 rel_max=4.106e-16 (tol 1e-12) L=15 B=32
PASS map-2-step: rel_l2=1.166e-15 (tol 3.0e-14)
PASS rel_l2=3.258e-16 rel_max=4.014e-16 (tol 1e-12) L=15 B=32
PASS map-chain m=600: rel_l2=4.863e-14 (anchor 5.006e-14, tol 1.0e-10)
PASS rel_l2=3.258e-16 rel_max=4.014e-16 (tol 1e-12) L=15 B=32
PASS map-2-step: rel_l2=1.131e-15 (tol 3.0e-14)
PASS rel_l2=3.376e-16 rel_max=4.106e-16 (tol 1e-12) L=15 B=32
PASS map-chain m=600: rel_l2=5.485e-14 (anchor 5.006e-14, tol 1.0e-10)
PASS rel_l2=3.343e-16 rel_max=4.106e-16 (tol 1e-12) L=15 B=32
PASS map-2-step: rel_l2=1.166e-15 (tol 3.0e-14)
PASS rel_l2=3.343e-16 rel_max=4.106e-16 (tol 1e-12) L=15 B=32
PASS map-chain m=600: rel_l2=5.479e-14 (anchor 5.006e-14, tol 1.0e-10)
PASS rel_l2=3.343e-16 rel_max=4.106e-16 (tol 1e-12) L=15 B=32
PASS map-2-step: rel_l2=1.166e-15 (tol 3.0e-14)
PASS rel_l2=3.479e-16 rel_max=4.032e-16 (tol 1e-12) L=15 B=32
PASS map-chain m=600: rel_l2=5.377e-14 (anchor 5.006e-14, tol 1.0e-10)
PASS rel_l2=3.479e-16 rel_max=4.032e-16 (tol 1e-12) L=15 B=32
PASS map-2-step: rel_l2=1.220e-15 (tol 3.0e-14)
PASS rel_l2=5.696e-16 rel_max=7.041e-16 (tol 1e-12) L=15 B=32
PASS map-chain m=600: rel_l2=8.074e-14 (anchor 5.006e-14, tol 1.0e-10)
PASS rel_l2=5.696e-16 rel_max=7.041e-16 (tol 1e-12) L=15 B=32
PASS map-2-step: rel_l2=1.733e-15 (tol 3.0e-14)
PASS rel_l2=3.307e-16 rel_max=4.254e-16 (tol 1e-12) L=15 B=32
PASS map-chain m=600: rel_l2=5.728e-14 (anchor 5.006e-14, tol 1.0e-10)
PASS rel_l2=3.307e-16 rel_max=4.254e-16 (tol 1e-12) L=15 B=32
PASS map-2-step: rel_l2=1.202e-15 (tol 3.0e-14)
PASS rel_l2=3.321e-16 rel_max=3.625e-16 (tol 1e-12) L=15 B=32
PASS map-chain m=600: rel_l2=5.154e-14 (anchor 5.006e-14, tol 1.0e-10)
PASS rel_l2=3.321e-16 rel_max=3.625e-16 (tol 1e-12) L=15 B=32
PASS map-2-step: rel_l2=1.191e-15 (tol 3.0e-14)
PASS rel_l2=3.479e-16 rel_max=4.032e-16 (tol 1e-12) L=15 B=32
PASS map-chain m=600: rel_l2=5.377e-14 (anchor 5.006e-14, tol 1.0e-10)
PASS rel_l2=3.479e-16 rel_max=4.032e-16 (tol 1e-12) L=15 B=32
PASS map-2-step: rel_l2=1.220e-15 (tol 3.0e-14)
PASS rel_l2=3.271e-16 rel_max=3.386e-16 (tol 1e-12) L=15 B=32
PASS map-chain m=600: rel_l2=4.627e-14 (anchor 5.006e-14, tol 1.0e-10)
PASS rel_l2=3.271e-16 rel_max=3.386e-16 (tol 1e-12) L=15 B=32
PASS map-2-step: rel_l2=1.153e-15 (tol 3.0e-14)
PASS rel_l2=3.479e-16 rel_max=4.032e-16 (tol 1e-12) L=15 B=32
PASS map-chain m=600: rel_l2=5.377e-14 (anchor 5.006e-14, tol 1.0e-10)
PASS rel_l2=3.479e-16 rel_max=4.032e-16 (tol 1e-12) L=15 B=32
PASS map-2-step: rel_l2=1.220e-15 (tol 3.0e-14)
PASS rel_l2=3.221e-16 rel_max=4.106e-16 (tol 1e-12) L=15 B=32
PASS map-chain m=600: rel_l2=5.120e-14 (anchor 5.006e-14, tol 1.0e-10)
PASS rel_l2=3.221e-16 rel_max=4.106e-16 (tol 1e-12) L=15 B=32
PASS map-2-step: rel_l2=1.150e-15 (tol 3.0e-14)
PASS rel_l2=3.564e-16 rel_max=4.299e-16 (tol 1e-12) L=15 B=32
PASS map-chain m=600: rel_l2=5.708e-14 (anchor 5.006e-14, tol 1.0e-10)
PASS rel_l2=3.564e-16 rel_max=4.299e-16 (tol 1e-12) L=15 B=32
PASS map-2-step: rel_l2=1.238e-15 (tol 3.0e-14)
PASS rel_l2=3.511e-16 rel_max=4.106e-16 (tol 1e-12) L=15 B=32
PASS map-chain m=600: rel_l2=5.644e-14 (anchor 5.006e-14, tol 1.0e-10)
PASS rel_l2=3.511e-16 rel_max=4.106e-16 (tol 1e-12) L=15 B=32
PASS map-2-step: rel_l2=1.277e-15 (tol 3.0e-14)
PASS rel_l2=5.419e-16 rel_max=5.883e-16 (tol 1e-12) L=20 B=32
PASS map-chain m=256: rel_l2=9.635e-14 (anchor 2.925e-14, tol 1.0e-10)
PASS rel_l2=5.419e-16 rel_max=5.883e-16 (tol 1e-12) L=20 B=32
PASS map-2-step: rel_l2=1.810e-15 (tol 3.0e-14)
PASS rel_l2=2.767e-16 rel_max=3.358e-16 (tol 1e-12) L=20 B=32
PASS map-chain m=256: rel_l2=2.487e-14 (anchor 2.925e-14, tol 1.0e-10)
PASS rel_l2=2.767e-16 rel_max=3.358e-16 (tol 1e-12) L=20 B=32
PASS map-2-step: rel_l2=1.121e-15 (tol 3.0e-14)
PASS rel_l2=2.958e-16 rel_max=3.315e-16 (tol 1e-12) L=20 B=32
PASS map-chain m=256: rel_l2=2.841e-14 (anchor 2.925e-14, tol 1.0e-10)
PASS rel_l2=2.958e-16 rel_max=3.315e-16 (tol 1e-12) L=20 B=32
PASS map-2-step: rel_l2=1.215e-15 (tol 3.0e-14)
PASS rel_l2=2.958e-16 rel_max=3.315e-16 (tol 1e-12) L=20 B=32
PASS map-chain m=256: rel_l2=2.841e-14 (anchor 2.925e-14, tol 1.0e-10)
PASS rel_l2=2.958e-16 rel_max=3.315e-16 (tol 1e-12) L=20 B=32
PASS map-2-step: rel_l2=1.215e-15 (tol 3.0e-14)
PASS rel_l2=3.024e-16 rel_max=3.358e-16 (tol 1e-12) L=20 B=32
PASS map-chain m=256: rel_l2=2.471e-14 (anchor 2.925e-14, tol 1.0e-10)
PASS rel_l2=3.024e-16 rel_max=3.358e-16 (tol 1e-12) L=20 B=32
PASS map-2-step: rel_l2=1.207e-15 (tol 3.0e-14)
PASS rel_l2=3.053e-16 rel_max=3.793e-16 (tol 1e-12) L=20 B=32
PASS map-chain m=256: rel_l2=2.826e-14 (anchor 2.925e-14, tol 1.0e-10)
PASS rel_l2=3.053e-16 rel_max=3.793e-16 (tol 1e-12) L=20 B=32
PASS map-2-step: rel_l2=1.272e-15 (tol 3.0e-14)
PASS rel_l2=3.024e-16 rel_max=3.358e-16 (tol 1e-12) L=20 B=32
PASS map-chain m=256: rel_l2=2.471e-14 (anchor 2.925e-14, tol 1.0e-10)
PASS rel_l2=3.024e-16 rel_max=3.358e-16 (tol 1e-12) L=20 B=32
PASS map-2-step: rel_l2=1.207e-15 (tol 3.0e-14)
PASS rel_l2=3.104e-16 rel_max=3.857e-16 (tol 1e-12) L=20 B=32
PASS map-chain m=256: rel_l2=3.106e-14 (anchor 2.925e-14, tol 1.0e-10)
PASS rel_l2=3.024e-16 rel_max=3.358e-16 (tol 1e-12) L=20 B=32
PASS map-2-step: rel_l2=1.207e-15 (tol 3.0e-14)
PASS rel_l2=3.116e-16 rel_max=3.358e-16 (tol 1e-12) L=20 B=32
PASS map-chain m=256: rel_l2=2.885e-14 (anchor 2.925e-14, tol 1.0e-10)
PASS rel_l2=3.116e-16 rel_max=3.358e-16 (tol 1e-12) L=20 B=32
PASS map-2-step: rel_l2=1.265e-15 (tol 3.0e-14)
PASS rel_l2=5.685e-16 rel_max=6.629e-16 (tol 1e-12) L=20 B=32
PASS map-chain m=256: rel_l2=4.641e-14 (anchor 2.925e-14, tol 1.0e-10)
PASS rel_l2=5.685e-16 rel_max=6.629e-16 (tol 1e-12) L=20 B=32
PASS map-2-step: rel_l2=1.835e-15 (tol 3.0e-14)
PASS rel_l2=3.328e-16 rel_max=3.793e-16 (tol 1e-12) L=20 B=32
PASS map-chain m=256: rel_l2=3.276e-14 (anchor 2.925e-14, tol 1.0e-10)
PASS rel_l2=3.328e-16 rel_max=3.793e-16 (tol 1e-12) L=20 B=32
PASS map-2-step: rel_l2=1.378e-15 (tol 3.0e-14)
PASS rel_l2=3.219e-16 rel_max=4.054e-16 (tol 1e-12) L=20 B=32
PASS map-chain m=256: rel_l2=2.940e-14 (anchor 2.925e-14, tol 1.0e-10)
PASS rel_l2=3.219e-16 rel_max=4.054e-16 (tol 1e-12) L=20 B=32
PASS map-2-step: rel_l2=1.344e-15 (tol 3.0e-14)
PASS rel_l2=3.116e-16 rel_max=3.358e-16 (tol 1e-12) L=20 B=32
PASS map-chain m=256: rel_l2=2.885e-14 (anchor 2.925e-14, tol 1.0e-10)
PASS rel_l2=3.116e-16 rel_max=3.358e-16 (tol 1e-12) L=20 B=32
PASS map-2-step: rel_l2=1.265e-15 (tol 3.0e-14)
PASS rel_l2=3.189e-16 rel_max=3.944e-16 (tol 1e-12) L=20 B=32
PASS map-chain m=256: rel_l2=3.513e-14 (anchor 2.925e-14, tol 1.0e-10)
PASS rel_l2=3.189e-16 rel_max=3.944e-16 (tol 1e-12) L=20 B=32
PASS map-2-step: rel_l2=1.307e-15 (tol 3.0e-14)
PASS rel_l2=3.116e-16 rel_max=3.358e-16 (tol 1e-12) L=20 B=32
PASS map-chain m=256: rel_l2=2.885e-14 (anchor 2.925e-14, tol 1.0e-10)
PASS rel_l2=3.116e-16 rel_max=3.358e-16 (tol 1e-12) L=20 B=32
PASS map-2-step: rel_l2=1.265e-15 (tol 3.0e-14)
PASS rel_l2=3.186e-16 rel_max=3.793e-16 (tol 1e-12) L=20 B=32
PASS map-chain m=256: rel_l2=2.990e-14 (anchor 2.925e-14, tol 1.0e-10)
PASS rel_l2=3.186e-16 rel_max=3.793e-16 (tol 1e-12) L=20 B=32
PASS map-2-step: rel_l2=1.309e-15 (tol 3.0e-14)
PASS rel_l2=3.657e-16 rel_max=5.062e-16 (tol 1e-12) L=20 B=32
PASS map-chain m=256: rel_l2=3.636e-14 (anchor 2.925e-14, tol 1.0e-10)
PASS rel_l2=3.657e-16 rel_max=5.062e-16 (tol 1e-12) L=20 B=32
PASS map-2-step: rel_l2=1.484e-15 (tol 3.0e-14)
PASS rel_l2=3.646e-16 rel_max=3.755e-16 (tol 1e-12) L=20 B=32
PASS map-chain m=256: rel_l2=3.220e-14 (anchor 2.925e-14, tol 1.0e-10)
PASS rel_l2=3.646e-16 rel_max=3.755e-16 (tol 1e-12) L=20 B=32
PASS map-2-step: rel_l2=1.458e-15 (tol 3.0e-14)
PASS rel_l2=7.741e-16 rel_max=8.442e-16 (tol 1e-12) L=25 B=16
PASS map-chain m=256: rel_l2=1.551e-13 (anchor 2.833e-14, tol 1.0e-10)
PASS rel_l2=7.741e-16 rel_max=8.442e-16 (tol 1e-12) L=25 B=16
PASS map-2-step: rel_l2=3.006e-15 (tol 3.0e-14)
PASS rel_l2=3.090e-16 rel_max=3.679e-16 (tol 1e-12) L=25 B=16
PASS map-chain m=256: rel_l2=2.994e-14 (anchor 2.833e-14, tol 1.0e-10)
PASS rel_l2=3.090e-16 rel_max=3.679e-16 (tol 1e-12) L=25 B=16
PASS map-2-step: rel_l2=1.351e-15 (tol 3.0e-14)
PASS rel_l2=3.534e-16 rel_max=4.127e-16 (tol 1e-12) L=25 B=16
PASS map-chain m=256: rel_l2=4.357e-14 (anchor 2.833e-14, tol 1.0e-10)
PASS rel_l2=3.534e-16 rel_max=4.127e-16 (tol 1e-12) L=25 B=16
PASS map-2-step: rel_l2=1.453e-15 (tol 3.0e-14)
PASS rel_l2=3.534e-16 rel_max=4.127e-16 (tol 1e-12) L=25 B=16
PASS map-chain m=256: rel_l2=4.357e-14 (anchor 2.833e-14, tol 1.0e-10)
PASS rel_l2=3.534e-16 rel_max=4.127e-16 (tol 1e-12) L=25 B=16
PASS map-2-step: rel_l2=1.453e-15 (tol 3.0e-14)
PASS rel_l2=3.699e-16 rel_max=4.511e-16 (tol 1e-12) L=25 B=16
PASS map-chain m=256: rel_l2=4.119e-14 (anchor 2.833e-14, tol 1.0e-10)
PASS rel_l2=3.699e-16 rel_max=4.511e-16 (tol 1e-12) L=25 B=16
PASS map-2-step: rel_l2=1.552e-15 (tol 3.0e-14)
PASS rel_l2=3.927e-16 rel_max=5.952e-16 (tol 1e-12) L=25 B=16
PASS map-chain m=256: rel_l2=3.442e-14 (anchor 2.833e-14, tol 1.0e-10)
PASS rel_l2=3.927e-16 rel_max=5.952e-16 (tol 1e-12) L=25 B=16
PASS map-2-step: rel_l2=1.623e-15 (tol 3.0e-14)
PASS rel_l2=3.769e-16 rel_max=4.127e-16 (tol 1e-12) L=25 B=16
PASS map-chain m=256: rel_l2=3.648e-14 (anchor 2.833e-14, tol 1.0e-10)
PASS rel_l2=3.699e-16 rel_max=4.511e-16 (tol 1e-12) L=25 B=16
PASS map-2-step: rel_l2=1.552e-15 (tol 3.0e-14)
PASS rel_l2=3.774e-16 rel_max=3.912e-16 (tol 1e-12) L=25 B=16
PASS map-chain m=256: rel_l2=3.557e-14 (anchor 2.833e-14, tol 1.0e-10)
PASS rel_l2=3.699e-16 rel_max=4.511e-16 (tol 1e-12) L=25 B=16
PASS map-2-step: rel_l2=1.552e-15 (tol 3.0e-14)
PASS rel_l2=6.181e-16 rel_max=7.402e-16 (tol 1e-12) L=25 B=16
PASS map-chain m=256: rel_l2=5.563e-14 (anchor 2.833e-14, tol 1.0e-10)
PASS rel_l2=6.181e-16 rel_max=7.402e-16 (tol 1e-12) L=25 B=16
PASS map-2-step: rel_l2=2.167e-15 (tol 3.0e-14)
PASS rel_l2=3.859e-16 rel_max=4.601e-16 (tol 1e-12) L=25 B=16
PASS map-chain m=256: rel_l2=4.148e-14 (anchor 2.833e-14, tol 1.0e-10)
PASS rel_l2=3.859e-16 rel_max=4.601e-16 (tol 1e-12) L=25 B=16
PASS map-2-step: rel_l2=1.542e-15 (tol 3.0e-14)
PASS rel_l2=3.705e-16 rel_max=4.260e-16 (tol 1e-12) L=25 B=16
PASS map-chain m=256: rel_l2=4.143e-14 (anchor 2.833e-14, tol 1.0e-10)
PASS rel_l2=3.705e-16 rel_max=4.260e-16 (tol 1e-12) L=25 B=16
PASS map-2-step: rel_l2=1.542e-15 (tol 3.0e-14)
PASS rel_l2=3.602e-16 rel_max=4.319e-16 (tol 1e-12) L=25 B=16
PASS map-chain m=256: rel_l2=3.620e-14 (anchor 2.833e-14, tol 1.0e-10)
PASS rel_l2=3.602e-16 rel_max=4.319e-16 (tol 1e-12) L=25 B=16
PASS map-2-step: rel_l2=1.544e-15 (tol 3.0e-14)
PASS rel_l2=3.602e-16 rel_max=4.319e-16 (tol 1e-12) L=25 B=16
PASS map-chain m=256: rel_l2=3.620e-14 (anchor 2.833e-14, tol 1.0e-10)
PASS rel_l2=3.602e-16 rel_max=4.319e-16 (tol 1e-12) L=25 B=16
PASS map-2-step: rel_l2=1.544e-15 (tol 3.0e-14)
PASS rel_l2=3.700e-16 rel_max=4.095e-16 (tol 1e-12) L=25 B=16
PASS map-chain m=256: rel_l2=4.691e-14 (anchor 2.833e-14, tol 1.0e-10)
PASS rel_l2=3.700e-16 rel_max=4.095e-16 (tol 1e-12) L=25 B=16
PASS map-2-step: rel_l2=1.526e-15 (tol 3.0e-14)
PASS rel_l2=4.124e-16 rel_max=4.430e-16 (tol 1e-12) L=25 B=16
PASS map-chain m=256: rel_l2=3.836e-14 (anchor 2.833e-14, tol 1.0e-10)
PASS rel_l2=4.124e-16 rel_max=4.430e-16 (tol 1e-12) L=25 B=16
PASS map-2-step: rel_l2=1.813e-15 (tol 3.0e-14)
PASS rel_l2=4.123e-16 rel_max=4.669e-16 (tol 1e-12) L=25 B=16
PASS map-chain m=256: rel_l2=3.768e-14 (anchor 2.833e-14, tol 1.0e-10)
PASS rel_l2=4.123e-16 rel_max=4.669e-16 (tol 1e-12) L=25 B=16
PASS map-2-step: rel_l2=1.755e-15 (tol 3.0e-14)
PASS rel_l2=7.892e-16 rel_max=8.012e-16 (tol 1e-12) L=27 B=16
PASS map-chain m=200: rel_l2=1.261e-13 (anchor 5.621e-14, tol 1.0e-10)
PASS rel_l2=7.892e-16 rel_max=8.012e-16 (tol 1e-12) L=27 B=16
PASS map-2-step: rel_l2=3.142e-15 (tol 3.0e-14)
PASS rel_l2=3.219e-16 rel_max=3.771e-16 (tol 1e-12) L=27 B=16
PASS map-chain m=200: rel_l2=8.128e-14 (anchor 5.621e-14, tol 1.0e-10)
PASS rel_l2=3.219e-16 rel_max=3.771e-16 (tol 1e-12) L=27 B=16
PASS map-2-step: rel_l2=1.478e-15 (tol 3.0e-14)
PASS rel_l2=3.758e-16 rel_max=4.522e-16 (tol 1e-12) L=27 B=16
PASS map-chain m=200: rel_l2=8.044e-14 (anchor 5.621e-14, tol 1.0e-10)
PASS rel_l2=3.758e-16 rel_max=4.522e-16 (tol 1e-12) L=27 B=16
PASS map-2-step: rel_l2=1.634e-15 (tol 3.0e-14)
PASS rel_l2=3.758e-16 rel_max=4.522e-16 (tol 1e-12) L=27 B=16
PASS map-chain m=200: rel_l2=8.044e-14 (anchor 5.621e-14, tol 1.0e-10)
PASS rel_l2=3.758e-16 rel_max=4.522e-16 (tol 1e-12) L=27 B=16
PASS map-2-step: rel_l2=1.634e-15 (tol 3.0e-14)
PASS rel_l2=3.610e-16 rel_max=4.132e-16 (tol 1e-12) L=27 B=16
PASS map-chain m=200: rel_l2=5.840e-14 (anchor 5.621e-14, tol 1.0e-10)
PASS rel_l2=3.610e-16 rel_max=4.132e-16 (tol 1e-12) L=27 B=16
PASS map-2-step: rel_l2=1.670e-15 (tol 3.0e-14)
PASS rel_l2=3.622e-16 rel_max=4.059e-16 (tol 1e-12) L=27 B=16
PASS map-chain m=200: rel_l2=5.073e-14 (anchor 5.621e-14, tol 1.0e-10)
PASS rel_l2=3.622e-16 rel_max=4.059e-16 (tol 1e-12) L=27 B=16
PASS map-2-step: rel_l2=1.644e-15 (tol 3.0e-14)
PASS rel_l2=3.627e-16 rel_max=4.213e-16 (tol 1e-12) L=27 B=16
PASS map-chain m=200: rel_l2=6.999e-14 (anchor 5.621e-14, tol 1.0e-10)
PASS rel_l2=3.627e-16 rel_max=4.213e-16 (tol 1e-12) L=27 B=16
PASS map-2-step: rel_l2=1.646e-15 (tol 3.0e-14)
PASS rel_l2=3.734e-16 rel_max=4.006e-16 (tol 1e-12) L=27 B=16
PASS map-chain m=200: rel_l2=4.289e-14 (anchor 5.621e-14, tol 1.0e-10)
PASS rel_l2=3.734e-16 rel_max=4.006e-16 (tol 1e-12) L=27 B=16
PASS map-2-step: rel_l2=1.734e-15 (tol 3.0e-14)
PASS rel_l2=5.506e-16 rel_max=5.359e-16 (tol 1e-12) L=27 B=16
PASS map-chain m=200: rel_l2=4.769e-14 (anchor 5.621e-14, tol 1.0e-10)
PASS rel_l2=5.506e-16 rel_max=5.359e-16 (tol 1e-12) L=27 B=16
PASS map-2-step: rel_l2=2.496e-15 (tol 3.0e-14)
PASS rel_l2=4.126e-16 rel_max=5.056e-16 (tol 1e-12) L=27 B=16
PASS map-chain m=200: rel_l2=4.968e-14 (anchor 5.621e-14, tol 1.0e-10)
PASS rel_l2=4.126e-16 rel_max=5.056e-16 (tol 1e-12) L=27 B=16
PASS map-2-step: rel_l2=1.787e-15 (tol 3.0e-14)
PASS rel_l2=4.001e-16 rel_max=4.523e-16 (tol 1e-12) L=27 B=16
PASS map-chain m=200: rel_l2=3.918e-14 (anchor 5.621e-14, tol 1.0e-10)
PASS rel_l2=4.001e-16 rel_max=4.523e-16 (tol 1e-12) L=27 B=16
PASS map-2-step: rel_l2=1.702e-15 (tol 3.0e-14)
PASS rel_l2=3.728e-16 rel_max=4.059e-16 (tol 1e-12) L=27 B=16
PASS map-chain m=200: rel_l2=3.509e-14 (anchor 5.621e-14, tol 1.0e-10)
PASS rel_l2=3.728e-16 rel_max=4.059e-16 (tol 1e-12) L=27 B=16
PASS map-2-step: rel_l2=1.716e-15 (tol 3.0e-14)
PASS rel_l2=3.728e-16 rel_max=4.059e-16 (tol 1e-12) L=27 B=16
PASS map-chain m=200: rel_l2=3.509e-14 (anchor 5.621e-14, tol 1.0e-10)
PASS rel_l2=3.728e-16 rel_max=4.059e-16 (tol 1e-12) L=27 B=16
PASS map-2-step: rel_l2=1.716e-15 (tol 3.0e-14)
PASS rel_l2=3.886e-16 rel_max=4.522e-16 (tol 1e-12) L=27 B=16
PASS map-chain m=200: rel_l2=4.929e-14 (anchor 5.621e-14, tol 1.0e-10)
PASS rel_l2=3.886e-16 rel_max=4.522e-16 (tol 1e-12) L=27 B=16
PASS map-2-step: rel_l2=1.711e-15 (tol 3.0e-14)
PASS rel_l2=3.717e-16 rel_max=4.557e-16 (tol 1e-12) L=27 B=16
PASS map-chain m=200: rel_l2=6.787e-14 (anchor 5.621e-14, tol 1.0e-10)
PASS rel_l2=3.717e-16 rel_max=4.557e-16 (tol 1e-12) L=27 B=16
PASS map-2-step: rel_l2=1.637e-15 (tol 3.0e-14)
PASS rel_l2=3.717e-16 rel_max=4.557e-16 (tol 1e-12) L=27 B=16
PASS map-chain m=200: rel_l2=6.787e-14 (anchor 5.621e-14, tol 1.0e-10)
PASS rel_l2=3.717e-16 rel_max=4.557e-16 (tol 1e-12) L=27 B=16
PASS map-2-step: rel_l2=1.637e-15 (tol 3.0e-14)
PASS rel_l2=8.127e-16 rel_max=8.473e-16 (tol 1e-12) L=31 B=16
PASS map-chain m=140: rel_l2=8.188e-14 (anchor 3.173e-14, tol 1.0e-10)
PASS rel_l2=8.127e-16 rel_max=8.473e-16 (tol 1e-12) L=31 B=16
PASS map-2-step: rel_l2=3.222e-15 (tol 3.0e-14)
PASS rel_l2=3.204e-16 rel_max=3.911e-16 (tol 1e-12) L=31 B=16
PASS map-chain m=140: rel_l2=3.295e-14 (anchor 3.173e-14, tol 1.0e-10)
PASS rel_l2=3.204e-16 rel_max=3.911e-16 (tol 1e-12) L=31 B=16
PASS map-2-step: rel_l2=1.430e-15 (tol 3.0e-14)
PASS rel_l2=4.489e-16 rel_max=4.852e-16 (tol 1e-12) L=31 B=16
PASS map-chain m=140: rel_l2=3.915e-14 (anchor 3.173e-14, tol 1.0e-10)
PASS rel_l2=4.489e-16 rel_max=4.852e-16 (tol 1e-12) L=31 B=16
PASS map-2-step: rel_l2=2.104e-15 (tol 3.0e-14)
PASS rel_l2=4.489e-16 rel_max=4.852e-16 (tol 1e-12) L=31 B=16
PASS map-chain m=140: rel_l2=3.915e-14 (anchor 3.173e-14, tol 1.0e-10)
PASS rel_l2=4.489e-16 rel_max=4.852e-16 (tol 1e-12) L=31 B=16
PASS map-2-step: rel_l2=2.104e-15 (tol 3.0e-14)
PASS rel_l2=3.914e-16 rel_max=4.823e-16 (tol 1e-12) L=31 B=16
PASS map-chain m=140: rel_l2=3.991e-14 (anchor 3.173e-14, tol 1.0e-10)
PASS rel_l2=3.914e-16 rel_max=4.823e-16 (tol 1e-12) L=31 B=16
PASS map-2-step: rel_l2=1.714e-15 (tol 3.0e-14)
PASS rel_l2=3.914e-16 rel_max=4.823e-16 (tol 1e-12) L=31 B=16
PASS map-chain m=140: rel_l2=3.991e-14 (anchor 3.173e-14, tol 1.0e-10)
PASS rel_l2=3.914e-16 rel_max=4.823e-16 (tol 1e-12) L=31 B=16
PASS map-2-step: rel_l2=1.714e-15 (tol 3.0e-14)
PASS rel_l2=3.914e-16 rel_max=4.823e-16 (tol 1e-12) L=31 B=16
PASS map-chain m=140: rel_l2=3.991e-14 (anchor 3.173e-14, tol 1.0e-10)
PASS rel_l2=3.914e-16 rel_max=4.823e-16 (tol 1e-12) L=31 B=16
PASS map-2-step: rel_l2=1.714e-15 (tol 3.0e-14)
PASS rel_l2=3.914e-16 rel_max=4.823e-16 (tol 1e-12) L=31 B=16
PASS map-chain m=140: rel_l2=3.991e-14 (anchor 3.173e-14, tol 1.0e-10)
PASS rel_l2=3.914e-16 rel_max=4.823e-16 (tol 1e-12) L=31 B=16
PASS map-2-step: rel_l2=1.714e-15 (tol 3.0e-14)
PASS rel_l2=5.636e-16 rel_max=5.451e-16 (tol 1e-12) L=31 B=16
PASS map-chain m=140: rel_l2=4.657e-14 (anchor 3.173e-14, tol 1.0e-10)
PASS rel_l2=5.636e-16 rel_max=5.451e-16 (tol 1e-12) L=31 B=16
PASS map-2-step: rel_l2=2.462e-15 (tol 3.0e-14)
PASS rel_l2=3.907e-16 rel_max=4.381e-16 (tol 1e-12) L=31 B=16
PASS map-chain m=140: rel_l2=2.928e-14 (anchor 3.173e-14, tol 1.0e-10)
PASS rel_l2=3.907e-16 rel_max=4.381e-16 (tol 1e-12) L=31 B=16
PASS map-2-step: rel_l2=1.694e-15 (tol 3.0e-14)
PASS rel_l2=4.021e-16 rel_max=4.852e-16 (tol 1e-12) L=31 B=16
PASS map-chain m=140: rel_l2=3.362e-14 (anchor 3.173e-14, tol 1.0e-10)
PASS rel_l2=4.021e-16 rel_max=4.852e-16 (tol 1e-12) L=31 B=16
PASS map-2-step: rel_l2=1.772e-15 (tol 3.0e-14)
PASS rel_l2=4.018e-16 rel_max=4.071e-16 (tol 1e-12) L=31 B=16
PASS map-chain m=140: rel_l2=3.321e-14 (anchor 3.173e-14, tol 1.0e-10)
PASS rel_l2=4.018e-16 rel_max=4.071e-16 (tol 1e-12) L=31 B=16
PASS map-2-step: rel_l2=1.788e-15 (tol 3.0e-14)
PASS rel_l2=4.058e-16 rel_max=4.815e-16 (tol 1e-12) L=31 B=16
PASS map-chain m=140: rel_l2=4.025e-14 (anchor 3.173e-14, tol 1.0e-10)
PASS rel_l2=4.058e-16 rel_max=4.815e-16 (tol 1e-12) L=31 B=16
PASS map-2-step: rel_l2=1.824e-15 (tol 3.0e-14)
PASS rel_l2=4.058e-16 rel_max=4.815e-16 (tol 1e-12) L=31 B=16
PASS map-chain m=140: rel_l2=4.025e-14 (anchor 3.173e-14, tol 1.0e-10)
PASS rel_l2=4.058e-16 rel_max=4.815e-16 (tol 1e-12) L=31 B=16
PASS map-2-step: rel_l2=1.824e-15 (tol 3.0e-14)
PASS rel_l2=4.018e-16 rel_max=4.071e-16 (tol 1e-12) L=31 B=16
PASS map-chain m=140: rel_l2=3.376e-14 (anchor 3.173e-14, tol 1.0e-10)
PASS rel_l2=4.018e-16 rel_max=4.071e-16 (tol 1e-12) L=31 B=16
PASS map-2-step: rel_l2=1.777e-15 (tol 3.0e-14)
PASS rel_l2=4.223e-16 rel_max=4.814e-16 (tol 1e-12) L=31 B=16
PASS map-chain m=140: rel_l2=3.630e-14 (anchor 3.173e-14, tol 1.0e-10)
PASS rel_l2=4.223e-16 rel_max=4.814e-16 (tol 1e-12) L=31 B=16
PASS map-2-step: rel_l2=1.902e-15 (tol 3.0e-14)
PASS rel_l2=4.223e-16 rel_max=4.814e-16 (tol 1e-12) L=31 B=16
PASS map-chain m=140: rel_l2=3.630e-14 (anchor 3.173e-14, tol 1.0e-10)
PASS rel_l2=4.223e-16 rel_max=4.814e-16 (tol 1e-12) L=31 B=16
PASS map-2-step: rel_l2=1.902e-15 (tol 3.0e-14)
PASS rel_l2=6.757e-16 rel_max=8.330e-16 (tol 1e-12) L=32 B=8
PASS map-chain m=250: rel_l2=1.218e-13 (anchor 0.000e+00, tol 1.0e-10)
PASS rel_l2=6.757e-16 rel_max=8.330e-16 (tol 1e-12) L=32 B=8
PASS map-2-step: rel_l2=2.640e-15 (tol 3.0e-14)
PASS rel_l2=2.484e-16 rel_max=3.358e-16 (tol 1e-12) L=32 B=8
PASS map-chain m=250: rel_l2=2.313e-14 (anchor 0.000e+00, tol 1.0e-10)
PASS rel_l2=2.484e-16 rel_max=3.358e-16 (tol 1e-12) L=32 B=8
PASS map-2-step: rel_l2=1.171e-15 (tol 3.0e-14)
PASS rel_l2=2.903e-16 rel_max=3.965e-16 (tol 1e-12) L=32 B=8
PASS map-chain m=250: rel_l2=3.024e-14 (anchor 0.000e+00, tol 1.0e-10)
PASS rel_l2=2.903e-16 rel_max=3.965e-16 (tol 1e-12) L=32 B=8
PASS map-2-step: rel_l2=1.349e-15 (tol 3.0e-14)
PASS rel_l2=2.903e-16 rel_max=3.965e-16 (tol 1e-12) L=32 B=8
PASS map-chain m=250: rel_l2=3.024e-14 (anchor 0.000e+00, tol 1.0e-10)
PASS rel_l2=2.903e-16 rel_max=3.965e-16 (tol 1e-12) L=32 B=8
PASS map-2-step: rel_l2=1.349e-15 (tol 3.0e-14)
PASS rel_l2=3.006e-16 rel_max=3.840e-16 (tol 1e-12) L=32 B=8
PASS map-chain m=250: rel_l2=3.024e-14 (anchor 0.000e+00, tol 1.0e-10)
PASS rel_l2=3.006e-16 rel_max=3.840e-16 (tol 1e-12) L=32 B=8
PASS map-2-step: rel_l2=1.324e-15 (tol 3.0e-14)
PASS rel_l2=2.852e-16 rel_max=3.725e-16 (tol 1e-12) L=32 B=8
PASS map-chain m=250: rel_l2=2.803e-14 (anchor 0.000e+00, tol 1.0e-10)
PASS rel_l2=2.852e-16 rel_max=3.725e-16 (tol 1e-12) L=32 B=8
PASS map-2-step: rel_l2=1.322e-15 (tol 3.0e-14)
PASS rel_l2=3.052e-16 rel_max=3.546e-16 (tol 1e-12) L=32 B=8
PASS map-chain m=250: rel_l2=3.197e-14 (anchor 0.000e+00, tol 1.0e-10)
PASS rel_l2=3.100e-16 rel_max=3.546e-16 (tol 1e-12) L=32 B=8
PASS map-2-step: rel_l2=1.400e-15 (tol 3.0e-14)
PASS rel_l2=3.105e-16 rel_max=3.951e-16 (tol 1e-12) L=32 B=8
PASS map-chain m=250: rel_l2=3.515e-14 (anchor 0.000e+00, tol 1.0e-10)
PASS rel_l2=3.105e-16 rel_max=3.951e-16 (tol 1e-12) L=32 B=8
PASS map-2-step: rel_l2=1.414e-15 (tol 3.0e-14)
PASS rel_l2=4.690e-16 rel_max=5.612e-16 (tol 1e-12) L=32 B=8
PASS map-chain m=250: rel_l2=4.491e-14 (anchor 0.000e+00, tol 1.0e-10)
PASS rel_l2=4.690e-16 rel_max=5.612e-16 (tol 1e-12) L=32 B=8
PASS map-2-step: rel_l2=2.133e-15 (tol 3.0e-14)
PASS rel_l2=3.289e-16 rel_max=4.165e-16 (tol 1e-12) L=32 B=8
PASS map-chain m=250: rel_l2=3.779e-14 (anchor 0.000e+00, tol 1.0e-10)
PASS rel_l2=3.289e-16 rel_max=4.165e-16 (tol 1e-12) L=32 B=8
PASS map-2-step: rel_l2=1.503e-15 (tol 3.0e-14)
PASS rel_l2=3.247e-16 rel_max=4.749e-16 (tol 1e-12) L=32 B=8
PASS map-chain m=250: rel_l2=4.117e-14 (anchor 0.000e+00, tol 1.0e-10)
PASS rel_l2=3.247e-16 rel_max=4.749e-16 (tol 1e-12) L=32 B=8
PASS map-2-step: rel_l2=1.524e-15 (tol 3.0e-14)
PASS rel_l2=2.902e-16 rel_max=3.725e-16 (tol 1e-12) L=32 B=8
PASS map-chain m=250: rel_l2=3.089e-14 (anchor 0.000e+00, tol 1.0e-10)
PASS rel_l2=2.902e-16 rel_max=3.725e-16 (tol 1e-12) L=32 B=8
PASS map-2-step: rel_l2=1.373e-15 (tol 3.0e-14)
PASS rel_l2=2.902e-16 rel_max=3.725e-16 (tol 1e-12) L=32 B=8
PASS map-chain m=250: rel_l2=3.089e-14 (anchor 0.000e+00, tol 1.0e-10)
PASS rel_l2=2.902e-16 rel_max=3.725e-16 (tol 1e-12) L=32 B=8
PASS map-2-step: rel_l2=1.373e-15 (tol 3.0e-14)
PASS rel_l2=3.298e-16 rel_max=4.006e-16 (tol 1e-12) L=32 B=8
PASS map-chain m=250: rel_l2=4.082e-14 (anchor 0.000e+00, tol 1.0e-10)
PASS rel_l2=3.298e-16 rel_max=4.006e-16 (tol 1e-12) L=32 B=8
PASS map-2-step: rel_l2=1.545e-15 (tol 3.0e-14)
PASS rel_l2=2.916e-16 rel_max=4.116e-16 (tol 1e-12) L=32 B=8
PASS map-chain m=250: rel_l2=2.920e-14 (anchor 0.000e+00, tol 1.0e-10)
PASS rel_l2=2.916e-16 rel_max=4.116e-16 (tol 1e-12) L=32 B=8
PASS map-2-step: rel_l2=1.351e-15 (tol 3.0e-14)
PASS rel_l2=2.905e-16 rel_max=3.965e-16 (tol 1e-12) L=32 B=8
PASS map-chain m=250: rel_l2=2.931e-14 (anchor 0.000e+00, tol 1.0e-10)
PASS rel_l2=2.905e-16 rel_max=3.965e-16 (tol 1e-12) L=32 B=8
PASS map-2-step: rel_l2=1.326e-15 (tol 3.0e-14)
PASS rel_l2=6.387e-16 rel_max=7.231e-16 (tol 1e-12) L=40 B=8
PASS map-chain m=128: rel_l2=6.644e-14 (anchor 2.521e-14, tol 1.0e-10)
PASS rel_l2=6.387e-16 rel_max=7.231e-16 (tol 1e-12) L=40 B=8
PASS map-2-step: rel_l2=2.530e-15 (tol 3.0e-14)
PASS rel_l2=3.115e-16 rel_max=3.785e-16 (tol 1e-12) L=40 B=8
PASS map-chain m=128: rel_l2=1.884e-14 (anchor 2.521e-14, tol 1.0e-10)
PASS rel_l2=3.115e-16 rel_max=3.785e-16 (tol 1e-12) L=40 B=8
PASS map-2-step: rel_l2=1.478e-15 (tol 3.0e-14)
PASS rel_l2=3.608e-16 rel_max=3.884e-16 (tol 1e-12) L=40 B=8
PASS map-chain m=128: rel_l2=2.696e-14 (anchor 2.521e-14, tol 1.0e-10)
PASS rel_l2=3.608e-16 rel_max=3.884e-16 (tol 1e-12) L=40 B=8
PASS map-2-step: rel_l2=1.734e-15 (tol 3.0e-14)
PASS rel_l2=3.608e-16 rel_max=3.884e-16 (tol 1e-12) L=40 B=8
PASS map-chain m=128: rel_l2=2.696e-14 (anchor 2.521e-14, tol 1.0e-10)
PASS rel_l2=3.608e-16 rel_max=3.884e-16 (tol 1e-12) L=40 B=8
PASS map-2-step: rel_l2=1.734e-15 (tol 3.0e-14)
PASS rel_l2=3.595e-16 rel_max=5.083e-16 (tol 1e-12) L=40 B=8
PASS map-chain m=128: rel_l2=2.151e-14 (anchor 2.521e-14, tol 1.0e-10)
PASS rel_l2=3.595e-16 rel_max=5.083e-16 (tol 1e-12) L=40 B=8
PASS map-2-step: rel_l2=1.648e-15 (tol 3.0e-14)
PASS rel_l2=3.696e-16 rel_max=3.992e-16 (tol 1e-12) L=40 B=8
PASS map-chain m=128: rel_l2=2.173e-14 (anchor 2.521e-14, tol 1.0e-10)
PASS rel_l2=3.701e-16 rel_max=4.232e-16 (tol 1e-12) L=40 B=8
PASS map-2-step: rel_l2=1.810e-15 (tol 3.0e-14)
PASS rel_l2=3.514e-16 rel_max=4.233e-16 (tol 1e-12) L=40 B=8
PASS map-chain m=128: rel_l2=2.113e-14 (anchor 2.521e-14, tol 1.0e-10)
PASS rel_l2=3.548e-16 rel_max=4.499e-16 (tol 1e-12) L=40 B=8
PASS map-2-step: rel_l2=1.685e-15 (tol 3.0e-14)
PASS rel_l2=3.542e-16 rel_max=4.558e-16 (tol 1e-12) L=40 B=8
PASS map-chain m=128: rel_l2=2.542e-14 (anchor 2.521e-14, tol 1.0e-10)
PASS rel_l2=3.496e-16 rel_max=3.785e-16 (tol 1e-12) L=40 B=8
PASS map-2-step: rel_l2=1.678e-15 (tol 3.0e-14)
PASS rel_l2=5.559e-16 rel_max=5.658e-16 (tol 1e-12) L=40 B=8
PASS map-chain m=128: rel_l2=3.576e-14 (anchor 2.521e-14, tol 1.0e-10)
PASS rel_l2=5.559e-16 rel_max=5.658e-16 (tol 1e-12) L=40 B=8
PASS map-2-step: rel_l2=2.692e-15 (tol 3.0e-14)
PASS rel_l2=3.623e-16 rel_max=3.717e-16 (tol 1e-12) L=40 B=8
PASS map-chain m=128: rel_l2=2.177e-14 (anchor 2.521e-14, tol 1.0e-10)
PASS rel_l2=3.623e-16 rel_max=3.717e-16 (tol 1e-12) L=40 B=8
PASS map-2-step: rel_l2=1.726e-15 (tol 3.0e-14)
PASS rel_l2=3.589e-16 rel_max=4.316e-16 (tol 1e-12) L=40 B=8
PASS map-chain m=128: rel_l2=2.260e-14 (anchor 2.521e-14, tol 1.0e-10)
PASS rel_l2=3.589e-16 rel_max=4.316e-16 (tol 1e-12) L=40 B=8
PASS map-2-step: rel_l2=1.750e-15 (tol 3.0e-14)
PASS rel_l2=3.827e-16 rel_max=4.316e-16 (tol 1e-12) L=40 B=8
PASS map-chain m=128: rel_l2=2.306e-14 (anchor 2.521e-14, tol 1.0e-10)
PASS rel_l2=3.827e-16 rel_max=4.316e-16 (tol 1e-12) L=40 B=8
PASS map-2-step: rel_l2=1.790e-15 (tol 3.0e-14)
PASS rel_l2=3.589e-16 rel_max=4.316e-16 (tol 1e-12) L=40 B=8
PASS map-chain m=128: rel_l2=2.260e-14 (anchor 2.521e-14, tol 1.0e-10)
PASS rel_l2=3.589e-16 rel_max=4.316e-16 (tol 1e-12) L=40 B=8
PASS map-2-step: rel_l2=1.750e-15 (tol 3.0e-14)
PASS rel_l2=3.760e-16 rel_max=3.767e-16 (tol 1e-12) L=40 B=8
PASS map-chain m=128: rel_l2=3.974e-14 (anchor 2.521e-14, tol 1.0e-10)
PASS rel_l2=3.760e-16 rel_max=3.767e-16 (tol 1e-12) L=40 B=8
PASS map-2-step: rel_l2=1.802e-15 (tol 3.0e-14)
PASS rel_l2=5.054e-16 rel_max=5.985e-16 (tol 1e-12) L=40 B=8
PASS map-chain m=128: rel_l2=4.007e-14 (anchor 2.521e-14, tol 1.0e-10)
PASS rel_l2=5.054e-16 rel_max=5.985e-16 (tol 1e-12) L=40 B=8
PASS map-2-step: rel_l2=2.139e-15 (tol 3.0e-14)
PASS rel_l2=4.200e-16 rel_max=4.418e-16 (tol 1e-12) L=40 B=8
PASS map-chain m=128: rel_l2=2.847e-14 (anchor 2.521e-14, tol 1.0e-10)
PASS rel_l2=4.200e-16 rel_max=4.418e-16 (tol 1e-12) L=40 B=8
PASS map-2-step: rel_l2=2.052e-15 (tol 3.0e-14)
PASS rel_l2=8.630e-16 rel_max=7.592e-16 (tol 1e-12) L=50 B=4
PASS map-chain m=128: rel_l2=8.081e-14 (anchor 2.535e-14, tol 1.0e-10)
PASS rel_l2=8.630e-16 rel_max=7.592e-16 (tol 1e-12) L=50 B=4
PASS map-2-step: rel_l2=4.023e-15 (tol 3.0e-14)
PASS rel_l2=3.527e-16 rel_max=3.525e-16 (tol 1e-12) L=50 B=4
PASS map-chain m=128: rel_l2=2.812e-14 (anchor 2.535e-14, tol 1.0e-10)
PASS rel_l2=3.527e-16 rel_max=3.525e-16 (tol 1e-12) L=50 B=4
PASS map-2-step: rel_l2=2.098e-15 (tol 3.0e-14)
PASS rel_l2=4.315e-16 rel_max=4.587e-16 (tol 1e-12) L=50 B=4
PASS map-chain m=128: rel_l2=3.078e-14 (anchor 2.535e-14, tol 1.0e-10)
PASS rel_l2=4.315e-16 rel_max=4.587e-16 (tol 1e-12) L=50 B=4
PASS map-2-step: rel_l2=2.364e-15 (tol 3.0e-14)
PASS rel_l2=4.491e-16 rel_max=4.850e-16 (tol 1e-12) L=50 B=4
PASS map-chain m=128: rel_l2=3.271e-14 (anchor 2.535e-14, tol 1.0e-10)
PASS rel_l2=4.491e-16 rel_max=4.850e-16 (tol 1e-12) L=50 B=4
PASS map-2-step: rel_l2=2.320e-15 (tol 3.0e-14)
PASS rel_l2=4.459e-16 rel_max=4.665e-16 (tol 1e-12) L=50 B=4
PASS map-chain m=128: rel_l2=3.403e-14 (anchor 2.535e-14, tol 1.0e-10)
PASS rel_l2=4.324e-16 rel_max=4.850e-16 (tol 1e-12) L=50 B=4
PASS map-2-step: rel_l2=2.347e-15 (tol 3.0e-14)
PASS rel_l2=4.374e-16 rel_max=4.601e-16 (tol 1e-12) L=50 B=4
PASS map-chain m=128: rel_l2=3.235e-14 (anchor 2.535e-14, tol 1.0e-10)
PASS rel_l2=4.374e-16 rel_max=5.423e-16 (tol 1e-12) L=50 B=4
PASS map-2-step: rel_l2=2.543e-15 (tol 3.0e-14)
PASS rel_l2=4.376e-16 rel_max=4.414e-16 (tol 1e-12) L=50 B=4
PASS map-chain m=128: rel_l2=3.286e-14 (anchor 2.535e-14, tol 1.0e-10)
PASS rel_l2=4.387e-16 rel_max=4.414e-16 (tol 1e-12) L=50 B=4
PASS map-2-step: rel_l2=2.471e-15 (tol 3.0e-14)
PASS rel_l2=4.985e-16 rel_max=4.850e-16 (tol 1e-12) L=50 B=4
PASS map-chain m=128: rel_l2=3.591e-14 (anchor 2.535e-14, tol 1.0e-10)
PASS rel_l2=4.985e-16 rel_max=4.850e-16 (tol 1e-12) L=50 B=4
PASS map-2-step: rel_l2=2.459e-15 (tol 3.0e-14)
PASS rel_l2=6.149e-16 rel_max=6.859e-16 (tol 1e-12) L=50 B=4
PASS map-chain m=128: rel_l2=5.019e-14 (anchor 2.535e-14, tol 1.0e-10)
PASS rel_l2=6.149e-16 rel_max=6.859e-16 (tol 1e-12) L=50 B=4
PASS map-2-step: rel_l2=3.158e-15 (tol 3.0e-14)
PASS rel_l2=4.417e-16 rel_max=4.414e-16 (tol 1e-12) L=50 B=4
PASS map-chain m=128: rel_l2=3.589e-14 (anchor 2.535e-14, tol 1.0e-10)
PASS rel_l2=4.417e-16 rel_max=4.414e-16 (tol 1e-12) L=50 B=4
PASS map-2-step: rel_l2=2.454e-15 (tol 3.0e-14)
PASS rel_l2=4.343e-16 rel_max=4.003e-16 (tol 1e-12) L=50 B=4
PASS map-chain m=128: rel_l2=3.513e-14 (anchor 2.535e-14, tol 1.0e-10)
PASS rel_l2=4.343e-16 rel_max=4.003e-16 (tol 1e-12) L=50 B=4
PASS map-2-step: rel_l2=2.481e-15 (tol 3.0e-14)
PASS rel_l2=4.985e-16 rel_max=5.764e-16 (tol 1e-12) L=50 B=4
PASS map-chain m=128: rel_l2=3.170e-14 (anchor 2.535e-14, tol 1.0e-10)
PASS rel_l2=4.985e-16 rel_max=5.764e-16 (tol 1e-12) L=50 B=4
PASS map-2-step: rel_l2=2.436e-15 (tol 3.0e-14)
PASS rel_l2=4.625e-16 rel_max=5.116e-16 (tol 1e-12) L=50 B=4
PASS map-chain m=128: rel_l2=3.187e-14 (anchor 2.535e-14, tol 1.0e-10)
PASS rel_l2=4.625e-16 rel_max=5.116e-16 (tol 1e-12) L=50 B=4
PASS map-2-step: rel_l2=2.399e-15 (tol 3.0e-14)
PASS rel_l2=4.343e-16 rel_max=4.003e-16 (tol 1e-12) L=50 B=4
PASS map-chain m=128: rel_l2=3.513e-14 (anchor 2.535e-14, tol 1.0e-10)
PASS rel_l2=4.343e-16 rel_max=4.003e-16 (tol 1e-12) L=50 B=4
PASS map-2-step: rel_l2=2.481e-15 (tol 3.0e-14)
PASS rel_l2=4.343e-16 rel_max=4.003e-16 (tol 1e-12) L=50 B=4
PASS map-chain m=128: rel_l2=3.513e-14 (anchor 2.535e-14, tol 1.0e-10)
PASS rel_l2=4.343e-16 rel_max=4.003e-16 (tol 1e-12) L=50 B=4
PASS map-2-step: rel_l2=2.481e-15 (tol 3.0e-14)
PASS rel_l2=4.386e-16 rel_max=4.850e-16 (tol 1e-12) L=50 B=4
PASS map-chain m=128: rel_l2=3.025e-14 (anchor 2.535e-14, tol 1.0e-10)
PASS rel_l2=4.386e-16 rel_max=4.850e-16 (tol 1e-12) L=50 B=4
PASS map-2-step: rel_l2=2.315e-15 (tol 3.0e-14)
PASS rel_l2=4.603e-16 rel_max=4.414e-16 (tol 1e-12) L=50 B=4
PASS map-chain m=128: rel_l2=3.752e-14 (anchor 2.535e-14, tol 1.0e-10)
PASS rel_l2=4.603e-16 rel_max=4.414e-16 (tol 1e-12) L=50 B=4
PASS map-2-step: rel_l2=2.600e-15 (tol 3.0e-14)
PASS rel_l2=4.601e-16 rel_max=5.423e-16 (tol 1e-12) L=50 B=4
PASS map-chain m=128: rel_l2=3.769e-14 (anchor 2.535e-14, tol 1.0e-10)
PASS rel_l2=4.601e-16 rel_max=5.423e-16 (tol 1e-12) L=50 B=4
PASS map-2-step: rel_l2=2.569e-15 (tol 3.0e-14)
PASS rel_l2=9.395e-16 rel_max=1.086e-15 (tol 1e-12) L=100 B=1
PASS map-2-step: rel_l2=4.765e-15 (tol 3.0e-14)
PASS rel_l2=3.879e-16 rel_max=4.347e-16 (tol 1e-12) L=100 B=1
PASS map-chain m=64: rel_l2=1.682e-14 (anchor 1.533e-14, tol 1.0e-10)
PASS rel_l2=3.879e-16 rel_max=4.347e-16 (tol 1e-12) L=100 B=1
PASS map-2-step: rel_l2=2.231e-15 (tol 3.0e-14)
PASS rel_l2=4.666e-16 rel_max=5.849e-16 (tol 1e-12) L=100 B=1
PASS map-chain m=64: rel_l2=2.064e-14 (anchor 1.533e-14, tol 1.0e-10)
PASS rel_l2=4.666e-16 rel_max=5.849e-16 (tol 1e-12) L=100 B=1
PASS map-2-step: rel_l2=2.803e-15 (tol 3.0e-14)
PASS rel_l2=4.520e-16 rel_max=4.860e-16 (tol 1e-12) L=100 B=1
PASS map-chain m=64: rel_l2=1.993e-14 (anchor 1.533e-14, tol 1.0e-10)
PASS rel_l2=4.636e-16 rel_max=4.992e-16 (tol 1e-12) L=100 B=1
PASS map-2-step: rel_l2=2.591e-15 (tol 3.0e-14)
PASS rel_l2=4.690e-16 rel_max=5.209e-16 (tol 1e-12) L=100 B=1
PASS map-chain m=64: rel_l2=2.148e-14 (anchor 1.533e-14, tol 1.0e-10)
PASS rel_l2=4.679e-16 rel_max=5.209e-16 (tol 1e-12) L=100 B=1
PASS map-2-step: rel_l2=2.850e-15 (tol 3.0e-14)
PASS rel_l2=4.645e-16 rel_max=5.105e-16 (tol 1e-12) L=100 B=1
PASS map-chain m=64: rel_l2=2.069e-14 (anchor 1.533e-14, tol 1.0e-10)
PASS rel_l2=4.685e-16 rel_max=4.512e-16 (tol 1e-12) L=100 B=1
PASS map-2-step: rel_l2=2.660e-15 (tol 3.0e-14)
PASS rel_l2=5.203e-16 rel_max=6.708e-16 (tol 1e-12) L=100 B=1
PASS map-chain m=64: rel_l2=2.254e-14 (anchor 1.533e-14, tol 1.0e-10)
PASS rel_l2=5.203e-16 rel_max=6.708e-16 (tol 1e-12) L=100 B=1
PASS map-2-step: rel_l2=2.928e-15 (tol 3.0e-14)
PASS rel_l2=6.765e-16 rel_max=6.680e-16 (tol 1e-12) L=100 B=1
PASS map-chain m=64: rel_l2=2.760e-14 (anchor 1.533e-14, tol 1.0e-10)
PASS rel_l2=6.765e-16 rel_max=6.680e-16 (tol 1e-12) L=100 B=1
PASS map-2-step: rel_l2=3.640e-15 (tol 3.0e-14)
PASS rel_l2=4.656e-16 rel_max=4.881e-16 (tol 1e-12) L=100 B=1
PASS map-chain m=64: rel_l2=2.056e-14 (anchor 1.533e-14, tol 1.0e-10)
PASS rel_l2=4.656e-16 rel_max=4.881e-16 (tol 1e-12) L=100 B=1
PASS map-2-step: rel_l2=2.692e-15 (tol 3.0e-14)
PASS rel_l2=4.526e-16 rel_max=4.244e-16 (tol 1e-12) L=100 B=1
PASS map-chain m=64: rel_l2=2.021e-14 (anchor 1.533e-14, tol 1.0e-10)
PASS rel_l2=4.526e-16 rel_max=4.244e-16 (tol 1e-12) L=100 B=1
PASS map-2-step: rel_l2=2.610e-15 (tol 3.0e-14)
PASS rel_l2=5.095e-16 rel_max=5.308e-16 (tol 1e-12) L=100 B=1
PASS map-chain m=64: rel_l2=2.176e-14 (anchor 1.533e-14, tol 1.0e-10)
PASS rel_l2=5.095e-16 rel_max=5.308e-16 (tol 1e-12) L=100 B=1
PASS map-2-step: rel_l2=2.727e-15 (tol 3.0e-14)
PASS rel_l2=4.558e-16 rel_max=5.045e-16 (tol 1e-12) L=100 B=1
PASS map-chain m=64: rel_l2=2.024e-14 (anchor 1.533e-14, tol 1.0e-10)
PASS rel_l2=4.558e-16 rel_max=5.045e-16 (tol 1e-12) L=100 B=1
PASS map-2-step: rel_l2=2.674e-15 (tol 3.0e-14)
PASS rel_l2=4.526e-16 rel_max=4.244e-16 (tol 1e-12) L=100 B=1
PASS map-chain m=64: rel_l2=2.133e-14 (anchor 1.533e-14, tol 1.0e-10)
PASS rel_l2=4.526e-16 rel_max=4.244e-16 (tol 1e-12) L=100 B=1
PASS map-2-step: rel_l2=2.763e-15 (tol 3.0e-14)
PASS rel_l2=4.526e-16 rel_max=4.244e-16 (tol 1e-12) L=100 B=1
PASS map-chain m=64: rel_l2=2.133e-14 (anchor 1.533e-14, tol 1.0e-10)
PASS rel_l2=4.526e-16 rel_max=4.244e-16 (tol 1e-12) L=100 B=1
PASS map-2-step: rel_l2=2.763e-15 (tol 3.0e-14)
PASS rel_l2=4.616e-16 rel_max=4.724e-16 (tol 1e-12) L=100 B=1
PASS map-chain m=64: rel_l2=2.150e-14 (anchor 1.533e-14, tol 1.0e-10)
PASS rel_l2=4.616e-16 rel_max=4.724e-16 (tol 1e-12) L=100 B=1
PASS map-2-step: rel_l2=2.724e-15 (tol 3.0e-14)
PASS rel_l2=5.099e-16 rel_max=4.968e-16 (tol 1e-12) L=100 B=1
PASS map-chain m=64: rel_l2=2.183e-14 (anchor 1.533e-14, tol 1.0e-10)
PASS rel_l2=5.099e-16 rel_max=4.968e-16 (tol 1e-12) L=100 B=1
PASS map-2-step: rel_l2=3.015e-15 (tol 3.0e-14)
PASS rel_l2=5.110e-16 rel_max=5.057e-16 (tol 1e-12) L=100 B=1
PASS map-chain m=64: rel_l2=2.124e-14 (anchor 1.533e-14, tol 1.0e-10)
PASS rel_l2=5.110e-16 rel_max=5.057e-16 (tol 1e-12) L=100 B=1
PASS map-2-step: rel_l2=2.959e-15 (tol 3.0e-14)
PASS rel_l2=4.566e-16 rel_max=5.709e-16 (tol 1e-12) L=10 B=1
PASS map-chain m=16384: rel_l2=1.060e-06 (anchor 1.394e-06, tol 1.0e-03)
PASS rel_l2=4.566e-16 rel_max=5.709e-16 (tol 1e-12) L=10 B=1
PASS map-2-step: rel_l2=1.331e-15 (tol 3.0e-14)
PASS rel_l2=2.307e-16 rel_max=2.512e-16 (tol 1e-12) L=10 B=1
PASS map-chain m=16384: rel_l2=9.981e-07 (anchor 1.394e-06, tol 1.0e-03)
PASS rel_l2=2.307e-16 rel_max=2.512e-16 (tol 1e-12) L=10 B=1
PASS map-2-step: rel_l2=7.969e-16 (tol 3.0e-14)
PASS rel_l2=2.655e-16 rel_max=2.999e-16 (tol 1e-12) L=10 B=1
PASS map-chain m=16384: rel_l2=6.635e-06 (anchor 1.394e-06, tol 1.0e-03)
PASS rel_l2=2.655e-16 rel_max=2.999e-16 (tol 1e-12) L=10 B=1
PASS map-2-step: rel_l2=8.898e-16 (tol 3.0e-14)
PASS rel_l2=2.677e-16 rel_max=2.896e-16 (tol 1e-12) L=10 B=1
PASS map-chain m=16384: rel_l2=9.279e-06 (anchor 1.394e-06, tol 1.0e-03)
PASS rel_l2=2.677e-16 rel_max=2.896e-16 (tol 1e-12) L=10 B=1
PASS map-2-step: rel_l2=8.034e-16 (tol 3.0e-14)
PASS rel_l2=2.750e-16 rel_max=2.774e-16 (tol 1e-12) L=10 B=1
PASS map-chain m=16384: rel_l2=1.095e-06 (anchor 1.394e-06, tol 1.0e-03)
PASS rel_l2=2.750e-16 rel_max=2.774e-16 (tol 1e-12) L=10 B=1
PASS map-2-step: rel_l2=7.590e-16 (tol 3.0e-14)
PASS rel_l2=2.709e-16 rel_max=2.630e-16 (tol 1e-12) L=10 B=1
PASS map-chain m=16384: rel_l2=3.586e-06 (anchor 1.394e-06, tol 1.0e-03)
PASS rel_l2=2.747e-16 rel_max=2.530e-16 (tol 1e-12) L=10 B=1
PASS map-2-step: rel_l2=8.799e-16 (tol 3.0e-14)
PASS rel_l2=2.677e-16 rel_max=2.896e-16 (tol 1e-12) L=10 B=1
PASS map-chain m=16384: rel_l2=9.279e-06 (anchor 1.394e-06, tol 1.0e-03)
PASS rel_l2=2.709e-16 rel_max=2.630e-16 (tol 1e-12) L=10 B=1
PASS map-2-step: rel_l2=8.199e-16 (tol 3.0e-14)
PASS rel_l2=3.146e-16 rel_max=3.225e-16 (tol 1e-12) L=10 B=1
PASS map-chain m=16384: rel_l2=4.307e-06 (anchor 1.394e-06, tol 1.0e-03)
PASS rel_l2=3.146e-16 rel_max=3.225e-16 (tol 1e-12) L=10 B=1
PASS map-2-step: rel_l2=9.814e-16 (tol 3.0e-14)
PASS rel_l2=4.537e-16 rel_max=5.998e-16 (tol 1e-12) L=10 B=1
PASS map-chain m=16384: rel_l2=1.114e-05 (anchor 1.394e-06, tol 1.0e-03)
PASS rel_l2=4.537e-16 rel_max=5.998e-16 (tol 1e-12) L=10 B=1
PASS map-2-step: rel_l2=1.428e-15 (tol 3.0e-14)
PASS rel_l2=2.903e-16 rel_max=2.941e-16 (tol 1e-12) L=10 B=1
PASS map-chain m=16384: rel_l2=2.827e-06 (anchor 1.394e-06, tol 1.0e-03)
PASS rel_l2=2.903e-16 rel_max=2.941e-16 (tol 1e-12) L=10 B=1
PASS map-2-step: rel_l2=1.012e-15 (tol 3.0e-14)
PASS rel_l2=2.861e-16 rel_max=3.720e-16 (tol 1e-12) L=10 B=1
PASS map-chain m=16384: rel_l2=1.173e-05 (anchor 1.394e-06, tol 1.0e-03)
PASS rel_l2=2.861e-16 rel_max=3.720e-16 (tol 1e-12) L=10 B=1
PASS map-2-step: rel_l2=9.695e-16 (tol 3.0e-14)
PASS rel_l2=3.126e-16 rel_max=5.025e-16 (tol 1e-12) L=10 B=1
PASS map-chain m=16384: rel_l2=8.863e-07 (anchor 1.394e-06, tol 1.0e-03)
PASS rel_l2=3.126e-16 rel_max=5.025e-16 (tol 1e-12) L=10 B=1
PASS map-2-step: rel_l2=1.012e-15 (tol 3.0e-14)
PASS rel_l2=3.109e-16 rel_max=3.945e-16 (tol 1e-12) L=10 B=1
PASS map-chain m=16384: rel_l2=4.807e-06 (anchor 1.394e-06, tol 1.0e-03)
PASS rel_l2=3.109e-16 rel_max=3.945e-16 (tol 1e-12) L=10 B=1
PASS map-2-step: rel_l2=8.067e-16 (tol 3.0e-14)
PASS rel_l2=3.126e-16 rel_max=5.025e-16 (tol 1e-12) L=10 B=1
PASS map-chain m=16384: rel_l2=8.863e-07 (anchor 1.394e-06, tol 1.0e-03)
PASS rel_l2=3.126e-16 rel_max=5.025e-16 (tol 1e-12) L=10 B=1
PASS map-2-step: rel_l2=1.012e-15 (tol 3.0e-14)
PASS rel_l2=2.824e-16 rel_max=2.568e-16 (tol 1e-12) L=10 B=1
PASS map-chain m=16384: rel_l2=3.934e-06 (anchor 1.394e-06, tol 1.0e-03)
PASS rel_l2=2.824e-16 rel_max=2.568e-16 (tol 1e-12) L=10 B=1
PASS map-2-step: rel_l2=9.274e-16 (tol 3.0e-14)
PASS rel_l2=3.183e-16 rel_max=4.281e-16 (tol 1e-12) L=10 B=1
PASS map-chain m=16384: rel_l2=3.368e-06 (anchor 1.394e-06, tol 1.0e-03)
PASS rel_l2=3.183e-16 rel_max=4.281e-16 (tol 1e-12) L=10 B=1
PASS map-2-step: rel_l2=1.081e-15 (tol 3.0e-14)
PASS rel_l2=3.177e-16 rel_max=3.541e-16 (tol 1e-12) L=10 B=1
PASS map-chain m=16384: rel_l2=8.493e-07 (anchor 1.394e-06, tol 1.0e-03)
PASS rel_l2=3.177e-16 rel_max=3.541e-16 (tol 1e-12) L=10 B=1
PASS map-2-step: rel_l2=1.103e-15 (tol 3.0e-14)
PASS rel_l2=6.235e-16 rel_max=7.349e-16 (tol 1e-12) L=12 B=1
PASS map-chain m=12288: rel_l2=5.966e-08 (anchor 1.970e-08, tol 1.0e-05)
PASS rel_l2=6.235e-16 rel_max=7.349e-16 (tol 1e-12) L=12 B=1
PASS map-2-step: rel_l2=1.792e-15 (tol 3.0e-14)
PASS rel_l2=1.949e-16 rel_max=3.034e-16 (tol 1e-12) L=12 B=1
PASS map-chain m=12288: rel_l2=1.548e-08 (anchor 1.970e-08, tol 1.0e-05)
PASS rel_l2=1.949e-16 rel_max=3.034e-16 (tol 1e-12) L=12 B=1
PASS map-2-step: rel_l2=6.299e-16 (tol 3.0e-14)
PASS rel_l2=2.918e-16 rel_max=3.117e-16 (tol 1e-12) L=12 B=1
PASS map-chain m=12288: rel_l2=1.346e-08 (anchor 1.970e-08, tol 1.0e-05)
PASS rel_l2=2.918e-16 rel_max=3.117e-16 (tol 1e-12) L=12 B=1
PASS map-2-step: rel_l2=9.220e-16 (tol 3.0e-14)
PASS rel_l2=2.928e-16 rel_max=3.565e-16 (tol 1e-12) L=12 B=1
PASS map-chain m=12288: rel_l2=6.804e-09 (anchor 1.970e-08, tol 1.0e-05)
PASS rel_l2=2.928e-16 rel_max=3.565e-16 (tol 1e-12) L=12 B=1
PASS map-2-step: rel_l2=9.337e-16 (tol 3.0e-14)
PASS rel_l2=2.926e-16 rel_max=3.485e-16 (tol 1e-12) L=12 B=1
PASS map-chain m=12288: rel_l2=2.091e-08 (anchor 1.970e-08, tol 1.0e-05)
PASS rel_l2=2.926e-16 rel_max=3.485e-16 (tol 1e-12) L=12 B=1
PASS map-2-step: rel_l2=8.784e-16 (tol 3.0e-14)
PASS rel_l2=2.968e-16 rel_max=3.519e-16 (tol 1e-12) L=12 B=1
PASS map-chain m=12288: rel_l2=1.531e-08 (anchor 1.970e-08, tol 1.0e-05)
PASS rel_l2=2.955e-16 rel_max=3.519e-16 (tol 1e-12) L=12 B=1
PASS map-2-step: rel_l2=9.242e-16 (tol 3.0e-14)
PASS rel_l2=2.955e-16 rel_max=3.519e-16 (tol 1e-12) L=12 B=1
PASS map-chain m=12288: rel_l2=2.509e-08 (anchor 1.970e-08, tol 1.0e-05)
PASS rel_l2=2.928e-16 rel_max=3.565e-16 (tol 1e-12) L=12 B=1
PASS map-2-step: rel_l2=9.337e-16 (tol 3.0e-14)
PASS rel_l2=2.921e-16 rel_max=3.500e-16 (tol 1e-12) L=12 B=1
PASS map-chain m=12288: rel_l2=1.336e-08 (anchor 1.970e-08, tol 1.0e-05)
PASS rel_l2=2.921e-16 rel_max=3.500e-16 (tol 1e-12) L=12 B=1
PASS map-2-step: rel_l2=8.929e-16 (tol 3.0e-14)
PASS rel_l2=4.838e-16 rel_max=5.468e-16 (tol 1e-12) L=12 B=1
PASS map-chain m=12288: rel_l2=5.427e-08 (anchor 1.970e-08, tol 1.0e-05)
PASS rel_l2=4.838e-16 rel_max=5.468e-16 (tol 1e-12) L=12 B=1
PASS map-2-step: rel_l2=1.607e-15 (tol 3.0e-14)
PASS rel_l2=2.939e-16 rel_max=3.376e-16 (tol 1e-12) L=12 B=1
PASS map-chain m=12288: rel_l2=2.483e-08 (anchor 1.970e-08, tol 1.0e-05)
PASS rel_l2=2.939e-16 rel_max=3.376e-16 (tol 1e-12) L=12 B=1
PASS map-2-step: rel_l2=9.785e-16 (tol 3.0e-14)
PASS rel_l2=2.960e-16 rel_max=4.323e-16 (tol 1e-12) L=12 B=1
PASS map-chain m=12288: rel_l2=1.229e-08 (anchor 1.970e-08, tol 1.0e-05)
PASS rel_l2=2.960e-16 rel_max=4.323e-16 (tol 1e-12) L=12 B=1
PASS map-2-step: rel_l2=8.616e-16 (tol 3.0e-14)
PASS rel_l2=2.870e-16 rel_max=3.565e-16 (tol 1e-12) L=12 B=1
PASS map-chain m=12288: rel_l2=1.732e-08 (anchor 1.970e-08, tol 1.0e-05)
PASS rel_l2=2.870e-16 rel_max=3.565e-16 (tol 1e-12) L=12 B=1
PASS map-2-step: rel_l2=8.913e-16 (tol 3.0e-14)
PASS rel_l2=2.890e-16 rel_max=3.866e-16 (tol 1e-12) L=12 B=1
PASS map-chain m=12288: rel_l2=1.656e-08 (anchor 1.970e-08, tol 1.0e-05)
PASS rel_l2=2.890e-16 rel_max=3.866e-16 (tol 1e-12) L=12 B=1
PASS map-2-step: rel_l2=9.285e-16 (tol 3.0e-14)
PASS rel_l2=2.870e-16 rel_max=3.565e-16 (tol 1e-12) L=12 B=1
PASS map-chain m=12288: rel_l2=1.732e-08 (anchor 1.970e-08, tol 1.0e-05)
PASS rel_l2=2.870e-16 rel_max=3.565e-16 (tol 1e-12) L=12 B=1
PASS map-2-step: rel_l2=8.913e-16 (tol 3.0e-14)
PASS rel_l2=2.870e-16 rel_max=3.565e-16 (tol 1e-12) L=12 B=1
PASS map-chain m=12288: rel_l2=1.457e-08 (anchor 1.970e-08, tol 1.0e-05)
PASS rel_l2=2.870e-16 rel_max=3.565e-16 (tol 1e-12) L=12 B=1
PASS map-2-step: rel_l2=9.162e-16 (tol 3.0e-14)
PASS rel_l2=2.926e-16 rel_max=3.485e-16 (tol 1e-12) L=12 B=1
PASS map-chain m=12288: rel_l2=2.091e-08 (anchor 1.970e-08, tol 1.0e-05)
PASS rel_l2=2.926e-16 rel_max=3.485e-16 (tol 1e-12) L=12 B=1
PASS map-2-step: rel_l2=8.784e-16 (tol 3.0e-14)
PASS rel_l2=2.918e-16 rel_max=3.117e-16 (tol 1e-12) L=12 B=1
PASS map-chain m=12288: rel_l2=1.346e-08 (anchor 1.970e-08, tol 1.0e-05)
PASS rel_l2=2.918e-16 rel_max=3.117e-16 (tol 1e-12) L=12 B=1
PASS map-2-step: rel_l2=9.220e-16 (tol 3.0e-14)
