gen_pfa_large: does not support L=10
gen_pfa_large: does not support L=10
gen_pfa_large: does not support L=10
gen_pfa_large: does not support L=10
gen_pow2: does not support L=10
gen_pow2: does not support L=10
gen_pow2: does not support L=10
gen_pow2: does not support L=10
gen_powp: does not support L=10
gen_powp: does not support L=10
gen_powp: does not support L=10
gen_powp: does not support L=10
gen_rader: does not support L=10
gen_rader: does not support L=10
gen_rader: does not support L=10
gen_rader: does not support L=10
timeout: failed to run command ‘build/a80n0/bin/ducc0_c2c’: No such file or directory
timeout: failed to run command ‘build/a80n0/bin/ducc0_c2c’: No such file or directory
timeout: failed to run command ‘build/a80n0/bin/ducc0_c2c’: No such file or directory
timeout: failed to run command ‘build/a80n0/bin/ducc0_c2c’: No such file or directory
timeout: failed to run command ‘build/a80n0/bin/fftw3_custom’: No such file or directory
timeout: failed to run command ‘build/a80n0/bin/fftw3_custom’: No such file or directory
timeout: failed to run command ‘build/a80n0/bin/fftw3_custom’: No such file or directory
timeout: failed to run command ‘build/a80n0/bin/fftw3_custom’: No such file or directory
timeout: failed to run command ‘build/a80n0/bin/fftw3_custom_soa’: No such file or directory
timeout: failed to run command ‘build/a80n0/bin/fftw3_custom_soa’: No such file or directory
timeout: failed to run command ‘build/a80n0/bin/fftw3_custom_soa’: No such file or directory
timeout: failed to run command ‘build/a80n0/bin/fftw3_custom_soa’: No such file or directory
timeout: failed to run command ‘build/a80n0/bin/fftw3_estimate’: No such file or directory
timeout: failed to run command ‘build/a80n0/bin/fftw3_estimate’: No such file or directory
timeout: failed to run command ‘build/a80n0/bin/fftw3_estimate’: No such file or directory
timeout: failed to run command ‘build/a80n0/bin/fftw3_estimate’: No such file or directory
timeout: failed to run command ‘build/a80n0/bin/fftw3_guru’: No such file or directory
timeout: failed to run command ‘build/a80n0/bin/fftw3_guru’: No such file or directory
timeout: failed to run command ‘build/a80n0/bin/fftw3_guru’: No such file or directory
timeout: failed to run command ‘build/a80n0/bin/fftw3_guru’: No such file or directory
timeout: failed to run command ‘build/a80n0/bin/fftw3_measure’: No such file or directory
timeout: failed to run command ‘build/a80n0/bin/fftw3_measure’: No such file or directory
timeout: failed to run command ‘build/a80n0/bin/fftw3_measure’: No such file or directory
timeout: failed to run command ‘build/a80n0/bin/fftw3_measure’: No such file or directory
timeout: failed to run command ‘build/a80n0/bin/fftw3_patient’: No such file or directory
timeout: failed to run command ‘build/a80n0/bin/fftw3_patient’: No such file or directory
timeout: failed to run command ‘build/a80n0/bin/fftw3_patient’: No such file or directory
timeout: failed to run command ‘build/a80n0/bin/fftw3_patient’: No such file or directory
gen_pfa_large: does not support L=12
gen_pfa_large: does not support L=12
gen_pfa_large: does not support L=12
gen_pfa_large: does not support L=12
gen_pow2: does not support L=12
gen_pow2: does not support L=12
gen_pow2: does not support L=12
gen_pow2: does not support L=12
timeout: failed to run command ‘build/a80n0/bin/gen_powp’: No such file or directory
timeout: failed to run command ‘build/a80n0/bin/gen_powp’: No such file or directory
timeout: failed to run command ‘build/a80n0/bin/gen_powp’: No such file or directory
timeout: failed to run command ‘build/a80n0/bin/gen_powp’: No such file or directory
timeout: failed to run command ‘build/a80n0/bin/gen_race’: No such file or directory
timeout: failed to run command ‘build/a80n0/bin/gen_race’: No such file or directory
timeout: failed to run command ‘build/a80n0/bin/gen_race’: No such file or directory
timeout: failed to run command ‘build/a80n0/bin/gen_race’: No such file or directory
timeout: failed to run command ‘build/a80n0/bin/gen_rader’: No such file or directory
timeout: failed to run command ‘build/a80n0/bin/gen_rader’: No such file or directory
timeout: failed to run command ‘build/a80n0/bin/gen_rader’: No such file or directory
timeout: failed to run command ‘build/a80n0/bin/gen_rader’: No such file or directory
timeout: failed to run command ‘build/a80n0/bin/gen_twiddle’: No such file or directory
timeout: failed to run command ‘build/a80n0/bin/gen_twiddle’: No such file or directory
timeout: failed to run command ‘build/a80n0/bin/gen_twiddle’: No such file or directory
timeout: failed to run command ‘build/a80n0/bin/gen_twiddle’: No such file or directory
timeout: failed to run command ‘build/a80n0/bin/mkl2026_dfti’: No such file or directory
timeout: failed to run command ‘build/a80n0/bin/mkl2026_dfti’: No such file or directory
timeout: failed to run command ‘build/a80n0/bin/mkl2026_dfti’: No such file or directory
timeout: failed to run command ‘build/a80n0/bin/mkl2026_dfti’: No such file or directory
timeout: failed to run command ‘build/a80n0/bin/mkl_dfti’: No such file or directory
timeout: failed to run command ‘build/a80n0/bin/mkl_dfti’: No such file or directory
timeout: failed to run command ‘build/a80n0/bin/mkl_dfti’: No such file or directory
timeout: failed to run command ‘build/a80n0/bin/mkl_dfti’: No such file or directory
gen_pfa_large: does not support L=10
gen_pfa_large: does not support L=10
gen_pfa_large: does not support L=10
gen_pfa_large: does not support L=10
gen_pfa_large: does not support L=15
gen_pfa_large: does not support L=15
gen_pfa_large: does not support L=15
gen_pfa_large: does not support L=15
gen_pow2: does not support L=10
gen_pow2: does not support L=10
gen_pow2: does not support L=10
gen_pow2: does not support L=10
gen_powp: does not support L=10
gen_powp: does not support L=10
gen_powp: does not support L=10
gen_powp: does not support L=10
gen_rader: does not support L=10
gen_rader: does not support L=10
gen_rader: does not support L=10
gen_rader: does not support L=10
gen_pow2: does not support L=15
gen_pow2: does not support L=15
gen_pow2: does not support L=15
gen_pow2: does not support L=15
gen_powp: does not support L=15
gen_powp: does not support L=15
gen_powp: does not support L=15
gen_powp: does not support L=15
gen_rader: does not support L=15
gen_rader: does not support L=15
gen_rader: does not support L=15
gen_rader: does not support L=15
gen_pfa_large: does not support L=12
gen_pfa_large: does not support L=12
gen_pfa_large: does not support L=12
gen_pfa_large: does not support L=12
gen_pow2: does not support L=12
gen_pow2: does not support L=12
gen_pow2: does not support L=12
gen_pow2: does not support L=12
gen_powp: does not support L=12
gen_powp: does not support L=12
gen_powp: does not support L=12
gen_powp: does not support L=12
gen_rader: does not support L=12
gen_rader: does not support L=12
gen_rader: does not support L=12
gen_rader: does not support L=12
gen_pfa_large: does not support L=20
gen_pfa_large: does not support L=20
gen_pfa_large: does not support L=20
gen_pfa_large: does not support L=20
gen_pow2: does not support L=20
gen_pow2: does not support L=20
gen_pow2: does not support L=20
gen_pow2: does not support L=20
gen_powp: does not support L=20
gen_powp: does not support L=20
gen_powp: does not support L=20
gen_powp: does not support L=20
gen_rader: does not support L=20
gen_rader: does not support L=20
gen_rader: does not support L=20
gen_rader: does not support L=20
gen_pfa_large: does not support L=15
gen_pfa_large: does not support L=15
gen_pfa_large: does not support L=15
gen_pfa_large: does not support L=15
gen_pow2: does not support L=15
gen_pow2: does not support L=15
gen_pow2: does not support L=15
gen_pow2: does not support L=15
gen_powp: does not support L=15
gen_powp: does not support L=15
gen_powp: does not support L=15
gen_powp: does not support L=15
gen_rader: does not support L=15
gen_rader: does not support L=15
gen_rader: does not support L=15
gen_rader: does not support L=15
gen_batchlane: does not support L=25
gen_batchlane: does not support L=25
gen_batchlane: does not support L=25
gen_batchlane: does not support L=25
gen_dense_prime: does not support L=25
gen_dense_prime: does not support L=25
gen_dense_prime: does not support L=25
gen_dense_prime: does not support L=25
gen_pfa_large: does not support L=25
gen_pfa_large: does not support L=25
gen_pfa_large: does not support L=25
gen_pfa_large: does not support L=25
gen_pfa_small: does not support L=25
gen_pfa_small: does not support L=25
gen_pfa_small: does not support L=25
gen_pfa_small: does not support L=25
gen_pow2: does not support L=25
gen_pow2: does not support L=25
gen_pow2: does not support L=25
gen_pow2: does not support L=25
gen_rader: does not support L=25
gen_rader: does not support L=25
gen_rader: does not support L=25
gen_rader: does not support L=25
gen_pfa_large: does not support L=20
gen_pfa_large: does not support L=20
gen_pfa_large: does not support L=20
gen_pfa_large: does not support L=20
gen_pow2: does not support L=20
gen_pow2: does not support L=20
gen_pow2: does not support L=20
gen_pow2: does not support L=20
gen_powp: does not support L=20
gen_powp: does not support L=20
gen_powp: does not support L=20
gen_powp: does not support L=20
gen_rader: does not support L=20
gen_rader: does not support L=20
gen_rader: does not support L=20
gen_rader: does not support L=20
gen_batchlane: does not support L=27
gen_batchlane: does not support L=27
gen_batchlane: does not support L=27
gen_batchlane: does not support L=27
gen_dense_prime: does not support L=27
gen_dense_prime: does not support L=27
gen_dense_prime: does not support L=27
gen_dense_prime: does not support L=27
gen_pfa_large: does not support L=27
gen_pfa_large: does not support L=27
gen_pfa_large: does not support L=27
gen_pfa_large: does not support L=27
gen_pfa_small: does not support L=27
gen_pfa_small: does not support L=27
gen_pfa_small: does not support L=27
gen_pfa_small: does not support L=27
gen_pow2: does not support L=27
gen_pow2: does not support L=27
gen_pow2: does not support L=27
gen_pow2: does not support L=27
gen_rader: does not support L=27
gen_rader: does not support L=27
gen_rader: does not support L=27
gen_rader: does not support L=27
gen_batchlane: does not support L=25
gen_batchlane: does not support L=25
gen_batchlane: does not support L=25
gen_batchlane: does not support L=25
gen_dense_prime: does not support L=25
gen_dense_prime: does not support L=25
gen_dense_prime: does not support L=25
gen_dense_prime: does not support L=25
gen_pfa_large: does not support L=25
gen_pfa_large: does not support L=25
gen_pfa_large: does not support L=25
gen_pfa_large: does not support L=25
gen_pfa_small: does not support L=25
gen_pfa_small: does not support L=25
gen_pfa_small: does not support L=25
gen_pfa_small: does not support L=25
gen_pow2: does not support L=25
gen_pow2: does not support L=25
gen_pow2: does not support L=25
gen_pow2: does not support L=25
gen_rader: does not support L=25
gen_rader: does not support L=25
gen_rader: does not support L=25
gen_rader: does not support L=25
gen_batchlane: does not support L=27
gen_batchlane: does not support L=27
gen_batchlane: does not support L=27
gen_batchlane: does not support L=27
gen_dense_prime: does not support L=27
gen_dense_prime: does not support L=27
gen_dense_prime: does not support L=27
gen_dense_prime: does not support L=27
gen_pfa_large: does not support L=27
gen_pfa_large: does not support L=27
gen_pfa_large: does not support L=27
gen_pfa_large: does not support L=27
gen_pfa_small: does not support L=27
gen_pfa_small: does not support L=27
gen_pfa_small: does not support L=27
gen_pfa_small: does not support L=27
gen_pow2: does not support L=27
gen_pow2: does not support L=27
gen_pow2: does not support L=27
gen_pow2: does not support L=27
gen_rader: does not support L=27
gen_rader: does not support L=27
gen_rader: does not support L=27
gen_rader: does not support L=27
gen_batchlane: does not support L=31
gen_batchlane: does not support L=31
gen_batchlane: does not support L=31
gen_batchlane: does not support L=31
gen_pfa_large: does not support L=31
gen_pfa_large: does not support L=31
gen_pfa_large: does not support L=31
gen_pfa_large: does not support L=31
gen_pfa_small: does not support L=31
gen_pfa_small: does not support L=31
gen_pfa_small: does not support L=31
gen_pfa_small: does not support L=31
gen_pow2: does not support L=31
gen_pow2: does not support L=31
gen_pow2: does not support L=31
gen_pow2: does not support L=31
gen_powp: does not support L=31
gen_powp: does not support L=31
gen_powp: does not support L=31
gen_powp: does not support L=31
results/gen_r14/in_L31_B16.bin: No such file or directory
results/gen_r14/in_L31_B16.bin: No such file or directory
results/gen_r14/in_L31_B16.bin: No such file or directory
results/gen_r14/in_L31_B16.bin: No such file or directory
results/gen_r14/in_L31_B16.bin: No such file or directory
results/gen_r14/in_L31_B16.bin: No such file or directory
results/gen_r14/in_L31_B16.bin: No such file or directory
results/gen_r14/in_L31_B16.bin: No such file or directory
results/gen_r14/in_L31_B16.bin: No such file or directory
results/gen_r14/in_L31_B16.bin: No such file or directory
results/gen_r14/in_L31_B16.bin: No such file or directory
results/gen_r14/in_L31_B16.bin: No such file or directory
results/gen_r14/in_L31_B16.bin: No such file or directory
results/gen_r14/in_L31_B16.bin: No such file or directory
results/gen_r14/in_L31_B16.bin: No such file or directory
results/gen_r14/in_L31_B16.bin: No such file or directory
results/gen_r14/in_L31_B16.bin: No such file or directory
results/gen_r14/in_L31_B16.bin: No such file or directory
results/gen_r14/in_L31_B16.bin: No such file or directory
results/gen_r14/in_L31_B16.bin: No such file or directory
results/gen_r14/in_L31_B16.bin: No such file or directory
results/gen_r14/in_L31_B16.bin: No such file or directory
results/gen_r14/in_L31_B16.bin: No such file or directory
results/gen_r14/in_L31_B16.bin: No such file or directory
results/gen_r14/in_L31_B16.bin: No such file or directory
results/gen_r14/in_L31_B16.bin: No such file or directory
results/gen_r14/in_L31_B16.bin: No such file or directory
results/gen_r14/in_L31_B16.bin: No such file or directory
results/gen_r14/in_L31_B16.bin: No such file or directory
gen_batchlane: does not support L=31
gen_batchlane: does not support L=31
gen_batchlane: does not support L=31
gen_batchlane: does not support L=31
results/gen_r14/in_L31_B16.bin: No such file or directory
results/gen_r14/in_L31_B16.bin: No such file or directory
results/gen_r14/in_L31_B16.bin: No such file or directory
results/gen_r14/in_L31_B16.bin: No such file or directory
results/gen_r14/in_L31_B16.bin: No such file or directory
results/gen_r14/in_L31_B16.bin: No such file or directory
results/gen_r14/in_L31_B16.bin: No such file or directory
results/gen_r14/in_L31_B16.bin: No such file or directory
results/gen_r14/in_L31_B16.bin: No such file or directory
results/gen_r14/in_L31_B16.bin: No such file or directory
results/gen_r14/in_L31_B16.bin: No such file or directory
results/gen_r14/in_L31_B16.bin: No such file or directory
gen_pfa_large: does not support L=31
gen_pfa_large: does not support L=31
gen_pfa_large: does not support L=31
gen_pfa_large: does not support L=31
gen_pfa_small: does not support L=31
gen_pfa_small: does not support L=31
gen_pfa_small: does not support L=31
gen_pfa_small: does not support L=31
results/gen_r14/in_L31_B16.bin: No such file or directory
results/gen_r14/in_L31_B16.bin: No such file or directory
results/gen_r14/in_L31_B16.bin: No such file or directory
results/gen_r14/in_L31_B16.bin: No such file or directory
gen_pow2: does not support L=31
gen_pow2: does not support L=31
gen_pow2: does not support L=31
gen_pow2: does not support L=31
gen_powp: does not support L=31
gen_powp: does not support L=31
gen_powp: does not support L=31
gen_powp: does not support L=31
results/gen_r14/in_L31_B16.bin: No such file or directory
results/gen_r14/in_L31_B16.bin: No such file or directory
results/gen_r14/in_L31_B16.bin: No such file or directory
results/gen_r14/in_L31_B16.bin: No such file or directory
results/gen_r14/in_L31_B16.bin: No such file or directory
results/gen_r14/in_L31_B16.bin: No such file or directory
results/gen_r14/in_L31_B16.bin: No such file or directory
results/gen_r14/in_L31_B16.bin: No such file or directory
results/gen_r14/in_L31_B16.bin: No such file or directory
results/gen_r14/in_L31_B16.bin: No such file or directory
results/gen_r14/in_L31_B16.bin: No such file or directory
results/gen_r14/in_L31_B16.bin: No such file or directory
results/gen_r14/in_L31_B16.bin: No such file or directory
results/gen_r14/in_L31_B16.bin: No such file or directory
results/gen_r14/in_L31_B16.bin: No such file or directory
results/gen_r14/in_L31_B16.bin: No such file or directory
results/gen_r14/in_L31_B16.bin: No such file or directory
results/gen_r14/in_L31_B16.bin: No such file or directory
results/gen_r14/in_L31_B16.bin: No such file or directory
results/gen_r14/in_L31_B16.bin: No such file or directory
gen_batchlane: does not support L=32
gen_batchlane: does not support L=32
gen_batchlane: does not support L=32
gen_batchlane: does not support L=32
gen_dense_prime: does not support L=32
gen_dense_prime: does not support L=32
gen_dense_prime: does not support L=32
gen_dense_prime: does not support L=32
gen_pfa_large: does not support L=32
gen_pfa_large: does not support L=32
gen_pfa_large: does not support L=32
gen_pfa_large: does not support L=32
gen_pfa_small: does not support L=32
gen_pfa_small: does not support L=32
gen_pfa_small: does not support L=32
gen_pfa_small: does not support L=32
gen_powp: does not support L=32
gen_powp: does not support L=32
gen_powp: does not support L=32
gen_powp: does not support L=32
gen_rader: does not support L=32
gen_rader: does not support L=32
gen_rader: does not support L=32
gen_rader: does not support L=32
gen_batchlane: does not support L=32
gen_batchlane: does not support L=32
gen_batchlane: does not support L=32
gen_batchlane: does not support L=32
results/gen_r14/in_L32_B8.bin: No such file or directory
results/gen_r14/in_L32_B8.bin: No such file or directory
gen_dense_prime: does not support L=32
gen_dense_prime: does not support L=32
gen_dense_prime: does not support L=32
gen_dense_prime: does not support L=32
results/gen_r14/in_L32_B8.bin: No such file or directory
results/gen_r14/in_L32_B8.bin: No such file or directory
results/gen_r14/in_L32_B8.bin: No such file or directory
results/gen_r14/in_L32_B8.bin: No such file or directory
gen_pfa_large: does not support L=32
gen_pfa_large: does not support L=32
gen_pfa_large: does not support L=32
gen_pfa_large: does not support L=32
gen_pfa_small: does not support L=32
gen_pfa_small: does not support L=32
gen_pfa_small: does not support L=32
gen_pfa_small: does not support L=32
results/gen_r14/in_L32_B8.bin: No such file or directory
results/gen_r14/in_L32_B8.bin: No such file or directory
results/gen_r14/in_L32_B8.bin: No such file or directory
results/gen_r14/in_L32_B8.bin: No such file or directory
results/gen_r14/in_L32_B8.bin: No such file or directory
results/gen_r14/in_L32_B8.bin: No such file or directory
results/gen_r14/in_L32_B8.bin: No such file or directory
results/gen_r14/in_L32_B8.bin: No such file or directory
gen_powp: does not support L=32
gen_powp: does not support L=32
gen_powp: does not support L=32
gen_powp: does not support L=32
results/gen_r14/in_L32_B8.bin: No such file or directory
results/gen_r14/in_L32_B8.bin: No such file or directory
results/gen_r14/in_L32_B8.bin: No such file or directory
results/gen_r14/in_L32_B8.bin: No such file or directory
gen_rader: does not support L=32
gen_rader: does not support L=32
gen_rader: does not support L=32
gen_rader: does not support L=32
results/gen_r14/in_L32_B8.bin: No such file or directory
results/gen_r14/in_L32_B8.bin: No such file or directory
results/gen_r14/in_L32_B8.bin: No such file or directory
results/gen_r14/in_L32_B8.bin: No such file or directory
results/gen_r14/in_L32_B8.bin: No such file or directory
results/gen_r14/in_L32_B8.bin: No such file or directory
results/gen_r14/in_L32_B8.bin: No such file or directory
results/gen_r14/in_L32_B8.bin: No such file or directory
results/gen_r14/in_L32_B8.bin: No such file or directory
results/gen_r14/in_L32_B8.bin: No such file or directory
results/gen_r14/in_L32_B8.bin: No such file or directory
results/gen_r14/in_L32_B8.bin: No such file or directory
gen_batchlane: does not support L=40
gen_batchlane: does not support L=40
gen_batchlane: does not support L=40
gen_batchlane: does not support L=40
gen_batchlane: does not support L=40
gen_batchlane: does not support L=40
gen_batchlane: does not support L=40
gen_batchlane: does not support L=40
gen_dense_prime: does not support L=40
gen_dense_prime: does not support L=40
gen_dense_prime: does not support L=40
gen_dense_prime: does not support L=40
gen_dense_prime: does not support L=40
gen_dense_prime: does not support L=40
gen_dense_prime: does not support L=40
gen_dense_prime: does not support L=40
gen_pfa_small: does not support L=40
gen_pfa_small: does not support L=40
gen_pfa_small: does not support L=40
gen_pfa_small: does not support L=40
gen_pfa_small: does not support L=40
gen_pfa_small: does not support L=40
gen_pfa_small: does not support L=40
gen_pfa_small: does not support L=40
gen_pow2: does not support L=40
gen_pow2: does not support L=40
gen_pow2: does not support L=40
gen_pow2: does not support L=40
gen_powp: does not support L=40
gen_powp: does not support L=40
gen_powp: does not support L=40
gen_powp: does not support L=40
gen_pow2: does not support L=40
gen_pow2: does not support L=40
gen_pow2: does not support L=40
gen_pow2: does not support L=40
gen_powp: does not support L=40
gen_powp: does not support L=40
gen_powp: does not support L=40
gen_powp: does not support L=40
gen_rader: does not support L=40
gen_rader: does not support L=40
gen_rader: does not support L=40
gen_rader: does not support L=40
gen_rader: does not support L=40
gen_rader: does not support L=40
gen_rader: does not support L=40
gen_rader: does not support L=40
results/gen_r14/in_L40_B8.bin: No such file or directory
fftw3_custom_soa: fft3d_create failed for L=50 batch=4
fftw3_custom_soa: fft3d_create failed for L=50 batch=4
fftw3_custom_soa: fft3d_create failed for L=50 batch=4
fftw3_custom_soa: fft3d_create failed for L=50 batch=4
fftw3_custom_soa: fft3d_create failed for L=50 batch=4
fftw3_custom_soa: fft3d_create failed for L=50 batch=4
fftw3_custom_soa: fft3d_create failed for L=50 batch=4
fftw3_custom_soa: fft3d_create failed for L=50 batch=4
gen_dense_prime: does not support L=50
gen_dense_prime: does not support L=50
gen_dense_prime: does not support L=50
gen_dense_prime: does not support L=50
gen_dense_prime: does not support L=50
gen_dense_prime: does not support L=50
gen_dense_prime: does not support L=50
gen_dense_prime: does not support L=50
gen_pow2: does not support L=50
gen_pow2: does not support L=50
gen_pow2: does not support L=50
gen_pow2: does not support L=50
gen_pow2: does not support L=50
gen_pow2: does not support L=50
gen_pow2: does not support L=50
gen_pow2: does not support L=50
gen_rader: does not support L=50
gen_rader: does not support L=50
gen_rader: does not support L=50
gen_rader: does not support L=50
gen_rader: does not support L=50
gen_rader: does not support L=50
gen_rader: does not support L=50
gen_rader: does not support L=50
results/gen_r14/in_L50_B4.bin: No such file or directory
fftw3_custom: does not support L=100
fftw3_custom: does not support L=100
fftw3_custom: does not support L=100
fftw3_custom: does not support L=100
fftw3_custom_soa: does not support L=100
fftw3_custom_soa: does not support L=100
fftw3_custom_soa: does not support L=100
fftw3_custom_soa: does not support L=100
fftw3_custom: does not support L=100
fftw3_custom: does not support L=100
fftw3_custom: does not support L=100
fftw3_custom: does not support L=100
fftw3_custom_soa: does not support L=100
fftw3_custom_soa: does not support L=100
fftw3_custom_soa: does not support L=100
fftw3_custom_soa: does not support L=100
gen_dense_prime: does not support L=100
gen_dense_prime: does not support L=100
gen_dense_prime: does not support L=100
gen_dense_prime: does not support L=100
gen_dense_prime: does not support L=100
gen_dense_prime: does not support L=100
gen_dense_prime: does not support L=100
gen_dense_prime: does not support L=100
gen_pow2: does not support L=100
gen_pow2: does not support L=100
gen_pow2: does not support L=100
gen_pow2: does not support L=100
gen_pow2: does not support L=100
gen_pow2: does not support L=100
gen_pow2: does not support L=100
gen_pow2: does not support L=100
gen_rader: does not support L=100
gen_rader: does not support L=100
gen_rader: does not support L=100
gen_rader: does not support L=100
gen_rader: does not support L=100
gen_rader: does not support L=100
gen_rader: does not support L=100
gen_rader: does not support L=100
results/gen_r14/in_L100_B1.bin: No such file or directory
fftw3_custom_soa: fft3d_create failed for L=10 batch=1
fftw3_custom_soa: fft3d_create failed for L=10 batch=1
fftw3_custom_soa: fft3d_create failed for L=10 batch=1
fftw3_custom_soa: fft3d_create failed for L=10 batch=1
fftw3_custom_soa: fft3d_create failed for L=10 batch=1
fftw3_custom_soa: fft3d_create failed for L=10 batch=1
fftw3_custom_soa: fft3d_create failed for L=10 batch=1
fftw3_custom_soa: fft3d_create failed for L=10 batch=1
gen_pfa_large: does not support L=10
gen_pfa_large: does not support L=10
gen_pfa_large: does not support L=10
gen_pfa_large: does not support L=10
gen_pfa_large: does not support L=10
gen_pfa_large: does not support L=10
gen_pfa_large: does not support L=10
gen_pfa_large: does not support L=10
gen_pow2: does not support L=10
gen_pow2: does not support L=10
gen_pow2: does not support L=10
gen_pow2: does not support L=10
gen_powp: does not support L=10
gen_powp: does not support L=10
gen_powp: does not support L=10
gen_powp: does not support L=10
gen_pow2: does not support L=10
gen_pow2: does not support L=10
gen_pow2: does not support L=10
gen_pow2: does not support L=10
gen_powp: does not support L=10
gen_powp: does not support L=10
gen_powp: does not support L=10
gen_powp: does not support L=10
gen_rader: does not support L=10
gen_rader: does not support L=10
gen_rader: does not support L=10
gen_rader: does not support L=10
gen_rader: does not support L=10
gen_rader: does not support L=10
gen_rader: does not support L=10
gen_rader: does not support L=10
results/gen_r14/in_L10_B1.bin: No such file or directory
fftw3_custom_soa: fft3d_create failed for L=12 batch=1
fftw3_custom_soa: fft3d_create failed for L=12 batch=1
fftw3_custom_soa: fft3d_create failed for L=12 batch=1
fftw3_custom_soa: fft3d_create failed for L=12 batch=1
fftw3_custom_soa: fft3d_create failed for L=12 batch=1
fftw3_custom_soa: fft3d_create failed for L=12 batch=1
fftw3_custom_soa: fft3d_create failed for L=12 batch=1
fftw3_custom_soa: fft3d_create failed for L=12 batch=1
gen_pfa_large: does not support L=12
gen_pfa_large: does not support L=12
gen_pfa_large: does not support L=12
gen_pfa_large: does not support L=12
gen_pfa_large: does not support L=12
gen_pfa_large: does not support L=12
gen_pfa_large: does not support L=12
gen_pfa_large: does not support L=12
gen_pow2: does not support L=12
gen_pow2: does not support L=12
gen_pow2: does not support L=12
gen_pow2: does not support L=12
gen_powp: does not support L=12
gen_powp: does not support L=12
gen_powp: does not support L=12
gen_powp: does not support L=12
gen_pow2: does not support L=12
gen_pow2: does not support L=12
gen_pow2: does not support L=12
gen_pow2: does not support L=12
gen_powp: does not support L=12
gen_powp: does not support L=12
gen_powp: does not support L=12
gen_powp: does not support L=12
gen_rader: does not support L=12
gen_rader: does not support L=12
gen_rader: does not support L=12
gen_rader: does not support L=12
gen_rader: does not support L=12
gen_rader: does not support L=12
gen_rader: does not support L=12
gen_rader: does not support L=12
results/gen_r14/in_L12_B1.bin: No such file or directory
