baseline_matrix          L=10  B=64    m=1000  inner=1      min=    54.658 us/xform  median=    54.664  sd=  0.00%      0.91 GF/s  setup=0.000 s
baseline_matrix          L=10  B=64    m=1000  inner=1      min=    54.659 us/xform  median=    54.664  sd=  0.02%      0.91 GF/s  setup=0.000 s
baseline_matrix          L=10  B=64    m=1000  inner=1      min=    54.687 us/xform  median=    54.688  sd=  0.00%      0.91 GF/s  setup=0.000 s
baseline_matrix          L=10  B=64    m=2     inner=1      min=    66.557 us/xform  median=    66.557  sd=  0.00%      0.75 GF/s  setup=0.000 s
ducc0_c2c                L=10  B=64    m=1000  inner=1      min=     9.814 us/xform  median=     9.817  sd=  0.03%      5.08 GF/s  setup=0.000 s
ducc0_c2c                L=10  B=64    m=1000  inner=1      min=     9.739 us/xform  median=     9.745  sd=  0.04%      5.12 GF/s  setup=0.000 s
ducc0_c2c                L=10  B=64    m=1000  inner=1      min=     9.644 us/xform  median=     9.651  sd=  0.06%      5.17 GF/s  setup=0.000 s
ducc0_c2c                L=10  B=64    m=2     inner=1      min=    10.817 us/xform  median=    10.817  sd=  0.00%      4.61 GF/s  setup=0.000 s
fftw3_estimate           L=10  B=64    m=1000  inner=1      min=     7.349 us/xform  median=     7.350  sd=  0.01%      6.78 GF/s  setup=0.001 s
fftw3_estimate           L=10  B=64    m=1000  inner=1      min=     7.300 us/xform  median=     7.300  sd=  0.01%      6.83 GF/s  setup=0.001 s
fftw3_estimate           L=10  B=64    m=1000  inner=1      min=     7.312 us/xform  median=     7.313  sd=  0.01%      6.81 GF/s  setup=0.001 s
fftw3_estimate           L=10  B=64    m=2     inner=1      min=     8.790 us/xform  median=     8.790  sd=  0.00%      5.67 GF/s  setup=0.001 s
fftw3_guru               L=10  B=64    m=1000  inner=1      min=     6.371 us/xform  median=     6.371  sd=  0.00%      7.82 GF/s  setup=0.010 s
fftw3_guru               L=10  B=64    m=1000  inner=1      min=     6.372 us/xform  median=     6.372  sd=  0.00%      7.82 GF/s  setup=0.011 s
fftw3_guru               L=10  B=64    m=1000  inner=1      min=     6.747 us/xform  median=     6.747  sd=  0.01%      7.39 GF/s  setup=0.011 s
fftw3_guru               L=10  B=64    m=2     inner=1      min=     8.824 us/xform  median=     8.824  sd=  0.00%      5.65 GF/s  setup=0.011 s
fftw3_measure            L=10  B=64    m=1000  inner=1      min=     5.214 us/xform  median=     5.214  sd=  0.01%      9.56 GF/s  setup=0.013 s
fftw3_measure            L=10  B=64    m=1000  inner=1      min=     5.171 us/xform  median=     5.171  sd=  0.01%      9.64 GF/s  setup=0.013 s
fftw3_measure            L=10  B=64    m=1000  inner=1      min=     5.218 us/xform  median=     5.218  sd=  0.01%      9.55 GF/s  setup=0.013 s
fftw3_measure            L=10  B=64    m=2     inner=2      min=     6.622 us/xform  median=     6.622  sd=  0.00%      7.52 GF/s  setup=0.013 s
fftw3_patient            L=10  B=64    m=1000  inner=1      min=     5.202 us/xform  median=     5.202  sd=  0.01%      9.58 GF/s  setup=0.022 s
fftw3_patient            L=10  B=64    m=1000  inner=1      min=     5.187 us/xform  median=     5.187  sd=  0.00%      9.61 GF/s  setup=0.022 s
fftw3_patient            L=10  B=64    m=1000  inner=1      min=     5.154 us/xform  median=     5.162  sd=  0.12%      9.67 GF/s  setup=0.021 s
fftw3_patient            L=10  B=64    m=2     inner=2      min=     6.388 us/xform  median=     6.388  sd=  0.00%      7.80 GF/s  setup=0.022 s
gen_batchlane            L=10  B=64    m=1000  inner=1      min=     1.150 us/xform  median=     1.308  sd=  6.40%     43.34 GF/s  setup=0.000 s
gen_batchlane            L=10  B=64    m=1000  inner=1      min=     1.308 us/xform  median=     1.308  sd=  0.04%     38.10 GF/s  setup=0.000 s
gen_batchlane            L=10  B=64    m=1000  inner=1      min=     1.147 us/xform  median=     1.148  sd=  0.05%     43.44 GF/s  setup=0.001 s
gen_batchlane            L=10  B=64    m=2     inner=6      min=     2.233 us/xform  median=     2.233  sd=  0.00%     22.31 GF/s  setup=0.000 s
gen_bluestein            L=10  B=64    m=1000  inner=1      min=    13.500 us/xform  median=    13.501  sd=  0.01%      3.69 GF/s  setup=0.000 s
gen_bluestein            L=10  B=64    m=1000  inner=1      min=    13.389 us/xform  median=    13.392  sd=  0.02%      3.72 GF/s  setup=0.000 s
gen_bluestein            L=10  B=64    m=1000  inner=1      min=    13.484 us/xform  median=    13.487  sd=  0.02%      3.70 GF/s  setup=0.000 s
gen_bluestein            L=10  B=64    m=2     inner=1      min=    15.523 us/xform  median=    15.523  sd=  0.00%      3.21 GF/s  setup=0.000 s
gen_dense_prime          L=10  B=64    m=1000  inner=1      min=     5.529 us/xform  median=     5.530  sd=  0.01%      9.01 GF/s  setup=0.000 s
gen_dense_prime          L=10  B=64    m=1000  inner=1      min=     5.778 us/xform  median=     5.780  sd=  0.02%      8.62 GF/s  setup=0.000 s
gen_dense_prime          L=10  B=64    m=1000  inner=1      min=     5.416 us/xform  median=     5.418  sd=  0.03%      9.20 GF/s  setup=0.000 s
gen_dense_prime          L=10  B=64    m=2     inner=2      min=     7.277 us/xform  median=     7.277  sd=  0.00%      6.85 GF/s  setup=0.000 s
gen_layout               L=10  B=64    m=1000  inner=1      min=     4.738 us/xform  median=     4.742  sd=  0.04%     10.52 GF/s  setup=0.000 s
gen_layout               L=10  B=64    m=1000  inner=1      min=     4.747 us/xform  median=     4.750  sd=  0.03%     10.50 GF/s  setup=0.000 s
gen_layout               L=10  B=64    m=1000  inner=1      min=     4.785 us/xform  median=     4.788  sd=  0.03%     10.41 GF/s  setup=0.000 s
gen_layout               L=10  B=64    m=2     inner=2      min=     5.492 us/xform  median=     5.492  sd=  0.00%      9.07 GF/s  setup=0.000 s
gen_pfa_small            L=10  B=64    m=1000  inner=1      min=     1.156 us/xform  median=     1.157  sd=  0.06%     43.10 GF/s  setup=0.000 s
gen_pfa_small            L=10  B=64    m=1000  inner=1      min=     1.155 us/xform  median=     1.156  sd=  0.04%     43.12 GF/s  setup=0.000 s
gen_pfa_small            L=10  B=64    m=1000  inner=1      min=     1.156 us/xform  median=     1.157  sd=  0.06%     43.11 GF/s  setup=0.000 s
gen_pfa_small            L=10  B=64    m=2     inner=6      min=     2.246 us/xform  median=     2.246  sd=  0.00%     22.19 GF/s  setup=0.000 s
gen_planner              L=10  B=64    m=1000  inner=1      min=     1.335 us/xform  median=     1.336  sd=  0.04%     37.32 GF/s  setup=0.024 s
gen_planner              L=10  B=64    m=1000  inner=1      min=     1.337 us/xform  median=     1.337  sd=  0.03%     37.28 GF/s  setup=0.002 s
gen_planner              L=10  B=64    m=1000  inner=1      min=     1.334 us/xform  median=     1.519  sd=  6.05%     37.35 GF/s  setup=0.002 s
gen_planner              L=10  B=64    m=2     inner=2      min=     4.877 us/xform  median=     4.877  sd=  0.00%     10.22 GF/s  setup=0.002 s
gen_race                 L=10  B=64    m=1000  inner=1      min=     1.344 us/xform  median=     1.347  sd=  6.01%     37.08 GF/s  setup=0.034 s
gen_race                 L=10  B=64    m=1000  inner=1      min=     1.353 us/xform  median=     1.354  sd=  0.06%     36.83 GF/s  setup=0.003 s
gen_race                 L=10  B=64    m=1000  inner=1      min=     1.336 us/xform  median=     1.337  sd=  0.02%     37.29 GF/s  setup=0.004 s
gen_race                 L=10  B=64    m=2     inner=2      min=     4.492 us/xform  median=     4.492  sd=  0.00%     11.09 GF/s  setup=0.003 s
gen_twiddle              L=10  B=64    m=1000  inner=1      min=     6.362 us/xform  median=     6.363  sd=  0.02%      7.83 GF/s  setup=0.003 s
gen_twiddle              L=10  B=64    m=1000  inner=1      min=     6.381 us/xform  median=     6.382  sd=  0.01%      7.81 GF/s  setup=0.004 s
gen_twiddle              L=10  B=64    m=1000  inner=1      min=     6.322 us/xform  median=     6.323  sd=  0.01%      7.88 GF/s  setup=0.002 s
gen_twiddle              L=10  B=64    m=2     inner=1      min=     7.770 us/xform  median=     7.770  sd=  0.00%      6.41 GF/s  setup=0.003 s
mkl2026_dfti             L=10  B=64    m=1000  inner=1      min=     4.630 us/xform  median=     4.631  sd=  0.02%     10.76 GF/s  setup=0.002 s
mkl2026_dfti             L=10  B=64    m=1000  inner=1      min=     4.630 us/xform  median=     4.632  sd=  0.04%     10.76 GF/s  setup=0.001 s
mkl2026_dfti             L=10  B=64    m=1000  inner=1      min=     4.627 us/xform  median=     4.627  sd=  0.01%     10.77 GF/s  setup=0.001 s
mkl2026_dfti             L=10  B=64    m=2     inner=2      min=     5.383 us/xform  median=     5.383  sd=  0.00%      9.26 GF/s  setup=0.002 s
mkl_dfti                 L=10  B=64    m=1000  inner=1      min=     4.579 us/xform  median=     4.580  sd=  0.05%     10.88 GF/s  setup=0.002 s
mkl_dfti                 L=10  B=64    m=1000  inner=1      min=     4.593 us/xform  median=     4.594  sd=  0.03%     10.85 GF/s  setup=0.002 s
mkl_dfti                 L=10  B=64    m=1000  inner=1      min=     4.574 us/xform  median=     4.577  sd=  0.06%     10.89 GF/s  setup=0.002 s
mkl_dfti                 L=10  B=64    m=2     inner=2      min=     5.308 us/xform  median=     5.308  sd=  0.00%      9.39 GF/s  setup=0.002 s
baseline_matrix          L=12  B=64    m=600   inner=1      min=   112.163 us/xform  median=   112.166  sd=  0.01%      0.83 GF/s  setup=0.000 s
baseline_matrix          L=12  B=64    m=600   inner=1      min=   112.095 us/xform  median=   112.097  sd=  0.00%      0.83 GF/s  setup=0.000 s
baseline_matrix          L=12  B=64    m=600   inner=1      min=   112.100 us/xform  median=   112.101  sd=  0.00%      0.83 GF/s  setup=0.000 s
baseline_matrix          L=12  B=64    m=2     inner=1      min=   138.499 us/xform  median=   138.499  sd=  0.00%      0.67 GF/s  setup=0.000 s
ducc0_c2c                L=12  B=64    m=600   inner=1      min=    16.032 us/xform  median=    16.049  sd=  0.07%      5.80 GF/s  setup=0.000 s
ducc0_c2c                L=12  B=64    m=600   inner=1      min=    15.978 us/xform  median=    15.991  sd=  0.07%      5.82 GF/s  setup=0.000 s
ducc0_c2c                L=12  B=64    m=600   inner=1      min=    16.191 us/xform  median=    16.206  sd=  0.09%      5.74 GF/s  setup=0.000 s
ducc0_c2c                L=12  B=64    m=2     inner=1      min=    21.097 us/xform  median=    21.097  sd=  0.00%      4.40 GF/s  setup=0.000 s
fftw3_estimate           L=12  B=64    m=600   inner=1      min=    19.296 us/xform  median=    19.298  sd=  0.00%      4.82 GF/s  setup=0.001 s
fftw3_estimate           L=12  B=64    m=600   inner=1      min=    19.295 us/xform  median=    19.296  sd=  0.00%      4.82 GF/s  setup=0.001 s
fftw3_estimate           L=12  B=64    m=600   inner=1      min=    19.299 us/xform  median=    19.299  sd=  0.00%      4.81 GF/s  setup=0.001 s
fftw3_estimate           L=12  B=64    m=2     inner=1      min=    23.759 us/xform  median=    23.759  sd=  0.00%      3.91 GF/s  setup=0.001 s
fftw3_guru               L=12  B=64    m=600   inner=1      min=    10.181 us/xform  median=    10.183  sd=  0.01%      9.13 GF/s  setup=0.011 s
fftw3_guru               L=12  B=64    m=600   inner=1      min=    10.152 us/xform  median=    10.154  sd=  0.01%      9.15 GF/s  setup=0.012 s
fftw3_guru               L=12  B=64    m=600   inner=1      min=    10.160 us/xform  median=    10.161  sd=  0.01%      9.15 GF/s  setup=0.012 s
fftw3_guru               L=12  B=64    m=2     inner=1      min=    14.190 us/xform  median=    14.190  sd=  0.00%      6.55 GF/s  setup=0.011 s
fftw3_measure            L=12  B=64    m=600   inner=1      min=     8.863 us/xform  median=     8.864  sd=  0.01%     10.48 GF/s  setup=0.014 s
fftw3_measure            L=12  B=64    m=600   inner=1      min=     8.623 us/xform  median=     8.643  sd=  0.16%     10.78 GF/s  setup=0.015 s
fftw3_measure            L=12  B=64    m=600   inner=1      min=     8.860 us/xform  median=     8.861  sd=  0.01%     10.49 GF/s  setup=0.014 s
fftw3_measure            L=12  B=64    m=2     inner=1      min=    12.112 us/xform  median=    12.112  sd=  0.00%      7.67 GF/s  setup=0.014 s
fftw3_patient            L=12  B=64    m=600   inner=1      min=     9.003 us/xform  median=     9.004  sd=  0.01%     10.32 GF/s  setup=0.023 s
fftw3_patient            L=12  B=64    m=600   inner=1      min=     9.004 us/xform  median=     9.005  sd=  0.01%     10.32 GF/s  setup=0.024 s
fftw3_patient            L=12  B=64    m=600   inner=1      min=     8.991 us/xform  median=     8.992  sd=  0.01%     10.33 GF/s  setup=0.025 s
fftw3_patient            L=12  B=64    m=2     inner=1      min=    12.302 us/xform  median=    12.302  sd=  0.00%      7.55 GF/s  setup=0.023 s
gen_batchlane            L=12  B=64    m=600   inner=1      min=     1.917 us/xform  median=     2.035  sd=  6.46%     48.48 GF/s  setup=0.000 s
gen_batchlane            L=12  B=64    m=600   inner=1      min=     1.915 us/xform  median=     1.916  sd=  0.04%     48.53 GF/s  setup=0.000 s
gen_batchlane            L=12  B=64    m=600   inner=1      min=     1.917 us/xform  median=     1.918  sd=  0.03%     48.48 GF/s  setup=0.000 s
gen_batchlane            L=12  B=64    m=2     inner=4      min=     3.795 us/xform  median=     3.795  sd=  0.00%     24.49 GF/s  setup=0.000 s
gen_bluestein            L=12  B=64    m=600   inner=1      min=    19.659 us/xform  median=    19.663  sd=  0.01%      4.73 GF/s  setup=0.000 s
gen_bluestein            L=12  B=64    m=600   inner=1      min=    19.488 us/xform  median=    19.491  sd=  0.01%      4.77 GF/s  setup=0.000 s
gen_bluestein            L=12  B=64    m=600   inner=1      min=    19.741 us/xform  median=    19.743  sd=  0.03%      4.71 GF/s  setup=0.000 s
gen_bluestein            L=12  B=64    m=2     inner=1      min=    22.213 us/xform  median=    22.213  sd=  0.00%      4.18 GF/s  setup=0.000 s
gen_dense_prime          L=12  B=64    m=600   inner=1      min=     8.413 us/xform  median=     8.415  sd=  0.02%     11.04 GF/s  setup=0.000 s
gen_dense_prime          L=12  B=64    m=600   inner=1      min=     8.010 us/xform  median=     8.012  sd=  0.01%     11.60 GF/s  setup=0.000 s
gen_dense_prime          L=12  B=64    m=600   inner=1      min=     8.578 us/xform  median=     8.580  sd=  0.01%     10.83 GF/s  setup=0.000 s
gen_dense_prime          L=12  B=64    m=2     inner=1      min=     9.632 us/xform  median=     9.632  sd=  0.00%      9.65 GF/s  setup=0.000 s
gen_layout               L=12  B=64    m=600   inner=1      min=     7.819 us/xform  median=     7.824  sd=  0.05%     11.88 GF/s  setup=0.000 s
gen_layout               L=12  B=64    m=600   inner=1      min=     7.855 us/xform  median=     7.856  sd=  0.02%     11.83 GF/s  setup=0.000 s
gen_layout               L=12  B=64    m=600   inner=1      min=     7.992 us/xform  median=     8.000  sd=  0.04%     11.63 GF/s  setup=0.000 s
gen_layout               L=12  B=64    m=2     inner=1      min=     8.861 us/xform  median=     8.861  sd=  0.00%     10.49 GF/s  setup=0.000 s
gen_pfa_small            L=12  B=64    m=600   inner=1      min=     1.933 us/xform  median=     1.934  sd=  0.01%     48.08 GF/s  setup=0.000 s
gen_pfa_small            L=12  B=64    m=600   inner=1      min=     1.917 us/xform  median=     2.181  sd=  5.02%     48.47 GF/s  setup=0.000 s
gen_pfa_small            L=12  B=64    m=600   inner=1      min=     1.915 us/xform  median=     2.179  sd=  5.63%     48.52 GF/s  setup=0.000 s
gen_pfa_small            L=12  B=64    m=2     inner=4      min=     3.812 us/xform  median=     3.812  sd=  0.00%     24.38 GF/s  setup=0.000 s
gen_planner              L=12  B=64    m=600   inner=1      min=     2.344 us/xform  median=     2.347  sd=  0.05%     39.64 GF/s  setup=0.005 s
gen_planner              L=12  B=64    m=600   inner=1      min=     2.371 us/xform  median=     2.373  sd=  0.07%     39.20 GF/s  setup=0.003 s
gen_planner              L=12  B=64    m=600   inner=1      min=     2.348 us/xform  median=     2.350  sd=  0.04%     39.57 GF/s  setup=0.002 s
gen_planner              L=12  B=64    m=2     inner=1      min=     8.313 us/xform  median=     8.313  sd=  0.00%     11.18 GF/s  setup=0.002 s
gen_race                 L=12  B=64    m=600   inner=1      min=     2.338 us/xform  median=     2.340  sd=  5.41%     39.74 GF/s  setup=0.043 s
gen_race                 L=12  B=64    m=600   inner=1      min=     2.338 us/xform  median=     2.340  sd=  0.09%     39.74 GF/s  setup=0.004 s
gen_race                 L=12  B=64    m=600   inner=1      min=     2.350 us/xform  median=     2.350  sd=  0.02%     39.55 GF/s  setup=0.003 s
gen_race                 L=12  B=64    m=2     inner=1      min=     8.391 us/xform  median=     8.391  sd=  0.00%     11.07 GF/s  setup=0.003 s
gen_twiddle              L=12  B=64    m=600   inner=1      min=     8.954 us/xform  median=     8.956  sd=  0.02%     10.38 GF/s  setup=0.003 s
gen_twiddle              L=12  B=64    m=600   inner=1      min=     9.298 us/xform  median=     9.300  sd=  0.01%      9.99 GF/s  setup=0.002 s
gen_twiddle              L=12  B=64    m=600   inner=1      min=     9.292 us/xform  median=     9.295  sd=  0.02%     10.00 GF/s  setup=0.002 s
gen_twiddle              L=12  B=64    m=2     inner=1      min=    10.979 us/xform  median=    10.979  sd=  0.00%      8.46 GF/s  setup=0.003 s
mkl2026_dfti             L=12  B=64    m=600   inner=1      min=     7.762 us/xform  median=     7.763  sd=  0.01%     11.97 GF/s  setup=0.002 s
mkl2026_dfti             L=12  B=64    m=600   inner=1      min=     7.760 us/xform  median=     7.761  sd=  0.01%     11.97 GF/s  setup=0.001 s
mkl2026_dfti             L=12  B=64    m=600   inner=1      min=     7.762 us/xform  median=     7.762  sd=  0.01%     11.97 GF/s  setup=0.001 s
mkl2026_dfti             L=12  B=64    m=2     inner=1      min=    10.962 us/xform  median=    10.962  sd=  0.00%      8.48 GF/s  setup=0.002 s
mkl_dfti                 L=12  B=64    m=600   inner=1      min=     7.802 us/xform  median=     7.802  sd=  0.01%     11.91 GF/s  setup=0.002 s
mkl_dfti                 L=12  B=64    m=600   inner=1      min=     7.768 us/xform  median=     7.769  sd=  0.01%     11.96 GF/s  setup=0.002 s
mkl_dfti                 L=12  B=64    m=600   inner=1      min=     7.769 us/xform  median=     7.770  sd=  0.01%     11.96 GF/s  setup=0.001 s
mkl_dfti                 L=12  B=64    m=2     inner=1      min=    10.785 us/xform  median=    10.785  sd=  0.00%      8.62 GF/s  setup=0.002 s
baseline_matrix          L=15  B=32    m=600   inner=1      min=   272.511 us/xform  median=   272.519  sd=  0.00%      0.73 GF/s  setup=0.000 s
baseline_matrix          L=15  B=32    m=600   inner=1      min=   272.394 us/xform  median=   272.400  sd=  0.00%      0.73 GF/s  setup=0.000 s
baseline_matrix          L=15  B=32    m=600   inner=1      min=   272.401 us/xform  median=   272.410  sd=  0.02%      0.73 GF/s  setup=0.000 s
baseline_matrix          L=15  B=32    m=2     inner=1      min=   333.183 us/xform  median=   333.183  sd=  0.00%      0.59 GF/s  setup=0.000 s
ducc0_c2c                L=15  B=32    m=600   inner=1      min=    32.633 us/xform  median=    32.684  sd=  0.09%      6.06 GF/s  setup=0.000 s
ducc0_c2c                L=15  B=32    m=600   inner=1      min=    32.799 us/xform  median=    32.882  sd=  0.15%      6.03 GF/s  setup=0.000 s
ducc0_c2c                L=15  B=32    m=600   inner=1      min=    32.990 us/xform  median=    33.009  sd=  0.07%      6.00 GF/s  setup=0.000 s
ducc0_c2c                L=15  B=32    m=2     inner=1      min=    40.768 us/xform  median=    40.768  sd=  0.00%      4.85 GF/s  setup=0.000 s
fftw3_estimate           L=15  B=32    m=600   inner=1      min=    21.048 us/xform  median=    21.052  sd=  0.01%      9.40 GF/s  setup=0.001 s
fftw3_estimate           L=15  B=32    m=600   inner=1      min=    21.096 us/xform  median=    21.104  sd=  0.02%      9.38 GF/s  setup=0.001 s
fftw3_estimate           L=15  B=32    m=600   inner=1      min=    20.625 us/xform  median=    20.629  sd=  0.03%      9.59 GF/s  setup=0.001 s
fftw3_estimate           L=15  B=32    m=2     inner=1      min=    28.468 us/xform  median=    28.468  sd=  0.00%      6.95 GF/s  setup=0.001 s
fftw3_guru               L=15  B=32    m=600   inner=1      min=    26.668 us/xform  median=    26.701  sd=  0.07%      7.42 GF/s  setup=0.010 s
fftw3_guru               L=15  B=32    m=600   inner=1      min=    26.279 us/xform  median=    26.706  sd=  0.99%      7.53 GF/s  setup=0.010 s
fftw3_guru               L=15  B=32    m=600   inner=1      min=    26.570 us/xform  median=    26.639  sd=  0.10%      7.44 GF/s  setup=0.010 s
fftw3_guru               L=15  B=32    m=2     inner=1      min=    36.065 us/xform  median=    36.065  sd=  0.00%      5.48 GF/s  setup=0.011 s
fftw3_measure            L=15  B=32    m=600   inner=1      min=    19.918 us/xform  median=    19.921  sd=  0.01%      9.93 GF/s  setup=0.010 s
fftw3_measure            L=15  B=32    m=600   inner=1      min=    20.820 us/xform  median=    20.823  sd=  0.01%      9.50 GF/s  setup=0.012 s
fftw3_measure            L=15  B=32    m=600   inner=1      min=    19.835 us/xform  median=    19.838  sd=  0.01%      9.97 GF/s  setup=0.011 s
fftw3_measure            L=15  B=32    m=2     inner=1      min=    26.081 us/xform  median=    26.081  sd=  0.00%      7.58 GF/s  setup=0.011 s
fftw3_patient            L=15  B=32    m=600   inner=1      min=    19.731 us/xform  median=    19.736  sd=  0.01%     10.02 GF/s  setup=0.020 s
fftw3_patient            L=15  B=32    m=600   inner=1      min=    19.835 us/xform  median=    19.859  sd=  0.05%      9.97 GF/s  setup=0.021 s
fftw3_patient            L=15  B=32    m=600   inner=1      min=    19.672 us/xform  median=    19.674  sd=  0.01%     10.05 GF/s  setup=0.021 s
fftw3_patient            L=15  B=32    m=2     inner=1      min=    26.460 us/xform  median=    26.460  sd=  0.00%      7.47 GF/s  setup=0.021 s
gen_batchlane            L=15  B=32    m=600   inner=1      min=     4.399 us/xform  median=     4.400  sd=  0.04%     44.96 GF/s  setup=0.000 s
gen_batchlane            L=15  B=32    m=600   inner=1      min=     4.381 us/xform  median=     4.384  sd=  0.03%     45.15 GF/s  setup=0.000 s
gen_batchlane            L=15  B=32    m=600   inner=1      min=     4.405 us/xform  median=     4.407  sd=  0.04%     44.90 GF/s  setup=0.000 s
gen_batchlane            L=15  B=32    m=2     inner=2      min=     9.580 us/xform  median=     9.580  sd=  0.00%     20.65 GF/s  setup=0.000 s
gen_bluestein            L=15  B=32    m=600   inner=1      min=    34.269 us/xform  median=    34.285  sd=  0.06%      5.77 GF/s  setup=0.000 s
gen_bluestein            L=15  B=32    m=600   inner=1      min=    34.093 us/xform  median=    34.104  sd=  0.02%      5.80 GF/s  setup=0.000 s
gen_bluestein            L=15  B=32    m=600   inner=1      min=    34.237 us/xform  median=    34.248  sd=  0.03%      5.78 GF/s  setup=0.000 s
gen_bluestein            L=15  B=32    m=2     inner=1      min=    39.293 us/xform  median=    39.293  sd=  0.00%      5.03 GF/s  setup=0.000 s
gen_dense_prime          L=15  B=32    m=600   inner=1      min=    15.394 us/xform  median=    15.399  sd=  0.02%     12.85 GF/s  setup=0.000 s
gen_dense_prime          L=15  B=32    m=600   inner=1      min=    15.677 us/xform  median=    15.684  sd=  0.03%     12.62 GF/s  setup=0.000 s
gen_dense_prime          L=15  B=32    m=600   inner=1      min=    14.520 us/xform  median=    14.526  sd=  0.02%     13.62 GF/s  setup=0.000 s
gen_dense_prime          L=15  B=32    m=2     inner=1      min=    21.783 us/xform  median=    21.783  sd=  0.00%      9.08 GF/s  setup=0.000 s
gen_layout               L=15  B=32    m=600   inner=1      min=    19.168 us/xform  median=    19.202  sd=  0.08%     10.32 GF/s  setup=0.000 s
gen_layout               L=15  B=32    m=600   inner=1      min=    19.126 us/xform  median=    19.153  sd=  0.06%     10.34 GF/s  setup=0.000 s
gen_layout               L=15  B=32    m=600   inner=1      min=    19.433 us/xform  median=    19.440  sd=  0.06%     10.18 GF/s  setup=0.000 s
gen_layout               L=15  B=32    m=2     inner=1      min=    22.399 us/xform  median=    22.399  sd=  0.00%      8.83 GF/s  setup=0.000 s
gen_pfa_small            L=15  B=32    m=600   inner=1      min=     4.411 us/xform  median=     4.413  sd=  0.03%     44.84 GF/s  setup=0.000 s
gen_pfa_small            L=15  B=32    m=600   inner=1      min=     4.415 us/xform  median=     4.417  sd=  0.03%     44.80 GF/s  setup=0.000 s
gen_pfa_small            L=15  B=32    m=600   inner=1      min=     4.407 us/xform  median=     4.411  sd=  0.04%     44.88 GF/s  setup=0.000 s
gen_pfa_small            L=15  B=32    m=2     inner=2      min=     9.774 us/xform  median=     9.774  sd=  0.00%     20.24 GF/s  setup=0.000 s
gen_planner              L=15  B=32    m=600   inner=1      min=     5.629 us/xform  median=     5.631  sd=  0.14%     35.14 GF/s  setup=0.007 s
gen_planner              L=15  B=32    m=600   inner=1      min=     5.594 us/xform  median=     5.595  sd=  0.02%     35.36 GF/s  setup=0.003 s
gen_planner              L=15  B=32    m=600   inner=1      min=     5.518 us/xform  median=     5.520  sd=  0.01%     35.84 GF/s  setup=0.004 s
gen_planner              L=15  B=32    m=2     inner=1      min=    17.061 us/xform  median=    17.061  sd=  0.00%     11.59 GF/s  setup=0.003 s
gen_race                 L=15  B=32    m=600   inner=1      min=     5.389 us/xform  median=     6.141  sd=  6.54%     36.70 GF/s  setup=0.042 s
gen_race                 L=15  B=32    m=600   inner=1      min=     5.320 us/xform  median=     6.350  sd=  8.65%     37.18 GF/s  setup=0.005 s
gen_race                 L=15  B=32    m=600   inner=1      min=     5.360 us/xform  median=     5.362  sd=  0.02%     36.90 GF/s  setup=0.003 s
gen_race                 L=15  B=32    m=2     inner=1      min=    17.872 us/xform  median=    17.872  sd=  0.00%     11.07 GF/s  setup=0.003 s
gen_twiddle              L=15  B=32    m=600   inner=1      min=    19.636 us/xform  median=    19.645  sd=  0.03%     10.07 GF/s  setup=0.003 s
gen_twiddle              L=15  B=32    m=600   inner=1      min=    19.767 us/xform  median=    19.770  sd=  0.02%     10.01 GF/s  setup=0.004 s
gen_twiddle              L=15  B=32    m=600   inner=1      min=    19.773 us/xform  median=    19.776  sd=  0.02%     10.00 GF/s  setup=0.002 s
gen_twiddle              L=15  B=32    m=2     inner=1      min=    23.534 us/xform  median=    23.534  sd=  0.00%      8.40 GF/s  setup=0.003 s
mkl2026_dfti             L=15  B=32    m=600   inner=1      min=    16.642 us/xform  median=    16.643  sd=  0.01%     11.88 GF/s  setup=0.003 s
mkl2026_dfti             L=15  B=32    m=600   inner=1      min=    16.649 us/xform  median=    16.651  sd=  0.01%     11.88 GF/s  setup=0.001 s
mkl2026_dfti             L=15  B=32    m=600   inner=1      min=    16.629 us/xform  median=    16.631  sd=  0.01%     11.89 GF/s  setup=0.001 s
mkl2026_dfti             L=15  B=32    m=2     inner=1      min=    23.150 us/xform  median=    23.150  sd=  0.00%      8.54 GF/s  setup=0.002 s
mkl_dfti                 L=15  B=32    m=600   inner=1      min=    16.559 us/xform  median=    16.560  sd=  0.01%     11.94 GF/s  setup=0.003 s
mkl_dfti                 L=15  B=32    m=600   inner=1      min=    16.550 us/xform  median=    16.552  sd=  0.01%     11.95 GF/s  setup=0.001 s
mkl_dfti                 L=15  B=32    m=600   inner=1      min=    16.459 us/xform  median=    16.461  sd=  0.03%     12.02 GF/s  setup=0.002 s
mkl_dfti                 L=15  B=32    m=2     inner=1      min=    22.615 us/xform  median=    22.615  sd=  0.00%      8.75 GF/s  setup=0.002 s
baseline_matrix          L=20  B=32    m=256   inner=1      min=   850.256 us/xform  median=   850.279  sd=  0.02%      0.61 GF/s  setup=0.000 s
baseline_matrix          L=20  B=32    m=256   inner=1      min=   850.256 us/xform  median=   850.271  sd=  0.01%      0.61 GF/s  setup=0.000 s
baseline_matrix          L=20  B=32    m=256   inner=1      min=   850.346 us/xform  median=   850.358  sd=  0.00%      0.61 GF/s  setup=0.000 s
baseline_matrix          L=20  B=32    m=2     inner=1      min=   860.894 us/xform  median=   860.894  sd=  0.00%      0.60 GF/s  setup=0.000 s
ducc0_c2c                L=20  B=32    m=256   inner=1      min=    73.622 us/xform  median=    73.697  sd=  0.16%      7.04 GF/s  setup=0.000 s
ducc0_c2c                L=20  B=32    m=256   inner=1      min=    73.899 us/xform  median=    74.014  sd=  0.14%      7.02 GF/s  setup=0.000 s
ducc0_c2c                L=20  B=32    m=256   inner=1      min=    72.864 us/xform  median=    72.976  sd=  0.18%      7.12 GF/s  setup=0.000 s
ducc0_c2c                L=20  B=32    m=2     inner=1      min=    92.789 us/xform  median=    92.789  sd=  0.00%      5.59 GF/s  setup=0.000 s
fftw3_estimate           L=20  B=32    m=256   inner=1      min=    91.895 us/xform  median=    91.957  sd=  0.03%      5.64 GF/s  setup=0.001 s
fftw3_estimate           L=20  B=32    m=256   inner=1      min=    91.810 us/xform  median=    91.893  sd=  0.05%      5.65 GF/s  setup=0.001 s
fftw3_estimate           L=20  B=32    m=256   inner=1      min=    91.829 us/xform  median=    91.879  sd=  0.06%      5.65 GF/s  setup=0.001 s
fftw3_estimate           L=20  B=32    m=2     inner=1      min=   113.248 us/xform  median=   113.248  sd=  0.00%      4.58 GF/s  setup=0.001 s
fftw3_guru               L=20  B=32    m=256   inner=1      min=    60.664 us/xform  median=    60.676  sd=  0.02%      8.55 GF/s  setup=0.076 s
fftw3_guru               L=20  B=32    m=256   inner=1      min=    60.048 us/xform  median=    60.057  sd=  0.03%      8.64 GF/s  setup=0.075 s
fftw3_guru               L=20  B=32    m=256   inner=1      min=    60.069 us/xform  median=    60.078  sd=  0.02%      8.63 GF/s  setup=0.075 s
fftw3_guru               L=20  B=32    m=2     inner=1      min=    85.632 us/xform  median=    85.632  sd=  0.00%      6.06 GF/s  setup=0.077 s
fftw3_measure            L=20  B=32    m=256   inner=1      min=    45.100 us/xform  median=    45.107  sd=  0.02%     11.50 GF/s  setup=0.084 s
fftw3_measure            L=20  B=32    m=256   inner=1      min=    45.166 us/xform  median=    45.172  sd=  0.02%     11.48 GF/s  setup=0.081 s
fftw3_measure            L=20  B=32    m=256   inner=1      min=    45.599 us/xform  median=    45.607  sd=  0.03%     11.37 GF/s  setup=0.081 s
fftw3_measure            L=20  B=32    m=2     inner=1      min=    54.050 us/xform  median=    54.050  sd=  0.00%      9.60 GF/s  setup=0.082 s
fftw3_patient            L=20  B=32    m=256   inner=1      min=    45.050 us/xform  median=    45.055  sd=  0.02%     11.51 GF/s  setup=0.298 s
fftw3_patient            L=20  B=32    m=256   inner=1      min=    45.905 us/xform  median=    45.908  sd=  0.03%     11.30 GF/s  setup=0.296 s
fftw3_patient            L=20  B=32    m=256   inner=1      min=    44.912 us/xform  median=    44.927  sd=  0.02%     11.55 GF/s  setup=0.319 s
fftw3_patient            L=20  B=32    m=2     inner=1      min=    54.298 us/xform  median=    54.298  sd=  0.00%      9.55 GF/s  setup=0.304 s
gen_batchlane            L=20  B=32    m=256   inner=1      min=    12.874 us/xform  median=    12.920  sd=  0.20%     40.28 GF/s  setup=0.001 s
gen_batchlane            L=20  B=32    m=256   inner=1      min=    12.855 us/xform  median=    12.891  sd=  0.15%     40.34 GF/s  setup=0.001 s
gen_batchlane            L=20  B=32    m=256   inner=1      min=    13.013 us/xform  median=    13.152  sd=  5.50%     39.86 GF/s  setup=0.001 s
gen_batchlane            L=20  B=32    m=2     inner=1      min=    27.951 us/xform  median=    27.951  sd=  0.00%     18.56 GF/s  setup=0.001 s
gen_bluestein            L=20  B=32    m=256   inner=1      min=    83.990 us/xform  median=    84.056  sd=  0.04%      6.17 GF/s  setup=0.000 s
gen_bluestein            L=20  B=32    m=256   inner=1      min=    84.836 us/xform  median=    84.900  sd=  0.03%      6.11 GF/s  setup=0.000 s
gen_bluestein            L=20  B=32    m=256   inner=1      min=    84.081 us/xform  median=    84.113  sd=  0.02%      6.17 GF/s  setup=0.000 s
gen_bluestein            L=20  B=32    m=2     inner=1      min=    89.795 us/xform  median=    89.795  sd=  0.00%      5.78 GF/s  setup=0.000 s
gen_dense_prime          L=20  B=32    m=256   inner=1      min=    39.564 us/xform  median=    39.567  sd=  0.01%     13.11 GF/s  setup=0.000 s
gen_dense_prime          L=20  B=32    m=256   inner=1      min=    39.599 us/xform  median=    39.602  sd=  0.01%     13.10 GF/s  setup=0.000 s
gen_dense_prime          L=20  B=32    m=256   inner=1      min=    39.003 us/xform  median=    39.008  sd=  0.01%     13.30 GF/s  setup=0.000 s
gen_dense_prime          L=20  B=32    m=2     inner=1      min=    50.358 us/xform  median=    50.358  sd=  0.00%     10.30 GF/s  setup=0.000 s
gen_layout               L=20  B=32    m=256   inner=1      min=    35.789 us/xform  median=    35.812  sd=  0.04%     14.49 GF/s  setup=0.000 s
gen_layout               L=20  B=32    m=256   inner=1      min=    36.002 us/xform  median=    36.010  sd=  0.02%     14.41 GF/s  setup=0.000 s
gen_layout               L=20  B=32    m=256   inner=1      min=    35.933 us/xform  median=    35.945  sd=  0.02%     14.43 GF/s  setup=0.001 s
gen_layout               L=20  B=32    m=2     inner=1      min=    41.149 us/xform  median=    41.149  sd=  0.00%     12.60 GF/s  setup=0.000 s
gen_pfa_small            L=20  B=32    m=256   inner=1      min=    12.938 us/xform  median=    12.951  sd=  0.18%     40.08 GF/s  setup=0.001 s
gen_pfa_small            L=20  B=32    m=256   inner=1      min=    12.944 us/xform  median=    12.953  sd=  0.03%     40.07 GF/s  setup=0.001 s
gen_pfa_small            L=20  B=32    m=256   inner=1      min=    12.929 us/xform  median=    12.939  sd=  0.08%     40.11 GF/s  setup=0.001 s
gen_pfa_small            L=20  B=32    m=2     inner=1      min=    31.627 us/xform  median=    31.627  sd=  0.00%     16.40 GF/s  setup=0.001 s
gen_planner              L=20  B=32    m=256   inner=1      min=    17.498 us/xform  median=    17.500  sd=  0.04%     29.64 GF/s  setup=0.015 s
gen_planner              L=20  B=32    m=256   inner=1      min=    17.190 us/xform  median=    17.231  sd=  6.33%     30.17 GF/s  setup=0.008 s
gen_planner              L=20  B=32    m=256   inner=1      min=    17.166 us/xform  median=    17.171  sd=  0.03%     30.21 GF/s  setup=0.005 s
gen_planner              L=20  B=32    m=2     inner=1      min=    52.359 us/xform  median=    52.359  sd=  0.00%      9.91 GF/s  setup=0.005 s
gen_race                 L=20  B=32    m=256   inner=1      min=    17.661 us/xform  median=    17.667  sd=  0.02%     29.37 GF/s  setup=0.062 s
gen_race                 L=20  B=32    m=256   inner=1      min=    17.618 us/xform  median=    17.622  sd=  0.02%     29.44 GF/s  setup=0.004 s
gen_race                 L=20  B=32    m=256   inner=1      min=    17.620 us/xform  median=    17.626  sd=  5.37%     29.43 GF/s  setup=0.005 s
gen_race                 L=20  B=32    m=2     inner=1      min=    24.334 us/xform  median=    24.334  sd=  0.00%     21.31 GF/s  setup=0.002 s
gen_twiddle              L=20  B=32    m=256   inner=1      min=    36.511 us/xform  median=    36.528  sd=  0.04%     14.20 GF/s  setup=0.003 s
gen_twiddle              L=20  B=32    m=256   inner=1      min=    36.922 us/xform  median=    36.956  sd=  0.04%     14.05 GF/s  setup=0.004 s
gen_twiddle              L=20  B=32    m=256   inner=1      min=    36.851 us/xform  median=    36.867  sd=  0.02%     14.07 GF/s  setup=0.003 s
gen_twiddle              L=20  B=32    m=2     inner=1      min=    48.792 us/xform  median=    48.792  sd=  0.00%     10.63 GF/s  setup=0.003 s
mkl2026_dfti             L=20  B=32    m=256   inner=1      min=    57.479 us/xform  median=    57.616  sd=  0.70%      9.02 GF/s  setup=0.045 s
mkl2026_dfti             L=20  B=32    m=256   inner=1      min=    57.793 us/xform  median=    57.827  sd=  0.08%      8.97 GF/s  setup=0.048 s
mkl2026_dfti             L=20  B=32    m=256   inner=1      min=    58.369 us/xform  median=    58.591  sd=  0.21%      8.89 GF/s  setup=0.049 s
mkl2026_dfti             L=20  B=32    m=2     inner=1      min=    76.246 us/xform  median=    76.246  sd=  0.00%      6.80 GF/s  setup=0.049 s
mkl_dfti                 L=20  B=32    m=256   inner=1      min=    57.856 us/xform  median=    57.955  sd=  0.10%      8.96 GF/s  setup=0.033 s
mkl_dfti                 L=20  B=32    m=256   inner=1      min=    58.119 us/xform  median=    58.243  sd=  0.14%      8.92 GF/s  setup=0.053 s
mkl_dfti                 L=20  B=32    m=256   inner=1      min=    58.427 us/xform  median=    58.586  sd=  0.19%      8.88 GF/s  setup=0.054 s
mkl_dfti                 L=20  B=32    m=2     inner=1      min=   109.982 us/xform  median=   109.982  sd=  0.00%      4.72 GF/s  setup=0.045 s
baseline_matrix          L=25  B=16    m=256   inner=1      min=  2061.199 us/xform  median=  2061.291  sd=  0.01%      0.53 GF/s  setup=0.000 s
baseline_matrix          L=25  B=16    m=256   inner=1      min=  2061.162 us/xform  median=  2061.255  sd=  0.00%      0.53 GF/s  setup=0.000 s
baseline_matrix          L=25  B=16    m=256   inner=1      min=  2061.402 us/xform  median=  2061.480  sd=  0.01%      0.53 GF/s  setup=0.000 s
baseline_matrix          L=25  B=16    m=2     inner=1      min=  2076.686 us/xform  median=  2076.686  sd=  0.00%      0.52 GF/s  setup=0.000 s
ducc0_c2c                L=25  B=16    m=256   inner=1      min=   146.474 us/xform  median=   146.654  sd=  0.12%      7.43 GF/s  setup=0.000 s
ducc0_c2c                L=25  B=16    m=256   inner=1      min=   146.795 us/xform  median=   146.925  sd=  0.14%      7.41 GF/s  setup=0.000 s
ducc0_c2c                L=25  B=16    m=256   inner=1      min=   146.907 us/xform  median=   147.064  sd=  0.15%      7.41 GF/s  setup=0.000 s
ducc0_c2c                L=25  B=16    m=2     inner=1      min=   184.845 us/xform  median=   184.845  sd=  0.00%      5.89 GF/s  setup=0.000 s
fftw3_estimate           L=25  B=16    m=256   inner=1      min=   132.926 us/xform  median=   132.977  sd=  0.11%      8.19 GF/s  setup=0.001 s
fftw3_estimate           L=25  B=16    m=256   inner=1      min=   133.838 us/xform  median=   133.978  sd=  0.05%      8.13 GF/s  setup=0.001 s
fftw3_estimate           L=25  B=16    m=256   inner=1      min=   132.534 us/xform  median=   132.746  sd=  0.07%      8.21 GF/s  setup=0.001 s
fftw3_estimate           L=25  B=16    m=2     inner=1      min=   172.676 us/xform  median=   172.676  sd=  0.00%      6.30 GF/s  setup=0.001 s
fftw3_guru               L=25  B=16    m=256   inner=1      min=   175.335 us/xform  median=   175.365  sd=  0.03%      6.21 GF/s  setup=0.030 s
fftw3_guru               L=25  B=16    m=256   inner=1      min=   188.894 us/xform  median=   188.941  sd=  0.01%      5.76 GF/s  setup=0.033 s
fftw3_guru               L=25  B=16    m=256   inner=1      min=   175.888 us/xform  median=   175.923  sd=  0.01%      6.19 GF/s  setup=0.029 s
fftw3_guru               L=25  B=16    m=2     inner=1      min=   235.781 us/xform  median=   235.781  sd=  0.00%      4.62 GF/s  setup=0.032 s
fftw3_measure            L=25  B=16    m=256   inner=1      min=   119.492 us/xform  median=   119.519  sd=  0.02%      9.11 GF/s  setup=0.028 s
fftw3_measure            L=25  B=16    m=256   inner=1      min=   108.637 us/xform  median=   108.666  sd=  0.03%     10.02 GF/s  setup=0.029 s
fftw3_measure            L=25  B=16    m=256   inner=1      min=   116.541 us/xform  median=   116.561  sd=  0.02%      9.34 GF/s  setup=0.028 s
fftw3_measure            L=25  B=16    m=2     inner=1      min=   146.322 us/xform  median=   146.322  sd=  0.00%      7.44 GF/s  setup=0.028 s
fftw3_patient            L=25  B=16    m=256   inner=1      min=   111.317 us/xform  median=   111.334  sd=  0.03%      9.78 GF/s  setup=0.104 s
fftw3_patient            L=25  B=16    m=256   inner=1      min=   108.696 us/xform  median=   108.716  sd=  0.01%     10.01 GF/s  setup=0.103 s
fftw3_patient            L=25  B=16    m=256   inner=1      min=   108.582 us/xform  median=   108.608  sd=  0.02%     10.02 GF/s  setup=0.103 s
fftw3_patient            L=25  B=16    m=2     inner=1      min=   149.459 us/xform  median=   149.459  sd=  0.00%      7.28 GF/s  setup=0.110 s
gen_bluestein            L=25  B=16    m=256   inner=1      min=   182.090 us/xform  median=   182.237  sd=  0.04%      5.98 GF/s  setup=0.000 s
gen_bluestein            L=25  B=16    m=256   inner=1      min=   182.722 us/xform  median=   182.786  sd=  0.03%      5.96 GF/s  setup=0.000 s
gen_bluestein            L=25  B=16    m=256   inner=1      min=   180.174 us/xform  median=   180.197  sd=  0.01%      6.04 GF/s  setup=0.000 s
gen_bluestein            L=25  B=16    m=2     inner=1      min=   207.781 us/xform  median=   207.781  sd=  0.00%      5.24 GF/s  setup=0.000 s
gen_layout               L=25  B=16    m=256   inner=1      min=    99.017 us/xform  median=    99.035  sd=  0.01%     10.99 GF/s  setup=0.000 s
gen_layout               L=25  B=16    m=256   inner=1      min=    98.515 us/xform  median=    98.521  sd=  0.01%     11.05 GF/s  setup=0.000 s
gen_layout               L=25  B=16    m=256   inner=1      min=    98.517 us/xform  median=    98.539  sd=  0.01%     11.05 GF/s  setup=0.000 s
gen_layout               L=25  B=16    m=2     inner=1      min=   116.247 us/xform  median=   116.247  sd=  0.00%      9.36 GF/s  setup=0.000 s
gen_planner              L=25  B=16    m=256   inner=1      min=    40.162 us/xform  median=    40.171  sd=  0.03%     27.10 GF/s  setup=0.022 s
gen_planner              L=25  B=16    m=256   inner=1      min=    41.143 us/xform  median=    41.146  sd=  0.03%     26.45 GF/s  setup=0.011 s
gen_planner              L=25  B=16    m=256   inner=1      min=    40.327 us/xform  median=    40.334  sd=  0.02%     26.99 GF/s  setup=0.013 s
gen_planner              L=25  B=16    m=2     inner=1      min=   151.269 us/xform  median=   151.269  sd=  0.00%      7.20 GF/s  setup=0.011 s
gen_powp                 L=25  B=16    m=256   inner=1      min=    31.791 us/xform  median=    31.802  sd=  0.02%     34.24 GF/s  setup=0.535 s
gen_powp                 L=25  B=16    m=256   inner=1      min=    30.916 us/xform  median=    30.932  sd=  0.06%     35.21 GF/s  setup=0.004 s
gen_powp                 L=25  B=16    m=256   inner=1      min=    30.882 us/xform  median=    30.896  sd=  0.04%     35.24 GF/s  setup=0.002 s
gen_powp                 L=25  B=16    m=2     inner=1      min=    68.675 us/xform  median=    68.675  sd=  0.00%     15.85 GF/s  setup=0.004 s
gen_race                 L=25  B=16    m=256   inner=1      min=    39.645 us/xform  median=    39.652  sd=  0.03%     27.45 GF/s  setup=0.045 s
gen_race                 L=25  B=16    m=256   inner=1      min=    39.613 us/xform  median=    39.620  sd=  0.02%     27.48 GF/s  setup=0.003 s
gen_race                 L=25  B=16    m=256   inner=1      min=    39.679 us/xform  median=    39.687  sd=  0.02%     27.43 GF/s  setup=0.003 s
gen_race                 L=25  B=16    m=2     inner=1      min=   158.199 us/xform  median=   158.199  sd=  0.00%      6.88 GF/s  setup=0.004 s
gen_twiddle              L=25  B=16    m=256   inner=1      min=    82.416 us/xform  median=    82.447  sd=  0.03%     13.21 GF/s  setup=0.003 s
gen_twiddle              L=25  B=16    m=256   inner=1      min=    80.450 us/xform  median=    80.492  sd=  0.02%     13.53 GF/s  setup=0.003 s
gen_twiddle              L=25  B=16    m=256   inner=1      min=    78.984 us/xform  median=    79.009  sd=  0.02%     13.78 GF/s  setup=0.003 s
gen_twiddle              L=25  B=16    m=2     inner=1      min=    93.813 us/xform  median=    93.813  sd=  0.00%     11.60 GF/s  setup=0.003 s
mkl2026_dfti             L=25  B=16    m=256   inner=1      min=   123.379 us/xform  median=   123.871  sd=  0.18%      8.82 GF/s  setup=0.050 s
mkl2026_dfti             L=25  B=16    m=256   inner=1      min=   122.921 us/xform  median=   123.346  sd=  0.21%      8.85 GF/s  setup=0.049 s
mkl2026_dfti             L=25  B=16    m=256   inner=1      min=   124.004 us/xform  median=   124.265  sd=  0.17%      8.78 GF/s  setup=0.050 s
mkl2026_dfti             L=25  B=16    m=2     inner=1      min=   252.310 us/xform  median=   252.310  sd=  0.00%      4.31 GF/s  setup=0.050 s
mkl_dfti                 L=25  B=16    m=256   inner=1      min=   120.432 us/xform  median=   120.658  sd=  0.09%      9.04 GF/s  setup=0.029 s
mkl_dfti                 L=25  B=16    m=256   inner=1      min=   120.660 us/xform  median=   120.767  sd=  0.08%      9.02 GF/s  setup=0.050 s
mkl_dfti                 L=25  B=16    m=256   inner=1      min=   120.645 us/xform  median=   120.910  sd=  0.11%      9.02 GF/s  setup=0.049 s
mkl_dfti                 L=25  B=16    m=2     inner=1      min=   156.332 us/xform  median=   156.332  sd=  0.00%      6.96 GF/s  setup=0.049 s
baseline_matrix          L=27  B=16    m=200   inner=1      min=  2799.154 us/xform  median=  2801.101  sd=  0.06%      0.50 GF/s  setup=0.000 s
baseline_matrix          L=27  B=16    m=200   inner=1      min=  2798.953 us/xform  median=  2799.142  sd=  0.00%      0.50 GF/s  setup=0.000 s
baseline_matrix          L=27  B=16    m=200   inner=1      min=  2798.864 us/xform  median=  2799.025  sd=  0.01%      0.50 GF/s  setup=0.000 s
baseline_matrix          L=27  B=16    m=2     inner=1      min=  2818.586 us/xform  median=  2818.586  sd=  0.00%      0.50 GF/s  setup=0.000 s
ducc0_c2c                L=27  B=16    m=200   inner=1      min=   188.897 us/xform  median=   189.073  sd=  0.13%      7.43 GF/s  setup=0.000 s
ducc0_c2c                L=27  B=16    m=200   inner=1      min=   191.481 us/xform  median=   191.974  sd=  0.18%      7.33 GF/s  setup=0.000 s
ducc0_c2c                L=27  B=16    m=200   inner=1      min=   190.753 us/xform  median=   191.081  sd=  0.19%      7.36 GF/s  setup=0.000 s
ducc0_c2c                L=27  B=16    m=2     inner=1      min=   241.904 us/xform  median=   241.904  sd=  0.00%      5.80 GF/s  setup=0.000 s
fftw3_estimate           L=27  B=16    m=200   inner=1      min=   254.161 us/xform  median=   254.591  sd=  0.11%      5.52 GF/s  setup=0.003 s
fftw3_estimate           L=27  B=16    m=200   inner=1      min=   255.855 us/xform  median=   256.203  sd=  0.10%      5.49 GF/s  setup=0.002 s
fftw3_estimate           L=27  B=16    m=200   inner=1      min=   258.100 us/xform  median=   258.469  sd=  0.09%      5.44 GF/s  setup=0.003 s
fftw3_estimate           L=27  B=16    m=2     inner=1      min=   328.650 us/xform  median=   328.650  sd=  0.00%      4.27 GF/s  setup=0.003 s
fftw3_guru               L=27  B=16    m=200   inner=1      min=   261.271 us/xform  median=   261.313  sd=  0.04%      5.37 GF/s  setup=0.043 s
fftw3_guru               L=27  B=16    m=200   inner=1      min=   259.365 us/xform  median=   259.679  sd=  0.09%      5.41 GF/s  setup=0.043 s
fftw3_guru               L=27  B=16    m=200   inner=1      min=   258.586 us/xform  median=   258.679  sd=  0.07%      5.43 GF/s  setup=0.043 s
fftw3_guru               L=27  B=16    m=2     inner=1      min=   348.586 us/xform  median=   348.586  sd=  0.00%      4.03 GF/s  setup=0.043 s
fftw3_measure            L=27  B=16    m=200   inner=1      min=   228.415 us/xform  median=   228.465  sd=  0.03%      6.15 GF/s  setup=0.033 s
fftw3_measure            L=27  B=16    m=200   inner=1      min=   231.246 us/xform  median=   231.305  sd=  0.01%      6.07 GF/s  setup=0.036 s
fftw3_measure            L=27  B=16    m=200   inner=1      min=   221.910 us/xform  median=   222.067  sd=  0.05%      6.33 GF/s  setup=0.033 s
fftw3_measure            L=27  B=16    m=2     inner=1      min=   256.632 us/xform  median=   256.632  sd=  0.00%      5.47 GF/s  setup=0.033 s
fftw3_patient            L=27  B=16    m=200   inner=1      min=   210.168 us/xform  median=   210.258  sd=  0.02%      6.68 GF/s  setup=0.149 s
fftw3_patient            L=27  B=16    m=200   inner=1      min=   205.177 us/xform  median=   205.250  sd=  0.05%      6.84 GF/s  setup=0.138 s
fftw3_patient            L=27  B=16    m=200   inner=1      min=   206.620 us/xform  median=   206.688  sd=  0.01%      6.79 GF/s  setup=0.137 s
fftw3_patient            L=27  B=16    m=2     inner=1      min=   283.462 us/xform  median=   283.462  sd=  0.00%      4.95 GF/s  setup=0.148 s
gen_bluestein            L=27  B=16    m=200   inner=1      min=   214.922 us/xform  median=   215.293  sd=  0.09%      6.53 GF/s  setup=0.000 s
gen_bluestein            L=27  B=16    m=200   inner=1      min=   215.816 us/xform  median=   215.875  sd=  0.04%      6.50 GF/s  setup=0.000 s
gen_bluestein            L=27  B=16    m=200   inner=1      min=   217.843 us/xform  median=   218.057  sd=  0.05%      6.44 GF/s  setup=0.000 s
gen_bluestein            L=27  B=16    m=2     inner=1      min=   235.503 us/xform  median=   235.503  sd=  0.00%      5.96 GF/s  setup=0.000 s
gen_layout               L=27  B=16    m=200   inner=1      min=   124.942 us/xform  median=   125.054  sd=  0.06%     11.24 GF/s  setup=0.000 s
gen_layout               L=27  B=16    m=200   inner=1      min=   126.854 us/xform  median=   126.982  sd=  0.05%     11.07 GF/s  setup=0.001 s
gen_layout               L=27  B=16    m=200   inner=1      min=   126.509 us/xform  median=   126.583  sd=  0.03%     11.10 GF/s  setup=0.000 s
gen_layout               L=27  B=16    m=2     inner=1      min=   148.062 us/xform  median=   148.062  sd=  0.00%      9.48 GF/s  setup=0.000 s
gen_planner              L=27  B=16    m=200   inner=1      min=    59.766 us/xform  median=    59.783  sd=  0.04%     23.49 GF/s  setup=0.028 s
gen_planner              L=27  B=16    m=200   inner=1      min=    59.807 us/xform  median=    59.817  sd=  0.04%     23.47 GF/s  setup=0.013 s
gen_planner              L=27  B=16    m=200   inner=1      min=    59.837 us/xform  median=    59.862  sd=  3.83%     23.46 GF/s  setup=0.019 s
gen_planner              L=27  B=16    m=2     inner=1      min=   220.907 us/xform  median=   220.907  sd=  0.00%      6.35 GF/s  setup=0.015 s
gen_powp                 L=27  B=16    m=200   inner=1      min=    44.017 us/xform  median=    44.026  sd=  0.03%     31.89 GF/s  setup=0.509 s
gen_powp                 L=27  B=16    m=200   inner=1      min=    44.346 us/xform  median=    44.405  sd=  5.93%     31.66 GF/s  setup=0.006 s
gen_powp                 L=27  B=16    m=200   inner=1      min=    43.966 us/xform  median=    43.988  sd=  4.99%     31.93 GF/s  setup=0.005 s
gen_powp                 L=27  B=16    m=2     inner=1      min=    96.405 us/xform  median=    96.405  sd=  0.00%     14.56 GF/s  setup=0.003 s
gen_race                 L=27  B=16    m=200   inner=1      min=    59.805 us/xform  median=    59.820  sd=  0.04%     23.47 GF/s  setup=0.079 s
gen_race                 L=27  B=16    m=200   inner=1      min=    61.348 us/xform  median=    61.368  sd=  4.15%     22.88 GF/s  setup=0.007 s
gen_race                 L=27  B=16    m=200   inner=1      min=    59.661 us/xform  median=    59.688  sd=  0.06%     23.53 GF/s  setup=0.004 s
gen_race                 L=27  B=16    m=2     inner=1      min=   203.709 us/xform  median=   203.709  sd=  0.00%      6.89 GF/s  setup=0.004 s
gen_twiddle              L=27  B=16    m=200   inner=1      min=   132.195 us/xform  median=   132.229  sd=  0.03%     10.62 GF/s  setup=0.004 s
gen_twiddle              L=27  B=16    m=200   inner=1      min=   133.540 us/xform  median=   133.598  sd=  0.04%     10.51 GF/s  setup=0.003 s
gen_twiddle              L=27  B=16    m=200   inner=1      min=   130.036 us/xform  median=   130.073  sd=  0.04%     10.80 GF/s  setup=0.003 s
gen_twiddle              L=27  B=16    m=2     inner=1      min=   167.611 us/xform  median=   167.611  sd=  0.00%      8.38 GF/s  setup=0.004 s
mkl2026_dfti             L=27  B=16    m=200   inner=1      min=   148.166 us/xform  median=   148.284  sd=  0.03%      9.47 GF/s  setup=0.045 s
mkl2026_dfti             L=27  B=16    m=200   inner=1      min=   148.186 us/xform  median=   148.267  sd=  0.03%      9.47 GF/s  setup=0.048 s
mkl2026_dfti             L=27  B=16    m=200   inner=1      min=   148.251 us/xform  median=   148.354  sd=  0.04%      9.47 GF/s  setup=0.053 s
mkl2026_dfti             L=27  B=16    m=2     inner=1      min=   213.216 us/xform  median=   213.216  sd=  0.00%      6.58 GF/s  setup=0.043 s
mkl_dfti                 L=27  B=16    m=200   inner=1      min=   144.414 us/xform  median=   144.468  sd=  0.03%      9.72 GF/s  setup=0.034 s
mkl_dfti                 L=27  B=16    m=200   inner=1      min=   144.691 us/xform  median=   144.760  sd=  0.04%      9.70 GF/s  setup=0.048 s
mkl_dfti                 L=27  B=16    m=200   inner=1      min=   144.436 us/xform  median=   144.536  sd=  0.07%      9.72 GF/s  setup=0.048 s
mkl_dfti                 L=27  B=16    m=2     inner=1      min=   285.733 us/xform  median=   285.733  sd=  0.00%      4.91 GF/s  setup=0.051 s
baseline_matrix          L=31  B=16    m=140   inner=1      min=  4852.236 us/xform  median=  4852.407  sd=  0.00%      0.46 GF/s  setup=0.000 s
baseline_matrix          L=31  B=16    m=140   inner=1      min=  4852.198 us/xform  median=  4852.477  sd=  0.01%      0.46 GF/s  setup=0.000 s
baseline_matrix          L=31  B=16    m=140   inner=1      min=  4852.223 us/xform  median=  4852.338  sd=  0.00%      0.46 GF/s  setup=0.000 s
baseline_matrix          L=31  B=16    m=2     inner=1      min=  4879.751 us/xform  median=  4879.751  sd=  0.00%      0.45 GF/s  setup=0.000 s
ducc0_c2c                L=31  B=16    m=140   inner=1      min=   735.446 us/xform  median=   736.499  sd=  0.10%      3.01 GF/s  setup=0.000 s
ducc0_c2c                L=31  B=16    m=140   inner=1      min=   733.531 us/xform  median=   734.561  sd=  0.11%      3.02 GF/s  setup=0.000 s
ducc0_c2c                L=31  B=16    m=140   inner=1      min=   714.391 us/xform  median=   715.197  sd=  0.09%      3.10 GF/s  setup=0.000 s
ducc0_c2c                L=31  B=16    m=2     inner=1      min=   786.953 us/xform  median=   786.953  sd=  0.00%      2.81 GF/s  setup=0.000 s
fftw3_estimate           L=31  B=16    m=140   inner=1      min=   859.828 us/xform  median=   859.934  sd=  0.01%      2.57 GF/s  setup=0.002 s
fftw3_estimate           L=31  B=16    m=140   inner=1      min=   859.990 us/xform  median=   860.077  sd=  0.01%      2.57 GF/s  setup=0.002 s
fftw3_estimate           L=31  B=16    m=140   inner=1      min=   859.496 us/xform  median=   859.576  sd=  0.01%      2.58 GF/s  setup=0.002 s
fftw3_estimate           L=31  B=16    m=2     inner=1      min=  1070.335 us/xform  median=  1070.335  sd=  0.00%      2.07 GF/s  setup=0.002 s
fftw3_guru               L=31  B=16    m=140   inner=1      min=   833.947 us/xform  median=   834.075  sd=  0.01%      2.65 GF/s  setup=0.093 s
fftw3_guru               L=31  B=16    m=140   inner=1      min=   835.897 us/xform  median=   836.056  sd=  0.02%      2.65 GF/s  setup=0.093 s
fftw3_guru               L=31  B=16    m=140   inner=1      min=   833.502 us/xform  median=   833.669  sd=  0.01%      2.66 GF/s  setup=0.093 s
fftw3_guru               L=31  B=16    m=2     inner=1      min=   893.991 us/xform  median=   893.991  sd=  0.00%      2.48 GF/s  setup=0.089 s
fftw3_measure            L=31  B=16    m=140   inner=1      min=   859.898 us/xform  median=   860.106  sd=  0.05%      2.57 GF/s  setup=0.088 s
fftw3_measure            L=31  B=16    m=140   inner=1      min=   859.974 us/xform  median=   860.091  sd=  0.01%      2.57 GF/s  setup=0.089 s
fftw3_measure            L=31  B=16    m=140   inner=1      min=   860.024 us/xform  median=   860.087  sd=  0.01%      2.57 GF/s  setup=0.086 s
fftw3_measure            L=31  B=16    m=2     inner=1      min=   885.527 us/xform  median=   885.527  sd=  0.00%      2.50 GF/s  setup=0.085 s
fftw3_patient            L=31  B=16    m=140   inner=1      min=   860.224 us/xform  median=   860.310  sd=  0.01%      2.57 GF/s  setup=0.225 s
fftw3_patient            L=31  B=16    m=140   inner=1      min=   860.280 us/xform  median=   860.376  sd=  0.01%      2.57 GF/s  setup=0.226 s
fftw3_patient            L=31  B=16    m=140   inner=1      min=   860.017 us/xform  median=   860.117  sd=  0.01%      2.57 GF/s  setup=0.241 s
fftw3_patient            L=31  B=16    m=2     inner=1      min=   885.258 us/xform  median=   885.258  sd=  0.00%      2.50 GF/s  setup=0.227 s
gen_bluestein            L=31  B=16    m=140   inner=1      min=   292.000 us/xform  median=   292.423  sd=  0.08%      7.58 GF/s  setup=0.000 s
gen_bluestein            L=31  B=16    m=140   inner=1      min=   290.034 us/xform  median=   290.243  sd=  0.09%      7.63 GF/s  setup=0.000 s
gen_bluestein            L=31  B=16    m=140   inner=1      min=   294.413 us/xform  median=   294.794  sd=  0.07%      7.52 GF/s  setup=0.000 s
gen_bluestein            L=31  B=16    m=2     inner=1      min=   348.500 us/xform  median=   348.500  sd=  0.00%      6.35 GF/s  setup=0.000 s
gen_dense_prime          L=31  B=16    m=140   inner=1      min=   121.055 us/xform  median=   121.102  sd=  0.06%     18.29 GF/s  setup=0.001 s
gen_dense_prime          L=31  B=16    m=140   inner=1      min=   120.347 us/xform  median=   120.361  sd=  0.04%     18.40 GF/s  setup=0.000 s
gen_dense_prime          L=31  B=16    m=140   inner=1      min=   121.743 us/xform  median=   121.808  sd=  0.05%     18.18 GF/s  setup=0.001 s
gen_dense_prime          L=31  B=16    m=2     inner=1      min=   182.193 us/xform  median=   182.193  sd=  0.00%     12.15 GF/s  setup=0.000 s
gen_layout               L=31  B=16    m=140   inner=1      min=   203.820 us/xform  median=   203.884  sd=  0.03%     10.86 GF/s  setup=0.001 s
gen_layout               L=31  B=16    m=140   inner=1      min=   203.617 us/xform  median=   203.689  sd=  0.02%     10.87 GF/s  setup=0.000 s
gen_layout               L=31  B=16    m=140   inner=1      min=   203.360 us/xform  median=   203.409  sd=  0.02%     10.89 GF/s  setup=0.000 s
gen_layout               L=31  B=16    m=2     inner=1      min=   224.095 us/xform  median=   224.095  sd=  0.00%      9.88 GF/s  setup=0.001 s
gen_planner              L=31  B=16    m=140   inner=1      min=   140.525 us/xform  median=   140.544  sd=  0.04%     15.75 GF/s  setup=0.037 s
gen_planner              L=31  B=16    m=140   inner=1      min=   141.264 us/xform  median=   141.303  sd=  0.04%     15.67 GF/s  setup=0.029 s
gen_planner              L=31  B=16    m=140   inner=1      min=   138.925 us/xform  median=   138.976  sd=  0.05%     15.94 GF/s  setup=0.028 s
gen_planner              L=31  B=16    m=2     inner=1      min=   367.029 us/xform  median=   367.029  sd=  0.00%      6.03 GF/s  setup=0.023 s
gen_race                 L=31  B=16    m=140   inner=1      min=   140.403 us/xform  median=   140.437  sd=  0.04%     15.77 GF/s  setup=0.124 s
gen_race                 L=31  B=16    m=140   inner=1      min=   140.579 us/xform  median=   140.614  sd=  0.04%     15.75 GF/s  setup=0.004 s
gen_race                 L=31  B=16    m=140   inner=1      min=   141.539 us/xform  median=   141.570  sd=  0.05%     15.64 GF/s  setup=0.003 s
gen_race                 L=31  B=16    m=2     inner=1      min=   362.107 us/xform  median=   362.107  sd=  0.00%      6.11 GF/s  setup=0.002 s
gen_rader                L=31  B=16    m=140   inner=1      min=    84.981 us/xform  median=    85.341  sd=  0.18%     26.05 GF/s  setup=0.008 s
gen_rader                L=31  B=16    m=140   inner=1      min=    84.544 us/xform  median=    85.174  sd=  0.27%     26.19 GF/s  setup=0.007 s
gen_rader                L=31  B=16    m=140   inner=1      min=    85.411 us/xform  median=    85.646  sd=  0.12%     25.92 GF/s  setup=0.008 s
gen_rader                L=31  B=16    m=2     inner=1      min=   140.850 us/xform  median=   140.850  sd=  0.00%     15.72 GF/s  setup=0.007 s
gen_twiddle              L=31  B=16    m=140   inner=1      min=   267.091 us/xform  median=   267.137  sd=  0.02%      8.29 GF/s  setup=0.005 s
gen_twiddle              L=31  B=16    m=140   inner=1      min=   271.455 us/xform  median=   271.618  sd=  0.05%      8.16 GF/s  setup=0.004 s
gen_twiddle              L=31  B=16    m=140   inner=1      min=   270.642 us/xform  median=   270.895  sd=  0.04%      8.18 GF/s  setup=0.006 s
gen_twiddle              L=31  B=16    m=2     inner=1      min=   335.211 us/xform  median=   335.211  sd=  0.00%      6.60 GF/s  setup=0.005 s
mkl2026_dfti             L=31  B=16    m=140   inner=1      min=   883.070 us/xform  median=   883.187  sd=  0.01%      2.51 GF/s  setup=0.052 s
mkl2026_dfti             L=31  B=16    m=140   inner=1      min=   883.027 us/xform  median=   883.133  sd=  0.01%      2.51 GF/s  setup=0.051 s
mkl2026_dfti             L=31  B=16    m=140   inner=1      min=   882.989 us/xform  median=   883.208  sd=  0.01%      2.51 GF/s  setup=0.051 s
mkl2026_dfti             L=31  B=16    m=2     inner=1      min=   943.535 us/xform  median=   943.535  sd=  0.00%      2.35 GF/s  setup=0.053 s
mkl_dfti                 L=31  B=16    m=140   inner=1      min=   849.164 us/xform  median=   849.237  sd=  0.01%      2.61 GF/s  setup=0.031 s
mkl_dfti                 L=31  B=16    m=140   inner=1      min=   848.862 us/xform  median=   849.025  sd=  0.01%      2.61 GF/s  setup=0.049 s
mkl_dfti                 L=31  B=16    m=140   inner=1      min=   848.709 us/xform  median=   848.959  sd=  0.02%      2.61 GF/s  setup=0.055 s
mkl_dfti                 L=31  B=16    m=2     inner=1      min=   909.605 us/xform  median=   909.605  sd=  0.00%      2.43 GF/s  setup=0.046 s
baseline_matrix          L=32  B=8     m=250   inner=1      min=  5751.918 us/xform  median=  5752.002  sd=  0.01%      0.43 GF/s  setup=0.000 s
baseline_matrix          L=32  B=8     m=250   inner=1      min=  5753.410 us/xform  median=  5753.510  sd=  0.00%      0.43 GF/s  setup=0.000 s
baseline_matrix          L=32  B=8     m=250   inner=1      min=  5753.649 us/xform  median=  5753.718  sd=  0.02%      0.43 GF/s  setup=0.000 s
baseline_matrix          L=32  B=8     m=2     inner=1      min=  5782.063 us/xform  median=  5782.063  sd=  0.00%      0.43 GF/s  setup=0.000 s
ducc0_c2c                L=32  B=8     m=250   inner=1      min=   311.816 us/xform  median=   312.136  sd=  0.10%      7.88 GF/s  setup=0.000 s
ducc0_c2c                L=32  B=8     m=250   inner=1      min=   308.582 us/xform  median=   308.970  sd=  0.14%      7.96 GF/s  setup=0.000 s
ducc0_c2c                L=32  B=8     m=250   inner=1      min=   308.134 us/xform  median=   308.844  sd=  0.16%      7.98 GF/s  setup=0.000 s
ducc0_c2c                L=32  B=8     m=2     inner=1      min=   356.316 us/xform  median=   356.316  sd=  0.00%      6.90 GF/s  setup=0.000 s
fftw3_estimate           L=32  B=8     m=250   inner=1      min=   406.398 us/xform  median=   406.662  sd=  0.04%      6.05 GF/s  setup=0.001 s
fftw3_estimate           L=32  B=8     m=250   inner=1      min=   406.468 us/xform  median=   406.704  sd=  0.03%      6.05 GF/s  setup=0.001 s
fftw3_estimate           L=32  B=8     m=250   inner=1      min=   409.287 us/xform  median=   409.445  sd=  0.02%      6.00 GF/s  setup=0.001 s
fftw3_estimate           L=32  B=8     m=2     inner=1      min=   446.756 us/xform  median=   446.756  sd=  0.00%      5.50 GF/s  setup=0.001 s
fftw3_guru               L=32  B=8     m=250   inner=1      min=   295.648 us/xform  median=   296.439  sd=  0.19%      8.31 GF/s  setup=0.071 s
fftw3_guru               L=32  B=8     m=250   inner=1      min=   303.619 us/xform  median=   303.728  sd=  0.02%      8.09 GF/s  setup=0.073 s
fftw3_guru               L=32  B=8     m=250   inner=1      min=   281.069 us/xform  median=   281.327  sd=  0.16%      8.74 GF/s  setup=0.073 s
fftw3_guru               L=32  B=8     m=2     inner=1      min=   362.485 us/xform  median=   362.485  sd=  0.00%      6.78 GF/s  setup=0.073 s
fftw3_measure            L=32  B=8     m=250   inner=1      min=   209.549 us/xform  median=   209.583  sd=  0.01%     11.73 GF/s  setup=0.083 s
fftw3_measure            L=32  B=8     m=250   inner=1      min=   210.619 us/xform  median=   210.691  sd=  0.02%     11.67 GF/s  setup=0.082 s
fftw3_measure            L=32  B=8     m=250   inner=1      min=   209.328 us/xform  median=   209.370  sd=  0.02%     11.74 GF/s  setup=0.086 s
fftw3_measure            L=32  B=8     m=2     inner=1      min=   248.295 us/xform  median=   248.295  sd=  0.00%      9.90 GF/s  setup=0.082 s
fftw3_patient            L=32  B=8     m=250   inner=1      min=   212.526 us/xform  median=   212.579  sd=  0.02%     11.56 GF/s  setup=0.543 s
fftw3_patient            L=32  B=8     m=250   inner=1      min=   210.877 us/xform  median=   210.900  sd=  0.02%     11.65 GF/s  setup=0.517 s
fftw3_patient            L=32  B=8     m=250   inner=1      min=   209.980 us/xform  median=   210.022  sd=  0.02%     11.70 GF/s  setup=0.492 s
fftw3_patient            L=32  B=8     m=2     inner=1      min=   246.547 us/xform  median=   246.547  sd=  0.00%      9.97 GF/s  setup=0.504 s
gen_bluestein            L=32  B=8     m=250   inner=1      min=   320.654 us/xform  median=   320.708  sd=  0.02%      7.66 GF/s  setup=0.000 s
gen_bluestein            L=32  B=8     m=250   inner=1      min=   316.365 us/xform  median=   316.415  sd=  0.01%      7.77 GF/s  setup=0.000 s
gen_bluestein            L=32  B=8     m=250   inner=1      min=   317.720 us/xform  median=   317.742  sd=  0.01%      7.74 GF/s  setup=0.000 s
gen_bluestein            L=32  B=8     m=2     inner=1      min=   364.492 us/xform  median=   364.492  sd=  0.00%      6.74 GF/s  setup=0.000 s
gen_layout               L=32  B=8     m=250   inner=1      min=   157.291 us/xform  median=   157.312  sd=  0.01%     15.62 GF/s  setup=0.001 s
gen_layout               L=32  B=8     m=250   inner=1      min=   154.151 us/xform  median=   154.184  sd=  0.02%     15.94 GF/s  setup=0.001 s
gen_layout               L=32  B=8     m=250   inner=1      min=   154.051 us/xform  median=   154.094  sd=  0.03%     15.95 GF/s  setup=0.000 s
gen_layout               L=32  B=8     m=2     inner=1      min=   181.801 us/xform  median=   181.801  sd=  0.00%     13.52 GF/s  setup=0.001 s
gen_planner              L=32  B=8     m=250   inner=1      min=   106.261 us/xform  median=   106.318  sd=  3.14%     23.13 GF/s  setup=0.056 s
gen_planner              L=32  B=8     m=250   inner=1      min=   107.167 us/xform  median=   107.188  sd=  0.04%     22.93 GF/s  setup=0.003 s
gen_planner              L=32  B=8     m=250   inner=1      min=   105.662 us/xform  median=   105.714  sd=  0.03%     23.26 GF/s  setup=0.004 s
gen_planner              L=32  B=8     m=2     inner=1      min=   137.831 us/xform  median=   137.831  sd=  0.00%     17.83 GF/s  setup=0.003 s
gen_pow2                 L=32  B=8     m=250   inner=1      min=    56.378 us/xform  median=    56.386  sd=  0.03%     43.59 GF/s  setup=0.000 s
gen_pow2                 L=32  B=8     m=250   inner=1      min=    56.599 us/xform  median=    64.469  sd=  6.15%     43.42 GF/s  setup=0.000 s
gen_pow2                 L=32  B=8     m=250   inner=1      min=    56.520 us/xform  median=    56.533  sd=  0.87%     43.48 GF/s  setup=0.000 s
gen_pow2                 L=32  B=8     m=2     inner=1      min=   109.671 us/xform  median=   109.671  sd=  0.00%     22.41 GF/s  setup=0.000 s
gen_race                 L=32  B=8     m=250   inner=1      min=   109.430 us/xform  median=   109.460  sd=  0.11%     22.46 GF/s  setup=0.152 s
gen_race                 L=32  B=8     m=250   inner=1      min=   109.230 us/xform  median=   109.270  sd=  0.03%     22.50 GF/s  setup=0.003 s
gen_race                 L=32  B=8     m=250   inner=1      min=   108.463 us/xform  median=   108.520  sd=  1.07%     22.66 GF/s  setup=0.004 s
gen_race                 L=32  B=8     m=2     inner=1      min=   146.797 us/xform  median=   146.797  sd=  0.00%     16.74 GF/s  setup=0.004 s
gen_twiddle              L=32  B=8     m=250   inner=1      min=   198.507 us/xform  median=   198.557  sd=  0.02%     12.38 GF/s  setup=0.004 s
gen_twiddle              L=32  B=8     m=250   inner=1      min=   197.921 us/xform  median=   197.957  sd=  0.01%     12.42 GF/s  setup=0.004 s
gen_twiddle              L=32  B=8     m=250   inner=1      min=   200.523 us/xform  median=   200.575  sd=  0.01%     12.26 GF/s  setup=0.004 s
gen_twiddle              L=32  B=8     m=2     inner=1      min=   252.464 us/xform  median=   252.464  sd=  0.00%      9.73 GF/s  setup=0.005 s
mkl2026_dfti             L=32  B=8     m=250   inner=1      min=   188.182 us/xform  median=   188.574  sd=  0.14%     13.06 GF/s  setup=0.003 s
mkl2026_dfti             L=32  B=8     m=250   inner=1      min=   187.758 us/xform  median=   187.987  sd=  0.14%     13.09 GF/s  setup=0.002 s
mkl2026_dfti             L=32  B=8     m=250   inner=1      min=   187.592 us/xform  median=   188.090  sd=  0.12%     13.10 GF/s  setup=0.002 s
mkl2026_dfti             L=32  B=8     m=2     inner=1      min=   248.343 us/xform  median=   248.343  sd=  0.00%      9.90 GF/s  setup=0.002 s
mkl_dfti                 L=32  B=8     m=250   inner=1      min=   171.104 us/xform  median=   171.363  sd=  0.13%     14.36 GF/s  setup=0.002 s
mkl_dfti                 L=32  B=8     m=250   inner=1      min=   170.679 us/xform  median=   171.547  sd=  0.19%     14.40 GF/s  setup=0.002 s
mkl_dfti                 L=32  B=8     m=250   inner=1      min=   172.697 us/xform  median=   173.175  sd=  0.17%     14.23 GF/s  setup=0.002 s
mkl_dfti                 L=32  B=8     m=2     inner=1      min=   225.097 us/xform  median=   225.097  sd=  0.00%     10.92 GF/s  setup=0.002 s
baseline_matrix          L=40  B=8     m=128   inner=1      min= 13453.917 us/xform  median= 13454.533  sd=  0.02%      0.38 GF/s  setup=0.000 s
baseline_matrix          L=40  B=8     m=128   inner=1      min= 13462.093 us/xform  median= 13462.401  sd=  0.00%      0.38 GF/s  setup=0.000 s
baseline_matrix          L=40  B=8     m=128   inner=1      min= 13447.212 us/xform  median= 13469.179  sd=  0.22%      0.38 GF/s  setup=0.000 s
baseline_matrix          L=40  B=8     m=2     inner=1      min= 13527.395 us/xform  median= 13527.395  sd=  0.00%      0.38 GF/s  setup=0.000 s
ducc0_c2c                L=40  B=8     m=128   inner=1      min=   600.276 us/xform  median=   601.877  sd=  0.28%      8.51 GF/s  setup=0.000 s
ducc0_c2c                L=40  B=8     m=128   inner=1      min=   601.500 us/xform  median=   603.925  sd=  0.28%      8.49 GF/s  setup=0.000 s
ducc0_c2c                L=40  B=8     m=128   inner=1      min=   606.745 us/xform  median=   608.362  sd=  0.27%      8.42 GF/s  setup=0.000 s
ducc0_c2c                L=40  B=8     m=2     inner=1      min=   781.474 us/xform  median=   781.474  sd=  0.00%      6.54 GF/s  setup=0.000 s
fftw3_estimate           L=40  B=8     m=128   inner=1      min=  1600.752 us/xform  median=  1602.923  sd=  0.09%      3.19 GF/s  setup=0.002 s
fftw3_estimate           L=40  B=8     m=128   inner=1      min=  1605.999 us/xform  median=  1606.948  sd=  0.06%      3.18 GF/s  setup=0.002 s
fftw3_estimate           L=40  B=8     m=128   inner=1      min=  1621.289 us/xform  median=  1622.985  sd=  0.06%      3.15 GF/s  setup=0.002 s
fftw3_estimate           L=40  B=8     m=2     inner=1      min=  1686.009 us/xform  median=  1686.009  sd=  0.00%      3.03 GF/s  setup=0.002 s
fftw3_guru               L=40  B=8     m=128   inner=1      min=   690.082 us/xform  median=   690.863  sd=  0.12%      7.40 GF/s  setup=0.153 s
fftw3_guru               L=40  B=8     m=128   inner=1      min=   669.745 us/xform  median=   670.909  sd=  0.13%      7.63 GF/s  setup=0.158 s
fftw3_guru               L=40  B=8     m=128   inner=1      min=   694.706 us/xform  median=   700.404  sd=  0.34%      7.35 GF/s  setup=0.153 s
fftw3_guru               L=40  B=8     m=2     inner=1      min=   789.272 us/xform  median=   789.272  sd=  0.00%      6.47 GF/s  setup=0.155 s
fftw3_measure            L=40  B=8     m=128   inner=1      min=   545.787 us/xform  median=   546.005  sd=  0.02%      9.36 GF/s  setup=0.148 s
fftw3_measure            L=40  B=8     m=128   inner=1      min=   546.496 us/xform  median=   546.760  sd=  0.04%      9.35 GF/s  setup=0.153 s
fftw3_measure            L=40  B=8     m=128   inner=1      min=   553.689 us/xform  median=   554.026  sd=  0.05%      9.23 GF/s  setup=0.147 s
fftw3_measure            L=40  B=8     m=2     inner=1      min=   640.975 us/xform  median=   640.975  sd=  0.00%      7.97 GF/s  setup=0.153 s
fftw3_patient            L=40  B=8     m=128   inner=1      min=   528.632 us/xform  median=   529.311  sd=  0.07%      9.66 GF/s  setup=1.423 s
fftw3_patient            L=40  B=8     m=128   inner=1      min=   519.653 us/xform  median=   519.766  sd=  0.03%      9.83 GF/s  setup=1.287 s
fftw3_patient            L=40  B=8     m=128   inner=1      min=   530.374 us/xform  median=   530.773  sd=  0.05%      9.63 GF/s  setup=1.474 s
fftw3_patient            L=40  B=8     m=2     inner=1      min=   605.340 us/xform  median=   605.340  sd=  0.00%      8.44 GF/s  setup=1.305 s
gen_bluestein            L=40  B=8     m=128   inner=1      min=   623.543 us/xform  median=   624.072  sd=  0.05%      8.19 GF/s  setup=0.000 s
gen_bluestein            L=40  B=8     m=128   inner=1      min=   620.872 us/xform  median=   621.346  sd=  0.06%      8.23 GF/s  setup=0.000 s
gen_bluestein            L=40  B=8     m=128   inner=1      min=   622.623 us/xform  median=   622.999  sd=  0.03%      8.21 GF/s  setup=0.000 s
gen_bluestein            L=40  B=8     m=2     inner=1      min=   866.463 us/xform  median=   866.463  sd=  0.00%      5.90 GF/s  setup=0.000 s
gen_layout               L=40  B=8     m=128   inner=1      min=   339.126 us/xform  median=   339.222  sd=  0.02%     15.07 GF/s  setup=0.001 s
gen_layout               L=40  B=8     m=128   inner=1      min=   345.796 us/xform  median=   345.875  sd=  0.02%     14.77 GF/s  setup=0.000 s
gen_layout               L=40  B=8     m=128   inner=1      min=   343.673 us/xform  median=   343.746  sd=  0.02%     14.87 GF/s  setup=0.000 s
gen_layout               L=40  B=8     m=2     inner=1      min=   426.029 us/xform  median=   426.029  sd=  0.00%     11.99 GF/s  setup=0.001 s
gen_pfa_large            L=40  B=8     m=128   inner=1      min=   162.879 us/xform  median=   162.911  sd=  0.08%     31.37 GF/s  setup=1.253 s
gen_pfa_large            L=40  B=8     m=128   inner=1      min=   160.596 us/xform  median=   160.795  sd=  6.07%     31.81 GF/s  setup=0.004 s
gen_pfa_large            L=40  B=8     m=128   inner=1      min=   159.959 us/xform  median=   160.015  sd=  0.14%     31.94 GF/s  setup=0.001 s
gen_pfa_large            L=40  B=8     m=2     inner=1      min=   240.237 us/xform  median=   240.237  sd=  0.00%     21.27 GF/s  setup=0.001 s
gen_planner              L=40  B=8     m=128   inner=1      min=   236.694 us/xform  median=   236.724  sd=  0.05%     21.59 GF/s  setup=0.099 s
gen_planner              L=40  B=8     m=128   inner=1      min=   239.554 us/xform  median=   239.617  sd=  0.05%     21.33 GF/s  setup=0.012 s
gen_planner              L=40  B=8     m=128   inner=1      min=   241.154 us/xform  median=   241.192  sd=  0.04%     21.19 GF/s  setup=0.007 s
gen_planner              L=40  B=8     m=2     inner=1      min=   350.316 us/xform  median=   350.316  sd=  0.00%     14.58 GF/s  setup=0.006 s
gen_race                 L=40  B=8     m=128   inner=1      min=   226.162 us/xform  median=   226.217  sd=  0.04%     22.59 GF/s  setup=0.377 s
gen_race                 L=40  B=8     m=128   inner=1      min=   224.856 us/xform  median=   224.914  sd=  0.06%     22.72 GF/s  setup=0.006 s
gen_race                 L=40  B=8     m=128   inner=1      min=   226.843 us/xform  median=   226.869  sd=  0.05%     22.52 GF/s  setup=0.003 s
gen_race                 L=40  B=8     m=2     inner=1      min=   325.057 us/xform  median=   325.057  sd=  0.00%     15.72 GF/s  setup=0.004 s
gen_twiddle              L=40  B=8     m=128   inner=1      min=   344.216 us/xform  median=   344.253  sd=  0.04%     14.84 GF/s  setup=0.007 s
gen_twiddle              L=40  B=8     m=128   inner=1      min=   346.069 us/xform  median=   346.168  sd=  0.03%     14.76 GF/s  setup=0.007 s
gen_twiddle              L=40  B=8     m=128   inner=1      min=   342.169 us/xform  median=   342.213  sd=  0.03%     14.93 GF/s  setup=0.006 s
gen_twiddle              L=40  B=8     m=2     inner=1      min=   472.735 us/xform  median=   472.735  sd=  0.00%     10.81 GF/s  setup=0.006 s
mkl2026_dfti             L=40  B=8     m=128   inner=1      min=   405.006 us/xform  median=   405.635  sd=  0.11%     12.61 GF/s  setup=0.003 s
mkl2026_dfti             L=40  B=8     m=128   inner=1      min=   405.902 us/xform  median=   406.714  sd=  0.14%     12.59 GF/s  setup=0.002 s
mkl2026_dfti             L=40  B=8     m=128   inner=1      min=   405.159 us/xform  median=   405.457  sd=  0.09%     12.61 GF/s  setup=0.002 s
mkl2026_dfti             L=40  B=8     m=2     inner=1      min=   718.259 us/xform  median=   718.259  sd=  0.00%      7.11 GF/s  setup=0.002 s
mkl_dfti                 L=40  B=8     m=128   inner=1      min=   406.772 us/xform  median=   406.848  sd=  0.10%     12.56 GF/s  setup=0.003 s
mkl_dfti                 L=40  B=8     m=128   inner=1      min=   406.222 us/xform  median=   406.614  sd=  0.07%     12.58 GF/s  setup=0.002 s
mkl_dfti                 L=40  B=8     m=128   inner=1      min=   407.284 us/xform  median=   407.818  sd=  0.09%     12.54 GF/s  setup=0.002 s
mkl_dfti                 L=40  B=8     m=2     inner=1      min=   701.544 us/xform  median=   701.544  sd=  0.00%      7.28 GF/s  setup=0.002 s
baseline_matrix          L=50  B=4     m=128   inner=1      min= 34452.240 us/xform  median= 34455.689  sd=  0.02%      0.31 GF/s  setup=0.000 s
baseline_matrix          L=50  B=4     m=128   inner=1      min= 34669.760 us/xform  median= 34679.747  sd=  0.01%      0.31 GF/s  setup=0.000 s
baseline_matrix          L=50  B=4     m=128   inner=1      min= 34002.749 us/xform  median= 34009.881  sd=  0.01%      0.31 GF/s  setup=0.000 s
baseline_matrix          L=50  B=4     m=2     inner=1      min= 34610.274 us/xform  median= 34610.274  sd=  0.00%      0.31 GF/s  setup=0.000 s
ducc0_c2c                L=50  B=4     m=128   inner=1      min=  1279.842 us/xform  median=  1283.537  sd=  0.24%      8.27 GF/s  setup=0.000 s
ducc0_c2c                L=50  B=4     m=128   inner=1      min=  1288.841 us/xform  median=  1292.934  sd=  0.25%      8.21 GF/s  setup=0.000 s
ducc0_c2c                L=50  B=4     m=128   inner=1      min=  1275.338 us/xform  median=  1280.747  sd=  0.27%      8.30 GF/s  setup=0.000 s
ducc0_c2c                L=50  B=4     m=2     inner=1      min=  1659.681 us/xform  median=  1659.681  sd=  0.00%      6.38 GF/s  setup=0.000 s
fftw3_estimate           L=50  B=4     m=128   inner=1      min=  1617.474 us/xform  median=  1618.538  sd=  0.07%      6.54 GF/s  setup=0.002 s
fftw3_estimate           L=50  B=4     m=128   inner=1      min=  1549.672 us/xform  median=  1551.973  sd=  0.10%      6.83 GF/s  setup=0.003 s
fftw3_estimate           L=50  B=4     m=128   inner=1      min=  1616.079 us/xform  median=  1622.722  sd=  0.15%      6.55 GF/s  setup=0.002 s
fftw3_estimate           L=50  B=4     m=2     inner=1      min=  2001.253 us/xform  median=  2001.253  sd=  0.00%      5.29 GF/s  setup=0.003 s
fftw3_guru               L=50  B=4     m=128   inner=1      min=  1660.213 us/xform  median=  1662.956  sd=  0.14%      6.37 GF/s  setup=0.107 s
fftw3_guru               L=50  B=4     m=128   inner=1      min=  1682.075 us/xform  median=  1685.291  sd=  0.13%      6.29 GF/s  setup=0.116 s
fftw3_guru               L=50  B=4     m=128   inner=1      min=  1648.509 us/xform  median=  1649.869  sd=  0.06%      6.42 GF/s  setup=0.108 s
fftw3_guru               L=50  B=4     m=2     inner=1      min=  1906.063 us/xform  median=  1906.063  sd=  0.00%      5.55 GF/s  setup=0.111 s
fftw3_measure            L=50  B=4     m=128   inner=1      min=  1194.764 us/xform  median=  1196.713  sd=  0.15%      8.86 GF/s  setup=0.089 s
fftw3_measure            L=50  B=4     m=128   inner=1      min=  1188.195 us/xform  median=  1188.803  sd=  0.03%      8.91 GF/s  setup=0.092 s
fftw3_measure            L=50  B=4     m=128   inner=1      min=  1204.970 us/xform  median=  1205.861  sd=  0.04%      8.78 GF/s  setup=0.088 s
fftw3_measure            L=50  B=4     m=2     inner=1      min=  1367.519 us/xform  median=  1367.519  sd=  0.00%      7.74 GF/s  setup=0.092 s
fftw3_patient            L=50  B=4     m=128   inner=1      min=  1163.916 us/xform  median=  1164.227  sd=  0.03%      9.09 GF/s  setup=1.111 s
fftw3_patient            L=50  B=4     m=128   inner=1      min=  1151.809 us/xform  median=  1152.692  sd=  0.04%      9.19 GF/s  setup=1.162 s
fftw3_patient            L=50  B=4     m=128   inner=1      min=  1192.688 us/xform  median=  1193.337  sd=  0.03%      8.87 GF/s  setup=1.100 s
fftw3_patient            L=50  B=4     m=2     inner=1      min=  1289.321 us/xform  median=  1289.321  sd=  0.00%      8.21 GF/s  setup=1.115 s
gen_bluestein            L=50  B=4     m=128   inner=1      min=  1399.942 us/xform  median=  1400.565  sd=  0.02%      7.56 GF/s  setup=0.000 s
gen_bluestein            L=50  B=4     m=128   inner=1      min=  1408.385 us/xform  median=  1409.110  sd=  0.03%      7.51 GF/s  setup=0.000 s
gen_bluestein            L=50  B=4     m=128   inner=1      min=  1397.610 us/xform  median=  1398.282  sd=  0.03%      7.57 GF/s  setup=0.000 s
gen_bluestein            L=50  B=4     m=2     inner=1      min=  1915.850 us/xform  median=  1915.850  sd=  0.00%      5.52 GF/s  setup=0.000 s
gen_layout               L=50  B=4     m=128   inner=1      min=   934.854 us/xform  median=   934.965  sd=  0.03%     11.32 GF/s  setup=0.001 s
gen_layout               L=50  B=4     m=128   inner=1      min=   920.627 us/xform  median=   920.948  sd=  0.06%     11.49 GF/s  setup=0.001 s
gen_layout               L=50  B=4     m=128   inner=1      min=   936.539 us/xform  median=   936.770  sd=  0.02%     11.30 GF/s  setup=0.001 s
gen_layout               L=50  B=4     m=2     inner=1      min=  1159.889 us/xform  median=  1159.889  sd=  0.00%      9.12 GF/s  setup=0.001 s
gen_pfa_large            L=50  B=4     m=128   inner=1      min=   439.112 us/xform  median=   439.236  sd=  0.06%     24.10 GF/s  setup=1.901 s
gen_pfa_large            L=50  B=4     m=128   inner=1      min=   413.958 us/xform  median=   414.116  sd=  2.16%     25.56 GF/s  setup=0.002 s
gen_pfa_large            L=50  B=4     m=128   inner=1      min=   416.000 us/xform  median=   416.129  sd=  1.80%     25.44 GF/s  setup=0.003 s
gen_pfa_large            L=50  B=4     m=2     inner=1      min=   547.330 us/xform  median=   547.330  sd=  0.00%     19.33 GF/s  setup=0.002 s
gen_planner              L=50  B=4     m=128   inner=1      min=   557.487 us/xform  median=   557.610  sd=  0.05%     18.98 GF/s  setup=0.040 s
gen_planner              L=50  B=4     m=128   inner=1      min=   561.512 us/xform  median=   561.687  sd=  0.03%     18.85 GF/s  setup=0.013 s
gen_planner              L=50  B=4     m=128   inner=1      min=   560.397 us/xform  median=   560.569  sd=  0.05%     18.88 GF/s  setup=0.011 s
gen_planner              L=50  B=4     m=2     inner=1      min=   834.150 us/xform  median=   834.150  sd=  0.00%     12.69 GF/s  setup=0.010 s
gen_powp                 L=50  B=4     m=128   inner=1      min=   415.066 us/xform  median=   415.219  sd=  0.05%     25.50 GF/s  setup=1.446 s
gen_powp                 L=50  B=4     m=128   inner=1      min=   428.798 us/xform  median=   428.904  sd=  3.58%     24.68 GF/s  setup=0.004 s
gen_powp                 L=50  B=4     m=128   inner=1      min=   429.237 us/xform  median=   429.379  sd=  0.04%     24.65 GF/s  setup=0.002 s
gen_powp                 L=50  B=4     m=2     inner=1      min=   558.959 us/xform  median=   558.959  sd=  0.00%     18.93 GF/s  setup=0.002 s
gen_race                 L=50  B=4     m=128   inner=1      min=   541.745 us/xform  median=   541.890  sd=  0.06%     19.53 GF/s  setup=0.098 s
gen_race                 L=50  B=4     m=128   inner=1      min=   547.401 us/xform  median=   547.522  sd=  0.04%     19.33 GF/s  setup=0.005 s
gen_race                 L=50  B=4     m=128   inner=1      min=   545.430 us/xform  median=   545.549  sd=  0.05%     19.40 GF/s  setup=0.003 s
gen_race                 L=50  B=4     m=2     inner=1      min=   803.977 us/xform  median=   803.977  sd=  0.00%     13.16 GF/s  setup=0.004 s
gen_twiddle              L=50  B=4     m=128   inner=1      min=   748.731 us/xform  median=   748.841  sd=  0.02%     14.13 GF/s  setup=0.012 s
gen_twiddle              L=50  B=4     m=128   inner=1      min=   745.610 us/xform  median=   745.780  sd=  0.02%     14.19 GF/s  setup=0.010 s
gen_twiddle              L=50  B=4     m=128   inner=1      min=   752.581 us/xform  median=   752.689  sd=  0.02%     14.06 GF/s  setup=0.012 s
gen_twiddle              L=50  B=4     m=2     inner=1      min=  1060.367 us/xform  median=  1060.367  sd=  0.00%      9.98 GF/s  setup=0.011 s
mkl2026_dfti             L=50  B=4     m=128   inner=1      min=   962.287 us/xform  median=   963.950  sd=  0.13%     11.00 GF/s  setup=0.052 s
mkl2026_dfti             L=50  B=4     m=128   inner=1      min=   964.552 us/xform  median=   965.964  sd=  0.17%     10.97 GF/s  setup=0.049 s
mkl2026_dfti             L=50  B=4     m=128   inner=1      min=   960.769 us/xform  median=   963.877  sd=  0.17%     11.01 GF/s  setup=0.050 s
mkl2026_dfti             L=50  B=4     m=2     inner=1      min=  1561.699 us/xform  median=  1561.699  sd=  0.00%      6.78 GF/s  setup=0.050 s
mkl_dfti                 L=50  B=4     m=128   inner=1      min=   949.385 us/xform  median=   949.916  sd=  0.07%     11.15 GF/s  setup=0.036 s
mkl_dfti                 L=50  B=4     m=128   inner=1      min=   947.956 us/xform  median=   948.698  sd=  0.07%     11.16 GF/s  setup=0.050 s
mkl_dfti                 L=50  B=4     m=128   inner=1      min=   949.582 us/xform  median=   950.841  sd=  0.12%     11.14 GF/s  setup=0.050 s
mkl_dfti                 L=50  B=4     m=2     inner=1      min=  1228.358 us/xform  median=  1228.358  sd=  0.00%      8.61 GF/s  setup=0.050 s
baseline_matrix          L=100 B=1     m=2     inner=1      min=604414.770 us/xform  median=604414.770  sd=  0.00%      0.16 GF/s  setup=0.000 s
ducc0_c2c                L=100 B=1     m=64    inner=1      min= 11877.297 us/xform  median= 11926.650  sd=  0.49%      8.39 GF/s  setup=0.000 s
ducc0_c2c                L=100 B=1     m=64    inner=1      min= 11905.069 us/xform  median= 11947.496  sd=  0.51%      8.37 GF/s  setup=0.000 s
ducc0_c2c                L=100 B=1     m=64    inner=1      min= 11965.432 us/xform  median= 12009.916  sd=  0.46%      8.33 GF/s  setup=0.000 s
ducc0_c2c                L=100 B=1     m=2     inner=1      min= 12877.661 us/xform  median= 12877.661  sd=  0.00%      7.74 GF/s  setup=0.000 s
fftw3_estimate           L=100 B=1     m=64    inner=1      min= 20654.105 us/xform  median= 20664.092  sd=  0.02%      4.83 GF/s  setup=0.002 s
fftw3_estimate           L=100 B=1     m=64    inner=1      min= 20614.824 us/xform  median= 20622.184  sd=  0.03%      4.83 GF/s  setup=0.002 s
fftw3_estimate           L=100 B=1     m=64    inner=1      min= 20628.482 us/xform  median= 20636.281  sd=  0.02%      4.83 GF/s  setup=0.002 s
fftw3_estimate           L=100 B=1     m=2     inner=1      min= 21504.099 us/xform  median= 21504.099  sd=  0.00%      4.63 GF/s  setup=0.002 s
fftw3_guru               L=100 B=1     m=64    inner=1      min= 15675.847 us/xform  median= 15688.610  sd=  0.09%      6.36 GF/s  setup=0.383 s
fftw3_guru               L=100 B=1     m=64    inner=1      min= 14276.227 us/xform  median= 14290.254  sd=  0.08%      6.98 GF/s  setup=0.332 s
fftw3_guru               L=100 B=1     m=64    inner=1      min= 15643.484 us/xform  median= 15659.387  sd=  0.04%      6.37 GF/s  setup=0.380 s
fftw3_guru               L=100 B=1     m=2     inner=1      min= 16607.124 us/xform  median= 16607.124  sd=  0.00%      6.00 GF/s  setup=0.335 s
fftw3_measure            L=100 B=1     m=64    inner=1      min= 11939.176 us/xform  median= 11960.213  sd=  0.08%      8.35 GF/s  setup=0.316 s
fftw3_measure            L=100 B=1     m=64    inner=1      min= 12127.652 us/xform  median= 12144.373  sd=  0.07%      8.22 GF/s  setup=0.313 s
fftw3_measure            L=100 B=1     m=64    inner=1      min= 10932.127 us/xform  median= 10937.375  sd=  0.02%      9.12 GF/s  setup=0.290 s
fftw3_measure            L=100 B=1     m=2     inner=1      min= 12902.388 us/xform  median= 12902.388  sd=  0.00%      7.72 GF/s  setup=0.278 s
fftw3_patient            L=100 B=1     m=64    inner=1      min=  9851.730 us/xform  median=  9859.748  sd=  0.05%     10.12 GF/s  setup=17.320 s
fftw3_patient            L=100 B=1     m=64    inner=1      min=  9891.155 us/xform  median=  9899.517  sd=  0.04%     10.08 GF/s  setup=17.198 s
fftw3_patient            L=100 B=1     m=64    inner=1      min=  9946.976 us/xform  median=  9959.516  sd=  0.07%     10.02 GF/s  setup=17.223 s
fftw3_patient            L=100 B=1     m=2     inner=1      min= 10504.621 us/xform  median= 10504.621  sd=  0.00%      9.49 GF/s  setup=17.264 s
gen_bluestein            L=100 B=1     m=64    inner=1      min= 14371.659 us/xform  median= 14388.428  sd=  0.06%      6.93 GF/s  setup=0.000 s
gen_bluestein            L=100 B=1     m=64    inner=1      min= 14446.802 us/xform  median= 14456.663  sd=  0.04%      6.90 GF/s  setup=0.000 s
gen_bluestein            L=100 B=1     m=64    inner=1      min= 14333.454 us/xform  median= 14343.572  sd=  0.04%      6.95 GF/s  setup=0.000 s
gen_bluestein            L=100 B=1     m=2     inner=1      min= 17384.278 us/xform  median= 17384.278  sd=  0.00%      5.73 GF/s  setup=0.000 s
gen_layout               L=100 B=1     m=64    inner=1      min=  9420.504 us/xform  median=  9422.984  sd=  0.04%     10.58 GF/s  setup=0.004 s
gen_layout               L=100 B=1     m=64    inner=1      min=  9440.480 us/xform  median=  9444.717  sd=  0.04%     10.56 GF/s  setup=0.004 s
gen_layout               L=100 B=1     m=64    inner=1      min=  9343.190 us/xform  median=  9351.327  sd=  0.05%     10.67 GF/s  setup=0.004 s
gen_layout               L=100 B=1     m=2     inner=1      min=  9586.193 us/xform  median=  9586.193  sd=  0.00%     10.40 GF/s  setup=0.005 s
gen_pfa_large            L=100 B=1     m=64    inner=1      min=  4624.846 us/xform  median=  4629.196  sd=  0.11%     21.55 GF/s  setup=4.313 s
gen_pfa_large            L=100 B=1     m=64    inner=1      min=  4475.279 us/xform  median=  4480.046  sd=  0.09%     22.27 GF/s  setup=0.002 s
gen_pfa_large            L=100 B=1     m=64    inner=1      min=  4488.205 us/xform  median=  4490.993  sd=  0.05%     22.20 GF/s  setup=0.001 s
gen_pfa_large            L=100 B=1     m=2     inner=1      min=  5415.576 us/xform  median=  5415.576  sd=  0.00%     18.40 GF/s  setup=0.001 s
gen_planner              L=100 B=1     m=64    inner=1      min=  4998.545 us/xform  median=  5003.930  sd=  0.09%     19.94 GF/s  setup=0.311 s
gen_planner              L=100 B=1     m=64    inner=1      min=  4998.889 us/xform  median=  5006.066  sd=  0.09%     19.94 GF/s  setup=0.067 s
gen_planner              L=100 B=1     m=64    inner=1      min=  5009.201 us/xform  median=  5012.402  sd=  0.08%     19.89 GF/s  setup=0.080 s
gen_planner              L=100 B=1     m=2     inner=1      min=  6112.325 us/xform  median=  6112.325  sd=  0.00%     16.30 GF/s  setup=0.072 s
gen_powp                 L=100 B=1     m=64    inner=1      min=  4549.623 us/xform  median=  4554.700  sd=  0.11%     21.90 GF/s  setup=3.752 s
gen_powp                 L=100 B=1     m=64    inner=1      min=  4684.493 us/xform  median=  4691.342  sd=  0.10%     21.27 GF/s  setup=0.003 s
gen_powp                 L=100 B=1     m=64    inner=1      min=  4608.310 us/xform  median=  4612.620  sd=  0.07%     21.63 GF/s  setup=0.003 s
gen_powp                 L=100 B=1     m=2     inner=1      min=  5634.722 us/xform  median=  5634.722  sd=  0.00%     17.69 GF/s  setup=0.001 s
gen_race                 L=100 B=1     m=64    inner=1      min=  5095.248 us/xform  median=  5100.670  sd=  0.10%     19.56 GF/s  setup=0.716 s
gen_race                 L=100 B=1     m=64    inner=1      min=  4966.850 us/xform  median=  4970.188  sd=  0.11%     20.06 GF/s  setup=0.004 s
gen_race                 L=100 B=1     m=64    inner=1      min=  4986.472 us/xform  median=  4994.361  sd=  0.09%     19.99 GF/s  setup=0.003 s
gen_race                 L=100 B=1     m=2     inner=1      min=  6962.126 us/xform  median=  6962.126  sd=  0.00%     14.31 GF/s  setup=0.004 s
gen_twiddle              L=100 B=1     m=64    inner=1      min=  7887.994 us/xform  median=  7893.266  sd=  0.09%     12.63 GF/s  setup=0.091 s
gen_twiddle              L=100 B=1     m=64    inner=1      min=  7797.055 us/xform  median=  7804.797  sd=  0.06%     12.78 GF/s  setup=0.088 s
gen_twiddle              L=100 B=1     m=64    inner=1      min=  7864.715 us/xform  median=  7869.420  sd=  0.04%     12.67 GF/s  setup=0.086 s
gen_twiddle              L=100 B=1     m=2     inner=1      min=  9281.971 us/xform  median=  9281.971  sd=  0.00%     10.74 GF/s  setup=0.084 s
mkl2026_dfti             L=100 B=1     m=64    inner=1      min=  7815.699 us/xform  median=  7822.769  sd=  0.06%     12.75 GF/s  setup=0.050 s
mkl2026_dfti             L=100 B=1     m=64    inner=1      min=  7858.924 us/xform  median=  7862.477  sd=  0.04%     12.68 GF/s  setup=0.049 s
mkl2026_dfti             L=100 B=1     m=64    inner=1      min=  7859.618 us/xform  median=  7868.301  sd=  0.07%     12.68 GF/s  setup=0.051 s
mkl2026_dfti             L=100 B=1     m=2     inner=1      min= 10438.135 us/xform  median= 10438.135  sd=  0.00%      9.55 GF/s  setup=0.050 s
mkl_dfti                 L=100 B=1     m=64    inner=1      min=  7821.999 us/xform  median=  7828.161  sd=  0.05%     12.74 GF/s  setup=0.027 s
mkl_dfti                 L=100 B=1     m=64    inner=1      min=  7810.395 us/xform  median=  7816.242  sd=  0.05%     12.76 GF/s  setup=0.053 s
mkl_dfti                 L=100 B=1     m=64    inner=1      min=  7803.986 us/xform  median=  7811.381  sd=  0.06%     12.77 GF/s  setup=0.048 s
mkl_dfti                 L=100 B=1     m=2     inner=1      min= 10409.429 us/xform  median= 10409.429  sd=  0.00%      9.57 GF/s  setup=0.046 s
