PASS rel_l2=4.487e-16 rel_max=4.286e-16 (tol 1e-12) L=13 B=1
PASS rel_l2=1.428e-16 rel_max=1.969e-16 (tol 1e-12) L=13 B=1
PASS rel_l2=1.668e-16 rel_max=1.723e-16 (tol 1e-12) L=13 B=1
PASS rel_l2=1.693e-16 rel_max=1.984e-16 (tol 1e-12) L=13 B=1
PASS rel_l2=1.944e-16 rel_max=2.029e-16 (tol 1e-12) L=13 B=1
PASS rel_l2=1.428e-16 rel_max=1.969e-16 (tol 1e-12) L=13 B=1
PASS rel_l2=3.015e-16 rel_max=2.461e-16 (tol 1e-12) L=13 B=1
PASS rel_l2=1.983e-16 rel_max=2.029e-16 (tol 1e-12) L=13 B=1
PASS rel_l2=2.031e-16 rel_max=1.969e-16 (tol 1e-12) L=13 B=1
PASS rel_l2=2.031e-16 rel_max=1.969e-16 (tol 1e-12) L=13 B=1
PASS rel_l2=2.031e-16 rel_max=1.969e-16 (tol 1e-12) L=13 B=1
PASS rel_l2=1.848e-16 rel_max=2.029e-16 (tol 1e-12) L=13 B=1
PASS rel_l2=4.130e-16 rel_max=5.568e-16 (tol 1e-12) L=13 B=512
PASS rel_l2=1.386e-16 rel_max=2.365e-16 (tol 1e-12) L=13 B=512
PASS rel_l2=1.823e-16 rel_max=2.868e-16 (tol 1e-12) L=13 B=512
PASS rel_l2=1.386e-16 rel_max=2.365e-16 (tol 1e-12) L=13 B=512
PASS rel_l2=1.772e-16 rel_max=2.450e-16 (tol 1e-12) L=13 B=512
PASS rel_l2=1.772e-16 rel_max=2.450e-16 (tol 1e-12) L=13 B=512
PASS rel_l2=2.827e-16 rel_max=3.089e-16 (tol 1e-12) L=13 B=512
PASS rel_l2=1.788e-16 rel_max=2.565e-16 (tol 1e-12) L=13 B=512
PASS rel_l2=1.788e-16 rel_max=2.565e-16 (tol 1e-12) L=13 B=512
PASS rel_l2=1.811e-16 rel_max=2.365e-16 (tol 1e-12) L=13 B=512
PASS rel_l2=1.811e-16 rel_max=2.365e-16 (tol 1e-12) L=13 B=512
PASS rel_l2=1.811e-16 rel_max=2.365e-16 (tol 1e-12) L=13 B=512
PASS rel_l2=1.740e-16 rel_max=2.365e-16 (tol 1e-12) L=13 B=512
PASS rel_l2=4.487e-16 rel_max=4.286e-16 (tol 1e-12) L=13 B=1
PASS map-chain m=200000: rel_l2=9.163e-15 (anchor 3.787e-16, tol 1.0e-10)
PASS rel_l2=4.487e-16 rel_max=4.286e-16 (tol 1e-12) L=13 B=1
PASS map-2-step: rel_l2=9.501e-16 (tol 3.0e-14)
PASS rel_l2=1.428e-16 rel_max=1.969e-16 (tol 1e-12) L=13 B=1
PASS map-chain m=200000: rel_l2=3.360e-16 (anchor 3.787e-16, tol 1.0e-10)
PASS rel_l2=1.428e-16 rel_max=1.969e-16 (tol 1e-12) L=13 B=1
PASS map-2-step: rel_l2=2.491e-16 (tol 3.0e-14)
PASS rel_l2=1.668e-16 rel_max=1.723e-16 (tol 1e-12) L=13 B=1
PASS map-chain m=200000: rel_l2=7.565e-16 (anchor 3.787e-16, tol 1.0e-10)
PASS rel_l2=1.668e-16 rel_max=1.723e-16 (tol 1e-12) L=13 B=1
PASS map-2-step: rel_l2=3.745e-16 (tol 3.0e-14)
PASS rel_l2=1.693e-16 rel_max=1.984e-16 (tol 1e-12) L=13 B=1
PASS map-chain m=200000: rel_l2=6.697e-16 (anchor 3.787e-16, tol 1.0e-10)
PASS rel_l2=1.693e-16 rel_max=1.984e-16 (tol 1e-12) L=13 B=1
PASS map-2-step: rel_l2=4.276e-16 (tol 3.0e-14)
PASS rel_l2=1.944e-16 rel_max=2.029e-16 (tol 1e-12) L=13 B=1
PASS map-chain m=200000: rel_l2=1.268e-15 (anchor 3.787e-16, tol 1.0e-10)
PASS rel_l2=1.944e-16 rel_max=2.029e-16 (tol 1e-12) L=13 B=1
PASS map-2-step: rel_l2=3.703e-16 (tol 3.0e-14)
PASS rel_l2=1.428e-16 rel_max=1.969e-16 (tol 1e-12) L=13 B=1
PASS map-chain m=200000: rel_l2=1.268e-15 (anchor 3.787e-16, tol 1.0e-10)
PASS rel_l2=1.428e-16 rel_max=1.969e-16 (tol 1e-12) L=13 B=1
PASS map-2-step: rel_l2=3.703e-16 (tol 3.0e-14)
PASS rel_l2=3.015e-16 rel_max=2.461e-16 (tol 1e-12) L=13 B=1
PASS map-chain m=200000: rel_l2=1.671e-15 (anchor 3.787e-16, tol 1.0e-10)
PASS rel_l2=3.015e-16 rel_max=2.461e-16 (tol 1e-12) L=13 B=1
PASS map-2-step: rel_l2=7.479e-16 (tol 3.0e-14)
PASS rel_l2=1.983e-16 rel_max=2.029e-16 (tol 1e-12) L=13 B=1
PASS map-chain m=200000: rel_l2=3.870e-16 (anchor 3.787e-16, tol 1.0e-10)
PASS rel_l2=1.983e-16 rel_max=2.029e-16 (tol 1e-12) L=13 B=1
PASS map-2-step: rel_l2=3.188e-16 (tol 3.0e-14)
PASS rel_l2=2.031e-16 rel_max=1.969e-16 (tol 1e-12) L=13 B=1
PASS map-chain m=200000: rel_l2=7.891e-16 (anchor 3.787e-16, tol 1.0e-10)
PASS rel_l2=2.031e-16 rel_max=1.969e-16 (tol 1e-12) L=13 B=1
PASS map-2-step: rel_l2=4.395e-16 (tol 3.0e-14)
PASS rel_l2=2.031e-16 rel_max=1.969e-16 (tol 1e-12) L=13 B=1
PASS map-chain m=200000: rel_l2=7.891e-16 (anchor 3.787e-16, tol 1.0e-10)
PASS rel_l2=2.031e-16 rel_max=1.969e-16 (tol 1e-12) L=13 B=1
PASS map-2-step: rel_l2=4.395e-16 (tol 3.0e-14)
PASS rel_l2=2.031e-16 rel_max=1.969e-16 (tol 1e-12) L=13 B=1
PASS map-chain m=200000: rel_l2=7.891e-16 (anchor 3.787e-16, tol 1.0e-10)
PASS rel_l2=2.031e-16 rel_max=1.969e-16 (tol 1e-12) L=13 B=1
PASS map-2-step: rel_l2=4.395e-16 (tol 3.0e-14)
PASS rel_l2=1.848e-16 rel_max=2.029e-16 (tol 1e-12) L=13 B=1
PASS map-chain m=200000: rel_l2=1.031e-15 (anchor 3.787e-16, tol 1.0e-10)
PASS rel_l2=1.848e-16 rel_max=2.029e-16 (tol 1e-12) L=13 B=1
PASS map-2-step: rel_l2=3.575e-16 (tol 3.0e-14)
PASS rel_l2=4.130e-16 rel_max=5.568e-16 (tol 1e-12) L=13 B=512
PASS map-chain m=2000: rel_l2=7.066e-14 (anchor 1.126e-15, tol 1.0e-10)
PASS rel_l2=4.130e-16 rel_max=5.568e-16 (tol 1e-12) L=13 B=512
PASS map-2-step: rel_l2=7.412e-16 (tol 3.0e-14)
PASS rel_l2=1.386e-16 rel_max=2.365e-16 (tol 1e-12) L=13 B=512
PASS map-chain m=2000: rel_l2=1.675e-15 (anchor 1.126e-15, tol 1.0e-10)
PASS rel_l2=1.386e-16 rel_max=2.365e-16 (tol 1e-12) L=13 B=512
PASS map-2-step: rel_l2=2.853e-16 (tol 3.0e-14)
PASS rel_l2=1.823e-16 rel_max=2.868e-16 (tol 1e-12) L=13 B=512
PASS map-chain m=2000: rel_l2=9.693e-16 (anchor 1.126e-15, tol 1.0e-10)
PASS rel_l2=1.823e-16 rel_max=2.868e-16 (tol 1e-12) L=13 B=512
PASS map-2-step: rel_l2=3.260e-16 (tol 3.0e-14)
PASS rel_l2=1.386e-16 rel_max=2.365e-16 (tol 1e-12) L=13 B=512
PASS map-chain m=2000: rel_l2=1.494e-15 (anchor 1.126e-15, tol 1.0e-10)
PASS rel_l2=1.386e-16 rel_max=2.365e-16 (tol 1e-12) L=13 B=512
PASS map-2-step: rel_l2=2.855e-16 (tol 3.0e-14)
PASS rel_l2=1.772e-16 rel_max=2.450e-16 (tol 1e-12) L=13 B=512
PASS map-chain m=2000: rel_l2=1.157e-14 (anchor 1.126e-15, tol 1.0e-10)
PASS rel_l2=1.772e-16 rel_max=2.450e-16 (tol 1e-12) L=13 B=512
PASS map-2-step: rel_l2=3.778e-16 (tol 3.0e-14)
PASS rel_l2=1.772e-16 rel_max=2.450e-16 (tol 1e-12) L=13 B=512
PASS map-chain m=2000: rel_l2=1.157e-14 (anchor 1.126e-15, tol 1.0e-10)
PASS rel_l2=1.772e-16 rel_max=2.450e-16 (tol 1e-12) L=13 B=512
PASS map-2-step: rel_l2=3.778e-16 (tol 3.0e-14)
PASS rel_l2=2.827e-16 rel_max=3.089e-16 (tol 1e-12) L=13 B=512
PASS map-chain m=2000: rel_l2=1.245e-14 (anchor 1.126e-15, tol 1.0e-10)
PASS rel_l2=2.827e-16 rel_max=3.089e-16 (tol 1e-12) L=13 B=512
PASS map-2-step: rel_l2=5.179e-16 (tol 3.0e-14)
PASS rel_l2=1.788e-16 rel_max=2.565e-16 (tol 1e-12) L=13 B=512
PASS map-chain m=2000: rel_l2=7.282e-15 (anchor 1.126e-15, tol 1.0e-10)
PASS rel_l2=1.788e-16 rel_max=2.565e-16 (tol 1e-12) L=13 B=512
PASS map-2-step: rel_l2=3.518e-16 (tol 3.0e-14)
PASS rel_l2=1.788e-16 rel_max=2.565e-16 (tol 1e-12) L=13 B=512
PASS map-chain m=2000: rel_l2=7.282e-15 (anchor 1.126e-15, tol 1.0e-10)
PASS rel_l2=1.788e-16 rel_max=2.565e-16 (tol 1e-12) L=13 B=512
PASS map-2-step: rel_l2=3.518e-16 (tol 3.0e-14)
PASS rel_l2=1.811e-16 rel_max=2.365e-16 (tol 1e-12) L=13 B=512
PASS map-chain m=2000: rel_l2=7.369e-15 (anchor 1.126e-15, tol 1.0e-10)
PASS rel_l2=1.811e-16 rel_max=2.365e-16 (tol 1e-12) L=13 B=512
PASS map-2-step: rel_l2=3.472e-16 (tol 3.0e-14)
PASS rel_l2=1.811e-16 rel_max=2.365e-16 (tol 1e-12) L=13 B=512
PASS map-chain m=2000: rel_l2=7.369e-15 (anchor 1.126e-15, tol 1.0e-10)
PASS rel_l2=1.811e-16 rel_max=2.365e-16 (tol 1e-12) L=13 B=512
PASS map-2-step: rel_l2=3.472e-16 (tol 3.0e-14)
PASS rel_l2=1.811e-16 rel_max=2.365e-16 (tol 1e-12) L=13 B=512
PASS map-chain m=2000: rel_l2=7.369e-15 (anchor 1.126e-15, tol 1.0e-10)
PASS rel_l2=1.811e-16 rel_max=2.365e-16 (tol 1e-12) L=13 B=512
PASS map-2-step: rel_l2=3.472e-16 (tol 3.0e-14)
PASS rel_l2=1.740e-16 rel_max=2.365e-16 (tol 1e-12) L=13 B=512
PASS map-chain m=2000: rel_l2=1.158e-14 (anchor 1.126e-15, tol 1.0e-10)
PASS rel_l2=1.740e-16 rel_max=2.365e-16 (tol 1e-12) L=13 B=512
PASS map-2-step: rel_l2=3.497e-16 (tol 3.0e-14)
PASS rel_l2=3.687e-16 rel_max=3.409e-16 (tol 1e-12) L=31 B=1
PASS rel_l2=2.686e-16 rel_max=2.230e-16 (tol 1e-12) L=31 B=1
PASS rel_l2=2.903e-16 rel_max=2.962e-16 (tol 1e-12) L=31 B=1
PASS rel_l2=2.416e-16 rel_max=2.990e-16 (tol 1e-12) L=31 B=1
PASS rel_l2=3.409e-16 rel_max=2.990e-16 (tol 1e-12) L=31 B=1
PASS rel_l2=3.409e-16 rel_max=2.990e-16 (tol 1e-12) L=31 B=1
PASS rel_l2=3.438e-16 rel_max=4.228e-16 (tol 1e-12) L=31 B=1
PASS rel_l2=1.982e-16 rel_max=1.704e-16 (tol 1e-12) L=31 B=1
PASS rel_l2=2.490e-16 rel_max=3.441e-16 (tol 1e-12) L=31 B=1
PASS rel_l2=2.490e-16 rel_max=3.441e-16 (tol 1e-12) L=31 B=1
PASS rel_l2=2.490e-16 rel_max=3.441e-16 (tol 1e-12) L=31 B=1
PASS rel_l2=2.348e-16 rel_max=3.409e-16 (tol 1e-12) L=31 B=1
PASS rel_l2=4.211e-16 rel_max=5.372e-16 (tol 1e-12) L=31 B=512
PASS rel_l2=2.108e-16 rel_max=3.255e-16 (tol 1e-12) L=31 B=512
PASS rel_l2=3.255e-16 rel_max=4.110e-16 (tol 1e-12) L=31 B=512
PASS rel_l2=2.108e-16 rel_max=3.255e-16 (tol 1e-12) L=31 B=512
PASS rel_l2=2.930e-16 rel_max=3.255e-16 (tol 1e-12) L=31 B=512
PASS rel_l2=2.930e-16 rel_max=3.255e-16 (tol 1e-12) L=31 B=512
PASS rel_l2=3.566e-16 rel_max=3.954e-16 (tol 1e-12) L=31 B=512
PASS rel_l2=2.578e-16 rel_max=2.897e-16 (tol 1e-12) L=31 B=512
PASS rel_l2=2.578e-16 rel_max=2.897e-16 (tol 1e-12) L=31 B=512
PASS rel_l2=2.099e-16 rel_max=4.006e-16 (tol 1e-12) L=31 B=512
PASS rel_l2=2.099e-16 rel_max=4.006e-16 (tol 1e-12) L=31 B=512
PASS rel_l2=2.099e-16 rel_max=4.006e-16 (tol 1e-12) L=31 B=512
PASS rel_l2=2.306e-16 rel_max=4.006e-16 (tol 1e-12) L=31 B=512
PASS rel_l2=3.687e-16 rel_max=3.409e-16 (tol 1e-12) L=31 B=1
PASS map-chain m=100000: rel_l2=2.632e-14 (anchor 7.977e-16, tol 1.0e-10)
PASS rel_l2=3.687e-16 rel_max=3.409e-16 (tol 1e-12) L=31 B=1
PASS map-2-step: rel_l2=9.756e-16 (tol 3.0e-14)
PASS rel_l2=2.686e-16 rel_max=2.230e-16 (tol 1e-12) L=31 B=1
PASS map-chain m=100000: rel_l2=2.048e-15 (anchor 7.977e-16, tol 1.0e-10)
PASS rel_l2=2.686e-16 rel_max=2.230e-16 (tol 1e-12) L=31 B=1
PASS map-2-step: rel_l2=4.752e-16 (tol 3.0e-14)
PASS rel_l2=2.903e-16 rel_max=2.962e-16 (tol 1e-12) L=31 B=1
PASS map-chain m=100000: rel_l2=6.785e-15 (anchor 7.977e-16, tol 1.0e-10)
PASS rel_l2=2.903e-16 rel_max=2.962e-16 (tol 1e-12) L=31 B=1
PASS map-2-step: rel_l2=7.213e-16 (tol 3.0e-14)
PASS rel_l2=2.416e-16 rel_max=2.990e-16 (tol 1e-12) L=31 B=1
PASS map-chain m=100000: rel_l2=2.815e-15 (anchor 7.977e-16, tol 1.0e-10)
PASS rel_l2=2.416e-16 rel_max=2.990e-16 (tol 1e-12) L=31 B=1
PASS map-2-step: rel_l2=3.324e-16 (tol 3.0e-14)
PASS rel_l2=3.409e-16 rel_max=2.990e-16 (tol 1e-12) L=31 B=1
PASS map-chain m=100000: rel_l2=6.139e-15 (anchor 7.977e-16, tol 1.0e-10)
PASS rel_l2=3.409e-16 rel_max=2.990e-16 (tol 1e-12) L=31 B=1
PASS map-2-step: rel_l2=7.757e-16 (tol 3.0e-14)
PASS rel_l2=3.409e-16 rel_max=2.990e-16 (tol 1e-12) L=31 B=1
PASS map-chain m=100000: rel_l2=6.139e-15 (anchor 7.977e-16, tol 1.0e-10)
PASS rel_l2=3.409e-16 rel_max=2.990e-16 (tol 1e-12) L=31 B=1
PASS map-2-step: rel_l2=7.757e-16 (tol 3.0e-14)
PASS rel_l2=3.438e-16 rel_max=4.228e-16 (tol 1e-12) L=31 B=1
PASS map-chain m=100000: rel_l2=1.180e-14 (anchor 7.977e-16, tol 1.0e-10)
PASS rel_l2=3.438e-16 rel_max=4.228e-16 (tol 1e-12) L=31 B=1
PASS map-2-step: rel_l2=6.938e-16 (tol 3.0e-14)
PASS rel_l2=1.982e-16 rel_max=1.704e-16 (tol 1e-12) L=31 B=1
PASS map-chain m=100000: rel_l2=2.020e-15 (anchor 7.977e-16, tol 1.0e-10)
PASS rel_l2=1.982e-16 rel_max=1.704e-16 (tol 1e-12) L=31 B=1
PASS map-2-step: rel_l2=4.539e-16 (tol 3.0e-14)
PASS rel_l2=2.490e-16 rel_max=3.441e-16 (tol 1e-12) L=31 B=1
PASS map-chain m=100000: rel_l2=2.909e-15 (anchor 7.977e-16, tol 1.0e-10)
PASS rel_l2=2.490e-16 rel_max=3.441e-16 (tol 1e-12) L=31 B=1
PASS map-2-step: rel_l2=2.870e-16 (tol 3.0e-14)
PASS rel_l2=2.490e-16 rel_max=3.441e-16 (tol 1e-12) L=31 B=1
PASS map-chain m=100000: rel_l2=2.909e-15 (anchor 7.977e-16, tol 1.0e-10)
PASS rel_l2=2.490e-16 rel_max=3.441e-16 (tol 1e-12) L=31 B=1
PASS map-2-step: rel_l2=2.870e-16 (tol 3.0e-14)
PASS rel_l2=2.490e-16 rel_max=3.441e-16 (tol 1e-12) L=31 B=1
PASS map-chain m=100000: rel_l2=2.909e-15 (anchor 7.977e-16, tol 1.0e-10)
PASS rel_l2=2.490e-16 rel_max=3.441e-16 (tol 1e-12) L=31 B=1
PASS map-2-step: rel_l2=2.870e-16 (tol 3.0e-14)
PASS rel_l2=2.348e-16 rel_max=3.409e-16 (tol 1e-12) L=31 B=1
PASS map-chain m=100000: rel_l2=3.186e-15 (anchor 7.977e-16, tol 1.0e-10)
PASS rel_l2=2.348e-16 rel_max=3.409e-16 (tol 1e-12) L=31 B=1
PASS map-2-step: rel_l2=3.931e-16 (tol 3.0e-14)
PASS rel_l2=4.211e-16 rel_max=5.372e-16 (tol 1e-12) L=31 B=512
PASS map-chain m=1200: rel_l2=2.163e-12 (anchor 1.336e-13, tol 1.0e-10)
PASS rel_l2=4.211e-16 rel_max=5.372e-16 (tol 1e-12) L=31 B=512
PASS map-2-step: rel_l2=8.306e-16 (tol 3.0e-14)
PASS rel_l2=2.108e-16 rel_max=3.255e-16 (tol 1e-12) L=31 B=512
PASS map-chain m=1200: rel_l2=5.011e-13 (anchor 1.336e-13, tol 1.0e-10)
PASS rel_l2=2.108e-16 rel_max=3.255e-16 (tol 1e-12) L=31 B=512
PASS map-2-step: rel_l2=4.237e-16 (tol 3.0e-14)
PASS rel_l2=3.255e-16 rel_max=4.110e-16 (tol 1e-12) L=31 B=512
PASS map-chain m=1200: rel_l2=1.266e-12 (anchor 1.336e-13, tol 1.0e-10)
PASS rel_l2=3.255e-16 rel_max=4.110e-16 (tol 1e-12) L=31 B=512
PASS map-2-step: rel_l2=6.451e-16 (tol 3.0e-14)
PASS rel_l2=2.108e-16 rel_max=3.255e-16 (tol 1e-12) L=31 B=512
PASS map-chain m=1200: rel_l2=4.485e-13 (anchor 1.336e-13, tol 1.0e-10)
PASS rel_l2=2.108e-16 rel_max=3.255e-16 (tol 1e-12) L=31 B=512
PASS map-2-step: rel_l2=4.237e-16 (tol 3.0e-14)
PASS rel_l2=2.930e-16 rel_max=3.255e-16 (tol 1e-12) L=31 B=512
PASS map-chain m=1200: rel_l2=3.915e-12 (anchor 1.336e-13, tol 1.0e-10)
PASS rel_l2=2.930e-16 rel_max=3.255e-16 (tol 1e-12) L=31 B=512
PASS map-2-step: rel_l2=6.864e-16 (tol 3.0e-14)
PASS rel_l2=2.930e-16 rel_max=3.255e-16 (tol 1e-12) L=31 B=512
PASS map-chain m=1200: rel_l2=3.915e-12 (anchor 1.336e-13, tol 1.0e-10)
PASS rel_l2=2.930e-16 rel_max=3.255e-16 (tol 1e-12) L=31 B=512
PASS map-2-step: rel_l2=6.864e-16 (tol 3.0e-14)
PASS rel_l2=3.566e-16 rel_max=3.954e-16 (tol 1e-12) L=31 B=512
PASS map-chain m=1200: rel_l2=4.396e-12 (anchor 1.336e-13, tol 1.0e-10)
PASS rel_l2=3.566e-16 rel_max=3.954e-16 (tol 1e-12) L=31 B=512
PASS map-2-step: rel_l2=7.354e-16 (tol 3.0e-14)
PASS rel_l2=2.578e-16 rel_max=2.897e-16 (tol 1e-12) L=31 B=512
PASS map-chain m=1200: rel_l2=4.991e-13 (anchor 1.336e-13, tol 1.0e-10)
PASS rel_l2=2.578e-16 rel_max=2.897e-16 (tol 1e-12) L=31 B=512
PASS map-2-step: rel_l2=5.341e-16 (tol 3.0e-14)
PASS rel_l2=2.578e-16 rel_max=2.897e-16 (tol 1e-12) L=31 B=512
PASS map-chain m=1200: rel_l2=4.991e-13 (anchor 1.336e-13, tol 1.0e-10)
PASS rel_l2=2.578e-16 rel_max=2.897e-16 (tol 1e-12) L=31 B=512
PASS map-2-step: rel_l2=5.341e-16 (tol 3.0e-14)
PASS rel_l2=2.099e-16 rel_max=4.006e-16 (tol 1e-12) L=31 B=512
PASS map-chain m=1200: rel_l2=6.029e-13 (anchor 1.336e-13, tol 1.0e-10)
PASS rel_l2=2.099e-16 rel_max=4.006e-16 (tol 1e-12) L=31 B=512
PASS map-2-step: rel_l2=4.273e-16 (tol 3.0e-14)
PASS rel_l2=2.099e-16 rel_max=4.006e-16 (tol 1e-12) L=31 B=512
PASS map-chain m=1200: rel_l2=6.029e-13 (anchor 1.336e-13, tol 1.0e-10)
PASS rel_l2=2.099e-16 rel_max=4.006e-16 (tol 1e-12) L=31 B=512
PASS map-2-step: rel_l2=4.273e-16 (tol 3.0e-14)
PASS rel_l2=2.099e-16 rel_max=4.006e-16 (tol 1e-12) L=31 B=512
PASS map-chain m=1200: rel_l2=6.029e-13 (anchor 1.336e-13, tol 1.0e-10)
PASS rel_l2=2.099e-16 rel_max=4.006e-16 (tol 1e-12) L=31 B=512
PASS map-2-step: rel_l2=4.273e-16 (tol 3.0e-14)
PASS rel_l2=2.306e-16 rel_max=4.006e-16 (tol 1e-12) L=31 B=512
PASS map-chain m=1200: rel_l2=1.491e-12 (anchor 1.336e-13, tol 1.0e-10)
PASS rel_l2=2.306e-16 rel_max=4.006e-16 (tol 1e-12) L=31 B=512
PASS map-2-step: rel_l2=4.823e-16 (tol 3.0e-14)
PASS rel_l2=2.890e-16 rel_max=3.676e-16 (tol 1e-12) L=32 B=1
PASS rel_l2=9.891e-17 rel_max=1.499e-16 (tol 1e-12) L=32 B=1
PASS rel_l2=1.094e-16 rel_max=1.676e-16 (tol 1e-12) L=32 B=1
PASS rel_l2=1.094e-16 rel_max=1.676e-16 (tol 1e-12) L=32 B=1
PASS rel_l2=1.218e-16 rel_max=1.499e-16 (tol 1e-12) L=32 B=1
PASS rel_l2=1.218e-16 rel_max=1.499e-16 (tol 1e-12) L=32 B=1
PASS rel_l2=9.318e-17 rel_max=1.499e-16 (tol 1e-12) L=32 B=1
PASS rel_l2=1.190e-16 rel_max=1.499e-16 (tol 1e-12) L=32 B=1
PASS rel_l2=1.773e-16 rel_max=2.682e-16 (tol 1e-12) L=32 B=1
PASS rel_l2=1.657e-16 rel_max=2.682e-16 (tol 1e-12) L=32 B=1
PASS rel_l2=1.675e-16 rel_max=2.682e-16 (tol 1e-12) L=32 B=1
PASS rel_l2=1.551e-16 rel_max=2.682e-16 (tol 1e-12) L=32 B=1
PASS rel_l2=3.381e-16 rel_max=5.450e-16 (tol 1e-12) L=32 B=512
PASS rel_l2=1.131e-16 rel_max=2.122e-16 (tol 1e-12) L=32 B=512
PASS rel_l2=1.413e-16 rel_max=2.813e-16 (tol 1e-12) L=32 B=512
PASS rel_l2=1.413e-16 rel_max=2.813e-16 (tol 1e-12) L=32 B=512
PASS rel_l2=1.422e-16 rel_max=2.813e-16 (tol 1e-12) L=32 B=512
PASS rel_l2=1.422e-16 rel_max=2.813e-16 (tol 1e-12) L=32 B=512
PASS rel_l2=1.435e-16 rel_max=2.813e-16 (tol 1e-12) L=32 B=512
PASS rel_l2=1.369e-16 rel_max=2.813e-16 (tol 1e-12) L=32 B=512
PASS rel_l2=1.369e-16 rel_max=2.813e-16 (tol 1e-12) L=32 B=512
PASS rel_l2=1.546e-16 rel_max=2.791e-16 (tol 1e-12) L=32 B=512
PASS rel_l2=1.611e-16 rel_max=2.791e-16 (tol 1e-12) L=32 B=512
PASS rel_l2=1.611e-16 rel_max=2.791e-16 (tol 1e-12) L=32 B=512
PASS rel_l2=1.350e-16 rel_max=2.791e-16 (tol 1e-12) L=32 B=512
PASS rel_l2=2.890e-16 rel_max=3.676e-16 (tol 1e-12) L=32 B=1
PASS map-chain m=100000: rel_l2=2.298e-14 (anchor 0.000e+00, tol 1.0e-10)
PASS rel_l2=2.890e-16 rel_max=3.676e-16 (tol 1e-12) L=32 B=1
PASS map-2-step: rel_l2=5.359e-16 (tol 3.0e-14)
PASS rel_l2=9.891e-17 rel_max=1.499e-16 (tol 1e-12) L=32 B=1
PASS map-chain m=100000: rel_l2=1.584e-15 (anchor 0.000e+00, tol 1.0e-10)
PASS rel_l2=9.891e-17 rel_max=1.499e-16 (tol 1e-12) L=32 B=1
PASS map-2-step: rel_l2=2.819e-16 (tol 3.0e-14)
PASS rel_l2=1.094e-16 rel_max=1.676e-16 (tol 1e-12) L=32 B=1
PASS map-chain m=100000: rel_l2=1.588e-15 (anchor 0.000e+00, tol 1.0e-10)
PASS rel_l2=1.094e-16 rel_max=1.676e-16 (tol 1e-12) L=32 B=1
PASS map-2-step: rel_l2=3.283e-16 (tol 3.0e-14)
PASS rel_l2=1.094e-16 rel_max=1.676e-16 (tol 1e-12) L=32 B=1
PASS map-chain m=100000: rel_l2=1.588e-15 (anchor 0.000e+00, tol 1.0e-10)
PASS rel_l2=1.094e-16 rel_max=1.676e-16 (tol 1e-12) L=32 B=1
PASS map-2-step: rel_l2=3.283e-16 (tol 3.0e-14)
PASS rel_l2=1.218e-16 rel_max=1.499e-16 (tol 1e-12) L=32 B=1
PASS map-chain m=100000: rel_l2=1.506e-15 (anchor 0.000e+00, tol 1.0e-10)
PASS rel_l2=1.218e-16 rel_max=1.499e-16 (tol 1e-12) L=32 B=1
PASS map-2-step: rel_l2=3.453e-16 (tol 3.0e-14)
PASS rel_l2=1.218e-16 rel_max=1.499e-16 (tol 1e-12) L=32 B=1
PASS map-chain m=100000: rel_l2=1.584e-15 (anchor 0.000e+00, tol 1.0e-10)
PASS rel_l2=1.218e-16 rel_max=1.499e-16 (tol 1e-12) L=32 B=1
PASS map-2-step: rel_l2=2.819e-16 (tol 3.0e-14)
PASS rel_l2=9.318e-17 rel_max=1.499e-16 (tol 1e-12) L=32 B=1
PASS map-chain m=100000: rel_l2=1.145e-15 (anchor 0.000e+00, tol 1.0e-10)
PASS rel_l2=9.318e-17 rel_max=1.499e-16 (tol 1e-12) L=32 B=1
PASS map-2-step: rel_l2=3.253e-16 (tol 3.0e-14)
PASS rel_l2=1.190e-16 rel_max=1.499e-16 (tol 1e-12) L=32 B=1
PASS map-chain m=100000: rel_l2=1.898e-15 (anchor 0.000e+00, tol 1.0e-10)
PASS rel_l2=1.190e-16 rel_max=1.499e-16 (tol 1e-12) L=32 B=1
PASS map-2-step: rel_l2=2.648e-16 (tol 3.0e-14)
PASS rel_l2=1.773e-16 rel_max=2.682e-16 (tol 1e-12) L=32 B=1
PASS map-chain m=100000: rel_l2=2.944e-15 (anchor 0.000e+00, tol 1.0e-10)
PASS rel_l2=1.773e-16 rel_max=2.682e-16 (tol 1e-12) L=32 B=1
PASS map-2-step: rel_l2=3.612e-16 (tol 3.0e-14)
PASS rel_l2=1.686e-16 rel_max=2.682e-16 (tol 1e-12) L=32 B=1
PASS map-chain m=100000: rel_l2=2.833e-15 (anchor 0.000e+00, tol 1.0e-10)
PASS rel_l2=1.686e-16 rel_max=2.682e-16 (tol 1e-12) L=32 B=1
PASS map-2-step: rel_l2=3.310e-16 (tol 3.0e-14)
PASS rel_l2=1.686e-16 rel_max=2.682e-16 (tol 1e-12) L=32 B=1
PASS map-chain m=100000: rel_l2=2.833e-15 (anchor 0.000e+00, tol 1.0e-10)
PASS rel_l2=1.595e-16 rel_max=2.682e-16 (tol 1e-12) L=32 B=1
PASS map-2-step: rel_l2=3.734e-16 (tol 3.0e-14)
PASS rel_l2=1.551e-16 rel_max=2.682e-16 (tol 1e-12) L=32 B=1
PASS map-chain m=100000: rel_l2=1.442e-15 (anchor 0.000e+00, tol 1.0e-10)
PASS rel_l2=1.551e-16 rel_max=2.682e-16 (tol 1e-12) L=32 B=1
PASS map-2-step: rel_l2=2.978e-16 (tol 3.0e-14)
PASS rel_l2=3.381e-16 rel_max=5.450e-16 (tol 1e-12) L=32 B=512
PASS map-chain m=1000: rel_l2=3.990e-13 (anchor 0.000e+00, tol 1.0e-10)
PASS rel_l2=3.381e-16 rel_max=5.450e-16 (tol 1e-12) L=32 B=512
PASS map-2-step: rel_l2=6.199e-16 (tol 3.0e-14)
PASS rel_l2=1.131e-16 rel_max=2.122e-16 (tol 1e-12) L=32 B=512
PASS map-chain m=1000: rel_l2=1.044e-13 (anchor 0.000e+00, tol 1.0e-10)
PASS rel_l2=1.131e-16 rel_max=2.122e-16 (tol 1e-12) L=32 B=512
PASS map-2-step: rel_l2=2.945e-16 (tol 3.0e-14)
PASS rel_l2=1.413e-16 rel_max=2.813e-16 (tol 1e-12) L=32 B=512
PASS map-chain m=1000: rel_l2=1.020e-13 (anchor 0.000e+00, tol 1.0e-10)
PASS rel_l2=1.413e-16 rel_max=2.813e-16 (tol 1e-12) L=32 B=512
PASS map-2-step: rel_l2=3.303e-16 (tol 3.0e-14)
PASS rel_l2=1.413e-16 rel_max=2.813e-16 (tol 1e-12) L=32 B=512
PASS map-chain m=1000: rel_l2=1.020e-13 (anchor 0.000e+00, tol 1.0e-10)
PASS rel_l2=1.413e-16 rel_max=2.813e-16 (tol 1e-12) L=32 B=512
PASS map-2-step: rel_l2=3.303e-16 (tol 3.0e-14)
PASS rel_l2=1.422e-16 rel_max=2.813e-16 (tol 1e-12) L=32 B=512
PASS map-chain m=1000: rel_l2=1.112e-13 (anchor 0.000e+00, tol 1.0e-10)
PASS rel_l2=1.422e-16 rel_max=2.813e-16 (tol 1e-12) L=32 B=512
PASS map-2-step: rel_l2=3.300e-16 (tol 3.0e-14)
PASS rel_l2=1.422e-16 rel_max=2.813e-16 (tol 1e-12) L=32 B=512
PASS map-chain m=1000: rel_l2=1.044e-13 (anchor 0.000e+00, tol 1.0e-10)
PASS rel_l2=1.422e-16 rel_max=2.813e-16 (tol 1e-12) L=32 B=512
PASS map-2-step: rel_l2=2.945e-16 (tol 3.0e-14)
PASS rel_l2=1.435e-16 rel_max=2.813e-16 (tol 1e-12) L=32 B=512
PASS map-chain m=1000: rel_l2=8.652e-14 (anchor 0.000e+00, tol 1.0e-10)
PASS rel_l2=1.435e-16 rel_max=2.813e-16 (tol 1e-12) L=32 B=512
PASS map-2-step: rel_l2=3.329e-16 (tol 3.0e-14)
PASS rel_l2=1.369e-16 rel_max=2.813e-16 (tol 1e-12) L=32 B=512
PASS map-chain m=1000: rel_l2=9.361e-14 (anchor 0.000e+00, tol 1.0e-10)
PASS rel_l2=1.369e-16 rel_max=2.813e-16 (tol 1e-12) L=32 B=512
PASS map-2-step: rel_l2=3.229e-16 (tol 3.0e-14)
PASS rel_l2=1.369e-16 rel_max=2.813e-16 (tol 1e-12) L=32 B=512
PASS map-chain m=1000: rel_l2=9.361e-14 (anchor 0.000e+00, tol 1.0e-10)
PASS rel_l2=1.369e-16 rel_max=2.813e-16 (tol 1e-12) L=32 B=512
PASS map-2-step: rel_l2=3.229e-16 (tol 3.0e-14)
PASS rel_l2=1.546e-16 rel_max=2.791e-16 (tol 1e-12) L=32 B=512
PASS map-chain m=1000: rel_l2=1.274e-13 (anchor 0.000e+00, tol 1.0e-10)
PASS rel_l2=1.546e-16 rel_max=2.791e-16 (tol 1e-12) L=32 B=512
PASS map-2-step: rel_l2=3.425e-16 (tol 3.0e-14)
PASS rel_l2=1.611e-16 rel_max=2.791e-16 (tol 1e-12) L=32 B=512
PASS map-chain m=1000: rel_l2=1.043e-13 (anchor 0.000e+00, tol 1.0e-10)
PASS rel_l2=1.611e-16 rel_max=2.791e-16 (tol 1e-12) L=32 B=512
PASS map-2-step: rel_l2=3.544e-16 (tol 3.0e-14)
PASS rel_l2=1.611e-16 rel_max=2.791e-16 (tol 1e-12) L=32 B=512
PASS map-chain m=1000: rel_l2=1.043e-13 (anchor 0.000e+00, tol 1.0e-10)
PASS rel_l2=1.611e-16 rel_max=2.791e-16 (tol 1e-12) L=32 B=512
PASS map-2-step: rel_l2=3.544e-16 (tol 3.0e-14)
PASS rel_l2=1.350e-16 rel_max=2.791e-16 (tol 1e-12) L=32 B=512
PASS map-chain m=1000: rel_l2=1.321e-13 (anchor 0.000e+00, tol 1.0e-10)
PASS rel_l2=1.350e-16 rel_max=2.791e-16 (tol 1e-12) L=32 B=512
PASS map-2-step: rel_l2=3.192e-16 (tol 3.0e-14)
PASS rel_l2=4.437e-16 rel_max=5.992e-16 (tol 1e-12) L=60 B=1
PASS rel_l2=2.344e-16 rel_max=2.915e-16 (tol 1e-12) L=60 B=1
PASS rel_l2=1.801e-16 rel_max=2.607e-16 (tol 1e-12) L=60 B=1
PASS rel_l2=2.201e-16 rel_max=2.775e-16 (tol 1e-12) L=60 B=1
PASS rel_l2=1.801e-16 rel_max=2.607e-16 (tol 1e-12) L=60 B=1
PASS rel_l2=2.201e-16 rel_max=2.775e-16 (tol 1e-12) L=60 B=1
PASS rel_l2=1.481e-16 rel_max=2.305e-16 (tol 1e-12) L=60 B=1
PASS rel_l2=2.231e-16 rel_max=2.061e-16 (tol 1e-12) L=60 B=1
PASS rel_l2=2.632e-16 rel_max=4.123e-16 (tol 1e-12) L=60 B=1
PASS rel_l2=2.178e-16 rel_max=2.607e-16 (tol 1e-12) L=60 B=1
PASS rel_l2=2.124e-16 rel_max=2.607e-16 (tol 1e-12) L=60 B=1
PASS rel_l2=2.588e-16 rel_max=3.801e-16 (tol 1e-12) L=60 B=1
PASS rel_l2=4.181e-16 rel_max=5.849e-16 (tol 1e-12) L=60 B=512
PASS rel_l2=2.240e-16 rel_max=2.616e-16 (tol 1e-12) L=60 B=512
PASS rel_l2=1.764e-16 rel_max=2.644e-16 (tol 1e-12) L=60 B=512
PASS rel_l2=2.150e-16 rel_max=3.110e-16 (tol 1e-12) L=60 B=512
PASS rel_l2=1.764e-16 rel_max=2.644e-16 (tol 1e-12) L=60 B=512
PASS rel_l2=2.150e-16 rel_max=3.110e-16 (tol 1e-12) L=60 B=512
PASS rel_l2=1.735e-16 rel_max=2.565e-16 (tol 1e-12) L=60 B=512
PASS rel_l2=2.251e-16 rel_max=3.173e-16 (tol 1e-12) L=60 B=512
PASS rel_l2=2.251e-16 rel_max=3.173e-16 (tol 1e-12) L=60 B=512
PASS rel_l2=2.323e-16 rel_max=3.244e-16 (tol 1e-12) L=60 B=512
PASS rel_l2=2.006e-16 rel_max=3.078e-16 (tol 1e-12) L=60 B=512
PASS rel_l2=2.006e-16 rel_max=3.078e-16 (tol 1e-12) L=60 B=512
PASS rel_l2=2.540e-16 rel_max=3.078e-16 (tol 1e-12) L=60 B=512
PASS rel_l2=4.437e-16 rel_max=5.992e-16 (tol 1e-12) L=60 B=1
PASS map-chain m=60000: rel_l2=1.954e-14 (anchor 7.215e-16, tol 1.0e-10)
PASS rel_l2=4.437e-16 rel_max=5.992e-16 (tol 1e-12) L=60 B=1
PASS map-2-step: rel_l2=8.023e-16 (tol 3.0e-14)
PASS rel_l2=2.344e-16 rel_max=2.915e-16 (tol 1e-12) L=60 B=1
PASS map-chain m=60000: rel_l2=1.537e-15 (anchor 7.215e-16, tol 1.0e-10)
PASS rel_l2=2.344e-16 rel_max=2.915e-16 (tol 1e-12) L=60 B=1
PASS map-2-step: rel_l2=3.996e-16 (tol 3.0e-14)
PASS rel_l2=1.801e-16 rel_max=2.607e-16 (tol 1e-12) L=60 B=1
PASS map-chain m=60000: rel_l2=9.307e-16 (anchor 7.215e-16, tol 1.0e-10)
PASS rel_l2=1.801e-16 rel_max=2.607e-16 (tol 1e-12) L=60 B=1
PASS map-2-step: rel_l2=4.262e-16 (tol 3.0e-14)
PASS rel_l2=2.201e-16 rel_max=2.775e-16 (tol 1e-12) L=60 B=1
PASS map-chain m=60000: rel_l2=2.129e-15 (anchor 7.215e-16, tol 1.0e-10)
PASS rel_l2=2.201e-16 rel_max=2.775e-16 (tol 1e-12) L=60 B=1
PASS map-2-step: rel_l2=5.340e-16 (tol 3.0e-14)
PASS rel_l2=1.801e-16 rel_max=2.607e-16 (tol 1e-12) L=60 B=1
PASS map-chain m=60000: rel_l2=9.307e-16 (anchor 7.215e-16, tol 1.0e-10)
PASS rel_l2=1.801e-16 rel_max=2.607e-16 (tol 1e-12) L=60 B=1
PASS map-2-step: rel_l2=4.262e-16 (tol 3.0e-14)
PASS rel_l2=2.201e-16 rel_max=2.775e-16 (tol 1e-12) L=60 B=1
PASS map-chain m=60000: rel_l2=1.537e-15 (anchor 7.215e-16, tol 1.0e-10)
PASS rel_l2=2.201e-16 rel_max=2.775e-16 (tol 1e-12) L=60 B=1
PASS map-2-step: rel_l2=3.996e-16 (tol 3.0e-14)
PASS rel_l2=1.481e-16 rel_max=2.305e-16 (tol 1e-12) L=60 B=1
PASS map-chain m=60000: rel_l2=2.291e-15 (anchor 7.215e-16, tol 1.0e-10)
PASS rel_l2=1.481e-16 rel_max=2.305e-16 (tol 1e-12) L=60 B=1
PASS map-2-step: rel_l2=4.349e-16 (tol 3.0e-14)
PASS rel_l2=2.231e-16 rel_max=2.061e-16 (tol 1e-12) L=60 B=1
PASS map-chain m=60000: rel_l2=3.268e-15 (anchor 7.215e-16, tol 1.0e-10)
PASS rel_l2=2.231e-16 rel_max=2.061e-16 (tol 1e-12) L=60 B=1
PASS map-2-step: rel_l2=5.045e-16 (tol 3.0e-14)
PASS rel_l2=2.632e-16 rel_max=4.123e-16 (tol 1e-12) L=60 B=1
PASS map-chain m=60000: rel_l2=1.507e-15 (anchor 7.215e-16, tol 1.0e-10)
PASS rel_l2=2.632e-16 rel_max=4.123e-16 (tol 1e-12) L=60 B=1
PASS map-2-step: rel_l2=3.799e-16 (tol 3.0e-14)
PASS rel_l2=2.532e-16 rel_max=3.688e-16 (tol 1e-12) L=60 B=1
PASS map-chain m=60000: rel_l2=2.380e-15 (anchor 7.215e-16, tol 1.0e-10)
PASS rel_l2=2.532e-16 rel_max=3.688e-16 (tol 1e-12) L=60 B=1
PASS map-2-step: rel_l2=3.952e-16 (tol 3.0e-14)
PASS rel_l2=2.532e-16 rel_max=3.688e-16 (tol 1e-12) L=60 B=1
PASS map-chain m=60000: rel_l2=2.380e-15 (anchor 7.215e-16, tol 1.0e-10)
PASS rel_l2=2.532e-16 rel_max=3.688e-16 (tol 1e-12) L=60 B=1
PASS map-2-step: rel_l2=3.952e-16 (tol 3.0e-14)
PASS rel_l2=2.588e-16 rel_max=3.801e-16 (tol 1e-12) L=60 B=1
PASS map-chain m=60000: rel_l2=2.776e-15 (anchor 7.215e-16, tol 1.0e-10)
PASS rel_l2=2.588e-16 rel_max=3.801e-16 (tol 1e-12) L=60 B=1
PASS map-2-step: rel_l2=4.079e-16 (tol 3.0e-14)
PASS rel_l2=4.181e-16 rel_max=5.849e-16 (tol 1e-12) L=60 B=512
PASS map-chain m=600: rel_l2=9.119e-13 (anchor 7.804e-13, tol 3.0e-10)
PASS rel_l2=4.181e-16 rel_max=5.849e-16 (tol 1e-12) L=60 B=512
PASS map-2-step: rel_l2=8.410e-16 (tol 3.0e-14)
PASS rel_l2=2.240e-16 rel_max=2.616e-16 (tol 1e-12) L=60 B=512
PASS map-chain m=600: rel_l2=8.053e-13 (anchor 7.804e-13, tol 3.0e-10)
PASS rel_l2=2.240e-16 rel_max=2.616e-16 (tol 1e-12) L=60 B=512
PASS map-2-step: rel_l2=4.918e-16 (tol 3.0e-14)
PASS rel_l2=1.764e-16 rel_max=2.644e-16 (tol 1e-12) L=60 B=512
PASS map-chain m=600: rel_l2=2.101e-12 (anchor 7.804e-13, tol 3.0e-10)
PASS rel_l2=1.764e-16 rel_max=2.644e-16 (tol 1e-12) L=60 B=512
PASS map-2-step: rel_l2=4.267e-16 (tol 3.0e-14)
PASS rel_l2=2.150e-16 rel_max=3.110e-16 (tol 1e-12) L=60 B=512
PASS map-chain m=600: rel_l2=1.551e-12 (anchor 7.804e-13, tol 3.0e-10)
PASS rel_l2=2.150e-16 rel_max=3.110e-16 (tol 1e-12) L=60 B=512
PASS map-2-step: rel_l2=5.115e-16 (tol 3.0e-14)
PASS rel_l2=1.764e-16 rel_max=2.644e-16 (tol 1e-12) L=60 B=512
PASS map-chain m=600: rel_l2=2.101e-12 (anchor 7.804e-13, tol 3.0e-10)
PASS rel_l2=1.764e-16 rel_max=2.644e-16 (tol 1e-12) L=60 B=512
PASS map-2-step: rel_l2=4.267e-16 (tol 3.0e-14)
PASS rel_l2=2.150e-16 rel_max=3.110e-16 (tol 1e-12) L=60 B=512
PASS map-chain m=600: rel_l2=1.551e-12 (anchor 7.804e-13, tol 3.0e-10)
PASS rel_l2=2.150e-16 rel_max=3.110e-16 (tol 1e-12) L=60 B=512
PASS map-2-step: rel_l2=5.115e-16 (tol 3.0e-14)
PASS rel_l2=1.735e-16 rel_max=2.565e-16 (tol 1e-12) L=60 B=512
PASS map-chain m=600: rel_l2=2.521e-12 (anchor 7.804e-13, tol 3.0e-10)
PASS rel_l2=1.735e-16 rel_max=2.565e-16 (tol 1e-12) L=60 B=512
PASS map-2-step: rel_l2=4.286e-16 (tol 3.0e-14)
PASS rel_l2=2.251e-16 rel_max=3.173e-16 (tol 1e-12) L=60 B=512
PASS map-chain m=600: rel_l2=3.695e-12 (anchor 7.804e-13, tol 3.0e-10)
PASS rel_l2=2.251e-16 rel_max=3.173e-16 (tol 1e-12) L=60 B=512
PASS map-2-step: rel_l2=4.893e-16 (tol 3.0e-14)
PASS rel_l2=2.251e-16 rel_max=3.173e-16 (tol 1e-12) L=60 B=512
PASS map-chain m=600: rel_l2=3.695e-12 (anchor 7.804e-13, tol 3.0e-10)
PASS rel_l2=2.251e-16 rel_max=3.173e-16 (tol 1e-12) L=60 B=512
PASS map-2-step: rel_l2=4.893e-16 (tol 3.0e-14)
PASS rel_l2=2.323e-16 rel_max=3.244e-16 (tol 1e-12) L=60 B=512
PASS map-chain m=600: rel_l2=1.249e-12 (anchor 7.804e-13, tol 3.0e-10)
PASS rel_l2=2.323e-16 rel_max=3.244e-16 (tol 1e-12) L=60 B=512
PASS map-2-step: rel_l2=5.013e-16 (tol 3.0e-14)
PASS rel_l2=2.277e-16 rel_max=3.244e-16 (tol 1e-12) L=60 B=512
PASS map-chain m=600: rel_l2=5.651e-13 (anchor 7.804e-13, tol 3.0e-10)
PASS rel_l2=2.006e-16 rel_max=3.078e-16 (tol 1e-12) L=60 B=512
PASS map-2-step: rel_l2=4.657e-16 (tol 3.0e-14)
PASS rel_l2=2.006e-16 rel_max=3.078e-16 (tol 1e-12) L=60 B=512
PASS map-chain m=600: rel_l2=1.329e-12 (anchor 7.804e-13, tol 3.0e-10)
PASS rel_l2=2.006e-16 rel_max=3.078e-16 (tol 1e-12) L=60 B=512
PASS map-2-step: rel_l2=4.657e-16 (tol 3.0e-14)
PASS rel_l2=2.540e-16 rel_max=3.078e-16 (tol 1e-12) L=60 B=512
PASS map-chain m=600: rel_l2=2.672e-12 (anchor 7.804e-13, tol 3.0e-10)
PASS rel_l2=2.540e-16 rel_max=3.078e-16 (tol 1e-12) L=60 B=512
PASS map-2-step: rel_l2=5.547e-16 (tol 3.0e-14)
PASS rel_l2=4.363e-16 rel_max=3.906e-16 (tol 1e-12) L=64 B=1
PASS rel_l2=1.519e-16 rel_max=2.015e-16 (tol 1e-12) L=64 B=1
PASS rel_l2=1.775e-16 rel_max=2.137e-16 (tol 1e-12) L=64 B=1
PASS rel_l2=1.775e-16 rel_max=2.137e-16 (tol 1e-12) L=64 B=1
PASS rel_l2=1.828e-16 rel_max=2.015e-16 (tol 1e-12) L=64 B=1
PASS rel_l2=1.828e-16 rel_max=2.015e-16 (tol 1e-12) L=64 B=1
PASS rel_l2=1.780e-16 rel_max=2.137e-16 (tol 1e-12) L=64 B=1
PASS rel_l2=1.616e-16 rel_max=1.593e-16 (tol 1e-12) L=64 B=1
PASS rel_l2=1.855e-16 rel_max=2.569e-16 (tol 1e-12) L=64 B=1
PASS rel_l2=1.601e-16 rel_max=2.137e-16 (tol 1e-12) L=64 B=1
PASS rel_l2=1.601e-16 rel_max=2.137e-16 (tol 1e-12) L=64 B=1
PASS rel_l2=1.931e-16 rel_max=2.015e-16 (tol 1e-12) L=64 B=1
PASS rel_l2=4.029e-16 rel_max=5.957e-16 (tol 1e-12) L=64 B=512
PASS rel_l2=1.454e-16 rel_max=2.131e-16 (tol 1e-12) L=64 B=512
PASS rel_l2=1.758e-16 rel_max=2.860e-16 (tol 1e-12) L=64 B=512
PASS rel_l2=1.758e-16 rel_max=2.860e-16 (tol 1e-12) L=64 B=512
PASS rel_l2=1.782e-16 rel_max=2.383e-16 (tol 1e-12) L=64 B=512
PASS rel_l2=1.782e-16 rel_max=2.383e-16 (tol 1e-12) L=64 B=512
PASS rel_l2=1.824e-16 rel_max=2.383e-16 (tol 1e-12) L=64 B=512
PASS rel_l2=1.757e-16 rel_max=2.860e-16 (tol 1e-12) L=64 B=512
PASS rel_l2=1.757e-16 rel_max=2.860e-16 (tol 1e-12) L=64 B=512
PASS rel_l2=1.844e-16 rel_max=2.383e-16 (tol 1e-12) L=64 B=512
PASS rel_l2=1.943e-16 rel_max=2.948e-16 (tol 1e-12) L=64 B=512
PASS rel_l2=1.943e-16 rel_max=2.948e-16 (tol 1e-12) L=64 B=512
PASS rel_l2=1.738e-16 rel_max=2.948e-16 (tol 1e-12) L=64 B=512
PASS rel_l2=4.363e-16 rel_max=3.906e-16 (tol 1e-12) L=64 B=1
PASS map-chain m=60000: rel_l2=2.338e-14 (anchor 0.000e+00, tol 1.0e-10)
PASS rel_l2=4.363e-16 rel_max=3.906e-16 (tol 1e-12) L=64 B=1
PASS map-2-step: rel_l2=8.138e-16 (tol 3.0e-14)
PASS rel_l2=1.519e-16 rel_max=2.015e-16 (tol 1e-12) L=64 B=1
PASS map-chain m=60000: rel_l2=3.653e-15 (anchor 0.000e+00, tol 1.0e-10)
PASS rel_l2=1.519e-16 rel_max=2.015e-16 (tol 1e-12) L=64 B=1
PASS map-2-step: rel_l2=4.904e-16 (tol 3.0e-14)
PASS rel_l2=1.775e-16 rel_max=2.137e-16 (tol 1e-12) L=64 B=1
PASS map-chain m=60000: rel_l2=3.898e-15 (anchor 0.000e+00, tol 1.0e-10)
PASS rel_l2=1.775e-16 rel_max=2.137e-16 (tol 1e-12) L=64 B=1
PASS map-2-step: rel_l2=4.986e-16 (tol 3.0e-14)
PASS rel_l2=1.775e-16 rel_max=2.137e-16 (tol 1e-12) L=64 B=1
PASS map-chain m=60000: rel_l2=3.898e-15 (anchor 0.000e+00, tol 1.0e-10)
PASS rel_l2=1.775e-16 rel_max=2.137e-16 (tol 1e-12) L=64 B=1
PASS map-2-step: rel_l2=4.986e-16 (tol 3.0e-14)
PASS rel_l2=1.828e-16 rel_max=2.015e-16 (tol 1e-12) L=64 B=1
PASS map-chain m=60000: rel_l2=3.249e-15 (anchor 0.000e+00, tol 1.0e-10)
PASS rel_l2=1.828e-16 rel_max=2.015e-16 (tol 1e-12) L=64 B=1
PASS map-2-step: rel_l2=4.958e-16 (tol 3.0e-14)
PASS rel_l2=1.828e-16 rel_max=2.015e-16 (tol 1e-12) L=64 B=1
PASS map-chain m=60000: rel_l2=3.653e-15 (anchor 0.000e+00, tol 1.0e-10)
PASS rel_l2=1.828e-16 rel_max=2.015e-16 (tol 1e-12) L=64 B=1
PASS map-2-step: rel_l2=4.904e-16 (tol 3.0e-14)
PASS rel_l2=1.780e-16 rel_max=2.137e-16 (tol 1e-12) L=64 B=1
PASS map-chain m=60000: rel_l2=3.909e-15 (anchor 0.000e+00, tol 1.0e-10)
PASS rel_l2=1.780e-16 rel_max=2.137e-16 (tol 1e-12) L=64 B=1
PASS map-2-step: rel_l2=5.054e-16 (tol 3.0e-14)
PASS rel_l2=1.616e-16 rel_max=1.593e-16 (tol 1e-12) L=64 B=1
PASS map-chain m=60000: rel_l2=4.139e-15 (anchor 0.000e+00, tol 1.0e-10)
PASS rel_l2=1.616e-16 rel_max=1.593e-16 (tol 1e-12) L=64 B=1
PASS map-2-step: rel_l2=4.394e-16 (tol 3.0e-14)
PASS rel_l2=1.855e-16 rel_max=2.569e-16 (tol 1e-12) L=64 B=1
PASS map-chain m=60000: rel_l2=4.172e-15 (anchor 0.000e+00, tol 1.0e-10)
PASS rel_l2=1.855e-16 rel_max=2.569e-16 (tol 1e-12) L=64 B=1
PASS map-2-step: rel_l2=5.459e-16 (tol 3.0e-14)
PASS rel_l2=1.601e-16 rel_max=2.137e-16 (tol 1e-12) L=64 B=1
PASS map-chain m=60000: rel_l2=4.267e-15 (anchor 0.000e+00, tol 1.0e-10)
PASS rel_l2=1.600e-16 rel_max=2.137e-16 (tol 1e-12) L=64 B=1
PASS map-2-step: rel_l2=4.989e-16 (tol 3.0e-14)
PASS rel_l2=1.600e-16 rel_max=2.137e-16 (tol 1e-12) L=64 B=1
PASS map-chain m=60000: rel_l2=4.192e-15 (anchor 0.000e+00, tol 1.0e-10)
PASS rel_l2=1.601e-16 rel_max=2.137e-16 (tol 1e-12) L=64 B=1
PASS map-2-step: rel_l2=4.638e-16 (tol 3.0e-14)
PASS rel_l2=1.931e-16 rel_max=2.015e-16 (tol 1e-12) L=64 B=1
PASS map-chain m=60000: rel_l2=4.125e-15 (anchor 0.000e+00, tol 1.0e-10)
PASS rel_l2=1.931e-16 rel_max=2.015e-16 (tol 1e-12) L=64 B=1
PASS map-2-step: rel_l2=5.607e-16 (tol 3.0e-14)
PASS rel_l2=4.029e-16 rel_max=5.957e-16 (tol 1e-12) L=64 B=512
PASS map-chain m=500: rel_l2=6.035e-13 (anchor 0.000e+00, tol 1.0e-10)
PASS rel_l2=4.029e-16 rel_max=5.957e-16 (tol 1e-12) L=64 B=512
PASS map-2-step: rel_l2=7.517e-16 (tol 3.0e-14)
PASS rel_l2=1.454e-16 rel_max=2.131e-16 (tol 1e-12) L=64 B=512
PASS map-chain m=500: rel_l2=1.529e-13 (anchor 0.000e+00, tol 1.0e-10)
PASS rel_l2=1.454e-16 rel_max=2.131e-16 (tol 1e-12) L=64 B=512
PASS map-2-step: rel_l2=3.735e-16 (tol 3.0e-14)
PASS rel_l2=1.758e-16 rel_max=2.860e-16 (tol 1e-12) L=64 B=512
PASS map-chain m=500: rel_l2=2.177e-13 (anchor 0.000e+00, tol 1.0e-10)
PASS rel_l2=1.758e-16 rel_max=2.860e-16 (tol 1e-12) L=64 B=512
PASS map-2-step: rel_l2=4.156e-16 (tol 3.0e-14)
PASS rel_l2=1.758e-16 rel_max=2.860e-16 (tol 1e-12) L=64 B=512
PASS map-chain m=500: rel_l2=2.177e-13 (anchor 0.000e+00, tol 1.0e-10)
PASS rel_l2=1.758e-16 rel_max=2.860e-16 (tol 1e-12) L=64 B=512
PASS map-2-step: rel_l2=4.156e-16 (tol 3.0e-14)
PASS rel_l2=1.782e-16 rel_max=2.383e-16 (tol 1e-12) L=64 B=512
PASS map-chain m=500: rel_l2=2.072e-13 (anchor 0.000e+00, tol 1.0e-10)
PASS rel_l2=1.782e-16 rel_max=2.383e-16 (tol 1e-12) L=64 B=512
PASS map-2-step: rel_l2=4.223e-16 (tol 3.0e-14)
PASS rel_l2=1.782e-16 rel_max=2.383e-16 (tol 1e-12) L=64 B=512
PASS map-chain m=500: rel_l2=1.529e-13 (anchor 0.000e+00, tol 1.0e-10)
PASS rel_l2=1.782e-16 rel_max=2.383e-16 (tol 1e-12) L=64 B=512
PASS map-2-step: rel_l2=3.735e-16 (tol 3.0e-14)
PASS rel_l2=1.824e-16 rel_max=2.383e-16 (tol 1e-12) L=64 B=512
PASS map-chain m=500: rel_l2=1.552e-13 (anchor 0.000e+00, tol 1.0e-10)
PASS rel_l2=1.824e-16 rel_max=2.383e-16 (tol 1e-12) L=64 B=512
PASS map-2-step: rel_l2=4.265e-16 (tol 3.0e-14)
PASS rel_l2=1.757e-16 rel_max=2.860e-16 (tol 1e-12) L=64 B=512
PASS map-chain m=500: rel_l2=1.547e-13 (anchor 0.000e+00, tol 1.0e-10)
PASS rel_l2=1.757e-16 rel_max=2.860e-16 (tol 1e-12) L=64 B=512
PASS map-2-step: rel_l2=4.174e-16 (tol 3.0e-14)
PASS rel_l2=1.757e-16 rel_max=2.860e-16 (tol 1e-12) L=64 B=512
PASS map-chain m=500: rel_l2=1.547e-13 (anchor 0.000e+00, tol 1.0e-10)
PASS rel_l2=1.757e-16 rel_max=2.860e-16 (tol 1e-12) L=64 B=512
PASS map-2-step: rel_l2=4.174e-16 (tol 3.0e-14)
PASS rel_l2=1.844e-16 rel_max=2.383e-16 (tol 1e-12) L=64 B=512
PASS map-chain m=500: rel_l2=1.729e-13 (anchor 0.000e+00, tol 1.0e-10)
PASS rel_l2=1.844e-16 rel_max=2.383e-16 (tol 1e-12) L=64 B=512
PASS map-2-step: rel_l2=4.310e-16 (tol 3.0e-14)
PASS rel_l2=1.844e-16 rel_max=2.383e-16 (tol 1e-12) L=64 B=512
PASS map-chain m=500: rel_l2=1.729e-13 (anchor 0.000e+00, tol 1.0e-10)
PASS rel_l2=1.844e-16 rel_max=2.383e-16 (tol 1e-12) L=64 B=512
PASS map-2-step: rel_l2=4.310e-16 (tol 3.0e-14)
PASS rel_l2=1.844e-16 rel_max=2.383e-16 (tol 1e-12) L=64 B=512
PASS map-chain m=500: rel_l2=1.729e-13 (anchor 0.000e+00, tol 1.0e-10)
PASS rel_l2=1.844e-16 rel_max=2.383e-16 (tol 1e-12) L=64 B=512
PASS map-2-step: rel_l2=4.310e-16 (tol 3.0e-14)
PASS rel_l2=1.738e-16 rel_max=2.948e-16 (tol 1e-12) L=64 B=512
PASS map-chain m=500: rel_l2=1.844e-13 (anchor 0.000e+00, tol 1.0e-10)
PASS rel_l2=1.738e-16 rel_max=2.948e-16 (tol 1e-12) L=64 B=512
PASS map-2-step: rel_l2=4.164e-16 (tol 3.0e-14)
PASS rel_l2=4.622e-16 rel_max=5.339e-16 (tol 1e-12) L=128 B=1
PASS rel_l2=1.850e-16 rel_max=2.361e-16 (tol 1e-12) L=128 B=1
PASS rel_l2=2.067e-16 rel_max=2.361e-16 (tol 1e-12) L=128 B=1
PASS rel_l2=2.067e-16 rel_max=2.361e-16 (tol 1e-12) L=128 B=1
PASS rel_l2=1.917e-16 rel_max=2.177e-16 (tol 1e-12) L=128 B=1
PASS rel_l2=1.850e-16 rel_max=2.361e-16 (tol 1e-12) L=128 B=1
PASS rel_l2=2.208e-16 rel_max=2.843e-16 (tol 1e-12) L=128 B=1
PASS rel_l2=2.144e-16 rel_max=2.987e-16 (tol 1e-12) L=128 B=1
PASS rel_l2=2.100e-16 rel_max=2.361e-16 (tol 1e-12) L=128 B=1
PASS rel_l2=2.370e-16 rel_max=2.361e-16 (tol 1e-12) L=128 B=1
PASS rel_l2=2.370e-16 rel_max=2.361e-16 (tol 1e-12) L=128 B=1
PASS rel_l2=1.963e-16 rel_max=2.361e-16 (tol 1e-12) L=128 B=1
PASS rel_l2=2.189e-16 rel_max=3.051e-16 (tol 1e-12) L=128 B=512
PASS rel_l2=2.152e-16 rel_max=2.914e-16 (tol 1e-12) L=128 B=512
PASS rel_l2=2.152e-16 rel_max=2.914e-16 (tol 1e-12) L=128 B=512
PASS rel_l2=2.173e-16 rel_max=3.051e-16 (tol 1e-12) L=128 B=512
PASS rel_l2=2.173e-16 rel_max=3.051e-16 (tol 1e-12) L=128 B=512
PASS rel_l2=2.070e-16 rel_max=2.914e-16 (tol 1e-12) L=128 B=512
PASS rel_l2=2.123e-16 rel_max=3.311e-16 (tol 1e-12) L=128 B=512
PASS rel_l2=2.123e-16 rel_max=3.311e-16 (tol 1e-12) L=128 B=512
PASS rel_l2=2.134e-16 rel_max=2.834e-16 (tol 1e-12) L=128 B=512
PASS rel_l2=2.176e-16 rel_max=3.051e-16 (tol 1e-12) L=128 B=512
PASS rel_l2=2.176e-16 rel_max=3.051e-16 (tol 1e-12) L=128 B=512
PASS rel_l2=2.117e-16 rel_max=3.051e-16 (tol 1e-12) L=128 B=512
PASS rel_l2=4.622e-16 rel_max=5.339e-16 (tol 1e-12) L=128 B=1
PASS map-chain m=30000: rel_l2=4.726e-14 (anchor 0.000e+00, tol 1.0e-10)
PASS rel_l2=4.622e-16 rel_max=5.339e-16 (tol 1e-12) L=128 B=1
PASS map-2-step: rel_l2=9.698e-16 (tol 3.0e-14)
PASS rel_l2=1.850e-16 rel_max=2.361e-16 (tol 1e-12) L=128 B=1
PASS map-chain m=30000: rel_l2=8.409e-15 (anchor 0.000e+00, tol 1.0e-10)
PASS rel_l2=1.850e-16 rel_max=2.361e-16 (tol 1e-12) L=128 B=1
PASS map-2-step: rel_l2=3.985e-16 (tol 3.0e-14)
PASS rel_l2=2.067e-16 rel_max=2.361e-16 (tol 1e-12) L=128 B=1
PASS map-chain m=30000: rel_l2=7.487e-15 (anchor 0.000e+00, tol 1.0e-10)
PASS rel_l2=2.067e-16 rel_max=2.361e-16 (tol 1e-12) L=128 B=1
PASS map-2-step: rel_l2=4.646e-16 (tol 3.0e-14)
PASS rel_l2=2.067e-16 rel_max=2.361e-16 (tol 1e-12) L=128 B=1
PASS map-chain m=30000: rel_l2=7.487e-15 (anchor 0.000e+00, tol 1.0e-10)
PASS rel_l2=2.067e-16 rel_max=2.361e-16 (tol 1e-12) L=128 B=1
PASS map-2-step: rel_l2=4.646e-16 (tol 3.0e-14)
PASS rel_l2=1.917e-16 rel_max=2.177e-16 (tol 1e-12) L=128 B=1
PASS map-chain m=30000: rel_l2=7.832e-15 (anchor 0.000e+00, tol 1.0e-10)
PASS rel_l2=1.917e-16 rel_max=2.177e-16 (tol 1e-12) L=128 B=1
PASS map-2-step: rel_l2=4.277e-16 (tol 3.0e-14)
PASS rel_l2=1.850e-16 rel_max=2.361e-16 (tol 1e-12) L=128 B=1
PASS map-chain m=30000: rel_l2=8.409e-15 (anchor 0.000e+00, tol 1.0e-10)
PASS rel_l2=1.850e-16 rel_max=2.361e-16 (tol 1e-12) L=128 B=1
PASS map-2-step: rel_l2=3.985e-16 (tol 3.0e-14)
PASS rel_l2=2.208e-16 rel_max=2.843e-16 (tol 1e-12) L=128 B=1
PASS map-chain m=30000: rel_l2=3.488e-15 (anchor 0.000e+00, tol 1.0e-10)
PASS rel_l2=2.208e-16 rel_max=2.843e-16 (tol 1e-12) L=128 B=1
PASS map-2-step: rel_l2=4.954e-16 (tol 3.0e-14)
PASS rel_l2=2.144e-16 rel_max=2.987e-16 (tol 1e-12) L=128 B=1
PASS map-chain m=30000: rel_l2=8.622e-15 (anchor 0.000e+00, tol 1.0e-10)
PASS rel_l2=2.144e-16 rel_max=2.987e-16 (tol 1e-12) L=128 B=1
PASS map-2-step: rel_l2=5.119e-16 (tol 3.0e-14)
PASS rel_l2=2.100e-16 rel_max=2.361e-16 (tol 1e-12) L=128 B=1
PASS map-chain m=30000: rel_l2=8.247e-15 (anchor 0.000e+00, tol 1.0e-10)
PASS rel_l2=2.100e-16 rel_max=2.361e-16 (tol 1e-12) L=128 B=1
PASS map-2-step: rel_l2=5.658e-16 (tol 3.0e-14)
PASS rel_l2=2.370e-16 rel_max=2.361e-16 (tol 1e-12) L=128 B=1
PASS map-chain m=30000: rel_l2=1.062e-14 (anchor 0.000e+00, tol 1.0e-10)
PASS rel_l2=2.370e-16 rel_max=2.361e-16 (tol 1e-12) L=128 B=1
PASS map-2-step: rel_l2=5.399e-16 (tol 3.0e-14)
PASS rel_l2=2.370e-16 rel_max=2.361e-16 (tol 1e-12) L=128 B=1
PASS map-chain m=30000: rel_l2=1.062e-14 (anchor 0.000e+00, tol 1.0e-10)
PASS rel_l2=2.370e-16 rel_max=2.361e-16 (tol 1e-12) L=128 B=1
PASS map-2-step: rel_l2=5.399e-16 (tol 3.0e-14)
PASS rel_l2=1.963e-16 rel_max=2.361e-16 (tol 1e-12) L=128 B=1
PASS map-chain m=30000: rel_l2=8.015e-15 (anchor 0.000e+00, tol 1.0e-10)
PASS rel_l2=1.963e-16 rel_max=2.361e-16 (tol 1e-12) L=128 B=1
PASS map-2-step: rel_l2=5.199e-16 (tol 3.0e-14)
PASS rel_l2=2.189e-16 rel_max=3.051e-16 (tol 1e-12) L=128 B=512
PASS map-chain m=250: rel_l2=4.323e-14 (anchor 0.000e+00, tol 1.0e-10)
PASS rel_l2=2.189e-16 rel_max=3.051e-16 (tol 1e-12) L=128 B=512
PASS map-2-step: rel_l2=5.340e-16 (tol 3.0e-14)
PASS rel_l2=2.152e-16 rel_max=2.914e-16 (tol 1e-12) L=128 B=512
PASS map-chain m=250: rel_l2=4.680e-14 (anchor 0.000e+00, tol 1.0e-10)
PASS rel_l2=2.152e-16 rel_max=2.914e-16 (tol 1e-12) L=128 B=512
PASS map-2-step: rel_l2=5.290e-16 (tol 3.0e-14)
PASS rel_l2=2.152e-16 rel_max=2.914e-16 (tol 1e-12) L=128 B=512
PASS map-chain m=250: rel_l2=4.680e-14 (anchor 0.000e+00, tol 1.0e-10)
PASS rel_l2=2.152e-16 rel_max=2.914e-16 (tol 1e-12) L=128 B=512
PASS map-2-step: rel_l2=5.290e-16 (tol 3.0e-14)
PASS rel_l2=2.173e-16 rel_max=3.051e-16 (tol 1e-12) L=128 B=512
PASS map-chain m=250: rel_l2=4.449e-14 (anchor 0.000e+00, tol 1.0e-10)
PASS rel_l2=2.173e-16 rel_max=3.051e-16 (tol 1e-12) L=128 B=512
PASS map-2-step: rel_l2=5.178e-16 (tol 3.0e-14)
PASS rel_l2=2.173e-16 rel_max=3.051e-16 (tol 1e-12) L=128 B=512
PASS map-chain m=250: rel_l2=4.323e-14 (anchor 0.000e+00, tol 1.0e-10)
PASS rel_l2=2.173e-16 rel_max=3.051e-16 (tol 1e-12) L=128 B=512
PASS map-2-step: rel_l2=5.340e-16 (tol 3.0e-14)
PASS rel_l2=2.070e-16 rel_max=2.914e-16 (tol 1e-12) L=128 B=512
PASS map-chain m=250: rel_l2=3.829e-14 (anchor 0.000e+00, tol 1.0e-10)
PASS rel_l2=2.070e-16 rel_max=2.914e-16 (tol 1e-12) L=128 B=512
PASS map-2-step: rel_l2=5.201e-16 (tol 3.0e-14)
PASS rel_l2=2.123e-16 rel_max=3.311e-16 (tol 1e-12) L=128 B=512
PASS map-chain m=250: rel_l2=4.986e-14 (anchor 0.000e+00, tol 1.0e-10)
PASS rel_l2=2.123e-16 rel_max=3.311e-16 (tol 1e-12) L=128 B=512
PASS map-2-step: rel_l2=5.273e-16 (tol 3.0e-14)
PASS rel_l2=2.123e-16 rel_max=3.311e-16 (tol 1e-12) L=128 B=512
PASS map-chain m=250: rel_l2=4.986e-14 (anchor 0.000e+00, tol 1.0e-10)
PASS rel_l2=2.123e-16 rel_max=3.311e-16 (tol 1e-12) L=128 B=512
PASS map-2-step: rel_l2=5.273e-16 (tol 3.0e-14)
PASS rel_l2=2.134e-16 rel_max=2.834e-16 (tol 1e-12) L=128 B=512
PASS map-chain m=250: rel_l2=2.726e-14 (anchor 0.000e+00, tol 1.0e-10)
PASS rel_l2=2.134e-16 rel_max=2.834e-16 (tol 1e-12) L=128 B=512
PASS map-2-step: rel_l2=5.226e-16 (tol 3.0e-14)
PASS rel_l2=2.173e-16 rel_max=3.218e-16 (tol 1e-12) L=128 B=512
PASS map-chain m=250: rel_l2=3.542e-14 (anchor 0.000e+00, tol 1.0e-10)
PASS rel_l2=2.176e-16 rel_max=3.051e-16 (tol 1e-12) L=128 B=512
PASS map-2-step: rel_l2=5.347e-16 (tol 3.0e-14)
PASS rel_l2=2.240e-16 rel_max=3.051e-16 (tol 1e-12) L=128 B=512
PASS map-chain m=250: rel_l2=4.650e-14 (anchor 0.000e+00, tol 1.0e-10)
PASS rel_l2=2.121e-16 rel_max=2.945e-16 (tol 1e-12) L=128 B=512
PASS map-2-step: rel_l2=5.280e-16 (tol 3.0e-14)
PASS rel_l2=2.117e-16 rel_max=3.051e-16 (tol 1e-12) L=128 B=512
PASS map-chain m=250: rel_l2=4.707e-14 (anchor 0.000e+00, tol 1.0e-10)
PASS rel_l2=2.117e-16 rel_max=3.051e-16 (tol 1e-12) L=128 B=512
PASS map-2-step: rel_l2=5.163e-16 (tol 3.0e-14)
PASS rel_l2=1.127e-15 rel_max=1.949e-15 (tol 1e-12) L=1024 B=1
PASS rel_l2=2.801e-16 rel_max=3.815e-16 (tol 1e-12) L=1024 B=1
PASS rel_l2=2.801e-16 rel_max=3.815e-16 (tol 1e-12) L=1024 B=1
PASS rel_l2=2.872e-16 rel_max=3.372e-16 (tol 1e-12) L=1024 B=1
PASS rel_l2=2.872e-16 rel_max=3.372e-16 (tol 1e-12) L=1024 B=1
PASS rel_l2=2.586e-16 rel_max=2.698e-16 (tol 1e-12) L=1024 B=1
PASS rel_l2=2.925e-16 rel_max=2.781e-16 (tol 1e-12) L=1024 B=1
PASS rel_l2=2.809e-16 rel_max=3.206e-16 (tol 1e-12) L=1024 B=1
PASS rel_l2=2.675e-16 rel_max=3.076e-16 (tol 1e-12) L=1024 B=1
PASS rel_l2=2.771e-16 rel_max=3.249e-16 (tol 1e-12) L=1024 B=1
PASS rel_l2=2.770e-16 rel_max=3.239e-16 (tol 1e-12) L=1024 B=512
PASS rel_l2=2.770e-16 rel_max=3.239e-16 (tol 1e-12) L=1024 B=512
PASS rel_l2=2.790e-16 rel_max=3.513e-16 (tol 1e-12) L=1024 B=512
PASS rel_l2=2.790e-16 rel_max=3.513e-16 (tol 1e-12) L=1024 B=512
PASS rel_l2=2.631e-16 rel_max=3.166e-16 (tol 1e-12) L=1024 B=512
PASS rel_l2=2.846e-16 rel_max=4.684e-16 (tol 1e-12) L=1024 B=512
PASS rel_l2=2.744e-16 rel_max=3.928e-16 (tol 1e-12) L=1024 B=512
PASS rel_l2=2.744e-16 rel_max=3.928e-16 (tol 1e-12) L=1024 B=512
PASS rel_l2=2.756e-16 rel_max=3.621e-16 (tol 1e-12) L=1024 B=512
PASS rel_l2=1.127e-15 rel_max=1.949e-15 (tol 1e-12) L=1024 B=1
FAIL map-chain m=4000: rel_l2=1.890e-10 (anchor 0.000e+00, tol 1.0e-10)
PASS rel_l2=1.127e-15 rel_max=1.949e-15 (tol 1e-12) L=1024 B=1
PASS map-2-step: rel_l2=2.819e-15 (tol 3.0e-14)
PASS rel_l2=2.801e-16 rel_max=3.815e-16 (tol 1e-12) L=1024 B=1
PASS map-chain m=4000: rel_l2=1.808e-11 (anchor 0.000e+00, tol 1.0e-10)
PASS rel_l2=2.801e-16 rel_max=3.815e-16 (tol 1e-12) L=1024 B=1
PASS map-2-step: rel_l2=9.683e-16 (tol 3.0e-14)
PASS rel_l2=2.801e-16 rel_max=3.815e-16 (tol 1e-12) L=1024 B=1
PASS map-chain m=4000: rel_l2=1.808e-11 (anchor 0.000e+00, tol 1.0e-10)
PASS rel_l2=2.801e-16 rel_max=3.815e-16 (tol 1e-12) L=1024 B=1
PASS map-2-step: rel_l2=9.683e-16 (tol 3.0e-14)
PASS rel_l2=2.872e-16 rel_max=3.372e-16 (tol 1e-12) L=1024 B=1
PASS map-chain m=4000: rel_l2=1.640e-11 (anchor 0.000e+00, tol 1.0e-10)
PASS rel_l2=2.872e-16 rel_max=3.372e-16 (tol 1e-12) L=1024 B=1
PASS map-2-step: rel_l2=9.042e-16 (tol 3.0e-14)
PASS rel_l2=2.872e-16 rel_max=3.372e-16 (tol 1e-12) L=1024 B=1
PASS map-chain m=4000: rel_l2=1.640e-11 (anchor 0.000e+00, tol 1.0e-10)
PASS rel_l2=2.872e-16 rel_max=3.372e-16 (tol 1e-12) L=1024 B=1
PASS map-2-step: rel_l2=9.042e-16 (tol 3.0e-14)
PASS rel_l2=2.586e-16 rel_max=2.698e-16 (tol 1e-12) L=1024 B=1
PASS map-chain m=4000: rel_l2=1.147e-11 (anchor 0.000e+00, tol 1.0e-10)
PASS rel_l2=2.586e-16 rel_max=2.698e-16 (tol 1e-12) L=1024 B=1
PASS map-2-step: rel_l2=8.154e-16 (tol 3.0e-14)
PASS rel_l2=2.925e-16 rel_max=2.781e-16 (tol 1e-12) L=1024 B=1
PASS map-chain m=4000: rel_l2=2.386e-11 (anchor 0.000e+00, tol 1.0e-10)
PASS rel_l2=2.925e-16 rel_max=2.781e-16 (tol 1e-12) L=1024 B=1
PASS map-2-step: rel_l2=9.799e-16 (tol 3.0e-14)
PASS rel_l2=2.809e-16 rel_max=3.206e-16 (tol 1e-12) L=1024 B=1
PASS map-chain m=4000: rel_l2=1.305e-11 (anchor 0.000e+00, tol 1.0e-10)
PASS rel_l2=2.675e-16 rel_max=3.076e-16 (tol 1e-12) L=1024 B=1
PASS map-2-step: rel_l2=8.014e-16 (tol 3.0e-14)
PASS rel_l2=2.675e-16 rel_max=3.076e-16 (tol 1e-12) L=1024 B=1
PASS map-chain m=4000: rel_l2=1.917e-11 (anchor 0.000e+00, tol 1.0e-10)
PASS rel_l2=2.675e-16 rel_max=3.076e-16 (tol 1e-12) L=1024 B=1
PASS map-2-step: rel_l2=8.014e-16 (tol 3.0e-14)
PASS rel_l2=2.771e-16 rel_max=3.249e-16 (tol 1e-12) L=1024 B=1
PASS map-chain m=4000: rel_l2=1.828e-11 (anchor 0.000e+00, tol 1.0e-10)
PASS rel_l2=2.771e-16 rel_max=3.249e-16 (tol 1e-12) L=1024 B=1
PASS map-2-step: rel_l2=9.140e-16 (tol 3.0e-14)
PASS rel_l2=2.770e-16 rel_max=3.239e-16 (tol 1e-12) L=1024 B=512
PASS map-chain m=2000: rel_l2=6.998e-13 (anchor 0.000e+00, tol 1.0e-10)
PASS rel_l2=2.770e-16 rel_max=3.239e-16 (tol 1e-12) L=1024 B=512
PASS map-2-step: rel_l2=8.638e-16 (tol 3.0e-14)
PASS rel_l2=2.770e-16 rel_max=3.239e-16 (tol 1e-12) L=1024 B=512
PASS map-chain m=2000: rel_l2=6.998e-13 (anchor 0.000e+00, tol 1.0e-10)
PASS rel_l2=2.770e-16 rel_max=3.239e-16 (tol 1e-12) L=1024 B=512
PASS map-2-step: rel_l2=8.638e-16 (tol 3.0e-14)
PASS rel_l2=2.790e-16 rel_max=3.513e-16 (tol 1e-12) L=1024 B=512
PASS map-chain m=2000: rel_l2=6.322e-13 (anchor 0.000e+00, tol 1.0e-10)
PASS rel_l2=2.790e-16 rel_max=3.513e-16 (tol 1e-12) L=1024 B=512
PASS map-2-step: rel_l2=8.442e-16 (tol 3.0e-14)
PASS rel_l2=2.790e-16 rel_max=3.513e-16 (tol 1e-12) L=1024 B=512
PASS map-chain m=2000: rel_l2=6.322e-13 (anchor 0.000e+00, tol 1.0e-10)
PASS rel_l2=2.790e-16 rel_max=3.513e-16 (tol 1e-12) L=1024 B=512
PASS map-2-step: rel_l2=8.442e-16 (tol 3.0e-14)
PASS rel_l2=2.631e-16 rel_max=3.166e-16 (tol 1e-12) L=1024 B=512
PASS map-chain m=2000: rel_l2=6.706e-13 (anchor 0.000e+00, tol 1.0e-10)
PASS rel_l2=2.631e-16 rel_max=3.166e-16 (tol 1e-12) L=1024 B=512
PASS map-2-step: rel_l2=8.317e-16 (tol 3.0e-14)
PASS rel_l2=2.846e-16 rel_max=4.684e-16 (tol 1e-12) L=1024 B=512
PASS map-chain m=2000: rel_l2=6.624e-13 (anchor 0.000e+00, tol 1.0e-10)
PASS rel_l2=2.846e-16 rel_max=4.684e-16 (tol 1e-12) L=1024 B=512
PASS map-2-step: rel_l2=8.886e-16 (tol 3.0e-14)
PASS rel_l2=2.676e-16 rel_max=3.391e-16 (tol 1e-12) L=1024 B=512
PASS map-chain m=2000: rel_l2=6.713e-13 (anchor 0.000e+00, tol 1.0e-10)
PASS rel_l2=2.676e-16 rel_max=3.391e-16 (tol 1e-12) L=1024 B=512
PASS map-2-step: rel_l2=8.378e-16 (tol 3.0e-14)
PASS rel_l2=2.744e-16 rel_max=3.928e-16 (tol 1e-12) L=1024 B=512
PASS map-chain m=2000: rel_l2=6.116e-13 (anchor 0.000e+00, tol 1.0e-10)
PASS rel_l2=2.710e-16 rel_max=3.391e-16 (tol 1e-12) L=1024 B=512
PASS map-2-step: rel_l2=8.488e-16 (tol 3.0e-14)
PASS rel_l2=2.756e-16 rel_max=3.621e-16 (tol 1e-12) L=1024 B=512
PASS map-chain m=2000: rel_l2=6.268e-13 (anchor 0.000e+00, tol 1.0e-10)
PASS rel_l2=2.756e-16 rel_max=3.621e-16 (tol 1e-12) L=1024 B=512
PASS map-2-step: rel_l2=8.603e-16 (tol 3.0e-14)
PASS rel_l2=3.063e-16 rel_max=3.698e-16 (tol 1e-12) L=4096 B=1
PASS rel_l2=3.063e-16 rel_max=3.698e-16 (tol 1e-12) L=4096 B=1
PASS rel_l2=3.086e-16 rel_max=3.252e-16 (tol 1e-12) L=4096 B=1
PASS rel_l2=3.086e-16 rel_max=3.252e-16 (tol 1e-12) L=4096 B=1
PASS rel_l2=3.014e-16 rel_max=3.528e-16 (tol 1e-12) L=4096 B=1
PASS rel_l2=3.151e-16 rel_max=3.252e-16 (tol 1e-12) L=4096 B=1
PASS rel_l2=3.149e-16 rel_max=4.188e-16 (tol 1e-12) L=4096 B=1
PASS rel_l2=3.099e-16 rel_max=3.967e-16 (tol 1e-12) L=4096 B=1
PASS rel_l2=3.124e-16 rel_max=3.555e-16 (tol 1e-12) L=4096 B=1
PASS rel_l2=3.049e-16 rel_max=3.567e-16 (tol 1e-12) L=4096 B=256
PASS rel_l2=3.049e-16 rel_max=3.567e-16 (tol 1e-12) L=4096 B=256
PASS rel_l2=3.068e-16 rel_max=3.660e-16 (tol 1e-12) L=4096 B=256
PASS rel_l2=2.962e-16 rel_max=3.482e-16 (tol 1e-12) L=4096 B=256
PASS rel_l2=2.962e-16 rel_max=3.482e-16 (tol 1e-12) L=4096 B=256
PASS rel_l2=3.129e-16 rel_max=3.762e-16 (tol 1e-12) L=4096 B=256
PASS rel_l2=3.024e-16 rel_max=3.482e-16 (tol 1e-12) L=4096 B=256
PASS rel_l2=3.162e-16 rel_max=3.567e-16 (tol 1e-12) L=4096 B=256
PASS rel_l2=3.112e-16 rel_max=3.342e-16 (tol 1e-12) L=4096 B=256
PASS rel_l2=3.063e-16 rel_max=3.698e-16 (tol 1e-12) L=4096 B=1
PASS map-chain m=1000: rel_l2=1.640e-13 (anchor 0.000e+00, tol 1.0e-10)
PASS rel_l2=3.063e-16 rel_max=3.698e-16 (tol 1e-12) L=4096 B=1
PASS map-2-step: rel_l2=1.213e-15 (tol 3.0e-14)
PASS rel_l2=3.063e-16 rel_max=3.698e-16 (tol 1e-12) L=4096 B=1
PASS map-chain m=1000: rel_l2=1.640e-13 (anchor 0.000e+00, tol 1.0e-10)
PASS rel_l2=3.063e-16 rel_max=3.698e-16 (tol 1e-12) L=4096 B=1
PASS map-2-step: rel_l2=1.213e-15 (tol 3.0e-14)
PASS rel_l2=3.086e-16 rel_max=3.252e-16 (tol 1e-12) L=4096 B=1
PASS map-chain m=1000: rel_l2=1.009e-13 (anchor 0.000e+00, tol 1.0e-10)
PASS rel_l2=3.086e-16 rel_max=3.252e-16 (tol 1e-12) L=4096 B=1
PASS map-2-step: rel_l2=1.058e-15 (tol 3.0e-14)
PASS rel_l2=3.086e-16 rel_max=3.252e-16 (tol 1e-12) L=4096 B=1
PASS map-chain m=1000: rel_l2=1.009e-13 (anchor 0.000e+00, tol 1.0e-10)
PASS rel_l2=3.086e-16 rel_max=3.252e-16 (tol 1e-12) L=4096 B=1
PASS map-2-step: rel_l2=1.058e-15 (tol 3.0e-14)
PASS rel_l2=3.014e-16 rel_max=3.528e-16 (tol 1e-12) L=4096 B=1
PASS map-chain m=1000: rel_l2=1.305e-13 (anchor 0.000e+00, tol 1.0e-10)
PASS rel_l2=3.014e-16 rel_max=3.528e-16 (tol 1e-12) L=4096 B=1
PASS map-2-step: rel_l2=1.016e-15 (tol 3.0e-14)
PASS rel_l2=3.151e-16 rel_max=3.252e-16 (tol 1e-12) L=4096 B=1
PASS map-chain m=1000: rel_l2=1.787e-13 (anchor 0.000e+00, tol 1.0e-10)
PASS rel_l2=3.151e-16 rel_max=3.252e-16 (tol 1e-12) L=4096 B=1
PASS map-2-step: rel_l2=1.218e-15 (tol 3.0e-14)
PASS rel_l2=3.099e-16 rel_max=3.967e-16 (tol 1e-12) L=4096 B=1
PASS map-chain m=1000: rel_l2=1.072e-13 (anchor 0.000e+00, tol 1.0e-10)
PASS rel_l2=3.149e-16 rel_max=4.188e-16 (tol 1e-12) L=4096 B=1
PASS map-2-step: rel_l2=1.061e-15 (tol 3.0e-14)
PASS rel_l2=3.089e-16 rel_max=3.407e-16 (tol 1e-12) L=4096 B=1
PASS map-chain m=1000: rel_l2=1.373e-13 (anchor 0.000e+00, tol 1.0e-10)
PASS rel_l2=3.154e-16 rel_max=3.735e-16 (tol 1e-12) L=4096 B=1
PASS map-2-step: rel_l2=1.207e-15 (tol 3.0e-14)
PASS rel_l2=3.124e-16 rel_max=3.555e-16 (tol 1e-12) L=4096 B=1
PASS map-chain m=1000: rel_l2=1.990e-13 (anchor 0.000e+00, tol 1.0e-10)
PASS rel_l2=3.124e-16 rel_max=3.555e-16 (tol 1e-12) L=4096 B=1
PASS map-2-step: rel_l2=1.131e-15 (tol 3.0e-14)
PASS rel_l2=3.049e-16 rel_max=3.567e-16 (tol 1e-12) L=4096 B=256
PASS map-chain m=400: rel_l2=4.093e-14 (anchor 0.000e+00, tol 1.0e-10)
PASS rel_l2=3.049e-16 rel_max=3.567e-16 (tol 1e-12) L=4096 B=256
PASS map-2-step: rel_l2=1.122e-15 (tol 3.0e-14)
PASS rel_l2=3.049e-16 rel_max=3.567e-16 (tol 1e-12) L=4096 B=256
PASS map-chain m=400: rel_l2=4.093e-14 (anchor 0.000e+00, tol 1.0e-10)
PASS rel_l2=3.049e-16 rel_max=3.567e-16 (tol 1e-12) L=4096 B=256
PASS map-2-step: rel_l2=1.122e-15 (tol 3.0e-14)
PASS rel_l2=3.068e-16 rel_max=3.660e-16 (tol 1e-12) L=4096 B=256
PASS map-chain m=400: rel_l2=4.188e-14 (anchor 0.000e+00, tol 1.0e-10)
PASS rel_l2=3.068e-16 rel_max=3.660e-16 (tol 1e-12) L=4096 B=256
PASS map-2-step: rel_l2=1.132e-15 (tol 3.0e-14)
PASS rel_l2=2.962e-16 rel_max=3.482e-16 (tol 1e-12) L=4096 B=256
PASS map-chain m=400: rel_l2=4.188e-14 (anchor 0.000e+00, tol 1.0e-10)
PASS rel_l2=2.962e-16 rel_max=3.482e-16 (tol 1e-12) L=4096 B=256
PASS map-2-step: rel_l2=1.132e-15 (tol 3.0e-14)
PASS rel_l2=2.962e-16 rel_max=3.482e-16 (tol 1e-12) L=4096 B=256
PASS map-chain m=400: rel_l2=5.404e-14 (anchor 0.000e+00, tol 1.0e-10)
PASS rel_l2=2.962e-16 rel_max=3.482e-16 (tol 1e-12) L=4096 B=256
PASS map-2-step: rel_l2=1.088e-15 (tol 3.0e-14)
PASS rel_l2=3.129e-16 rel_max=3.762e-16 (tol 1e-12) L=4096 B=256
PASS map-chain m=400: rel_l2=4.809e-14 (anchor 0.000e+00, tol 1.0e-10)
PASS rel_l2=3.129e-16 rel_max=3.762e-16 (tol 1e-12) L=4096 B=256
PASS map-2-step: rel_l2=1.134e-15 (tol 3.0e-14)
PASS rel_l2=3.024e-16 rel_max=3.482e-16 (tol 1e-12) L=4096 B=256
PASS map-chain m=400: rel_l2=4.124e-14 (anchor 0.000e+00, tol 1.0e-10)
PASS rel_l2=3.024e-16 rel_max=3.482e-16 (tol 1e-12) L=4096 B=256
PASS map-2-step: rel_l2=1.096e-15 (tol 3.0e-14)
PASS rel_l2=3.116e-16 rel_max=4.008e-16 (tol 1e-12) L=4096 B=256
PASS map-chain m=400: rel_l2=5.021e-14 (anchor 0.000e+00, tol 1.0e-10)
PASS rel_l2=3.108e-16 rel_max=3.407e-16 (tol 1e-12) L=4096 B=256
PASS map-2-step: rel_l2=1.128e-15 (tol 3.0e-14)
PASS rel_l2=3.112e-16 rel_max=3.342e-16 (tol 1e-12) L=4096 B=256
PASS map-chain m=400: rel_l2=4.019e-14 (anchor 0.000e+00, tol 1.0e-10)
PASS rel_l2=3.112e-16 rel_max=3.342e-16 (tol 1e-12) L=4096 B=256
PASS map-2-step: rel_l2=1.133e-15 (tol 3.0e-14)
PASS rel_l2=3.356e-16 rel_max=3.866e-16 (tol 1e-12) L=16384 B=1
PASS rel_l2=3.356e-16 rel_max=3.866e-16 (tol 1e-12) L=16384 B=1
PASS rel_l2=3.414e-16 rel_max=3.801e-16 (tol 1e-12) L=16384 B=1
PASS rel_l2=3.414e-16 rel_max=3.801e-16 (tol 1e-12) L=16384 B=1
PASS rel_l2=3.411e-16 rel_max=3.131e-16 (tol 1e-12) L=16384 B=1
PASS rel_l2=3.490e-16 rel_max=3.801e-16 (tol 1e-12) L=16384 B=1
PASS rel_l2=3.432e-16 rel_max=3.837e-16 (tol 1e-12) L=16384 B=1
PASS rel_l2=3.355e-16 rel_max=3.837e-16 (tol 1e-12) L=16384 B=1
PASS rel_l2=3.361e-16 rel_max=3.826e-16 (tol 1e-12) L=16384 B=1
PASS rel_l2=3.379e-16 rel_max=3.989e-16 (tol 1e-12) L=16384 B=64
PASS rel_l2=3.379e-16 rel_max=3.989e-16 (tol 1e-12) L=16384 B=64
PASS rel_l2=3.407e-16 rel_max=3.932e-16 (tol 1e-12) L=16384 B=64
PASS rel_l2=3.435e-16 rel_max=3.799e-16 (tol 1e-12) L=16384 B=64
PASS rel_l2=3.435e-16 rel_max=3.799e-16 (tol 1e-12) L=16384 B=64
PASS rel_l2=3.501e-16 rel_max=3.702e-16 (tol 1e-12) L=16384 B=64
PASS rel_l2=3.438e-16 rel_max=4.018e-16 (tol 1e-12) L=16384 B=64
PASS rel_l2=3.414e-16 rel_max=3.657e-16 (tol 1e-12) L=16384 B=64
PASS rel_l2=3.358e-16 rel_max=4.066e-16 (tol 1e-12) L=16384 B=64
PASS rel_l2=3.356e-16 rel_max=3.866e-16 (tol 1e-12) L=16384 B=1
PASS map-chain m=250: rel_l2=3.772e-14 (anchor 0.000e+00, tol 1.0e-10)
PASS rel_l2=3.356e-16 rel_max=3.866e-16 (tol 1e-12) L=16384 B=1
PASS map-2-step: rel_l2=1.361e-15 (tol 3.0e-14)
PASS rel_l2=3.356e-16 rel_max=3.866e-16 (tol 1e-12) L=16384 B=1
PASS map-chain m=250: rel_l2=3.772e-14 (anchor 0.000e+00, tol 1.0e-10)
PASS rel_l2=3.356e-16 rel_max=3.866e-16 (tol 1e-12) L=16384 B=1
PASS map-2-step: rel_l2=1.361e-15 (tol 3.0e-14)
PASS rel_l2=3.414e-16 rel_max=3.801e-16 (tol 1e-12) L=16384 B=1
PASS map-chain m=250: rel_l2=3.781e-14 (anchor 0.000e+00, tol 1.0e-10)
PASS rel_l2=3.414e-16 rel_max=3.801e-16 (tol 1e-12) L=16384 B=1
PASS map-2-step: rel_l2=1.294e-15 (tol 3.0e-14)
PASS rel_l2=3.414e-16 rel_max=3.801e-16 (tol 1e-12) L=16384 B=1
PASS map-chain m=250: rel_l2=3.781e-14 (anchor 0.000e+00, tol 1.0e-10)
PASS rel_l2=3.414e-16 rel_max=3.801e-16 (tol 1e-12) L=16384 B=1
PASS map-2-step: rel_l2=1.294e-15 (tol 3.0e-14)
PASS rel_l2=3.411e-16 rel_max=3.131e-16 (tol 1e-12) L=16384 B=1
PASS map-chain m=250: rel_l2=3.121e-14 (anchor 0.000e+00, tol 1.0e-10)
PASS rel_l2=3.411e-16 rel_max=3.131e-16 (tol 1e-12) L=16384 B=1
PASS map-2-step: rel_l2=1.396e-15 (tol 3.0e-14)
PASS rel_l2=3.490e-16 rel_max=3.801e-16 (tol 1e-12) L=16384 B=1
PASS map-chain m=250: rel_l2=3.353e-14 (anchor 0.000e+00, tol 1.0e-10)
PASS rel_l2=3.490e-16 rel_max=3.801e-16 (tol 1e-12) L=16384 B=1
PASS map-2-step: rel_l2=1.468e-15 (tol 3.0e-14)
PASS rel_l2=3.375e-16 rel_max=3.302e-16 (tol 1e-12) L=16384 B=1
PASS map-chain m=250: rel_l2=3.593e-14 (anchor 0.000e+00, tol 1.0e-10)
PASS rel_l2=3.410e-16 rel_max=3.801e-16 (tol 1e-12) L=16384 B=1
PASS map-2-step: rel_l2=1.353e-15 (tol 3.0e-14)
PASS rel_l2=3.426e-16 rel_max=3.788e-16 (tol 1e-12) L=16384 B=1
PASS map-chain m=250: rel_l2=4.112e-14 (anchor 0.000e+00, tol 1.0e-10)
PASS rel_l2=3.452e-16 rel_max=3.866e-16 (tol 1e-12) L=16384 B=1
PASS map-2-step: rel_l2=1.387e-15 (tol 3.0e-14)
PASS rel_l2=3.361e-16 rel_max=3.826e-16 (tol 1e-12) L=16384 B=1
PASS map-chain m=250: rel_l2=3.494e-14 (anchor 0.000e+00, tol 1.0e-10)
PASS rel_l2=3.361e-16 rel_max=3.826e-16 (tol 1e-12) L=16384 B=1
PASS map-2-step: rel_l2=1.342e-15 (tol 3.0e-14)
PASS rel_l2=3.379e-16 rel_max=3.989e-16 (tol 1e-12) L=16384 B=64
PASS map-chain m=150: rel_l2=2.250e-14 (anchor 0.000e+00, tol 1.0e-10)
PASS rel_l2=3.379e-16 rel_max=3.989e-16 (tol 1e-12) L=16384 B=64
PASS map-2-step: rel_l2=1.446e-15 (tol 3.0e-14)
PASS rel_l2=3.379e-16 rel_max=3.989e-16 (tol 1e-12) L=16384 B=64
PASS map-chain m=150: rel_l2=2.250e-14 (anchor 0.000e+00, tol 1.0e-10)
PASS rel_l2=3.379e-16 rel_max=3.989e-16 (tol 1e-12) L=16384 B=64
PASS map-2-step: rel_l2=1.446e-15 (tol 3.0e-14)
PASS rel_l2=3.407e-16 rel_max=3.932e-16 (tol 1e-12) L=16384 B=64
PASS map-chain m=150: rel_l2=2.520e-14 (anchor 0.000e+00, tol 1.0e-10)
PASS rel_l2=3.407e-16 rel_max=3.932e-16 (tol 1e-12) L=16384 B=64
PASS map-2-step: rel_l2=1.473e-15 (tol 3.0e-14)
PASS rel_l2=3.435e-16 rel_max=3.799e-16 (tol 1e-12) L=16384 B=64
PASS map-chain m=150: rel_l2=2.469e-14 (anchor 0.000e+00, tol 1.0e-10)
PASS rel_l2=3.435e-16 rel_max=3.799e-16 (tol 1e-12) L=16384 B=64
PASS map-2-step: rel_l2=1.465e-15 (tol 3.0e-14)
PASS rel_l2=3.435e-16 rel_max=3.799e-16 (tol 1e-12) L=16384 B=64
PASS map-chain m=150: rel_l2=2.469e-14 (anchor 0.000e+00, tol 1.0e-10)
PASS rel_l2=3.435e-16 rel_max=3.799e-16 (tol 1e-12) L=16384 B=64
PASS map-2-step: rel_l2=1.465e-15 (tol 3.0e-14)
PASS rel_l2=3.501e-16 rel_max=3.702e-16 (tol 1e-12) L=16384 B=64
PASS map-chain m=150: rel_l2=2.306e-14 (anchor 0.000e+00, tol 1.0e-10)
PASS rel_l2=3.501e-16 rel_max=3.702e-16 (tol 1e-12) L=16384 B=64
PASS map-2-step: rel_l2=1.478e-15 (tol 3.0e-14)
PASS rel_l2=3.399e-16 rel_max=3.816e-16 (tol 1e-12) L=16384 B=64
PASS map-chain m=150: rel_l2=2.158e-14 (anchor 0.000e+00, tol 1.0e-10)
PASS rel_l2=3.438e-16 rel_max=4.018e-16 (tol 1e-12) L=16384 B=64
PASS map-2-step: rel_l2=1.476e-15 (tol 3.0e-14)
PASS rel_l2=3.448e-16 rel_max=4.139e-16 (tol 1e-12) L=16384 B=64
PASS map-chain m=150: rel_l2=2.298e-14 (anchor 0.000e+00, tol 1.0e-10)
PASS rel_l2=3.464e-16 rel_max=3.905e-16 (tol 1e-12) L=16384 B=64
PASS map-2-step: rel_l2=1.478e-15 (tol 3.0e-14)
PASS rel_l2=3.358e-16 rel_max=4.066e-16 (tol 1e-12) L=16384 B=64
PASS map-chain m=150: rel_l2=2.236e-14 (anchor 0.000e+00, tol 1.0e-10)
PASS rel_l2=3.358e-16 rel_max=4.066e-16 (tol 1e-12) L=16384 B=64
PASS map-2-step: rel_l2=1.445e-15 (tol 3.0e-14)
PASS rel_l2=1.226e-15 rel_max=2.088e-15 (tol 1e-12) L=1021 B=1
PASS rel_l2=5.730e-16 rel_max=6.018e-16 (tol 1e-12) L=1021 B=1
PASS rel_l2=6.244e-16 rel_max=5.940e-16 (tol 1e-12) L=1021 B=1
PASS rel_l2=9.983e-16 rel_max=1.035e-15 (tol 1e-12) L=1021 B=1
PASS rel_l2=9.983e-16 rel_max=1.035e-15 (tol 1e-12) L=1021 B=1
PASS rel_l2=5.837e-16 rel_max=6.018e-16 (tol 1e-12) L=1021 B=1
PASS rel_l2=5.608e-16 rel_max=4.998e-16 (tol 1e-12) L=1021 B=1
PASS rel_l2=5.736e-16 rel_max=5.834e-16 (tol 1e-12) L=1021 B=1
PASS rel_l2=5.703e-16 rel_max=5.271e-16 (tol 1e-12) L=1021 B=1
PASS rel_l2=5.767e-16 rel_max=6.194e-16 (tol 1e-12) L=1021 B=256
PASS rel_l2=6.290e-16 rel_max=8.585e-16 (tol 1e-12) L=1021 B=256
PASS rel_l2=9.926e-16 rel_max=9.558e-16 (tol 1e-12) L=1021 B=256
PASS rel_l2=9.926e-16 rel_max=9.558e-16 (tol 1e-12) L=1021 B=256
PASS rel_l2=5.793e-16 rel_max=5.928e-16 (tol 1e-12) L=1021 B=256
PASS rel_l2=5.721e-16 rel_max=6.164e-16 (tol 1e-12) L=1021 B=256
PASS rel_l2=5.721e-16 rel_max=6.164e-16 (tol 1e-12) L=1021 B=256
PASS rel_l2=5.719e-16 rel_max=6.102e-16 (tol 1e-12) L=1021 B=256
PASS rel_l2=1.226e-15 rel_max=2.088e-15 (tol 1e-12) L=1021 B=1
PASS map-chain m=2000: rel_l2=9.349e-13 (anchor 1.080e-12, tol 1.0e-09)
PASS rel_l2=1.226e-15 rel_max=2.088e-15 (tol 1e-12) L=1021 B=1
PASS map-2-step: rel_l2=2.458e-15 (tol 3.0e-14)
PASS rel_l2=5.730e-16 rel_max=6.018e-16 (tol 1e-12) L=1021 B=1
PASS map-chain m=2000: rel_l2=7.598e-13 (anchor 1.080e-12, tol 1.0e-09)
PASS rel_l2=5.730e-16 rel_max=6.018e-16 (tol 1e-12) L=1021 B=1
PASS map-2-step: rel_l2=1.684e-15 (tol 3.0e-14)
PASS rel_l2=6.244e-16 rel_max=5.940e-16 (tol 1e-12) L=1021 B=1
PASS map-chain m=2000: rel_l2=1.078e-12 (anchor 1.080e-12, tol 1.0e-09)
PASS rel_l2=6.244e-16 rel_max=5.940e-16 (tol 1e-12) L=1021 B=1
PASS map-2-step: rel_l2=1.702e-15 (tol 3.0e-14)
PASS rel_l2=9.983e-16 rel_max=1.035e-15 (tol 1e-12) L=1021 B=1
PASS map-chain m=2000: rel_l2=4.828e-12 (anchor 1.080e-12, tol 1.0e-09)
PASS rel_l2=9.983e-16 rel_max=1.035e-15 (tol 1e-12) L=1021 B=1
PASS map-2-step: rel_l2=3.155e-15 (tol 3.0e-14)
PASS rel_l2=9.983e-16 rel_max=1.035e-15 (tol 1e-12) L=1021 B=1
PASS map-chain m=2000: rel_l2=4.828e-12 (anchor 1.080e-12, tol 1.0e-09)
PASS rel_l2=9.983e-16 rel_max=1.035e-15 (tol 1e-12) L=1021 B=1
PASS map-2-step: rel_l2=3.155e-15 (tol 3.0e-14)
PASS rel_l2=5.837e-16 rel_max=6.018e-16 (tol 1e-12) L=1021 B=1
PASS map-chain m=2000: rel_l2=7.326e-13 (anchor 1.080e-12, tol 1.0e-09)
PASS rel_l2=5.837e-16 rel_max=6.018e-16 (tol 1e-12) L=1021 B=1
PASS map-2-step: rel_l2=1.534e-15 (tol 3.0e-14)
PASS rel_l2=5.608e-16 rel_max=4.998e-16 (tol 1e-12) L=1021 B=1
PASS map-chain m=2000: rel_l2=4.376e-13 (anchor 1.080e-12, tol 1.0e-09)
PASS rel_l2=5.736e-16 rel_max=5.834e-16 (tol 1e-12) L=1021 B=1
PASS map-2-step: rel_l2=1.452e-15 (tol 3.0e-14)
PASS rel_l2=5.736e-16 rel_max=5.834e-16 (tol 1e-12) L=1021 B=1
PASS map-chain m=2000: rel_l2=4.793e-13 (anchor 1.080e-12, tol 1.0e-09)
PASS rel_l2=5.608e-16 rel_max=4.998e-16 (tol 1e-12) L=1021 B=1
PASS map-2-step: rel_l2=1.548e-15 (tol 3.0e-14)
PASS rel_l2=5.703e-16 rel_max=5.271e-16 (tol 1e-12) L=1021 B=1
PASS map-chain m=2000: rel_l2=9.817e-13 (anchor 1.080e-12, tol 1.0e-09)
PASS rel_l2=5.703e-16 rel_max=5.271e-16 (tol 1e-12) L=1021 B=1
PASS map-2-step: rel_l2=1.627e-15 (tol 3.0e-14)
PASS rel_l2=5.767e-16 rel_max=6.194e-16 (tol 1e-12) L=1021 B=256
PASS map-chain m=400: rel_l2=8.452e-14 (anchor 5.556e-14, tol 1.0e-10)
PASS rel_l2=5.767e-16 rel_max=6.194e-16 (tol 1e-12) L=1021 B=256
PASS map-2-step: rel_l2=1.765e-15 (tol 3.0e-14)
PASS rel_l2=6.290e-16 rel_max=8.585e-16 (tol 1e-12) L=1021 B=256
PASS map-chain m=400: rel_l2=8.648e-14 (anchor 5.556e-14, tol 1.0e-10)
PASS rel_l2=6.290e-16 rel_max=8.585e-16 (tol 1e-12) L=1021 B=256
PASS map-2-step: rel_l2=1.790e-15 (tol 3.0e-14)
PASS rel_l2=9.926e-16 rel_max=9.558e-16 (tol 1e-12) L=1021 B=256
PASS map-chain m=400: rel_l2=1.992e-13 (anchor 5.556e-14, tol 1.0e-10)
PASS rel_l2=9.926e-16 rel_max=9.558e-16 (tol 1e-12) L=1021 B=256
PASS map-2-step: rel_l2=2.994e-15 (tol 3.0e-14)
PASS rel_l2=9.926e-16 rel_max=9.558e-16 (tol 1e-12) L=1021 B=256
PASS map-chain m=400: rel_l2=1.992e-13 (anchor 5.556e-14, tol 1.0e-10)
PASS rel_l2=9.926e-16 rel_max=9.558e-16 (tol 1e-12) L=1021 B=256
PASS map-2-step: rel_l2=2.994e-15 (tol 3.0e-14)
PASS rel_l2=5.793e-16 rel_max=5.928e-16 (tol 1e-12) L=1021 B=256
PASS map-chain m=400: rel_l2=8.447e-14 (anchor 5.556e-14, tol 1.0e-10)
PASS rel_l2=5.793e-16 rel_max=5.928e-16 (tol 1e-12) L=1021 B=256
PASS map-2-step: rel_l2=1.797e-15 (tol 3.0e-14)
PASS rel_l2=5.721e-16 rel_max=6.164e-16 (tol 1e-12) L=1021 B=256
PASS map-chain m=400: rel_l2=9.100e-14 (anchor 5.556e-14, tol 1.0e-10)
PASS rel_l2=5.648e-16 rel_max=5.569e-16 (tol 1e-12) L=1021 B=256
PASS map-2-step: rel_l2=1.755e-15 (tol 3.0e-14)
PASS rel_l2=5.721e-16 rel_max=6.164e-16 (tol 1e-12) L=1021 B=256
PASS map-chain m=400: rel_l2=9.100e-14 (anchor 5.556e-14, tol 1.0e-10)
PASS rel_l2=5.721e-16 rel_max=6.164e-16 (tol 1e-12) L=1021 B=256
PASS map-2-step: rel_l2=1.782e-15 (tol 3.0e-14)
PASS rel_l2=5.719e-16 rel_max=6.102e-16 (tol 1e-12) L=1021 B=256
PASS map-chain m=400: rel_l2=8.644e-14 (anchor 5.556e-14, tol 1.0e-10)
PASS rel_l2=5.719e-16 rel_max=6.102e-16 (tol 1e-12) L=1021 B=256
PASS map-2-step: rel_l2=1.771e-15 (tol 3.0e-14)
PASS rel_l2=7.149e-16 rel_max=7.133e-16 (tol 1e-12) L=10007 B=1
PASS rel_l2=7.149e-16 rel_max=7.133e-16 (tol 1e-12) L=10007 B=1
PASS rel_l2=7.149e-16 rel_max=7.133e-16 (tol 1e-12) L=10007 B=1
PASS rel_l2=8.433e-16 rel_max=8.110e-16 (tol 1e-12) L=10007 B=1
PASS rel_l2=7.920e-16 rel_max=7.802e-16 (tol 1e-12) L=10007 B=1
PASS rel_l2=7.920e-16 rel_max=7.802e-16 (tol 1e-12) L=10007 B=1
PASS rel_l2=6.725e-16 rel_max=6.511e-16 (tol 1e-12) L=10007 B=1
PASS rel_l2=7.127e-16 rel_max=7.128e-16 (tol 1e-12) L=10007 B=64
PASS rel_l2=7.127e-16 rel_max=7.128e-16 (tol 1e-12) L=10007 B=64
PASS rel_l2=7.127e-16 rel_max=7.128e-16 (tol 1e-12) L=10007 B=64
PASS rel_l2=8.510e-16 rel_max=1.003e-15 (tol 1e-12) L=10007 B=64
PASS rel_l2=8.177e-16 rel_max=9.251e-16 (tol 1e-12) L=10007 B=64
PASS rel_l2=8.019e-16 rel_max=9.519e-16 (tol 1e-12) L=10007 B=64
PASS rel_l2=6.755e-16 rel_max=6.969e-16 (tol 1e-12) L=10007 B=64
PASS rel_l2=7.149e-16 rel_max=7.133e-16 (tol 1e-12) L=10007 B=1
PASS map-chain m=400: rel_l2=2.456e-13 (anchor 1.555e-13, tol 1.0e-10)
PASS rel_l2=7.149e-16 rel_max=7.133e-16 (tol 1e-12) L=10007 B=1
PASS map-2-step: rel_l2=2.735e-15 (tol 3.0e-14)
PASS rel_l2=7.149e-16 rel_max=7.133e-16 (tol 1e-12) L=10007 B=1
PASS map-chain m=400: rel_l2=2.456e-13 (anchor 1.555e-13, tol 1.0e-10)
PASS rel_l2=7.149e-16 rel_max=7.133e-16 (tol 1e-12) L=10007 B=1
PASS map-2-step: rel_l2=2.735e-15 (tol 3.0e-14)
PASS rel_l2=7.149e-16 rel_max=7.133e-16 (tol 1e-12) L=10007 B=1
PASS map-chain m=400: rel_l2=2.456e-13 (anchor 1.555e-13, tol 1.0e-10)
PASS rel_l2=7.149e-16 rel_max=7.133e-16 (tol 1e-12) L=10007 B=1
PASS map-2-step: rel_l2=2.735e-15 (tol 3.0e-14)
PASS rel_l2=8.433e-16 rel_max=8.110e-16 (tol 1e-12) L=10007 B=1
PASS map-chain m=400: rel_l2=1.203e-13 (anchor 1.555e-13, tol 1.0e-10)
PASS rel_l2=8.433e-16 rel_max=8.110e-16 (tol 1e-12) L=10007 B=1
PASS map-2-step: rel_l2=2.848e-15 (tol 3.0e-14)
PASS rel_l2=7.920e-16 rel_max=7.802e-16 (tol 1e-12) L=10007 B=1
PASS map-chain m=400: rel_l2=2.457e-13 (anchor 1.555e-13, tol 1.0e-10)
PASS rel_l2=8.132e-16 rel_max=8.065e-16 (tol 1e-12) L=10007 B=1
PASS map-2-step: rel_l2=2.643e-15 (tol 3.0e-14)
PASS rel_l2=7.920e-16 rel_max=7.802e-16 (tol 1e-12) L=10007 B=1
PASS map-chain m=400: rel_l2=2.457e-13 (anchor 1.555e-13, tol 1.0e-10)
PASS rel_l2=7.920e-16 rel_max=7.802e-16 (tol 1e-12) L=10007 B=1
PASS map-2-step: rel_l2=2.906e-15 (tol 3.0e-14)
PASS rel_l2=6.725e-16 rel_max=6.511e-16 (tol 1e-12) L=10007 B=1
PASS map-chain m=400: rel_l2=1.378e-13 (anchor 1.555e-13, tol 1.0e-10)
PASS rel_l2=6.725e-16 rel_max=6.511e-16 (tol 1e-12) L=10007 B=1
PASS map-2-step: rel_l2=2.293e-15 (tol 3.0e-14)
PASS rel_l2=7.127e-16 rel_max=7.128e-16 (tol 1e-12) L=10007 B=64
PASS map-chain m=80: rel_l2=4.088e-14 (anchor 4.112e-14, tol 1.0e-10)
PASS rel_l2=7.127e-16 rel_max=7.128e-16 (tol 1e-12) L=10007 B=64
PASS map-2-step: rel_l2=2.858e-15 (tol 3.0e-14)
PASS rel_l2=7.127e-16 rel_max=7.128e-16 (tol 1e-12) L=10007 B=64
PASS map-chain m=80: rel_l2=4.088e-14 (anchor 4.112e-14, tol 1.0e-10)
PASS rel_l2=7.127e-16 rel_max=7.128e-16 (tol 1e-12) L=10007 B=64
PASS map-2-step: rel_l2=2.858e-15 (tol 3.0e-14)
PASS rel_l2=7.127e-16 rel_max=7.128e-16 (tol 1e-12) L=10007 B=64
PASS map-chain m=80: rel_l2=4.088e-14 (anchor 4.112e-14, tol 1.0e-10)
PASS rel_l2=7.127e-16 rel_max=7.128e-16 (tol 1e-12) L=10007 B=64
PASS map-2-step: rel_l2=2.858e-15 (tol 3.0e-14)
PASS rel_l2=8.510e-16 rel_max=1.003e-15 (tol 1e-12) L=10007 B=64
PASS map-chain m=80: rel_l2=3.630e-14 (anchor 4.112e-14, tol 1.0e-10)
PASS rel_l2=8.510e-16 rel_max=1.003e-15 (tol 1e-12) L=10007 B=64
PASS map-2-step: rel_l2=3.111e-15 (tol 3.0e-14)
PASS rel_l2=8.038e-16 rel_max=8.518e-16 (tol 1e-12) L=10007 B=64
PASS map-chain m=80: rel_l2=3.777e-14 (anchor 4.112e-14, tol 1.0e-10)
PASS rel_l2=8.038e-16 rel_max=8.518e-16 (tol 1e-12) L=10007 B=64
PASS map-2-step: rel_l2=2.985e-15 (tol 3.0e-14)
PASS rel_l2=8.019e-16 rel_max=9.519e-16 (tol 1e-12) L=10007 B=64
PASS map-chain m=80: rel_l2=4.556e-14 (anchor 4.112e-14, tol 1.0e-10)
PASS rel_l2=8.019e-16 rel_max=9.519e-16 (tol 1e-12) L=10007 B=64
PASS map-2-step: rel_l2=3.017e-15 (tol 3.0e-14)
PASS rel_l2=6.755e-16 rel_max=6.969e-16 (tol 1e-12) L=10007 B=64
PASS map-chain m=80: rel_l2=3.283e-14 (anchor 4.112e-14, tol 1.0e-10)
PASS rel_l2=6.755e-16 rel_max=6.969e-16 (tol 1e-12) L=10007 B=64
PASS map-2-step: rel_l2=2.694e-15 (tol 3.0e-14)
PASS rel_l2=1.279e-15 rel_max=1.482e-15 (tol 1e-12) L=65537 B=1
PASS rel_l2=1.250e-15 rel_max=1.554e-15 (tol 1e-12) L=65537 B=1
PASS rel_l2=1.362e-15 rel_max=1.482e-15 (tol 1e-12) L=65537 B=1
PASS rel_l2=1.362e-15 rel_max=1.482e-15 (tol 1e-12) L=65537 B=1
PASS rel_l2=1.203e-15 rel_max=1.348e-15 (tol 1e-12) L=65537 B=1
PASS rel_l2=1.214e-15 rel_max=1.438e-15 (tol 1e-12) L=65537 B=1
PASS rel_l2=1.214e-15 rel_max=1.438e-15 (tol 1e-12) L=65537 B=1
PASS rel_l2=1.020e-15 rel_max=1.209e-15 (tol 1e-12) L=65537 B=1
PASS rel_l2=1.278e-15 rel_max=1.397e-15 (tol 1e-12) L=65537 B=16
PASS rel_l2=1.249e-15 rel_max=5.356e-15 (tol 1e-12) L=65537 B=16
PASS rel_l2=1.363e-15 rel_max=1.435e-15 (tol 1e-12) L=65537 B=16
PASS rel_l2=1.363e-15 rel_max=1.435e-15 (tol 1e-12) L=65537 B=16
PASS rel_l2=1.203e-15 rel_max=1.344e-15 (tol 1e-12) L=65537 B=16
PASS rel_l2=1.206e-15 rel_max=1.421e-15 (tol 1e-12) L=65537 B=16
PASS rel_l2=1.206e-15 rel_max=1.344e-15 (tol 1e-12) L=65537 B=16
PASS rel_l2=1.021e-15 rel_max=1.169e-15 (tol 1e-12) L=65537 B=16
PASS rel_l2=1.279e-15 rel_max=1.482e-15 (tol 1e-12) L=65537 B=1
PASS map-chain m=60: rel_l2=5.880e-14 (anchor 4.375e-14, tol 1.0e-10)
PASS rel_l2=1.279e-15 rel_max=1.482e-15 (tol 1e-12) L=65537 B=1
PASS map-2-step: rel_l2=4.195e-15 (tol 3.0e-14)
PASS rel_l2=1.250e-15 rel_max=1.554e-15 (tol 1e-12) L=65537 B=1
PASS map-chain m=60: rel_l2=5.991e-14 (anchor 4.375e-14, tol 1.0e-10)
PASS rel_l2=1.250e-15 rel_max=1.554e-15 (tol 1e-12) L=65537 B=1
PASS map-2-step: rel_l2=4.458e-15 (tol 3.0e-14)
PASS rel_l2=1.362e-15 rel_max=1.482e-15 (tol 1e-12) L=65537 B=1
PASS map-chain m=60: rel_l2=1.088e-13 (anchor 4.375e-14, tol 1.0e-10)
PASS rel_l2=1.362e-15 rel_max=1.482e-15 (tol 1e-12) L=65537 B=1
PASS map-2-step: rel_l2=5.026e-15 (tol 3.0e-14)
PASS rel_l2=1.362e-15 rel_max=1.482e-15 (tol 1e-12) L=65537 B=1
PASS map-chain m=60: rel_l2=1.088e-13 (anchor 4.375e-14, tol 1.0e-10)
PASS rel_l2=1.362e-15 rel_max=1.482e-15 (tol 1e-12) L=65537 B=1
PASS map-2-step: rel_l2=5.026e-15 (tol 3.0e-14)
PASS rel_l2=1.203e-15 rel_max=1.348e-15 (tol 1e-12) L=65537 B=1
PASS map-chain m=60: rel_l2=8.909e-14 (anchor 4.375e-14, tol 1.0e-10)
PASS rel_l2=1.203e-15 rel_max=1.348e-15 (tol 1e-12) L=65537 B=1
PASS map-2-step: rel_l2=4.022e-15 (tol 3.0e-14)
PASS rel_l2=1.213e-15 rel_max=1.326e-15 (tol 1e-12) L=65537 B=1
PASS map-chain m=60: rel_l2=7.229e-14 (anchor 4.375e-14, tol 1.0e-10)
PASS rel_l2=1.205e-15 rel_max=1.335e-15 (tol 1e-12) L=65537 B=1
PASS map-2-step: rel_l2=4.351e-15 (tol 3.0e-14)
PASS rel_l2=1.205e-15 rel_max=1.310e-15 (tol 1e-12) L=65537 B=1
PASS map-chain m=60: rel_l2=5.469e-14 (anchor 4.375e-14, tol 1.0e-10)
PASS rel_l2=1.205e-15 rel_max=1.310e-15 (tol 1e-12) L=65537 B=1
PASS map-2-step: rel_l2=4.592e-15 (tol 3.0e-14)
PASS rel_l2=1.020e-15 rel_max=1.209e-15 (tol 1e-12) L=65537 B=1
PASS map-chain m=60: rel_l2=3.159e-14 (anchor 4.375e-14, tol 1.0e-10)
PASS rel_l2=1.020e-15 rel_max=1.209e-15 (tol 1e-12) L=65537 B=1
PASS map-2-step: rel_l2=3.933e-15 (tol 3.0e-14)
PASS rel_l2=1.278e-15 rel_max=1.397e-15 (tol 1e-12) L=65537 B=16
PASS map-chain m=20: rel_l2=1.697e-14 (anchor 1.584e-14, tol 1.0e-10)
PASS rel_l2=1.278e-15 rel_max=1.397e-15 (tol 1e-12) L=65537 B=16
PASS map-2-step: rel_l2=3.895e-15 (tol 3.0e-14)
PASS rel_l2=1.249e-15 rel_max=5.356e-15 (tol 1e-12) L=65537 B=16
PASS map-chain m=20: rel_l2=1.838e-14 (anchor 1.584e-14, tol 1.0e-10)
PASS rel_l2=1.249e-15 rel_max=5.356e-15 (tol 1e-12) L=65537 B=16
PASS map-2-step: rel_l2=4.236e-15 (tol 3.0e-14)
PASS rel_l2=1.363e-15 rel_max=1.435e-15 (tol 1e-12) L=65537 B=16
PASS map-chain m=20: rel_l2=2.272e-14 (anchor 1.584e-14, tol 1.0e-10)
PASS rel_l2=1.363e-15 rel_max=1.435e-15 (tol 1e-12) L=65537 B=16
PASS map-2-step: rel_l2=4.908e-15 (tol 3.0e-14)
PASS rel_l2=1.363e-15 rel_max=1.435e-15 (tol 1e-12) L=65537 B=16
PASS map-chain m=20: rel_l2=2.272e-14 (anchor 1.584e-14, tol 1.0e-10)
PASS rel_l2=1.363e-15 rel_max=1.435e-15 (tol 1e-12) L=65537 B=16
PASS map-2-step: rel_l2=4.908e-15 (tol 3.0e-14)
PASS rel_l2=1.203e-15 rel_max=1.344e-15 (tol 1e-12) L=65537 B=16
PASS map-chain m=20: rel_l2=1.812e-14 (anchor 1.584e-14, tol 1.0e-10)
PASS rel_l2=1.203e-15 rel_max=1.344e-15 (tol 1e-12) L=65537 B=16
PASS map-2-step: rel_l2=4.116e-15 (tol 3.0e-14)
PASS rel_l2=1.211e-15 rel_max=1.254e-15 (tol 1e-12) L=65537 B=16
PASS map-chain m=20: rel_l2=1.812e-14 (anchor 1.584e-14, tol 1.0e-10)
PASS rel_l2=1.212e-15 rel_max=1.342e-15 (tol 1e-12) L=65537 B=16
PASS map-2-step: rel_l2=4.118e-15 (tol 3.0e-14)
PASS rel_l2=1.206e-15 rel_max=1.421e-15 (tol 1e-12) L=65537 B=16
PASS map-chain m=20: rel_l2=1.847e-14 (anchor 1.584e-14, tol 1.0e-10)
PASS rel_l2=1.204e-15 rel_max=1.334e-15 (tol 1e-12) L=65537 B=16
PASS map-2-step: rel_l2=4.089e-15 (tol 3.0e-14)
PASS rel_l2=1.021e-15 rel_max=1.169e-15 (tol 1e-12) L=65537 B=16
PASS map-chain m=20: rel_l2=1.713e-14 (anchor 1.584e-14, tol 1.0e-10)
PASS rel_l2=1.021e-15 rel_max=1.169e-15 (tol 1e-12) L=65537 B=16
PASS map-2-step: rel_l2=3.886e-15 (tol 3.0e-14)
PASS rel_l2=1.050e-15 rel_max=1.071e-15 (tol 1e-12) L=100003 B=1
PASS rel_l2=1.015e-15 rel_max=1.041e-15 (tol 1e-12) L=100003 B=1
PASS rel_l2=1.050e-15 rel_max=1.071e-15 (tol 1e-12) L=100003 B=1
PASS rel_l2=9.138e-16 rel_max=9.587e-16 (tol 1e-12) L=100003 B=1
PASS rel_l2=9.050e-16 rel_max=9.656e-16 (tol 1e-12) L=100003 B=1
PASS rel_l2=9.046e-16 rel_max=9.805e-16 (tol 1e-12) L=100003 B=1
PASS rel_l2=8.828e-16 rel_max=9.339e-16 (tol 1e-12) L=100003 B=1
PASS rel_l2=1.048e-15 rel_max=1.135e-15 (tol 1e-12) L=100003 B=8
PASS rel_l2=1.011e-15 rel_max=1.341e-15 (tol 1e-12) L=100003 B=8
PASS rel_l2=1.011e-15 rel_max=1.341e-15 (tol 1e-12) L=100003 B=8
PASS rel_l2=9.124e-16 rel_max=1.019e-15 (tol 1e-12) L=100003 B=8
PASS rel_l2=8.911e-16 rel_max=8.759e-16 (tol 1e-12) L=100003 B=8
PASS rel_l2=9.038e-16 rel_max=9.624e-16 (tol 1e-12) L=100003 B=8
PASS rel_l2=8.819e-16 rel_max=9.210e-16 (tol 1e-12) L=100003 B=8
PASS rel_l2=1.050e-15 rel_max=1.071e-15 (tol 1e-12) L=100003 B=1
PASS map-chain m=40: rel_l2=2.593e-14 (anchor 2.097e-14, tol 1.0e-10)
PASS rel_l2=1.050e-15 rel_max=1.071e-15 (tol 1e-12) L=100003 B=1
PASS map-2-step: rel_l2=4.423e-15 (tol 3.0e-14)
PASS rel_l2=1.015e-15 rel_max=1.041e-15 (tol 1e-12) L=100003 B=1
PASS map-chain m=40: rel_l2=2.619e-14 (anchor 2.097e-14, tol 1.0e-10)
PASS rel_l2=1.015e-15 rel_max=1.041e-15 (tol 1e-12) L=100003 B=1
PASS map-2-step: rel_l2=4.246e-15 (tol 3.0e-14)
PASS rel_l2=1.050e-15 rel_max=1.071e-15 (tol 1e-12) L=100003 B=1
PASS map-chain m=40: rel_l2=2.593e-14 (anchor 2.097e-14, tol 1.0e-10)
PASS rel_l2=1.050e-15 rel_max=1.071e-15 (tol 1e-12) L=100003 B=1
PASS map-2-step: rel_l2=4.423e-15 (tol 3.0e-14)
PASS rel_l2=9.138e-16 rel_max=9.587e-16 (tol 1e-12) L=100003 B=1
PASS map-chain m=40: rel_l2=2.609e-14 (anchor 2.097e-14, tol 1.0e-10)
PASS rel_l2=9.138e-16 rel_max=9.587e-16 (tol 1e-12) L=100003 B=1
PASS map-2-step: rel_l2=4.464e-15 (tol 3.0e-14)
PASS rel_l2=9.046e-16 rel_max=9.805e-16 (tol 1e-12) L=100003 B=1
PASS map-chain m=40: rel_l2=2.612e-14 (anchor 2.097e-14, tol 1.0e-10)
PASS rel_l2=9.042e-16 rel_max=9.805e-16 (tol 1e-12) L=100003 B=1
PASS map-2-step: rel_l2=4.384e-15 (tol 3.0e-14)
PASS rel_l2=9.042e-16 rel_max=9.805e-16 (tol 1e-12) L=100003 B=1
PASS map-chain m=40: rel_l2=2.470e-14 (anchor 2.097e-14, tol 1.0e-10)
PASS rel_l2=9.042e-16 rel_max=9.805e-16 (tol 1e-12) L=100003 B=1
PASS map-2-step: rel_l2=4.384e-15 (tol 3.0e-14)
PASS rel_l2=8.828e-16 rel_max=9.339e-16 (tol 1e-12) L=100003 B=1
PASS map-chain m=40: rel_l2=2.817e-14 (anchor 2.097e-14, tol 1.0e-10)
PASS rel_l2=8.828e-16 rel_max=9.339e-16 (tol 1e-12) L=100003 B=1
PASS map-2-step: rel_l2=4.388e-15 (tol 3.0e-14)
PASS rel_l2=1.048e-15 rel_max=1.135e-15 (tol 1e-12) L=100003 B=8
PASS map-chain m=15: rel_l2=1.409e-14 (anchor 1.370e-14, tol 1.0e-10)
PASS rel_l2=1.048e-15 rel_max=1.135e-15 (tol 1e-12) L=100003 B=8
PASS map-2-step: rel_l2=4.280e-15 (tol 3.0e-14)
PASS rel_l2=1.011e-15 rel_max=1.341e-15 (tol 1e-12) L=100003 B=8
PASS map-chain m=15: rel_l2=1.490e-14 (anchor 1.370e-14, tol 1.0e-10)
PASS rel_l2=1.011e-15 rel_max=1.341e-15 (tol 1e-12) L=100003 B=8
PASS map-2-step: rel_l2=4.187e-15 (tol 3.0e-14)
PASS rel_l2=1.011e-15 rel_max=1.341e-15 (tol 1e-12) L=100003 B=8
PASS map-chain m=15: rel_l2=1.490e-14 (anchor 1.370e-14, tol 1.0e-10)
PASS rel_l2=1.011e-15 rel_max=1.341e-15 (tol 1e-12) L=100003 B=8
PASS map-2-step: rel_l2=4.187e-15 (tol 3.0e-14)
PASS rel_l2=9.124e-16 rel_max=1.019e-15 (tol 1e-12) L=100003 B=8
PASS map-chain m=15: rel_l2=1.487e-14 (anchor 1.370e-14, tol 1.0e-10)
PASS rel_l2=9.124e-16 rel_max=1.019e-15 (tol 1e-12) L=100003 B=8
PASS map-2-step: rel_l2=4.467e-15 (tol 3.0e-14)
PASS rel_l2=9.038e-16 rel_max=9.624e-16 (tol 1e-12) L=100003 B=8
PASS map-chain m=15: rel_l2=1.687e-14 (anchor 1.370e-14, tol 1.0e-10)
PASS rel_l2=9.085e-16 rel_max=1.007e-15 (tol 1e-12) L=100003 B=8
PASS map-2-step: rel_l2=4.616e-15 (tol 3.0e-14)
PASS rel_l2=9.038e-16 rel_max=9.624e-16 (tol 1e-12) L=100003 B=8
PASS map-chain m=15: rel_l2=1.687e-14 (anchor 1.370e-14, tol 1.0e-10)
PASS rel_l2=9.038e-16 rel_max=9.624e-16 (tol 1e-12) L=100003 B=8
PASS map-2-step: rel_l2=4.540e-15 (tol 3.0e-14)
PASS rel_l2=8.819e-16 rel_max=9.210e-16 (tol 1e-12) L=100003 B=8
PASS map-chain m=15: rel_l2=1.452e-14 (anchor 1.370e-14, tol 1.0e-10)
PASS rel_l2=8.819e-16 rel_max=9.210e-16 (tol 1e-12) L=100003 B=8
PASS map-2-step: rel_l2=4.312e-15 (tol 3.0e-14)
