gen_planner              L=21  B=32    m=224   inner=1      min=    37.561 us/xform  median=    37.571  sd=  0.12%     16.24 GF/s  setup=0.021 s
gen_planner              L=21  B=32    m=224   inner=1      min=    37.603 us/xform  median=    37.616  sd=  0.06%     16.23 GF/s  setup=0.008 s
gen_planner              L=21  B=32    m=224   inner=1      min=    37.450 us/xform  median=    37.459  sd=  0.07%     16.29 GF/s  setup=0.007 s
gen_race                 L=21  B=32    m=224   inner=1      min=    37.431 us/xform  median=    37.442  sd=  0.03%     16.30 GF/s  setup=0.041 s
gen_race                 L=21  B=32    m=224   inner=1      min=    37.735 us/xform  median=    37.751  sd=  0.03%     16.17 GF/s  setup=0.003 s
gen_race                 L=21  B=32    m=224   inner=1      min=    37.497 us/xform  median=    37.512  sd=  0.03%     16.27 GF/s  setup=0.003 s
gen_bluestein            L=21  B=32    m=224   inner=1      min=   100.347 us/xform  median=   100.451  sd=  0.06%      6.08 GF/s  setup=0.000 s
gen_bluestein            L=21  B=32    m=224   inner=1      min=    99.810 us/xform  median=    99.854  sd=  0.08%      6.11 GF/s  setup=0.000 s
gen_bluestein            L=21  B=32    m=224   inner=1      min=   100.176 us/xform  median=   100.209  sd=  0.04%      6.09 GF/s  setup=0.000 s
mkl_dfti                 L=21  B=32    m=224   inner=1      min=    74.586 us/xform  median=    74.701  sd=  0.07%      8.18 GF/s  setup=0.030 s
mkl_dfti                 L=21  B=32    m=224   inner=1      min=    74.617 us/xform  median=    74.695  sd=  0.05%      8.18 GF/s  setup=0.030 s
mkl_dfti                 L=21  B=32    m=224   inner=1      min=    74.753 us/xform  median=    74.774  sd=  0.03%      8.16 GF/s  setup=0.033 s
fftw3_measure            L=21  B=32    m=224   inner=1      min=   106.067 us/xform  median=   106.177  sd=  0.04%      5.75 GF/s  setup=0.025 s
fftw3_measure            L=21  B=32    m=224   inner=1      min=   105.843 us/xform  median=   105.886  sd=  0.03%      5.76 GF/s  setup=0.024 s
fftw3_measure            L=21  B=32    m=224   inner=1      min=   105.302 us/xform  median=   105.337  sd=  0.03%      5.79 GF/s  setup=0.025 s
ducc0_c2c                L=21  B=32    m=224   inner=1      min=    89.380 us/xform  median=    89.404  sd=  0.02%      6.83 GF/s  setup=0.000 s
ducc0_c2c                L=21  B=32    m=224   inner=1      min=    89.460 us/xform  median=    89.509  sd=  0.02%      6.82 GF/s  setup=0.000 s
ducc0_c2c                L=21  B=32    m=224   inner=1      min=    89.410 us/xform  median=    89.460  sd=  0.03%      6.82 GF/s  setup=0.000 s
gen_planner              L=44  B=8     m=96    inner=1      min=   514.691 us/xform  median=   514.871  sd=  0.06%     13.55 GF/s  setup=0.028 s
gen_planner              L=44  B=8     m=96    inner=1      min=   507.005 us/xform  median=   507.108  sd=  0.07%     13.76 GF/s  setup=0.007 s
gen_planner              L=44  B=8     m=96    inner=1      min=   516.484 us/xform  median=   516.645  sd=  0.05%     13.51 GF/s  setup=0.007 s
gen_race                 L=44  B=8     m=96    inner=1      min=   496.671 us/xform  median=   496.849  sd=  0.04%     14.05 GF/s  setup=0.058 s
gen_race                 L=44  B=8     m=96    inner=1      min=   480.448 us/xform  median=   480.567  sd=  0.04%     14.52 GF/s  setup=0.003 s
gen_race                 L=44  B=8     m=96    inner=1      min=   514.733 us/xform  median=   514.941  sd=  0.03%     13.55 GF/s  setup=0.034 s
gen_bluestein            L=44  B=8     m=96    inner=1      min=   854.549 us/xform  median=   854.920  sd=  0.04%      8.16 GF/s  setup=0.000 s
gen_bluestein            L=44  B=8     m=96    inner=1      min=   859.661 us/xform  median=   860.128  sd=  0.07%      8.11 GF/s  setup=0.000 s
gen_bluestein            L=44  B=8     m=96    inner=1      min=   861.234 us/xform  median=   861.698  sd=  0.03%      8.10 GF/s  setup=0.000 s
mkl_dfti                 L=44  B=8     m=96    inner=1      min=   619.938 us/xform  median=   620.546  sd=  0.05%     11.25 GF/s  setup=0.030 s
mkl_dfti                 L=44  B=8     m=96    inner=1      min=   621.196 us/xform  median=   621.413  sd=  0.02%     11.23 GF/s  setup=0.035 s
mkl_dfti                 L=44  B=8     m=96    inner=1      min=   620.320 us/xform  median=   621.120  sd=  0.07%     11.25 GF/s  setup=0.033 s
fftw3_measure            L=44  B=8     m=96    inner=1      min=   961.454 us/xform  median=   961.954  sd=  0.04%      7.26 GF/s  setup=0.047 s
fftw3_measure            L=44  B=8     m=96    inner=1      min=   961.694 us/xform  median=   972.197  sd=  0.45%      7.25 GF/s  setup=0.047 s
fftw3_measure            L=44  B=8     m=96    inner=1      min=   955.334 us/xform  median=   957.673  sd=  0.24%      7.30 GF/s  setup=0.047 s
ducc0_c2c                L=44  B=8     m=96    inner=1      min=   881.944 us/xform  median=   882.419  sd=  0.05%      7.91 GF/s  setup=0.000 s
ducc0_c2c                L=44  B=8     m=96    inner=1      min=   878.262 us/xform  median=   879.399  sd=  0.06%      7.94 GF/s  setup=0.000 s
ducc0_c2c                L=44  B=8     m=96    inner=1      min=   877.338 us/xform  median=   878.620  sd=  0.09%      7.95 GF/s  setup=0.000 s
gen_planner              L=96  B=2     m=36    inner=1      min=  4822.499 us/xform  median=  4828.141  sd=  0.15%     18.12 GF/s  setup=0.229 s
gen_planner              L=96  B=2     m=36    inner=1      min=  4800.528 us/xform  median=  4805.508  sd=  0.14%     18.20 GF/s  setup=0.064 s
gen_planner              L=96  B=2     m=36    inner=1      min=  4810.769 us/xform  median=  4814.375  sd=  0.15%     18.17 GF/s  setup=0.065 s
gen_race                 L=96  B=2     m=36    inner=1      min=  4859.629 us/xform  median=  4863.970  sd=  0.14%     17.98 GF/s  setup=0.598 s
gen_race                 L=96  B=2     m=36    inner=1      min=  4965.063 us/xform  median=  4971.456  sd=  0.15%     17.60 GF/s  setup=0.003 s
gen_race                 L=96  B=2     m=36    inner=1      min=  4891.178 us/xform  median=  4897.803  sd=  0.12%     17.87 GF/s  setup=0.003 s
gen_bluestein            L=96  B=2     m=36    inner=1      min= 12673.979 us/xform  median= 12715.706  sd=  0.21%      6.90 GF/s  setup=0.000 s
gen_bluestein            L=96  B=2     m=36    inner=1      min= 12877.859 us/xform  median= 12915.375  sd=  0.20%      6.79 GF/s  setup=0.000 s
gen_bluestein            L=96  B=2     m=36    inner=1      min= 12744.035 us/xform  median= 12782.102  sd=  0.22%      6.86 GF/s  setup=0.000 s
mkl_dfti                 L=96  B=2     m=36    inner=1      min=  7491.860 us/xform  median=  7502.133  sd=  0.08%     11.66 GF/s  setup=0.035 s
mkl_dfti                 L=96  B=2     m=36    inner=1      min=  7475.583 us/xform  median=  7484.297  sd=  0.08%     11.69 GF/s  setup=0.029 s
mkl_dfti                 L=96  B=2     m=36    inner=1      min=  7502.736 us/xform  median=  7510.833  sd=  0.07%     11.65 GF/s  setup=0.032 s
fftw3_measure            L=96  B=2     m=36    inner=1      min=  9737.237 us/xform  median=  9748.793  sd=  0.05%      8.97 GF/s  setup=0.399 s
fftw3_measure            L=96  B=2     m=36    inner=1      min=  9373.645 us/xform  median=  9404.754  sd=  0.25%      9.32 GF/s  setup=0.392 s
fftw3_measure            L=96  B=2     m=36    inner=1      min=  9510.443 us/xform  median=  9541.755  sd=  0.38%      9.19 GF/s  setup=0.394 s
ducc0_c2c                L=96  B=2     m=36    inner=1      min= 12637.659 us/xform  median= 12651.444  sd=  0.04%      6.91 GF/s  setup=0.000 s
ducc0_c2c                L=96  B=2     m=36    inner=1      min= 12734.457 us/xform  median= 12741.700  sd=  0.05%      6.86 GF/s  setup=0.000 s
ducc0_c2c                L=96  B=2     m=36    inner=1      min= 12582.623 us/xform  median= 12597.351  sd=  0.04%      6.95 GF/s  setup=0.000 s
