PASS rel_l2=3.984e-16 rel_max=3.491e-16 (tol 1e-12) L=13 B=1
PASS rel_l2=1.444e-16 rel_max=1.313e-16 (tol 1e-12) L=13 B=1
PASS rel_l2=1.431e-16 rel_max=1.397e-16 (tol 1e-12) L=13 B=1
PASS rel_l2=1.444e-16 rel_max=1.313e-16 (tol 1e-12) L=13 B=1
PASS rel_l2=1.567e-16 rel_max=1.313e-16 (tol 1e-12) L=13 B=1
PASS rel_l2=1.567e-16 rel_max=1.313e-16 (tol 1e-12) L=13 B=1
PASS rel_l2=3.218e-16 rel_max=3.282e-16 (tol 1e-12) L=13 B=1
PASS rel_l2=2.308e-16 rel_max=1.914e-16 (tol 1e-12) L=13 B=1
PASS rel_l2=2.140e-16 rel_max=1.871e-16 (tol 1e-12) L=13 B=1
PASS rel_l2=2.140e-16 rel_max=1.871e-16 (tol 1e-12) L=13 B=1
PASS rel_l2=2.140e-16 rel_max=1.871e-16 (tol 1e-12) L=13 B=1
PASS rel_l2=1.674e-16 rel_max=1.871e-16 (tol 1e-12) L=13 B=1
PASS rel_l2=4.126e-16 rel_max=4.874e-16 (tol 1e-12) L=13 B=512
PASS rel_l2=1.364e-16 rel_max=2.403e-16 (tol 1e-12) L=13 B=512
PASS rel_l2=1.845e-16 rel_max=2.426e-16 (tol 1e-12) L=13 B=512
PASS rel_l2=1.364e-16 rel_max=2.403e-16 (tol 1e-12) L=13 B=512
PASS rel_l2=1.728e-16 rel_max=2.458e-16 (tol 1e-12) L=13 B=512
PASS rel_l2=1.364e-16 rel_max=2.403e-16 (tol 1e-12) L=13 B=512
PASS rel_l2=2.791e-16 rel_max=3.210e-16 (tol 1e-12) L=13 B=512
PASS rel_l2=1.827e-16 rel_max=2.546e-16 (tol 1e-12) L=13 B=512
PASS rel_l2=1.827e-16 rel_max=2.546e-16 (tol 1e-12) L=13 B=512
PASS rel_l2=1.848e-16 rel_max=2.458e-16 (tol 1e-12) L=13 B=512
PASS rel_l2=1.848e-16 rel_max=2.458e-16 (tol 1e-12) L=13 B=512
PASS rel_l2=1.848e-16 rel_max=2.458e-16 (tol 1e-12) L=13 B=512
PASS rel_l2=1.747e-16 rel_max=2.980e-16 (tol 1e-12) L=13 B=512
PASS rel_l2=3.984e-16 rel_max=3.491e-16 (tol 1e-12) L=13 B=1
PASS map-chain m=200000: rel_l2=8.879e-15 (anchor 1.892e-15, tol 1.0e-10)
PASS rel_l2=3.984e-16 rel_max=3.491e-16 (tol 1e-12) L=13 B=1
PASS map-2-step: rel_l2=1.068e-15 (tol 3.0e-14)
PASS rel_l2=1.444e-16 rel_max=1.313e-16 (tol 1e-12) L=13 B=1
PASS map-chain m=200000: rel_l2=2.535e-15 (anchor 1.892e-15, tol 1.0e-10)
PASS rel_l2=1.444e-16 rel_max=1.313e-16 (tol 1e-12) L=13 B=1
PASS map-2-step: rel_l2=4.537e-16 (tol 3.0e-14)
PASS rel_l2=1.431e-16 rel_max=1.397e-16 (tol 1e-12) L=13 B=1
PASS map-chain m=200000: rel_l2=2.104e-15 (anchor 1.892e-15, tol 1.0e-10)
PASS rel_l2=1.431e-16 rel_max=1.397e-16 (tol 1e-12) L=13 B=1
PASS map-2-step: rel_l2=4.552e-16 (tol 3.0e-14)
PASS rel_l2=1.444e-16 rel_max=1.313e-16 (tol 1e-12) L=13 B=1
PASS map-chain m=200000: rel_l2=2.322e-15 (anchor 1.892e-15, tol 1.0e-10)
PASS rel_l2=1.444e-16 rel_max=1.313e-16 (tol 1e-12) L=13 B=1
PASS map-2-step: rel_l2=5.316e-16 (tol 3.0e-14)
PASS rel_l2=1.567e-16 rel_max=1.313e-16 (tol 1e-12) L=13 B=1
PASS map-chain m=200000: rel_l2=1.593e-15 (anchor 1.892e-15, tol 1.0e-10)
PASS rel_l2=1.567e-16 rel_max=1.313e-16 (tol 1e-12) L=13 B=1
PASS map-2-step: rel_l2=5.357e-16 (tol 3.0e-14)
PASS rel_l2=1.567e-16 rel_max=1.313e-16 (tol 1e-12) L=13 B=1
PASS map-chain m=200000: rel_l2=1.593e-15 (anchor 1.892e-15, tol 1.0e-10)
PASS rel_l2=1.567e-16 rel_max=1.313e-16 (tol 1e-12) L=13 B=1
PASS map-2-step: rel_l2=5.357e-16 (tol 3.0e-14)
PASS rel_l2=3.218e-16 rel_max=3.282e-16 (tol 1e-12) L=13 B=1
PASS map-chain m=200000: rel_l2=3.374e-15 (anchor 1.892e-15, tol 1.0e-10)
PASS rel_l2=3.218e-16 rel_max=3.282e-16 (tol 1e-12) L=13 B=1
PASS map-2-step: rel_l2=9.697e-16 (tol 3.0e-14)
PASS rel_l2=2.308e-16 rel_max=1.914e-16 (tol 1e-12) L=13 B=1
PASS map-chain m=200000: rel_l2=1.736e-15 (anchor 1.892e-15, tol 1.0e-10)
PASS rel_l2=2.308e-16 rel_max=1.914e-16 (tol 1e-12) L=13 B=1
PASS map-2-step: rel_l2=8.857e-16 (tol 3.0e-14)
PASS rel_l2=2.140e-16 rel_max=1.871e-16 (tol 1e-12) L=13 B=1
PASS map-chain m=200000: rel_l2=2.283e-15 (anchor 1.892e-15, tol 1.0e-10)
PASS rel_l2=2.140e-16 rel_max=1.871e-16 (tol 1e-12) L=13 B=1
PASS map-2-step: rel_l2=8.401e-16 (tol 3.0e-14)
PASS rel_l2=2.140e-16 rel_max=1.871e-16 (tol 1e-12) L=13 B=1
PASS map-chain m=200000: rel_l2=2.283e-15 (anchor 1.892e-15, tol 1.0e-10)
PASS rel_l2=2.140e-16 rel_max=1.871e-16 (tol 1e-12) L=13 B=1
PASS map-2-step: rel_l2=8.401e-16 (tol 3.0e-14)
PASS rel_l2=2.140e-16 rel_max=1.871e-16 (tol 1e-12) L=13 B=1
PASS map-chain m=200000: rel_l2=2.283e-15 (anchor 1.892e-15, tol 1.0e-10)
PASS rel_l2=2.140e-16 rel_max=1.871e-16 (tol 1e-12) L=13 B=1
PASS map-2-step: rel_l2=8.401e-16 (tol 3.0e-14)
PASS rel_l2=1.674e-16 rel_max=1.871e-16 (tol 1e-12) L=13 B=1
PASS map-chain m=200000: rel_l2=1.765e-15 (anchor 1.892e-15, tol 1.0e-10)
PASS rel_l2=1.674e-16 rel_max=1.871e-16 (tol 1e-12) L=13 B=1
PASS map-2-step: rel_l2=4.326e-16 (tol 3.0e-14)
PASS rel_l2=4.126e-16 rel_max=4.874e-16 (tol 1e-12) L=13 B=512
PASS map-chain m=2000: rel_l2=2.601e-13 (anchor 1.022e-14, tol 1.0e-10)
PASS rel_l2=4.126e-16 rel_max=4.874e-16 (tol 1e-12) L=13 B=512
PASS map-2-step: rel_l2=7.611e-16 (tol 3.0e-14)
PASS rel_l2=1.364e-16 rel_max=2.403e-16 (tol 1e-12) L=13 B=512
PASS map-chain m=2000: rel_l2=1.302e-14 (anchor 1.022e-14, tol 1.0e-10)
PASS rel_l2=1.364e-16 rel_max=2.403e-16 (tol 1e-12) L=13 B=512
PASS map-2-step: rel_l2=3.048e-16 (tol 3.0e-14)
PASS rel_l2=1.845e-16 rel_max=2.426e-16 (tol 1e-12) L=13 B=512
PASS map-chain m=2000: rel_l2=1.200e-14 (anchor 1.022e-14, tol 1.0e-10)
PASS rel_l2=1.845e-16 rel_max=2.426e-16 (tol 1e-12) L=13 B=512
PASS map-2-step: rel_l2=3.232e-16 (tol 3.0e-14)
PASS rel_l2=1.364e-16 rel_max=2.403e-16 (tol 1e-12) L=13 B=512
PASS map-chain m=2000: rel_l2=1.558e-14 (anchor 1.022e-14, tol 1.0e-10)
PASS rel_l2=1.364e-16 rel_max=2.403e-16 (tol 1e-12) L=13 B=512
PASS map-2-step: rel_l2=3.285e-16 (tol 3.0e-14)
PASS rel_l2=1.728e-16 rel_max=2.458e-16 (tol 1e-12) L=13 B=512
PASS map-chain m=2000: rel_l2=1.496e-13 (anchor 1.022e-14, tol 1.0e-10)
PASS rel_l2=1.728e-16 rel_max=2.458e-16 (tol 1e-12) L=13 B=512
PASS map-2-step: rel_l2=3.852e-16 (tol 3.0e-14)
PASS rel_l2=1.364e-16 rel_max=2.403e-16 (tol 1e-12) L=13 B=512
PASS map-chain m=2000: rel_l2=4.104e-13 (anchor 1.022e-14, tol 1.0e-10)
PASS rel_l2=1.364e-16 rel_max=2.403e-16 (tol 1e-12) L=13 B=512
PASS map-2-step: rel_l2=5.329e-16 (tol 3.0e-14)
PASS rel_l2=2.791e-16 rel_max=3.210e-16 (tol 1e-12) L=13 B=512
PASS map-chain m=2000: rel_l2=4.104e-13 (anchor 1.022e-14, tol 1.0e-10)
PASS rel_l2=2.791e-16 rel_max=3.210e-16 (tol 1e-12) L=13 B=512
PASS map-2-step: rel_l2=5.329e-16 (tol 3.0e-14)
PASS rel_l2=1.827e-16 rel_max=2.546e-16 (tol 1e-12) L=13 B=512
PASS map-chain m=2000: rel_l2=4.239e-14 (anchor 1.022e-14, tol 1.0e-10)
PASS rel_l2=1.827e-16 rel_max=2.546e-16 (tol 1e-12) L=13 B=512
PASS map-2-step: rel_l2=3.460e-16 (tol 3.0e-14)
PASS rel_l2=1.827e-16 rel_max=2.546e-16 (tol 1e-12) L=13 B=512
PASS map-chain m=2000: rel_l2=4.239e-14 (anchor 1.022e-14, tol 1.0e-10)
PASS rel_l2=1.827e-16 rel_max=2.546e-16 (tol 1e-12) L=13 B=512
PASS map-2-step: rel_l2=3.460e-16 (tol 3.0e-14)
PASS rel_l2=1.848e-16 rel_max=2.458e-16 (tol 1e-12) L=13 B=512
PASS map-chain m=2000: rel_l2=3.448e-14 (anchor 1.022e-14, tol 1.0e-10)
PASS rel_l2=1.848e-16 rel_max=2.458e-16 (tol 1e-12) L=13 B=512
PASS map-2-step: rel_l2=3.415e-16 (tol 3.0e-14)
PASS rel_l2=1.848e-16 rel_max=2.458e-16 (tol 1e-12) L=13 B=512
PASS map-chain m=2000: rel_l2=3.448e-14 (anchor 1.022e-14, tol 1.0e-10)
PASS rel_l2=1.848e-16 rel_max=2.458e-16 (tol 1e-12) L=13 B=512
PASS map-2-step: rel_l2=3.415e-16 (tol 3.0e-14)
PASS rel_l2=1.848e-16 rel_max=2.458e-16 (tol 1e-12) L=13 B=512
PASS map-chain m=2000: rel_l2=3.448e-14 (anchor 1.022e-14, tol 1.0e-10)
PASS rel_l2=1.848e-16 rel_max=2.458e-16 (tol 1e-12) L=13 B=512
PASS map-2-step: rel_l2=3.415e-16 (tol 3.0e-14)
PASS rel_l2=1.747e-16 rel_max=2.980e-16 (tol 1e-12) L=13 B=512
PASS map-chain m=2000: rel_l2=1.426e-13 (anchor 1.022e-14, tol 1.0e-10)
PASS rel_l2=1.747e-16 rel_max=2.980e-16 (tol 1e-12) L=13 B=512
PASS map-2-step: rel_l2=3.443e-16 (tol 3.0e-14)
PASS rel_l2=3.576e-16 rel_max=4.581e-16 (tol 1e-12) L=31 B=1
PASS rel_l2=2.464e-16 rel_max=2.553e-16 (tol 1e-12) L=31 B=1
PASS rel_l2=3.426e-16 rel_max=3.807e-16 (tol 1e-12) L=31 B=1
PASS rel_l2=2.464e-16 rel_max=2.553e-16 (tol 1e-12) L=31 B=1
PASS rel_l2=3.266e-16 rel_max=4.458e-16 (tol 1e-12) L=31 B=1
PASS rel_l2=2.464e-16 rel_max=2.553e-16 (tol 1e-12) L=31 B=1
PASS rel_l2=3.249e-16 rel_max=3.767e-16 (tol 1e-12) L=31 B=1
PASS rel_l2=3.155e-16 rel_max=3.708e-16 (tol 1e-12) L=31 B=1
PASS rel_l2=2.008e-16 rel_max=2.436e-16 (tol 1e-12) L=31 B=1
PASS rel_l2=2.008e-16 rel_max=2.436e-16 (tol 1e-12) L=31 B=1
PASS rel_l2=2.008e-16 rel_max=2.436e-16 (tol 1e-12) L=31 B=1
PASS rel_l2=2.131e-16 rel_max=2.455e-16 (tol 1e-12) L=31 B=1
PASS rel_l2=4.214e-16 rel_max=4.654e-16 (tol 1e-12) L=31 B=512
PASS rel_l2=2.110e-16 rel_max=2.763e-16 (tol 1e-12) L=31 B=512
PASS rel_l2=3.259e-16 rel_max=3.561e-16 (tol 1e-12) L=31 B=512
PASS rel_l2=2.110e-16 rel_max=2.763e-16 (tol 1e-12) L=31 B=512
PASS rel_l2=2.905e-16 rel_max=3.108e-16 (tol 1e-12) L=31 B=512
PASS rel_l2=2.905e-16 rel_max=3.108e-16 (tol 1e-12) L=31 B=512
PASS rel_l2=3.586e-16 rel_max=3.907e-16 (tol 1e-12) L=31 B=512
PASS rel_l2=2.582e-16 rel_max=3.015e-16 (tol 1e-12) L=31 B=512
PASS rel_l2=2.582e-16 rel_max=3.015e-16 (tol 1e-12) L=31 B=512
PASS rel_l2=2.078e-16 rel_max=3.354e-16 (tol 1e-12) L=31 B=512
PASS rel_l2=2.078e-16 rel_max=3.354e-16 (tol 1e-12) L=31 B=512
PASS rel_l2=2.078e-16 rel_max=3.354e-16 (tol 1e-12) L=31 B=512
PASS rel_l2=2.308e-16 rel_max=3.354e-16 (tol 1e-12) L=31 B=512
PASS rel_l2=3.576e-16 rel_max=4.581e-16 (tol 1e-12) L=31 B=1
PASS map-chain m=100000: rel_l2=1.788e-14 (anchor 8.943e-16, tol 1.0e-10)
PASS rel_l2=3.576e-16 rel_max=4.581e-16 (tol 1e-12) L=31 B=1
PASS map-2-step: rel_l2=7.082e-16 (tol 3.0e-14)
PASS rel_l2=2.464e-16 rel_max=2.553e-16 (tol 1e-12) L=31 B=1
PASS map-chain m=100000: rel_l2=2.923e-15 (anchor 8.943e-16, tol 1.0e-10)
PASS rel_l2=2.464e-16 rel_max=2.553e-16 (tol 1e-12) L=31 B=1
PASS map-2-step: rel_l2=5.259e-16 (tol 3.0e-14)
PASS rel_l2=3.426e-16 rel_max=3.807e-16 (tol 1e-12) L=31 B=1
PASS map-chain m=100000: rel_l2=2.590e-15 (anchor 8.943e-16, tol 1.0e-10)
PASS rel_l2=3.426e-16 rel_max=3.807e-16 (tol 1e-12) L=31 B=1
PASS map-2-step: rel_l2=7.694e-16 (tol 3.0e-14)
PASS rel_l2=2.464e-16 rel_max=2.553e-16 (tol 1e-12) L=31 B=1
PASS map-chain m=100000: rel_l2=2.440e-15 (anchor 8.943e-16, tol 1.0e-10)
PASS rel_l2=2.464e-16 rel_max=2.553e-16 (tol 1e-12) L=31 B=1
PASS map-2-step: rel_l2=4.709e-16 (tol 3.0e-14)
PASS rel_l2=3.266e-16 rel_max=4.458e-16 (tol 1e-12) L=31 B=1
PASS map-chain m=100000: rel_l2=4.205e-15 (anchor 8.943e-16, tol 1.0e-10)
PASS rel_l2=3.266e-16 rel_max=4.458e-16 (tol 1e-12) L=31 B=1
PASS map-2-step: rel_l2=8.328e-16 (tol 3.0e-14)
PASS rel_l2=2.464e-16 rel_max=2.553e-16 (tol 1e-12) L=31 B=1
PASS map-chain m=100000: rel_l2=4.205e-15 (anchor 8.943e-16, tol 1.0e-10)
PASS rel_l2=2.464e-16 rel_max=2.553e-16 (tol 1e-12) L=31 B=1
PASS map-2-step: rel_l2=8.328e-16 (tol 3.0e-14)
PASS rel_l2=3.249e-16 rel_max=3.767e-16 (tol 1e-12) L=31 B=1
PASS map-chain m=100000: rel_l2=1.127e-14 (anchor 8.943e-16, tol 1.0e-10)
PASS rel_l2=3.249e-16 rel_max=3.767e-16 (tol 1e-12) L=31 B=1
PASS map-2-step: rel_l2=6.655e-16 (tol 3.0e-14)
PASS rel_l2=3.155e-16 rel_max=3.708e-16 (tol 1e-12) L=31 B=1
PASS map-chain m=100000: rel_l2=3.521e-15 (anchor 8.943e-16, tol 1.0e-10)
PASS rel_l2=3.155e-16 rel_max=3.708e-16 (tol 1e-12) L=31 B=1
PASS map-2-step: rel_l2=5.460e-16 (tol 3.0e-14)
PASS rel_l2=2.008e-16 rel_max=2.436e-16 (tol 1e-12) L=31 B=1
PASS map-chain m=100000: rel_l2=8.134e-16 (anchor 8.943e-16, tol 1.0e-10)
PASS rel_l2=2.008e-16 rel_max=2.436e-16 (tol 1e-12) L=31 B=1
PASS map-2-step: rel_l2=3.864e-16 (tol 3.0e-14)
PASS rel_l2=2.008e-16 rel_max=2.436e-16 (tol 1e-12) L=31 B=1
PASS map-chain m=100000: rel_l2=8.134e-16 (anchor 8.943e-16, tol 1.0e-10)
PASS rel_l2=2.008e-16 rel_max=2.436e-16 (tol 1e-12) L=31 B=1
PASS map-2-step: rel_l2=3.864e-16 (tol 3.0e-14)
PASS rel_l2=2.008e-16 rel_max=2.436e-16 (tol 1e-12) L=31 B=1
PASS map-chain m=100000: rel_l2=8.134e-16 (anchor 8.943e-16, tol 1.0e-10)
PASS rel_l2=2.008e-16 rel_max=2.436e-16 (tol 1e-12) L=31 B=1
PASS map-2-step: rel_l2=3.864e-16 (tol 3.0e-14)
PASS rel_l2=2.131e-16 rel_max=2.455e-16 (tol 1e-12) L=31 B=1
PASS map-chain m=100000: rel_l2=1.841e-15 (anchor 8.943e-16, tol 1.0e-10)
PASS rel_l2=2.131e-16 rel_max=2.455e-16 (tol 1e-12) L=31 B=1
PASS map-2-step: rel_l2=4.641e-16 (tol 3.0e-14)
PASS rel_l2=4.214e-16 rel_max=4.654e-16 (tol 1e-12) L=31 B=512
PASS map-chain m=1200: rel_l2=2.119e-12 (anchor 6.136e-13, tol 3.0e-10)
PASS rel_l2=4.214e-16 rel_max=4.654e-16 (tol 1e-12) L=31 B=512
PASS map-2-step: rel_l2=8.234e-16 (tol 3.0e-14)
PASS rel_l2=2.110e-16 rel_max=2.763e-16 (tol 1e-12) L=31 B=512
PASS map-chain m=1200: rel_l2=1.307e-12 (anchor 6.136e-13, tol 3.0e-10)
PASS rel_l2=2.110e-16 rel_max=2.763e-16 (tol 1e-12) L=31 B=512
PASS map-2-step: rel_l2=4.344e-16 (tol 3.0e-14)
PASS rel_l2=3.259e-16 rel_max=3.561e-16 (tol 1e-12) L=31 B=512
PASS map-chain m=1200: rel_l2=3.964e-12 (anchor 6.136e-13, tol 3.0e-10)
PASS rel_l2=3.259e-16 rel_max=3.561e-16 (tol 1e-12) L=31 B=512
PASS map-2-step: rel_l2=6.551e-16 (tol 3.0e-14)
PASS rel_l2=2.110e-16 rel_max=2.763e-16 (tol 1e-12) L=31 B=512
PASS map-chain m=1200: rel_l2=1.707e-12 (anchor 6.136e-13, tol 3.0e-10)
PASS rel_l2=2.110e-16 rel_max=2.763e-16 (tol 1e-12) L=31 B=512
PASS map-2-step: rel_l2=4.601e-16 (tol 3.0e-14)
PASS rel_l2=2.905e-16 rel_max=3.108e-16 (tol 1e-12) L=31 B=512
PASS map-chain m=1200: rel_l2=5.134e-12 (anchor 6.136e-13, tol 3.0e-10)
PASS rel_l2=2.905e-16 rel_max=3.108e-16 (tol 1e-12) L=31 B=512
PASS map-2-step: rel_l2=6.882e-16 (tol 3.0e-14)
PASS rel_l2=2.905e-16 rel_max=3.108e-16 (tol 1e-12) L=31 B=512
PASS map-chain m=1200: rel_l2=5.134e-12 (anchor 6.136e-13, tol 3.0e-10)
PASS rel_l2=2.905e-16 rel_max=3.108e-16 (tol 1e-12) L=31 B=512
PASS map-2-step: rel_l2=6.882e-16 (tol 3.0e-14)
PASS rel_l2=3.586e-16 rel_max=3.907e-16 (tol 1e-12) L=31 B=512
PASS map-chain m=1200: rel_l2=2.660e-12 (anchor 6.136e-13, tol 3.0e-10)
PASS rel_l2=3.586e-16 rel_max=3.907e-16 (tol 1e-12) L=31 B=512
PASS map-2-step: rel_l2=7.542e-16 (tol 3.0e-14)
PASS rel_l2=2.582e-16 rel_max=3.015e-16 (tol 1e-12) L=31 B=512
PASS map-chain m=1200: rel_l2=1.127e-12 (anchor 6.136e-13, tol 3.0e-10)
PASS rel_l2=2.582e-16 rel_max=3.015e-16 (tol 1e-12) L=31 B=512
PASS map-2-step: rel_l2=5.298e-16 (tol 3.0e-14)
PASS rel_l2=2.582e-16 rel_max=3.015e-16 (tol 1e-12) L=31 B=512
PASS map-chain m=1200: rel_l2=1.127e-12 (anchor 6.136e-13, tol 3.0e-10)
PASS rel_l2=2.582e-16 rel_max=3.015e-16 (tol 1e-12) L=31 B=512
PASS map-2-step: rel_l2=5.298e-16 (tol 3.0e-14)
PASS rel_l2=2.078e-16 rel_max=3.354e-16 (tol 1e-12) L=31 B=512
PASS map-chain m=1200: rel_l2=2.559e-13 (anchor 6.136e-13, tol 3.0e-10)
PASS rel_l2=2.078e-16 rel_max=3.354e-16 (tol 1e-12) L=31 B=512
PASS map-2-step: rel_l2=4.137e-16 (tol 3.0e-14)
PASS rel_l2=2.078e-16 rel_max=3.354e-16 (tol 1e-12) L=31 B=512
PASS map-chain m=1200: rel_l2=2.559e-13 (anchor 6.136e-13, tol 3.0e-10)
PASS rel_l2=2.078e-16 rel_max=3.354e-16 (tol 1e-12) L=31 B=512
PASS map-2-step: rel_l2=4.137e-16 (tol 3.0e-14)
PASS rel_l2=2.078e-16 rel_max=3.354e-16 (tol 1e-12) L=31 B=512
PASS map-chain m=1200: rel_l2=2.559e-13 (anchor 6.136e-13, tol 3.0e-10)
PASS rel_l2=2.078e-16 rel_max=3.354e-16 (tol 1e-12) L=31 B=512
PASS map-2-step: rel_l2=4.137e-16 (tol 3.0e-14)
PASS rel_l2=2.308e-16 rel_max=3.354e-16 (tol 1e-12) L=31 B=512
PASS map-chain m=1200: rel_l2=3.872e-12 (anchor 6.136e-13, tol 3.0e-10)
PASS rel_l2=2.308e-16 rel_max=3.354e-16 (tol 1e-12) L=31 B=512
PASS map-2-step: rel_l2=4.827e-16 (tol 3.0e-14)
PASS rel_l2=3.780e-16 rel_max=4.036e-16 (tol 1e-12) L=32 B=1
PASS rel_l2=1.283e-16 rel_max=1.427e-16 (tol 1e-12) L=32 B=1
PASS rel_l2=1.178e-16 rel_max=1.128e-16 (tol 1e-12) L=32 B=1
PASS rel_l2=1.283e-16 rel_max=1.427e-16 (tol 1e-12) L=32 B=1
PASS rel_l2=1.283e-16 rel_max=1.427e-16 (tol 1e-12) L=32 B=1
PASS rel_l2=1.311e-16 rel_max=1.427e-16 (tol 1e-12) L=32 B=1
PASS rel_l2=1.311e-16 rel_max=1.427e-16 (tol 1e-12) L=32 B=1
PASS rel_l2=1.111e-16 rel_max=1.128e-16 (tol 1e-12) L=32 B=1
PASS rel_l2=1.531e-16 rel_max=1.261e-16 (tol 1e-12) L=32 B=1
PASS rel_l2=1.531e-16 rel_max=1.261e-16 (tol 1e-12) L=32 B=1
PASS rel_l2=1.496e-16 rel_max=1.261e-16 (tol 1e-12) L=32 B=1
PASS rel_l2=8.566e-17 rel_max=1.009e-16 (tol 1e-12) L=32 B=1
PASS rel_l2=3.368e-16 rel_max=4.252e-16 (tol 1e-12) L=32 B=512
PASS rel_l2=1.428e-16 rel_max=2.194e-16 (tol 1e-12) L=32 B=512
PASS rel_l2=1.425e-16 rel_max=2.194e-16 (tol 1e-12) L=32 B=512
PASS rel_l2=1.428e-16 rel_max=2.194e-16 (tol 1e-12) L=32 B=512
PASS rel_l2=1.428e-16 rel_max=2.194e-16 (tol 1e-12) L=32 B=512
PASS rel_l2=1.428e-16 rel_max=2.194e-16 (tol 1e-12) L=32 B=512
PASS rel_l2=1.441e-16 rel_max=2.194e-16 (tol 1e-12) L=32 B=512
PASS rel_l2=1.388e-16 rel_max=2.194e-16 (tol 1e-12) L=32 B=512
PASS rel_l2=1.388e-16 rel_max=2.194e-16 (tol 1e-12) L=32 B=512
PASS rel_l2=1.531e-16 rel_max=2.023e-16 (tol 1e-12) L=32 B=512
PASS rel_l2=1.531e-16 rel_max=2.023e-16 (tol 1e-12) L=32 B=512
PASS rel_l2=1.628e-16 rel_max=2.255e-16 (tol 1e-12) L=32 B=512
PASS rel_l2=1.351e-16 rel_max=2.194e-16 (tol 1e-12) L=32 B=512
PASS rel_l2=3.780e-16 rel_max=4.036e-16 (tol 1e-12) L=32 B=1
PASS map-chain m=100000: rel_l2=1.484e-14 (anchor 0.000e+00, tol 1.0e-10)
PASS rel_l2=3.780e-16 rel_max=4.036e-16 (tol 1e-12) L=32 B=1
PASS map-2-step: rel_l2=7.585e-16 (tol 3.0e-14)
PASS rel_l2=1.283e-16 rel_max=1.427e-16 (tol 1e-12) L=32 B=1
PASS map-chain m=100000: rel_l2=2.265e-15 (anchor 0.000e+00, tol 1.0e-10)
PASS rel_l2=1.283e-16 rel_max=1.427e-16 (tol 1e-12) L=32 B=1
PASS map-2-step: rel_l2=2.955e-16 (tol 3.0e-14)
PASS rel_l2=1.178e-16 rel_max=1.128e-16 (tol 1e-12) L=32 B=1
PASS map-chain m=100000: rel_l2=2.431e-15 (anchor 0.000e+00, tol 1.0e-10)
PASS rel_l2=1.178e-16 rel_max=1.128e-16 (tol 1e-12) L=32 B=1
PASS map-2-step: rel_l2=4.051e-16 (tol 3.0e-14)
PASS rel_l2=1.283e-16 rel_max=1.427e-16 (tol 1e-12) L=32 B=1
PASS map-chain m=100000: rel_l2=2.628e-15 (anchor 0.000e+00, tol 1.0e-10)
PASS rel_l2=1.283e-16 rel_max=1.427e-16 (tol 1e-12) L=32 B=1
PASS map-2-step: rel_l2=3.544e-16 (tol 3.0e-14)
PASS rel_l2=1.283e-16 rel_max=1.427e-16 (tol 1e-12) L=32 B=1
PASS map-chain m=100000: rel_l2=2.578e-15 (anchor 0.000e+00, tol 1.0e-10)
PASS rel_l2=1.283e-16 rel_max=1.427e-16 (tol 1e-12) L=32 B=1
PASS map-2-step: rel_l2=3.544e-16 (tol 3.0e-14)
PASS rel_l2=1.311e-16 rel_max=1.427e-16 (tol 1e-12) L=32 B=1
PASS map-chain m=100000: rel_l2=2.265e-15 (anchor 0.000e+00, tol 1.0e-10)
PASS rel_l2=1.311e-16 rel_max=1.427e-16 (tol 1e-12) L=32 B=1
PASS map-2-step: rel_l2=2.955e-16 (tol 3.0e-14)
PASS rel_l2=1.311e-16 rel_max=1.427e-16 (tol 1e-12) L=32 B=1
PASS map-chain m=100000: rel_l2=1.236e-15 (anchor 0.000e+00, tol 1.0e-10)
PASS rel_l2=1.311e-16 rel_max=1.427e-16 (tol 1e-12) L=32 B=1
PASS map-2-step: rel_l2=3.524e-16 (tol 3.0e-14)
PASS rel_l2=1.111e-16 rel_max=1.128e-16 (tol 1e-12) L=32 B=1
PASS map-chain m=100000: rel_l2=2.468e-15 (anchor 0.000e+00, tol 1.0e-10)
PASS rel_l2=1.111e-16 rel_max=1.128e-16 (tol 1e-12) L=32 B=1
PASS map-2-step: rel_l2=4.081e-16 (tol 3.0e-14)
PASS rel_l2=1.531e-16 rel_max=1.261e-16 (tol 1e-12) L=32 B=1
PASS map-chain m=100000: rel_l2=3.266e-15 (anchor 0.000e+00, tol 1.0e-10)
PASS rel_l2=1.531e-16 rel_max=1.261e-16 (tol 1e-12) L=32 B=1
PASS map-2-step: rel_l2=3.114e-16 (tol 3.0e-14)
PASS rel_l2=1.514e-16 rel_max=2.018e-16 (tol 1e-12) L=32 B=1
PASS map-chain m=100000: rel_l2=3.287e-15 (anchor 0.000e+00, tol 1.0e-10)
PASS rel_l2=1.514e-16 rel_max=2.018e-16 (tol 1e-12) L=32 B=1
PASS map-2-step: rel_l2=3.497e-16 (tol 3.0e-14)
PASS rel_l2=1.514e-16 rel_max=2.018e-16 (tol 1e-12) L=32 B=1
PASS map-chain m=100000: rel_l2=3.287e-15 (anchor 0.000e+00, tol 1.0e-10)
PASS rel_l2=1.514e-16 rel_max=2.018e-16 (tol 1e-12) L=32 B=1
PASS map-2-step: rel_l2=3.497e-16 (tol 3.0e-14)
PASS rel_l2=8.566e-17 rel_max=1.009e-16 (tol 1e-12) L=32 B=1
PASS map-chain m=100000: rel_l2=2.169e-15 (anchor 0.000e+00, tol 1.0e-10)
PASS rel_l2=8.566e-17 rel_max=1.009e-16 (tol 1e-12) L=32 B=1
PASS map-2-step: rel_l2=2.922e-16 (tol 3.0e-14)
PASS rel_l2=3.368e-16 rel_max=4.252e-16 (tol 1e-12) L=32 B=512
PASS map-chain m=1000: rel_l2=1.394e-11 (anchor 0.000e+00, tol 1.0e-10)
PASS rel_l2=3.368e-16 rel_max=4.252e-16 (tol 1e-12) L=32 B=512
PASS map-2-step: rel_l2=6.200e-16 (tol 3.0e-14)
PASS rel_l2=1.428e-16 rel_max=2.194e-16 (tol 1e-12) L=32 B=512
PASS map-chain m=1000: rel_l2=6.537e-12 (anchor 0.000e+00, tol 1.0e-10)
PASS rel_l2=1.428e-16 rel_max=2.194e-16 (tol 1e-12) L=32 B=512
PASS map-2-step: rel_l2=3.258e-16 (tol 3.0e-14)
PASS rel_l2=1.425e-16 rel_max=2.194e-16 (tol 1e-12) L=32 B=512
PASS map-chain m=1000: rel_l2=1.036e-11 (anchor 0.000e+00, tol 1.0e-10)
PASS rel_l2=1.425e-16 rel_max=2.194e-16 (tol 1e-12) L=32 B=512
PASS map-2-step: rel_l2=3.315e-16 (tol 3.0e-14)
PASS rel_l2=1.428e-16 rel_max=2.194e-16 (tol 1e-12) L=32 B=512
PASS map-chain m=1000: rel_l2=1.073e-11 (anchor 0.000e+00, tol 1.0e-10)
PASS rel_l2=1.428e-16 rel_max=2.194e-16 (tol 1e-12) L=32 B=512
PASS map-2-step: rel_l2=3.348e-16 (tol 3.0e-14)
PASS rel_l2=1.428e-16 rel_max=2.194e-16 (tol 1e-12) L=32 B=512
PASS map-chain m=1000: rel_l2=1.167e-11 (anchor 0.000e+00, tol 1.0e-10)
PASS rel_l2=1.428e-16 rel_max=2.194e-16 (tol 1e-12) L=32 B=512
PASS map-2-step: rel_l2=3.538e-16 (tol 3.0e-14)
PASS rel_l2=1.428e-16 rel_max=2.194e-16 (tol 1e-12) L=32 B=512
PASS map-chain m=1000: rel_l2=6.537e-12 (anchor 0.000e+00, tol 1.0e-10)
PASS rel_l2=1.428e-16 rel_max=2.194e-16 (tol 1e-12) L=32 B=512
PASS map-2-step: rel_l2=3.258e-16 (tol 3.0e-14)
PASS rel_l2=1.441e-16 rel_max=2.194e-16 (tol 1e-12) L=32 B=512
PASS map-chain m=1000: rel_l2=2.800e-12 (anchor 0.000e+00, tol 1.0e-10)
PASS rel_l2=1.441e-16 rel_max=2.194e-16 (tol 1e-12) L=32 B=512
PASS map-2-step: rel_l2=3.702e-16 (tol 3.0e-14)
PASS rel_l2=1.388e-16 rel_max=2.194e-16 (tol 1e-12) L=32 B=512
PASS map-chain m=1000: rel_l2=7.196e-12 (anchor 0.000e+00, tol 1.0e-10)
PASS rel_l2=1.388e-16 rel_max=2.194e-16 (tol 1e-12) L=32 B=512
PASS map-2-step: rel_l2=3.307e-16 (tol 3.0e-14)
PASS rel_l2=1.388e-16 rel_max=2.194e-16 (tol 1e-12) L=32 B=512
PASS map-chain m=1000: rel_l2=7.196e-12 (anchor 0.000e+00, tol 1.0e-10)
PASS rel_l2=1.388e-16 rel_max=2.194e-16 (tol 1e-12) L=32 B=512
PASS map-2-step: rel_l2=3.307e-16 (tol 3.0e-14)
PASS rel_l2=1.531e-16 rel_max=2.023e-16 (tol 1e-12) L=32 B=512
PASS map-chain m=1000: rel_l2=7.319e-12 (anchor 0.000e+00, tol 1.0e-10)
PASS rel_l2=1.531e-16 rel_max=2.023e-16 (tol 1e-12) L=32 B=512
PASS map-2-step: rel_l2=3.467e-16 (tol 3.0e-14)
PASS rel_l2=1.531e-16 rel_max=2.023e-16 (tol 1e-12) L=32 B=512
PASS map-chain m=1000: rel_l2=7.319e-12 (anchor 0.000e+00, tol 1.0e-10)
PASS rel_l2=1.531e-16 rel_max=2.023e-16 (tol 1e-12) L=32 B=512
PASS map-2-step: rel_l2=3.467e-16 (tol 3.0e-14)
PASS rel_l2=1.628e-16 rel_max=2.255e-16 (tol 1e-12) L=32 B=512
PASS map-chain m=1000: rel_l2=9.204e-12 (anchor 0.000e+00, tol 1.0e-10)
PASS rel_l2=1.628e-16 rel_max=2.255e-16 (tol 1e-12) L=32 B=512
PASS map-2-step: rel_l2=3.641e-16 (tol 3.0e-14)
PASS rel_l2=1.351e-16 rel_max=2.194e-16 (tol 1e-12) L=32 B=512
PASS map-chain m=1000: rel_l2=7.250e-12 (anchor 0.000e+00, tol 1.0e-10)
PASS rel_l2=1.351e-16 rel_max=2.194e-16 (tol 1e-12) L=32 B=512
PASS map-2-step: rel_l2=3.229e-16 (tol 3.0e-14)
PASS rel_l2=4.605e-16 rel_max=6.337e-16 (tol 1e-12) L=60 B=1
PASS rel_l2=2.288e-16 rel_max=2.390e-16 (tol 1e-12) L=60 B=1
PASS rel_l2=1.913e-16 rel_max=1.965e-16 (tol 1e-12) L=60 B=1
PASS rel_l2=1.929e-16 rel_max=1.757e-16 (tol 1e-12) L=60 B=1
PASS rel_l2=1.913e-16 rel_max=1.965e-16 (tol 1e-12) L=60 B=1
PASS rel_l2=1.929e-16 rel_max=1.757e-16 (tol 1e-12) L=60 B=1
PASS rel_l2=1.761e-16 rel_max=1.620e-16 (tol 1e-12) L=60 B=1
PASS rel_l2=2.242e-16 rel_max=2.358e-16 (tol 1e-12) L=60 B=1
PASS rel_l2=2.038e-16 rel_max=2.223e-16 (tol 1e-12) L=60 B=1
PASS rel_l2=2.101e-16 rel_max=2.155e-16 (tol 1e-12) L=60 B=1
PASS rel_l2=1.877e-16 rel_max=1.757e-16 (tol 1e-12) L=60 B=1
PASS rel_l2=2.409e-16 rel_max=2.125e-16 (tol 1e-12) L=60 B=1
PASS rel_l2=4.173e-16 rel_max=5.462e-16 (tol 1e-12) L=60 B=512
PASS rel_l2=2.227e-16 rel_max=2.759e-16 (tol 1e-12) L=60 B=512
PASS rel_l2=1.750e-16 rel_max=2.904e-16 (tol 1e-12) L=60 B=512
PASS rel_l2=2.150e-16 rel_max=2.722e-16 (tol 1e-12) L=60 B=512
PASS rel_l2=1.750e-16 rel_max=2.904e-16 (tol 1e-12) L=60 B=512
PASS rel_l2=2.150e-16 rel_max=2.722e-16 (tol 1e-12) L=60 B=512
PASS rel_l2=1.743e-16 rel_max=2.721e-16 (tol 1e-12) L=60 B=512
PASS rel_l2=2.252e-16 rel_max=2.759e-16 (tol 1e-12) L=60 B=512
PASS rel_l2=2.252e-16 rel_max=2.759e-16 (tol 1e-12) L=60 B=512
PASS rel_l2=2.321e-16 rel_max=3.043e-16 (tol 1e-12) L=60 B=512
PASS rel_l2=2.271e-16 rel_max=2.566e-16 (tol 1e-12) L=60 B=512
PASS rel_l2=1.998e-16 rel_max=2.805e-16 (tol 1e-12) L=60 B=512
PASS rel_l2=2.541e-16 rel_max=2.869e-16 (tol 1e-12) L=60 B=512
PASS rel_l2=4.605e-16 rel_max=6.337e-16 (tol 1e-12) L=60 B=1
PASS map-chain m=60000: rel_l2=2.422e-14 (anchor 4.723e-16, tol 1.0e-10)
PASS rel_l2=4.605e-16 rel_max=6.337e-16 (tol 1e-12) L=60 B=1
PASS map-2-step: rel_l2=9.783e-16 (tol 3.0e-14)
PASS rel_l2=2.288e-16 rel_max=2.390e-16 (tol 1e-12) L=60 B=1
PASS map-chain m=60000: rel_l2=1.748e-15 (anchor 4.723e-16, tol 1.0e-10)
PASS rel_l2=2.288e-16 rel_max=2.390e-16 (tol 1e-12) L=60 B=1
PASS map-2-step: rel_l2=4.339e-16 (tol 3.0e-14)
PASS rel_l2=1.913e-16 rel_max=1.965e-16 (tol 1e-12) L=60 B=1
PASS map-chain m=60000: rel_l2=1.726e-15 (anchor 4.723e-16, tol 1.0e-10)
PASS rel_l2=1.913e-16 rel_max=1.965e-16 (tol 1e-12) L=60 B=1
PASS map-2-step: rel_l2=3.091e-16 (tol 3.0e-14)
PASS rel_l2=1.929e-16 rel_max=1.757e-16 (tol 1e-12) L=60 B=1
PASS map-chain m=60000: rel_l2=4.009e-15 (anchor 4.723e-16, tol 1.0e-10)
PASS rel_l2=1.929e-16 rel_max=1.757e-16 (tol 1e-12) L=60 B=1
PASS map-2-step: rel_l2=3.958e-16 (tol 3.0e-14)
PASS rel_l2=1.913e-16 rel_max=1.965e-16 (tol 1e-12) L=60 B=1
PASS map-chain m=60000: rel_l2=1.195e-15 (anchor 4.723e-16, tol 1.0e-10)
PASS rel_l2=1.913e-16 rel_max=1.965e-16 (tol 1e-12) L=60 B=1
PASS map-2-step: rel_l2=3.132e-16 (tol 3.0e-14)
PASS rel_l2=1.929e-16 rel_max=1.757e-16 (tol 1e-12) L=60 B=1
PASS map-chain m=60000: rel_l2=4.009e-15 (anchor 4.723e-16, tol 1.0e-10)
PASS rel_l2=1.929e-16 rel_max=1.757e-16 (tol 1e-12) L=60 B=1
PASS map-2-step: rel_l2=3.958e-16 (tol 3.0e-14)
PASS rel_l2=1.761e-16 rel_max=1.620e-16 (tol 1e-12) L=60 B=1
PASS map-chain m=60000: rel_l2=1.870e-15 (anchor 4.723e-16, tol 1.0e-10)
PASS rel_l2=1.761e-16 rel_max=1.620e-16 (tol 1e-12) L=60 B=1
PASS map-2-step: rel_l2=4.214e-16 (tol 3.0e-14)
PASS rel_l2=2.242e-16 rel_max=2.358e-16 (tol 1e-12) L=60 B=1
PASS map-chain m=60000: rel_l2=2.781e-15 (anchor 4.723e-16, tol 1.0e-10)
PASS rel_l2=2.242e-16 rel_max=2.358e-16 (tol 1e-12) L=60 B=1
PASS map-2-step: rel_l2=4.454e-16 (tol 3.0e-14)
PASS rel_l2=2.038e-16 rel_max=2.223e-16 (tol 1e-12) L=60 B=1
PASS map-chain m=60000: rel_l2=2.821e-15 (anchor 4.723e-16, tol 1.0e-10)
PASS rel_l2=2.038e-16 rel_max=2.223e-16 (tol 1e-12) L=60 B=1
PASS map-2-step: rel_l2=3.945e-16 (tol 3.0e-14)
PASS rel_l2=1.877e-16 rel_max=1.757e-16 (tol 1e-12) L=60 B=1
PASS map-chain m=60000: rel_l2=2.382e-15 (anchor 4.723e-16, tol 1.0e-10)
PASS rel_l2=1.877e-16 rel_max=1.757e-16 (tol 1e-12) L=60 B=1
PASS map-2-step: rel_l2=4.295e-16 (tol 3.0e-14)
PASS rel_l2=1.877e-16 rel_max=1.757e-16 (tol 1e-12) L=60 B=1
PASS map-chain m=60000: rel_l2=2.382e-15 (anchor 4.723e-16, tol 1.0e-10)
PASS rel_l2=1.877e-16 rel_max=1.757e-16 (tol 1e-12) L=60 B=1
PASS map-2-step: rel_l2=4.295e-16 (tol 3.0e-14)
PASS rel_l2=2.409e-16 rel_max=2.125e-16 (tol 1e-12) L=60 B=1
PASS map-chain m=60000: rel_l2=2.465e-15 (anchor 4.723e-16, tol 1.0e-10)
PASS rel_l2=2.409e-16 rel_max=2.125e-16 (tol 1e-12) L=60 B=1
PASS map-2-step: rel_l2=4.334e-16 (tol 3.0e-14)
PASS rel_l2=4.173e-16 rel_max=5.462e-16 (tol 1e-12) L=60 B=512
PASS map-chain m=600: rel_l2=7.215e-13 (anchor 5.806e-14, tol 1.0e-10)
PASS rel_l2=4.173e-16 rel_max=5.462e-16 (tol 1e-12) L=60 B=512
PASS map-2-step: rel_l2=8.371e-16 (tol 3.0e-14)
PASS rel_l2=2.227e-16 rel_max=2.759e-16 (tol 1e-12) L=60 B=512
PASS map-chain m=600: rel_l2=2.474e-13 (anchor 5.806e-14, tol 1.0e-10)
PASS rel_l2=2.227e-16 rel_max=2.759e-16 (tol 1e-12) L=60 B=512
PASS map-2-step: rel_l2=4.988e-16 (tol 3.0e-14)
PASS rel_l2=1.750e-16 rel_max=2.904e-16 (tol 1e-12) L=60 B=512
PASS map-chain m=600: rel_l2=2.131e-13 (anchor 5.806e-14, tol 1.0e-10)
PASS rel_l2=1.750e-16 rel_max=2.904e-16 (tol 1e-12) L=60 B=512
PASS map-2-step: rel_l2=4.212e-16 (tol 3.0e-14)
PASS rel_l2=2.150e-16 rel_max=2.722e-16 (tol 1e-12) L=60 B=512
PASS map-chain m=600: rel_l2=2.200e-13 (anchor 5.806e-14, tol 1.0e-10)
PASS rel_l2=2.150e-16 rel_max=2.722e-16 (tol 1e-12) L=60 B=512
PASS map-2-step: rel_l2=5.109e-16 (tol 3.0e-14)
PASS rel_l2=1.750e-16 rel_max=2.904e-16 (tol 1e-12) L=60 B=512
PASS map-chain m=600: rel_l2=2.108e-13 (anchor 5.806e-14, tol 1.0e-10)
PASS rel_l2=1.750e-16 rel_max=2.904e-16 (tol 1e-12) L=60 B=512
PASS map-2-step: rel_l2=4.247e-16 (tol 3.0e-14)
PASS rel_l2=2.150e-16 rel_max=2.722e-16 (tol 1e-12) L=60 B=512
PASS map-chain m=600: rel_l2=2.200e-13 (anchor 5.806e-14, tol 1.0e-10)
PASS rel_l2=2.150e-16 rel_max=2.722e-16 (tol 1e-12) L=60 B=512
PASS map-2-step: rel_l2=5.109e-16 (tol 3.0e-14)
PASS rel_l2=1.743e-16 rel_max=2.721e-16 (tol 1e-12) L=60 B=512
PASS map-chain m=600: rel_l2=1.939e-13 (anchor 5.806e-14, tol 1.0e-10)
PASS rel_l2=1.743e-16 rel_max=2.721e-16 (tol 1e-12) L=60 B=512
PASS map-2-step: rel_l2=4.610e-16 (tol 3.0e-14)
PASS rel_l2=2.252e-16 rel_max=2.759e-16 (tol 1e-12) L=60 B=512
PASS map-chain m=600: rel_l2=2.125e-13 (anchor 5.806e-14, tol 1.0e-10)
PASS rel_l2=2.252e-16 rel_max=2.759e-16 (tol 1e-12) L=60 B=512
PASS map-2-step: rel_l2=4.930e-16 (tol 3.0e-14)
PASS rel_l2=2.252e-16 rel_max=2.759e-16 (tol 1e-12) L=60 B=512
PASS map-chain m=600: rel_l2=2.125e-13 (anchor 5.806e-14, tol 1.0e-10)
PASS rel_l2=2.252e-16 rel_max=2.759e-16 (tol 1e-12) L=60 B=512
PASS map-2-step: rel_l2=4.930e-16 (tol 3.0e-14)
PASS rel_l2=2.321e-16 rel_max=3.043e-16 (tol 1e-12) L=60 B=512
PASS map-chain m=600: rel_l2=2.982e-13 (anchor 5.806e-14, tol 1.0e-10)
PASS rel_l2=2.321e-16 rel_max=3.043e-16 (tol 1e-12) L=60 B=512
PASS map-2-step: rel_l2=5.015e-16 (tol 3.0e-14)
PASS rel_l2=1.998e-16 rel_max=2.805e-16 (tol 1e-12) L=60 B=512
PASS map-chain m=600: rel_l2=2.376e-13 (anchor 5.806e-14, tol 1.0e-10)
PASS rel_l2=1.998e-16 rel_max=2.805e-16 (tol 1e-12) L=60 B=512
PASS map-2-step: rel_l2=4.688e-16 (tol 3.0e-14)
PASS rel_l2=1.998e-16 rel_max=2.805e-16 (tol 1e-12) L=60 B=512
PASS map-chain m=600: rel_l2=2.376e-13 (anchor 5.806e-14, tol 1.0e-10)
PASS rel_l2=1.998e-16 rel_max=2.805e-16 (tol 1e-12) L=60 B=512
PASS map-2-step: rel_l2=4.688e-16 (tol 3.0e-14)
PASS rel_l2=2.541e-16 rel_max=2.869e-16 (tol 1e-12) L=60 B=512
PASS map-chain m=600: rel_l2=3.097e-13 (anchor 5.806e-14, tol 1.0e-10)
PASS rel_l2=2.541e-16 rel_max=2.869e-16 (tol 1e-12) L=60 B=512
PASS map-2-step: rel_l2=5.482e-16 (tol 3.0e-14)
PASS rel_l2=3.771e-16 rel_max=4.817e-16 (tol 1e-12) L=64 B=1
PASS rel_l2=1.555e-16 rel_max=1.654e-16 (tol 1e-12) L=64 B=1
PASS rel_l2=1.530e-16 rel_max=1.758e-16 (tol 1e-12) L=64 B=1
PASS rel_l2=1.425e-16 rel_max=1.654e-16 (tol 1e-12) L=64 B=1
PASS rel_l2=1.425e-16 rel_max=1.654e-16 (tol 1e-12) L=64 B=1
PASS rel_l2=1.498e-16 rel_max=1.654e-16 (tol 1e-12) L=64 B=1
PASS rel_l2=1.498e-16 rel_max=1.654e-16 (tol 1e-12) L=64 B=1
PASS rel_l2=1.738e-16 rel_max=2.646e-16 (tol 1e-12) L=64 B=1
PASS rel_l2=2.182e-16 rel_max=2.826e-16 (tol 1e-12) L=64 B=1
PASS rel_l2=1.747e-16 rel_max=2.959e-16 (tol 1e-12) L=64 B=1
PASS rel_l2=1.647e-16 rel_max=2.826e-16 (tol 1e-12) L=64 B=1
PASS rel_l2=1.369e-16 rel_max=1.871e-16 (tol 1e-12) L=64 B=1
PASS rel_l2=4.050e-16 rel_max=6.824e-16 (tol 1e-12) L=64 B=512
PASS rel_l2=1.451e-16 rel_max=2.877e-16 (tol 1e-12) L=64 B=512
PASS rel_l2=1.754e-16 rel_max=2.887e-16 (tol 1e-12) L=64 B=512
PASS rel_l2=1.759e-16 rel_max=2.887e-16 (tol 1e-12) L=64 B=512
PASS rel_l2=1.759e-16 rel_max=2.887e-16 (tol 1e-12) L=64 B=512
PASS rel_l2=1.759e-16 rel_max=2.887e-16 (tol 1e-12) L=64 B=512
PASS rel_l2=1.812e-16 rel_max=3.033e-16 (tol 1e-12) L=64 B=512
PASS rel_l2=1.766e-16 rel_max=2.712e-16 (tol 1e-12) L=64 B=512
PASS rel_l2=1.766e-16 rel_max=2.712e-16 (tol 1e-12) L=64 B=512
PASS rel_l2=1.839e-16 rel_max=2.877e-16 (tol 1e-12) L=64 B=512
PASS rel_l2=1.665e-16 rel_max=2.397e-16 (tol 1e-12) L=64 B=512
PASS rel_l2=1.872e-16 rel_max=2.877e-16 (tol 1e-12) L=64 B=512
PASS rel_l2=1.735e-16 rel_max=2.877e-16 (tol 1e-12) L=64 B=512
PASS rel_l2=3.771e-16 rel_max=4.817e-16 (tol 1e-12) L=64 B=1
PASS map-chain m=60000: rel_l2=2.143e-14 (anchor 0.000e+00, tol 1.0e-10)
PASS rel_l2=3.771e-16 rel_max=4.817e-16 (tol 1e-12) L=64 B=1
PASS map-2-step: rel_l2=5.000e-16 (tol 3.0e-14)
PASS rel_l2=1.555e-16 rel_max=1.654e-16 (tol 1e-12) L=64 B=1
PASS map-chain m=60000: rel_l2=1.191e-15 (anchor 0.000e+00, tol 1.0e-10)
PASS rel_l2=1.555e-16 rel_max=1.654e-16 (tol 1e-12) L=64 B=1
PASS map-2-step: rel_l2=2.921e-16 (tol 3.0e-14)
PASS rel_l2=1.530e-16 rel_max=1.758e-16 (tol 1e-12) L=64 B=1
PASS map-chain m=60000: rel_l2=1.395e-15 (anchor 0.000e+00, tol 1.0e-10)
PASS rel_l2=1.530e-16 rel_max=1.758e-16 (tol 1e-12) L=64 B=1
PASS map-2-step: rel_l2=2.882e-16 (tol 3.0e-14)
PASS rel_l2=1.425e-16 rel_max=1.654e-16 (tol 1e-12) L=64 B=1
PASS map-chain m=60000: rel_l2=1.457e-15 (anchor 0.000e+00, tol 1.0e-10)
PASS rel_l2=1.425e-16 rel_max=1.654e-16 (tol 1e-12) L=64 B=1
PASS map-2-step: rel_l2=3.024e-16 (tol 3.0e-14)
PASS rel_l2=1.425e-16 rel_max=1.654e-16 (tol 1e-12) L=64 B=1
PASS map-chain m=60000: rel_l2=1.433e-15 (anchor 0.000e+00, tol 1.0e-10)
PASS rel_l2=1.425e-16 rel_max=1.654e-16 (tol 1e-12) L=64 B=1
PASS map-2-step: rel_l2=3.258e-16 (tol 3.0e-14)
PASS rel_l2=1.498e-16 rel_max=1.654e-16 (tol 1e-12) L=64 B=1
PASS map-chain m=60000: rel_l2=1.191e-15 (anchor 0.000e+00, tol 1.0e-10)
PASS rel_l2=1.498e-16 rel_max=1.654e-16 (tol 1e-12) L=64 B=1
PASS map-2-step: rel_l2=2.921e-16 (tol 3.0e-14)
PASS rel_l2=1.498e-16 rel_max=1.654e-16 (tol 1e-12) L=64 B=1
PASS map-chain m=60000: rel_l2=2.296e-15 (anchor 0.000e+00, tol 1.0e-10)
PASS rel_l2=1.498e-16 rel_max=1.654e-16 (tol 1e-12) L=64 B=1
PASS map-2-step: rel_l2=4.151e-16 (tol 3.0e-14)
PASS rel_l2=1.738e-16 rel_max=2.646e-16 (tol 1e-12) L=64 B=1
PASS map-chain m=60000: rel_l2=1.620e-15 (anchor 0.000e+00, tol 1.0e-10)
PASS rel_l2=1.738e-16 rel_max=2.646e-16 (tol 1e-12) L=64 B=1
PASS map-2-step: rel_l2=3.214e-16 (tol 3.0e-14)
PASS rel_l2=2.182e-16 rel_max=2.826e-16 (tol 1e-12) L=64 B=1
PASS map-chain m=60000: rel_l2=2.589e-15 (anchor 0.000e+00, tol 1.0e-10)
PASS rel_l2=2.182e-16 rel_max=2.826e-16 (tol 1e-12) L=64 B=1
PASS map-2-step: rel_l2=3.031e-16 (tol 3.0e-14)
PASS rel_l2=1.522e-16 rel_max=1.560e-16 (tol 1e-12) L=64 B=1
PASS map-chain m=60000: rel_l2=2.074e-15 (anchor 0.000e+00, tol 1.0e-10)
PASS rel_l2=1.647e-16 rel_max=2.826e-16 (tol 1e-12) L=64 B=1
PASS map-2-step: rel_l2=2.483e-16 (tol 3.0e-14)
PASS rel_l2=1.647e-16 rel_max=2.826e-16 (tol 1e-12) L=64 B=1
PASS map-chain m=60000: rel_l2=1.885e-15 (anchor 0.000e+00, tol 1.0e-10)
PASS rel_l2=1.747e-16 rel_max=2.959e-16 (tol 1e-12) L=64 B=1
PASS map-2-step: rel_l2=2.900e-16 (tol 3.0e-14)
PASS rel_l2=1.369e-16 rel_max=1.871e-16 (tol 1e-12) L=64 B=1
PASS map-chain m=60000: rel_l2=1.732e-15 (anchor 0.000e+00, tol 1.0e-10)
PASS rel_l2=1.369e-16 rel_max=1.871e-16 (tol 1e-12) L=64 B=1
PASS map-2-step: rel_l2=2.698e-16 (tol 3.0e-14)
PASS rel_l2=4.050e-16 rel_max=6.824e-16 (tol 1e-12) L=64 B=512
PASS map-chain m=500: rel_l2=1.166e-12 (anchor 0.000e+00, tol 1.0e-10)
PASS rel_l2=4.050e-16 rel_max=6.824e-16 (tol 1e-12) L=64 B=512
PASS map-2-step: rel_l2=7.511e-16 (tol 3.0e-14)
PASS rel_l2=1.451e-16 rel_max=2.877e-16 (tol 1e-12) L=64 B=512
PASS map-chain m=500: rel_l2=4.439e-13 (anchor 0.000e+00, tol 1.0e-10)
PASS rel_l2=1.451e-16 rel_max=2.877e-16 (tol 1e-12) L=64 B=512
PASS map-2-step: rel_l2=3.973e-16 (tol 3.0e-14)
PASS rel_l2=1.754e-16 rel_max=2.887e-16 (tol 1e-12) L=64 B=512
PASS map-chain m=500: rel_l2=7.936e-13 (anchor 0.000e+00, tol 1.0e-10)
PASS rel_l2=1.754e-16 rel_max=2.887e-16 (tol 1e-12) L=64 B=512
PASS map-2-step: rel_l2=4.165e-16 (tol 3.0e-14)
PASS rel_l2=1.759e-16 rel_max=2.887e-16 (tol 1e-12) L=64 B=512
PASS map-chain m=500: rel_l2=1.302e-12 (anchor 0.000e+00, tol 1.0e-10)
PASS rel_l2=1.759e-16 rel_max=2.887e-16 (tol 1e-12) L=64 B=512
PASS map-2-step: rel_l2=4.382e-16 (tol 3.0e-14)
PASS rel_l2=1.759e-16 rel_max=2.887e-16 (tol 1e-12) L=64 B=512
PASS map-chain m=500: rel_l2=1.353e-12 (anchor 0.000e+00, tol 1.0e-10)
PASS rel_l2=1.759e-16 rel_max=2.887e-16 (tol 1e-12) L=64 B=512
PASS map-2-step: rel_l2=4.389e-16 (tol 3.0e-14)
PASS rel_l2=1.759e-16 rel_max=2.887e-16 (tol 1e-12) L=64 B=512
PASS map-chain m=500: rel_l2=4.439e-13 (anchor 0.000e+00, tol 1.0e-10)
PASS rel_l2=1.759e-16 rel_max=2.887e-16 (tol 1e-12) L=64 B=512
PASS map-2-step: rel_l2=3.973e-16 (tol 3.0e-14)
PASS rel_l2=1.812e-16 rel_max=3.033e-16 (tol 1e-12) L=64 B=512
PASS map-chain m=500: rel_l2=1.300e-12 (anchor 0.000e+00, tol 1.0e-10)
PASS rel_l2=1.812e-16 rel_max=3.033e-16 (tol 1e-12) L=64 B=512
PASS map-2-step: rel_l2=4.611e-16 (tol 3.0e-14)
PASS rel_l2=1.766e-16 rel_max=2.712e-16 (tol 1e-12) L=64 B=512
PASS map-chain m=500: rel_l2=9.025e-13 (anchor 0.000e+00, tol 1.0e-10)
PASS rel_l2=1.766e-16 rel_max=2.712e-16 (tol 1e-12) L=64 B=512
PASS map-2-step: rel_l2=4.198e-16 (tol 3.0e-14)
PASS rel_l2=1.766e-16 rel_max=2.712e-16 (tol 1e-12) L=64 B=512
PASS map-chain m=500: rel_l2=9.025e-13 (anchor 0.000e+00, tol 1.0e-10)
PASS rel_l2=1.766e-16 rel_max=2.712e-16 (tol 1e-12) L=64 B=512
PASS map-2-step: rel_l2=4.198e-16 (tol 3.0e-14)
PASS rel_l2=1.839e-16 rel_max=2.877e-16 (tol 1e-12) L=64 B=512
PASS map-chain m=500: rel_l2=8.292e-13 (anchor 0.000e+00, tol 1.0e-10)
PASS rel_l2=1.839e-16 rel_max=2.877e-16 (tol 1e-12) L=64 B=512
PASS map-2-step: rel_l2=4.365e-16 (tol 3.0e-14)
PASS rel_l2=1.839e-16 rel_max=2.877e-16 (tol 1e-12) L=64 B=512
PASS map-chain m=500: rel_l2=8.292e-13 (anchor 0.000e+00, tol 1.0e-10)
PASS rel_l2=1.839e-16 rel_max=2.877e-16 (tol 1e-12) L=64 B=512
PASS map-2-step: rel_l2=4.365e-16 (tol 3.0e-14)
PASS rel_l2=1.839e-16 rel_max=2.877e-16 (tol 1e-12) L=64 B=512
PASS map-chain m=500: rel_l2=8.292e-13 (anchor 0.000e+00, tol 1.0e-10)
PASS rel_l2=1.839e-16 rel_max=2.877e-16 (tol 1e-12) L=64 B=512
PASS map-2-step: rel_l2=4.365e-16 (tol 3.0e-14)
PASS rel_l2=1.735e-16 rel_max=2.877e-16 (tol 1e-12) L=64 B=512
PASS map-chain m=500: rel_l2=5.537e-13 (anchor 0.000e+00, tol 1.0e-10)
PASS rel_l2=1.735e-16 rel_max=2.877e-16 (tol 1e-12) L=64 B=512
PASS map-2-step: rel_l2=4.144e-16 (tol 3.0e-14)
PASS rel_l2=5.118e-16 rel_max=7.559e-16 (tol 1e-12) L=128 B=1
PASS rel_l2=1.978e-16 rel_max=2.521e-16 (tol 1e-12) L=128 B=1
PASS rel_l2=2.048e-16 rel_max=2.521e-16 (tol 1e-12) L=128 B=1
PASS rel_l2=2.009e-16 rel_max=2.390e-16 (tol 1e-12) L=128 B=1
PASS rel_l2=2.055e-16 rel_max=2.390e-16 (tol 1e-12) L=128 B=1
PASS rel_l2=1.978e-16 rel_max=2.521e-16 (tol 1e-12) L=128 B=1
PASS rel_l2=1.962e-16 rel_max=2.390e-16 (tol 1e-12) L=128 B=1
PASS rel_l2=2.154e-16 rel_max=2.390e-16 (tol 1e-12) L=128 B=1
PASS rel_l2=2.094e-16 rel_max=3.024e-16 (tol 1e-12) L=128 B=1
PASS rel_l2=2.173e-16 rel_max=3.024e-16 (tol 1e-12) L=128 B=1
PASS rel_l2=2.173e-16 rel_max=3.024e-16 (tol 1e-12) L=128 B=1
PASS rel_l2=2.173e-16 rel_max=3.024e-16 (tol 1e-12) L=128 B=1
PASS rel_l2=2.047e-16 rel_max=3.206e-16 (tol 1e-12) L=128 B=512
PASS rel_l2=2.164e-16 rel_max=2.867e-16 (tol 1e-12) L=128 B=512
PASS rel_l2=2.160e-16 rel_max=2.867e-16 (tol 1e-12) L=128 B=512
PASS rel_l2=2.174e-16 rel_max=2.867e-16 (tol 1e-12) L=128 B=512
PASS rel_l2=2.174e-16 rel_max=2.867e-16 (tol 1e-12) L=128 B=512
PASS rel_l2=2.075e-16 rel_max=2.867e-16 (tol 1e-12) L=128 B=512
PASS rel_l2=2.119e-16 rel_max=3.222e-16 (tol 1e-12) L=128 B=512
PASS rel_l2=2.119e-16 rel_max=3.222e-16 (tol 1e-12) L=128 B=512
PASS rel_l2=2.138e-16 rel_max=2.643e-16 (tol 1e-12) L=128 B=512
PASS rel_l2=2.181e-16 rel_max=2.687e-16 (tol 1e-12) L=128 B=512
PASS rel_l2=2.181e-16 rel_max=2.687e-16 (tol 1e-12) L=128 B=512
PASS rel_l2=2.118e-16 rel_max=2.867e-16 (tol 1e-12) L=128 B=512
PASS rel_l2=5.118e-16 rel_max=7.559e-16 (tol 1e-12) L=128 B=1
PASS map-chain m=30000: rel_l2=4.698e-13 (anchor 0.000e+00, tol 1.0e-10)
PASS rel_l2=5.118e-16 rel_max=7.559e-16 (tol 1e-12) L=128 B=1
PASS map-2-step: rel_l2=8.131e-16 (tol 3.0e-14)
PASS rel_l2=1.978e-16 rel_max=2.521e-16 (tol 1e-12) L=128 B=1
PASS map-chain m=30000: rel_l2=4.140e-13 (anchor 0.000e+00, tol 1.0e-10)
PASS rel_l2=1.978e-16 rel_max=2.521e-16 (tol 1e-12) L=128 B=1
PASS map-2-step: rel_l2=4.024e-16 (tol 3.0e-14)
PASS rel_l2=2.048e-16 rel_max=2.521e-16 (tol 1e-12) L=128 B=1
PASS map-chain m=30000: rel_l2=1.534e-13 (anchor 0.000e+00, tol 1.0e-10)
PASS rel_l2=2.048e-16 rel_max=2.521e-16 (tol 1e-12) L=128 B=1
PASS map-2-step: rel_l2=3.751e-16 (tol 3.0e-14)
PASS rel_l2=2.009e-16 rel_max=2.390e-16 (tol 1e-12) L=128 B=1
PASS map-chain m=30000: rel_l2=2.134e-13 (anchor 0.000e+00, tol 1.0e-10)
PASS rel_l2=2.009e-16 rel_max=2.390e-16 (tol 1e-12) L=128 B=1
PASS map-2-step: rel_l2=3.725e-16 (tol 3.0e-14)
PASS rel_l2=2.055e-16 rel_max=2.390e-16 (tol 1e-12) L=128 B=1
PASS map-chain m=30000: rel_l2=2.152e-13 (anchor 0.000e+00, tol 1.0e-10)
PASS rel_l2=2.055e-16 rel_max=2.390e-16 (tol 1e-12) L=128 B=1
PASS map-2-step: rel_l2=4.612e-16 (tol 3.0e-14)
PASS rel_l2=1.978e-16 rel_max=2.521e-16 (tol 1e-12) L=128 B=1
PASS map-chain m=30000: rel_l2=4.140e-13 (anchor 0.000e+00, tol 1.0e-10)
PASS rel_l2=1.978e-16 rel_max=2.521e-16 (tol 1e-12) L=128 B=1
PASS map-2-step: rel_l2=4.024e-16 (tol 3.0e-14)
PASS rel_l2=1.962e-16 rel_max=2.390e-16 (tol 1e-12) L=128 B=1
PASS map-chain m=30000: rel_l2=1.085e-13 (anchor 0.000e+00, tol 1.0e-10)
PASS rel_l2=1.962e-16 rel_max=2.390e-16 (tol 1e-12) L=128 B=1
PASS map-2-step: rel_l2=3.934e-16 (tol 3.0e-14)
PASS rel_l2=2.154e-16 rel_max=2.390e-16 (tol 1e-12) L=128 B=1
PASS map-chain m=30000: rel_l2=2.581e-13 (anchor 0.000e+00, tol 1.0e-10)
PASS rel_l2=2.154e-16 rel_max=2.390e-16 (tol 1e-12) L=128 B=1
PASS map-2-step: rel_l2=3.887e-16 (tol 3.0e-14)
PASS rel_l2=2.094e-16 rel_max=3.024e-16 (tol 1e-12) L=128 B=1
PASS map-chain m=30000: rel_l2=1.635e-13 (anchor 0.000e+00, tol 1.0e-10)
PASS rel_l2=2.094e-16 rel_max=3.024e-16 (tol 1e-12) L=128 B=1
PASS map-2-step: rel_l2=4.843e-16 (tol 3.0e-14)
PASS rel_l2=2.202e-16 rel_max=2.390e-16 (tol 1e-12) L=128 B=1
PASS map-chain m=30000: rel_l2=2.129e-13 (anchor 0.000e+00, tol 1.0e-10)
PASS rel_l2=2.173e-16 rel_max=3.024e-16 (tol 1e-12) L=128 B=1
PASS map-2-step: rel_l2=4.352e-16 (tol 3.0e-14)
PASS rel_l2=2.173e-16 rel_max=3.024e-16 (tol 1e-12) L=128 B=1
PASS map-chain m=30000: rel_l2=1.041e-13 (anchor 0.000e+00, tol 1.0e-10)
PASS rel_l2=2.173e-16 rel_max=3.024e-16 (tol 1e-12) L=128 B=1
PASS map-2-step: rel_l2=4.352e-16 (tol 3.0e-14)
PASS rel_l2=2.173e-16 rel_max=3.024e-16 (tol 1e-12) L=128 B=1
PASS map-chain m=30000: rel_l2=4.487e-13 (anchor 0.000e+00, tol 1.0e-10)
PASS rel_l2=2.173e-16 rel_max=3.024e-16 (tol 1e-12) L=128 B=1
PASS map-2-step: rel_l2=4.602e-16 (tol 3.0e-14)
PASS rel_l2=2.047e-16 rel_max=3.206e-16 (tol 1e-12) L=128 B=512
PASS map-chain m=250: rel_l2=2.175e-14 (anchor 0.000e+00, tol 1.0e-10)
PASS rel_l2=2.047e-16 rel_max=3.206e-16 (tol 1e-12) L=128 B=512
PASS map-2-step: rel_l2=5.343e-16 (tol 3.0e-14)
PASS rel_l2=2.164e-16 rel_max=2.867e-16 (tol 1e-12) L=128 B=512
PASS map-chain m=250: rel_l2=2.042e-14 (anchor 0.000e+00, tol 1.0e-10)
PASS rel_l2=2.164e-16 rel_max=2.867e-16 (tol 1e-12) L=128 B=512
PASS map-2-step: rel_l2=5.279e-16 (tol 3.0e-14)
PASS rel_l2=2.160e-16 rel_max=2.867e-16 (tol 1e-12) L=128 B=512
PASS map-chain m=250: rel_l2=2.269e-14 (anchor 0.000e+00, tol 1.0e-10)
PASS rel_l2=2.160e-16 rel_max=2.867e-16 (tol 1e-12) L=128 B=512
PASS map-2-step: rel_l2=5.228e-16 (tol 3.0e-14)
PASS rel_l2=2.174e-16 rel_max=2.867e-16 (tol 1e-12) L=128 B=512
PASS map-chain m=250: rel_l2=2.080e-14 (anchor 0.000e+00, tol 1.0e-10)
PASS rel_l2=2.174e-16 rel_max=2.867e-16 (tol 1e-12) L=128 B=512
PASS map-2-step: rel_l2=5.345e-16 (tol 3.0e-14)
PASS rel_l2=2.174e-16 rel_max=2.867e-16 (tol 1e-12) L=128 B=512
PASS map-chain m=250: rel_l2=2.080e-14 (anchor 0.000e+00, tol 1.0e-10)
PASS rel_l2=2.174e-16 rel_max=2.867e-16 (tol 1e-12) L=128 B=512
PASS map-2-step: rel_l2=5.345e-16 (tol 3.0e-14)
PASS rel_l2=2.075e-16 rel_max=2.867e-16 (tol 1e-12) L=128 B=512
PASS map-chain m=250: rel_l2=2.160e-14 (anchor 0.000e+00, tol 1.0e-10)
PASS rel_l2=2.075e-16 rel_max=2.867e-16 (tol 1e-12) L=128 B=512
PASS map-2-step: rel_l2=5.461e-16 (tol 3.0e-14)
PASS rel_l2=2.119e-16 rel_max=3.222e-16 (tol 1e-12) L=128 B=512
PASS map-chain m=250: rel_l2=2.231e-14 (anchor 0.000e+00, tol 1.0e-10)
PASS rel_l2=2.119e-16 rel_max=3.222e-16 (tol 1e-12) L=128 B=512
PASS map-2-step: rel_l2=5.133e-16 (tol 3.0e-14)
PASS rel_l2=2.119e-16 rel_max=3.222e-16 (tol 1e-12) L=128 B=512
PASS map-chain m=250: rel_l2=2.231e-14 (anchor 0.000e+00, tol 1.0e-10)
PASS rel_l2=2.119e-16 rel_max=3.222e-16 (tol 1e-12) L=128 B=512
PASS map-2-step: rel_l2=5.133e-16 (tol 3.0e-14)
PASS rel_l2=2.138e-16 rel_max=2.643e-16 (tol 1e-12) L=128 B=512
PASS map-chain m=250: rel_l2=2.027e-14 (anchor 0.000e+00, tol 1.0e-10)
PASS rel_l2=2.138e-16 rel_max=2.643e-16 (tol 1e-12) L=128 B=512
PASS map-2-step: rel_l2=5.266e-16 (tol 3.0e-14)
PASS rel_l2=2.181e-16 rel_max=2.687e-16 (tol 1e-12) L=128 B=512
PASS map-chain m=250: rel_l2=2.479e-14 (anchor 0.000e+00, tol 1.0e-10)
PASS rel_l2=2.181e-16 rel_max=2.687e-16 (tol 1e-12) L=128 B=512
PASS map-2-step: rel_l2=5.383e-16 (tol 3.0e-14)
PASS rel_l2=2.181e-16 rel_max=2.687e-16 (tol 1e-12) L=128 B=512
PASS map-chain m=250: rel_l2=2.479e-14 (anchor 0.000e+00, tol 1.0e-10)
PASS rel_l2=2.181e-16 rel_max=2.687e-16 (tol 1e-12) L=128 B=512
PASS map-2-step: rel_l2=5.383e-16 (tol 3.0e-14)
PASS rel_l2=2.118e-16 rel_max=2.867e-16 (tol 1e-12) L=128 B=512
PASS map-chain m=250: rel_l2=2.255e-14 (anchor 0.000e+00, tol 1.0e-10)
PASS rel_l2=2.118e-16 rel_max=2.867e-16 (tol 1e-12) L=128 B=512
PASS map-2-step: rel_l2=5.188e-16 (tol 3.0e-14)
PASS rel_l2=1.113e-15 rel_max=1.960e-15 (tol 1e-12) L=1024 B=1
PASS rel_l2=2.760e-16 rel_max=3.967e-16 (tol 1e-12) L=1024 B=1
PASS rel_l2=2.763e-16 rel_max=3.967e-16 (tol 1e-12) L=1024 B=1
PASS rel_l2=2.797e-16 rel_max=3.967e-16 (tol 1e-12) L=1024 B=1
PASS rel_l2=2.797e-16 rel_max=3.967e-16 (tol 1e-12) L=1024 B=1
PASS rel_l2=2.672e-16 rel_max=4.125e-16 (tol 1e-12) L=1024 B=1
PASS rel_l2=2.764e-16 rel_max=3.689e-16 (tol 1e-12) L=1024 B=1
PASS rel_l2=2.680e-16 rel_max=3.261e-16 (tol 1e-12) L=1024 B=1
PASS rel_l2=2.680e-16 rel_max=3.261e-16 (tol 1e-12) L=1024 B=1
PASS rel_l2=2.715e-16 rel_max=3.326e-16 (tol 1e-12) L=1024 B=1
PASS rel_l2=2.768e-16 rel_max=3.203e-16 (tol 1e-12) L=1024 B=512
PASS rel_l2=2.765e-16 rel_max=3.203e-16 (tol 1e-12) L=1024 B=512
PASS rel_l2=2.789e-16 rel_max=3.395e-16 (tol 1e-12) L=1024 B=512
PASS rel_l2=2.789e-16 rel_max=3.395e-16 (tol 1e-12) L=1024 B=512
PASS rel_l2=2.627e-16 rel_max=3.276e-16 (tol 1e-12) L=1024 B=512
PASS rel_l2=2.841e-16 rel_max=3.330e-16 (tol 1e-12) L=1024 B=512
PASS rel_l2=2.740e-16 rel_max=3.276e-16 (tol 1e-12) L=1024 B=512
PASS rel_l2=2.740e-16 rel_max=3.276e-16 (tol 1e-12) L=1024 B=512
PASS rel_l2=2.755e-16 rel_max=3.276e-16 (tol 1e-12) L=1024 B=512
PASS rel_l2=1.113e-15 rel_max=1.960e-15 (tol 1e-12) L=1024 B=1
PASS map-chain m=4000: rel_l2=7.612e-12 (anchor 0.000e+00, tol 1.0e-10)
PASS rel_l2=1.113e-15 rel_max=1.960e-15 (tol 1e-12) L=1024 B=1
PASS map-2-step: rel_l2=2.244e-15 (tol 3.0e-14)
PASS rel_l2=2.760e-16 rel_max=3.967e-16 (tol 1e-12) L=1024 B=1
PASS map-chain m=4000: rel_l2=4.863e-12 (anchor 0.000e+00, tol 1.0e-10)
PASS rel_l2=2.760e-16 rel_max=3.967e-16 (tol 1e-12) L=1024 B=1
PASS map-2-step: rel_l2=8.438e-16 (tol 3.0e-14)
PASS rel_l2=2.763e-16 rel_max=3.967e-16 (tol 1e-12) L=1024 B=1
PASS map-chain m=4000: rel_l2=4.987e-12 (anchor 0.000e+00, tol 1.0e-10)
PASS rel_l2=2.763e-16 rel_max=3.967e-16 (tol 1e-12) L=1024 B=1
PASS map-2-step: rel_l2=8.542e-16 (tol 3.0e-14)
PASS rel_l2=2.797e-16 rel_max=3.967e-16 (tol 1e-12) L=1024 B=1
PASS map-chain m=4000: rel_l2=4.672e-12 (anchor 0.000e+00, tol 1.0e-10)
PASS rel_l2=2.797e-16 rel_max=3.967e-16 (tol 1e-12) L=1024 B=1
PASS map-2-step: rel_l2=9.219e-16 (tol 3.0e-14)
PASS rel_l2=2.797e-16 rel_max=3.967e-16 (tol 1e-12) L=1024 B=1
PASS map-chain m=4000: rel_l2=4.672e-12 (anchor 0.000e+00, tol 1.0e-10)
PASS rel_l2=2.797e-16 rel_max=3.967e-16 (tol 1e-12) L=1024 B=1
PASS map-2-step: rel_l2=9.219e-16 (tol 3.0e-14)
PASS rel_l2=2.672e-16 rel_max=4.125e-16 (tol 1e-12) L=1024 B=1
PASS map-chain m=4000: rel_l2=5.849e-12 (anchor 0.000e+00, tol 1.0e-10)
PASS rel_l2=2.672e-16 rel_max=4.125e-16 (tol 1e-12) L=1024 B=1
PASS map-2-step: rel_l2=8.745e-16 (tol 3.0e-14)
PASS rel_l2=2.764e-16 rel_max=3.689e-16 (tol 1e-12) L=1024 B=1
PASS map-chain m=4000: rel_l2=2.777e-12 (anchor 0.000e+00, tol 1.0e-10)
PASS rel_l2=2.764e-16 rel_max=3.689e-16 (tol 1e-12) L=1024 B=1
PASS map-2-step: rel_l2=9.104e-16 (tol 3.0e-14)
PASS rel_l2=2.662e-16 rel_max=3.277e-16 (tol 1e-12) L=1024 B=1
PASS map-chain m=4000: rel_l2=4.327e-12 (anchor 0.000e+00, tol 1.0e-10)
PASS rel_l2=2.662e-16 rel_max=3.277e-16 (tol 1e-12) L=1024 B=1
PASS map-2-step: rel_l2=7.741e-16 (tol 3.0e-14)
PASS rel_l2=2.680e-16 rel_max=3.261e-16 (tol 1e-12) L=1024 B=1
PASS map-chain m=4000: rel_l2=2.075e-12 (anchor 0.000e+00, tol 1.0e-10)
PASS rel_l2=2.662e-16 rel_max=3.277e-16 (tol 1e-12) L=1024 B=1
PASS map-2-step: rel_l2=7.741e-16 (tol 3.0e-14)
PASS rel_l2=2.715e-16 rel_max=3.326e-16 (tol 1e-12) L=1024 B=1
PASS map-chain m=4000: rel_l2=1.453e-12 (anchor 0.000e+00, tol 1.0e-10)
PASS rel_l2=2.715e-16 rel_max=3.326e-16 (tol 1e-12) L=1024 B=1
PASS map-2-step: rel_l2=7.007e-16 (tol 3.0e-14)
PASS rel_l2=2.768e-16 rel_max=3.203e-16 (tol 1e-12) L=1024 B=512
PASS map-chain m=2000: rel_l2=7.852e-13 (anchor 0.000e+00, tol 1.0e-10)
PASS rel_l2=2.768e-16 rel_max=3.203e-16 (tol 1e-12) L=1024 B=512
PASS map-2-step: rel_l2=8.634e-16 (tol 3.0e-14)
PASS rel_l2=2.765e-16 rel_max=3.203e-16 (tol 1e-12) L=1024 B=512
PASS map-chain m=2000: rel_l2=8.771e-13 (anchor 0.000e+00, tol 1.0e-10)
PASS rel_l2=2.765e-16 rel_max=3.203e-16 (tol 1e-12) L=1024 B=512
PASS map-2-step: rel_l2=8.575e-16 (tol 3.0e-14)
PASS rel_l2=2.789e-16 rel_max=3.395e-16 (tol 1e-12) L=1024 B=512
PASS map-chain m=2000: rel_l2=9.506e-13 (anchor 0.000e+00, tol 1.0e-10)
PASS rel_l2=2.789e-16 rel_max=3.395e-16 (tol 1e-12) L=1024 B=512
PASS map-2-step: rel_l2=8.647e-16 (tol 3.0e-14)
PASS rel_l2=2.789e-16 rel_max=3.395e-16 (tol 1e-12) L=1024 B=512
PASS map-chain m=2000: rel_l2=9.506e-13 (anchor 0.000e+00, tol 1.0e-10)
PASS rel_l2=2.789e-16 rel_max=3.395e-16 (tol 1e-12) L=1024 B=512
PASS map-2-step: rel_l2=8.647e-16 (tol 3.0e-14)
PASS rel_l2=2.627e-16 rel_max=3.276e-16 (tol 1e-12) L=1024 B=512
PASS map-chain m=2000: rel_l2=7.898e-13 (anchor 0.000e+00, tol 1.0e-10)
PASS rel_l2=2.627e-16 rel_max=3.276e-16 (tol 1e-12) L=1024 B=512
PASS map-2-step: rel_l2=8.556e-16 (tol 3.0e-14)
PASS rel_l2=2.841e-16 rel_max=3.330e-16 (tol 1e-12) L=1024 B=512
PASS map-chain m=2000: rel_l2=8.432e-13 (anchor 0.000e+00, tol 1.0e-10)
PASS rel_l2=2.841e-16 rel_max=3.330e-16 (tol 1e-12) L=1024 B=512
PASS map-2-step: rel_l2=8.880e-16 (tol 3.0e-14)
PASS rel_l2=2.673e-16 rel_max=3.276e-16 (tol 1e-12) L=1024 B=512
PASS map-chain m=2000: rel_l2=9.396e-13 (anchor 0.000e+00, tol 1.0e-10)
PASS rel_l2=2.673e-16 rel_max=3.276e-16 (tol 1e-12) L=1024 B=512
PASS map-2-step: rel_l2=8.492e-16 (tol 3.0e-14)
PASS rel_l2=2.673e-16 rel_max=3.276e-16 (tol 1e-12) L=1024 B=512
PASS map-chain m=2000: rel_l2=9.396e-13 (anchor 0.000e+00, tol 1.0e-10)
PASS rel_l2=2.673e-16 rel_max=3.276e-16 (tol 1e-12) L=1024 B=512
PASS map-2-step: rel_l2=8.492e-16 (tol 3.0e-14)
PASS rel_l2=2.755e-16 rel_max=3.276e-16 (tol 1e-12) L=1024 B=512
PASS map-chain m=2000: rel_l2=9.085e-13 (anchor 0.000e+00, tol 1.0e-10)
PASS rel_l2=2.755e-16 rel_max=3.276e-16 (tol 1e-12) L=1024 B=512
PASS map-2-step: rel_l2=8.652e-16 (tol 3.0e-14)
PASS rel_l2=3.056e-16 rel_max=3.213e-16 (tol 1e-12) L=4096 B=1
PASS rel_l2=3.058e-16 rel_max=3.429e-16 (tol 1e-12) L=4096 B=1
PASS rel_l2=3.086e-16 rel_max=4.079e-16 (tol 1e-12) L=4096 B=1
PASS rel_l2=3.098e-16 rel_max=3.862e-16 (tol 1e-12) L=4096 B=1
PASS rel_l2=3.098e-16 rel_max=3.862e-16 (tol 1e-12) L=4096 B=1
PASS rel_l2=3.124e-16 rel_max=3.593e-16 (tol 1e-12) L=4096 B=1
PASS rel_l2=3.011e-16 rel_max=3.862e-16 (tol 1e-12) L=4096 B=1
PASS rel_l2=3.039e-16 rel_max=3.134e-16 (tol 1e-12) L=4096 B=1
PASS rel_l2=3.122e-16 rel_max=3.593e-16 (tol 1e-12) L=4096 B=1
PASS rel_l2=3.051e-16 rel_max=3.817e-16 (tol 1e-12) L=4096 B=256
PASS rel_l2=3.047e-16 rel_max=3.627e-16 (tol 1e-12) L=4096 B=256
PASS rel_l2=3.067e-16 rel_max=3.770e-16 (tol 1e-12) L=4096 B=256
PASS rel_l2=3.067e-16 rel_max=3.770e-16 (tol 1e-12) L=4096 B=256
PASS rel_l2=3.080e-16 rel_max=3.817e-16 (tol 1e-12) L=4096 B=256
PASS rel_l2=3.125e-16 rel_max=3.646e-16 (tol 1e-12) L=4096 B=256
PASS rel_l2=3.082e-16 rel_max=3.685e-16 (tol 1e-12) L=4096 B=256
PASS rel_l2=3.058e-16 rel_max=3.817e-16 (tol 1e-12) L=4096 B=256
PASS rel_l2=3.108e-16 rel_max=4.446e-16 (tol 1e-12) L=4096 B=256
PASS rel_l2=3.056e-16 rel_max=3.213e-16 (tol 1e-12) L=4096 B=1
PASS map-chain m=1000: rel_l2=7.982e-14 (anchor 0.000e+00, tol 1.0e-10)
PASS rel_l2=3.056e-16 rel_max=3.213e-16 (tol 1e-12) L=4096 B=1
PASS map-2-step: rel_l2=1.199e-15 (tol 3.0e-14)
PASS rel_l2=3.058e-16 rel_max=3.429e-16 (tol 1e-12) L=4096 B=1
PASS map-chain m=1000: rel_l2=6.830e-14 (anchor 0.000e+00, tol 1.0e-10)
PASS rel_l2=3.058e-16 rel_max=3.429e-16 (tol 1e-12) L=4096 B=1
PASS map-2-step: rel_l2=1.095e-15 (tol 3.0e-14)
PASS rel_l2=3.086e-16 rel_max=4.079e-16 (tol 1e-12) L=4096 B=1
PASS map-chain m=1000: rel_l2=1.204e-13 (anchor 0.000e+00, tol 1.0e-10)
PASS rel_l2=3.086e-16 rel_max=4.079e-16 (tol 1e-12) L=4096 B=1
PASS map-2-step: rel_l2=1.087e-15 (tol 3.0e-14)
PASS rel_l2=3.098e-16 rel_max=3.862e-16 (tol 1e-12) L=4096 B=1
PASS map-chain m=1000: rel_l2=1.204e-13 (anchor 0.000e+00, tol 1.0e-10)
PASS rel_l2=3.098e-16 rel_max=3.862e-16 (tol 1e-12) L=4096 B=1
PASS map-2-step: rel_l2=1.087e-15 (tol 3.0e-14)
PASS rel_l2=3.098e-16 rel_max=3.862e-16 (tol 1e-12) L=4096 B=1
PASS map-chain m=1000: rel_l2=8.316e-14 (anchor 0.000e+00, tol 1.0e-10)
PASS rel_l2=3.098e-16 rel_max=3.862e-16 (tol 1e-12) L=4096 B=1
PASS map-2-step: rel_l2=9.902e-16 (tol 3.0e-14)
PASS rel_l2=3.124e-16 rel_max=3.593e-16 (tol 1e-12) L=4096 B=1
PASS map-chain m=1000: rel_l2=1.207e-13 (anchor 0.000e+00, tol 1.0e-10)
PASS rel_l2=3.124e-16 rel_max=3.593e-16 (tol 1e-12) L=4096 B=1
PASS map-2-step: rel_l2=1.132e-15 (tol 3.0e-14)
PASS rel_l2=3.011e-16 rel_max=3.862e-16 (tol 1e-12) L=4096 B=1
PASS map-chain m=1000: rel_l2=8.735e-14 (anchor 0.000e+00, tol 1.0e-10)
PASS rel_l2=3.070e-16 rel_max=3.862e-16 (tol 1e-12) L=4096 B=1
PASS map-2-step: rel_l2=1.120e-15 (tol 3.0e-14)
PASS rel_l2=3.039e-16 rel_max=3.134e-16 (tol 1e-12) L=4096 B=1
PASS map-chain m=1000: rel_l2=8.293e-14 (anchor 0.000e+00, tol 1.0e-10)
PASS rel_l2=3.062e-16 rel_max=3.481e-16 (tol 1e-12) L=4096 B=1
PASS map-2-step: rel_l2=1.135e-15 (tol 3.0e-14)
PASS rel_l2=3.122e-16 rel_max=3.593e-16 (tol 1e-12) L=4096 B=1
PASS map-chain m=1000: rel_l2=1.033e-13 (anchor 0.000e+00, tol 1.0e-10)
PASS rel_l2=3.122e-16 rel_max=3.593e-16 (tol 1e-12) L=4096 B=1
PASS map-2-step: rel_l2=1.319e-15 (tol 3.0e-14)
PASS rel_l2=3.051e-16 rel_max=3.817e-16 (tol 1e-12) L=4096 B=256
PASS map-chain m=400: rel_l2=3.750e-14 (anchor 0.000e+00, tol 1.0e-10)
PASS rel_l2=3.051e-16 rel_max=3.817e-16 (tol 1e-12) L=4096 B=256
PASS map-2-step: rel_l2=1.111e-15 (tol 3.0e-14)
PASS rel_l2=3.047e-16 rel_max=3.627e-16 (tol 1e-12) L=4096 B=256
PASS map-chain m=400: rel_l2=3.599e-14 (anchor 0.000e+00, tol 1.0e-10)
PASS rel_l2=3.047e-16 rel_max=3.627e-16 (tol 1e-12) L=4096 B=256
PASS map-2-step: rel_l2=1.102e-15 (tol 3.0e-14)
PASS rel_l2=3.067e-16 rel_max=3.770e-16 (tol 1e-12) L=4096 B=256
PASS map-chain m=400: rel_l2=4.013e-14 (anchor 0.000e+00, tol 1.0e-10)
PASS rel_l2=3.067e-16 rel_max=3.770e-16 (tol 1e-12) L=4096 B=256
PASS map-2-step: rel_l2=1.142e-15 (tol 3.0e-14)
PASS rel_l2=3.067e-16 rel_max=3.770e-16 (tol 1e-12) L=4096 B=256
PASS map-chain m=400: rel_l2=4.013e-14 (anchor 0.000e+00, tol 1.0e-10)
PASS rel_l2=3.067e-16 rel_max=3.770e-16 (tol 1e-12) L=4096 B=256
PASS map-2-step: rel_l2=1.142e-15 (tol 3.0e-14)
PASS rel_l2=3.080e-16 rel_max=3.817e-16 (tol 1e-12) L=4096 B=256
PASS map-chain m=400: rel_l2=3.804e-14 (anchor 0.000e+00, tol 1.0e-10)
PASS rel_l2=3.080e-16 rel_max=3.817e-16 (tol 1e-12) L=4096 B=256
PASS map-2-step: rel_l2=1.154e-15 (tol 3.0e-14)
PASS rel_l2=3.125e-16 rel_max=3.646e-16 (tol 1e-12) L=4096 B=256
PASS map-chain m=400: rel_l2=3.978e-14 (anchor 0.000e+00, tol 1.0e-10)
PASS rel_l2=3.125e-16 rel_max=3.646e-16 (tol 1e-12) L=4096 B=256
PASS map-2-step: rel_l2=1.137e-15 (tol 3.0e-14)
PASS rel_l2=3.082e-16 rel_max=3.685e-16 (tol 1e-12) L=4096 B=256
PASS map-chain m=400: rel_l2=3.857e-14 (anchor 0.000e+00, tol 1.0e-10)
PASS rel_l2=3.082e-16 rel_max=3.685e-16 (tol 1e-12) L=4096 B=256
PASS map-2-step: rel_l2=1.145e-15 (tol 3.0e-14)
PASS rel_l2=3.058e-16 rel_max=3.817e-16 (tol 1e-12) L=4096 B=256
PASS map-chain m=400: rel_l2=3.798e-14 (anchor 0.000e+00, tol 1.0e-10)
PASS rel_l2=3.058e-16 rel_max=3.817e-16 (tol 1e-12) L=4096 B=256
PASS map-2-step: rel_l2=1.122e-15 (tol 3.0e-14)
PASS rel_l2=3.108e-16 rel_max=4.446e-16 (tol 1e-12) L=4096 B=256
PASS map-chain m=400: rel_l2=3.926e-14 (anchor 0.000e+00, tol 1.0e-10)
PASS rel_l2=3.108e-16 rel_max=4.446e-16 (tol 1e-12) L=4096 B=256
PASS map-2-step: rel_l2=1.133e-15 (tol 3.0e-14)
PASS rel_l2=3.368e-16 rel_max=4.058e-16 (tol 1e-12) L=16384 B=1
PASS rel_l2=3.357e-16 rel_max=4.157e-16 (tol 1e-12) L=16384 B=1
PASS rel_l2=3.367e-16 rel_max=3.712e-16 (tol 1e-12) L=16384 B=1
PASS rel_l2=3.367e-16 rel_max=3.712e-16 (tol 1e-12) L=16384 B=1
PASS rel_l2=3.335e-16 rel_max=4.376e-16 (tol 1e-12) L=16384 B=1
PASS rel_l2=3.487e-16 rel_max=4.177e-16 (tol 1e-12) L=16384 B=1
PASS rel_l2=3.455e-16 rel_max=4.401e-16 (tol 1e-12) L=16384 B=1
PASS rel_l2=3.365e-16 rel_max=3.792e-16 (tol 1e-12) L=16384 B=1
PASS rel_l2=3.330e-16 rel_max=4.401e-16 (tol 1e-12) L=16384 B=1
PASS rel_l2=3.385e-16 rel_max=3.750e-16 (tol 1e-12) L=16384 B=64
PASS rel_l2=3.385e-16 rel_max=3.750e-16 (tol 1e-12) L=16384 B=64
PASS rel_l2=3.410e-16 rel_max=4.400e-16 (tol 1e-12) L=16384 B=64
PASS rel_l2=3.410e-16 rel_max=4.400e-16 (tol 1e-12) L=16384 B=64
PASS rel_l2=3.363e-16 rel_max=3.654e-16 (tol 1e-12) L=16384 B=64
PASS rel_l2=3.499e-16 rel_max=4.147e-16 (tol 1e-12) L=16384 B=64
PASS rel_l2=3.434e-16 rel_max=4.085e-16 (tol 1e-12) L=16384 B=64
PASS rel_l2=3.482e-16 rel_max=4.139e-16 (tol 1e-12) L=16384 B=64
PASS rel_l2=3.357e-16 rel_max=3.699e-16 (tol 1e-12) L=16384 B=64
PASS rel_l2=3.368e-16 rel_max=4.058e-16 (tol 1e-12) L=16384 B=1
PASS map-chain m=250: rel_l2=2.232e-14 (anchor 0.000e+00, tol 1.0e-10)
PASS rel_l2=3.368e-16 rel_max=4.058e-16 (tol 1e-12) L=16384 B=1
PASS map-2-step: rel_l2=1.333e-15 (tol 3.0e-14)
PASS rel_l2=3.357e-16 rel_max=4.157e-16 (tol 1e-12) L=16384 B=1
PASS map-chain m=250: rel_l2=2.385e-14 (anchor 0.000e+00, tol 1.0e-10)
PASS rel_l2=3.357e-16 rel_max=4.157e-16 (tol 1e-12) L=16384 B=1
PASS map-2-step: rel_l2=1.364e-15 (tol 3.0e-14)
PASS rel_l2=3.367e-16 rel_max=3.712e-16 (tol 1e-12) L=16384 B=1
PASS map-chain m=250: rel_l2=2.186e-14 (anchor 0.000e+00, tol 1.0e-10)
PASS rel_l2=3.367e-16 rel_max=3.712e-16 (tol 1e-12) L=16384 B=1
PASS map-2-step: rel_l2=1.328e-15 (tol 3.0e-14)
PASS rel_l2=3.367e-16 rel_max=3.712e-16 (tol 1e-12) L=16384 B=1
PASS map-chain m=250: rel_l2=2.186e-14 (anchor 0.000e+00, tol 1.0e-10)
PASS rel_l2=3.367e-16 rel_max=3.712e-16 (tol 1e-12) L=16384 B=1
PASS map-2-step: rel_l2=1.328e-15 (tol 3.0e-14)
PASS rel_l2=3.335e-16 rel_max=4.376e-16 (tol 1e-12) L=16384 B=1
PASS map-chain m=250: rel_l2=2.705e-14 (anchor 0.000e+00, tol 1.0e-10)
PASS rel_l2=3.335e-16 rel_max=4.376e-16 (tol 1e-12) L=16384 B=1
PASS map-2-step: rel_l2=1.406e-15 (tol 3.0e-14)
PASS rel_l2=3.487e-16 rel_max=4.177e-16 (tol 1e-12) L=16384 B=1
PASS map-chain m=250: rel_l2=2.629e-14 (anchor 0.000e+00, tol 1.0e-10)
PASS rel_l2=3.487e-16 rel_max=4.177e-16 (tol 1e-12) L=16384 B=1
PASS map-2-step: rel_l2=1.389e-15 (tol 3.0e-14)
PASS rel_l2=3.410e-16 rel_max=3.936e-16 (tol 1e-12) L=16384 B=1
PASS map-chain m=250: rel_l2=2.428e-14 (anchor 0.000e+00, tol 1.0e-10)
PASS rel_l2=3.455e-16 rel_max=4.401e-16 (tol 1e-12) L=16384 B=1
PASS map-2-step: rel_l2=1.293e-15 (tol 3.0e-14)
PASS rel_l2=3.451e-16 rel_max=4.263e-16 (tol 1e-12) L=16384 B=1
PASS map-chain m=250: rel_l2=2.056e-14 (anchor 0.000e+00, tol 1.0e-10)
PASS rel_l2=3.365e-16 rel_max=3.792e-16 (tol 1e-12) L=16384 B=1
PASS map-2-step: rel_l2=1.348e-15 (tol 3.0e-14)
PASS rel_l2=3.330e-16 rel_max=4.401e-16 (tol 1e-12) L=16384 B=1
PASS map-chain m=250: rel_l2=2.269e-14 (anchor 0.000e+00, tol 1.0e-10)
PASS rel_l2=3.330e-16 rel_max=4.401e-16 (tol 1e-12) L=16384 B=1
PASS map-2-step: rel_l2=1.280e-15 (tol 3.0e-14)
PASS rel_l2=3.385e-16 rel_max=3.750e-16 (tol 1e-12) L=16384 B=64
PASS map-chain m=150: rel_l2=2.636e-14 (anchor 0.000e+00, tol 1.0e-10)
PASS rel_l2=3.385e-16 rel_max=3.750e-16 (tol 1e-12) L=16384 B=64
PASS map-2-step: rel_l2=1.435e-15 (tol 3.0e-14)
PASS rel_l2=3.385e-16 rel_max=3.750e-16 (tol 1e-12) L=16384 B=64
PASS map-chain m=150: rel_l2=2.498e-14 (anchor 0.000e+00, tol 1.0e-10)
PASS rel_l2=3.385e-16 rel_max=3.750e-16 (tol 1e-12) L=16384 B=64
PASS map-2-step: rel_l2=1.424e-15 (tol 3.0e-14)
PASS rel_l2=3.410e-16 rel_max=4.400e-16 (tol 1e-12) L=16384 B=64
PASS map-chain m=150: rel_l2=2.715e-14 (anchor 0.000e+00, tol 1.0e-10)
PASS rel_l2=3.410e-16 rel_max=4.400e-16 (tol 1e-12) L=16384 B=64
PASS map-2-step: rel_l2=1.445e-15 (tol 3.0e-14)
PASS rel_l2=3.410e-16 rel_max=4.400e-16 (tol 1e-12) L=16384 B=64
PASS map-chain m=150: rel_l2=2.715e-14 (anchor 0.000e+00, tol 1.0e-10)
PASS rel_l2=3.410e-16 rel_max=4.400e-16 (tol 1e-12) L=16384 B=64
PASS map-2-step: rel_l2=1.445e-15 (tol 3.0e-14)
PASS rel_l2=3.363e-16 rel_max=3.654e-16 (tol 1e-12) L=16384 B=64
PASS map-chain m=150: rel_l2=4.655e-14 (anchor 0.000e+00, tol 1.0e-10)
PASS rel_l2=3.363e-16 rel_max=3.654e-16 (tol 1e-12) L=16384 B=64
PASS map-2-step: rel_l2=1.461e-15 (tol 3.0e-14)
PASS rel_l2=3.499e-16 rel_max=4.147e-16 (tol 1e-12) L=16384 B=64
PASS map-chain m=150: rel_l2=2.769e-14 (anchor 0.000e+00, tol 1.0e-10)
PASS rel_l2=3.499e-16 rel_max=4.147e-16 (tol 1e-12) L=16384 B=64
PASS map-2-step: rel_l2=1.466e-15 (tol 3.0e-14)
PASS rel_l2=3.436e-16 rel_max=4.097e-16 (tol 1e-12) L=16384 B=64
PASS map-chain m=150: rel_l2=4.435e-14 (anchor 0.000e+00, tol 1.0e-10)
PASS rel_l2=3.436e-16 rel_max=4.097e-16 (tol 1e-12) L=16384 B=64
PASS map-2-step: rel_l2=1.446e-15 (tol 3.0e-14)
PASS rel_l2=3.455e-16 rel_max=3.654e-16 (tol 1e-12) L=16384 B=64
PASS map-chain m=150: rel_l2=3.713e-14 (anchor 0.000e+00, tol 1.0e-10)
PASS rel_l2=3.436e-16 rel_max=4.097e-16 (tol 1e-12) L=16384 B=64
PASS map-2-step: rel_l2=1.446e-15 (tol 3.0e-14)
PASS rel_l2=3.357e-16 rel_max=3.699e-16 (tol 1e-12) L=16384 B=64
PASS map-chain m=150: rel_l2=3.245e-14 (anchor 0.000e+00, tol 1.0e-10)
PASS rel_l2=3.357e-16 rel_max=3.699e-16 (tol 1e-12) L=16384 B=64
PASS map-2-step: rel_l2=1.408e-15 (tol 3.0e-14)
PASS rel_l2=1.180e-15 rel_max=1.644e-15 (tol 1e-12) L=1021 B=1
PASS rel_l2=5.620e-16 rel_max=5.169e-16 (tol 1e-12) L=1021 B=1
PASS rel_l2=6.229e-16 rel_max=6.518e-16 (tol 1e-12) L=1021 B=1
PASS rel_l2=1.035e-15 rel_max=8.906e-16 (tol 1e-12) L=1021 B=1
PASS rel_l2=1.035e-15 rel_max=8.906e-16 (tol 1e-12) L=1021 B=1
PASS rel_l2=5.699e-16 rel_max=5.169e-16 (tol 1e-12) L=1021 B=1
PASS rel_l2=5.515e-16 rel_max=5.137e-16 (tol 1e-12) L=1021 B=1
PASS rel_l2=5.556e-16 rel_max=5.143e-16 (tol 1e-12) L=1021 B=1
PASS rel_l2=5.755e-16 rel_max=5.004e-16 (tol 1e-12) L=1021 B=1
PASS rel_l2=5.780e-16 rel_max=6.221e-16 (tol 1e-12) L=1021 B=256
PASS rel_l2=6.289e-16 rel_max=7.376e-16 (tol 1e-12) L=1021 B=256
PASS rel_l2=9.924e-16 rel_max=1.243e-15 (tol 1e-12) L=1021 B=256
PASS rel_l2=9.924e-16 rel_max=1.243e-15 (tol 1e-12) L=1021 B=256
PASS rel_l2=5.797e-16 rel_max=6.469e-16 (tol 1e-12) L=1021 B=256
PASS rel_l2=5.641e-16 rel_max=6.227e-16 (tol 1e-12) L=1021 B=256
PASS rel_l2=5.722e-16 rel_max=6.800e-16 (tol 1e-12) L=1021 B=256
PASS rel_l2=5.725e-16 rel_max=5.583e-16 (tol 1e-12) L=1021 B=256
PASS rel_l2=1.180e-15 rel_max=1.644e-15 (tol 1e-12) L=1021 B=1
PASS map-chain m=2000: rel_l2=1.441e-12 (anchor 7.989e-13, tol 3.0e-10)
PASS rel_l2=1.180e-15 rel_max=1.644e-15 (tol 1e-12) L=1021 B=1
PASS map-2-step: rel_l2=2.548e-15 (tol 3.0e-14)
PASS rel_l2=5.620e-16 rel_max=5.169e-16 (tol 1e-12) L=1021 B=1
PASS map-chain m=2000: rel_l2=1.411e-12 (anchor 7.989e-13, tol 3.0e-10)
PASS rel_l2=5.620e-16 rel_max=5.169e-16 (tol 1e-12) L=1021 B=1
PASS map-2-step: rel_l2=1.434e-15 (tol 3.0e-14)
PASS rel_l2=6.229e-16 rel_max=6.518e-16 (tol 1e-12) L=1021 B=1
PASS map-chain m=2000: rel_l2=6.929e-13 (anchor 7.989e-13, tol 3.0e-10)
PASS rel_l2=6.229e-16 rel_max=6.518e-16 (tol 1e-12) L=1021 B=1
PASS map-2-step: rel_l2=1.551e-15 (tol 3.0e-14)
PASS rel_l2=1.035e-15 rel_max=8.906e-16 (tol 1e-12) L=1021 B=1
PASS map-chain m=2000: rel_l2=1.800e-12 (anchor 7.989e-13, tol 3.0e-10)
PASS rel_l2=1.035e-15 rel_max=8.906e-16 (tol 1e-12) L=1021 B=1
PASS map-2-step: rel_l2=2.527e-15 (tol 3.0e-14)
PASS rel_l2=1.035e-15 rel_max=8.906e-16 (tol 1e-12) L=1021 B=1
PASS map-chain m=2000: rel_l2=1.800e-12 (anchor 7.989e-13, tol 3.0e-10)
PASS rel_l2=1.035e-15 rel_max=8.906e-16 (tol 1e-12) L=1021 B=1
PASS map-2-step: rel_l2=2.527e-15 (tol 3.0e-14)
PASS rel_l2=5.699e-16 rel_max=5.169e-16 (tol 1e-12) L=1021 B=1
PASS map-chain m=2000: rel_l2=6.218e-13 (anchor 7.989e-13, tol 3.0e-10)
PASS rel_l2=5.699e-16 rel_max=5.169e-16 (tol 1e-12) L=1021 B=1
PASS map-2-step: rel_l2=1.476e-15 (tol 3.0e-14)
PASS rel_l2=5.515e-16 rel_max=5.137e-16 (tol 1e-12) L=1021 B=1
PASS map-chain m=2000: rel_l2=5.221e-13 (anchor 7.989e-13, tol 3.0e-10)
PASS rel_l2=5.556e-16 rel_max=5.143e-16 (tol 1e-12) L=1021 B=1
PASS map-2-step: rel_l2=1.625e-15 (tol 3.0e-14)
PASS rel_l2=5.515e-16 rel_max=5.137e-16 (tol 1e-12) L=1021 B=1
PASS map-chain m=2000: rel_l2=5.221e-13 (anchor 7.989e-13, tol 3.0e-10)
PASS rel_l2=5.556e-16 rel_max=5.143e-16 (tol 1e-12) L=1021 B=1
PASS map-2-step: rel_l2=1.625e-15 (tol 3.0e-14)
PASS rel_l2=5.755e-16 rel_max=5.004e-16 (tol 1e-12) L=1021 B=1
PASS map-chain m=2000: rel_l2=1.449e-12 (anchor 7.989e-13, tol 3.0e-10)
PASS rel_l2=5.755e-16 rel_max=5.004e-16 (tol 1e-12) L=1021 B=1
PASS map-2-step: rel_l2=1.775e-15 (tol 3.0e-14)
PASS rel_l2=5.780e-16 rel_max=6.221e-16 (tol 1e-12) L=1021 B=256
PASS map-chain m=400: rel_l2=1.051e-13 (anchor 7.439e-14, tol 1.0e-10)
PASS rel_l2=5.780e-16 rel_max=6.221e-16 (tol 1e-12) L=1021 B=256
PASS map-2-step: rel_l2=1.813e-15 (tol 3.0e-14)
PASS rel_l2=6.289e-16 rel_max=7.376e-16 (tol 1e-12) L=1021 B=256
PASS map-chain m=400: rel_l2=1.060e-13 (anchor 7.439e-14, tol 1.0e-10)
PASS rel_l2=6.289e-16 rel_max=7.376e-16 (tol 1e-12) L=1021 B=256
PASS map-2-step: rel_l2=1.850e-15 (tol 3.0e-14)
PASS rel_l2=9.924e-16 rel_max=1.243e-15 (tol 1e-12) L=1021 B=256
PASS map-chain m=400: rel_l2=2.269e-13 (anchor 7.439e-14, tol 1.0e-10)
PASS rel_l2=9.924e-16 rel_max=1.243e-15 (tol 1e-12) L=1021 B=256
PASS map-2-step: rel_l2=3.050e-15 (tol 3.0e-14)
PASS rel_l2=9.924e-16 rel_max=1.243e-15 (tol 1e-12) L=1021 B=256
PASS map-chain m=400: rel_l2=2.269e-13 (anchor 7.439e-14, tol 1.0e-10)
PASS rel_l2=9.924e-16 rel_max=1.243e-15 (tol 1e-12) L=1021 B=256
PASS map-2-step: rel_l2=3.050e-15 (tol 3.0e-14)
PASS rel_l2=5.797e-16 rel_max=6.469e-16 (tol 1e-12) L=1021 B=256
PASS map-chain m=400: rel_l2=1.093e-13 (anchor 7.439e-14, tol 1.0e-10)
PASS rel_l2=5.797e-16 rel_max=6.469e-16 (tol 1e-12) L=1021 B=256
PASS map-2-step: rel_l2=1.825e-15 (tol 3.0e-14)
PASS rel_l2=5.722e-16 rel_max=6.800e-16 (tol 1e-12) L=1021 B=256
PASS map-chain m=400: rel_l2=1.094e-13 (anchor 7.439e-14, tol 1.0e-10)
PASS rel_l2=5.641e-16 rel_max=6.227e-16 (tol 1e-12) L=1021 B=256
PASS map-2-step: rel_l2=1.802e-15 (tol 3.0e-14)
PASS rel_l2=5.722e-16 rel_max=6.800e-16 (tol 1e-12) L=1021 B=256
PASS map-chain m=400: rel_l2=1.094e-13 (anchor 7.439e-14, tol 1.0e-10)
PASS rel_l2=5.722e-16 rel_max=6.800e-16 (tol 1e-12) L=1021 B=256
PASS map-2-step: rel_l2=1.843e-15 (tol 3.0e-14)
PASS rel_l2=5.725e-16 rel_max=5.583e-16 (tol 1e-12) L=1021 B=256
PASS map-chain m=400: rel_l2=1.098e-13 (anchor 7.439e-14, tol 1.0e-10)
PASS rel_l2=5.725e-16 rel_max=5.583e-16 (tol 1e-12) L=1021 B=256
PASS map-2-step: rel_l2=1.776e-15 (tol 3.0e-14)
PASS rel_l2=7.184e-16 rel_max=6.491e-16 (tol 1e-12) L=10007 B=1
PASS rel_l2=7.186e-16 rel_max=6.726e-16 (tol 1e-12) L=10007 B=1
PASS rel_l2=7.184e-16 rel_max=6.491e-16 (tol 1e-12) L=10007 B=1
PASS rel_l2=8.456e-16 rel_max=9.613e-16 (tol 1e-12) L=10007 B=1
PASS rel_l2=8.055e-16 rel_max=8.473e-16 (tol 1e-12) L=10007 B=1
PASS rel_l2=8.069e-16 rel_max=7.872e-16 (tol 1e-12) L=10007 B=1
PASS rel_l2=6.764e-16 rel_max=7.429e-16 (tol 1e-12) L=10007 B=1
PASS rel_l2=7.125e-16 rel_max=7.801e-16 (tol 1e-12) L=10007 B=64
PASS rel_l2=7.119e-16 rel_max=7.630e-16 (tol 1e-12) L=10007 B=64
PASS rel_l2=7.125e-16 rel_max=7.801e-16 (tol 1e-12) L=10007 B=64
PASS rel_l2=8.508e-16 rel_max=1.033e-15 (tol 1e-12) L=10007 B=64
PASS rel_l2=8.092e-16 rel_max=8.841e-16 (tol 1e-12) L=10007 B=64
PASS rel_l2=8.006e-16 rel_max=9.314e-16 (tol 1e-12) L=10007 B=64
PASS rel_l2=6.759e-16 rel_max=8.107e-16 (tol 1e-12) L=10007 B=64
PASS rel_l2=7.184e-16 rel_max=6.491e-16 (tol 1e-12) L=10007 B=1
PASS map-chain m=400: rel_l2=8.365e-14 (anchor 6.514e-14, tol 1.0e-10)
PASS rel_l2=7.184e-16 rel_max=6.491e-16 (tol 1e-12) L=10007 B=1
PASS map-2-step: rel_l2=2.998e-15 (tol 3.0e-14)
PASS rel_l2=7.186e-16 rel_max=6.726e-16 (tol 1e-12) L=10007 B=1
PASS map-chain m=400: rel_l2=8.425e-14 (anchor 6.514e-14, tol 1.0e-10)
PASS rel_l2=7.186e-16 rel_max=6.726e-16 (tol 1e-12) L=10007 B=1
PASS map-2-step: rel_l2=3.032e-15 (tol 3.0e-14)
PASS rel_l2=7.184e-16 rel_max=6.491e-16 (tol 1e-12) L=10007 B=1
PASS map-chain m=400: rel_l2=8.365e-14 (anchor 6.514e-14, tol 1.0e-10)
PASS rel_l2=7.184e-16 rel_max=6.491e-16 (tol 1e-12) L=10007 B=1
PASS map-2-step: rel_l2=2.998e-15 (tol 3.0e-14)
PASS rel_l2=8.456e-16 rel_max=9.613e-16 (tol 1e-12) L=10007 B=1
PASS map-chain m=400: rel_l2=9.270e-14 (anchor 6.514e-14, tol 1.0e-10)
PASS rel_l2=8.456e-16 rel_max=9.613e-16 (tol 1e-12) L=10007 B=1
PASS map-2-step: rel_l2=3.092e-15 (tol 3.0e-14)
PASS rel_l2=8.212e-16 rel_max=8.906e-16 (tol 1e-12) L=10007 B=1
PASS map-chain m=400: rel_l2=1.050e-13 (anchor 6.514e-14, tol 1.0e-10)
PASS rel_l2=8.055e-16 rel_max=8.473e-16 (tol 1e-12) L=10007 B=1
PASS map-2-step: rel_l2=2.892e-15 (tol 3.0e-14)
PASS rel_l2=8.148e-16 rel_max=8.211e-16 (tol 1e-12) L=10007 B=1
PASS map-chain m=400: rel_l2=1.111e-13 (anchor 6.514e-14, tol 1.0e-10)
PASS rel_l2=8.036e-16 rel_max=7.661e-16 (tol 1e-12) L=10007 B=1
PASS map-2-step: rel_l2=3.120e-15 (tol 3.0e-14)
PASS rel_l2=6.764e-16 rel_max=7.429e-16 (tol 1e-12) L=10007 B=1
PASS map-chain m=400: rel_l2=8.312e-14 (anchor 6.514e-14, tol 1.0e-10)
PASS rel_l2=6.764e-16 rel_max=7.429e-16 (tol 1e-12) L=10007 B=1
PASS map-2-step: rel_l2=2.846e-15 (tol 3.0e-14)
PASS rel_l2=7.125e-16 rel_max=7.801e-16 (tol 1e-12) L=10007 B=64
PASS map-chain m=80: rel_l2=3.127e-14 (anchor 2.449e-14, tol 1.0e-10)
PASS rel_l2=7.125e-16 rel_max=7.801e-16 (tol 1e-12) L=10007 B=64
PASS map-2-step: rel_l2=2.918e-15 (tol 3.0e-14)
PASS rel_l2=7.119e-16 rel_max=7.630e-16 (tol 1e-12) L=10007 B=64
PASS map-chain m=80: rel_l2=3.158e-14 (anchor 2.449e-14, tol 1.0e-10)
PASS rel_l2=7.119e-16 rel_max=7.630e-16 (tol 1e-12) L=10007 B=64
PASS map-2-step: rel_l2=2.906e-15 (tol 3.0e-14)
PASS rel_l2=7.125e-16 rel_max=7.801e-16 (tol 1e-12) L=10007 B=64
PASS map-chain m=80: rel_l2=3.127e-14 (anchor 2.449e-14, tol 1.0e-10)
PASS rel_l2=7.125e-16 rel_max=7.801e-16 (tol 1e-12) L=10007 B=64
PASS map-2-step: rel_l2=2.918e-15 (tol 3.0e-14)
PASS rel_l2=8.508e-16 rel_max=1.033e-15 (tol 1e-12) L=10007 B=64
PASS map-chain m=80: rel_l2=3.532e-14 (anchor 2.449e-14, tol 1.0e-10)
PASS rel_l2=8.508e-16 rel_max=1.033e-15 (tol 1e-12) L=10007 B=64
PASS map-2-step: rel_l2=3.132e-15 (tol 3.0e-14)
PASS rel_l2=8.027e-16 rel_max=8.688e-16 (tol 1e-12) L=10007 B=64
PASS map-chain m=80: rel_l2=3.639e-14 (anchor 2.449e-14, tol 1.0e-10)
PASS rel_l2=8.027e-16 rel_max=8.688e-16 (tol 1e-12) L=10007 B=64
PASS map-2-step: rel_l2=3.027e-15 (tol 3.0e-14)
PASS rel_l2=8.006e-16 rel_max=9.314e-16 (tol 1e-12) L=10007 B=64
PASS map-chain m=80: rel_l2=3.304e-14 (anchor 2.449e-14, tol 1.0e-10)
PASS rel_l2=8.052e-16 rel_max=9.526e-16 (tol 1e-12) L=10007 B=64
PASS map-2-step: rel_l2=3.021e-15 (tol 3.0e-14)
PASS rel_l2=6.759e-16 rel_max=8.107e-16 (tol 1e-12) L=10007 B=64
PASS map-chain m=80: rel_l2=2.962e-14 (anchor 2.449e-14, tol 1.0e-10)
PASS rel_l2=6.759e-16 rel_max=8.107e-16 (tol 1e-12) L=10007 B=64
PASS map-2-step: rel_l2=2.720e-15 (tol 3.0e-14)
PASS rel_l2=1.090e-15 rel_max=1.479e-15 (tol 1e-12) L=65537 B=1
PASS rel_l2=1.248e-15 rel_max=1.587e-15 (tol 1e-12) L=65537 B=1
PASS rel_l2=1.288e-15 rel_max=1.534e-15 (tol 1e-12) L=65537 B=1
PASS rel_l2=1.288e-15 rel_max=1.534e-15 (tol 1e-12) L=65537 B=1
PASS rel_l2=1.200e-15 rel_max=1.403e-15 (tol 1e-12) L=65537 B=1
PASS rel_l2=1.210e-15 rel_max=1.461e-15 (tol 1e-12) L=65537 B=1
PASS rel_l2=1.202e-15 rel_max=1.461e-15 (tol 1e-12) L=65537 B=1
PASS rel_l2=1.021e-15 rel_max=1.142e-15 (tol 1e-12) L=65537 B=1
PASS rel_l2=1.088e-15 rel_max=1.302e-15 (tol 1e-12) L=65537 B=16
PASS rel_l2=1.247e-15 rel_max=1.483e-15 (tol 1e-12) L=65537 B=16
PASS rel_l2=1.292e-15 rel_max=1.528e-15 (tol 1e-12) L=65537 B=16
PASS rel_l2=1.292e-15 rel_max=1.528e-15 (tol 1e-12) L=65537 B=16
PASS rel_l2=1.203e-15 rel_max=1.325e-15 (tol 1e-12) L=65537 B=16
PASS rel_l2=1.210e-15 rel_max=1.470e-15 (tol 1e-12) L=65537 B=16
PASS rel_l2=1.203e-15 rel_max=1.288e-15 (tol 1e-12) L=65537 B=16
PASS rel_l2=1.020e-15 rel_max=1.233e-15 (tol 1e-12) L=65537 B=16
PASS rel_l2=1.090e-15 rel_max=1.479e-15 (tol 1e-12) L=65537 B=1
PASS map-chain m=60: rel_l2=3.809e-14 (anchor 2.983e-14, tol 1.0e-10)
PASS rel_l2=1.090e-15 rel_max=1.479e-15 (tol 1e-12) L=65537 B=1
PASS map-2-step: rel_l2=4.868e-15 (tol 3.0e-14)
PASS rel_l2=1.248e-15 rel_max=1.587e-15 (tol 1e-12) L=65537 B=1
PASS map-chain m=60: rel_l2=3.566e-14 (anchor 2.983e-14, tol 1.0e-10)
PASS rel_l2=1.248e-15 rel_max=1.587e-15 (tol 1e-12) L=65537 B=1
PASS map-2-step: rel_l2=4.391e-15 (tol 3.0e-14)
PASS rel_l2=1.288e-15 rel_max=1.534e-15 (tol 1e-12) L=65537 B=1
PASS map-chain m=60: rel_l2=4.225e-14 (anchor 2.983e-14, tol 1.0e-10)
PASS rel_l2=1.288e-15 rel_max=1.534e-15 (tol 1e-12) L=65537 B=1
PASS map-2-step: rel_l2=4.809e-15 (tol 3.0e-14)
PASS rel_l2=1.288e-15 rel_max=1.534e-15 (tol 1e-12) L=65537 B=1
PASS map-chain m=60: rel_l2=4.225e-14 (anchor 2.983e-14, tol 1.0e-10)
PASS rel_l2=1.288e-15 rel_max=1.534e-15 (tol 1e-12) L=65537 B=1
PASS map-2-step: rel_l2=4.809e-15 (tol 3.0e-14)
PASS rel_l2=1.200e-15 rel_max=1.403e-15 (tol 1e-12) L=65537 B=1
PASS map-chain m=60: rel_l2=3.755e-14 (anchor 2.983e-14, tol 1.0e-10)
PASS rel_l2=1.200e-15 rel_max=1.403e-15 (tol 1e-12) L=65537 B=1
PASS map-2-step: rel_l2=4.657e-15 (tol 3.0e-14)
PASS rel_l2=1.210e-15 rel_max=1.461e-15 (tol 1e-12) L=65537 B=1
PASS map-chain m=60: rel_l2=3.728e-14 (anchor 2.983e-14, tol 1.0e-10)
PASS rel_l2=1.204e-15 rel_max=1.534e-15 (tol 1e-12) L=65537 B=1
PASS map-2-step: rel_l2=5.070e-15 (tol 3.0e-14)
PASS rel_l2=1.210e-15 rel_max=1.461e-15 (tol 1e-12) L=65537 B=1
PASS map-chain m=60: rel_l2=3.728e-14 (anchor 2.983e-14, tol 1.0e-10)
PASS rel_l2=1.202e-15 rel_max=1.461e-15 (tol 1e-12) L=65537 B=1
PASS map-2-step: rel_l2=5.604e-15 (tol 3.0e-14)
PASS rel_l2=1.021e-15 rel_max=1.142e-15 (tol 1e-12) L=65537 B=1
PASS map-chain m=60: rel_l2=3.882e-14 (anchor 2.983e-14, tol 1.0e-10)
PASS rel_l2=1.021e-15 rel_max=1.142e-15 (tol 1e-12) L=65537 B=1
PASS map-2-step: rel_l2=4.942e-15 (tol 3.0e-14)
PASS rel_l2=1.088e-15 rel_max=1.302e-15 (tol 1e-12) L=65537 B=16
PASS map-chain m=20: rel_l2=2.010e-14 (anchor 1.660e-14, tol 1.0e-10)
PASS rel_l2=1.088e-15 rel_max=1.302e-15 (tol 1e-12) L=65537 B=16
PASS map-2-step: rel_l2=4.016e-15 (tol 3.0e-14)
PASS rel_l2=1.247e-15 rel_max=1.483e-15 (tol 1e-12) L=65537 B=16
PASS map-chain m=20: rel_l2=1.541e-14 (anchor 1.660e-14, tol 1.0e-10)
PASS rel_l2=1.247e-15 rel_max=1.483e-15 (tol 1e-12) L=65537 B=16
PASS map-2-step: rel_l2=3.824e-15 (tol 3.0e-14)
PASS rel_l2=1.292e-15 rel_max=1.528e-15 (tol 1e-12) L=65537 B=16
PASS map-chain m=20: rel_l2=2.062e-14 (anchor 1.660e-14, tol 1.0e-10)
PASS rel_l2=1.292e-15 rel_max=1.528e-15 (tol 1e-12) L=65537 B=16
PASS map-2-step: rel_l2=4.502e-15 (tol 3.0e-14)
PASS rel_l2=1.292e-15 rel_max=1.528e-15 (tol 1e-12) L=65537 B=16
PASS map-chain m=20: rel_l2=2.062e-14 (anchor 1.660e-14, tol 1.0e-10)
PASS rel_l2=1.292e-15 rel_max=1.528e-15 (tol 1e-12) L=65537 B=16
PASS map-2-step: rel_l2=4.502e-15 (tol 3.0e-14)
PASS rel_l2=1.203e-15 rel_max=1.325e-15 (tol 1e-12) L=65537 B=16
PASS map-chain m=20: rel_l2=2.068e-14 (anchor 1.660e-14, tol 1.0e-10)
PASS rel_l2=1.203e-15 rel_max=1.325e-15 (tol 1e-12) L=65537 B=16
PASS map-2-step: rel_l2=3.887e-15 (tol 3.0e-14)
PASS rel_l2=1.210e-15 rel_max=1.470e-15 (tol 1e-12) L=65537 B=16
PASS map-chain m=20: rel_l2=1.696e-14 (anchor 1.660e-14, tol 1.0e-10)
PASS rel_l2=1.211e-15 rel_max=1.452e-15 (tol 1e-12) L=65537 B=16
PASS map-2-step: rel_l2=3.852e-15 (tol 3.0e-14)
PASS rel_l2=1.203e-15 rel_max=1.288e-15 (tol 1e-12) L=65537 B=16
PASS map-chain m=20: rel_l2=1.749e-14 (anchor 1.660e-14, tol 1.0e-10)
PASS rel_l2=1.203e-15 rel_max=1.288e-15 (tol 1e-12) L=65537 B=16
PASS map-2-step: rel_l2=3.784e-15 (tol 3.0e-14)
PASS rel_l2=1.020e-15 rel_max=1.233e-15 (tol 1e-12) L=65537 B=16
PASS map-chain m=20: rel_l2=1.669e-14 (anchor 1.660e-14, tol 1.0e-10)
PASS rel_l2=1.020e-15 rel_max=1.233e-15 (tol 1e-12) L=65537 B=16
PASS map-2-step: rel_l2=3.639e-15 (tol 3.0e-14)
PASS rel_l2=1.048e-15 rel_max=1.195e-15 (tol 1e-12) L=100003 B=1
PASS rel_l2=1.012e-15 rel_max=1.038e-15 (tol 1e-12) L=100003 B=1
PASS rel_l2=1.048e-15 rel_max=1.195e-15 (tol 1e-12) L=100003 B=1
PASS rel_l2=9.120e-16 rel_max=9.376e-16 (tol 1e-12) L=100003 B=1
PASS rel_l2=9.088e-16 rel_max=1.133e-15 (tol 1e-12) L=100003 B=1
PASS rel_l2=9.029e-16 rel_max=1.030e-15 (tol 1e-12) L=100003 B=1
PASS rel_l2=8.822e-16 rel_max=9.405e-16 (tol 1e-12) L=100003 B=1
PASS rel_l2=1.051e-15 rel_max=1.135e-15 (tol 1e-12) L=100003 B=8
PASS rel_l2=1.012e-15 rel_max=1.096e-15 (tol 1e-12) L=100003 B=8
PASS rel_l2=1.051e-15 rel_max=1.135e-15 (tol 1e-12) L=100003 B=8
PASS rel_l2=9.134e-16 rel_max=9.396e-16 (tol 1e-12) L=100003 B=8
PASS rel_l2=9.041e-16 rel_max=1.016e-15 (tol 1e-12) L=100003 B=8
PASS rel_l2=9.043e-16 rel_max=9.549e-16 (tol 1e-12) L=100003 B=8
PASS rel_l2=8.826e-16 rel_max=9.325e-16 (tol 1e-12) L=100003 B=8
PASS rel_l2=1.048e-15 rel_max=1.195e-15 (tol 1e-12) L=100003 B=1
PASS map-chain m=40: rel_l2=2.323e-14 (anchor 2.596e-14, tol 1.0e-10)
PASS rel_l2=1.048e-15 rel_max=1.195e-15 (tol 1e-12) L=100003 B=1
PASS map-2-step: rel_l2=3.769e-15 (tol 3.0e-14)
PASS rel_l2=1.012e-15 rel_max=1.038e-15 (tol 1e-12) L=100003 B=1
PASS map-chain m=40: rel_l2=2.685e-14 (anchor 2.596e-14, tol 1.0e-10)
PASS rel_l2=1.012e-15 rel_max=1.038e-15 (tol 1e-12) L=100003 B=1
PASS map-2-step: rel_l2=4.518e-15 (tol 3.0e-14)
PASS rel_l2=1.048e-15 rel_max=1.195e-15 (tol 1e-12) L=100003 B=1
PASS map-chain m=40: rel_l2=2.323e-14 (anchor 2.596e-14, tol 1.0e-10)
PASS rel_l2=1.048e-15 rel_max=1.195e-15 (tol 1e-12) L=100003 B=1
PASS map-2-step: rel_l2=3.769e-15 (tol 3.0e-14)
PASS rel_l2=9.120e-16 rel_max=9.376e-16 (tol 1e-12) L=100003 B=1
PASS map-chain m=40: rel_l2=3.379e-14 (anchor 2.596e-14, tol 1.0e-10)
PASS rel_l2=9.120e-16 rel_max=9.376e-16 (tol 1e-12) L=100003 B=1
PASS map-2-step: rel_l2=4.948e-15 (tol 3.0e-14)
PASS rel_l2=9.020e-16 rel_max=1.051e-15 (tol 1e-12) L=100003 B=1
PASS map-chain m=40: rel_l2=2.742e-14 (anchor 2.596e-14, tol 1.0e-10)
PASS rel_l2=9.027e-16 rel_max=1.188e-15 (tol 1e-12) L=100003 B=1
PASS map-2-step: rel_l2=4.350e-15 (tol 3.0e-14)
PASS rel_l2=9.020e-16 rel_max=1.051e-15 (tol 1e-12) L=100003 B=1
PASS map-chain m=40: rel_l2=2.742e-14 (anchor 2.596e-14, tol 1.0e-10)
PASS rel_l2=9.020e-16 rel_max=1.051e-15 (tol 1e-12) L=100003 B=1
PASS map-2-step: rel_l2=4.212e-15 (tol 3.0e-14)
PASS rel_l2=8.822e-16 rel_max=9.405e-16 (tol 1e-12) L=100003 B=1
PASS map-chain m=40: rel_l2=2.278e-14 (anchor 2.596e-14, tol 1.0e-10)
PASS rel_l2=8.822e-16 rel_max=9.405e-16 (tol 1e-12) L=100003 B=1
PASS map-2-step: rel_l2=3.915e-15 (tol 3.0e-14)
PASS rel_l2=1.051e-15 rel_max=1.135e-15 (tol 1e-12) L=100003 B=8
PASS map-chain m=15: rel_l2=1.714e-14 (anchor 1.633e-14, tol 1.0e-10)
PASS rel_l2=1.051e-15 rel_max=1.135e-15 (tol 1e-12) L=100003 B=8
PASS map-2-step: rel_l2=4.654e-15 (tol 3.0e-14)
PASS rel_l2=1.012e-15 rel_max=1.096e-15 (tol 1e-12) L=100003 B=8
PASS map-chain m=15: rel_l2=1.612e-14 (anchor 1.633e-14, tol 1.0e-10)
PASS rel_l2=1.012e-15 rel_max=1.096e-15 (tol 1e-12) L=100003 B=8
PASS map-2-step: rel_l2=4.414e-15 (tol 3.0e-14)
PASS rel_l2=1.051e-15 rel_max=1.135e-15 (tol 1e-12) L=100003 B=8
PASS map-chain m=15: rel_l2=1.854e-14 (anchor 1.633e-14, tol 1.0e-10)
PASS rel_l2=1.051e-15 rel_max=1.135e-15 (tol 1e-12) L=100003 B=8
PASS map-2-step: rel_l2=4.682e-15 (tol 3.0e-14)
PASS rel_l2=9.134e-16 rel_max=9.396e-16 (tol 1e-12) L=100003 B=8
PASS map-chain m=15: rel_l2=1.535e-14 (anchor 1.633e-14, tol 1.0e-10)
PASS rel_l2=9.134e-16 rel_max=9.396e-16 (tol 1e-12) L=100003 B=8
PASS map-2-step: rel_l2=4.591e-15 (tol 3.0e-14)
PASS rel_l2=9.041e-16 rel_max=1.016e-15 (tol 1e-12) L=100003 B=8
PASS map-chain m=15: rel_l2=1.577e-14 (anchor 1.633e-14, tol 1.0e-10)
PASS rel_l2=9.007e-16 rel_max=9.325e-16 (tol 1e-12) L=100003 B=8
PASS map-2-step: rel_l2=4.573e-15 (tol 3.0e-14)
PASS rel_l2=9.041e-16 rel_max=1.016e-15 (tol 1e-12) L=100003 B=8
PASS map-chain m=15: rel_l2=1.577e-14 (anchor 1.633e-14, tol 1.0e-10)
PASS rel_l2=9.043e-16 rel_max=9.549e-16 (tol 1e-12) L=100003 B=8
PASS map-2-step: rel_l2=4.552e-15 (tol 3.0e-14)
PASS rel_l2=8.826e-16 rel_max=9.325e-16 (tol 1e-12) L=100003 B=8
PASS map-chain m=15: rel_l2=1.537e-14 (anchor 1.633e-14, tol 1.0e-10)
PASS rel_l2=8.826e-16 rel_max=9.325e-16 (tol 1e-12) L=100003 B=8
PASS map-2-step: rel_l2=4.538e-15 (tol 3.0e-14)
