PASS rel_l2=3.930e-16 rel_max=4.898e-16 (tol 1e-12) L=13 B=1
PASS rel_l2=1.085e-16 rel_max=1.095e-16 (tol 1e-12) L=13 B=1
PASS rel_l2=1.321e-16 rel_max=2.191e-16 (tol 1e-12) L=13 B=1
PASS rel_l2=1.487e-16 rel_max=1.959e-16 (tol 1e-12) L=13 B=1
PASS rel_l2=1.214e-16 rel_max=1.095e-16 (tol 1e-12) L=13 B=1
PASS rel_l2=1.214e-16 rel_max=1.095e-16 (tol 1e-12) L=13 B=1
PASS rel_l2=2.824e-16 rel_max=3.098e-16 (tol 1e-12) L=13 B=1
PASS rel_l2=1.371e-16 rel_max=1.714e-16 (tol 1e-12) L=13 B=1
PASS rel_l2=1.273e-16 rel_max=1.385e-16 (tol 1e-12) L=13 B=1
PASS rel_l2=1.273e-16 rel_max=1.385e-16 (tol 1e-12) L=13 B=1
PASS rel_l2=1.273e-16 rel_max=1.385e-16 (tol 1e-12) L=13 B=1
PASS rel_l2=1.141e-16 rel_max=1.155e-16 (tol 1e-12) L=13 B=1
PASS rel_l2=4.084e-16 rel_max=4.933e-16 (tol 1e-12) L=13 B=512
PASS rel_l2=1.371e-16 rel_max=2.412e-16 (tol 1e-12) L=13 B=512
PASS rel_l2=1.810e-16 rel_max=2.675e-16 (tol 1e-12) L=13 B=512
PASS rel_l2=1.371e-16 rel_max=2.412e-16 (tol 1e-12) L=13 B=512
PASS rel_l2=1.739e-16 rel_max=2.675e-16 (tol 1e-12) L=13 B=512
PASS rel_l2=1.739e-16 rel_max=2.675e-16 (tol 1e-12) L=13 B=512
PASS rel_l2=2.838e-16 rel_max=3.222e-16 (tol 1e-12) L=13 B=512
PASS rel_l2=1.815e-16 rel_max=2.467e-16 (tol 1e-12) L=13 B=512
PASS rel_l2=1.815e-16 rel_max=2.467e-16 (tol 1e-12) L=13 B=512
PASS rel_l2=1.855e-16 rel_max=2.675e-16 (tol 1e-12) L=13 B=512
PASS rel_l2=1.855e-16 rel_max=2.675e-16 (tol 1e-12) L=13 B=512
PASS rel_l2=1.855e-16 rel_max=2.675e-16 (tol 1e-12) L=13 B=512
PASS rel_l2=1.759e-16 rel_max=2.467e-16 (tol 1e-12) L=13 B=512
PASS rel_l2=3.930e-16 rel_max=4.898e-16 (tol 1e-12) L=13 B=1
PASS map-chain m=200000: rel_l2=7.380e-15 (anchor 7.891e-16, tol 1.0e-10)
PASS rel_l2=3.930e-16 rel_max=4.898e-16 (tol 1e-12) L=13 B=1
PASS map-2-step: rel_l2=6.239e-16 (tol 3.0e-14)
PASS rel_l2=1.085e-16 rel_max=1.095e-16 (tol 1e-12) L=13 B=1
PASS map-chain m=200000: rel_l2=3.396e-16 (anchor 7.891e-16, tol 1.0e-10)
PASS rel_l2=1.085e-16 rel_max=1.095e-16 (tol 1e-12) L=13 B=1
PASS map-2-step: rel_l2=3.516e-16 (tol 3.0e-14)
PASS rel_l2=1.321e-16 rel_max=2.191e-16 (tol 1e-12) L=13 B=1
PASS map-chain m=200000: rel_l2=4.540e-16 (anchor 7.891e-16, tol 1.0e-10)
PASS rel_l2=1.321e-16 rel_max=2.191e-16 (tol 1e-12) L=13 B=1
PASS map-2-step: rel_l2=2.327e-16 (tol 3.0e-14)
PASS rel_l2=1.487e-16 rel_max=1.959e-16 (tol 1e-12) L=13 B=1
PASS map-chain m=200000: rel_l2=4.444e-16 (anchor 7.891e-16, tol 1.0e-10)
PASS rel_l2=1.487e-16 rel_max=1.959e-16 (tol 1e-12) L=13 B=1
PASS map-2-step: rel_l2=3.458e-16 (tol 3.0e-14)
PASS rel_l2=1.214e-16 rel_max=1.095e-16 (tol 1e-12) L=13 B=1
PASS map-chain m=200000: rel_l2=1.051e-15 (anchor 7.891e-16, tol 1.0e-10)
PASS rel_l2=1.214e-16 rel_max=1.095e-16 (tol 1e-12) L=13 B=1
PASS map-2-step: rel_l2=4.273e-16 (tol 3.0e-14)
PASS rel_l2=1.214e-16 rel_max=1.095e-16 (tol 1e-12) L=13 B=1
PASS map-chain m=200000: rel_l2=3.396e-16 (anchor 7.891e-16, tol 1.0e-10)
PASS rel_l2=1.214e-16 rel_max=1.095e-16 (tol 1e-12) L=13 B=1
PASS map-2-step: rel_l2=3.516e-16 (tol 3.0e-14)
PASS rel_l2=2.824e-16 rel_max=3.098e-16 (tol 1e-12) L=13 B=1
PASS map-chain m=200000: rel_l2=3.170e-15 (anchor 7.891e-16, tol 1.0e-10)
PASS rel_l2=2.824e-16 rel_max=3.098e-16 (tol 1e-12) L=13 B=1
PASS map-2-step: rel_l2=3.324e-16 (tol 3.0e-14)
PASS rel_l2=1.371e-16 rel_max=1.714e-16 (tol 1e-12) L=13 B=1
PASS map-chain m=200000: rel_l2=6.247e-16 (anchor 7.891e-16, tol 1.0e-10)
PASS rel_l2=1.371e-16 rel_max=1.714e-16 (tol 1e-12) L=13 B=1
PASS map-2-step: rel_l2=3.333e-16 (tol 3.0e-14)
PASS rel_l2=1.273e-16 rel_max=1.385e-16 (tol 1e-12) L=13 B=1
PASS map-chain m=200000: rel_l2=4.869e-16 (anchor 7.891e-16, tol 1.0e-10)
PASS rel_l2=1.273e-16 rel_max=1.385e-16 (tol 1e-12) L=13 B=1
PASS map-2-step: rel_l2=2.810e-16 (tol 3.0e-14)
PASS rel_l2=1.273e-16 rel_max=1.385e-16 (tol 1e-12) L=13 B=1
PASS map-chain m=200000: rel_l2=4.869e-16 (anchor 7.891e-16, tol 1.0e-10)
PASS rel_l2=1.273e-16 rel_max=1.385e-16 (tol 1e-12) L=13 B=1
PASS map-2-step: rel_l2=2.810e-16 (tol 3.0e-14)
PASS rel_l2=1.273e-16 rel_max=1.385e-16 (tol 1e-12) L=13 B=1
PASS map-chain m=200000: rel_l2=4.869e-16 (anchor 7.891e-16, tol 1.0e-10)
PASS rel_l2=1.273e-16 rel_max=1.385e-16 (tol 1e-12) L=13 B=1
PASS map-2-step: rel_l2=2.810e-16 (tol 3.0e-14)
PASS rel_l2=1.141e-16 rel_max=1.155e-16 (tol 1e-12) L=13 B=1
PASS map-chain m=200000: rel_l2=1.253e-15 (anchor 7.891e-16, tol 1.0e-10)
PASS rel_l2=1.141e-16 rel_max=1.155e-16 (tol 1e-12) L=13 B=1
PASS map-2-step: rel_l2=3.638e-16 (tol 3.0e-14)
PASS rel_l2=4.084e-16 rel_max=4.933e-16 (tol 1e-12) L=13 B=512
PASS map-chain m=2000: rel_l2=4.873e-13 (anchor 4.964e-15, tol 1.0e-10)
PASS rel_l2=4.084e-16 rel_max=4.933e-16 (tol 1e-12) L=13 B=512
PASS map-2-step: rel_l2=7.156e-16 (tol 3.0e-14)
PASS rel_l2=1.371e-16 rel_max=2.412e-16 (tol 1e-12) L=13 B=512
PASS map-chain m=2000: rel_l2=2.073e-14 (anchor 4.964e-15, tol 1.0e-10)
PASS rel_l2=1.371e-16 rel_max=2.412e-16 (tol 1e-12) L=13 B=512
PASS map-2-step: rel_l2=2.810e-16 (tol 3.0e-14)
PASS rel_l2=1.810e-16 rel_max=2.675e-16 (tol 1e-12) L=13 B=512
PASS map-chain m=2000: rel_l2=6.245e-15 (anchor 4.964e-15, tol 1.0e-10)
PASS rel_l2=1.810e-16 rel_max=2.675e-16 (tol 1e-12) L=13 B=512
PASS map-2-step: rel_l2=3.130e-16 (tol 3.0e-14)
PASS rel_l2=1.371e-16 rel_max=2.412e-16 (tol 1e-12) L=13 B=512
PASS map-chain m=2000: rel_l2=1.113e-14 (anchor 4.964e-15, tol 1.0e-10)
PASS rel_l2=1.371e-16 rel_max=2.412e-16 (tol 1e-12) L=13 B=512
PASS map-2-step: rel_l2=2.867e-16 (tol 3.0e-14)
PASS rel_l2=1.739e-16 rel_max=2.675e-16 (tol 1e-12) L=13 B=512
PASS map-chain m=2000: rel_l2=2.009e-13 (anchor 4.964e-15, tol 1.0e-10)
PASS rel_l2=1.739e-16 rel_max=2.675e-16 (tol 1e-12) L=13 B=512
PASS map-2-step: rel_l2=3.723e-16 (tol 3.0e-14)
PASS rel_l2=1.739e-16 rel_max=2.675e-16 (tol 1e-12) L=13 B=512
PASS map-chain m=2000: rel_l2=1.885e-14 (anchor 4.964e-15, tol 1.0e-10)
PASS rel_l2=1.739e-16 rel_max=2.675e-16 (tol 1e-12) L=13 B=512
PASS map-2-step: rel_l2=5.220e-16 (tol 3.0e-14)
PASS rel_l2=2.838e-16 rel_max=3.222e-16 (tol 1e-12) L=13 B=512
PASS map-chain m=2000: rel_l2=1.885e-14 (anchor 4.964e-15, tol 1.0e-10)
PASS rel_l2=2.838e-16 rel_max=3.222e-16 (tol 1e-12) L=13 B=512
PASS map-2-step: rel_l2=5.220e-16 (tol 3.0e-14)
PASS rel_l2=1.815e-16 rel_max=2.467e-16 (tol 1e-12) L=13 B=512
PASS map-chain m=2000: rel_l2=3.347e-14 (anchor 4.964e-15, tol 1.0e-10)
PASS rel_l2=1.815e-16 rel_max=2.467e-16 (tol 1e-12) L=13 B=512
PASS map-2-step: rel_l2=3.363e-16 (tol 3.0e-14)
PASS rel_l2=1.815e-16 rel_max=2.467e-16 (tol 1e-12) L=13 B=512
PASS map-chain m=2000: rel_l2=3.347e-14 (anchor 4.964e-15, tol 1.0e-10)
PASS rel_l2=1.815e-16 rel_max=2.467e-16 (tol 1e-12) L=13 B=512
PASS map-2-step: rel_l2=3.363e-16 (tol 3.0e-14)
PASS rel_l2=1.855e-16 rel_max=2.675e-16 (tol 1e-12) L=13 B=512
PASS map-chain m=2000: rel_l2=9.140e-14 (anchor 4.964e-15, tol 1.0e-10)
PASS rel_l2=1.855e-16 rel_max=2.675e-16 (tol 1e-12) L=13 B=512
PASS map-2-step: rel_l2=3.387e-16 (tol 3.0e-14)
PASS rel_l2=1.855e-16 rel_max=2.675e-16 (tol 1e-12) L=13 B=512
PASS map-chain m=2000: rel_l2=9.140e-14 (anchor 4.964e-15, tol 1.0e-10)
PASS rel_l2=1.855e-16 rel_max=2.675e-16 (tol 1e-12) L=13 B=512
PASS map-2-step: rel_l2=3.387e-16 (tol 3.0e-14)
PASS rel_l2=1.855e-16 rel_max=2.675e-16 (tol 1e-12) L=13 B=512
PASS map-chain m=2000: rel_l2=9.140e-14 (anchor 4.964e-15, tol 1.0e-10)
PASS rel_l2=1.855e-16 rel_max=2.675e-16 (tol 1e-12) L=13 B=512
PASS map-2-step: rel_l2=3.387e-16 (tol 3.0e-14)
PASS rel_l2=1.759e-16 rel_max=2.467e-16 (tol 1e-12) L=13 B=512
PASS map-chain m=2000: rel_l2=2.081e-13 (anchor 4.964e-15, tol 1.0e-10)
PASS rel_l2=1.759e-16 rel_max=2.467e-16 (tol 1e-12) L=13 B=512
PASS map-2-step: rel_l2=3.403e-16 (tol 3.0e-14)
PASS rel_l2=4.653e-16 rel_max=4.204e-16 (tol 1e-12) L=31 B=1
PASS rel_l2=2.306e-16 rel_max=2.118e-16 (tol 1e-12) L=31 B=1
PASS rel_l2=3.120e-16 rel_max=2.652e-16 (tol 1e-12) L=31 B=1
PASS rel_l2=2.027e-16 rel_max=2.102e-16 (tol 1e-12) L=31 B=1
PASS rel_l2=3.562e-16 rel_max=3.415e-16 (tol 1e-12) L=31 B=1
PASS rel_l2=3.562e-16 rel_max=3.415e-16 (tol 1e-12) L=31 B=1
PASS rel_l2=3.498e-16 rel_max=2.902e-16 (tol 1e-12) L=31 B=1
PASS rel_l2=2.623e-16 rel_max=2.350e-16 (tol 1e-12) L=31 B=1
PASS rel_l2=1.894e-16 rel_max=1.610e-16 (tol 1e-12) L=31 B=1
PASS rel_l2=1.894e-16 rel_max=1.610e-16 (tol 1e-12) L=31 B=1
PASS rel_l2=1.894e-16 rel_max=1.610e-16 (tol 1e-12) L=31 B=1
PASS rel_l2=2.907e-16 rel_max=2.350e-16 (tol 1e-12) L=31 B=1
PASS rel_l2=4.253e-16 rel_max=5.074e-16 (tol 1e-12) L=31 B=512
PASS rel_l2=2.126e-16 rel_max=2.989e-16 (tol 1e-12) L=31 B=512
PASS rel_l2=3.248e-16 rel_max=3.974e-16 (tol 1e-12) L=31 B=512
PASS rel_l2=2.088e-16 rel_max=2.989e-16 (tol 1e-12) L=31 B=512
PASS rel_l2=2.872e-16 rel_max=3.242e-16 (tol 1e-12) L=31 B=512
PASS rel_l2=2.872e-16 rel_max=3.242e-16 (tol 1e-12) L=31 B=512
PASS rel_l2=3.577e-16 rel_max=4.089e-16 (tol 1e-12) L=31 B=512
PASS rel_l2=2.579e-16 rel_max=2.989e-16 (tol 1e-12) L=31 B=512
PASS rel_l2=2.579e-16 rel_max=2.989e-16 (tol 1e-12) L=31 B=512
PASS rel_l2=2.057e-16 rel_max=3.075e-16 (tol 1e-12) L=31 B=512
PASS rel_l2=2.057e-16 rel_max=3.075e-16 (tol 1e-12) L=31 B=512
PASS rel_l2=2.057e-16 rel_max=3.075e-16 (tol 1e-12) L=31 B=512
PASS rel_l2=2.277e-16 rel_max=2.989e-16 (tol 1e-12) L=31 B=512
PASS rel_l2=4.653e-16 rel_max=4.204e-16 (tol 1e-12) L=31 B=1
PASS map-chain m=100000: rel_l2=3.330e-14 (anchor 3.716e-16, tol 1.0e-10)
PASS rel_l2=4.653e-16 rel_max=4.204e-16 (tol 1e-12) L=31 B=1
PASS map-2-step: rel_l2=8.245e-16 (tol 3.0e-14)
PASS rel_l2=2.306e-16 rel_max=2.118e-16 (tol 1e-12) L=31 B=1
PASS map-chain m=100000: rel_l2=2.199e-15 (anchor 3.716e-16, tol 1.0e-10)
PASS rel_l2=2.306e-16 rel_max=2.118e-16 (tol 1e-12) L=31 B=1
PASS map-2-step: rel_l2=4.216e-16 (tol 3.0e-14)
PASS rel_l2=3.120e-16 rel_max=2.652e-16 (tol 1e-12) L=31 B=1
PASS map-chain m=100000: rel_l2=7.617e-15 (anchor 3.716e-16, tol 1.0e-10)
PASS rel_l2=3.120e-16 rel_max=2.652e-16 (tol 1e-12) L=31 B=1
PASS map-2-step: rel_l2=5.304e-16 (tol 3.0e-14)
PASS rel_l2=2.027e-16 rel_max=2.102e-16 (tol 1e-12) L=31 B=1
PASS map-chain m=100000: rel_l2=1.813e-15 (anchor 3.716e-16, tol 1.0e-10)
PASS rel_l2=2.027e-16 rel_max=2.102e-16 (tol 1e-12) L=31 B=1
PASS map-2-step: rel_l2=3.190e-16 (tol 3.0e-14)
PASS rel_l2=3.562e-16 rel_max=3.415e-16 (tol 1e-12) L=31 B=1
PASS map-chain m=100000: rel_l2=2.228e-15 (anchor 3.716e-16, tol 1.0e-10)
PASS rel_l2=3.562e-16 rel_max=3.415e-16 (tol 1e-12) L=31 B=1
PASS map-2-step: rel_l2=7.403e-16 (tol 3.0e-14)
PASS rel_l2=3.562e-16 rel_max=3.415e-16 (tol 1e-12) L=31 B=1
PASS map-chain m=100000: rel_l2=2.199e-15 (anchor 3.716e-16, tol 1.0e-10)
PASS rel_l2=3.562e-16 rel_max=3.415e-16 (tol 1e-12) L=31 B=1
PASS map-2-step: rel_l2=4.216e-16 (tol 3.0e-14)
PASS rel_l2=3.498e-16 rel_max=2.902e-16 (tol 1e-12) L=31 B=1
PASS map-chain m=100000: rel_l2=1.892e-14 (anchor 3.716e-16, tol 1.0e-10)
PASS rel_l2=3.498e-16 rel_max=2.902e-16 (tol 1e-12) L=31 B=1
PASS map-2-step: rel_l2=8.916e-16 (tol 3.0e-14)
PASS rel_l2=2.623e-16 rel_max=2.350e-16 (tol 1e-12) L=31 B=1
PASS map-chain m=100000: rel_l2=1.604e-15 (anchor 3.716e-16, tol 1.0e-10)
PASS rel_l2=2.623e-16 rel_max=2.350e-16 (tol 1e-12) L=31 B=1
PASS map-2-step: rel_l2=4.930e-16 (tol 3.0e-14)
PASS rel_l2=1.894e-16 rel_max=1.610e-16 (tol 1e-12) L=31 B=1
PASS map-chain m=100000: rel_l2=9.679e-16 (anchor 3.716e-16, tol 1.0e-10)
PASS rel_l2=1.894e-16 rel_max=1.610e-16 (tol 1e-12) L=31 B=1
PASS map-2-step: rel_l2=2.759e-16 (tol 3.0e-14)
PASS rel_l2=1.894e-16 rel_max=1.610e-16 (tol 1e-12) L=31 B=1
PASS map-chain m=100000: rel_l2=9.679e-16 (anchor 3.716e-16, tol 1.0e-10)
PASS rel_l2=1.894e-16 rel_max=1.610e-16 (tol 1e-12) L=31 B=1
PASS map-2-step: rel_l2=2.759e-16 (tol 3.0e-14)
PASS rel_l2=1.894e-16 rel_max=1.610e-16 (tol 1e-12) L=31 B=1
PASS map-chain m=100000: rel_l2=9.679e-16 (anchor 3.716e-16, tol 1.0e-10)
PASS rel_l2=1.894e-16 rel_max=1.610e-16 (tol 1e-12) L=31 B=1
PASS map-2-step: rel_l2=2.759e-16 (tol 3.0e-14)
PASS rel_l2=2.907e-16 rel_max=2.350e-16 (tol 1e-12) L=31 B=1
PASS map-chain m=100000: rel_l2=2.149e-15 (anchor 3.716e-16, tol 1.0e-10)
PASS rel_l2=2.907e-16 rel_max=2.350e-16 (tol 1e-12) L=31 B=1
PASS map-2-step: rel_l2=4.866e-16 (tol 3.0e-14)
PASS rel_l2=4.253e-16 rel_max=5.074e-16 (tol 1e-12) L=31 B=512
PASS map-chain m=1200: rel_l2=5.588e-12 (anchor 7.990e-13, tol 3.0e-10)
PASS rel_l2=4.253e-16 rel_max=5.074e-16 (tol 1e-12) L=31 B=512
PASS map-2-step: rel_l2=8.183e-16 (tol 3.0e-14)
PASS rel_l2=2.126e-16 rel_max=2.989e-16 (tol 1e-12) L=31 B=512
PASS map-chain m=1200: rel_l2=5.689e-13 (anchor 7.990e-13, tol 3.0e-10)
PASS rel_l2=2.126e-16 rel_max=2.989e-16 (tol 1e-12) L=31 B=512
PASS map-2-step: rel_l2=4.196e-16 (tol 3.0e-14)
PASS rel_l2=3.248e-16 rel_max=3.974e-16 (tol 1e-12) L=31 B=512
PASS map-chain m=1200: rel_l2=2.678e-12 (anchor 7.990e-13, tol 3.0e-10)
PASS rel_l2=3.248e-16 rel_max=3.974e-16 (tol 1e-12) L=31 B=512
PASS map-2-step: rel_l2=6.511e-16 (tol 3.0e-14)
PASS rel_l2=2.088e-16 rel_max=2.989e-16 (tol 1e-12) L=31 B=512
PASS map-chain m=1200: rel_l2=4.365e-13 (anchor 7.990e-13, tol 3.0e-10)
PASS rel_l2=2.088e-16 rel_max=2.989e-16 (tol 1e-12) L=31 B=512
PASS map-2-step: rel_l2=4.180e-16 (tol 3.0e-14)
PASS rel_l2=2.872e-16 rel_max=3.242e-16 (tol 1e-12) L=31 B=512
PASS map-chain m=1200: rel_l2=2.496e-12 (anchor 7.990e-13, tol 3.0e-10)
PASS rel_l2=2.872e-16 rel_max=3.242e-16 (tol 1e-12) L=31 B=512
PASS map-2-step: rel_l2=6.626e-16 (tol 3.0e-14)
PASS rel_l2=2.872e-16 rel_max=3.242e-16 (tol 1e-12) L=31 B=512
PASS map-chain m=1200: rel_l2=2.496e-12 (anchor 7.990e-13, tol 3.0e-10)
PASS rel_l2=2.872e-16 rel_max=3.242e-16 (tol 1e-12) L=31 B=512
PASS map-2-step: rel_l2=6.626e-16 (tol 3.0e-14)
PASS rel_l2=3.577e-16 rel_max=4.089e-16 (tol 1e-12) L=31 B=512
PASS map-chain m=1200: rel_l2=5.919e-12 (anchor 7.990e-13, tol 3.0e-10)
PASS rel_l2=3.577e-16 rel_max=4.089e-16 (tol 1e-12) L=31 B=512
PASS map-2-step: rel_l2=7.400e-16 (tol 3.0e-14)
PASS rel_l2=2.579e-16 rel_max=2.989e-16 (tol 1e-12) L=31 B=512
PASS map-chain m=1200: rel_l2=1.451e-12 (anchor 7.990e-13, tol 3.0e-10)
PASS rel_l2=2.579e-16 rel_max=2.989e-16 (tol 1e-12) L=31 B=512
PASS map-2-step: rel_l2=5.304e-16 (tol 3.0e-14)
PASS rel_l2=2.579e-16 rel_max=2.989e-16 (tol 1e-12) L=31 B=512
PASS map-chain m=1200: rel_l2=1.451e-12 (anchor 7.990e-13, tol 3.0e-10)
PASS rel_l2=2.579e-16 rel_max=2.989e-16 (tol 1e-12) L=31 B=512
PASS map-2-step: rel_l2=5.304e-16 (tol 3.0e-14)
PASS rel_l2=2.057e-16 rel_max=3.075e-16 (tol 1e-12) L=31 B=512
PASS map-chain m=1200: rel_l2=9.823e-13 (anchor 7.990e-13, tol 3.0e-10)
PASS rel_l2=2.057e-16 rel_max=3.075e-16 (tol 1e-12) L=31 B=512
PASS map-2-step: rel_l2=4.130e-16 (tol 3.0e-14)
PASS rel_l2=2.057e-16 rel_max=3.075e-16 (tol 1e-12) L=31 B=512
PASS map-chain m=1200: rel_l2=9.823e-13 (anchor 7.990e-13, tol 3.0e-10)
PASS rel_l2=2.057e-16 rel_max=3.075e-16 (tol 1e-12) L=31 B=512
PASS map-2-step: rel_l2=4.130e-16 (tol 3.0e-14)
PASS rel_l2=2.057e-16 rel_max=3.075e-16 (tol 1e-12) L=31 B=512
PASS map-chain m=1200: rel_l2=9.823e-13 (anchor 7.990e-13, tol 3.0e-10)
PASS rel_l2=2.057e-16 rel_max=3.075e-16 (tol 1e-12) L=31 B=512
PASS map-2-step: rel_l2=4.130e-16 (tol 3.0e-14)
PASS rel_l2=2.277e-16 rel_max=2.989e-16 (tol 1e-12) L=31 B=512
PASS map-chain m=1200: rel_l2=1.195e-12 (anchor 7.990e-13, tol 3.0e-10)
PASS rel_l2=2.277e-16 rel_max=2.989e-16 (tol 1e-12) L=31 B=512
PASS map-2-step: rel_l2=4.744e-16 (tol 3.0e-14)
PASS rel_l2=3.435e-16 rel_max=4.445e-16 (tol 1e-12) L=32 B=1
PASS rel_l2=8.556e-17 rel_max=1.334e-16 (tol 1e-12) L=32 B=1
PASS rel_l2=1.112e-16 rel_max=1.603e-16 (tol 1e-12) L=32 B=1
PASS rel_l2=1.112e-16 rel_max=1.603e-16 (tol 1e-12) L=32 B=1
PASS rel_l2=1.332e-16 rel_max=1.778e-16 (tol 1e-12) L=32 B=1
PASS rel_l2=1.332e-16 rel_max=1.778e-16 (tol 1e-12) L=32 B=1
PASS rel_l2=1.236e-16 rel_max=1.833e-16 (tol 1e-12) L=32 B=1
PASS rel_l2=1.278e-16 rel_max=1.833e-16 (tol 1e-12) L=32 B=1
PASS rel_l2=1.110e-16 rel_max=1.603e-16 (tol 1e-12) L=32 B=1
PASS rel_l2=1.232e-16 rel_max=2.097e-16 (tol 1e-12) L=32 B=1
PASS rel_l2=1.188e-16 rel_max=1.603e-16 (tol 1e-12) L=32 B=1
PASS rel_l2=1.244e-16 rel_max=2.097e-16 (tol 1e-12) L=32 B=1
PASS rel_l2=3.377e-16 rel_max=4.567e-16 (tol 1e-12) L=32 B=512
PASS rel_l2=1.130e-16 rel_max=1.702e-16 (tol 1e-12) L=32 B=512
PASS rel_l2=1.432e-16 rel_max=2.153e-16 (tol 1e-12) L=32 B=512
PASS rel_l2=1.432e-16 rel_max=2.153e-16 (tol 1e-12) L=32 B=512
PASS rel_l2=1.427e-16 rel_max=2.153e-16 (tol 1e-12) L=32 B=512
PASS rel_l2=1.427e-16 rel_max=2.153e-16 (tol 1e-12) L=32 B=512
PASS rel_l2=1.443e-16 rel_max=2.723e-16 (tol 1e-12) L=32 B=512
PASS rel_l2=1.379e-16 rel_max=2.105e-16 (tol 1e-12) L=32 B=512
PASS rel_l2=1.379e-16 rel_max=2.105e-16 (tol 1e-12) L=32 B=512
PASS rel_l2=1.532e-16 rel_max=2.284e-16 (tol 1e-12) L=32 B=512
PASS rel_l2=1.620e-16 rel_max=2.044e-16 (tol 1e-12) L=32 B=512
PASS rel_l2=1.620e-16 rel_max=2.044e-16 (tol 1e-12) L=32 B=512
PASS rel_l2=1.346e-16 rel_max=2.744e-16 (tol 1e-12) L=32 B=512
PASS rel_l2=3.435e-16 rel_max=4.445e-16 (tol 1e-12) L=32 B=1
PASS map-chain m=100000: rel_l2=3.768e-14 (anchor 0.000e+00, tol 1.0e-10)
PASS rel_l2=3.435e-16 rel_max=4.445e-16 (tol 1e-12) L=32 B=1
PASS map-2-step: rel_l2=4.859e-16 (tol 3.0e-14)
PASS rel_l2=8.556e-17 rel_max=1.334e-16 (tol 1e-12) L=32 B=1
PASS map-chain m=100000: rel_l2=1.768e-15 (anchor 0.000e+00, tol 1.0e-10)
PASS rel_l2=8.556e-17 rel_max=1.334e-16 (tol 1e-12) L=32 B=1
PASS map-2-step: rel_l2=2.949e-16 (tol 3.0e-14)
PASS rel_l2=1.112e-16 rel_max=1.603e-16 (tol 1e-12) L=32 B=1
PASS map-chain m=100000: rel_l2=3.502e-15 (anchor 0.000e+00, tol 1.0e-10)
PASS rel_l2=1.112e-16 rel_max=1.603e-16 (tol 1e-12) L=32 B=1
PASS map-2-step: rel_l2=2.786e-16 (tol 3.0e-14)
PASS rel_l2=1.112e-16 rel_max=1.603e-16 (tol 1e-12) L=32 B=1
PASS map-chain m=100000: rel_l2=2.824e-15 (anchor 0.000e+00, tol 1.0e-10)
PASS rel_l2=1.112e-16 rel_max=1.603e-16 (tol 1e-12) L=32 B=1
PASS map-2-step: rel_l2=2.850e-16 (tol 3.0e-14)
PASS rel_l2=1.332e-16 rel_max=1.778e-16 (tol 1e-12) L=32 B=1
PASS map-chain m=100000: rel_l2=3.169e-15 (anchor 0.000e+00, tol 1.0e-10)
PASS rel_l2=1.332e-16 rel_max=1.778e-16 (tol 1e-12) L=32 B=1
PASS map-2-step: rel_l2=3.397e-16 (tol 3.0e-14)
PASS rel_l2=1.332e-16 rel_max=1.778e-16 (tol 1e-12) L=32 B=1
PASS map-chain m=100000: rel_l2=1.768e-15 (anchor 0.000e+00, tol 1.0e-10)
PASS rel_l2=1.332e-16 rel_max=1.778e-16 (tol 1e-12) L=32 B=1
PASS map-2-step: rel_l2=2.949e-16 (tol 3.0e-14)
PASS rel_l2=1.236e-16 rel_max=1.833e-16 (tol 1e-12) L=32 B=1
PASS map-chain m=100000: rel_l2=1.982e-15 (anchor 0.000e+00, tol 1.0e-10)
PASS rel_l2=1.236e-16 rel_max=1.833e-16 (tol 1e-12) L=32 B=1
PASS map-2-step: rel_l2=2.795e-16 (tol 3.0e-14)
PASS rel_l2=1.278e-16 rel_max=1.833e-16 (tol 1e-12) L=32 B=1
PASS map-chain m=100000: rel_l2=2.755e-15 (anchor 0.000e+00, tol 1.0e-10)
PASS rel_l2=1.278e-16 rel_max=1.833e-16 (tol 1e-12) L=32 B=1
PASS map-2-step: rel_l2=2.703e-16 (tol 3.0e-14)
PASS rel_l2=1.110e-16 rel_max=1.603e-16 (tol 1e-12) L=32 B=1
PASS map-chain m=100000: rel_l2=4.340e-15 (anchor 0.000e+00, tol 1.0e-10)
PASS rel_l2=1.110e-16 rel_max=1.603e-16 (tol 1e-12) L=32 B=1
PASS map-2-step: rel_l2=3.154e-16 (tol 3.0e-14)
PASS rel_l2=1.180e-16 rel_max=1.778e-16 (tol 1e-12) L=32 B=1
PASS map-chain m=100000: rel_l2=4.337e-15 (anchor 0.000e+00, tol 1.0e-10)
PASS rel_l2=1.180e-16 rel_max=1.778e-16 (tol 1e-12) L=32 B=1
PASS map-2-step: rel_l2=3.133e-16 (tol 3.0e-14)
PASS rel_l2=1.296e-16 rel_max=2.223e-16 (tol 1e-12) L=32 B=1
PASS map-chain m=100000: rel_l2=3.494e-15 (anchor 0.000e+00, tol 1.0e-10)
PASS rel_l2=1.180e-16 rel_max=1.778e-16 (tol 1e-12) L=32 B=1
PASS map-2-step: rel_l2=3.133e-16 (tol 3.0e-14)
PASS rel_l2=1.244e-16 rel_max=2.097e-16 (tol 1e-12) L=32 B=1
PASS map-chain m=100000: rel_l2=2.470e-15 (anchor 0.000e+00, tol 1.0e-10)
PASS rel_l2=1.244e-16 rel_max=2.097e-16 (tol 1e-12) L=32 B=1
PASS map-2-step: rel_l2=3.394e-16 (tol 3.0e-14)
PASS rel_l2=3.377e-16 rel_max=4.567e-16 (tol 1e-12) L=32 B=512
PASS map-chain m=1000: rel_l2=6.280e-13 (anchor 0.000e+00, tol 1.0e-10)
PASS rel_l2=3.377e-16 rel_max=4.567e-16 (tol 1e-12) L=32 B=512
PASS map-2-step: rel_l2=6.172e-16 (tol 3.0e-14)
PASS rel_l2=1.130e-16 rel_max=1.702e-16 (tol 1e-12) L=32 B=512
PASS map-chain m=1000: rel_l2=2.996e-13 (anchor 0.000e+00, tol 1.0e-10)
PASS rel_l2=1.130e-16 rel_max=1.702e-16 (tol 1e-12) L=32 B=512
PASS map-2-step: rel_l2=3.011e-16 (tol 3.0e-14)
PASS rel_l2=1.432e-16 rel_max=2.153e-16 (tol 1e-12) L=32 B=512
PASS map-chain m=1000: rel_l2=2.872e-13 (anchor 0.000e+00, tol 1.0e-10)
PASS rel_l2=1.432e-16 rel_max=2.153e-16 (tol 1e-12) L=32 B=512
PASS map-2-step: rel_l2=3.319e-16 (tol 3.0e-14)
PASS rel_l2=1.432e-16 rel_max=2.153e-16 (tol 1e-12) L=32 B=512
PASS map-chain m=1000: rel_l2=4.985e-13 (anchor 0.000e+00, tol 1.0e-10)
PASS rel_l2=1.432e-16 rel_max=2.153e-16 (tol 1e-12) L=32 B=512
PASS map-2-step: rel_l2=3.368e-16 (tol 3.0e-14)
PASS rel_l2=1.427e-16 rel_max=2.153e-16 (tol 1e-12) L=32 B=512
PASS map-chain m=1000: rel_l2=2.913e-13 (anchor 0.000e+00, tol 1.0e-10)
PASS rel_l2=1.427e-16 rel_max=2.153e-16 (tol 1e-12) L=32 B=512
PASS map-2-step: rel_l2=3.524e-16 (tol 3.0e-14)
PASS rel_l2=1.427e-16 rel_max=2.153e-16 (tol 1e-12) L=32 B=512
PASS map-chain m=1000: rel_l2=2.913e-13 (anchor 0.000e+00, tol 1.0e-10)
PASS rel_l2=1.427e-16 rel_max=2.153e-16 (tol 1e-12) L=32 B=512
PASS map-2-step: rel_l2=3.524e-16 (tol 3.0e-14)
PASS rel_l2=1.443e-16 rel_max=2.723e-16 (tol 1e-12) L=32 B=512
PASS map-chain m=1000: rel_l2=3.212e-13 (anchor 0.000e+00, tol 1.0e-10)
PASS rel_l2=1.443e-16 rel_max=2.723e-16 (tol 1e-12) L=32 B=512
PASS map-2-step: rel_l2=3.345e-16 (tol 3.0e-14)
PASS rel_l2=1.379e-16 rel_max=2.105e-16 (tol 1e-12) L=32 B=512
PASS map-chain m=1000: rel_l2=3.732e-13 (anchor 0.000e+00, tol 1.0e-10)
PASS rel_l2=1.379e-16 rel_max=2.105e-16 (tol 1e-12) L=32 B=512
PASS map-2-step: rel_l2=3.346e-16 (tol 3.0e-14)
PASS rel_l2=1.379e-16 rel_max=2.105e-16 (tol 1e-12) L=32 B=512
PASS map-chain m=1000: rel_l2=3.732e-13 (anchor 0.000e+00, tol 1.0e-10)
PASS rel_l2=1.379e-16 rel_max=2.105e-16 (tol 1e-12) L=32 B=512
PASS map-2-step: rel_l2=3.346e-16 (tol 3.0e-14)
PASS rel_l2=1.532e-16 rel_max=2.284e-16 (tol 1e-12) L=32 B=512
PASS map-chain m=1000: rel_l2=2.997e-13 (anchor 0.000e+00, tol 1.0e-10)
PASS rel_l2=1.532e-16 rel_max=2.284e-16 (tol 1e-12) L=32 B=512
PASS map-2-step: rel_l2=3.535e-16 (tol 3.0e-14)
PASS rel_l2=1.532e-16 rel_max=2.284e-16 (tol 1e-12) L=32 B=512
PASS map-chain m=1000: rel_l2=2.997e-13 (anchor 0.000e+00, tol 1.0e-10)
PASS rel_l2=1.620e-16 rel_max=2.044e-16 (tol 1e-12) L=32 B=512
PASS map-2-step: rel_l2=3.706e-16 (tol 3.0e-14)
PASS rel_l2=1.532e-16 rel_max=2.284e-16 (tol 1e-12) L=32 B=512
PASS map-chain m=1000: rel_l2=2.997e-13 (anchor 0.000e+00, tol 1.0e-10)
PASS rel_l2=1.620e-16 rel_max=2.044e-16 (tol 1e-12) L=32 B=512
PASS map-2-step: rel_l2=3.706e-16 (tol 3.0e-14)
PASS rel_l2=1.346e-16 rel_max=2.744e-16 (tol 1e-12) L=32 B=512
PASS map-chain m=1000: rel_l2=3.075e-13 (anchor 0.000e+00, tol 1.0e-10)
PASS rel_l2=1.346e-16 rel_max=2.744e-16 (tol 1e-12) L=32 B=512
PASS map-2-step: rel_l2=3.265e-16 (tol 3.0e-14)
PASS rel_l2=4.197e-16 rel_max=5.972e-16 (tol 1e-12) L=60 B=1
PASS rel_l2=2.082e-16 rel_max=2.195e-16 (tol 1e-12) L=60 B=1
PASS rel_l2=1.399e-16 rel_max=2.195e-16 (tol 1e-12) L=60 B=1
PASS rel_l2=2.122e-16 rel_max=2.263e-16 (tol 1e-12) L=60 B=1
PASS rel_l2=1.399e-16 rel_max=2.195e-16 (tol 1e-12) L=60 B=1
PASS rel_l2=2.122e-16 rel_max=2.263e-16 (tol 1e-12) L=60 B=1
PASS rel_l2=1.516e-16 rel_max=2.024e-16 (tol 1e-12) L=60 B=1
PASS rel_l2=2.155e-16 rel_max=2.195e-16 (tol 1e-12) L=60 B=1
PASS rel_l2=2.363e-16 rel_max=2.777e-16 (tol 1e-12) L=60 B=1
PASS rel_l2=2.232e-16 rel_max=3.574e-16 (tol 1e-12) L=60 B=1
PASS rel_l2=2.232e-16 rel_max=3.574e-16 (tol 1e-12) L=60 B=1
PASS rel_l2=2.605e-16 rel_max=2.945e-16 (tol 1e-12) L=60 B=1
PASS rel_l2=4.172e-16 rel_max=6.000e-16 (tol 1e-12) L=60 B=512
PASS rel_l2=2.231e-16 rel_max=2.419e-16 (tol 1e-12) L=60 B=512
PASS rel_l2=1.762e-16 rel_max=2.383e-16 (tol 1e-12) L=60 B=512
PASS rel_l2=2.163e-16 rel_max=2.885e-16 (tol 1e-12) L=60 B=512
PASS rel_l2=1.762e-16 rel_max=2.383e-16 (tol 1e-12) L=60 B=512
PASS rel_l2=2.163e-16 rel_max=2.885e-16 (tol 1e-12) L=60 B=512
PASS rel_l2=1.735e-16 rel_max=3.000e-16 (tol 1e-12) L=60 B=512
PASS rel_l2=2.258e-16 rel_max=2.383e-16 (tol 1e-12) L=60 B=512
PASS rel_l2=2.258e-16 rel_max=2.383e-16 (tol 1e-12) L=60 B=512
PASS rel_l2=2.336e-16 rel_max=2.885e-16 (tol 1e-12) L=60 B=512
PASS rel_l2=2.263e-16 rel_max=2.907e-16 (tol 1e-12) L=60 B=512
PASS rel_l2=2.009e-16 rel_max=2.885e-16 (tol 1e-12) L=60 B=512
PASS rel_l2=2.549e-16 rel_max=2.885e-16 (tol 1e-12) L=60 B=512
PASS rel_l2=4.197e-16 rel_max=5.972e-16 (tol 1e-12) L=60 B=1
PASS map-chain m=60000: rel_l2=2.339e-14 (anchor 5.577e-16, tol 1.0e-10)
PASS rel_l2=4.197e-16 rel_max=5.972e-16 (tol 1e-12) L=60 B=1
PASS map-2-step: rel_l2=7.416e-16 (tol 3.0e-14)
PASS rel_l2=2.082e-16 rel_max=2.195e-16 (tol 1e-12) L=60 B=1
PASS map-chain m=60000: rel_l2=2.275e-15 (anchor 5.577e-16, tol 1.0e-10)
PASS rel_l2=2.082e-16 rel_max=2.195e-16 (tol 1e-12) L=60 B=1
PASS map-2-step: rel_l2=4.026e-16 (tol 3.0e-14)
PASS rel_l2=1.399e-16 rel_max=2.195e-16 (tol 1e-12) L=60 B=1
PASS map-chain m=60000: rel_l2=1.740e-15 (anchor 5.577e-16, tol 1.0e-10)
PASS rel_l2=1.399e-16 rel_max=2.195e-16 (tol 1e-12) L=60 B=1
PASS map-2-step: rel_l2=4.087e-16 (tol 3.0e-14)
PASS rel_l2=2.122e-16 rel_max=2.263e-16 (tol 1e-12) L=60 B=1
PASS map-chain m=60000: rel_l2=4.398e-15 (anchor 5.577e-16, tol 1.0e-10)
PASS rel_l2=2.122e-16 rel_max=2.263e-16 (tol 1e-12) L=60 B=1
PASS map-2-step: rel_l2=4.486e-16 (tol 3.0e-14)
PASS rel_l2=1.399e-16 rel_max=2.195e-16 (tol 1e-12) L=60 B=1
PASS map-chain m=60000: rel_l2=1.372e-15 (anchor 5.577e-16, tol 1.0e-10)
PASS rel_l2=1.399e-16 rel_max=2.195e-16 (tol 1e-12) L=60 B=1
PASS map-2-step: rel_l2=3.987e-16 (tol 3.0e-14)
PASS rel_l2=2.122e-16 rel_max=2.263e-16 (tol 1e-12) L=60 B=1
PASS map-chain m=60000: rel_l2=4.398e-15 (anchor 5.577e-16, tol 1.0e-10)
PASS rel_l2=2.122e-16 rel_max=2.263e-16 (tol 1e-12) L=60 B=1
PASS map-2-step: rel_l2=4.486e-16 (tol 3.0e-14)
PASS rel_l2=1.516e-16 rel_max=2.024e-16 (tol 1e-12) L=60 B=1
PASS map-chain m=60000: rel_l2=2.878e-15 (anchor 5.577e-16, tol 1.0e-10)
PASS rel_l2=1.516e-16 rel_max=2.024e-16 (tol 1e-12) L=60 B=1
PASS map-2-step: rel_l2=4.371e-16 (tol 3.0e-14)
PASS rel_l2=2.155e-16 rel_max=2.195e-16 (tol 1e-12) L=60 B=1
PASS map-chain m=60000: rel_l2=2.498e-15 (anchor 5.577e-16, tol 1.0e-10)
PASS rel_l2=2.155e-16 rel_max=2.195e-16 (tol 1e-12) L=60 B=1
PASS map-2-step: rel_l2=4.018e-16 (tol 3.0e-14)
PASS rel_l2=2.363e-16 rel_max=2.777e-16 (tol 1e-12) L=60 B=1
PASS map-chain m=60000: rel_l2=2.175e-15 (anchor 5.577e-16, tol 1.0e-10)
PASS rel_l2=2.363e-16 rel_max=2.777e-16 (tol 1e-12) L=60 B=1
PASS map-2-step: rel_l2=4.006e-16 (tol 3.0e-14)
PASS rel_l2=2.494e-16 rel_max=3.293e-16 (tol 1e-12) L=60 B=1
PASS map-chain m=60000: rel_l2=2.267e-15 (anchor 5.577e-16, tol 1.0e-10)
PASS rel_l2=2.055e-16 rel_max=2.643e-16 (tol 1e-12) L=60 B=1
PASS map-2-step: rel_l2=4.507e-16 (tol 3.0e-14)
PASS rel_l2=2.055e-16 rel_max=2.643e-16 (tol 1e-12) L=60 B=1
PASS map-chain m=60000: rel_l2=3.242e-15 (anchor 5.577e-16, tol 1.0e-10)
PASS rel_l2=2.055e-16 rel_max=2.643e-16 (tol 1e-12) L=60 B=1
PASS map-2-step: rel_l2=4.507e-16 (tol 3.0e-14)
PASS rel_l2=2.605e-16 rel_max=2.945e-16 (tol 1e-12) L=60 B=1
PASS map-chain m=60000: rel_l2=3.235e-15 (anchor 5.577e-16, tol 1.0e-10)
PASS rel_l2=2.605e-16 rel_max=2.945e-16 (tol 1e-12) L=60 B=1
PASS map-2-step: rel_l2=4.720e-16 (tol 3.0e-14)
PASS rel_l2=4.172e-16 rel_max=6.000e-16 (tol 1e-12) L=60 B=512
PASS map-chain m=600: rel_l2=7.245e-13 (anchor 2.199e-13, tol 1.0e-10)
PASS rel_l2=4.172e-16 rel_max=6.000e-16 (tol 1e-12) L=60 B=512
PASS map-2-step: rel_l2=8.348e-16 (tol 3.0e-14)
PASS rel_l2=2.231e-16 rel_max=2.419e-16 (tol 1e-12) L=60 B=512
PASS map-chain m=600: rel_l2=4.798e-13 (anchor 2.199e-13, tol 1.0e-10)
PASS rel_l2=2.231e-16 rel_max=2.419e-16 (tol 1e-12) L=60 B=512
PASS map-2-step: rel_l2=4.949e-16 (tol 3.0e-14)
PASS rel_l2=1.762e-16 rel_max=2.383e-16 (tol 1e-12) L=60 B=512
PASS map-chain m=600: rel_l2=2.582e-13 (anchor 2.199e-13, tol 1.0e-10)
PASS rel_l2=1.762e-16 rel_max=2.383e-16 (tol 1e-12) L=60 B=512
PASS map-2-step: rel_l2=4.314e-16 (tol 3.0e-14)
PASS rel_l2=2.163e-16 rel_max=2.885e-16 (tol 1e-12) L=60 B=512
PASS map-chain m=600: rel_l2=3.073e-13 (anchor 2.199e-13, tol 1.0e-10)
PASS rel_l2=2.163e-16 rel_max=2.885e-16 (tol 1e-12) L=60 B=512
PASS map-2-step: rel_l2=5.089e-16 (tol 3.0e-14)
PASS rel_l2=1.762e-16 rel_max=2.383e-16 (tol 1e-12) L=60 B=512
PASS map-chain m=600: rel_l2=2.544e-13 (anchor 2.199e-13, tol 1.0e-10)
PASS rel_l2=1.762e-16 rel_max=2.383e-16 (tol 1e-12) L=60 B=512
PASS map-2-step: rel_l2=4.333e-16 (tol 3.0e-14)
PASS rel_l2=2.163e-16 rel_max=2.885e-16 (tol 1e-12) L=60 B=512
PASS map-chain m=600: rel_l2=3.073e-13 (anchor 2.199e-13, tol 1.0e-10)
PASS rel_l2=2.163e-16 rel_max=2.885e-16 (tol 1e-12) L=60 B=512
PASS map-2-step: rel_l2=5.089e-16 (tol 3.0e-14)
PASS rel_l2=1.735e-16 rel_max=3.000e-16 (tol 1e-12) L=60 B=512
PASS map-chain m=600: rel_l2=2.753e-13 (anchor 2.199e-13, tol 1.0e-10)
PASS rel_l2=1.735e-16 rel_max=3.000e-16 (tol 1e-12) L=60 B=512
PASS map-2-step: rel_l2=4.340e-16 (tol 3.0e-14)
PASS rel_l2=2.258e-16 rel_max=2.383e-16 (tol 1e-12) L=60 B=512
PASS map-chain m=600: rel_l2=4.072e-13 (anchor 2.199e-13, tol 1.0e-10)
PASS rel_l2=2.258e-16 rel_max=2.383e-16 (tol 1e-12) L=60 B=512
PASS map-2-step: rel_l2=4.909e-16 (tol 3.0e-14)
PASS rel_l2=2.258e-16 rel_max=2.383e-16 (tol 1e-12) L=60 B=512
PASS map-chain m=600: rel_l2=4.072e-13 (anchor 2.199e-13, tol 1.0e-10)
PASS rel_l2=2.258e-16 rel_max=2.383e-16 (tol 1e-12) L=60 B=512
PASS map-2-step: rel_l2=4.909e-16 (tol 3.0e-14)
PASS rel_l2=2.336e-16 rel_max=2.885e-16 (tol 1e-12) L=60 B=512
PASS map-chain m=600: rel_l2=4.581e-13 (anchor 2.199e-13, tol 1.0e-10)
PASS rel_l2=2.336e-16 rel_max=2.885e-16 (tol 1e-12) L=60 B=512
PASS map-2-step: rel_l2=5.042e-16 (tol 3.0e-14)
PASS rel_l2=2.009e-16 rel_max=2.885e-16 (tol 1e-12) L=60 B=512
PASS map-chain m=600: rel_l2=3.074e-13 (anchor 2.199e-13, tol 1.0e-10)
PASS rel_l2=2.264e-16 rel_max=2.964e-16 (tol 1e-12) L=60 B=512
PASS map-2-step: rel_l2=5.045e-16 (tol 3.0e-14)
PASS rel_l2=2.009e-16 rel_max=2.885e-16 (tol 1e-12) L=60 B=512
PASS map-chain m=600: rel_l2=3.074e-13 (anchor 2.199e-13, tol 1.0e-10)
PASS rel_l2=2.009e-16 rel_max=2.885e-16 (tol 1e-12) L=60 B=512
PASS map-2-step: rel_l2=4.711e-16 (tol 3.0e-14)
PASS rel_l2=2.549e-16 rel_max=2.885e-16 (tol 1e-12) L=60 B=512
PASS map-chain m=600: rel_l2=2.994e-13 (anchor 2.199e-13, tol 1.0e-10)
PASS rel_l2=2.549e-16 rel_max=2.885e-16 (tol 1e-12) L=60 B=512
PASS map-2-step: rel_l2=5.537e-16 (tol 3.0e-14)
PASS rel_l2=3.791e-16 rel_max=3.559e-16 (tol 1e-12) L=64 B=1
PASS rel_l2=1.315e-16 rel_max=1.579e-16 (tol 1e-12) L=64 B=1
PASS rel_l2=1.646e-16 rel_max=1.674e-16 (tol 1e-12) L=64 B=1
PASS rel_l2=1.646e-16 rel_max=1.674e-16 (tol 1e-12) L=64 B=1
PASS rel_l2=1.867e-16 rel_max=1.894e-16 (tol 1e-12) L=64 B=1
PASS rel_l2=1.315e-16 rel_max=1.579e-16 (tol 1e-12) L=64 B=1
PASS rel_l2=1.815e-16 rel_max=1.497e-16 (tol 1e-12) L=64 B=1
PASS rel_l2=1.536e-16 rel_max=1.674e-16 (tol 1e-12) L=64 B=1
PASS rel_l2=1.703e-16 rel_max=1.674e-16 (tol 1e-12) L=64 B=1
PASS rel_l2=1.520e-16 rel_max=2.761e-16 (tol 1e-12) L=64 B=1
PASS rel_l2=1.416e-16 rel_max=1.497e-16 (tol 1e-12) L=64 B=1
PASS rel_l2=1.428e-16 rel_max=1.497e-16 (tol 1e-12) L=64 B=1
PASS rel_l2=4.034e-16 rel_max=6.062e-16 (tol 1e-12) L=64 B=512
PASS rel_l2=1.454e-16 rel_max=2.032e-16 (tol 1e-12) L=64 B=512
PASS rel_l2=1.754e-16 rel_max=2.532e-16 (tol 1e-12) L=64 B=512
PASS rel_l2=1.754e-16 rel_max=2.532e-16 (tol 1e-12) L=64 B=512
PASS rel_l2=1.757e-16 rel_max=2.743e-16 (tol 1e-12) L=64 B=512
PASS rel_l2=1.757e-16 rel_max=2.743e-16 (tol 1e-12) L=64 B=512
PASS rel_l2=1.807e-16 rel_max=2.425e-16 (tol 1e-12) L=64 B=512
PASS rel_l2=1.765e-16 rel_max=2.743e-16 (tol 1e-12) L=64 B=512
PASS rel_l2=1.765e-16 rel_max=2.743e-16 (tol 1e-12) L=64 B=512
PASS rel_l2=1.846e-16 rel_max=2.425e-16 (tol 1e-12) L=64 B=512
PASS rel_l2=1.672e-16 rel_max=2.578e-16 (tol 1e-12) L=64 B=512
PASS rel_l2=1.947e-16 rel_max=2.950e-16 (tol 1e-12) L=64 B=512
PASS rel_l2=1.748e-16 rel_max=2.612e-16 (tol 1e-12) L=64 B=512
PASS rel_l2=3.791e-16 rel_max=3.559e-16 (tol 1e-12) L=64 B=1
PASS map-chain m=60000: rel_l2=3.424e-14 (anchor 0.000e+00, tol 1.0e-10)
PASS rel_l2=3.791e-16 rel_max=3.559e-16 (tol 1e-12) L=64 B=1
PASS map-2-step: rel_l2=6.827e-16 (tol 3.0e-14)
PASS rel_l2=1.315e-16 rel_max=1.579e-16 (tol 1e-12) L=64 B=1
PASS map-chain m=60000: rel_l2=4.982e-15 (anchor 0.000e+00, tol 1.0e-10)
PASS rel_l2=1.315e-16 rel_max=1.579e-16 (tol 1e-12) L=64 B=1
PASS map-2-step: rel_l2=3.594e-16 (tol 3.0e-14)
PASS rel_l2=1.646e-16 rel_max=1.674e-16 (tol 1e-12) L=64 B=1
PASS map-chain m=60000: rel_l2=4.894e-15 (anchor 0.000e+00, tol 1.0e-10)
PASS rel_l2=1.646e-16 rel_max=1.674e-16 (tol 1e-12) L=64 B=1
PASS map-2-step: rel_l2=3.916e-16 (tol 3.0e-14)
PASS rel_l2=1.646e-16 rel_max=1.674e-16 (tol 1e-12) L=64 B=1
PASS map-chain m=60000: rel_l2=4.396e-15 (anchor 0.000e+00, tol 1.0e-10)
PASS rel_l2=1.646e-16 rel_max=1.674e-16 (tol 1e-12) L=64 B=1
PASS map-2-step: rel_l2=3.400e-16 (tol 3.0e-14)
PASS rel_l2=1.867e-16 rel_max=1.894e-16 (tol 1e-12) L=64 B=1
PASS map-chain m=60000: rel_l2=6.003e-15 (anchor 0.000e+00, tol 1.0e-10)
PASS rel_l2=1.867e-16 rel_max=1.894e-16 (tol 1e-12) L=64 B=1
PASS map-2-step: rel_l2=4.678e-16 (tol 3.0e-14)
PASS rel_l2=1.315e-16 rel_max=1.579e-16 (tol 1e-12) L=64 B=1
PASS map-chain m=60000: rel_l2=4.982e-15 (anchor 0.000e+00, tol 1.0e-10)
PASS rel_l2=1.315e-16 rel_max=1.579e-16 (tol 1e-12) L=64 B=1
PASS map-2-step: rel_l2=3.594e-16 (tol 3.0e-14)
PASS rel_l2=1.815e-16 rel_max=1.497e-16 (tol 1e-12) L=64 B=1
PASS map-chain m=60000: rel_l2=5.770e-15 (anchor 0.000e+00, tol 1.0e-10)
PASS rel_l2=1.815e-16 rel_max=1.497e-16 (tol 1e-12) L=64 B=1
PASS map-2-step: rel_l2=4.142e-16 (tol 3.0e-14)
PASS rel_l2=1.536e-16 rel_max=1.674e-16 (tol 1e-12) L=64 B=1
PASS map-chain m=60000: rel_l2=4.876e-15 (anchor 0.000e+00, tol 1.0e-10)
PASS rel_l2=1.536e-16 rel_max=1.674e-16 (tol 1e-12) L=64 B=1
PASS map-2-step: rel_l2=3.904e-16 (tol 3.0e-14)
PASS rel_l2=1.703e-16 rel_max=1.674e-16 (tol 1e-12) L=64 B=1
PASS map-chain m=60000: rel_l2=8.933e-15 (anchor 0.000e+00, tol 1.0e-10)
PASS rel_l2=1.703e-16 rel_max=1.674e-16 (tol 1e-12) L=64 B=1
PASS map-2-step: rel_l2=3.616e-16 (tol 3.0e-14)
PASS rel_l2=1.520e-16 rel_max=2.761e-16 (tol 1e-12) L=64 B=1
PASS map-chain m=60000: rel_l2=7.182e-15 (anchor 0.000e+00, tol 1.0e-10)
PASS rel_l2=1.415e-16 rel_max=1.497e-16 (tol 1e-12) L=64 B=1
PASS map-2-step: rel_l2=4.130e-16 (tol 3.0e-14)
PASS rel_l2=1.520e-16 rel_max=2.761e-16 (tol 1e-12) L=64 B=1
PASS map-chain m=60000: rel_l2=7.182e-15 (anchor 0.000e+00, tol 1.0e-10)
PASS rel_l2=1.520e-16 rel_max=2.761e-16 (tol 1e-12) L=64 B=1
PASS map-2-step: rel_l2=3.273e-16 (tol 3.0e-14)
PASS rel_l2=1.428e-16 rel_max=1.497e-16 (tol 1e-12) L=64 B=1
PASS map-chain m=60000: rel_l2=5.372e-15 (anchor 0.000e+00, tol 1.0e-10)
PASS rel_l2=1.428e-16 rel_max=1.497e-16 (tol 1e-12) L=64 B=1
PASS map-2-step: rel_l2=3.798e-16 (tol 3.0e-14)
PASS rel_l2=4.034e-16 rel_max=6.062e-16 (tol 1e-12) L=64 B=512
PASS map-chain m=500: rel_l2=4.176e-13 (anchor 0.000e+00, tol 1.0e-10)
PASS rel_l2=4.034e-16 rel_max=6.062e-16 (tol 1e-12) L=64 B=512
PASS map-2-step: rel_l2=7.559e-16 (tol 3.0e-14)
PASS rel_l2=1.454e-16 rel_max=2.032e-16 (tol 1e-12) L=64 B=512
PASS map-chain m=500: rel_l2=2.235e-13 (anchor 0.000e+00, tol 1.0e-10)
PASS rel_l2=1.454e-16 rel_max=2.032e-16 (tol 1e-12) L=64 B=512
PASS map-2-step: rel_l2=3.842e-16 (tol 3.0e-14)
PASS rel_l2=1.754e-16 rel_max=2.532e-16 (tol 1e-12) L=64 B=512
PASS map-chain m=500: rel_l2=1.755e-13 (anchor 0.000e+00, tol 1.0e-10)
PASS rel_l2=1.754e-16 rel_max=2.532e-16 (tol 1e-12) L=64 B=512
PASS map-2-step: rel_l2=4.249e-16 (tol 3.0e-14)
PASS rel_l2=1.754e-16 rel_max=2.532e-16 (tol 1e-12) L=64 B=512
PASS map-chain m=500: rel_l2=1.134e-13 (anchor 0.000e+00, tol 1.0e-10)
PASS rel_l2=1.754e-16 rel_max=2.532e-16 (tol 1e-12) L=64 B=512
PASS map-2-step: rel_l2=4.278e-16 (tol 3.0e-14)
PASS rel_l2=1.757e-16 rel_max=2.743e-16 (tol 1e-12) L=64 B=512
PASS map-chain m=500: rel_l2=1.008e-13 (anchor 0.000e+00, tol 1.0e-10)
PASS rel_l2=1.757e-16 rel_max=2.743e-16 (tol 1e-12) L=64 B=512
PASS map-2-step: rel_l2=4.459e-16 (tol 3.0e-14)
PASS rel_l2=1.757e-16 rel_max=2.743e-16 (tol 1e-12) L=64 B=512
PASS map-chain m=500: rel_l2=1.008e-13 (anchor 0.000e+00, tol 1.0e-10)
PASS rel_l2=1.757e-16 rel_max=2.743e-16 (tol 1e-12) L=64 B=512
PASS map-2-step: rel_l2=4.459e-16 (tol 3.0e-14)
PASS rel_l2=1.807e-16 rel_max=2.425e-16 (tol 1e-12) L=64 B=512
PASS map-chain m=500: rel_l2=3.763e-13 (anchor 0.000e+00, tol 1.0e-10)
PASS rel_l2=1.807e-16 rel_max=2.425e-16 (tol 1e-12) L=64 B=512
PASS map-2-step: rel_l2=4.333e-16 (tol 3.0e-14)
PASS rel_l2=1.765e-16 rel_max=2.743e-16 (tol 1e-12) L=64 B=512
PASS map-chain m=500: rel_l2=3.185e-13 (anchor 0.000e+00, tol 1.0e-10)
PASS rel_l2=1.765e-16 rel_max=2.743e-16 (tol 1e-12) L=64 B=512
PASS map-2-step: rel_l2=4.206e-16 (tol 3.0e-14)
PASS rel_l2=1.765e-16 rel_max=2.743e-16 (tol 1e-12) L=64 B=512
PASS map-chain m=500: rel_l2=3.185e-13 (anchor 0.000e+00, tol 1.0e-10)
PASS rel_l2=1.765e-16 rel_max=2.743e-16 (tol 1e-12) L=64 B=512
PASS map-2-step: rel_l2=4.206e-16 (tol 3.0e-14)
PASS rel_l2=1.846e-16 rel_max=2.425e-16 (tol 1e-12) L=64 B=512
PASS map-chain m=500: rel_l2=1.932e-13 (anchor 0.000e+00, tol 1.0e-10)
PASS rel_l2=1.846e-16 rel_max=2.425e-16 (tol 1e-12) L=64 B=512
PASS map-2-step: rel_l2=4.317e-16 (tol 3.0e-14)
PASS rel_l2=1.672e-16 rel_max=2.578e-16 (tol 1e-12) L=64 B=512
PASS map-chain m=500: rel_l2=3.820e-13 (anchor 0.000e+00, tol 1.0e-10)
PASS rel_l2=1.846e-16 rel_max=2.425e-16 (tol 1e-12) L=64 B=512
PASS map-2-step: rel_l2=4.317e-16 (tol 3.0e-14)
PASS rel_l2=1.846e-16 rel_max=2.425e-16 (tol 1e-12) L=64 B=512
PASS map-chain m=500: rel_l2=1.932e-13 (anchor 0.000e+00, tol 1.0e-10)
PASS rel_l2=1.846e-16 rel_max=2.425e-16 (tol 1e-12) L=64 B=512
PASS map-2-step: rel_l2=4.317e-16 (tol 3.0e-14)
PASS rel_l2=1.748e-16 rel_max=2.612e-16 (tol 1e-12) L=64 B=512
PASS map-chain m=500: rel_l2=2.790e-13 (anchor 0.000e+00, tol 1.0e-10)
PASS rel_l2=1.748e-16 rel_max=2.612e-16 (tol 1e-12) L=64 B=512
PASS map-2-step: rel_l2=4.234e-16 (tol 3.0e-14)
PASS rel_l2=5.717e-16 rel_max=1.048e-15 (tol 1e-12) L=128 B=1
PASS rel_l2=1.874e-16 rel_max=1.907e-16 (tol 1e-12) L=128 B=1
PASS rel_l2=2.027e-16 rel_max=1.801e-16 (tol 1e-12) L=128 B=1
PASS rel_l2=2.027e-16 rel_max=1.801e-16 (tol 1e-12) L=128 B=1
PASS rel_l2=2.027e-16 rel_max=1.801e-16 (tol 1e-12) L=128 B=1
PASS rel_l2=1.874e-16 rel_max=1.907e-16 (tol 1e-12) L=128 B=1
PASS rel_l2=1.983e-16 rel_max=1.801e-16 (tol 1e-12) L=128 B=1
PASS rel_l2=2.137e-16 rel_max=2.629e-16 (tol 1e-12) L=128 B=1
PASS rel_l2=2.021e-16 rel_max=1.801e-16 (tol 1e-12) L=128 B=1
PASS rel_l2=2.071e-16 rel_max=1.911e-16 (tol 1e-12) L=128 B=1
PASS rel_l2=2.065e-16 rel_max=2.132e-16 (tol 1e-12) L=128 B=1
PASS rel_l2=2.076e-16 rel_max=2.352e-16 (tol 1e-12) L=128 B=1
PASS rel_l2=2.058e-16 rel_max=2.798e-16 (tol 1e-12) L=128 B=512
PASS rel_l2=2.166e-16 rel_max=2.866e-16 (tol 1e-12) L=128 B=512
PASS rel_l2=2.166e-16 rel_max=2.866e-16 (tol 1e-12) L=128 B=512
PASS rel_l2=2.186e-16 rel_max=2.866e-16 (tol 1e-12) L=128 B=512
PASS rel_l2=2.186e-16 rel_max=2.866e-16 (tol 1e-12) L=128 B=512
PASS rel_l2=2.086e-16 rel_max=2.686e-16 (tol 1e-12) L=128 B=512
PASS rel_l2=2.130e-16 rel_max=2.738e-16 (tol 1e-12) L=128 B=512
PASS rel_l2=2.130e-16 rel_max=2.738e-16 (tol 1e-12) L=128 B=512
PASS rel_l2=2.145e-16 rel_max=2.738e-16 (tol 1e-12) L=128 B=512
PASS rel_l2=2.192e-16 rel_max=2.866e-16 (tol 1e-12) L=128 B=512
PASS rel_l2=2.192e-16 rel_max=2.866e-16 (tol 1e-12) L=128 B=512
PASS rel_l2=2.135e-16 rel_max=2.738e-16 (tol 1e-12) L=128 B=512
PASS rel_l2=5.717e-16 rel_max=1.048e-15 (tol 1e-12) L=128 B=1
PASS map-chain m=30000: rel_l2=4.566e-14 (anchor 0.000e+00, tol 1.0e-10)
PASS rel_l2=5.717e-16 rel_max=1.048e-15 (tol 1e-12) L=128 B=1
PASS map-2-step: rel_l2=9.496e-16 (tol 3.0e-14)
PASS rel_l2=1.874e-16 rel_max=1.907e-16 (tol 1e-12) L=128 B=1
PASS map-chain m=30000: rel_l2=7.393e-15 (anchor 0.000e+00, tol 1.0e-10)
PASS rel_l2=1.874e-16 rel_max=1.907e-16 (tol 1e-12) L=128 B=1
PASS map-2-step: rel_l2=3.852e-16 (tol 3.0e-14)
PASS rel_l2=2.027e-16 rel_max=1.801e-16 (tol 1e-12) L=128 B=1
PASS map-chain m=30000: rel_l2=6.871e-15 (anchor 0.000e+00, tol 1.0e-10)
PASS rel_l2=2.027e-16 rel_max=1.801e-16 (tol 1e-12) L=128 B=1
PASS map-2-step: rel_l2=4.530e-16 (tol 3.0e-14)
PASS rel_l2=2.027e-16 rel_max=1.801e-16 (tol 1e-12) L=128 B=1
PASS map-chain m=30000: rel_l2=6.601e-15 (anchor 0.000e+00, tol 1.0e-10)
PASS rel_l2=2.027e-16 rel_max=1.801e-16 (tol 1e-12) L=128 B=1
PASS map-2-step: rel_l2=4.035e-16 (tol 3.0e-14)
PASS rel_l2=2.027e-16 rel_max=1.801e-16 (tol 1e-12) L=128 B=1
PASS map-chain m=30000: rel_l2=6.727e-15 (anchor 0.000e+00, tol 1.0e-10)
PASS rel_l2=2.027e-16 rel_max=1.801e-16 (tol 1e-12) L=128 B=1
PASS map-2-step: rel_l2=5.073e-16 (tol 3.0e-14)
PASS rel_l2=1.874e-16 rel_max=1.907e-16 (tol 1e-12) L=128 B=1
PASS map-chain m=30000: rel_l2=7.393e-15 (anchor 0.000e+00, tol 1.0e-10)
PASS rel_l2=1.874e-16 rel_max=1.907e-16 (tol 1e-12) L=128 B=1
PASS map-2-step: rel_l2=3.852e-16 (tol 3.0e-14)
PASS rel_l2=1.983e-16 rel_max=1.801e-16 (tol 1e-12) L=128 B=1
PASS map-chain m=30000: rel_l2=4.931e-15 (anchor 0.000e+00, tol 1.0e-10)
PASS rel_l2=1.983e-16 rel_max=1.801e-16 (tol 1e-12) L=128 B=1
PASS map-2-step: rel_l2=4.116e-16 (tol 3.0e-14)
PASS rel_l2=2.137e-16 rel_max=2.629e-16 (tol 1e-12) L=128 B=1
PASS map-chain m=30000: rel_l2=6.657e-15 (anchor 0.000e+00, tol 1.0e-10)
PASS rel_l2=2.137e-16 rel_max=2.629e-16 (tol 1e-12) L=128 B=1
PASS map-2-step: rel_l2=6.324e-16 (tol 3.0e-14)
PASS rel_l2=2.021e-16 rel_max=1.801e-16 (tol 1e-12) L=128 B=1
PASS map-chain m=30000: rel_l2=8.208e-15 (anchor 0.000e+00, tol 1.0e-10)
PASS rel_l2=2.021e-16 rel_max=1.801e-16 (tol 1e-12) L=128 B=1
PASS map-2-step: rel_l2=5.169e-16 (tol 3.0e-14)
PASS rel_l2=2.065e-16 rel_max=2.132e-16 (tol 1e-12) L=128 B=1
PASS map-chain m=30000: rel_l2=8.844e-15 (anchor 0.000e+00, tol 1.0e-10)
PASS rel_l2=2.071e-16 rel_max=1.911e-16 (tol 1e-12) L=128 B=1
PASS map-2-step: rel_l2=5.525e-16 (tol 3.0e-14)
PASS rel_l2=2.071e-16 rel_max=1.911e-16 (tol 1e-12) L=128 B=1
PASS map-chain m=30000: rel_l2=9.239e-15 (anchor 0.000e+00, tol 1.0e-10)
PASS rel_l2=2.071e-16 rel_max=1.911e-16 (tol 1e-12) L=128 B=1
PASS map-2-step: rel_l2=5.525e-16 (tol 3.0e-14)
PASS rel_l2=2.076e-16 rel_max=2.352e-16 (tol 1e-12) L=128 B=1
PASS map-chain m=30000: rel_l2=7.003e-15 (anchor 0.000e+00, tol 1.0e-10)
PASS rel_l2=2.076e-16 rel_max=2.352e-16 (tol 1e-12) L=128 B=1
PASS map-2-step: rel_l2=5.126e-16 (tol 3.0e-14)
PASS rel_l2=2.058e-16 rel_max=2.798e-16 (tol 1e-12) L=128 B=512
PASS map-chain m=250: rel_l2=2.591e-14 (anchor 0.000e+00, tol 1.0e-10)
PASS rel_l2=2.058e-16 rel_max=2.798e-16 (tol 1e-12) L=128 B=512
PASS map-2-step: rel_l2=5.277e-16 (tol 3.0e-14)
PASS rel_l2=2.166e-16 rel_max=2.866e-16 (tol 1e-12) L=128 B=512
PASS map-chain m=250: rel_l2=2.566e-14 (anchor 0.000e+00, tol 1.0e-10)
PASS rel_l2=2.166e-16 rel_max=2.866e-16 (tol 1e-12) L=128 B=512
PASS map-2-step: rel_l2=5.259e-16 (tol 3.0e-14)
PASS rel_l2=2.166e-16 rel_max=2.866e-16 (tol 1e-12) L=128 B=512
PASS map-chain m=250: rel_l2=2.776e-14 (anchor 0.000e+00, tol 1.0e-10)
PASS rel_l2=2.166e-16 rel_max=2.866e-16 (tol 1e-12) L=128 B=512
PASS map-2-step: rel_l2=5.265e-16 (tol 3.0e-14)
PASS rel_l2=2.186e-16 rel_max=2.866e-16 (tol 1e-12) L=128 B=512
PASS map-chain m=250: rel_l2=2.581e-14 (anchor 0.000e+00, tol 1.0e-10)
PASS rel_l2=2.186e-16 rel_max=2.866e-16 (tol 1e-12) L=128 B=512
PASS map-2-step: rel_l2=5.388e-16 (tol 3.0e-14)
PASS rel_l2=2.186e-16 rel_max=2.866e-16 (tol 1e-12) L=128 B=512
PASS map-chain m=250: rel_l2=2.581e-14 (anchor 0.000e+00, tol 1.0e-10)
PASS rel_l2=2.186e-16 rel_max=2.866e-16 (tol 1e-12) L=128 B=512
PASS map-2-step: rel_l2=5.388e-16 (tol 3.0e-14)
PASS rel_l2=2.086e-16 rel_max=2.686e-16 (tol 1e-12) L=128 B=512
PASS map-chain m=250: rel_l2=2.575e-14 (anchor 0.000e+00, tol 1.0e-10)
PASS rel_l2=2.086e-16 rel_max=2.686e-16 (tol 1e-12) L=128 B=512
PASS map-2-step: rel_l2=5.181e-16 (tol 3.0e-14)
PASS rel_l2=2.130e-16 rel_max=2.738e-16 (tol 1e-12) L=128 B=512
PASS map-chain m=250: rel_l2=3.307e-14 (anchor 0.000e+00, tol 1.0e-10)
PASS rel_l2=2.130e-16 rel_max=2.738e-16 (tol 1e-12) L=128 B=512
PASS map-2-step: rel_l2=5.206e-16 (tol 3.0e-14)
PASS rel_l2=2.130e-16 rel_max=2.738e-16 (tol 1e-12) L=128 B=512
PASS map-chain m=250: rel_l2=3.307e-14 (anchor 0.000e+00, tol 1.0e-10)
PASS rel_l2=2.130e-16 rel_max=2.738e-16 (tol 1e-12) L=128 B=512
PASS map-2-step: rel_l2=5.206e-16 (tol 3.0e-14)
PASS rel_l2=2.145e-16 rel_max=2.738e-16 (tol 1e-12) L=128 B=512
PASS map-chain m=250: rel_l2=2.591e-14 (anchor 0.000e+00, tol 1.0e-10)
PASS rel_l2=2.145e-16 rel_max=2.738e-16 (tol 1e-12) L=128 B=512
PASS map-2-step: rel_l2=5.238e-16 (tol 3.0e-14)
PASS rel_l2=2.190e-16 rel_max=2.866e-16 (tol 1e-12) L=128 B=512
PASS map-chain m=250: rel_l2=3.137e-14 (anchor 0.000e+00, tol 1.0e-10)
PASS rel_l2=2.192e-16 rel_max=2.866e-16 (tol 1e-12) L=128 B=512
PASS map-2-step: rel_l2=5.341e-16 (tol 3.0e-14)
PASS rel_l2=2.192e-16 rel_max=2.866e-16 (tol 1e-12) L=128 B=512
PASS map-chain m=250: rel_l2=2.970e-14 (anchor 0.000e+00, tol 1.0e-10)
PASS rel_l2=2.192e-16 rel_max=2.866e-16 (tol 1e-12) L=128 B=512
PASS map-2-step: rel_l2=5.341e-16 (tol 3.0e-14)
PASS rel_l2=2.135e-16 rel_max=2.738e-16 (tol 1e-12) L=128 B=512
PASS map-chain m=250: rel_l2=2.387e-14 (anchor 0.000e+00, tol 1.0e-10)
PASS rel_l2=2.135e-16 rel_max=2.738e-16 (tol 1e-12) L=128 B=512
PASS map-2-step: rel_l2=5.182e-16 (tol 3.0e-14)
PASS rel_l2=1.078e-15 rel_max=1.687e-15 (tol 1e-12) L=1024 B=1
PASS rel_l2=2.812e-16 rel_max=2.885e-16 (tol 1e-12) L=1024 B=1
PASS rel_l2=2.812e-16 rel_max=2.885e-16 (tol 1e-12) L=1024 B=1
PASS rel_l2=2.780e-16 rel_max=2.976e-16 (tol 1e-12) L=1024 B=1
PASS rel_l2=2.780e-16 rel_max=2.976e-16 (tol 1e-12) L=1024 B=1
PASS rel_l2=2.643e-16 rel_max=2.880e-16 (tol 1e-12) L=1024 B=1
PASS rel_l2=2.997e-16 rel_max=3.328e-16 (tol 1e-12) L=1024 B=1
PASS rel_l2=2.652e-16 rel_max=2.472e-16 (tol 1e-12) L=1024 B=1
PASS rel_l2=2.652e-16 rel_max=2.472e-16 (tol 1e-12) L=1024 B=1
PASS rel_l2=2.763e-16 rel_max=3.362e-16 (tol 1e-12) L=1024 B=1
PASS rel_l2=2.763e-16 rel_max=3.771e-16 (tol 1e-12) L=1024 B=512
PASS rel_l2=2.763e-16 rel_max=3.771e-16 (tol 1e-12) L=1024 B=512
PASS rel_l2=2.784e-16 rel_max=4.141e-16 (tol 1e-12) L=1024 B=512
PASS rel_l2=2.784e-16 rel_max=4.141e-16 (tol 1e-12) L=1024 B=512
PASS rel_l2=2.627e-16 rel_max=3.833e-16 (tol 1e-12) L=1024 B=512
PASS rel_l2=2.845e-16 rel_max=4.090e-16 (tol 1e-12) L=1024 B=512
PASS rel_l2=2.672e-16 rel_max=4.041e-16 (tol 1e-12) L=1024 B=512
PASS rel_l2=2.672e-16 rel_max=4.041e-16 (tol 1e-12) L=1024 B=512
PASS rel_l2=2.751e-16 rel_max=4.314e-16 (tol 1e-12) L=1024 B=512
PASS rel_l2=1.078e-15 rel_max=1.687e-15 (tol 1e-12) L=1024 B=1
PASS map-chain m=4000: rel_l2=1.597e-11 (anchor 0.000e+00, tol 1.0e-10)
PASS rel_l2=1.078e-15 rel_max=1.687e-15 (tol 1e-12) L=1024 B=1
PASS map-2-step: rel_l2=2.462e-15 (tol 3.0e-14)
PASS rel_l2=2.812e-16 rel_max=2.885e-16 (tol 1e-12) L=1024 B=1
PASS map-chain m=4000: rel_l2=5.793e-12 (anchor 0.000e+00, tol 1.0e-10)
PASS rel_l2=2.812e-16 rel_max=2.885e-16 (tol 1e-12) L=1024 B=1
PASS map-2-step: rel_l2=8.363e-16 (tol 3.0e-14)
PASS rel_l2=2.812e-16 rel_max=2.885e-16 (tol 1e-12) L=1024 B=1
PASS map-chain m=4000: rel_l2=4.468e-12 (anchor 0.000e+00, tol 1.0e-10)
PASS rel_l2=2.812e-16 rel_max=2.885e-16 (tol 1e-12) L=1024 B=1
PASS map-2-step: rel_l2=8.757e-16 (tol 3.0e-14)
PASS rel_l2=2.780e-16 rel_max=2.976e-16 (tol 1e-12) L=1024 B=1
PASS map-chain m=4000: rel_l2=4.028e-12 (anchor 0.000e+00, tol 1.0e-10)
PASS rel_l2=2.780e-16 rel_max=2.976e-16 (tol 1e-12) L=1024 B=1
PASS map-2-step: rel_l2=7.766e-16 (tol 3.0e-14)
PASS rel_l2=2.780e-16 rel_max=2.976e-16 (tol 1e-12) L=1024 B=1
PASS map-chain m=4000: rel_l2=4.028e-12 (anchor 0.000e+00, tol 1.0e-10)
PASS rel_l2=2.780e-16 rel_max=2.976e-16 (tol 1e-12) L=1024 B=1
PASS map-2-step: rel_l2=7.766e-16 (tol 3.0e-14)
PASS rel_l2=2.643e-16 rel_max=2.880e-16 (tol 1e-12) L=1024 B=1
PASS map-chain m=4000: rel_l2=6.048e-12 (anchor 0.000e+00, tol 1.0e-10)
PASS rel_l2=2.643e-16 rel_max=2.880e-16 (tol 1e-12) L=1024 B=1
PASS map-2-step: rel_l2=7.436e-16 (tol 3.0e-14)
PASS rel_l2=2.997e-16 rel_max=3.328e-16 (tol 1e-12) L=1024 B=1
PASS map-chain m=4000: rel_l2=2.736e-12 (anchor 0.000e+00, tol 1.0e-10)
PASS rel_l2=2.997e-16 rel_max=3.328e-16 (tol 1e-12) L=1024 B=1
PASS map-2-step: rel_l2=8.326e-16 (tol 3.0e-14)
PASS rel_l2=2.652e-16 rel_max=2.472e-16 (tol 1e-12) L=1024 B=1
PASS map-chain m=4000: rel_l2=4.218e-12 (anchor 0.000e+00, tol 1.0e-10)
PASS rel_l2=2.806e-16 rel_max=3.418e-16 (tol 1e-12) L=1024 B=1
PASS map-2-step: rel_l2=7.143e-16 (tol 3.0e-14)
PASS rel_l2=2.652e-16 rel_max=2.472e-16 (tol 1e-12) L=1024 B=1
PASS map-chain m=4000: rel_l2=4.218e-12 (anchor 0.000e+00, tol 1.0e-10)
PASS rel_l2=2.806e-16 rel_max=3.418e-16 (tol 1e-12) L=1024 B=1
PASS map-2-step: rel_l2=7.143e-16 (tol 3.0e-14)
PASS rel_l2=2.763e-16 rel_max=3.362e-16 (tol 1e-12) L=1024 B=1
PASS map-chain m=4000: rel_l2=6.654e-12 (anchor 0.000e+00, tol 1.0e-10)
PASS rel_l2=2.763e-16 rel_max=3.362e-16 (tol 1e-12) L=1024 B=1
PASS map-2-step: rel_l2=8.481e-16 (tol 3.0e-14)
PASS rel_l2=2.763e-16 rel_max=3.771e-16 (tol 1e-12) L=1024 B=512
PASS map-chain m=2000: rel_l2=8.751e-13 (anchor 0.000e+00, tol 1.0e-10)
PASS rel_l2=2.763e-16 rel_max=3.771e-16 (tol 1e-12) L=1024 B=512
PASS map-2-step: rel_l2=8.685e-16 (tol 3.0e-14)
PASS rel_l2=2.763e-16 rel_max=3.771e-16 (tol 1e-12) L=1024 B=512
PASS map-chain m=2000: rel_l2=8.582e-13 (anchor 0.000e+00, tol 1.0e-10)
PASS rel_l2=2.763e-16 rel_max=3.771e-16 (tol 1e-12) L=1024 B=512
PASS map-2-step: rel_l2=8.685e-16 (tol 3.0e-14)
PASS rel_l2=2.784e-16 rel_max=4.141e-16 (tol 1e-12) L=1024 B=512
PASS map-chain m=2000: rel_l2=8.291e-13 (anchor 0.000e+00, tol 1.0e-10)
PASS rel_l2=2.784e-16 rel_max=4.141e-16 (tol 1e-12) L=1024 B=512
PASS map-2-step: rel_l2=8.776e-16 (tol 3.0e-14)
PASS rel_l2=2.784e-16 rel_max=4.141e-16 (tol 1e-12) L=1024 B=512
PASS map-chain m=2000: rel_l2=8.291e-13 (anchor 0.000e+00, tol 1.0e-10)
PASS rel_l2=2.784e-16 rel_max=4.141e-16 (tol 1e-12) L=1024 B=512
PASS map-2-step: rel_l2=8.776e-16 (tol 3.0e-14)
PASS rel_l2=2.627e-16 rel_max=3.833e-16 (tol 1e-12) L=1024 B=512
PASS map-chain m=2000: rel_l2=7.278e-13 (anchor 0.000e+00, tol 1.0e-10)
PASS rel_l2=2.627e-16 rel_max=3.833e-16 (tol 1e-12) L=1024 B=512
PASS map-2-step: rel_l2=8.352e-16 (tol 3.0e-14)
PASS rel_l2=2.845e-16 rel_max=4.090e-16 (tol 1e-12) L=1024 B=512
PASS map-chain m=2000: rel_l2=9.190e-13 (anchor 0.000e+00, tol 1.0e-10)
PASS rel_l2=2.845e-16 rel_max=4.090e-16 (tol 1e-12) L=1024 B=512
PASS map-2-step: rel_l2=8.829e-16 (tol 3.0e-14)
PASS rel_l2=2.742e-16 rel_max=4.090e-16 (tol 1e-12) L=1024 B=512
PASS map-chain m=2000: rel_l2=7.595e-13 (anchor 0.000e+00, tol 1.0e-10)
PASS rel_l2=2.672e-16 rel_max=4.041e-16 (tol 1e-12) L=1024 B=512
PASS map-2-step: rel_l2=8.408e-16 (tol 3.0e-14)
PASS rel_l2=2.672e-16 rel_max=4.041e-16 (tol 1e-12) L=1024 B=512
PASS map-chain m=2000: rel_l2=8.382e-13 (anchor 0.000e+00, tol 1.0e-10)
PASS rel_l2=2.672e-16 rel_max=4.041e-16 (tol 1e-12) L=1024 B=512
PASS map-2-step: rel_l2=8.408e-16 (tol 3.0e-14)
PASS rel_l2=2.751e-16 rel_max=4.314e-16 (tol 1e-12) L=1024 B=512
PASS map-chain m=2000: rel_l2=6.619e-13 (anchor 0.000e+00, tol 1.0e-10)
PASS rel_l2=2.751e-16 rel_max=4.314e-16 (tol 1e-12) L=1024 B=512
PASS map-2-step: rel_l2=8.613e-16 (tol 3.0e-14)
PASS rel_l2=3.003e-16 rel_max=3.467e-16 (tol 1e-12) L=4096 B=1
PASS rel_l2=3.003e-16 rel_max=3.467e-16 (tol 1e-12) L=4096 B=1
PASS rel_l2=3.000e-16 rel_max=4.607e-16 (tol 1e-12) L=4096 B=1
PASS rel_l2=3.000e-16 rel_max=4.607e-16 (tol 1e-12) L=4096 B=1
PASS rel_l2=3.028e-16 rel_max=4.000e-16 (tol 1e-12) L=4096 B=1
PASS rel_l2=3.119e-16 rel_max=3.703e-16 (tol 1e-12) L=4096 B=1
PASS rel_l2=3.044e-16 rel_max=3.609e-16 (tol 1e-12) L=4096 B=1
PASS rel_l2=2.989e-16 rel_max=3.458e-16 (tol 1e-12) L=4096 B=1
PASS rel_l2=3.034e-16 rel_max=3.455e-16 (tol 1e-12) L=4096 B=1
PASS rel_l2=3.050e-16 rel_max=4.475e-16 (tol 1e-12) L=4096 B=256
PASS rel_l2=3.050e-16 rel_max=4.475e-16 (tol 1e-12) L=4096 B=256
PASS rel_l2=3.066e-16 rel_max=3.832e-16 (tol 1e-12) L=4096 B=256
PASS rel_l2=3.066e-16 rel_max=3.832e-16 (tol 1e-12) L=4096 B=256
PASS rel_l2=3.084e-16 rel_max=4.410e-16 (tol 1e-12) L=4096 B=256
PASS rel_l2=3.128e-16 rel_max=3.749e-16 (tol 1e-12) L=4096 B=256
PASS rel_l2=3.087e-16 rel_max=4.140e-16 (tol 1e-12) L=4096 B=256
PASS rel_l2=3.058e-16 rel_max=4.118e-16 (tol 1e-12) L=4096 B=256
PASS rel_l2=3.108e-16 rel_max=3.925e-16 (tol 1e-12) L=4096 B=256
PASS rel_l2=3.003e-16 rel_max=3.467e-16 (tol 1e-12) L=4096 B=1
PASS map-chain m=1000: rel_l2=7.947e-14 (anchor 0.000e+00, tol 1.0e-10)
PASS rel_l2=3.003e-16 rel_max=3.467e-16 (tol 1e-12) L=4096 B=1
PASS map-2-step: rel_l2=1.039e-15 (tol 3.0e-14)
PASS rel_l2=3.003e-16 rel_max=3.467e-16 (tol 1e-12) L=4096 B=1
PASS map-chain m=1000: rel_l2=7.143e-14 (anchor 0.000e+00, tol 1.0e-10)
PASS rel_l2=3.003e-16 rel_max=3.467e-16 (tol 1e-12) L=4096 B=1
PASS map-2-step: rel_l2=9.880e-16 (tol 3.0e-14)
PASS rel_l2=3.000e-16 rel_max=4.607e-16 (tol 1e-12) L=4096 B=1
PASS map-chain m=1000: rel_l2=8.525e-14 (anchor 0.000e+00, tol 1.0e-10)
PASS rel_l2=3.000e-16 rel_max=4.607e-16 (tol 1e-12) L=4096 B=1
PASS map-2-step: rel_l2=1.118e-15 (tol 3.0e-14)
PASS rel_l2=3.000e-16 rel_max=4.607e-16 (tol 1e-12) L=4096 B=1
PASS map-chain m=1000: rel_l2=8.525e-14 (anchor 0.000e+00, tol 1.0e-10)
PASS rel_l2=3.000e-16 rel_max=4.607e-16 (tol 1e-12) L=4096 B=1
PASS map-2-step: rel_l2=1.118e-15 (tol 3.0e-14)
PASS rel_l2=3.028e-16 rel_max=4.000e-16 (tol 1e-12) L=4096 B=1
PASS map-chain m=1000: rel_l2=9.527e-14 (anchor 0.000e+00, tol 1.0e-10)
PASS rel_l2=3.028e-16 rel_max=4.000e-16 (tol 1e-12) L=4096 B=1
PASS map-2-step: rel_l2=1.146e-15 (tol 3.0e-14)
PASS rel_l2=3.119e-16 rel_max=3.703e-16 (tol 1e-12) L=4096 B=1
PASS map-chain m=1000: rel_l2=8.403e-14 (anchor 0.000e+00, tol 1.0e-10)
PASS rel_l2=3.119e-16 rel_max=3.703e-16 (tol 1e-12) L=4096 B=1
PASS map-2-step: rel_l2=1.056e-15 (tol 3.0e-14)
PASS rel_l2=3.006e-16 rel_max=3.642e-16 (tol 1e-12) L=4096 B=1
PASS map-chain m=1000: rel_l2=7.878e-14 (anchor 0.000e+00, tol 1.0e-10)
PASS rel_l2=3.044e-16 rel_max=3.609e-16 (tol 1e-12) L=4096 B=1
PASS map-2-step: rel_l2=1.168e-15 (tol 3.0e-14)
PASS rel_l2=2.980e-16 rel_max=3.642e-16 (tol 1e-12) L=4096 B=1
PASS map-chain m=1000: rel_l2=8.030e-14 (anchor 0.000e+00, tol 1.0e-10)
PASS rel_l2=3.021e-16 rel_max=3.455e-16 (tol 1e-12) L=4096 B=1
PASS map-2-step: rel_l2=1.036e-15 (tol 3.0e-14)
PASS rel_l2=3.034e-16 rel_max=3.455e-16 (tol 1e-12) L=4096 B=1
PASS map-chain m=1000: rel_l2=6.171e-14 (anchor 0.000e+00, tol 1.0e-10)
PASS rel_l2=3.034e-16 rel_max=3.455e-16 (tol 1e-12) L=4096 B=1
PASS map-2-step: rel_l2=1.055e-15 (tol 3.0e-14)
PASS rel_l2=3.050e-16 rel_max=4.475e-16 (tol 1e-12) L=4096 B=256
PASS map-chain m=400: rel_l2=3.649e-14 (anchor 0.000e+00, tol 1.0e-10)
PASS rel_l2=3.050e-16 rel_max=4.475e-16 (tol 1e-12) L=4096 B=256
PASS map-2-step: rel_l2=1.101e-15 (tol 3.0e-14)
PASS rel_l2=3.050e-16 rel_max=4.475e-16 (tol 1e-12) L=4096 B=256
PASS map-chain m=400: rel_l2=3.580e-14 (anchor 0.000e+00, tol 1.0e-10)
PASS rel_l2=3.050e-16 rel_max=4.475e-16 (tol 1e-12) L=4096 B=256
PASS map-2-step: rel_l2=1.102e-15 (tol 3.0e-14)
PASS rel_l2=3.066e-16 rel_max=3.832e-16 (tol 1e-12) L=4096 B=256
PASS map-chain m=400: rel_l2=4.166e-14 (anchor 0.000e+00, tol 1.0e-10)
PASS rel_l2=3.066e-16 rel_max=3.832e-16 (tol 1e-12) L=4096 B=256
PASS map-2-step: rel_l2=1.129e-15 (tol 3.0e-14)
PASS rel_l2=3.066e-16 rel_max=3.832e-16 (tol 1e-12) L=4096 B=256
PASS map-chain m=400: rel_l2=4.166e-14 (anchor 0.000e+00, tol 1.0e-10)
PASS rel_l2=3.066e-16 rel_max=3.832e-16 (tol 1e-12) L=4096 B=256
PASS map-2-step: rel_l2=1.129e-15 (tol 3.0e-14)
PASS rel_l2=3.084e-16 rel_max=4.410e-16 (tol 1e-12) L=4096 B=256
PASS map-chain m=400: rel_l2=3.774e-14 (anchor 0.000e+00, tol 1.0e-10)
PASS rel_l2=3.084e-16 rel_max=4.410e-16 (tol 1e-12) L=4096 B=256
PASS map-2-step: rel_l2=1.128e-15 (tol 3.0e-14)
PASS rel_l2=3.128e-16 rel_max=3.749e-16 (tol 1e-12) L=4096 B=256
PASS map-chain m=400: rel_l2=3.707e-14 (anchor 0.000e+00, tol 1.0e-10)
PASS rel_l2=3.128e-16 rel_max=3.749e-16 (tol 1e-12) L=4096 B=256
PASS map-2-step: rel_l2=1.127e-15 (tol 3.0e-14)
PASS rel_l2=3.087e-16 rel_max=4.140e-16 (tol 1e-12) L=4096 B=256
PASS map-chain m=400: rel_l2=3.629e-14 (anchor 0.000e+00, tol 1.0e-10)
PASS rel_l2=3.019e-16 rel_max=3.749e-16 (tol 1e-12) L=4096 B=256
PASS map-2-step: rel_l2=1.104e-15 (tol 3.0e-14)
PASS rel_l2=3.102e-16 rel_max=3.925e-16 (tol 1e-12) L=4096 B=256
PASS map-chain m=400: rel_l2=3.672e-14 (anchor 0.000e+00, tol 1.0e-10)
PASS rel_l2=3.102e-16 rel_max=3.925e-16 (tol 1e-12) L=4096 B=256
PASS map-2-step: rel_l2=1.129e-15 (tol 3.0e-14)
PASS rel_l2=3.108e-16 rel_max=3.925e-16 (tol 1e-12) L=4096 B=256
PASS map-chain m=400: rel_l2=4.093e-14 (anchor 0.000e+00, tol 1.0e-10)
PASS rel_l2=3.108e-16 rel_max=3.925e-16 (tol 1e-12) L=4096 B=256
PASS map-2-step: rel_l2=1.134e-15 (tol 3.0e-14)
PASS rel_l2=3.384e-16 rel_max=3.694e-16 (tol 1e-12) L=16384 B=1
PASS rel_l2=3.384e-16 rel_max=3.694e-16 (tol 1e-12) L=16384 B=1
PASS rel_l2=3.401e-16 rel_max=4.009e-16 (tol 1e-12) L=16384 B=1
PASS rel_l2=3.401e-16 rel_max=4.009e-16 (tol 1e-12) L=16384 B=1
PASS rel_l2=3.419e-16 rel_max=3.729e-16 (tol 1e-12) L=16384 B=1
PASS rel_l2=3.493e-16 rel_max=3.694e-16 (tol 1e-12) L=16384 B=1
PASS rel_l2=3.436e-16 rel_max=3.953e-16 (tol 1e-12) L=16384 B=1
PASS rel_l2=3.381e-16 rel_max=4.098e-16 (tol 1e-12) L=16384 B=1
PASS rel_l2=3.340e-16 rel_max=4.377e-16 (tol 1e-12) L=16384 B=1
PASS rel_l2=3.384e-16 rel_max=4.141e-16 (tol 1e-12) L=16384 B=64
PASS rel_l2=3.384e-16 rel_max=4.141e-16 (tol 1e-12) L=16384 B=64
PASS rel_l2=3.412e-16 rel_max=4.176e-16 (tol 1e-12) L=16384 B=64
PASS rel_l2=3.412e-16 rel_max=4.176e-16 (tol 1e-12) L=16384 B=64
PASS rel_l2=3.438e-16 rel_max=4.176e-16 (tol 1e-12) L=16384 B=64
PASS rel_l2=3.500e-16 rel_max=4.095e-16 (tol 1e-12) L=16384 B=64
PASS rel_l2=3.442e-16 rel_max=4.115e-16 (tol 1e-12) L=16384 B=64
PASS rel_l2=3.481e-16 rel_max=4.410e-16 (tol 1e-12) L=16384 B=64
PASS rel_l2=3.356e-16 rel_max=4.176e-16 (tol 1e-12) L=16384 B=64
PASS rel_l2=3.384e-16 rel_max=3.694e-16 (tol 1e-12) L=16384 B=1
PASS map-chain m=250: rel_l2=3.281e-14 (anchor 0.000e+00, tol 1.0e-10)
PASS rel_l2=3.384e-16 rel_max=3.694e-16 (tol 1e-12) L=16384 B=1
PASS map-2-step: rel_l2=1.407e-15 (tol 3.0e-14)
PASS rel_l2=3.384e-16 rel_max=3.694e-16 (tol 1e-12) L=16384 B=1
PASS map-chain m=250: rel_l2=3.197e-14 (anchor 0.000e+00, tol 1.0e-10)
PASS rel_l2=3.384e-16 rel_max=3.694e-16 (tol 1e-12) L=16384 B=1
PASS map-2-step: rel_l2=1.468e-15 (tol 3.0e-14)
PASS rel_l2=3.401e-16 rel_max=4.009e-16 (tol 1e-12) L=16384 B=1
PASS map-chain m=250: rel_l2=2.236e-14 (anchor 0.000e+00, tol 1.0e-10)
PASS rel_l2=3.401e-16 rel_max=4.009e-16 (tol 1e-12) L=16384 B=1
PASS map-2-step: rel_l2=1.326e-15 (tol 3.0e-14)
PASS rel_l2=3.401e-16 rel_max=4.009e-16 (tol 1e-12) L=16384 B=1
PASS map-chain m=250: rel_l2=2.236e-14 (anchor 0.000e+00, tol 1.0e-10)
PASS rel_l2=3.401e-16 rel_max=4.009e-16 (tol 1e-12) L=16384 B=1
PASS map-2-step: rel_l2=1.326e-15 (tol 3.0e-14)
PASS rel_l2=3.419e-16 rel_max=3.729e-16 (tol 1e-12) L=16384 B=1
PASS map-chain m=250: rel_l2=2.521e-14 (anchor 0.000e+00, tol 1.0e-10)
PASS rel_l2=3.419e-16 rel_max=3.729e-16 (tol 1e-12) L=16384 B=1
PASS map-2-step: rel_l2=1.361e-15 (tol 3.0e-14)
PASS rel_l2=3.493e-16 rel_max=3.694e-16 (tol 1e-12) L=16384 B=1
PASS map-chain m=250: rel_l2=4.862e-14 (anchor 0.000e+00, tol 1.0e-10)
PASS rel_l2=3.493e-16 rel_max=3.694e-16 (tol 1e-12) L=16384 B=1
PASS map-2-step: rel_l2=1.482e-15 (tol 3.0e-14)
PASS rel_l2=3.436e-16 rel_max=3.953e-16 (tol 1e-12) L=16384 B=1
PASS map-chain m=250: rel_l2=2.231e-14 (anchor 0.000e+00, tol 1.0e-10)
PASS rel_l2=3.485e-16 rel_max=4.598e-16 (tol 1e-12) L=16384 B=1
PASS map-2-step: rel_l2=1.361e-15 (tol 3.0e-14)
PASS rel_l2=3.406e-16 rel_max=4.098e-16 (tol 1e-12) L=16384 B=1
PASS map-chain m=250: rel_l2=4.064e-14 (anchor 0.000e+00, tol 1.0e-10)
PASS rel_l2=3.424e-16 rel_max=3.622e-16 (tol 1e-12) L=16384 B=1
PASS map-2-step: rel_l2=1.249e-15 (tol 3.0e-14)
PASS rel_l2=3.340e-16 rel_max=4.377e-16 (tol 1e-12) L=16384 B=1
PASS map-chain m=250: rel_l2=2.781e-14 (anchor 0.000e+00, tol 1.0e-10)
PASS rel_l2=3.340e-16 rel_max=4.377e-16 (tol 1e-12) L=16384 B=1
PASS map-2-step: rel_l2=1.345e-15 (tol 3.0e-14)
PASS rel_l2=3.384e-16 rel_max=4.141e-16 (tol 1e-12) L=16384 B=64
PASS map-chain m=150: rel_l2=2.701e-14 (anchor 0.000e+00, tol 1.0e-10)
PASS rel_l2=3.384e-16 rel_max=4.141e-16 (tol 1e-12) L=16384 B=64
PASS map-2-step: rel_l2=1.458e-15 (tol 3.0e-14)
PASS rel_l2=3.384e-16 rel_max=4.141e-16 (tol 1e-12) L=16384 B=64
PASS map-chain m=150: rel_l2=2.597e-14 (anchor 0.000e+00, tol 1.0e-10)
PASS rel_l2=3.384e-16 rel_max=4.141e-16 (tol 1e-12) L=16384 B=64
PASS map-2-step: rel_l2=1.459e-15 (tol 3.0e-14)
PASS rel_l2=3.412e-16 rel_max=4.176e-16 (tol 1e-12) L=16384 B=64
PASS map-chain m=150: rel_l2=3.214e-14 (anchor 0.000e+00, tol 1.0e-10)
PASS rel_l2=3.412e-16 rel_max=4.176e-16 (tol 1e-12) L=16384 B=64
PASS map-2-step: rel_l2=1.487e-15 (tol 3.0e-14)
PASS rel_l2=3.412e-16 rel_max=4.176e-16 (tol 1e-12) L=16384 B=64
PASS map-chain m=150: rel_l2=3.214e-14 (anchor 0.000e+00, tol 1.0e-10)
PASS rel_l2=3.412e-16 rel_max=4.176e-16 (tol 1e-12) L=16384 B=64
PASS map-2-step: rel_l2=1.487e-15 (tol 3.0e-14)
PASS rel_l2=3.438e-16 rel_max=4.176e-16 (tol 1e-12) L=16384 B=64
PASS map-chain m=150: rel_l2=3.174e-14 (anchor 0.000e+00, tol 1.0e-10)
PASS rel_l2=3.438e-16 rel_max=4.176e-16 (tol 1e-12) L=16384 B=64
PASS map-2-step: rel_l2=1.469e-15 (tol 3.0e-14)
PASS rel_l2=3.500e-16 rel_max=4.095e-16 (tol 1e-12) L=16384 B=64
PASS map-chain m=150: rel_l2=2.174e-14 (anchor 0.000e+00, tol 1.0e-10)
PASS rel_l2=3.500e-16 rel_max=4.095e-16 (tol 1e-12) L=16384 B=64
PASS map-2-step: rel_l2=1.494e-15 (tol 3.0e-14)
PASS rel_l2=3.439e-16 rel_max=4.176e-16 (tol 1e-12) L=16384 B=64
PASS map-chain m=150: rel_l2=2.512e-14 (anchor 0.000e+00, tol 1.0e-10)
PASS rel_l2=3.439e-16 rel_max=4.176e-16 (tol 1e-12) L=16384 B=64
PASS map-2-step: rel_l2=1.487e-15 (tol 3.0e-14)
PASS rel_l2=3.456e-16 rel_max=4.096e-16 (tol 1e-12) L=16384 B=64
PASS map-chain m=150: rel_l2=2.259e-14 (anchor 0.000e+00, tol 1.0e-10)
PASS rel_l2=3.481e-16 rel_max=4.410e-16 (tol 1e-12) L=16384 B=64
PASS map-2-step: rel_l2=1.490e-15 (tol 3.0e-14)
PASS rel_l2=3.356e-16 rel_max=4.176e-16 (tol 1e-12) L=16384 B=64
PASS map-chain m=150: rel_l2=2.444e-14 (anchor 0.000e+00, tol 1.0e-10)
PASS rel_l2=3.356e-16 rel_max=4.176e-16 (tol 1e-12) L=16384 B=64
PASS map-2-step: rel_l2=1.433e-15 (tol 3.0e-14)
PASS rel_l2=1.173e-15 rel_max=1.531e-15 (tol 1e-12) L=1021 B=1
PASS rel_l2=5.765e-16 rel_max=5.695e-16 (tol 1e-12) L=1021 B=1
PASS rel_l2=6.314e-16 rel_max=6.708e-16 (tol 1e-12) L=1021 B=1
PASS rel_l2=9.907e-16 rel_max=9.712e-16 (tol 1e-12) L=1021 B=1
PASS rel_l2=9.907e-16 rel_max=9.712e-16 (tol 1e-12) L=1021 B=1
PASS rel_l2=5.780e-16 rel_max=6.344e-16 (tol 1e-12) L=1021 B=1
PASS rel_l2=5.650e-16 rel_max=6.642e-16 (tol 1e-12) L=1021 B=1
PASS rel_l2=5.650e-16 rel_max=6.642e-16 (tol 1e-12) L=1021 B=1
PASS rel_l2=5.743e-16 rel_max=5.623e-16 (tol 1e-12) L=1021 B=1
PASS rel_l2=5.775e-16 rel_max=6.096e-16 (tol 1e-12) L=1021 B=256
PASS rel_l2=6.278e-16 rel_max=7.493e-16 (tol 1e-12) L=1021 B=256
PASS rel_l2=9.924e-16 rel_max=1.026e-15 (tol 1e-12) L=1021 B=256
PASS rel_l2=9.924e-16 rel_max=1.026e-15 (tol 1e-12) L=1021 B=256
PASS rel_l2=5.785e-16 rel_max=6.201e-16 (tol 1e-12) L=1021 B=256
PASS rel_l2=5.712e-16 rel_max=5.903e-16 (tol 1e-12) L=1021 B=256
PASS rel_l2=5.712e-16 rel_max=5.903e-16 (tol 1e-12) L=1021 B=256
PASS rel_l2=5.726e-16 rel_max=6.358e-16 (tol 1e-12) L=1021 B=256
PASS rel_l2=1.173e-15 rel_max=1.531e-15 (tol 1e-12) L=1021 B=1
PASS map-chain m=2000: rel_l2=5.052e-13 (anchor 4.382e-13, tol 3.0e-10)
PASS rel_l2=1.173e-15 rel_max=1.531e-15 (tol 1e-12) L=1021 B=1
PASS map-2-step: rel_l2=2.557e-15 (tol 3.0e-14)
PASS rel_l2=5.765e-16 rel_max=5.695e-16 (tol 1e-12) L=1021 B=1
PASS map-chain m=2000: rel_l2=8.917e-13 (anchor 4.382e-13, tol 3.0e-10)
PASS rel_l2=5.765e-16 rel_max=5.695e-16 (tol 1e-12) L=1021 B=1
PASS map-2-step: rel_l2=1.814e-15 (tol 3.0e-14)
PASS rel_l2=6.314e-16 rel_max=6.708e-16 (tol 1e-12) L=1021 B=1
PASS map-chain m=2000: rel_l2=8.470e-13 (anchor 4.382e-13, tol 3.0e-10)
PASS rel_l2=6.314e-16 rel_max=6.708e-16 (tol 1e-12) L=1021 B=1
PASS map-2-step: rel_l2=1.708e-15 (tol 3.0e-14)
PASS rel_l2=9.907e-16 rel_max=9.712e-16 (tol 1e-12) L=1021 B=1
PASS map-chain m=2000: rel_l2=1.155e-12 (anchor 4.382e-13, tol 3.0e-10)
PASS rel_l2=9.907e-16 rel_max=9.712e-16 (tol 1e-12) L=1021 B=1
PASS map-2-step: rel_l2=2.933e-15 (tol 3.0e-14)
PASS rel_l2=9.907e-16 rel_max=9.712e-16 (tol 1e-12) L=1021 B=1
PASS map-chain m=2000: rel_l2=1.155e-12 (anchor 4.382e-13, tol 3.0e-10)
PASS rel_l2=9.907e-16 rel_max=9.712e-16 (tol 1e-12) L=1021 B=1
PASS map-2-step: rel_l2=2.933e-15 (tol 3.0e-14)
PASS rel_l2=5.780e-16 rel_max=6.344e-16 (tol 1e-12) L=1021 B=1
PASS map-chain m=2000: rel_l2=1.360e-12 (anchor 4.382e-13, tol 3.0e-10)
PASS rel_l2=5.780e-16 rel_max=6.344e-16 (tol 1e-12) L=1021 B=1
PASS map-2-step: rel_l2=1.964e-15 (tol 3.0e-14)
PASS rel_l2=5.573e-16 rel_max=6.591e-16 (tol 1e-12) L=1021 B=1
PASS map-chain m=2000: rel_l2=8.642e-13 (anchor 4.382e-13, tol 3.0e-10)
PASS rel_l2=5.573e-16 rel_max=6.591e-16 (tol 1e-12) L=1021 B=1
PASS map-2-step: rel_l2=1.849e-15 (tol 3.0e-14)
PASS rel_l2=5.650e-16 rel_max=6.642e-16 (tol 1e-12) L=1021 B=1
PASS map-chain m=2000: rel_l2=9.171e-13 (anchor 4.382e-13, tol 3.0e-10)
PASS rel_l2=5.650e-16 rel_max=6.642e-16 (tol 1e-12) L=1021 B=1
PASS map-2-step: rel_l2=1.769e-15 (tol 3.0e-14)
PASS rel_l2=5.743e-16 rel_max=5.623e-16 (tol 1e-12) L=1021 B=1
PASS map-chain m=2000: rel_l2=8.764e-13 (anchor 4.382e-13, tol 3.0e-10)
PASS rel_l2=5.743e-16 rel_max=5.623e-16 (tol 1e-12) L=1021 B=1
PASS map-2-step: rel_l2=1.781e-15 (tol 3.0e-14)
PASS rel_l2=5.775e-16 rel_max=6.096e-16 (tol 1e-12) L=1021 B=256
PASS map-chain m=400: rel_l2=1.053e-13 (anchor 8.640e-14, tol 1.0e-10)
PASS rel_l2=5.775e-16 rel_max=6.096e-16 (tol 1e-12) L=1021 B=256
PASS map-2-step: rel_l2=1.811e-15 (tol 3.0e-14)
PASS rel_l2=6.278e-16 rel_max=7.493e-16 (tol 1e-12) L=1021 B=256
PASS map-chain m=400: rel_l2=1.373e-13 (anchor 8.640e-14, tol 1.0e-10)
PASS rel_l2=6.278e-16 rel_max=7.493e-16 (tol 1e-12) L=1021 B=256
PASS map-2-step: rel_l2=1.848e-15 (tol 3.0e-14)
PASS rel_l2=9.924e-16 rel_max=1.026e-15 (tol 1e-12) L=1021 B=256
PASS map-chain m=400: rel_l2=2.290e-13 (anchor 8.640e-14, tol 1.0e-10)
PASS rel_l2=9.924e-16 rel_max=1.026e-15 (tol 1e-12) L=1021 B=256
PASS map-2-step: rel_l2=3.066e-15 (tol 3.0e-14)
PASS rel_l2=9.924e-16 rel_max=1.026e-15 (tol 1e-12) L=1021 B=256
PASS map-chain m=400: rel_l2=2.290e-13 (anchor 8.640e-14, tol 1.0e-10)
PASS rel_l2=9.924e-16 rel_max=1.026e-15 (tol 1e-12) L=1021 B=256
PASS map-2-step: rel_l2=3.066e-15 (tol 3.0e-14)
PASS rel_l2=5.785e-16 rel_max=6.201e-16 (tol 1e-12) L=1021 B=256
PASS map-chain m=400: rel_l2=1.209e-13 (anchor 8.640e-14, tol 1.0e-10)
PASS rel_l2=5.785e-16 rel_max=6.201e-16 (tol 1e-12) L=1021 B=256
PASS map-2-step: rel_l2=1.836e-15 (tol 3.0e-14)
PASS rel_l2=5.643e-16 rel_max=6.596e-16 (tol 1e-12) L=1021 B=256
PASS map-chain m=400: rel_l2=1.195e-13 (anchor 8.640e-14, tol 1.0e-10)
PASS rel_l2=5.643e-16 rel_max=6.596e-16 (tol 1e-12) L=1021 B=256
PASS map-2-step: rel_l2=1.785e-15 (tol 3.0e-14)
PASS rel_l2=5.712e-16 rel_max=5.903e-16 (tol 1e-12) L=1021 B=256
PASS map-chain m=400: rel_l2=1.112e-13 (anchor 8.640e-14, tol 1.0e-10)
PASS rel_l2=5.712e-16 rel_max=5.903e-16 (tol 1e-12) L=1021 B=256
PASS map-2-step: rel_l2=1.823e-15 (tol 3.0e-14)
PASS rel_l2=5.726e-16 rel_max=6.358e-16 (tol 1e-12) L=1021 B=256
PASS map-chain m=400: rel_l2=1.115e-13 (anchor 8.640e-14, tol 1.0e-10)
PASS rel_l2=5.726e-16 rel_max=6.358e-16 (tol 1e-12) L=1021 B=256
PASS map-2-step: rel_l2=1.836e-15 (tol 3.0e-14)
PASS rel_l2=7.093e-16 rel_max=8.080e-16 (tol 1e-12) L=10007 B=1
PASS rel_l2=7.093e-16 rel_max=8.080e-16 (tol 1e-12) L=10007 B=1
PASS rel_l2=7.093e-16 rel_max=8.080e-16 (tol 1e-12) L=10007 B=1
PASS rel_l2=8.520e-16 rel_max=8.432e-16 (tol 1e-12) L=10007 B=1
PASS rel_l2=8.068e-16 rel_max=8.989e-16 (tol 1e-12) L=10007 B=1
PASS rel_l2=8.068e-16 rel_max=8.989e-16 (tol 1e-12) L=10007 B=1
PASS rel_l2=6.802e-16 rel_max=7.047e-16 (tol 1e-12) L=10007 B=1
PASS rel_l2=7.116e-16 rel_max=6.848e-16 (tol 1e-12) L=10007 B=64
PASS rel_l2=7.116e-16 rel_max=6.848e-16 (tol 1e-12) L=10007 B=64
PASS rel_l2=7.116e-16 rel_max=6.848e-16 (tol 1e-12) L=10007 B=64
PASS rel_l2=8.483e-16 rel_max=8.927e-16 (tol 1e-12) L=10007 B=64
PASS rel_l2=8.009e-16 rel_max=7.735e-16 (tol 1e-12) L=10007 B=64
PASS rel_l2=8.041e-16 rel_max=7.751e-16 (tol 1e-12) L=10007 B=64
PASS rel_l2=6.749e-16 rel_max=6.313e-16 (tol 1e-12) L=10007 B=64
PASS rel_l2=7.093e-16 rel_max=8.080e-16 (tol 1e-12) L=10007 B=1
PASS map-chain m=400: rel_l2=1.043e-13 (anchor 5.868e-14, tol 1.0e-10)
PASS rel_l2=7.093e-16 rel_max=8.080e-16 (tol 1e-12) L=10007 B=1
PASS map-2-step: rel_l2=2.952e-15 (tol 3.0e-14)
PASS rel_l2=7.093e-16 rel_max=8.080e-16 (tol 1e-12) L=10007 B=1
PASS map-chain m=400: rel_l2=1.043e-13 (anchor 5.868e-14, tol 1.0e-10)
PASS rel_l2=7.093e-16 rel_max=8.080e-16 (tol 1e-12) L=10007 B=1
PASS map-2-step: rel_l2=2.952e-15 (tol 3.0e-14)
PASS rel_l2=7.093e-16 rel_max=8.080e-16 (tol 1e-12) L=10007 B=1
PASS map-chain m=400: rel_l2=1.043e-13 (anchor 5.868e-14, tol 1.0e-10)
PASS rel_l2=7.093e-16 rel_max=8.080e-16 (tol 1e-12) L=10007 B=1
PASS map-2-step: rel_l2=2.952e-15 (tol 3.0e-14)
PASS rel_l2=8.520e-16 rel_max=8.432e-16 (tol 1e-12) L=10007 B=1
PASS map-chain m=400: rel_l2=9.143e-14 (anchor 5.868e-14, tol 1.0e-10)
PASS rel_l2=8.520e-16 rel_max=8.432e-16 (tol 1e-12) L=10007 B=1
PASS map-2-step: rel_l2=3.209e-15 (tol 3.0e-14)
PASS rel_l2=8.068e-16 rel_max=8.989e-16 (tol 1e-12) L=10007 B=1
PASS map-chain m=400: rel_l2=1.002e-13 (anchor 5.868e-14, tol 1.0e-10)
PASS rel_l2=8.068e-16 rel_max=8.989e-16 (tol 1e-12) L=10007 B=1
PASS map-2-step: rel_l2=3.127e-15 (tol 3.0e-14)
PASS rel_l2=8.068e-16 rel_max=8.989e-16 (tol 1e-12) L=10007 B=1
PASS map-chain m=400: rel_l2=1.002e-13 (anchor 5.868e-14, tol 1.0e-10)
PASS rel_l2=8.068e-16 rel_max=8.989e-16 (tol 1e-12) L=10007 B=1
PASS map-2-step: rel_l2=3.127e-15 (tol 3.0e-14)
PASS rel_l2=6.802e-16 rel_max=7.047e-16 (tol 1e-12) L=10007 B=1
PASS map-chain m=400: rel_l2=8.858e-14 (anchor 5.868e-14, tol 1.0e-10)
PASS rel_l2=6.802e-16 rel_max=7.047e-16 (tol 1e-12) L=10007 B=1
PASS map-2-step: rel_l2=2.962e-15 (tol 3.0e-14)
PASS rel_l2=7.116e-16 rel_max=6.848e-16 (tol 1e-12) L=10007 B=64
PASS map-chain m=80: rel_l2=3.927e-14 (anchor 2.846e-14, tol 1.0e-10)
PASS rel_l2=7.116e-16 rel_max=6.848e-16 (tol 1e-12) L=10007 B=64
PASS map-2-step: rel_l2=2.862e-15 (tol 3.0e-14)
PASS rel_l2=7.116e-16 rel_max=6.848e-16 (tol 1e-12) L=10007 B=64
PASS map-chain m=80: rel_l2=3.927e-14 (anchor 2.846e-14, tol 1.0e-10)
PASS rel_l2=7.116e-16 rel_max=6.848e-16 (tol 1e-12) L=10007 B=64
PASS map-2-step: rel_l2=2.862e-15 (tol 3.0e-14)
PASS rel_l2=7.116e-16 rel_max=6.848e-16 (tol 1e-12) L=10007 B=64
PASS map-chain m=80: rel_l2=3.927e-14 (anchor 2.846e-14, tol 1.0e-10)
PASS rel_l2=7.116e-16 rel_max=6.848e-16 (tol 1e-12) L=10007 B=64
PASS map-2-step: rel_l2=2.862e-15 (tol 3.0e-14)
PASS rel_l2=8.483e-16 rel_max=8.927e-16 (tol 1e-12) L=10007 B=64
PASS map-chain m=80: rel_l2=4.118e-14 (anchor 2.846e-14, tol 1.0e-10)
PASS rel_l2=8.483e-16 rel_max=8.927e-16 (tol 1e-12) L=10007 B=64
PASS map-2-step: rel_l2=3.138e-15 (tol 3.0e-14)
PASS rel_l2=8.147e-16 rel_max=8.301e-16 (tol 1e-12) L=10007 B=64
PASS map-chain m=80: rel_l2=5.041e-14 (anchor 2.846e-14, tol 1.0e-10)
PASS rel_l2=8.009e-16 rel_max=7.735e-16 (tol 1e-12) L=10007 B=64
PASS map-2-step: rel_l2=3.068e-15 (tol 3.0e-14)
PASS rel_l2=8.009e-16 rel_max=7.735e-16 (tol 1e-12) L=10007 B=64
PASS map-chain m=80: rel_l2=3.486e-14 (anchor 2.846e-14, tol 1.0e-10)
PASS rel_l2=8.009e-16 rel_max=7.735e-16 (tol 1e-12) L=10007 B=64
PASS map-2-step: rel_l2=3.068e-15 (tol 3.0e-14)
PASS rel_l2=6.749e-16 rel_max=6.313e-16 (tol 1e-12) L=10007 B=64
PASS map-chain m=80: rel_l2=3.411e-14 (anchor 2.846e-14, tol 1.0e-10)
PASS rel_l2=6.749e-16 rel_max=6.313e-16 (tol 1e-12) L=10007 B=64
PASS map-2-step: rel_l2=2.727e-15 (tol 3.0e-14)
PASS rel_l2=1.104e-15 rel_max=1.072e-15 (tol 1e-12) L=65537 B=1
PASS rel_l2=1.250e-15 rel_max=1.171e-15 (tol 1e-12) L=65537 B=1
PASS rel_l2=1.292e-15 rel_max=1.211e-15 (tol 1e-12) L=65537 B=1
PASS rel_l2=1.292e-15 rel_max=1.211e-15 (tol 1e-12) L=65537 B=1
PASS rel_l2=1.209e-15 rel_max=1.343e-15 (tol 1e-12) L=65537 B=1
PASS rel_l2=1.214e-15 rel_max=1.244e-15 (tol 1e-12) L=65537 B=1
PASS rel_l2=1.207e-15 rel_max=1.129e-15 (tol 1e-12) L=65537 B=1
PASS rel_l2=1.024e-15 rel_max=1.037e-15 (tol 1e-12) L=65537 B=1
PASS rel_l2=1.103e-15 rel_max=1.200e-15 (tol 1e-12) L=65537 B=16
PASS rel_l2=1.248e-15 rel_max=1.441e-15 (tol 1e-12) L=65537 B=16
PASS rel_l2=1.291e-15 rel_max=1.462e-15 (tol 1e-12) L=65537 B=16
PASS rel_l2=1.291e-15 rel_max=1.462e-15 (tol 1e-12) L=65537 B=16
PASS rel_l2=1.203e-15 rel_max=1.424e-15 (tol 1e-12) L=65537 B=16
PASS rel_l2=1.212e-15 rel_max=1.416e-15 (tol 1e-12) L=65537 B=16
PASS rel_l2=1.204e-15 rel_max=1.345e-15 (tol 1e-12) L=65537 B=16
PASS rel_l2=1.021e-15 rel_max=1.251e-15 (tol 1e-12) L=65537 B=16
PASS rel_l2=1.104e-15 rel_max=1.072e-15 (tol 1e-12) L=65537 B=1
PASS map-chain m=60: rel_l2=3.939e-14 (anchor 3.540e-14, tol 1.0e-10)
PASS rel_l2=1.104e-15 rel_max=1.072e-15 (tol 1e-12) L=65537 B=1
PASS map-2-step: rel_l2=3.946e-15 (tol 3.0e-14)
PASS rel_l2=1.250e-15 rel_max=1.171e-15 (tol 1e-12) L=65537 B=1
PASS map-chain m=60: rel_l2=3.736e-14 (anchor 3.540e-14, tol 1.0e-10)
PASS rel_l2=1.250e-15 rel_max=1.171e-15 (tol 1e-12) L=65537 B=1
PASS map-2-step: rel_l2=3.823e-15 (tol 3.0e-14)
PASS rel_l2=1.292e-15 rel_max=1.211e-15 (tol 1e-12) L=65537 B=1
PASS map-chain m=60: rel_l2=5.781e-14 (anchor 3.540e-14, tol 1.0e-10)
PASS rel_l2=1.292e-15 rel_max=1.211e-15 (tol 1e-12) L=65537 B=1
PASS map-2-step: rel_l2=4.742e-15 (tol 3.0e-14)
PASS rel_l2=1.292e-15 rel_max=1.211e-15 (tol 1e-12) L=65537 B=1
PASS map-chain m=60: rel_l2=5.781e-14 (anchor 3.540e-14, tol 1.0e-10)
PASS rel_l2=1.292e-15 rel_max=1.211e-15 (tol 1e-12) L=65537 B=1
PASS map-2-step: rel_l2=4.742e-15 (tol 3.0e-14)
PASS rel_l2=1.209e-15 rel_max=1.343e-15 (tol 1e-12) L=65537 B=1
PASS map-chain m=60: rel_l2=4.159e-14 (anchor 3.540e-14, tol 1.0e-10)
PASS rel_l2=1.209e-15 rel_max=1.343e-15 (tol 1e-12) L=65537 B=1
PASS map-2-step: rel_l2=4.203e-15 (tol 3.0e-14)
PASS rel_l2=1.210e-15 rel_max=1.183e-15 (tol 1e-12) L=65537 B=1
PASS map-chain m=60: rel_l2=4.005e-14 (anchor 3.540e-14, tol 1.0e-10)
PASS rel_l2=1.214e-15 rel_max=1.244e-15 (tol 1e-12) L=65537 B=1
PASS map-2-step: rel_l2=4.030e-15 (tol 3.0e-14)
PASS rel_l2=1.210e-15 rel_max=1.183e-15 (tol 1e-12) L=65537 B=1
PASS map-chain m=60: rel_l2=4.005e-14 (anchor 3.540e-14, tol 1.0e-10)
PASS rel_l2=1.207e-15 rel_max=1.129e-15 (tol 1e-12) L=65537 B=1
PASS map-2-step: rel_l2=4.030e-15 (tol 3.0e-14)
PASS rel_l2=1.024e-15 rel_max=1.037e-15 (tol 1e-12) L=65537 B=1
PASS map-chain m=60: rel_l2=4.568e-14 (anchor 3.540e-14, tol 1.0e-10)
PASS rel_l2=1.024e-15 rel_max=1.037e-15 (tol 1e-12) L=65537 B=1
PASS map-2-step: rel_l2=3.935e-15 (tol 3.0e-14)
PASS rel_l2=1.103e-15 rel_max=1.200e-15 (tol 1e-12) L=65537 B=16
PASS map-chain m=20: rel_l2=3.404e-14 (anchor 3.010e-14, tol 1.0e-10)
PASS rel_l2=1.103e-15 rel_max=1.200e-15 (tol 1e-12) L=65537 B=16
PASS map-2-step: rel_l2=4.170e-15 (tol 3.0e-14)
PASS rel_l2=1.248e-15 rel_max=1.441e-15 (tol 1e-12) L=65537 B=16
PASS map-chain m=20: rel_l2=1.978e-14 (anchor 3.010e-14, tol 1.0e-10)
PASS rel_l2=1.248e-15 rel_max=1.441e-15 (tol 1e-12) L=65537 B=16
PASS map-2-step: rel_l2=4.109e-15 (tol 3.0e-14)
PASS rel_l2=1.291e-15 rel_max=1.462e-15 (tol 1e-12) L=65537 B=16
PASS map-chain m=20: rel_l2=6.628e-14 (anchor 3.010e-14, tol 1.0e-10)
PASS rel_l2=1.291e-15 rel_max=1.462e-15 (tol 1e-12) L=65537 B=16
PASS map-2-step: rel_l2=4.578e-15 (tol 3.0e-14)
PASS rel_l2=1.291e-15 rel_max=1.462e-15 (tol 1e-12) L=65537 B=16
PASS map-chain m=20: rel_l2=6.628e-14 (anchor 3.010e-14, tol 1.0e-10)
PASS rel_l2=1.291e-15 rel_max=1.462e-15 (tol 1e-12) L=65537 B=16
PASS map-2-step: rel_l2=4.578e-15 (tol 3.0e-14)
PASS rel_l2=1.203e-15 rel_max=1.424e-15 (tol 1e-12) L=65537 B=16
PASS map-chain m=20: rel_l2=2.659e-14 (anchor 3.010e-14, tol 1.0e-10)
PASS rel_l2=1.203e-15 rel_max=1.424e-15 (tol 1e-12) L=65537 B=16
PASS map-2-step: rel_l2=4.170e-15 (tol 3.0e-14)
PASS rel_l2=1.212e-15 rel_max=1.416e-15 (tol 1e-12) L=65537 B=16
PASS map-chain m=20: rel_l2=2.781e-14 (anchor 3.010e-14, tol 1.0e-10)
PASS rel_l2=1.211e-15 rel_max=1.345e-15 (tol 1e-12) L=65537 B=16
PASS map-2-step: rel_l2=4.164e-15 (tol 3.0e-14)
PASS rel_l2=1.212e-15 rel_max=1.416e-15 (tol 1e-12) L=65537 B=16
PASS map-chain m=20: rel_l2=2.781e-14 (anchor 3.010e-14, tol 1.0e-10)
PASS rel_l2=1.212e-15 rel_max=1.416e-15 (tol 1e-12) L=65537 B=16
PASS map-2-step: rel_l2=4.139e-15 (tol 3.0e-14)
PASS rel_l2=1.021e-15 rel_max=1.251e-15 (tol 1e-12) L=65537 B=16
PASS map-chain m=20: rel_l2=3.685e-14 (anchor 3.010e-14, tol 1.0e-10)
PASS rel_l2=1.021e-15 rel_max=1.251e-15 (tol 1e-12) L=65537 B=16
PASS map-2-step: rel_l2=3.760e-15 (tol 3.0e-14)
PASS rel_l2=1.054e-15 rel_max=1.136e-15 (tol 1e-12) L=100003 B=1
PASS rel_l2=1.014e-15 rel_max=1.082e-15 (tol 1e-12) L=100003 B=1
PASS rel_l2=1.054e-15 rel_max=1.136e-15 (tol 1e-12) L=100003 B=1
PASS rel_l2=9.136e-16 rel_max=9.822e-16 (tol 1e-12) L=100003 B=1
PASS rel_l2=9.043e-16 rel_max=1.059e-15 (tol 1e-12) L=100003 B=1
PASS rel_l2=9.048e-16 rel_max=1.091e-15 (tol 1e-12) L=100003 B=1
PASS rel_l2=8.836e-16 rel_max=8.974e-16 (tol 1e-12) L=100003 B=1
PASS rel_l2=1.050e-15 rel_max=1.340e-15 (tol 1e-12) L=100003 B=8
PASS rel_l2=1.012e-15 rel_max=1.157e-15 (tol 1e-12) L=100003 B=8
PASS rel_l2=1.050e-15 rel_max=1.340e-15 (tol 1e-12) L=100003 B=8
PASS rel_l2=9.124e-16 rel_max=1.007e-15 (tol 1e-12) L=100003 B=8
PASS rel_l2=9.129e-16 rel_max=1.025e-15 (tol 1e-12) L=100003 B=8
PASS rel_l2=9.034e-16 rel_max=1.005e-15 (tol 1e-12) L=100003 B=8
PASS rel_l2=8.819e-16 rel_max=9.415e-16 (tol 1e-12) L=100003 B=8
PASS rel_l2=1.054e-15 rel_max=1.136e-15 (tol 1e-12) L=100003 B=1
PASS map-chain m=40: rel_l2=2.047e-14 (anchor 1.976e-14, tol 1.0e-10)
PASS rel_l2=1.054e-15 rel_max=1.136e-15 (tol 1e-12) L=100003 B=1
PASS map-2-step: rel_l2=3.987e-15 (tol 3.0e-14)
PASS rel_l2=1.014e-15 rel_max=1.082e-15 (tol 1e-12) L=100003 B=1
PASS map-chain m=40: rel_l2=2.274e-14 (anchor 1.976e-14, tol 1.0e-10)
PASS rel_l2=1.014e-15 rel_max=1.082e-15 (tol 1e-12) L=100003 B=1
PASS map-2-step: rel_l2=4.283e-15 (tol 3.0e-14)
PASS rel_l2=1.054e-15 rel_max=1.136e-15 (tol 1e-12) L=100003 B=1
PASS map-chain m=40: rel_l2=2.047e-14 (anchor 1.976e-14, tol 1.0e-10)
PASS rel_l2=1.054e-15 rel_max=1.136e-15 (tol 1e-12) L=100003 B=1
PASS map-2-step: rel_l2=3.987e-15 (tol 3.0e-14)
PASS rel_l2=9.136e-16 rel_max=9.822e-16 (tol 1e-12) L=100003 B=1
PASS map-chain m=40: rel_l2=2.528e-14 (anchor 1.976e-14, tol 1.0e-10)
PASS rel_l2=9.136e-16 rel_max=9.822e-16 (tol 1e-12) L=100003 B=1
PASS map-2-step: rel_l2=4.357e-15 (tol 3.0e-14)
PASS rel_l2=9.074e-16 rel_max=9.944e-16 (tol 1e-12) L=100003 B=1
PASS map-chain m=40: rel_l2=2.398e-14 (anchor 1.976e-14, tol 1.0e-10)
PASS rel_l2=9.048e-16 rel_max=1.091e-15 (tol 1e-12) L=100003 B=1
PASS map-2-step: rel_l2=3.957e-15 (tol 3.0e-14)
PASS rel_l2=9.043e-16 rel_max=1.059e-15 (tol 1e-12) L=100003 B=1
PASS map-chain m=40: rel_l2=2.568e-14 (anchor 1.976e-14, tol 1.0e-10)
PASS rel_l2=9.043e-16 rel_max=1.059e-15 (tol 1e-12) L=100003 B=1
PASS map-2-step: rel_l2=4.146e-15 (tol 3.0e-14)
PASS rel_l2=8.836e-16 rel_max=8.974e-16 (tol 1e-12) L=100003 B=1
PASS map-chain m=40: rel_l2=2.049e-14 (anchor 1.976e-14, tol 1.0e-10)
PASS rel_l2=8.836e-16 rel_max=8.974e-16 (tol 1e-12) L=100003 B=1
PASS map-2-step: rel_l2=3.798e-15 (tol 3.0e-14)
PASS rel_l2=1.050e-15 rel_max=1.340e-15 (tol 1e-12) L=100003 B=8
PASS map-chain m=15: rel_l2=1.887e-14 (anchor 1.395e-14, tol 1.0e-10)
PASS rel_l2=1.050e-15 rel_max=1.340e-15 (tol 1e-12) L=100003 B=8
PASS map-2-step: rel_l2=4.135e-15 (tol 3.0e-14)
PASS rel_l2=1.012e-15 rel_max=1.157e-15 (tol 1e-12) L=100003 B=8
PASS map-chain m=15: rel_l2=1.374e-14 (anchor 1.395e-14, tol 1.0e-10)
PASS rel_l2=1.012e-15 rel_max=1.157e-15 (tol 1e-12) L=100003 B=8
PASS map-2-step: rel_l2=4.343e-15 (tol 3.0e-14)
PASS rel_l2=1.050e-15 rel_max=1.340e-15 (tol 1e-12) L=100003 B=8
PASS map-chain m=15: rel_l2=1.887e-14 (anchor 1.395e-14, tol 1.0e-10)
PASS rel_l2=1.050e-15 rel_max=1.340e-15 (tol 1e-12) L=100003 B=8
PASS map-2-step: rel_l2=4.135e-15 (tol 3.0e-14)
PASS rel_l2=9.124e-16 rel_max=1.007e-15 (tol 1e-12) L=100003 B=8
PASS map-chain m=15: rel_l2=2.989e-14 (anchor 1.395e-14, tol 1.0e-10)
PASS rel_l2=9.124e-16 rel_max=1.007e-15 (tol 1e-12) L=100003 B=8
PASS map-2-step: rel_l2=4.477e-15 (tol 3.0e-14)
PASS rel_l2=9.032e-16 rel_max=1.179e-15 (tol 1e-12) L=100003 B=8
PASS map-chain m=15: rel_l2=2.163e-14 (anchor 1.395e-14, tol 1.0e-10)
PASS rel_l2=9.032e-16 rel_max=1.179e-15 (tol 1e-12) L=100003 B=8
PASS map-2-step: rel_l2=4.430e-15 (tol 3.0e-14)
PASS rel_l2=9.038e-16 rel_max=1.040e-15 (tol 1e-12) L=100003 B=8
PASS map-chain m=15: rel_l2=2.855e-14 (anchor 1.395e-14, tol 1.0e-10)
PASS rel_l2=9.038e-16 rel_max=1.040e-15 (tol 1e-12) L=100003 B=8
PASS map-2-step: rel_l2=4.371e-15 (tol 3.0e-14)
PASS rel_l2=8.819e-16 rel_max=9.415e-16 (tol 1e-12) L=100003 B=8
PASS map-chain m=15: rel_l2=3.970e-14 (anchor 1.395e-14, tol 1.0e-10)
PASS rel_l2=8.819e-16 rel_max=9.415e-16 (tol 1e-12) L=100003 B=8
PASS map-2-step: rel_l2=4.254e-15 (tol 3.0e-14)
